cc1plus: warning: /opt/ros/humble/include/moveit_butterworth_filter_export.h: not a directory
cc1plus: warning: /opt/ros/humble/include/moveit_butterworth_filter_export.h: not a directory
cc1plus: warning: /opt/ros/humble/include/moveit_butterworth_filter_export.h: not a directory
cc1plus: warning: /opt/ros/humble/include/moveit_butterworth_filter_export.h: not a directory
cc1plus: warning: /opt/ros/humble/include/moveit_butterworth_filter_export.h: not a directory
cc1plus: warning: /opt/ros/humble/include/moveit_collision_detection_bullet_export.h: not a directory
cc1plus: warning: /opt/ros/humble/include/moveit_collision_detection_bullet_export.h: not a directory
cc1plus: warning: /opt/ros/humble/include/moveit_collision_detection_bullet_export.h: not a directory
cc1plus: warning: /opt/ros/humble/include/moveit_collision_detection_bullet_export.h: not a directory
cc1plus: warning: /opt/ros/humble/include/moveit_collision_detection_bullet_export.h: not a directory
cc1plus: warning: /opt/ros/humble/include/moveit_collision_detection_export.h: not a directory
cc1plus: warning: /opt/ros/humble/include/moveit_collision_detection_export.h: not a directory
cc1plus: warning: /opt/ros/humble/include/moveit_collision_detection_export.h: not a directory
cc1plus: warning: /opt/ros/humble/include/moveit_collision_detection_fcl_export.h: not a directory
cc1plus: warning: /opt/ros/humble/include/moveit_collision_detection_export.h: not a directory
cc1plus: warning: /opt/ros/humble/include/moveit_collision_detection_export.h: not a directory
cc1plus: warning: /opt/ros/humble/include/moveit_collision_detection_fcl_export.h: not a directory
cc1plus: warning: /opt/ros/humble/include/moveit_collision_detection_fcl_export.h: not a directory
cc1plus: warning: /opt/ros/humble/include/moveit_collision_detection_fcl_export.h: not a directory
cc1plus: warning: /opt/ros/humble/include/moveit_collision_detection_fcl_export.h: not a directory
cc1plus: warning: /opt/ros/humble/include/moveit_collision_distance_field_export.h: not a directory
cc1plus: warning: /opt/ros/humble/include/moveit_collision_distance_field_export.h: not a directory
cc1plus: warning: /opt/ros/humble/include/moveit_collision_distance_field_export.h: not a directory
cc1plus: warning: /opt/ros/humble/include/moveit_collision_distance_field_export.h: not a directory
cc1plus: warning: /opt/ros/humble/include/moveit_collision_distance_field_export.h: not a directory
cc1plus: warning: /opt/ros/humble/include/moveit_kinematics_base_export.h: not a directory
cc1plus: warning: /opt/ros/humble/include/moveit_kinematics_base_export.h: not a directory
cc1plus: warning: /opt/ros/humble/include/moveit_kinematics_base_export.h: not a directory
cc1plus: warning: /opt/ros/humble/include/moveit_kinematics_base_export.h: not a directory
cc1plus: warning: /opt/ros/humble/include/moveit_kinematics_base_export.h: not a directory
cc1plus: warning: /opt/ros/humble/include/moveit_move_group_interface_export.h: not a directory
cc1plus: warning: /opt/ros/humble/include/moveit_move_group_interface_export.h: not a directory
cc1plus: warning: /opt/ros/humble/include/moveit_move_group_interface_export.h: not a directory
cc1plus: warning: /opt/ros/humble/include/moveit_move_group_interface_export.h: not a directory
cc1plus: warning: /opt/ros/humble/include/moveit_move_group_interface_export.h: not a directory
cc1plus: warning: /opt/ros/humble/include/moveit_butterworth_filter_export.h: not a directory
cc1plus: warning: /opt/ros/humble/include/moveit_collision_detection_bullet_export.h: not a directory
cc1plus: warning: /opt/ros/humble/include/moveit_collision_detection_export.h: not a directory
cc1plus: warning: /opt/ros/humble/include/moveit_collision_detection_fcl_export.h: not a directory
cc1plus: warning: /opt/ros/humble/include/moveit_collision_distance_field_export.h: not a directory
cc1plus: warning: /opt/ros/humble/include/moveit_kinematics_base_export.h: not a directory
cc1plus: warning: /opt/ros/humble/include/moveit_move_group_interface_export.h: not a directory
cc1plus: warning: /opt/ros/humble/include/moveit_planning_pipeline_export.h: not a directory
cc1plus: warning: /opt/ros/humble/include/moveit_planning_pipeline_export.h: not a directory
cc1plus: warning: /opt/ros/humble/include/moveit_planning_pipeline_export.h: not a directory
cc1plus: warning: /opt/ros/humble/include/moveit_planning_pipeline_export.h: not a directory
cc1plus: warning: /opt/ros/humble/include/moveit_planning_scene_export.h: not a directory
cc1plus: warning: /opt/ros/humble/include/moveit_planning_pipeline_export.h: not a directory
cc1plus: warning: /opt/ros/humble/include/moveit_planning_scene_export.h: not a directory
cc1plus: warning: /opt/ros/humble/include/moveit_planning_scene_export.h: not a directory
cc1plus: warning: /opt/ros/humble/include/moveit_planning_pipeline_export.h: not a directory
cc1plus: warning: /opt/ros/humble/include/moveit_planning_scene_export.h: not a directory
cc1plus: warning: /opt/ros/humble/include/moveit_planning_scene_monitor_export.h: not a directory
cc1plus: warning: /opt/ros/humble/include/moveit_planning_scene_monitor_export.h: not a directory
cc1plus: warning: /opt/ros/humble/include/moveit_planning_scene_monitor_export.h: not a directory
cc1plus: warning: /opt/ros/humble/include/moveit_planning_scene_monitor_export.h: not a directory
cc1plus: warning: /opt/ros/humble/include/moveit_planning_scene_export.h: not a directory
cc1plus: warning: /opt/ros/humble/include/moveit_smoothing_base_export.h: not a directory
cc1plus: warning: /opt/ros/humble/include/moveit_planning_scene_export.h: not a directory
cc1plus: warning: /opt/ros/humble/include/moveit_smoothing_base_export.h: not a directory
cc1plus: warning: /opt/ros/humble/include/moveit_planning_scene_monitor_export.h: not a directory
cc1plus: warning: /opt/ros/humble/include/moveit_smoothing_base_export.h: not a directory
cc1plus: warning: /opt/ros/humble/include/moveit_smoothing_base_export.h: not a directory
cc1plus: warning: /opt/ros/humble/include/moveit_smoothing_base_export.h: not a directory
cc1plus: warning: /opt/ros/humble/include/moveit_planning_scene_monitor_export.h: not a directory
cc1plus: warning: /opt/ros/humble/include/moveit_trajectory_execution_manager_export.h: not a directory
cc1plus: warning: /opt/ros/humble/include/moveit_trajectory_execution_manager_export.h: not a directory
cc1plus: warning: /opt/ros/humble/include/moveit_trajectory_execution_manager_export.h: not a directory
cc1plus: warning: /opt/ros/humble/include/moveit_trajectory_execution_manager_export.h: not a directory
cc1plus: warning: /opt/ros/humble/include/moveit_smoothing_base_export.h: not a directory
cc1plus: warning: /opt/ros/humble/include/moveit_trajectory_execution_manager_export.h: not a directory
cc1plus: warning: /opt/ros/humble/include/moveit_warehouse_export.h: not a directory
cc1plus: warning: /opt/ros/humble/include/moveit_warehouse_export.h: not a directory
cc1plus: warning: /opt/ros/humble/include/moveit_warehouse_export.h: not a directory
cc1plus: warning: /opt/ros/humble/include/moveit_trajectory_execution_manager_export.h: not a directory
cc1plus: warning: /opt/ros/humble/include/moveit_warehouse_export.h: not a directory
cc1plus: warning: /opt/ros/humble/include/moveit_warehouse_export.h: not a directory
cc1plus: warning: /opt/ros/humble/include/moveit_warehouse_export.h: not a directory
cc1plus: warning: /opt/ros/humble/include/moveit_butterworth_filter_export.h: not a directory
cc1plus: warning: /opt/ros/humble/include/moveit_collision_detection_bullet_export.h: not a directory
cc1plus: warning: /opt/ros/humble/include/moveit_collision_detection_export.h: not a directory
cc1plus: warning: /opt/ros/humble/include/moveit_collision_detection_fcl_export.h: not a directory
cc1plus: warning: /opt/ros/humble/include/moveit_collision_distance_field_export.h: not a directory
cc1plus: warning: /opt/ros/humble/include/moveit_kinematics_base_export.h: not a directory
cc1plus: warning: /opt/ros/humble/include/moveit_move_group_interface_export.h: not a directory
cc1plus: warning: /opt/ros/humble/include/moveit_planning_pipeline_export.h: not a directory
cc1plus: warning: /opt/ros/humble/include/moveit_planning_scene_export.h: not a directory
cc1plus: warning: /opt/ros/humble/include/moveit_planning_scene_monitor_export.h: not a directory
cc1plus: warning: /opt/ros/humble/include/moveit_smoothing_base_export.h: not a directory
cc1plus: warning: /opt/ros/humble/include/moveit_trajectory_execution_manager_export.h: not a directory
cc1plus: warning: /opt/ros/humble/include/moveit_warehouse_export.h: not a directory
cc1plus: warning: /opt/ros/humble/include/moveit_butterworth_filter_export.h: not a directory
cc1plus: warning: /opt/ros/humble/include/moveit_collision_detection_bullet_export.h: not a directory
cc1plus: warning: /opt/ros/humble/include/moveit_collision_detection_export.h: not a directory
cc1plus: warning: /opt/ros/humble/include/moveit_collision_detection_fcl_export.h: not a directory
cc1plus: warning: /opt/ros/humble/include/moveit_collision_distance_field_export.h: not a directory
cc1plus: warning: /opt/ros/humble/include/moveit_kinematics_base_export.h: not a directory
cc1plus: warning: /opt/ros/humble/include/moveit_move_group_interface_export.h: not a directory
cc1plus: warning: /opt/ros/humble/include/moveit_planning_pipeline_export.h: not a directory
cc1plus: warning: /opt/ros/humble/include/moveit_planning_scene_export.h: not a directory
cc1plus: warning: /opt/ros/humble/include/moveit_planning_scene_monitor_export.h: not a directory
cc1plus: warning: /opt/ros/humble/include/moveit_smoothing_base_export.h: not a directory
cc1plus: warning: /opt/ros/humble/include/moveit_trajectory_execution_manager_export.h: not a directory
cc1plus: warning: /opt/ros/humble/include/moveit_warehouse_export.h: not a directory
cc1plus: warning: /opt/ros/humble/include/moveit_butterworth_filter_export.h: not a directory
cc1plus: warning: /opt/ros/humble/include/moveit_collision_detection_bullet_export.h: not a directory
cc1plus: warning: /opt/ros/humble/include/moveit_collision_detection_export.h: not a directory
cc1plus: warning: /opt/ros/humble/include/moveit_collision_detection_fcl_export.h: not a directory
cc1plus: warning: /opt/ros/humble/include/moveit_collision_distance_field_export.h: not a directory
cc1plus: warning: /opt/ros/humble/include/moveit_kinematics_base_export.h: not a directory
cc1plus: warning: /opt/ros/humble/include/moveit_move_group_interface_export.h: not a directory
cc1plus: warning: /opt/ros/humble/include/moveit_planning_pipeline_export.h: not a directory
cc1plus: warning: /opt/ros/humble/include/moveit_planning_scene_export.h: not a directory
cc1plus: warning: /opt/ros/humble/include/moveit_planning_scene_monitor_export.h: not a directory
cc1plus: warning: /opt/ros/humble/include/moveit_smoothing_base_export.h: not a directory
cc1plus: warning: /opt/ros/humble/include/moveit_trajectory_execution_manager_export.h: not a directory
cc1plus: warning: /opt/ros/humble/include/moveit_warehouse_export.h: not a directory
cc1plus: warning: /opt/ros/humble/include/moveit_butterworth_filter_export.h: not a directory
cc1plus: warning: /opt/ros/humble/include/moveit_collision_detection_bullet_export.h: not a directory
cc1plus: warning: /opt/ros/humble/include/moveit_collision_detection_export.h: not a directory
cc1plus: warning: /opt/ros/humble/include/moveit_collision_detection_fcl_export.h: not a directory
cc1plus: warning: /opt/ros/humble/include/moveit_collision_distance_field_export.h: not a directory
cc1plus: warning: /opt/ros/humble/include/moveit_kinematics_base_export.h: not a directory
cc1plus: warning: /opt/ros/humble/include/moveit_move_group_interface_export.h: not a directory
cc1plus: warning: /opt/ros/humble/include/moveit_planning_pipeline_export.h: not a directory
cc1plus: warning: /opt/ros/humble/include/moveit_planning_scene_export.h: not a directory
cc1plus: warning: /opt/ros/humble/include/moveit_planning_scene_monitor_export.h: not a directory
cc1plus: warning: /opt/ros/humble/include/moveit_smoothing_base_export.h: not a directory
cc1plus: warning: /opt/ros/humble/include/moveit_trajectory_execution_manager_export.h: not a directory
cc1plus: warning: /opt/ros/humble/include/moveit_warehouse_export.h: not a directory
cc1plus: warning: /opt/ros/humble/include/moveit_butterworth_filter_export.h: not a directory
cc1plus: warning: /opt/ros/humble/include/moveit_collision_detection_bullet_export.h: not a directory
cc1plus: warning: /opt/ros/humble/include/moveit_collision_detection_export.h: not a directory
cc1plus: warning: /opt/ros/humble/include/moveit_collision_detection_fcl_export.h: not a directory
cc1plus: warning: /opt/ros/humble/include/moveit_collision_distance_field_export.h: not a directory
cc1plus: warning: /opt/ros/humble/include/moveit_kinematics_base_export.h: not a directory
cc1plus: warning: /opt/ros/humble/include/moveit_move_group_interface_export.h: not a directory
cc1plus: warning: /opt/ros/humble/include/moveit_planning_pipeline_export.h: not a directory
cc1plus: warning: /opt/ros/humble/include/moveit_planning_scene_export.h: not a directory
cc1plus: warning: /opt/ros/humble/include/moveit_planning_scene_monitor_export.h: not a directory
cc1plus: warning: /opt/ros/humble/include/moveit_smoothing_base_export.h: not a directory
cc1plus: warning: /opt/ros/humble/include/moveit_trajectory_execution_manager_export.h: not a directory
cc1plus: warning: /opt/ros/humble/include/moveit_warehouse_export.h: not a directory
cc1plus: warning: /opt/ros/humble/include/moveit_butterworth_filter_export.h: not a directory
cc1plus: warning: /opt/ros/humble/include/moveit_collision_detection_bullet_export.h: not a directory
cc1plus: warning: /opt/ros/humble/include/moveit_collision_detection_export.h: not a directory
cc1plus: warning: /opt/ros/humble/include/moveit_collision_detection_fcl_export.h: not a directory
cc1plus: warning: /opt/ros/humble/include/moveit_collision_distance_field_export.h: not a directory
cc1plus: warning: /opt/ros/humble/include/moveit_kinematics_base_export.h: not a directory
cc1plus: warning: /opt/ros/humble/include/moveit_move_group_interface_export.h: not a directory
cc1plus: warning: /opt/ros/humble/include/moveit_planning_pipeline_export.h: not a directory
cc1plus: warning: /opt/ros/humble/include/moveit_planning_scene_export.h: not a directory
cc1plus: warning: /opt/ros/humble/include/moveit_planning_scene_monitor_export.h: not a directory
cc1plus: warning: /opt/ros/humble/include/moveit_smoothing_base_export.h: not a directory
cc1plus: warning: /opt/ros/humble/include/moveit_trajectory_execution_manager_export.h: not a directory
cc1plus: warning: /opt/ros/humble/include/moveit_warehouse_export.h: not a directory
cc1plus: warning: /opt/ros/humble/include/moveit_butterworth_filter_export.h: not a directory
cc1plus: warning: /opt/ros/humble/include/moveit_collision_detection_bullet_export.h: not a directory
cc1plus: warning: /opt/ros/humble/include/moveit_collision_detection_export.h: not a directory
cc1plus: warning: /opt/ros/humble/include/moveit_collision_detection_fcl_export.h: not a directory
cc1plus: warning: /opt/ros/humble/include/moveit_collision_distance_field_export.h: not a directory
cc1plus: warning: /opt/ros/humble/include/moveit_kinematics_base_export.h: not a directory
cc1plus: warning: /opt/ros/humble/include/moveit_move_group_interface_export.h: not a directory
cc1plus: warning: /opt/ros/humble/include/moveit_planning_pipeline_export.h: not a directory
cc1plus: warning: /opt/ros/humble/include/moveit_planning_scene_export.h: not a directory
cc1plus: warning: /opt/ros/humble/include/moveit_planning_scene_monitor_export.h: not a directory
cc1plus: warning: /opt/ros/humble/include/moveit_smoothing_base_export.h: not a directory
cc1plus: warning: /opt/ros/humble/include/moveit_trajectory_execution_manager_export.h: not a directory
cc1plus: warning: /opt/ros/humble/include/moveit_warehouse_export.h: not a directory
cc1plus: warning: /opt/ros/humble/include/moveit_butterworth_filter_export.h: not a directory
cc1plus: warning: /opt/ros/humble/include/moveit_collision_detection_bullet_export.h: not a directory
cc1plus: warning: /opt/ros/humble/include/moveit_collision_detection_export.h: not a directory
cc1plus: warning: /opt/ros/humble/include/moveit_collision_detection_fcl_export.h: not a directory
cc1plus: warning: /opt/ros/humble/include/moveit_collision_distance_field_export.h: not a directory
cc1plus: warning: /opt/ros/humble/include/moveit_kinematics_base_export.h: not a directory
cc1plus: warning: /opt/ros/humble/include/moveit_move_group_interface_export.h: not a directory
cc1plus: warning: /opt/ros/humble/include/moveit_planning_pipeline_export.h: not a directory
cc1plus: warning: /opt/ros/humble/include/moveit_planning_scene_export.h: not a directory
cc1plus: warning: /opt/ros/humble/include/moveit_planning_scene_monitor_export.h: not a directory
cc1plus: warning: /opt/ros/humble/include/moveit_smoothing_base_export.h: not a directory
cc1plus: warning: /opt/ros/humble/include/moveit_trajectory_execution_manager_export.h: not a directory
cc1plus: warning: /opt/ros/humble/include/moveit_warehouse_export.h: not a directory
cc1plus: warning: /opt/ros/humble/include/moveit_butterworth_filter_export.h: not a directory
cc1plus: warning: /opt/ros/humble/include/moveit_collision_detection_bullet_export.h: not a directory
cc1plus: warning: /opt/ros/humble/include/moveit_collision_detection_export.h: not a directory
cc1plus: warning: /opt/ros/humble/include/moveit_collision_detection_fcl_export.h: not a directory
cc1plus: warning: /opt/ros/humble/include/moveit_collision_distance_field_export.h: not a directory
cc1plus: warning: /opt/ros/humble/include/moveit_kinematics_base_export.h: not a directory
cc1plus: warning: /opt/ros/humble/include/moveit_move_group_interface_export.h: not a directory
cc1plus: warning: /opt/ros/humble/include/moveit_planning_pipeline_export.h: not a directory
cc1plus: warning: /opt/ros/humble/include/moveit_planning_scene_export.h: not a directory
cc1plus: warning: /opt/ros/humble/include/moveit_planning_scene_monitor_export.h: not a directory
cc1plus: warning: /opt/ros/humble/include/moveit_smoothing_base_export.h: not a directory
cc1plus: warning: /opt/ros/humble/include/moveit_trajectory_execution_manager_export.h: not a directory
cc1plus: warning: /opt/ros/humble/include/moveit_warehouse_export.h: not a directory
cc1plus: warning: /opt/ros/humble/include/moveit_butterworth_filter_export.h: not a directory
cc1plus: warning: /opt/ros/humble/include/moveit_collision_detection_bullet_export.h: not a directory
cc1plus: warning: /opt/ros/humble/include/moveit_collision_detection_export.h: not a directory
cc1plus: warning: /opt/ros/humble/include/moveit_collision_detection_fcl_export.h: not a directory
cc1plus: warning: /opt/ros/humble/include/moveit_collision_distance_field_export.h: not a directory
cc1plus: warning: /opt/ros/humble/include/moveit_kinematics_base_export.h: not a directory
cc1plus: warning: /opt/ros/humble/include/moveit_move_group_interface_export.h: not a directory
cc1plus: warning: /opt/ros/humble/include/moveit_planning_pipeline_export.h: not a directory
cc1plus: warning: /opt/ros/humble/include/moveit_planning_scene_export.h: not a directory
cc1plus: warning: /opt/ros/humble/include/moveit_planning_scene_monitor_export.h: not a directory
cc1plus: warning: /opt/ros/humble/include/moveit_smoothing_base_export.h: not a directory
cc1plus: warning: /opt/ros/humble/include/moveit_trajectory_execution_manager_export.h: not a directory
cc1plus: warning: /opt/ros/humble/include/moveit_warehouse_export.h: not a directory
cc1plus: warning: /opt/ros/humble/include/moveit_butterworth_filter_export.h: not a directory
cc1plus: warning: /opt/ros/humble/include/moveit_collision_detection_bullet_export.h: not a directory
cc1plus: warning: /opt/ros/humble/include/moveit_collision_detection_export.h: not a directory
cc1plus: warning: /opt/ros/humble/include/moveit_collision_detection_fcl_export.h: not a directory
cc1plus: warning: /opt/ros/humble/include/moveit_collision_distance_field_export.h: not a directory
cc1plus: warning: /opt/ros/humble/include/moveit_kinematics_base_export.h: not a directory
cc1plus: warning: /opt/ros/humble/include/moveit_move_group_interface_export.h: not a directory
cc1plus: warning: /opt/ros/humble/include/moveit_planning_pipeline_export.h: not a directory
cc1plus: warning: /opt/ros/humble/include/moveit_planning_scene_export.h: not a directory
cc1plus: warning: /opt/ros/humble/include/moveit_planning_scene_monitor_export.h: not a directory
cc1plus: warning: /opt/ros/humble/include/moveit_smoothing_base_export.h: not a directory
cc1plus: warning: /opt/ros/humble/include/moveit_trajectory_execution_manager_export.h: not a directory
cc1plus: warning: /opt/ros/humble/include/moveit_warehouse_export.h: not a directory
cc1plus: warning: /opt/ros/humble/include/moveit_butterworth_filter_export.h: not a directory
cc1plus: warning: /opt/ros/humble/include/moveit_collision_detection_bullet_export.h: not a directory
cc1plus: warning: /opt/ros/humble/include/moveit_collision_detection_export.h: not a directory
cc1plus: warning: /opt/ros/humble/include/moveit_collision_detection_fcl_export.h: not a directory
cc1plus: warning: /opt/ros/humble/include/moveit_collision_distance_field_export.h: not a directory
cc1plus: warning: /opt/ros/humble/include/moveit_kinematics_base_export.h: not a directory
cc1plus: warning: /opt/ros/humble/include/moveit_move_group_interface_export.h: not a directory
cc1plus: warning: /opt/ros/humble/include/moveit_planning_pipeline_export.h: not a directory
cc1plus: warning: /opt/ros/humble/include/moveit_planning_scene_export.h: not a directory
cc1plus: warning: /opt/ros/humble/include/moveit_planning_scene_monitor_export.h: not a directory
cc1plus: warning: /opt/ros/humble/include/moveit_smoothing_base_export.h: not a directory
cc1plus: warning: /opt/ros/humble/include/moveit_trajectory_execution_manager_export.h: not a directory
cc1plus: warning: /opt/ros/humble/include/moveit_warehouse_export.h: not a directory
cc1plus: warning: /opt/ros/humble/include/moveit_butterworth_filter_export.h: not a directory
cc1plus: warning: /opt/ros/humble/include/moveit_collision_detection_bullet_export.h: not a directory
cc1plus: warning: /opt/ros/humble/include/moveit_butterworth_filter_export.h: not a directory
cc1plus: warning: /opt/ros/humble/include/moveit_collision_detection_export.h: not a directory
cc1plus: warning: /opt/ros/humble/include/moveit_collision_detection_fcl_export.h: not a directory
cc1plus: warning: /opt/ros/humble/include/moveit_collision_detection_bullet_export.h: not a directory
cc1plus: warning: /opt/ros/humble/include/moveit_collision_distance_field_export.h: not a directory
cc1plus: warning: /opt/ros/humble/include/moveit_collision_detection_export.h: not a directory
cc1plus: warning: /opt/ros/humble/include/moveit_kinematics_base_export.h: not a directory
cc1plus: warning: /opt/ros/humble/include/moveit_collision_detection_fcl_export.h: not a directory
cc1plus: warning: /opt/ros/humble/include/moveit_move_group_interface_export.h: not a directory
cc1plus: warning: /opt/ros/humble/include/moveit_collision_distance_field_export.h: not a directory
cc1plus: warning: /opt/ros/humble/include/moveit_planning_pipeline_export.h: not a directory
cc1plus: warning: /opt/ros/humble/include/moveit_kinematics_base_export.h: not a directory
cc1plus: warning: /opt/ros/humble/include/moveit_planning_scene_export.h: not a directory
cc1plus: warning: /opt/ros/humble/include/moveit_move_group_interface_export.h: not a directory
cc1plus: warning: /opt/ros/humble/include/moveit_planning_scene_monitor_export.h: not a directory
cc1plus: warning: /opt/ros/humble/include/moveit_planning_pipeline_export.h: not a directory
cc1plus: warning: /opt/ros/humble/include/moveit_smoothing_base_export.h: not a directory
cc1plus: warning: /opt/ros/humble/include/moveit_planning_scene_export.h: not a directory
cc1plus: warning: /opt/ros/humble/include/moveit_trajectory_execution_manager_export.h: not a directory
cc1plus: warning: /opt/ros/humble/include/moveit_planning_scene_monitor_export.h: not a directory
cc1plus: warning: /opt/ros/humble/include/moveit_warehouse_export.h: not a directory
cc1plus: warning: /opt/ros/humble/include/moveit_smoothing_base_export.h: not a directory
cc1plus: warning: /opt/ros/humble/include/moveit_trajectory_execution_manager_export.h: not a directory
cc1plus: warning: /opt/ros/humble/include/moveit_warehouse_export.h: not a directory
cc1plus: warning: /opt/ros/humble/include/moveit_butterworth_filter_export.h: not a directory
cc1plus: warning: /opt/ros/humble/include/moveit_collision_detection_bullet_export.h: not a directory
cc1plus: warning: /opt/ros/humble/include/moveit_collision_detection_export.h: not a directory
cc1plus: warning: /opt/ros/humble/include/moveit_collision_detection_fcl_export.h: not a directory
cc1plus: warning: /opt/ros/humble/include/moveit_collision_distance_field_export.h: not a directory
cc1plus: warning: /opt/ros/humble/include/moveit_kinematics_base_export.h: not a directory
cc1plus: warning: /opt/ros/humble/include/moveit_move_group_interface_export.h: not a directory
cc1plus: warning: /opt/ros/humble/include/moveit_planning_pipeline_export.h: not a directory
cc1plus: warning: /opt/ros/humble/include/moveit_planning_scene_export.h: not a directory
cc1plus: warning: /opt/ros/humble/include/moveit_planning_scene_monitor_export.h: not a directory
cc1plus: warning: /opt/ros/humble/include/moveit_smoothing_base_export.h: not a directory
cc1plus: warning: /opt/ros/humble/include/moveit_trajectory_execution_manager_export.h: not a directory
cc1plus: warning: /opt/ros/humble/include/moveit_warehouse_export.h: not a directory
cc1plus: warning: /opt/ros/humble/include/moveit_butterworth_filter_export.h: not a directory
cc1plus: warning: /opt/ros/humble/include/moveit_collision_detection_bullet_export.h: not a directory
cc1plus: warning: /opt/ros/humble/include/moveit_collision_detection_export.h: not a directory
cc1plus: warning: /opt/ros/humble/include/moveit_collision_detection_fcl_export.h: not a directory
cc1plus: warning: /opt/ros/humble/include/moveit_collision_distance_field_export.h: not a directory
cc1plus: warning: /opt/ros/humble/include/moveit_kinematics_base_export.h: not a directory
cc1plus: warning: /opt/ros/humble/include/moveit_move_group_interface_export.h: not a directory
cc1plus: warning: /opt/ros/humble/include/moveit_planning_pipeline_export.h: not a directory
cc1plus: warning: /opt/ros/humble/include/moveit_planning_scene_export.h: not a directory
cc1plus: warning: /opt/ros/humble/include/moveit_planning_scene_monitor_export.h: not a directory
cc1plus: warning: /opt/ros/humble/include/moveit_smoothing_base_export.h: not a directory
cc1plus: warning: /opt/ros/humble/include/moveit_trajectory_execution_manager_export.h: not a directory
cc1plus: warning: /opt/ros/humble/include/moveit_warehouse_export.h: not a directory
cc1plus: warning: /opt/ros/humble/include/moveit_butterworth_filter_export.h: not a directory
cc1plus: warning: /opt/ros/humble/include/moveit_collision_detection_bullet_export.h: not a directory
cc1plus: warning: /opt/ros/humble/include/moveit_collision_detection_export.h: not a directory
cc1plus: warning: /opt/ros/humble/include/moveit_collision_detection_fcl_export.h: not a directory
cc1plus: warning: /opt/ros/humble/include/moveit_collision_distance_field_export.h: not a directory
cc1plus: warning: /opt/ros/humble/include/moveit_kinematics_base_export.h: not a directory
cc1plus: warning: /opt/ros/humble/include/moveit_move_group_interface_export.h: not a directory
cc1plus: warning: /opt/ros/humble/include/moveit_planning_pipeline_export.h: not a directory
cc1plus: warning: /opt/ros/humble/include/moveit_planning_scene_export.h: not a directory
cc1plus: warning: /opt/ros/humble/include/moveit_planning_scene_monitor_export.h: not a directory
cc1plus: warning: /opt/ros/humble/include/moveit_smoothing_base_export.h: not a directory
cc1plus: warning: /opt/ros/humble/include/moveit_trajectory_execution_manager_export.h: not a directory
cc1plus: warning: /opt/ros/humble/include/moveit_warehouse_export.h: not a directory
cc1plus: warning: /opt/ros/humble/include/moveit_butterworth_filter_export.h: not a directory
cc1plus: warning: /opt/ros/humble/include/moveit_collision_detection_bullet_export.h: not a directory
cc1plus: warning: /opt/ros/humble/include/moveit_collision_detection_export.h: not a directory
cc1plus: warning: /opt/ros/humble/include/moveit_collision_detection_fcl_export.h: not a directory
cc1plus: warning: /opt/ros/humble/include/moveit_collision_distance_field_export.h: not a directory
cc1plus: warning: /opt/ros/humble/include/moveit_kinematics_base_export.h: not a directory
cc1plus: warning: /opt/ros/humble/include/moveit_move_group_interface_export.h: not a directory
cc1plus: warning: /opt/ros/humble/include/moveit_planning_pipeline_export.h: not a directory
cc1plus: warning: /opt/ros/humble/include/moveit_planning_scene_export.h: not a directory
cc1plus: warning: /opt/ros/humble/include/moveit_planning_scene_monitor_export.h: not a directory
cc1plus: warning: /opt/ros/humble/include/moveit_smoothing_base_export.h: not a directory
cc1plus: warning: /opt/ros/humble/include/moveit_trajectory_execution_manager_export.h: not a directory
cc1plus: warning: /opt/ros/humble/include/moveit_warehouse_export.h: not a directory
cc1plus: warning: /opt/ros/humble/include/moveit_butterworth_filter_export.h: not a directory
cc1plus: warning: /opt/ros/humble/include/moveit_collision_detection_bullet_export.h: not a directory
cc1plus: warning: /opt/ros/humble/include/moveit_collision_detection_export.h: not a directory
cc1plus: warning: /opt/ros/humble/include/moveit_collision_detection_fcl_export.h: not a directory
cc1plus: warning: /opt/ros/humble/include/moveit_collision_distance_field_export.h: not a directory
cc1plus: warning: /opt/ros/humble/include/moveit_kinematics_base_export.h: not a directory
cc1plus: warning: /opt/ros/humble/include/moveit_move_group_interface_export.h: not a directory
cc1plus: warning: /opt/ros/humble/include/moveit_planning_pipeline_export.h: not a directory
cc1plus: warning: /opt/ros/humble/include/moveit_planning_scene_export.h: not a directory
cc1plus: warning: /opt/ros/humble/include/moveit_planning_scene_monitor_export.h: not a directory
cc1plus: warning: /opt/ros/humble/include/moveit_smoothing_base_export.h: not a directory
cc1plus: warning: /opt/ros/humble/include/moveit_trajectory_execution_manager_export.h: not a directory
cc1plus: warning: /opt/ros/humble/include/moveit_warehouse_export.h: not a directory
cc1plus: warning: /opt/ros/humble/include/moveit_butterworth_filter_export.h: not a directory
cc1plus: warning: /opt/ros/humble/include/moveit_collision_detection_bullet_export.h: not a directory
cc1plus: warning: /opt/ros/humble/include/moveit_collision_detection_export.h: not a directory
cc1plus: warning: /opt/ros/humble/include/moveit_collision_detection_fcl_export.h: not a directory
cc1plus: warning: /opt/ros/humble/include/moveit_collision_distance_field_export.h: not a directory
cc1plus: warning: /opt/ros/humble/include/moveit_kinematics_base_export.h: not a directory
cc1plus: warning: /opt/ros/humble/include/moveit_move_group_interface_export.h: not a directory
cc1plus: warning: /opt/ros/humble/include/moveit_planning_pipeline_export.h: not a directory
cc1plus: warning: /opt/ros/humble/include/moveit_planning_scene_export.h: not a directory
cc1plus: warning: /opt/ros/humble/include/moveit_planning_scene_monitor_export.h: not a directory
cc1plus: warning: /opt/ros/humble/include/moveit_smoothing_base_export.h: not a directory
cc1plus: warning: /opt/ros/humble/include/moveit_trajectory_execution_manager_export.h: not a directory
cc1plus: warning: /opt/ros/humble/include/moveit_warehouse_export.h: not a directory
cc1plus: warning: /opt/ros/humble/include/moveit_butterworth_filter_export.h: not a directory
cc1plus: warning: /opt/ros/humble/include/moveit_collision_detection_bullet_export.h: not a directory
cc1plus: warning: /opt/ros/humble/include/moveit_collision_detection_export.h: not a directory
cc1plus: warning: /opt/ros/humble/include/moveit_collision_detection_fcl_export.h: not a directory
cc1plus: warning: /opt/ros/humble/include/moveit_collision_distance_field_export.h: not a directory
cc1plus: warning: /opt/ros/humble/include/moveit_kinematics_base_export.h: not a directory
cc1plus: warning: /opt/ros/humble/include/moveit_move_group_interface_export.h: not a directory
cc1plus: warning: /opt/ros/humble/include/moveit_planning_pipeline_export.h: not a directory
cc1plus: warning: /opt/ros/humble/include/moveit_planning_scene_export.h: not a directory
cc1plus: warning: /opt/ros/humble/include/moveit_planning_scene_monitor_export.h: not a directory
cc1plus: warning: /opt/ros/humble/include/moveit_smoothing_base_export.h: not a directory
cc1plus: warning: /opt/ros/humble/include/moveit_trajectory_execution_manager_export.h: not a directory
cc1plus: warning: /opt/ros/humble/include/moveit_warehouse_export.h: not a directory
cc1plus: warning: /opt/ros/humble/include/moveit_butterworth_filter_export.h: not a directory
cc1plus: warning: /opt/ros/humble/include/moveit_collision_detection_bullet_export.h: not a directory
cc1plus: warning: /opt/ros/humble/include/moveit_collision_detection_export.h: not a directory
cc1plus: warning: /opt/ros/humble/include/moveit_collision_detection_fcl_export.h: not a directory
cc1plus: warning: /opt/ros/humble/include/moveit_collision_distance_field_export.h: not a directory
cc1plus: warning: /opt/ros/humble/include/moveit_kinematics_base_export.h: not a directory
cc1plus: warning: /opt/ros/humble/include/moveit_move_group_interface_export.h: not a directory
cc1plus: warning: /opt/ros/humble/include/moveit_planning_pipeline_export.h: not a directory
cc1plus: warning: /opt/ros/humble/include/moveit_planning_scene_export.h: not a directory
cc1plus: warning: /opt/ros/humble/include/moveit_planning_scene_monitor_export.h: not a directory
cc1plus: warning: /opt/ros/humble/include/moveit_smoothing_base_export.h: not a directory
cc1plus: warning: /opt/ros/humble/include/moveit_trajectory_execution_manager_export.h: not a directory
cc1plus: warning: /opt/ros/humble/include/moveit_warehouse_export.h: not a directory
/root/calib_ws/calib_unified/src/ikalibr/core/rotation_estimator.cpp: In static member function ‘static std::vector<Eigen::Matrix<double, 4, 4> > ns_ikalibr::RotationEstimator::OrganizeCoeffMatSeq(const So3SplineType&, const RelRotationSequence&)’:
/root/calib_ws/calib_unified/src/ikalibr/core/rotation_estimator.cpp:112:21: error: ‘const So3SplineType’ {aka ‘const class ns_ctraj::So3SplineWrapper<4>’} has no member named ‘TimeStampInRange’
  112 |         if (!spline.TimeStampInRange(curTime) || !spline.TimeStampInRange(lastTime)) {
      |                     ^~~~~~~~~~~~~~~~
/root/calib_ws/calib_unified/src/ikalibr/core/rotation_estimator.cpp:112:58: error: ‘const So3SplineType’ {aka ‘const class ns_ctraj::So3SplineWrapper<4>’} has no member named ‘TimeStampInRange’
  112 |         if (!spline.TimeStampInRange(curTime) || !spline.TimeStampInRange(lastTime)) {
      |                                                          ^~~~~~~~~~~~~~~~
