[  0%] Building CXX object thirdparty_build/Pangolin/CMakeFiles/pango_core.dir/components/pango_core/src/file_extension.cpp.o
[  0%] Building CXX object thirdparty_build/Pangolin/CMakeFiles/pango_core.dir/components/pango_core/src/file_utils.cpp.o
[  1%] Building CXX object thirdparty_build/Pangolin/CMakeFiles/pango_core.dir/components/pango_core/src/avx_math.cpp.o
[  1%] Building CXX object thirdparty_build/Pangolin/CMakeFiles/pango_core.dir/components/pango_core/src/uri.cpp.o
[  2%] Building CXX object thirdparty_build/Pangolin/CMakeFiles/pango_core.dir/components/pango_core/src/sigstate.cpp.o
[  2%] Building CXX object thirdparty_build/Pangolin/CMakeFiles/pango_core.dir/components/pango_core/src/param_set.cpp.o
[  2%] Building CXX object thirdparty_build/Pangolin/CMakeFiles/pango_core.dir/components/pango_core/src/threadedfilebuf.cpp.o
[  2%] Building CXX object thirdparty_build/Pangolin/CMakeFiles/pango_core.dir/components/pango_core/src/posix/condition_variable.cpp.o
[  2%] Building CXX object thirdparty_build/Pangolin/CMakeFiles/pango_core.dir/components/pango_core/src/posix/semaphore.cpp.o
[  2%] Building CXX object thirdparty_build/Pangolin/CMakeFiles/pango_core.dir/components/pango_core/src/factory/factory_registry.cpp.o
[  3%] Building CXX object thirdparty_build/Pangolin/CMakeFiles/pango_core.dir/components/pango_core/src/factory/factory_help.cpp.o
[  5%] Building CXX object thirdparty_build/Pangolin/CMakeFiles/pango_core.dir/components/pango_core/src/posix/shared_memory_buffer.cpp.o
[  5%] Linking CXX shared library ../../lib/libpango_core.so
[  5%] Built target pango_core
[  5%] Building CXX object thirdparty_build/Pangolin/CMakeFiles/pango_vars.dir/components/pango_vars/src/vars.cpp.o
[  6%] Building CXX object thirdparty_build/Pangolin/CMakeFiles/pango_vars.dir/components/pango_vars/src/varstate.cpp.o
[  6%] Building CXX object thirdparty_build/Pangolin/CMakeFiles/pango_image.dir/components/pango_image/src/image_io.cpp.o
[  6%] Building CXX object thirdparty_build/Pangolin/CMakeFiles/pango_image.dir/components/pango_image/src/image_io_exr.cpp.o
[  6%] Building CXX object thirdparty_build/Pangolin/CMakeFiles/pango_packetstream.dir/components/pango_packetstream/src/packetstream.cpp.o
[ 10%] Building CXX object thirdparty_build/Pangolin/CMakeFiles/pango_image.dir/components/pango_image/src/pixel_format.cpp.o
[  9%] Building CXX object thirdparty_build/Pangolin/CMakeFiles/pango_image.dir/components/pango_image/src/image_io_jpg.cpp.o
[ 10%] Building CXX object thirdparty_build/Pangolin/CMakeFiles/pango_packetstream.dir/components/pango_packetstream/src/packet.cpp.o
[ 11%] Building CXX object thirdparty_build/Pangolin/CMakeFiles/pango_packetstream.dir/components/pango_packetstream/src/packetstream_reader.cpp.o
[ 11%] Building CXX object thirdparty_build/Pangolin/CMakeFiles/pango_image.dir/components/pango_image/src/image_io_lz4.cpp.o
[ 11%] Building CXX object thirdparty_build/Pangolin/CMakeFiles/pango_image.dir/components/pango_image/src/image_io_packed12bit.cpp.o
[ 11%] Building CXX object thirdparty_build/Pangolin/CMakeFiles/pango_packetstream.dir/components/pango_packetstream/src/packetstream_writer.cpp.o
[ 11%] Building CXX object thirdparty_build/Pangolin/CMakeFiles/pango_image.dir/components/pango_image/src/image_io_png.cpp.o
[ 11%] Building CXX object thirdparty_build/Pangolin/CMakeFiles/pango_packetstream.dir/components/pango_packetstream/src/playback_session.cpp.o
[ 12%] Building CXX object thirdparty_build/Pangolin/CMakeFiles/pango_image.dir/components/pango_image/src/image_io_pango.cpp.o
[ 12%] Building CXX object thirdparty_build/Pangolin/CMakeFiles/pango_image.dir/components/pango_image/src/image_io_ppm.cpp.o
[ 14%] Building CXX object thirdparty_build/Pangolin/CMakeFiles/pango_image.dir/components/pango_image/src/image_io_raw.cpp.o
[ 14%] Building CXX object thirdparty_build/Pangolin/CMakeFiles/pango_image.dir/components/pango_image/src/image_io_tga.cpp.o
[ 15%] Building CXX object thirdparty_build/Pangolin/CMakeFiles/pango_image.dir/components/pango_image/src/image_io_zstd.cpp.o
[ 15%] Building CXX object thirdparty_build/Pangolin/CMakeFiles/pango_image.dir/components/pango_image/src/image_io_bmp.cpp.o
[ 15%] Building CXX object thirdparty_build/Pangolin/CMakeFiles/pango_image.dir/components/pango_image/src/image_io_libraw.cpp.o
[ 16%] Building CXX object thirdparty_build/Pangolin/CMakeFiles/pango_image.dir/components/pango_image/src/image_io_tiff.cpp.o
[ 16%] Linking CXX shared library ../../lib/libpango_image.so
[ 16%] Built target pango_image
[ 18%] Embedding /root/calib_ws/calib_unified/thirdparty/Pangolin/Pangolin-0.9.0/components/pango_opengl/shaders/colormaps.glsl.h;/root/calib_ws/calib_unified/thirdparty/Pangolin/Pangolin-0.9.0/components/pango_opengl/shaders/font.glsl.h;/root/calib_ws/calib_unified/thirdparty/Pangolin/Pangolin-0.9.0/components/pango_opengl/shaders/main_experiments.glsl;/root/calib_ws/calib_unified/thirdparty/Pangolin/Pangolin-0.9.0/components/pango_opengl/shaders/main_text.glsl;/root/calib_ws/calib_unified/thirdparty/Pangolin/Pangolin-0.9.0/components/pango_opengl/shaders/main_widgets.glsl;/root/calib_ws/calib_unified/thirdparty/Pangolin/Pangolin-0.9.0/components/pango_opengl/shaders/matcap.glsl.h;/root/calib_ws/calib_unified/thirdparty/Pangolin/Pangolin-0.9.0/components/pango_opengl/shaders/noise.glsl.h;/root/calib_ws/calib_unified/thirdparty/Pangolin/Pangolin-0.9.0/components/pango_opengl/shaders/sdf.glsl.h;/root/calib_ws/calib_unified/thirdparty/Pangolin/Pangolin-0.9.0/components/pango_opengl/shaders/utils.glsl.h into shaders.cpp
[ 18%] Embedding /root/calib_ws/calib_unified/thirdparty/Pangolin/Pangolin-0.9.0/components/pango_opengl/src/fonts/AnonymousPro.ttf into fonts.cpp
[ 18%] Building CXX object thirdparty_build/Pangolin/CMakeFiles/pango_opengl.dir/components/pango_opengl/src/glchar.cpp.o
[ 18%] Building CXX object thirdparty_build/Pangolin/CMakeFiles/pango_opengl.dir/components/pango_opengl/src/gldraw.cpp.o
[ 19%] Building CXX object thirdparty_build/Pangolin/CMakeFiles/pango_opengl.dir/components/pango_opengl/src/glfont.cpp.o
[ 19%] Building CXX object thirdparty_build/Pangolin/CMakeFiles/pango_opengl.dir/components/pango_opengl/src/gltext.cpp.o
[ 20%] Building CXX object thirdparty_build/Pangolin/CMakeFiles/pango_opengl.dir/components/pango_opengl/src/gltexturecache.cpp.o
[ 20%] Building CXX object thirdparty_build/Pangolin/CMakeFiles/pango_opengl.dir/components/pango_opengl/src/viewport.cpp.o
[ 20%] Building CXX object thirdparty_build/Pangolin/CMakeFiles/pango_opengl.dir/components/pango_opengl/src/glpangoglu.cpp.o
[ 20%] Building CXX object thirdparty_build/Pangolin/CMakeFiles/pango_opengl.dir/components/pango_opengl/src/opengl_render_state.cpp.o
[ 22%] Building CXX object thirdparty_build/Pangolin/CMakeFiles/pango_opengl.dir/fonts.cpp.o
[ 22%] Building CXX object thirdparty_build/Pangolin/CMakeFiles/pango_opengl.dir/shaders.cpp.o
[ 22%] Linking CXX shared library ../../lib/libpango_vars.so
[ 22%] Built target pango_vars
[ 23%] Linking CXX shared library ../../lib/libpango_packetstream.so
[ 23%] Built target pango_packetstream
[ 24%] Creating /root/calib_ws/build/UniCalib/thirdparty_build/Pangolin/include/pangolin/factory/RegisterFactoriesVideoInterface.h factory registry header
[ 24%] Creating /root/calib_ws/build/UniCalib/thirdparty_build/Pangolin/include/pangolin/factory/RegisterFactoriesVideoOutputInterface.h factory registry header
[ 24%] Building CXX object thirdparty_build/Pangolin/CMakeFiles/pango_video.dir/components/pango_video/src/video_input.cpp.o
[ 24%] Building CXX object thirdparty_build/Pangolin/CMakeFiles/pango_video.dir/components/pango_video/src/stream_encoder_factory.cpp.o
[ 25%] Building CXX object thirdparty_build/Pangolin/CMakeFiles/pango_video.dir/components/pango_video/src/video_output.cpp.o
[ 25%] Building CXX object thirdparty_build/Pangolin/CMakeFiles/pango_video.dir/components/pango_video/src/video.cpp.o
[ 25%] Building CXX object thirdparty_build/Pangolin/CMakeFiles/pango_video.dir/components/pango_video/src/video_help.cpp.o
[ 25%] Building CXX object thirdparty_build/Pangolin/CMakeFiles/pango_video.dir/components/pango_video/src/drivers/images.cpp.o
[ 27%] Building CXX object thirdparty_build/Pangolin/CMakeFiles/pango_video.dir/components/pango_video/src/drivers/test.cpp.o
[ 27%] Building CXX object thirdparty_build/Pangolin/CMakeFiles/pango_video.dir/components/pango_video/src/drivers/images_out.cpp.o
[ 28%] Building CXX object thirdparty_build/Pangolin/CMakeFiles/pango_video.dir/components/pango_video/src/drivers/split.cpp.o
[ 28%] Building CXX object thirdparty_build/Pangolin/CMakeFiles/pango_video.dir/components/pango_video/src/drivers/truncate.cpp.o
[ 28%] Building CXX object thirdparty_build/Pangolin/CMakeFiles/pango_video.dir/components/pango_video/src/drivers/pango.cpp.o
[ 29%] Building CXX object thirdparty_build/Pangolin/CMakeFiles/pango_video.dir/components/pango_video/src/drivers/pango_video_output.cpp.o
[ 29%] Building CXX object thirdparty_build/Pangolin/CMakeFiles/pango_video.dir/components/pango_video/src/drivers/debayer.cpp.o
[ 29%] Building CXX object thirdparty_build/Pangolin/CMakeFiles/pango_video.dir/components/pango_video/src/drivers/shift.cpp.o
[ 31%] Building CXX object thirdparty_build/Pangolin/CMakeFiles/pango_video.dir/components/pango_video/src/drivers/transform.cpp.o
[ 31%] Building CXX object thirdparty_build/Pangolin/CMakeFiles/pango_video.dir/components/pango_video/src/drivers/join.cpp.o
[ 31%] Building CXX object thirdparty_build/Pangolin/CMakeFiles/pango_video.dir/components/pango_video/src/drivers/unpack.cpp.o
[ 31%] Building CXX object thirdparty_build/Pangolin/CMakeFiles/pango_video.dir/components/pango_video/src/drivers/merge.cpp.o
[ 32%] Building CXX object thirdparty_build/Pangolin/CMakeFiles/pango_video.dir/components/pango_video/src/drivers/json.cpp.o
[ 33%] Building CXX object thirdparty_build/Pangolin/CMakeFiles/pango_video.dir/components/pango_video/src/drivers/pack.cpp.o
[ 33%] Building CXX object thirdparty_build/Pangolin/CMakeFiles/pango_video.dir/components/pango_video/src/drivers/thread.cpp.o
[ 33%] Building CXX object thirdparty_build/Pangolin/CMakeFiles/pango_video.dir/components/pango_video/src/drivers/mjpeg.cpp.o
[ 35%] Building CXX object thirdparty_build/Pangolin/CMakeFiles/pango_video.dir/components/pango_video/src/drivers/shared_memory.cpp.o
[ 35%] Building CXX object thirdparty_build/Pangolin/CMakeFiles/pango_video.dir/components/pango_video/src/drivers/firewire.cpp.o
[ 35%] Building CXX object thirdparty_build/Pangolin/CMakeFiles/pango_video.dir/components/pango_video/src/drivers/deinterlace.cpp.o
[ 36%] Building CXX object thirdparty_build/Pangolin/CMakeFiles/pango_video.dir/components/pango_video/src/drivers/v4l.cpp.o
[ 36%] Building CXX object thirdparty_build/Pangolin/CMakeFiles/pango_video.dir/components/pango_video/src/drivers/ffmpeg.cpp.o
[ 36%] Building CXX object thirdparty_build/Pangolin/CMakeFiles/pango_video.dir/components/pango_video/src/drivers/ffmpeg_convert.cpp.o
[ 37%] Building CXX object thirdparty_build/Pangolin/CMakeFiles/pango_video.dir/components/pango_video/src/drivers/ffmpeg_output.cpp.o
[ 37%] Building CXX object thirdparty_build/Pangolin/CMakeFiles/pango_video.dir/components/pango_video/src/drivers/openni.cpp.o
[ 37%] Building CXX object thirdparty_build/Pangolin/CMakeFiles/pango_video.dir/components/pango_video/src/drivers/openni2.cpp.o
[ 37%] Linking CXX shared library ../../lib/libpango_opengl.so
[ 37%] Built target pango_opengl
[ 38%] Generating xdg-shell-client-protocol.h
[ 38%] Creating /root/calib_ws/build/UniCalib/thirdparty_build/Pangolin/include/pangolin/factory/RegisterFactoriesWindowInterface.h factory registry header
[ 38%] Generating xdg-shell-protocol.c
[ 38%] Building C object thirdparty_build/Pangolin/CMakeFiles/pango_windowing.dir/xdg-shell-protocol.c.o
[ 38%] Building CXX object thirdparty_build/Pangolin/CMakeFiles/pango_windowing.dir/components/pango_windowing/src/display_x11.cpp.o
[ 40%] Building CXX object thirdparty_build/Pangolin/CMakeFiles/pango_windowing.dir/components/pango_windowing/src/window.cpp.o
[ 41%] Building CXX object thirdparty_build/Pangolin/CMakeFiles/pango_windowing.dir/components/pango_windowing/src/display_wayland.cpp.o
[ 41%] Building CXX object thirdparty_build/Pangolin/CMakeFiles/pango_windowing.dir/components/pango_windowing/src/display_headless.cpp.o
[ 42%] Linking CXX shared library ../../lib/libpango_video.so
[ 42%] Built target pango_video
[ 42%] Linking CXX shared library ../../lib/libpango_windowing.so
[ 42%] Built target pango_windowing
[ 42%] Building CXX object thirdparty_build/Pangolin/CMakeFiles/pango_display.dir/components/pango_display/src/display.cpp.o
[ 44%] Building CXX object thirdparty_build/Pangolin/CMakeFiles/pango_display.dir/components/pango_display/src/process.cpp.o
[ 44%] Building CXX object thirdparty_build/Pangolin/CMakeFiles/pango_display.dir/components/pango_display/src/pangolin_gl.cpp.o
[ 44%] Building CXX object thirdparty_build/Pangolin/CMakeFiles/pango_display.dir/components/pango_display/src/handler_glbuffer.cpp.o
[ 44%] Building CXX object thirdparty_build/Pangolin/CMakeFiles/pango_display.dir/components/pango_display/src/handler.cpp.o
[ 45%] Building CXX object thirdparty_build/Pangolin/CMakeFiles/pango_display.dir/components/pango_display/src/handler_image.cpp.o
[ 45%] Building CXX object thirdparty_build/Pangolin/CMakeFiles/pango_display.dir/components/pango_display/src/view.cpp.o
[ 45%] Building CXX object thirdparty_build/Pangolin/CMakeFiles/pango_display.dir/components/pango_display/src/image_view.cpp.o
[ 46%] Building CXX object thirdparty_build/Pangolin/CMakeFiles/pango_display.dir/components/pango_display/src/widgets.cpp.o
[ 46%] Building CXX object thirdparty_build/Pangolin/CMakeFiles/pango_display.dir/components/pango_display/src/default_font.cpp.o
[ 48%] Building CXX object thirdparty_build/Pangolin/CMakeFiles/pango_display.dir/components/pango_display/src/ConsoleView.cpp.o
[ 48%] Linking CXX shared library ../../lib/libpango_display.so
[ 48%] Built target pango_display
[ 48%] Building CXX object thirdparty_build/Pangolin/CMakeFiles/pango_plot.dir/components/pango_plot/src/datalog.cpp.o
[ 48%] Building CXX object thirdparty_build/Pangolin/CMakeFiles/pango_plot.dir/components/pango_plot/src/plotter.cpp.o
[ 49%] Building CXX object thirdparty_build/Pangolin/CMakeFiles/pango_plot.dir/components/pango_plot/src/loaders/csv_table_loader.cpp.o
[ 49%] Linking CXX shared library ../../lib/libpango_plot.so
[ 49%] Built target pango_plot
[ 50%] Building CXX object CMakeFiles/unicalib.dir/src/ikalibr/util/utils.cpp.o
[ 50%] Building CXX object CMakeFiles/unicalib.dir/src/ikalibr/util/circlesgrid.cpp.o
[ 50%] Building CXX object CMakeFiles/unicalib.dir/src/ikalibr/sensor/imu.cpp.o
[ 53%] Building CXX object CMakeFiles/unicalib.dir/src/ikalibr/sensor/rgbd.cpp.o
[ 53%] Building CXX object CMakeFiles/unicalib.dir/src/ikalibr/sensor/lidar.cpp.o
[ 53%] Building CXX object CMakeFiles/unicalib.dir/src/ikalibr/sensor/camera.cpp.o
[ 53%] Building CXX object CMakeFiles/unicalib.dir/src/ikalibr/sensor/radar.cpp.o
[ 53%] Building CXX object CMakeFiles/unicalib.dir/src/ikalibr/sensor/event.cpp.o
[ 54%] Building CXX object CMakeFiles/unicalib.dir/src/ikalibr/sensor/sensor_model.cpp.o
[ 54%] Building CXX object CMakeFiles/unicalib.dir/src/ikalibr/config/configor.cpp.o
[ 54%] Building CXX object CMakeFiles/unicalib.dir/src/ikalibr/calib/calib_param_manager.cpp.o
[ 54%] Building CXX object CMakeFiles/unicalib.dir/src/ikalibr/calib/estimator.cpp.o
[ 55%] Building CXX object CMakeFiles/unicalib.dir/src/ikalibr/calib/calib_data_manager.cpp.o
[ 55%] Building CXX object CMakeFiles/unicalib.dir/src/ikalibr/calib/ceres_callback.cpp.o
[ 55%] Building CXX object CMakeFiles/unicalib.dir/src/ikalibr/core/rotation_estimator.cpp.o
[ 57%] Building CXX object CMakeFiles/unicalib.dir/src/ikalibr/calib/spat_temp_priori.cpp.o
[ 57%] Building CXX object CMakeFiles/unicalib.dir/src/ikalibr/core/lidar_odometer.cpp.o
[ 58%] Building CXX object CMakeFiles/unicalib.dir/src/ikalibr/core/pts_association.cpp.o
[ 58%] Building CXX object CMakeFiles/unicalib.dir/src/ikalibr/core/scan_undistortion.cpp.o
[ 58%] Building CXX object CMakeFiles/unicalib.dir/src/ikalibr/core/feature_tracking.cpp.o
cc1plus: warning: /opt/ros/humble/include/moveit_butterworth_filter_export.h: not a directory
cc1plus: warning: /opt/ros/humble/include/moveit_butterworth_filter_export.h: not a directory
cc1plus: warning: /opt/ros/humble/include/moveit_butterworth_filter_export.h: not a directory
cc1plus: warning: /opt/ros/humble/include/moveit_butterworth_filter_export.h: not a directory
cc1plus: warning: /opt/ros/humble/include/moveit_butterworth_filter_export.h: not a directory
cc1plus: warning: /opt/ros/humble/include/moveit_collision_detection_bullet_export.h: not a directory
cc1plus: warning: /opt/ros/humble/include/moveit_collision_detection_bullet_export.h: not a directory
cc1plus: warning: /opt/ros/humble/include/moveit_collision_detection_bullet_export.h: not a directory
cc1plus: warning: /opt/ros/humble/include/moveit_collision_detection_bullet_export.h: not a directory
cc1plus: warning: /opt/ros/humble/include/moveit_collision_detection_bullet_export.h: not a directory
cc1plus: warning: /opt/ros/humble/include/moveit_collision_detection_export.h: not a directory
cc1plus: warning: /opt/ros/humble/include/moveit_collision_detection_export.h: not a directory
cc1plus: warning: /opt/ros/humble/include/moveit_collision_detection_export.h: not a directory
cc1plus: warning: /opt/ros/humble/include/moveit_collision_detection_fcl_export.h: not a directory
cc1plus: warning: /opt/ros/humble/include/moveit_collision_detection_export.h: not a directory
cc1plus: warning: /opt/ros/humble/include/moveit_collision_detection_export.h: not a directory
cc1plus: warning: /opt/ros/humble/include/moveit_collision_detection_fcl_export.h: not a directory
cc1plus: warning: /opt/ros/humble/include/moveit_collision_detection_fcl_export.h: not a directory
cc1plus: warning: /opt/ros/humble/include/moveit_collision_detection_fcl_export.h: not a directory
cc1plus: warning: /opt/ros/humble/include/moveit_collision_detection_fcl_export.h: not a directory
cc1plus: warning: /opt/ros/humble/include/moveit_collision_distance_field_export.h: not a directory
cc1plus: warning: /opt/ros/humble/include/moveit_collision_distance_field_export.h: not a directory
cc1plus: warning: /opt/ros/humble/include/moveit_collision_distance_field_export.h: not a directory
cc1plus: warning: /opt/ros/humble/include/moveit_collision_distance_field_export.h: not a directory
cc1plus: warning: /opt/ros/humble/include/moveit_collision_distance_field_export.h: not a directory
cc1plus: warning: /opt/ros/humble/include/moveit_kinematics_base_export.h: not a directory
cc1plus: warning: /opt/ros/humble/include/moveit_kinematics_base_export.h: not a directory
cc1plus: warning: /opt/ros/humble/include/moveit_kinematics_base_export.h: not a directory
cc1plus: warning: /opt/ros/humble/include/moveit_kinematics_base_export.h: not a directory
cc1plus: warning: /opt/ros/humble/include/moveit_kinematics_base_export.h: not a directory
cc1plus: warning: /opt/ros/humble/include/moveit_move_group_interface_export.h: not a directory
cc1plus: warning: /opt/ros/humble/include/moveit_move_group_interface_export.h: not a directory
cc1plus: warning: /opt/ros/humble/include/moveit_move_group_interface_export.h: not a directory
cc1plus: warning: /opt/ros/humble/include/moveit_move_group_interface_export.h: not a directory
cc1plus: warning: /opt/ros/humble/include/moveit_move_group_interface_export.h: not a directory
cc1plus: warning: /opt/ros/humble/include/moveit_butterworth_filter_export.h: not a directory
cc1plus: warning: /opt/ros/humble/include/moveit_collision_detection_bullet_export.h: not a directory
cc1plus: warning: /opt/ros/humble/include/moveit_collision_detection_export.h: not a directory
cc1plus: warning: /opt/ros/humble/include/moveit_collision_detection_fcl_export.h: not a directory
cc1plus: warning: /opt/ros/humble/include/moveit_collision_distance_field_export.h: not a directory
cc1plus: warning: /opt/ros/humble/include/moveit_kinematics_base_export.h: not a directory
cc1plus: warning: /opt/ros/humble/include/moveit_move_group_interface_export.h: not a directory
cc1plus: warning: /opt/ros/humble/include/moveit_planning_pipeline_export.h: not a directory
cc1plus: warning: /opt/ros/humble/include/moveit_planning_pipeline_export.h: not a directory
cc1plus: warning: /opt/ros/humble/include/moveit_planning_pipeline_export.h: not a directory
cc1plus: warning: /opt/ros/humble/include/moveit_planning_pipeline_export.h: not a directory
cc1plus: warning: /opt/ros/humble/include/moveit_planning_scene_export.h: not a directory
cc1plus: warning: /opt/ros/humble/include/moveit_planning_pipeline_export.h: not a directory
cc1plus: warning: /opt/ros/humble/include/moveit_planning_scene_export.h: not a directory
cc1plus: warning: /opt/ros/humble/include/moveit_planning_scene_export.h: not a directory
cc1plus: warning: /opt/ros/humble/include/moveit_planning_pipeline_export.h: not a directory
cc1plus: warning: /opt/ros/humble/include/moveit_planning_scene_export.h: not a directory
cc1plus: warning: /opt/ros/humble/include/moveit_planning_scene_monitor_export.h: not a directory
cc1plus: warning: /opt/ros/humble/include/moveit_planning_scene_monitor_export.h: not a directory
cc1plus: warning: /opt/ros/humble/include/moveit_planning_scene_monitor_export.h: not a directory
cc1plus: warning: /opt/ros/humble/include/moveit_planning_scene_monitor_export.h: not a directory
cc1plus: warning: /opt/ros/humble/include/moveit_planning_scene_export.h: not a directory
cc1plus: warning: /opt/ros/humble/include/moveit_smoothing_base_export.h: not a directory
cc1plus: warning: /opt/ros/humble/include/moveit_planning_scene_export.h: not a directory
cc1plus: warning: /opt/ros/humble/include/moveit_smoothing_base_export.h: not a directory
cc1plus: warning: /opt/ros/humble/include/moveit_planning_scene_monitor_export.h: not a directory
cc1plus: warning: /opt/ros/humble/include/moveit_smoothing_base_export.h: not a directory
cc1plus: warning: /opt/ros/humble/include/moveit_smoothing_base_export.h: not a directory
cc1plus: warning: /opt/ros/humble/include/moveit_smoothing_base_export.h: not a directory
cc1plus: warning: /opt/ros/humble/include/moveit_planning_scene_monitor_export.h: not a directory
cc1plus: warning: /opt/ros/humble/include/moveit_trajectory_execution_manager_export.h: not a directory
cc1plus: warning: /opt/ros/humble/include/moveit_trajectory_execution_manager_export.h: not a directory
cc1plus: warning: /opt/ros/humble/include/moveit_trajectory_execution_manager_export.h: not a directory
cc1plus: warning: /opt/ros/humble/include/moveit_trajectory_execution_manager_export.h: not a directory
cc1plus: warning: /opt/ros/humble/include/moveit_smoothing_base_export.h: not a directory
cc1plus: warning: /opt/ros/humble/include/moveit_trajectory_execution_manager_export.h: not a directory
cc1plus: warning: /opt/ros/humble/include/moveit_warehouse_export.h: not a directory
cc1plus: warning: /opt/ros/humble/include/moveit_warehouse_export.h: not a directory
cc1plus: warning: /opt/ros/humble/include/moveit_warehouse_export.h: not a directory
cc1plus: warning: /opt/ros/humble/include/moveit_trajectory_execution_manager_export.h: not a directory
cc1plus: warning: /opt/ros/humble/include/moveit_warehouse_export.h: not a directory
cc1plus: warning: /opt/ros/humble/include/moveit_warehouse_export.h: not a directory
cc1plus: warning: /opt/ros/humble/include/moveit_warehouse_export.h: not a directory
cc1plus: warning: /opt/ros/humble/include/moveit_butterworth_filter_export.h: not a directory
cc1plus: warning: /opt/ros/humble/include/moveit_collision_detection_bullet_export.h: not a directory
cc1plus: warning: /opt/ros/humble/include/moveit_collision_detection_export.h: not a directory
cc1plus: warning: /opt/ros/humble/include/moveit_collision_detection_fcl_export.h: not a directory
cc1plus: warning: /opt/ros/humble/include/moveit_collision_distance_field_export.h: not a directory
cc1plus: warning: /opt/ros/humble/include/moveit_kinematics_base_export.h: not a directory
cc1plus: warning: /opt/ros/humble/include/moveit_move_group_interface_export.h: not a directory
cc1plus: warning: /opt/ros/humble/include/moveit_planning_pipeline_export.h: not a directory
cc1plus: warning: /opt/ros/humble/include/moveit_planning_scene_export.h: not a directory
cc1plus: warning: /opt/ros/humble/include/moveit_planning_scene_monitor_export.h: not a directory
cc1plus: warning: /opt/ros/humble/include/moveit_smoothing_base_export.h: not a directory
cc1plus: warning: /opt/ros/humble/include/moveit_trajectory_execution_manager_export.h: not a directory
cc1plus: warning: /opt/ros/humble/include/moveit_warehouse_export.h: not a directory
cc1plus: warning: /opt/ros/humble/include/moveit_butterworth_filter_export.h: not a directory
cc1plus: warning: /opt/ros/humble/include/moveit_collision_detection_bullet_export.h: not a directory
cc1plus: warning: /opt/ros/humble/include/moveit_collision_detection_export.h: not a directory
cc1plus: warning: /opt/ros/humble/include/moveit_collision_detection_fcl_export.h: not a directory
cc1plus: warning: /opt/ros/humble/include/moveit_collision_distance_field_export.h: not a directory
[ 59%] Building CXX object CMakeFiles/unicalib.dir/src/ikalibr/core/optical_flow_trace.cpp.o
cc1plus: warning: /opt/ros/humble/include/moveit_kinematics_base_export.h: not a directory
cc1plus: warning: /opt/ros/humble/include/moveit_move_group_interface_export.h: not a directory
cc1plus: warning: /opt/ros/humble/include/moveit_planning_pipeline_export.h: not a directory
cc1plus: warning: /opt/ros/humble/include/moveit_planning_scene_export.h: not a directory
cc1plus: warning: /opt/ros/humble/include/moveit_planning_scene_monitor_export.h: not a directory
cc1plus: warning: /opt/ros/humble/include/moveit_smoothing_base_export.h: not a directory
cc1plus: warning: /opt/ros/humble/include/moveit_trajectory_execution_manager_export.h: not a directory
cc1plus: warning: /opt/ros/humble/include/moveit_warehouse_export.h: not a directory
cc1plus: warning: /opt/ros/humble/include/moveit_butterworth_filter_export.h: not a directory
cc1plus: warning: /opt/ros/humble/include/moveit_collision_detection_bullet_export.h: not a directory
cc1plus: warning: /opt/ros/humble/include/moveit_collision_detection_export.h: not a directory
cc1plus: warning: /opt/ros/humble/include/moveit_collision_detection_fcl_export.h: not a directory
cc1plus: warning: /opt/ros/humble/include/moveit_collision_distance_field_export.h: not a directory
cc1plus: warning: /opt/ros/humble/include/moveit_kinematics_base_export.h: not a directory
cc1plus: warning: /opt/ros/humble/include/moveit_move_group_interface_export.h: not a directory
cc1plus: warning: /opt/ros/humble/include/moveit_planning_pipeline_export.h: not a directory
cc1plus: warning: /opt/ros/humble/include/moveit_planning_scene_export.h: not a directory
cc1plus: warning: /opt/ros/humble/include/moveit_planning_scene_monitor_export.h: not a directory
cc1plus: warning: /opt/ros/humble/include/moveit_smoothing_base_export.h: not a directory
cc1plus: warning: /opt/ros/humble/include/moveit_trajectory_execution_manager_export.h: not a directory
cc1plus: warning: /opt/ros/humble/include/moveit_warehouse_export.h: not a directory
cc1plus: warning: /opt/ros/humble/include/moveit_butterworth_filter_export.h: not a directory
cc1plus: warning: /opt/ros/humble/include/moveit_collision_detection_bullet_export.h: not a directory
cc1plus: warning: /opt/ros/humble/include/moveit_collision_detection_export.h: not a directory
cc1plus: warning: /opt/ros/humble/include/moveit_collision_detection_fcl_export.h: not a directory
cc1plus: warning: /opt/ros/humble/include/moveit_collision_distance_field_export.h: not a directory
cc1plus: warning: /opt/ros/humble/include/moveit_kinematics_base_export.h: not a directory
cc1plus: warning: /opt/ros/humble/include/moveit_move_group_interface_export.h: not a directory
cc1plus: warning: /opt/ros/humble/include/moveit_planning_pipeline_export.h: not a directory
cc1plus: warning: /opt/ros/humble/include/moveit_planning_scene_export.h: not a directory
cc1plus: warning: /opt/ros/humble/include/moveit_planning_scene_monitor_export.h: not a directory
cc1plus: warning: /opt/ros/humble/include/moveit_smoothing_base_export.h: not a directory
cc1plus: warning: /opt/ros/humble/include/moveit_trajectory_execution_manager_export.h: not a directory
cc1plus: warning: /opt/ros/humble/include/moveit_warehouse_export.h: not a directory
cc1plus: warning: /opt/ros/humble/include/moveit_butterworth_filter_export.h: not a directory
cc1plus: warning: /opt/ros/humble/include/moveit_collision_detection_bullet_export.h: not a directory
cc1plus: warning: /opt/ros/humble/include/moveit_collision_detection_export.h: not a directory
cc1plus: warning: /opt/ros/humble/include/moveit_collision_detection_fcl_export.h: not a directory
cc1plus: warning: /opt/ros/humble/include/moveit_collision_distance_field_export.h: not a directory
cc1plus: warning: /opt/ros/humble/include/moveit_kinematics_base_export.h: not a directory
cc1plus: warning: /opt/ros/humble/include/moveit_move_group_interface_export.h: not a directory
cc1plus: warning: /opt/ros/humble/include/moveit_planning_pipeline_export.h: not a directory
cc1plus: warning: /opt/ros/humble/include/moveit_planning_scene_export.h: not a directory
cc1plus: warning: /opt/ros/humble/include/moveit_planning_scene_monitor_export.h: not a directory
cc1plus: warning: /opt/ros/humble/include/moveit_smoothing_base_export.h: not a directory
cc1plus: warning: /opt/ros/humble/include/moveit_trajectory_execution_manager_export.h: not a directory
cc1plus: warning: /opt/ros/humble/include/moveit_warehouse_export.h: not a directory
cc1plus: warning: /opt/ros/humble/include/moveit_butterworth_filter_export.h: not a directory
cc1plus: warning: /opt/ros/humble/include/moveit_collision_detection_bullet_export.h: not a directory
cc1plus: warning: /opt/ros/humble/include/moveit_collision_detection_export.h: not a directory
cc1plus: warning: /opt/ros/humble/include/moveit_collision_detection_fcl_export.h: not a directory
cc1plus: warning: /opt/ros/humble/include/moveit_collision_distance_field_export.h: not a directory
cc1plus: warning: /opt/ros/humble/include/moveit_kinematics_base_export.h: not a directory
cc1plus: warning: /opt/ros/humble/include/moveit_move_group_interface_export.h: not a directory
cc1plus: warning: /opt/ros/humble/include/moveit_planning_pipeline_export.h: not a directory
cc1plus: warning: /opt/ros/humble/include/moveit_planning_scene_export.h: not a directory
cc1plus: warning: /opt/ros/humble/include/moveit_planning_scene_monitor_export.h: not a directory
cc1plus: warning: /opt/ros/humble/include/moveit_smoothing_base_export.h: not a directory
cc1plus: warning: /opt/ros/humble/include/moveit_trajectory_execution_manager_export.h: not a directory
cc1plus: warning: /opt/ros/humble/include/moveit_warehouse_export.h: not a directory
[ 59%] Building CXX object CMakeFiles/unicalib.dir/src/ikalibr/core/visual_distortion.cpp.o
cc1plus: warning: /opt/ros/humble/include/moveit_butterworth_filter_export.h: not a directory
cc1plus: warning: /opt/ros/humble/include/moveit_collision_detection_bullet_export.h: not a directory
cc1plus: warning: /opt/ros/humble/include/moveit_collision_detection_export.h: not a directory
cc1plus: warning: /opt/ros/humble/include/moveit_collision_detection_fcl_export.h: not a directory
cc1plus: warning: /opt/ros/humble/include/moveit_collision_distance_field_export.h: not a directory
cc1plus: warning: /opt/ros/humble/include/moveit_kinematics_base_export.h: not a directory
cc1plus: warning: /opt/ros/humble/include/moveit_move_group_interface_export.h: not a directory
cc1plus: warning: /opt/ros/humble/include/moveit_planning_pipeline_export.h: not a directory
cc1plus: warning: /opt/ros/humble/include/moveit_planning_scene_export.h: not a directory
cc1plus: warning: /opt/ros/humble/include/moveit_planning_scene_monitor_export.h: not a directory
cc1plus: warning: /opt/ros/humble/include/moveit_smoothing_base_export.h: not a directory
cc1plus: warning: /opt/ros/humble/include/moveit_trajectory_execution_manager_export.h: not a directory
cc1plus: warning: /opt/ros/humble/include/moveit_warehouse_export.h: not a directory
[ 61%] Building CXX object CMakeFiles/unicalib.dir/src/ikalibr/core/visual_velocity_estimator.cpp.o
[ 61%] Building CXX object CMakeFiles/unicalib.dir/src/ikalibr/core/visual_reproj_association.cpp.o
[ 61%] Building CXX object CMakeFiles/unicalib.dir/src/ikalibr/core/visual_velocity_sac.cpp.o
[ 62%] Building CXX object CMakeFiles/unicalib.dir/src/ikalibr/core/colmap_data_io.cpp.o
cc1plus: warning: /opt/ros/humble/include/moveit_butterworth_filter_export.h: not a directory
cc1plus: warning: /opt/ros/humble/include/moveit_collision_detection_bullet_export.h: not a directory
cc1plus: warning: /opt/ros/humble/include/moveit_collision_detection_export.h: not a directory
cc1plus: warning: /opt/ros/humble/include/moveit_collision_detection_fcl_export.h: not a directory
cc1plus: warning: /opt/ros/humble/include/moveit_collision_distance_field_export.h: not a directory
cc1plus: warning: /opt/ros/humble/include/moveit_kinematics_base_export.h: not a directory
cc1plus: warning: /opt/ros/humble/include/moveit_move_group_interface_export.h: not a directory
cc1plus: warning: /opt/ros/humble/include/moveit_planning_pipeline_export.h: not a directory
cc1plus: warning: /opt/ros/humble/include/moveit_planning_scene_export.h: not a directory
cc1plus: warning: /opt/ros/humble/include/moveit_planning_scene_monitor_export.h: not a directory
cc1plus: warning: /opt/ros/humble/include/moveit_smoothing_base_export.h: not a directory
cc1plus: warning: /opt/ros/humble/include/moveit_trajectory_execution_manager_export.h: not a directory
cc1plus: warning: /opt/ros/humble/include/moveit_warehouse_export.h: not a directory
[ 62%] Building CXX object CMakeFiles/unicalib.dir/src/ikalibr/core/rot_only_vo.cpp.o
[ 62%] Building CXX object CMakeFiles/unicalib.dir/src/ikalibr/core/radar_velocity_sac.cpp.o
cc1plus: warning: /opt/ros/humble/include/moveit_butterworth_filter_export.h: not a directory
cc1plus: warning: /opt/ros/humble/include/moveit_collision_detection_bullet_export.h: not a directory
cc1plus: warning: /opt/ros/humble/include/moveit_collision_detection_export.h: not a directory
cc1plus: warning: /opt/ros/humble/include/moveit_collision_detection_fcl_export.h: not a directory
cc1plus: warning: /opt/ros/humble/include/moveit_collision_distance_field_export.h: not a directory
cc1plus: warning: /opt/ros/humble/include/moveit_kinematics_base_export.h: not a directory
cc1plus: warning: /opt/ros/humble/include/moveit_move_group_interface_export.h: not a directory
cc1plus: warning: /opt/ros/humble/include/moveit_planning_pipeline_export.h: not a directory
cc1plus: warning: /opt/ros/humble/include/moveit_planning_scene_export.h: not a directory
cc1plus: warning: /opt/ros/humble/include/moveit_planning_scene_monitor_export.h: not a directory
cc1plus: warning: /opt/ros/humble/include/moveit_smoothing_base_export.h: not a directory
cc1plus: warning: /opt/ros/humble/include/moveit_trajectory_execution_manager_export.h: not a directory
cc1plus: warning: /opt/ros/humble/include/moveit_warehouse_export.h: not a directory
cc1plus: warning: /opt/ros/humble/include/moveit_butterworth_filter_export.h: not a directory
cc1plus: warning: /opt/ros/humble/include/moveit_collision_detection_bullet_export.h: not a directory
cc1plus: warning: /opt/ros/humble/include/moveit_collision_detection_export.h: not a directory
cc1plus: warning: /opt/ros/humble/include/moveit_collision_detection_fcl_export.h: not a directory
cc1plus: warning: /opt/ros/humble/include/moveit_collision_distance_field_export.h: not a directory
cc1plus: warning: /opt/ros/humble/include/moveit_kinematics_base_export.h: not a directory
cc1plus: warning: /opt/ros/humble/include/moveit_move_group_interface_export.h: not a directory
cc1plus: warning: /opt/ros/humble/include/moveit_planning_pipeline_export.h: not a directory
cc1plus: warning: /opt/ros/humble/include/moveit_planning_scene_export.h: not a directory
cc1plus: warning: /opt/ros/humble/include/moveit_planning_scene_monitor_export.h: not a directory
cc1plus: warning: /opt/ros/humble/include/moveit_smoothing_base_export.h: not a directory
cc1plus: warning: /opt/ros/humble/include/moveit_trajectory_execution_manager_export.h: not a directory
cc1plus: warning: /opt/ros/humble/include/moveit_warehouse_export.h: not a directory
cc1plus: warning: /opt/ros/humble/include/moveit_butterworth_filter_export.h: not a directory
cc1plus: warning: /opt/ros/humble/include/moveit_collision_detection_bullet_export.h: not a directory
cc1plus: warning: /opt/ros/humble/include/moveit_collision_detection_export.h: not a directory
cc1plus: warning: /opt/ros/humble/include/moveit_collision_detection_fcl_export.h: not a directory
cc1plus: warning: /opt/ros/humble/include/moveit_collision_distance_field_export.h: not a directory
cc1plus: warning: /opt/ros/humble/include/moveit_kinematics_base_export.h: not a directory
cc1plus: warning: /opt/ros/humble/include/moveit_move_group_interface_export.h: not a directory
cc1plus: warning: /opt/ros/humble/include/moveit_planning_pipeline_export.h: not a directory
cc1plus: warning: /opt/ros/humble/include/moveit_planning_scene_export.h: not a directory
cc1plus: warning: /opt/ros/humble/include/moveit_planning_scene_monitor_export.h: not a directory
cc1plus: warning: /opt/ros/humble/include/moveit_smoothing_base_export.h: not a directory
cc1plus: warning: /opt/ros/humble/include/moveit_trajectory_execution_manager_export.h: not a directory
cc1plus: warning: /opt/ros/humble/include/moveit_warehouse_export.h: not a directory
cc1plus: warning: /opt/ros/humble/include/moveit_butterworth_filter_export.h: not a directory
cc1plus: warning: /opt/ros/humble/include/moveit_collision_detection_bullet_export.h: not a directory
cc1plus: warning: /opt/ros/humble/include/moveit_collision_detection_export.h: not a directory
cc1plus: warning: /opt/ros/humble/include/moveit_collision_detection_fcl_export.h: not a directory
cc1plus: warning: /opt/ros/humble/include/moveit_collision_distance_field_export.h: not a directory
cc1plus: warning: /opt/ros/humble/include/moveit_kinematics_base_export.h: not a directory
cc1plus: warning: /opt/ros/humble/include/moveit_move_group_interface_export.h: not a directory
cc1plus: warning: /opt/ros/humble/include/moveit_planning_pipeline_export.h: not a directory
cc1plus: warning: /opt/ros/humble/include/moveit_planning_scene_export.h: not a directory
cc1plus: warning: /opt/ros/humble/include/moveit_planning_scene_monitor_export.h: not a directory
cc1plus: warning: /opt/ros/humble/include/moveit_smoothing_base_export.h: not a directory
cc1plus: warning: /opt/ros/humble/include/moveit_trajectory_execution_manager_export.h: not a directory
cc1plus: warning: /opt/ros/humble/include/moveit_warehouse_export.h: not a directory
cc1plus: warning: /opt/ros/humble/include/moveit_butterworth_filter_export.h: not a directory
cc1plus: warning: /opt/ros/humble/include/moveit_collision_detection_bullet_export.h: not a directory
cc1plus: warning: /opt/ros/humble/include/moveit_butterworth_filter_export.h: not a directory
cc1plus: warning: /opt/ros/humble/include/moveit_collision_detection_export.h: not a directory
cc1plus: warning: /opt/ros/humble/include/moveit_collision_detection_fcl_export.h: not a directory
cc1plus: warning: /opt/ros/humble/include/moveit_collision_detection_bullet_export.h: not a directory
cc1plus: warning: /opt/ros/humble/include/moveit_collision_distance_field_export.h: not a directory
cc1plus: warning: /opt/ros/humble/include/moveit_collision_detection_export.h: not a directory
cc1plus: warning: /opt/ros/humble/include/moveit_kinematics_base_export.h: not a directory
cc1plus: warning: /opt/ros/humble/include/moveit_collision_detection_fcl_export.h: not a directory
cc1plus: warning: /opt/ros/humble/include/moveit_move_group_interface_export.h: not a directory
cc1plus: warning: /opt/ros/humble/include/moveit_collision_distance_field_export.h: not a directory
cc1plus: warning: /opt/ros/humble/include/moveit_planning_pipeline_export.h: not a directory
cc1plus: warning: /opt/ros/humble/include/moveit_kinematics_base_export.h: not a directory
cc1plus: warning: /opt/ros/humble/include/moveit_planning_scene_export.h: not a directory
cc1plus: warning: /opt/ros/humble/include/moveit_move_group_interface_export.h: not a directory
cc1plus: warning: /opt/ros/humble/include/moveit_planning_scene_monitor_export.h: not a directory
cc1plus: warning: /opt/ros/humble/include/moveit_planning_pipeline_export.h: not a directory
cc1plus: warning: /opt/ros/humble/include/moveit_smoothing_base_export.h: not a directory
cc1plus: warning: /opt/ros/humble/include/moveit_planning_scene_export.h: not a directory
cc1plus: warning: /opt/ros/humble/include/moveit_trajectory_execution_manager_export.h: not a directory
cc1plus: warning: /opt/ros/humble/include/moveit_planning_scene_monitor_export.h: not a directory
cc1plus: warning: /opt/ros/humble/include/moveit_warehouse_export.h: not a directory
cc1plus: warning: /opt/ros/humble/include/moveit_smoothing_base_export.h: not a directory
cc1plus: warning: /opt/ros/humble/include/moveit_trajectory_execution_manager_export.h: not a directory
cc1plus: warning: /opt/ros/humble/include/moveit_warehouse_export.h: not a directory
cc1plus: warning: /opt/ros/humble/include/moveit_butterworth_filter_export.h: not a directory
cc1plus: warning: /opt/ros/humble/include/moveit_collision_detection_bullet_export.h: not a directory
cc1plus: warning: /opt/ros/humble/include/moveit_collision_detection_export.h: not a directory
cc1plus: warning: /opt/ros/humble/include/moveit_collision_detection_fcl_export.h: not a directory
cc1plus: warning: /opt/ros/humble/include/moveit_collision_distance_field_export.h: not a directory
cc1plus: warning: /opt/ros/humble/include/moveit_kinematics_base_export.h: not a directory
cc1plus: warning: /opt/ros/humble/include/moveit_move_group_interface_export.h: not a directory
cc1plus: warning: /opt/ros/humble/include/moveit_planning_pipeline_export.h: not a directory
cc1plus: warning: /opt/ros/humble/include/moveit_planning_scene_export.h: not a directory
cc1plus: warning: /opt/ros/humble/include/moveit_planning_scene_monitor_export.h: not a directory
cc1plus: warning: /opt/ros/humble/include/moveit_smoothing_base_export.h: not a directory
cc1plus: warning: /opt/ros/humble/include/moveit_trajectory_execution_manager_export.h: not a directory
cc1plus: warning: /opt/ros/humble/include/moveit_warehouse_export.h: not a directory
cc1plus: warning: /opt/ros/humble/include/moveit_butterworth_filter_export.h: not a directory
cc1plus: warning: /opt/ros/humble/include/moveit_collision_detection_bullet_export.h: not a directory
cc1plus: warning: /opt/ros/humble/include/moveit_collision_detection_export.h: not a directory
cc1plus: warning: /opt/ros/humble/include/moveit_collision_detection_fcl_export.h: not a directory
cc1plus: warning: /opt/ros/humble/include/moveit_collision_distance_field_export.h: not a directory
cc1plus: warning: /opt/ros/humble/include/moveit_kinematics_base_export.h: not a directory
cc1plus: warning: /opt/ros/humble/include/moveit_move_group_interface_export.h: not a directory
cc1plus: warning: /opt/ros/humble/include/moveit_planning_pipeline_export.h: not a directory
cc1plus: warning: /opt/ros/humble/include/moveit_planning_scene_export.h: not a directory
cc1plus: warning: /opt/ros/humble/include/moveit_planning_scene_monitor_export.h: not a directory
cc1plus: warning: /opt/ros/humble/include/moveit_smoothing_base_export.h: not a directory
cc1plus: warning: /opt/ros/humble/include/moveit_trajectory_execution_manager_export.h: not a directory
cc1plus: warning: /opt/ros/humble/include/moveit_warehouse_export.h: not a directory
cc1plus: warning: /opt/ros/humble/include/moveit_butterworth_filter_export.h: not a directory
cc1plus: warning: /opt/ros/humble/include/moveit_collision_detection_bullet_export.h: not a directory
cc1plus: warning: /opt/ros/humble/include/moveit_collision_detection_export.h: not a directory
cc1plus: warning: /opt/ros/humble/include/moveit_collision_detection_fcl_export.h: not a directory
cc1plus: warning: /opt/ros/humble/include/moveit_collision_distance_field_export.h: not a directory
cc1plus: warning: /opt/ros/humble/include/moveit_kinematics_base_export.h: not a directory
cc1plus: warning: /opt/ros/humble/include/moveit_move_group_interface_export.h: not a directory
cc1plus: warning: /opt/ros/humble/include/moveit_planning_pipeline_export.h: not a directory
cc1plus: warning: /opt/ros/humble/include/moveit_planning_scene_export.h: not a directory
cc1plus: warning: /opt/ros/humble/include/moveit_planning_scene_monitor_export.h: not a directory
cc1plus: warning: /opt/ros/humble/include/moveit_smoothing_base_export.h: not a directory
cc1plus: warning: /opt/ros/humble/include/moveit_trajectory_execution_manager_export.h: not a directory
cc1plus: warning: /opt/ros/humble/include/moveit_warehouse_export.h: not a directory
cc1plus: warning: /opt/ros/humble/include/moveit_butterworth_filter_export.h: not a directory
cc1plus: warning: /opt/ros/humble/include/moveit_collision_detection_bullet_export.h: not a directory
cc1plus: warning: /opt/ros/humble/include/moveit_collision_detection_export.h: not a directory
cc1plus: warning: /opt/ros/humble/include/moveit_collision_detection_fcl_export.h: not a directory
cc1plus: warning: /opt/ros/humble/include/moveit_collision_distance_field_export.h: not a directory
cc1plus: warning: /opt/ros/humble/include/moveit_kinematics_base_export.h: not a directory
cc1plus: warning: /opt/ros/humble/include/moveit_move_group_interface_export.h: not a directory
cc1plus: warning: /opt/ros/humble/include/moveit_planning_pipeline_export.h: not a directory
cc1plus: warning: /opt/ros/humble/include/moveit_planning_scene_export.h: not a directory
cc1plus: warning: /opt/ros/humble/include/moveit_planning_scene_monitor_export.h: not a directory
cc1plus: warning: /opt/ros/humble/include/moveit_smoothing_base_export.h: not a directory
cc1plus: warning: /opt/ros/humble/include/moveit_trajectory_execution_manager_export.h: not a directory
cc1plus: warning: /opt/ros/humble/include/moveit_warehouse_export.h: not a directory
cc1plus: warning: /opt/ros/humble/include/moveit_butterworth_filter_export.h: not a directory
cc1plus: warning: /opt/ros/humble/include/moveit_collision_detection_bullet_export.h: not a directory
cc1plus: warning: /opt/ros/humble/include/moveit_collision_detection_export.h: not a directory
cc1plus: warning: /opt/ros/humble/include/moveit_collision_detection_fcl_export.h: not a directory
cc1plus: warning: /opt/ros/humble/include/moveit_collision_distance_field_export.h: not a directory
cc1plus: warning: /opt/ros/humble/include/moveit_kinematics_base_export.h: not a directory
cc1plus: warning: /opt/ros/humble/include/moveit_move_group_interface_export.h: not a directory
cc1plus: warning: /opt/ros/humble/include/moveit_planning_pipeline_export.h: not a directory
cc1plus: warning: /opt/ros/humble/include/moveit_planning_scene_export.h: not a directory
cc1plus: warning: /opt/ros/humble/include/moveit_planning_scene_monitor_export.h: not a directory
cc1plus: warning: /opt/ros/humble/include/moveit_smoothing_base_export.h: not a directory
cc1plus: warning: /opt/ros/humble/include/moveit_trajectory_execution_manager_export.h: not a directory
cc1plus: warning: /opt/ros/humble/include/moveit_warehouse_export.h: not a directory
cc1plus: warning: /opt/ros/humble/include/moveit_butterworth_filter_export.h: not a directory
cc1plus: warning: /opt/ros/humble/include/moveit_collision_detection_bullet_export.h: not a directory
cc1plus: warning: /opt/ros/humble/include/moveit_collision_detection_export.h: not a directory
cc1plus: warning: /opt/ros/humble/include/moveit_collision_detection_fcl_export.h: not a directory
cc1plus: warning: /opt/ros/humble/include/moveit_collision_distance_field_export.h: not a directory
cc1plus: warning: /opt/ros/humble/include/moveit_kinematics_base_export.h: not a directory
cc1plus: warning: /opt/ros/humble/include/moveit_move_group_interface_export.h: not a directory
cc1plus: warning: /opt/ros/humble/include/moveit_planning_pipeline_export.h: not a directory
cc1plus: warning: /opt/ros/humble/include/moveit_planning_scene_export.h: not a directory
cc1plus: warning: /opt/ros/humble/include/moveit_planning_scene_monitor_export.h: not a directory
cc1plus: warning: /opt/ros/humble/include/moveit_smoothing_base_export.h: not a directory
cc1plus: warning: /opt/ros/humble/include/moveit_trajectory_execution_manager_export.h: not a directory
cc1plus: warning: /opt/ros/humble/include/moveit_warehouse_export.h: not a directory
cc1plus: warning: /opt/ros/humble/include/moveit_butterworth_filter_export.h: not a directory
cc1plus: warning: /opt/ros/humble/include/moveit_collision_detection_bullet_export.h: not a directory
cc1plus: warning: /opt/ros/humble/include/moveit_collision_detection_export.h: not a directory
cc1plus: warning: /opt/ros/humble/include/moveit_collision_detection_fcl_export.h: not a directory
cc1plus: warning: /opt/ros/humble/include/moveit_collision_distance_field_export.h: not a directory
cc1plus: warning: /opt/ros/humble/include/moveit_kinematics_base_export.h: not a directory
cc1plus: warning: /opt/ros/humble/include/moveit_move_group_interface_export.h: not a directory
cc1plus: warning: /opt/ros/humble/include/moveit_planning_pipeline_export.h: not a directory
cc1plus: warning: /opt/ros/humble/include/moveit_planning_scene_export.h: not a directory
cc1plus: warning: /opt/ros/humble/include/moveit_planning_scene_monitor_export.h: not a directory
cc1plus: warning: /opt/ros/humble/include/moveit_smoothing_base_export.h: not a directory
cc1plus: warning: /opt/ros/humble/include/moveit_trajectory_execution_manager_export.h: not a directory
cc1plus: warning: /opt/ros/humble/include/moveit_warehouse_export.h: not a directory
cc1plus: warning: /opt/ros/humble/include/moveit_butterworth_filter_export.h: not a directory
cc1plus: warning: /opt/ros/humble/include/moveit_collision_detection_bullet_export.h: not a directory
cc1plus: warning: /opt/ros/humble/include/moveit_collision_detection_export.h: not a directory
cc1plus: warning: /opt/ros/humble/include/moveit_collision_detection_fcl_export.h: not a directory
cc1plus: warning: /opt/ros/humble/include/moveit_collision_distance_field_export.h: not a directory
cc1plus: warning: /opt/ros/humble/include/moveit_kinematics_base_export.h: not a directory
cc1plus: warning: /opt/ros/humble/include/moveit_move_group_interface_export.h: not a directory
cc1plus: warning: /opt/ros/humble/include/moveit_planning_pipeline_export.h: not a directory
cc1plus: warning: /opt/ros/humble/include/moveit_planning_scene_export.h: not a directory
cc1plus: warning: /opt/ros/humble/include/moveit_planning_scene_monitor_export.h: not a directory
cc1plus: warning: /opt/ros/humble/include/moveit_smoothing_base_export.h: not a directory
cc1plus: warning: /opt/ros/humble/include/moveit_trajectory_execution_manager_export.h: not a directory
cc1plus: warning: /opt/ros/humble/include/moveit_warehouse_export.h: not a directory
/root/calib_ws/calib_unified/src/ikalibr/core/rotation_estimator.cpp: In static member function ‘static std::vector<Eigen::Matrix<double, 4, 4> > ns_ikalibr::RotationEstimator::OrganizeCoeffMatSeq(const So3SplineType&, const RelRotationSequence&)’:
/root/calib_ws/calib_unified/src/ikalibr/core/rotation_estimator.cpp:112:21: error: ‘const So3SplineType’ {aka ‘const class ns_ctraj::So3SplineWrapper<4>’} has no member named ‘TimeStampInRange’
  112 |         if (!spline.TimeStampInRange(curTime) || !spline.TimeStampInRange(lastTime)) {
      |                     ^~~~~~~~~~~~~~~~
/root/calib_ws/calib_unified/src/ikalibr/core/rotation_estimator.cpp:112:58: error: ‘const So3SplineType’ {aka ‘const class ns_ctraj::So3SplineWrapper<4>’} has no member named ‘TimeStampInRange’
  112 |         if (!spline.TimeStampInRange(curTime) || !spline.TimeStampInRange(lastTime)) {
      |                                                          ^~~~~~~~~~~~~~~~
