[0.017s] Invoking command in '/root/calib_ws/build/UniCalib': /opt/cmake/bin/cmake --build /root/calib_ws/build/UniCalib -- -j28 -l28
[0.151s] [  0%] Building CXX object thirdparty_build/Pangolin/CMakeFiles/pango_core.dir/components/pango_core/src/file_extension.cpp.o
[0.151s] [  0%] Building CXX object thirdparty_build/Pangolin/CMakeFiles/pango_core.dir/components/pango_core/src/file_utils.cpp.o
[0.151s] [  1%] Building CXX object thirdparty_build/Pangolin/CMakeFiles/pango_core.dir/components/pango_core/src/avx_math.cpp.o
[0.151s] [  1%] Building CXX object thirdparty_build/Pangolin/CMakeFiles/pango_core.dir/components/pango_core/src/uri.cpp.o
[0.151s] [  2%] Building CXX object thirdparty_build/Pangolin/CMakeFiles/pango_core.dir/components/pango_core/src/sigstate.cpp.o
[0.151s] [  2%] Building CXX object thirdparty_build/Pangolin/CMakeFiles/pango_core.dir/components/pango_core/src/param_set.cpp.o
[0.151s] [  2%] Building CXX object thirdparty_build/Pangolin/CMakeFiles/pango_core.dir/components/pango_core/src/threadedfilebuf.cpp.o
[0.152s] [  2%] Building CXX object thirdparty_build/Pangolin/CMakeFiles/pango_core.dir/components/pango_core/src/posix/condition_variable.cpp.o
[0.152s] [  2%] Building CXX object thirdparty_build/Pangolin/CMakeFiles/pango_core.dir/components/pango_core/src/posix/semaphore.cpp.o
[0.152s] [  2%] Building CXX object thirdparty_build/Pangolin/CMakeFiles/pango_core.dir/components/pango_core/src/factory/factory_registry.cpp.o
[0.152s] [  3%] Building CXX object thirdparty_build/Pangolin/CMakeFiles/pango_core.dir/components/pango_core/src/factory/factory_help.cpp.o
[0.152s] [  5%] Building CXX object thirdparty_build/Pangolin/CMakeFiles/pango_core.dir/components/pango_core/src/posix/shared_memory_buffer.cpp.o
[2.045s] [  5%] Linking CXX shared library ../../lib/libpango_core.so
[2.082s] [  5%] Built target pango_core
[2.089s] [  5%] Building CXX object thirdparty_build/Pangolin/CMakeFiles/pango_vars.dir/components/pango_vars/src/vars.cpp.o
[2.089s] [  6%] Building CXX object thirdparty_build/Pangolin/CMakeFiles/pango_vars.dir/components/pango_vars/src/varstate.cpp.o
[2.089s] [  6%] Building CXX object thirdparty_build/Pangolin/CMakeFiles/pango_image.dir/components/pango_image/src/image_io.cpp.o
[2.089s] [  6%] Building CXX object thirdparty_build/Pangolin/CMakeFiles/pango_image.dir/components/pango_image/src/image_io_exr.cpp.o
[2.090s] [  6%] Building CXX object thirdparty_build/Pangolin/CMakeFiles/pango_packetstream.dir/components/pango_packetstream/src/packetstream.cpp.o
[2.090s] [ 10%] Building CXX object thirdparty_build/Pangolin/CMakeFiles/pango_image.dir/components/pango_image/src/pixel_format.cpp.o
[2.090s] [  9%] Building CXX object thirdparty_build/Pangolin/CMakeFiles/pango_image.dir/components/pango_image/src/image_io_jpg.cpp.o
[2.090s] [ 10%] Building CXX object thirdparty_build/Pangolin/CMakeFiles/pango_packetstream.dir/components/pango_packetstream/src/packet.cpp.o
[2.091s] [ 11%] Building CXX object thirdparty_build/Pangolin/CMakeFiles/pango_packetstream.dir/components/pango_packetstream/src/packetstream_reader.cpp.o
[2.091s] [ 11%] Building CXX object thirdparty_build/Pangolin/CMakeFiles/pango_image.dir/components/pango_image/src/image_io_lz4.cpp.o
[2.091s] [ 11%] Building CXX object thirdparty_build/Pangolin/CMakeFiles/pango_image.dir/components/pango_image/src/image_io_packed12bit.cpp.o
[2.091s] [ 11%] Building CXX object thirdparty_build/Pangolin/CMakeFiles/pango_packetstream.dir/components/pango_packetstream/src/packetstream_writer.cpp.o
[2.091s] [ 11%] Building CXX object thirdparty_build/Pangolin/CMakeFiles/pango_image.dir/components/pango_image/src/image_io_png.cpp.o
[2.091s] [ 11%] Building CXX object thirdparty_build/Pangolin/CMakeFiles/pango_packetstream.dir/components/pango_packetstream/src/playback_session.cpp.o
[2.091s] [ 12%] Building CXX object thirdparty_build/Pangolin/CMakeFiles/pango_image.dir/components/pango_image/src/image_io_pango.cpp.o
[2.091s] [ 12%] Building CXX object thirdparty_build/Pangolin/CMakeFiles/pango_image.dir/components/pango_image/src/image_io_ppm.cpp.o
[2.091s] [ 14%] Building CXX object thirdparty_build/Pangolin/CMakeFiles/pango_image.dir/components/pango_image/src/image_io_raw.cpp.o
[2.091s] [ 14%] Building CXX object thirdparty_build/Pangolin/CMakeFiles/pango_image.dir/components/pango_image/src/image_io_tga.cpp.o
[2.091s] [ 15%] Building CXX object thirdparty_build/Pangolin/CMakeFiles/pango_image.dir/components/pango_image/src/image_io_zstd.cpp.o
[2.091s] [ 15%] Building CXX object thirdparty_build/Pangolin/CMakeFiles/pango_image.dir/components/pango_image/src/image_io_bmp.cpp.o
[2.091s] [ 15%] Building CXX object thirdparty_build/Pangolin/CMakeFiles/pango_image.dir/components/pango_image/src/image_io_libraw.cpp.o
[2.092s] [ 16%] Building CXX object thirdparty_build/Pangolin/CMakeFiles/pango_image.dir/components/pango_image/src/image_io_tiff.cpp.o
[3.424s] [ 16%] Linking CXX shared library ../../lib/libpango_image.so
[3.467s] [ 16%] Built target pango_image
[3.471s] [ 18%] Embedding /root/calib_ws/calib_unified/thirdparty/Pangolin/Pangolin-0.9.0/components/pango_opengl/shaders/colormaps.glsl.h;/root/calib_ws/calib_unified/thirdparty/Pangolin/Pangolin-0.9.0/components/pango_opengl/shaders/font.glsl.h;/root/calib_ws/calib_unified/thirdparty/Pangolin/Pangolin-0.9.0/components/pango_opengl/shaders/main_experiments.glsl;/root/calib_ws/calib_unified/thirdparty/Pangolin/Pangolin-0.9.0/components/pango_opengl/shaders/main_text.glsl;/root/calib_ws/calib_unified/thirdparty/Pangolin/Pangolin-0.9.0/components/pango_opengl/shaders/main_widgets.glsl;/root/calib_ws/calib_unified/thirdparty/Pangolin/Pangolin-0.9.0/components/pango_opengl/shaders/matcap.glsl.h;/root/calib_ws/calib_unified/thirdparty/Pangolin/Pangolin-0.9.0/components/pango_opengl/shaders/noise.glsl.h;/root/calib_ws/calib_unified/thirdparty/Pangolin/Pangolin-0.9.0/components/pango_opengl/shaders/sdf.glsl.h;/root/calib_ws/calib_unified/thirdparty/Pangolin/Pangolin-0.9.0/components/pango_opengl/shaders/utils.glsl.h into shaders.cpp
[3.471s] [ 18%] Embedding /root/calib_ws/calib_unified/thirdparty/Pangolin/Pangolin-0.9.0/components/pango_opengl/src/fonts/AnonymousPro.ttf into fonts.cpp
[3.577s] [ 18%] Building CXX object thirdparty_build/Pangolin/CMakeFiles/pango_opengl.dir/components/pango_opengl/src/glchar.cpp.o
[3.577s] [ 18%] Building CXX object thirdparty_build/Pangolin/CMakeFiles/pango_opengl.dir/components/pango_opengl/src/gldraw.cpp.o
[3.577s] [ 19%] Building CXX object thirdparty_build/Pangolin/CMakeFiles/pango_opengl.dir/components/pango_opengl/src/glfont.cpp.o
[3.577s] [ 19%] Building CXX object thirdparty_build/Pangolin/CMakeFiles/pango_opengl.dir/components/pango_opengl/src/gltext.cpp.o
[3.577s] [ 20%] Building CXX object thirdparty_build/Pangolin/CMakeFiles/pango_opengl.dir/components/pango_opengl/src/gltexturecache.cpp.o
[3.577s] [ 20%] Building CXX object thirdparty_build/Pangolin/CMakeFiles/pango_opengl.dir/components/pango_opengl/src/viewport.cpp.o
[3.577s] [ 20%] Building CXX object thirdparty_build/Pangolin/CMakeFiles/pango_opengl.dir/components/pango_opengl/src/glpangoglu.cpp.o
[3.577s] [ 20%] Building CXX object thirdparty_build/Pangolin/CMakeFiles/pango_opengl.dir/components/pango_opengl/src/opengl_render_state.cpp.o
[3.578s] [ 22%] Building CXX object thirdparty_build/Pangolin/CMakeFiles/pango_opengl.dir/fonts.cpp.o
[3.578s] [ 22%] Building CXX object thirdparty_build/Pangolin/CMakeFiles/pango_opengl.dir/shaders.cpp.o
[3.880s] [ 22%] Linking CXX shared library ../../lib/libpango_vars.so
[3.916s] [ 22%] Built target pango_vars
[4.010s] [ 23%] Linking CXX shared library ../../lib/libpango_packetstream.so
[4.053s] [ 23%] Built target pango_packetstream
[4.057s] [ 24%] Creating /root/calib_ws/build/UniCalib/thirdparty_build/Pangolin/include/pangolin/factory/RegisterFactoriesVideoInterface.h factory registry header
[4.057s] [ 24%] Creating /root/calib_ws/build/UniCalib/thirdparty_build/Pangolin/include/pangolin/factory/RegisterFactoriesVideoOutputInterface.h factory registry header
[4.067s] [ 24%] Building CXX object thirdparty_build/Pangolin/CMakeFiles/pango_video.dir/components/pango_video/src/video_input.cpp.o
[4.067s] [ 24%] Building CXX object thirdparty_build/Pangolin/CMakeFiles/pango_video.dir/components/pango_video/src/stream_encoder_factory.cpp.o
[4.067s] [ 25%] Building CXX object thirdparty_build/Pangolin/CMakeFiles/pango_video.dir/components/pango_video/src/video_output.cpp.o
[4.067s] [ 25%] Building CXX object thirdparty_build/Pangolin/CMakeFiles/pango_video.dir/components/pango_video/src/video.cpp.o
[4.067s] [ 25%] Building CXX object thirdparty_build/Pangolin/CMakeFiles/pango_video.dir/components/pango_video/src/video_help.cpp.o
[4.067s] [ 25%] Building CXX object thirdparty_build/Pangolin/CMakeFiles/pango_video.dir/components/pango_video/src/drivers/images.cpp.o
[4.067s] [ 27%] Building CXX object thirdparty_build/Pangolin/CMakeFiles/pango_video.dir/components/pango_video/src/drivers/test.cpp.o
[4.068s] [ 27%] Building CXX object thirdparty_build/Pangolin/CMakeFiles/pango_video.dir/components/pango_video/src/drivers/images_out.cpp.o
[4.068s] [ 28%] Building CXX object thirdparty_build/Pangolin/CMakeFiles/pango_video.dir/components/pango_video/src/drivers/split.cpp.o
[4.068s] [ 28%] Building CXX object thirdparty_build/Pangolin/CMakeFiles/pango_video.dir/components/pango_video/src/drivers/truncate.cpp.o
[4.069s] [ 28%] Building CXX object thirdparty_build/Pangolin/CMakeFiles/pango_video.dir/components/pango_video/src/drivers/pango.cpp.o
[4.070s] [ 29%] Building CXX object thirdparty_build/Pangolin/CMakeFiles/pango_video.dir/components/pango_video/src/drivers/pango_video_output.cpp.o
[4.070s] [ 29%] Building CXX object thirdparty_build/Pangolin/CMakeFiles/pango_video.dir/components/pango_video/src/drivers/debayer.cpp.o
[4.071s] [ 29%] Building CXX object thirdparty_build/Pangolin/CMakeFiles/pango_video.dir/components/pango_video/src/drivers/shift.cpp.o
[4.071s] [ 31%] Building CXX object thirdparty_build/Pangolin/CMakeFiles/pango_video.dir/components/pango_video/src/drivers/transform.cpp.o
[4.071s] [ 31%] Building CXX object thirdparty_build/Pangolin/CMakeFiles/pango_video.dir/components/pango_video/src/drivers/join.cpp.o
[4.071s] [ 31%] Building CXX object thirdparty_build/Pangolin/CMakeFiles/pango_video.dir/components/pango_video/src/drivers/unpack.cpp.o
[4.071s] [ 31%] Building CXX object thirdparty_build/Pangolin/CMakeFiles/pango_video.dir/components/pango_video/src/drivers/merge.cpp.o
[4.071s] [ 32%] Building CXX object thirdparty_build/Pangolin/CMakeFiles/pango_video.dir/components/pango_video/src/drivers/json.cpp.o
[4.072s] [ 33%] Building CXX object thirdparty_build/Pangolin/CMakeFiles/pango_video.dir/components/pango_video/src/drivers/pack.cpp.o
[4.073s] [ 33%] Building CXX object thirdparty_build/Pangolin/CMakeFiles/pango_video.dir/components/pango_video/src/drivers/thread.cpp.o
[4.073s] [ 33%] Building CXX object thirdparty_build/Pangolin/CMakeFiles/pango_video.dir/components/pango_video/src/drivers/mjpeg.cpp.o
[4.585s] [ 35%] Building CXX object thirdparty_build/Pangolin/CMakeFiles/pango_video.dir/components/pango_video/src/drivers/shared_memory.cpp.o
[4.667s] [ 35%] Building CXX object thirdparty_build/Pangolin/CMakeFiles/pango_video.dir/components/pango_video/src/drivers/firewire.cpp.o
[4.688s] [ 35%] Building CXX object thirdparty_build/Pangolin/CMakeFiles/pango_video.dir/components/pango_video/src/drivers/deinterlace.cpp.o
[4.696s] [ 36%] Building CXX object thirdparty_build/Pangolin/CMakeFiles/pango_video.dir/components/pango_video/src/drivers/v4l.cpp.o
[4.965s] [ 36%] Building CXX object thirdparty_build/Pangolin/CMakeFiles/pango_video.dir/components/pango_video/src/drivers/ffmpeg.cpp.o
[5.476s] [ 36%] Building CXX object thirdparty_build/Pangolin/CMakeFiles/pango_video.dir/components/pango_video/src/drivers/ffmpeg_convert.cpp.o
[5.905s] [ 37%] Building CXX object thirdparty_build/Pangolin/CMakeFiles/pango_video.dir/components/pango_video/src/drivers/ffmpeg_output.cpp.o
[5.975s] [ 37%] Building CXX object thirdparty_build/Pangolin/CMakeFiles/pango_video.dir/components/pango_video/src/drivers/openni.cpp.o
[6.488s] [ 37%] Building CXX object thirdparty_build/Pangolin/CMakeFiles/pango_video.dir/components/pango_video/src/drivers/openni2.cpp.o
[7.352s] [ 37%] Linking CXX shared library ../../lib/libpango_opengl.so
[7.435s] [ 37%] Built target pango_opengl
[7.439s] [ 38%] Generating xdg-shell-client-protocol.h
[7.439s] [ 38%] Creating /root/calib_ws/build/UniCalib/thirdparty_build/Pangolin/include/pangolin/factory/RegisterFactoriesWindowInterface.h factory registry header
[7.452s] [ 38%] Generating xdg-shell-protocol.c
[7.460s] [ 38%] Building C object thirdparty_build/Pangolin/CMakeFiles/pango_windowing.dir/xdg-shell-protocol.c.o
[7.460s] [ 38%] Building CXX object thirdparty_build/Pangolin/CMakeFiles/pango_windowing.dir/components/pango_windowing/src/display_x11.cpp.o
[7.460s] [ 40%] Building CXX object thirdparty_build/Pangolin/CMakeFiles/pango_windowing.dir/components/pango_windowing/src/window.cpp.o
[7.460s] [ 41%] Building CXX object thirdparty_build/Pangolin/CMakeFiles/pango_windowing.dir/components/pango_windowing/src/display_wayland.cpp.o
[7.460s] [ 41%] Building CXX object thirdparty_build/Pangolin/CMakeFiles/pango_windowing.dir/components/pango_windowing/src/display_headless.cpp.o
[9.389s] [ 42%] Linking CXX shared library ../../lib/libpango_video.so
[9.459s] [ 42%] Built target pango_video
[10.077s] [ 42%] Linking CXX shared library ../../lib/libpango_windowing.so
[10.136s] [ 42%] Built target pango_windowing
[10.143s] [ 42%] Building CXX object thirdparty_build/Pangolin/CMakeFiles/pango_display.dir/components/pango_display/src/display.cpp.o
[10.143s] [ 44%] Building CXX object thirdparty_build/Pangolin/CMakeFiles/pango_display.dir/components/pango_display/src/process.cpp.o
[10.144s] [ 44%] Building CXX object thirdparty_build/Pangolin/CMakeFiles/pango_display.dir/components/pango_display/src/pangolin_gl.cpp.o
[10.144s] [ 44%] Building CXX object thirdparty_build/Pangolin/CMakeFiles/pango_display.dir/components/pango_display/src/handler_glbuffer.cpp.o
[10.144s] [ 44%] Building CXX object thirdparty_build/Pangolin/CMakeFiles/pango_display.dir/components/pango_display/src/handler.cpp.o
[10.144s] [ 45%] Building CXX object thirdparty_build/Pangolin/CMakeFiles/pango_display.dir/components/pango_display/src/handler_image.cpp.o
[10.144s] [ 45%] Building CXX object thirdparty_build/Pangolin/CMakeFiles/pango_display.dir/components/pango_display/src/view.cpp.o
[10.144s] [ 45%] Building CXX object thirdparty_build/Pangolin/CMakeFiles/pango_display.dir/components/pango_display/src/image_view.cpp.o
[10.145s] [ 46%] Building CXX object thirdparty_build/Pangolin/CMakeFiles/pango_display.dir/components/pango_display/src/widgets.cpp.o
[10.145s] [ 46%] Building CXX object thirdparty_build/Pangolin/CMakeFiles/pango_display.dir/components/pango_display/src/default_font.cpp.o
[10.145s] [ 48%] Building CXX object thirdparty_build/Pangolin/CMakeFiles/pango_display.dir/components/pango_display/src/ConsoleView.cpp.o
[13.024s] [ 48%] Linking CXX shared library ../../lib/libpango_display.so
[13.103s] [ 48%] Built target pango_display
[13.109s] [ 48%] Building CXX object thirdparty_build/Pangolin/CMakeFiles/pango_plot.dir/components/pango_plot/src/datalog.cpp.o
[13.110s] [ 48%] Building CXX object thirdparty_build/Pangolin/CMakeFiles/pango_plot.dir/components/pango_plot/src/plotter.cpp.o
[13.110s] [ 49%] Building CXX object thirdparty_build/Pangolin/CMakeFiles/pango_plot.dir/components/pango_plot/src/loaders/csv_table_loader.cpp.o
[14.987s] [ 49%] Linking CXX shared library ../../lib/libpango_plot.so
[15.036s] [ 49%] Built target pango_plot
[15.047s] [ 50%] Building CXX object CMakeFiles/unicalib.dir/src/ikalibr/util/utils.cpp.o
[15.047s] [ 50%] Building CXX object CMakeFiles/unicalib.dir/src/ikalibr/util/circlesgrid.cpp.o
[15.047s] [ 50%] Building CXX object CMakeFiles/unicalib.dir/src/ikalibr/sensor/imu.cpp.o
[15.047s] [ 53%] Building CXX object CMakeFiles/unicalib.dir/src/ikalibr/sensor/rgbd.cpp.o
[15.047s] [ 53%] Building CXX object CMakeFiles/unicalib.dir/src/ikalibr/sensor/lidar.cpp.o
[15.047s] [ 53%] Building CXX object CMakeFiles/unicalib.dir/src/ikalibr/sensor/camera.cpp.o
[15.048s] [ 53%] Building CXX object CMakeFiles/unicalib.dir/src/ikalibr/sensor/radar.cpp.o
[15.048s] [ 53%] Building CXX object CMakeFiles/unicalib.dir/src/ikalibr/sensor/event.cpp.o
[15.048s] [ 54%] Building CXX object CMakeFiles/unicalib.dir/src/ikalibr/sensor/sensor_model.cpp.o
[15.048s] [ 54%] Building CXX object CMakeFiles/unicalib.dir/src/ikalibr/config/configor.cpp.o
[15.048s] [ 54%] Building CXX object CMakeFiles/unicalib.dir/src/ikalibr/calib/calib_param_manager.cpp.o
[15.054s] [ 54%] Building CXX object CMakeFiles/unicalib.dir/src/ikalibr/calib/estimator.cpp.o
[15.054s] [ 55%] Building CXX object CMakeFiles/unicalib.dir/src/ikalibr/calib/calib_data_manager.cpp.o
[15.054s] [ 55%] Building CXX object CMakeFiles/unicalib.dir/src/ikalibr/calib/ceres_callback.cpp.o
[15.054s] [ 55%] Building CXX object CMakeFiles/unicalib.dir/src/ikalibr/core/rotation_estimator.cpp.o
[15.055s] [ 57%] Building CXX object CMakeFiles/unicalib.dir/src/ikalibr/calib/spat_temp_priori.cpp.o
[15.055s] [ 57%] Building CXX object CMakeFiles/unicalib.dir/src/ikalibr/core/lidar_odometer.cpp.o
[15.055s] [ 58%] Building CXX object CMakeFiles/unicalib.dir/src/ikalibr/core/pts_association.cpp.o
[15.055s] [ 58%] Building CXX object CMakeFiles/unicalib.dir/src/ikalibr/core/scan_undistortion.cpp.o
[15.055s] [ 58%] Building CXX object CMakeFiles/unicalib.dir/src/ikalibr/core/feature_tracking.cpp.o
[15.057s] cc1plus: warning: /opt/ros/humble/include/moveit_butterworth_filter_export.h: not a directory
[15.057s] cc1plus: warning: /opt/ros/humble/include/moveit_butterworth_filter_export.h: not a directory
[15.057s] cc1plus: warning: /opt/ros/humble/include/moveit_butterworth_filter_export.h: not a directory
[15.057s] cc1plus: warning: /opt/ros/humble/include/moveit_butterworth_filter_export.h: not a directory
[15.057s] cc1plus: warning: /opt/ros/humble/include/moveit_butterworth_filter_export.h: not a directory
[15.057s] cc1plus: warning: /opt/ros/humble/include/moveit_collision_detection_bullet_export.h: not a directory
[15.057s] cc1plus: warning: /opt/ros/humble/include/moveit_collision_detection_bullet_export.h: not a directory
[15.057s] cc1plus: warning: /opt/ros/humble/include/moveit_collision_detection_bullet_export.h: not a directory
[15.058s] cc1plus: warning: /opt/ros/humble/include/moveit_collision_detection_bullet_export.h: not a directory
[15.058s] cc1plus: warning: /opt/ros/humble/include/moveit_collision_detection_bullet_export.h: not a directory
[15.058s] cc1plus: warning: /opt/ros/humble/include/moveit_collision_detection_export.h: not a directory
[15.059s] cc1plus: warning: /opt/ros/humble/include/moveit_collision_detection_export.h: not a directory
[15.059s] cc1plus: warning: /opt/ros/humble/include/moveit_collision_detection_export.h: not a directory
[15.059s] cc1plus: warning: /opt/ros/humble/include/moveit_collision_detection_fcl_export.h: not a directory
[15.059s] cc1plus: warning: /opt/ros/humble/include/moveit_collision_detection_export.h: not a directory
[15.059s] cc1plus: warning: /opt/ros/humble/include/moveit_collision_detection_export.h: not a directory
[15.059s] cc1plus: warning: /opt/ros/humble/include/moveit_collision_detection_fcl_export.h: not a directory
[15.059s] cc1plus: warning: /opt/ros/humble/include/moveit_collision_detection_fcl_export.h: not a directory
[15.059s] cc1plus: warning: /opt/ros/humble/include/moveit_collision_detection_fcl_export.h: not a directory
[15.059s] cc1plus: warning: /opt/ros/humble/include/moveit_collision_detection_fcl_export.h: not a directory
[15.059s] cc1plus: warning: /opt/ros/humble/include/moveit_collision_distance_field_export.h: not a directory
[15.059s] cc1plus: warning: /opt/ros/humble/include/moveit_collision_distance_field_export.h: not a directory
[15.059s] cc1plus: warning: /opt/ros/humble/include/moveit_collision_distance_field_export.h: not a directory
[15.063s] cc1plus: warning: /opt/ros/humble/include/moveit_collision_distance_field_export.h: not a directory
[15.063s] cc1plus: warning: /opt/ros/humble/include/moveit_collision_distance_field_export.h: not a directory
[15.063s] cc1plus: warning: /opt/ros/humble/include/moveit_kinematics_base_export.h: not a directory
[15.063s] cc1plus: warning: /opt/ros/humble/include/moveit_kinematics_base_export.h: not a directory
[15.063s] cc1plus: warning: /opt/ros/humble/include/moveit_kinematics_base_export.h: not a directory
[15.063s] cc1plus: warning: /opt/ros/humble/include/moveit_kinematics_base_export.h: not a directory
[15.063s] cc1plus: warning: /opt/ros/humble/include/moveit_kinematics_base_export.h: not a directory
[15.063s] cc1plus: warning: /opt/ros/humble/include/moveit_move_group_interface_export.h: not a directory
[15.063s] cc1plus: warning: /opt/ros/humble/include/moveit_move_group_interface_export.h: not a directory
[15.063s] cc1plus: warning: /opt/ros/humble/include/moveit_move_group_interface_export.h: not a directory
[15.064s] cc1plus: warning: /opt/ros/humble/include/moveit_move_group_interface_export.h: not a directory
[15.064s] cc1plus: warning: /opt/ros/humble/include/moveit_move_group_interface_export.h: not a directory
[15.064s] cc1plus: warning: /opt/ros/humble/include/moveit_butterworth_filter_export.h: not a directory
[15.064s] cc1plus: warning: /opt/ros/humble/include/moveit_collision_detection_bullet_export.h: not a directory
[15.064s] cc1plus: warning: /opt/ros/humble/include/moveit_collision_detection_export.h: not a directory
[15.064s] cc1plus: warning: /opt/ros/humble/include/moveit_collision_detection_fcl_export.h: not a directory
[15.064s] cc1plus: warning: /opt/ros/humble/include/moveit_collision_distance_field_export.h: not a directory
[15.064s] cc1plus: warning: /opt/ros/humble/include/moveit_kinematics_base_export.h: not a directory
[15.064s] cc1plus: warning: /opt/ros/humble/include/moveit_move_group_interface_export.h: not a directory
[15.064s] cc1plus: warning: /opt/ros/humble/include/moveit_planning_pipeline_export.h: not a directory
[15.064s] cc1plus: warning: /opt/ros/humble/include/moveit_planning_pipeline_export.h: not a directory
[15.064s] cc1plus: warning: /opt/ros/humble/include/moveit_planning_pipeline_export.h: not a directory
[15.064s] cc1plus: warning: /opt/ros/humble/include/moveit_planning_pipeline_export.h: not a directory
[15.064s] cc1plus: warning: /opt/ros/humble/include/moveit_planning_scene_export.h: not a directory
[15.064s] cc1plus: warning: /opt/ros/humble/include/moveit_planning_pipeline_export.h: not a directory
[15.064s] cc1plus: warning: /opt/ros/humble/include/moveit_planning_scene_export.h: not a directory
[15.064s] cc1plus: warning: /opt/ros/humble/include/moveit_planning_scene_export.h: not a directory
[15.064s] cc1plus: warning: /opt/ros/humble/include/moveit_planning_pipeline_export.h: not a directory
[15.064s] cc1plus: warning: /opt/ros/humble/include/moveit_planning_scene_export.h: not a directory
[15.064s] cc1plus: warning: /opt/ros/humble/include/moveit_planning_scene_monitor_export.h: not a directory
[15.065s] cc1plus: warning: /opt/ros/humble/include/moveit_planning_scene_monitor_export.h: not a directory
[15.065s] cc1plus: warning: /opt/ros/humble/include/moveit_planning_scene_monitor_export.h: not a directory
[15.065s] cc1plus: warning: /opt/ros/humble/include/moveit_planning_scene_monitor_export.h: not a directory
[15.065s] cc1plus: warning: /opt/ros/humble/include/moveit_planning_scene_export.h: not a directory
[15.065s] cc1plus: warning: /opt/ros/humble/include/moveit_smoothing_base_export.h: not a directory
[15.065s] cc1plus: warning: /opt/ros/humble/include/moveit_planning_scene_export.h: not a directory
[15.065s] cc1plus: warning: /opt/ros/humble/include/moveit_smoothing_base_export.h: not a directory
[15.065s] cc1plus: warning: /opt/ros/humble/include/moveit_planning_scene_monitor_export.h: not a directory
[15.065s] cc1plus: warning: /opt/ros/humble/include/moveit_smoothing_base_export.h: not a directory
[15.065s] cc1plus: warning: /opt/ros/humble/include/moveit_smoothing_base_export.h: not a directory
[15.065s] cc1plus: warning: /opt/ros/humble/include/moveit_smoothing_base_export.h: not a directory
[15.065s] cc1plus: warning: /opt/ros/humble/include/moveit_planning_scene_monitor_export.h: not a directory
[15.065s] cc1plus: warning: /opt/ros/humble/include/moveit_trajectory_execution_manager_export.h: not a directory
[15.065s] cc1plus: warning: /opt/ros/humble/include/moveit_trajectory_execution_manager_export.h: not a directory
[15.065s] cc1plus: warning: /opt/ros/humble/include/moveit_trajectory_execution_manager_export.h: not a directory
[15.065s] cc1plus: warning: /opt/ros/humble/include/moveit_trajectory_execution_manager_export.h: not a directory
[15.065s] cc1plus: warning: /opt/ros/humble/include/moveit_smoothing_base_export.h: not a directory
[15.065s] cc1plus: warning: /opt/ros/humble/include/moveit_trajectory_execution_manager_export.h: not a directory
[15.065s] cc1plus: warning: /opt/ros/humble/include/moveit_warehouse_export.h: not a directory
[15.065s] cc1plus: warning: /opt/ros/humble/include/moveit_warehouse_export.h: not a directory
[15.065s] cc1plus: warning: /opt/ros/humble/include/moveit_warehouse_export.h: not a directory
[15.065s] cc1plus: warning: /opt/ros/humble/include/moveit_trajectory_execution_manager_export.h: not a directory
[15.065s] cc1plus: warning: /opt/ros/humble/include/moveit_warehouse_export.h: not a directory
[15.065s] cc1plus: warning: /opt/ros/humble/include/moveit_warehouse_export.h: not a directory
[15.065s] cc1plus: warning: /opt/ros/humble/include/moveit_warehouse_export.h: not a directory
[15.065s] cc1plus: warning: /opt/ros/humble/include/moveit_butterworth_filter_export.h: not a directory
[15.065s] cc1plus: warning: /opt/ros/humble/include/moveit_collision_detection_bullet_export.h: not a directory
[15.065s] cc1plus: warning: /opt/ros/humble/include/moveit_collision_detection_export.h: not a directory
[15.065s] cc1plus: warning: /opt/ros/humble/include/moveit_collision_detection_fcl_export.h: not a directory
[15.066s] cc1plus: warning: /opt/ros/humble/include/moveit_collision_distance_field_export.h: not a directory
[15.066s] cc1plus: warning: /opt/ros/humble/include/moveit_kinematics_base_export.h: not a directory
[15.066s] cc1plus: warning: /opt/ros/humble/include/moveit_move_group_interface_export.h: not a directory
[15.066s] cc1plus: warning: /opt/ros/humble/include/moveit_planning_pipeline_export.h: not a directory
[15.066s] cc1plus: warning: /opt/ros/humble/include/moveit_planning_scene_export.h: not a directory
[15.066s] cc1plus: warning: /opt/ros/humble/include/moveit_planning_scene_monitor_export.h: not a directory
[15.066s] cc1plus: warning: /opt/ros/humble/include/moveit_smoothing_base_export.h: not a directory
[15.066s] cc1plus: warning: /opt/ros/humble/include/moveit_trajectory_execution_manager_export.h: not a directory
[15.066s] cc1plus: warning: /opt/ros/humble/include/moveit_warehouse_export.h: not a directory
[15.066s] cc1plus: warning: /opt/ros/humble/include/moveit_butterworth_filter_export.h: not a directory
[15.066s] cc1plus: warning: /opt/ros/humble/include/moveit_collision_detection_bullet_export.h: not a directory
[15.066s] cc1plus: warning: /opt/ros/humble/include/moveit_collision_detection_export.h: not a directory
[15.066s] cc1plus: warning: /opt/ros/humble/include/moveit_collision_detection_fcl_export.h: not a directory
[15.066s] cc1plus: warning: /opt/ros/humble/include/moveit_collision_distance_field_export.h: not a directory
[15.066s] [ 59%] Building CXX object CMakeFiles/unicalib.dir/src/ikalibr/core/optical_flow_trace.cpp.o
[15.066s] cc1plus: warning: /opt/ros/humble/include/moveit_kinematics_base_export.h: not a directory
[15.066s] cc1plus: warning: /opt/ros/humble/include/moveit_move_group_interface_export.h: not a directory
[15.066s] cc1plus: warning: /opt/ros/humble/include/moveit_planning_pipeline_export.h: not a directory
[15.066s] cc1plus: warning: /opt/ros/humble/include/moveit_planning_scene_export.h: not a directory
[15.066s] cc1plus: warning: /opt/ros/humble/include/moveit_planning_scene_monitor_export.h: not a directory
[15.066s] cc1plus: warning: /opt/ros/humble/include/moveit_smoothing_base_export.h: not a directory
[15.066s] cc1plus: warning: /opt/ros/humble/include/moveit_trajectory_execution_manager_export.h: not a directory
[15.066s] cc1plus: warning: /opt/ros/humble/include/moveit_warehouse_export.h: not a directory
[15.066s] cc1plus: warning: /opt/ros/humble/include/moveit_butterworth_filter_export.h: not a directory
[15.066s] cc1plus: warning: /opt/ros/humble/include/moveit_collision_detection_bullet_export.h: not a directory
[15.066s] cc1plus: warning: /opt/ros/humble/include/moveit_collision_detection_export.h: not a directory
[15.066s] cc1plus: warning: /opt/ros/humble/include/moveit_collision_detection_fcl_export.h: not a directory
[15.066s] cc1plus: warning: /opt/ros/humble/include/moveit_collision_distance_field_export.h: not a directory
[15.066s] cc1plus: warning: /opt/ros/humble/include/moveit_kinematics_base_export.h: not a directory
[15.066s] cc1plus: warning: /opt/ros/humble/include/moveit_move_group_interface_export.h: not a directory
[15.066s] cc1plus: warning: /opt/ros/humble/include/moveit_planning_pipeline_export.h: not a directory
[15.066s] cc1plus: warning: /opt/ros/humble/include/moveit_planning_scene_export.h: not a directory
[15.066s] cc1plus: warning: /opt/ros/humble/include/moveit_planning_scene_monitor_export.h: not a directory
[15.067s] cc1plus: warning: /opt/ros/humble/include/moveit_smoothing_base_export.h: not a directory
[15.067s] cc1plus: warning: /opt/ros/humble/include/moveit_trajectory_execution_manager_export.h: not a directory
[15.067s] cc1plus: warning: /opt/ros/humble/include/moveit_warehouse_export.h: not a directory
[15.067s] cc1plus: warning: /opt/ros/humble/include/moveit_butterworth_filter_export.h: not a directory
[15.067s] cc1plus: warning: /opt/ros/humble/include/moveit_collision_detection_bullet_export.h: not a directory
[15.067s] cc1plus: warning: /opt/ros/humble/include/moveit_collision_detection_export.h: not a directory
[15.067s] cc1plus: warning: /opt/ros/humble/include/moveit_collision_detection_fcl_export.h: not a directory
[15.067s] cc1plus: warning: /opt/ros/humble/include/moveit_collision_distance_field_export.h: not a directory
[15.067s] cc1plus: warning: /opt/ros/humble/include/moveit_kinematics_base_export.h: not a directory
[15.067s] cc1plus: warning: /opt/ros/humble/include/moveit_move_group_interface_export.h: not a directory
[15.067s] cc1plus: warning: /opt/ros/humble/include/moveit_planning_pipeline_export.h: not a directory
[15.067s] cc1plus: warning: /opt/ros/humble/include/moveit_planning_scene_export.h: not a directory
[15.067s] cc1plus: warning: /opt/ros/humble/include/moveit_planning_scene_monitor_export.h: not a directory
[15.067s] cc1plus: warning: /opt/ros/humble/include/moveit_smoothing_base_export.h: not a directory
[15.067s] cc1plus: warning: /opt/ros/humble/include/moveit_trajectory_execution_manager_export.h: not a directory
[15.067s] cc1plus: warning: /opt/ros/humble/include/moveit_warehouse_export.h: not a directory
[15.067s] cc1plus: warning: /opt/ros/humble/include/moveit_butterworth_filter_export.h: not a directory
[15.067s] cc1plus: warning: /opt/ros/humble/include/moveit_collision_detection_bullet_export.h: not a directory
[15.067s] cc1plus: warning: /opt/ros/humble/include/moveit_collision_detection_export.h: not a directory
[15.067s] cc1plus: warning: /opt/ros/humble/include/moveit_collision_detection_fcl_export.h: not a directory
[15.067s] cc1plus: warning: /opt/ros/humble/include/moveit_collision_distance_field_export.h: not a directory
[15.067s] cc1plus: warning: /opt/ros/humble/include/moveit_kinematics_base_export.h: not a directory
[15.067s] cc1plus: warning: /opt/ros/humble/include/moveit_move_group_interface_export.h: not a directory
[15.067s] cc1plus: warning: /opt/ros/humble/include/moveit_planning_pipeline_export.h: not a directory
[15.067s] cc1plus: warning: /opt/ros/humble/include/moveit_planning_scene_export.h: not a directory
[15.067s] cc1plus: warning: /opt/ros/humble/include/moveit_planning_scene_monitor_export.h: not a directory
[15.067s] cc1plus: warning: /opt/ros/humble/include/moveit_smoothing_base_export.h: not a directory
[15.067s] cc1plus: warning: /opt/ros/humble/include/moveit_trajectory_execution_manager_export.h: not a directory
[15.067s] cc1plus: warning: /opt/ros/humble/include/moveit_warehouse_export.h: not a directory
[15.067s] cc1plus: warning: /opt/ros/humble/include/moveit_butterworth_filter_export.h: not a directory
[15.067s] cc1plus: warning: /opt/ros/humble/include/moveit_collision_detection_bullet_export.h: not a directory
[15.067s] cc1plus: warning: /opt/ros/humble/include/moveit_collision_detection_export.h: not a directory
[15.067s] cc1plus: warning: /opt/ros/humble/include/moveit_collision_detection_fcl_export.h: not a directory
[15.067s] cc1plus: warning: /opt/ros/humble/include/moveit_collision_distance_field_export.h: not a directory
[15.067s] cc1plus: warning: /opt/ros/humble/include/moveit_kinematics_base_export.h: not a directory
[15.067s] cc1plus: warning: /opt/ros/humble/include/moveit_move_group_interface_export.h: not a directory
[15.067s] cc1plus: warning: /opt/ros/humble/include/moveit_planning_pipeline_export.h: not a directory
[15.067s] cc1plus: warning: /opt/ros/humble/include/moveit_planning_scene_export.h: not a directory
[15.067s] cc1plus: warning: /opt/ros/humble/include/moveit_planning_scene_monitor_export.h: not a directory
[15.067s] cc1plus: warning: /opt/ros/humble/include/moveit_smoothing_base_export.h: not a directory
[15.067s] cc1plus: warning: /opt/ros/humble/include/moveit_trajectory_execution_manager_export.h: not a directory
[15.067s] cc1plus: warning: /opt/ros/humble/include/moveit_warehouse_export.h: not a directory
[15.068s] [ 59%] Building CXX object CMakeFiles/unicalib.dir/src/ikalibr/core/visual_distortion.cpp.o
[15.068s] cc1plus: warning: /opt/ros/humble/include/moveit_butterworth_filter_export.h: not a directory
[15.068s] cc1plus: warning: /opt/ros/humble/include/moveit_collision_detection_bullet_export.h: not a directory
[15.068s] cc1plus: warning: /opt/ros/humble/include/moveit_collision_detection_export.h: not a directory
[15.068s] cc1plus: warning: /opt/ros/humble/include/moveit_collision_detection_fcl_export.h: not a directory
[15.068s] cc1plus: warning: /opt/ros/humble/include/moveit_collision_distance_field_export.h: not a directory
[15.068s] cc1plus: warning: /opt/ros/humble/include/moveit_kinematics_base_export.h: not a directory
[15.068s] cc1plus: warning: /opt/ros/humble/include/moveit_move_group_interface_export.h: not a directory
[15.068s] cc1plus: warning: /opt/ros/humble/include/moveit_planning_pipeline_export.h: not a directory
[15.068s] cc1plus: warning: /opt/ros/humble/include/moveit_planning_scene_export.h: not a directory
[15.068s] cc1plus: warning: /opt/ros/humble/include/moveit_planning_scene_monitor_export.h: not a directory
[15.068s] cc1plus: warning: /opt/ros/humble/include/moveit_smoothing_base_export.h: not a directory
[15.068s] cc1plus: warning: /opt/ros/humble/include/moveit_trajectory_execution_manager_export.h: not a directory
[15.068s] cc1plus: warning: /opt/ros/humble/include/moveit_warehouse_export.h: not a directory
[15.068s] [ 61%] Building CXX object CMakeFiles/unicalib.dir/src/ikalibr/core/visual_velocity_estimator.cpp.o
[15.068s] [ 61%] Building CXX object CMakeFiles/unicalib.dir/src/ikalibr/core/visual_reproj_association.cpp.o
[15.068s] [ 61%] Building CXX object CMakeFiles/unicalib.dir/src/ikalibr/core/visual_velocity_sac.cpp.o
[15.068s] [ 62%] Building CXX object CMakeFiles/unicalib.dir/src/ikalibr/core/colmap_data_io.cpp.o
[15.068s] cc1plus: warning: /opt/ros/humble/include/moveit_butterworth_filter_export.h: not a directory
[15.068s] cc1plus: warning: /opt/ros/humble/include/moveit_collision_detection_bullet_export.h: not a directory
[15.068s] cc1plus: warning: /opt/ros/humble/include/moveit_collision_detection_export.h: not a directory
[15.068s] cc1plus: warning: /opt/ros/humble/include/moveit_collision_detection_fcl_export.h: not a directory
[15.068s] cc1plus: warning: /opt/ros/humble/include/moveit_collision_distance_field_export.h: not a directory
[15.068s] cc1plus: warning: /opt/ros/humble/include/moveit_kinematics_base_export.h: not a directory
[15.068s] cc1plus: warning: /opt/ros/humble/include/moveit_move_group_interface_export.h: not a directory
[15.068s] cc1plus: warning: /opt/ros/humble/include/moveit_planning_pipeline_export.h: not a directory
[15.068s] cc1plus: warning: /opt/ros/humble/include/moveit_planning_scene_export.h: not a directory
[15.068s] cc1plus: warning: /opt/ros/humble/include/moveit_planning_scene_monitor_export.h: not a directory
[15.068s] cc1plus: warning: /opt/ros/humble/include/moveit_smoothing_base_export.h: not a directory
[15.068s] cc1plus: warning: /opt/ros/humble/include/moveit_trajectory_execution_manager_export.h: not a directory
[15.068s] cc1plus: warning: /opt/ros/humble/include/moveit_warehouse_export.h: not a directory
[15.068s] [ 62%] Building CXX object CMakeFiles/unicalib.dir/src/ikalibr/core/rot_only_vo.cpp.o
[15.068s] [ 62%] Building CXX object CMakeFiles/unicalib.dir/src/ikalibr/core/radar_velocity_sac.cpp.o
[15.068s] cc1plus: warning: /opt/ros/humble/include/moveit_butterworth_filter_export.h: not a directory
[15.068s] cc1plus: warning: /opt/ros/humble/include/moveit_collision_detection_bullet_export.h: not a directory
[15.068s] cc1plus: warning: /opt/ros/humble/include/moveit_collision_detection_export.h: not a directory
[15.068s] cc1plus: warning: /opt/ros/humble/include/moveit_collision_detection_fcl_export.h: not a directory
[15.068s] cc1plus: warning: /opt/ros/humble/include/moveit_collision_distance_field_export.h: not a directory
[15.068s] cc1plus: warning: /opt/ros/humble/include/moveit_kinematics_base_export.h: not a directory
[15.069s] cc1plus: warning: /opt/ros/humble/include/moveit_move_group_interface_export.h: not a directory
[15.069s] cc1plus: warning: /opt/ros/humble/include/moveit_planning_pipeline_export.h: not a directory
[15.069s] cc1plus: warning: /opt/ros/humble/include/moveit_planning_scene_export.h: not a directory
[15.069s] cc1plus: warning: /opt/ros/humble/include/moveit_planning_scene_monitor_export.h: not a directory
[15.069s] cc1plus: warning: /opt/ros/humble/include/moveit_smoothing_base_export.h: not a directory
[15.069s] cc1plus: warning: /opt/ros/humble/include/moveit_trajectory_execution_manager_export.h: not a directory
[15.069s] cc1plus: warning: /opt/ros/humble/include/moveit_warehouse_export.h: not a directory
[15.069s] cc1plus: warning: /opt/ros/humble/include/moveit_butterworth_filter_export.h: not a directory
[15.069s] cc1plus: warning: /opt/ros/humble/include/moveit_collision_detection_bullet_export.h: not a directory
[15.069s] cc1plus: warning: /opt/ros/humble/include/moveit_collision_detection_export.h: not a directory
[15.069s] cc1plus: warning: /opt/ros/humble/include/moveit_collision_detection_fcl_export.h: not a directory
[15.069s] cc1plus: warning: /opt/ros/humble/include/moveit_collision_distance_field_export.h: not a directory
[15.069s] cc1plus: warning: /opt/ros/humble/include/moveit_kinematics_base_export.h: not a directory
[15.069s] cc1plus: warning: /opt/ros/humble/include/moveit_move_group_interface_export.h: not a directory
[15.069s] cc1plus: warning: /opt/ros/humble/include/moveit_planning_pipeline_export.h: not a directory
[15.069s] cc1plus: warning: /opt/ros/humble/include/moveit_planning_scene_export.h: not a directory
[15.069s] cc1plus: warning: /opt/ros/humble/include/moveit_planning_scene_monitor_export.h: not a directory
[15.069s] cc1plus: warning: /opt/ros/humble/include/moveit_smoothing_base_export.h: not a directory
[15.069s] cc1plus: warning: /opt/ros/humble/include/moveit_trajectory_execution_manager_export.h: not a directory
[15.069s] cc1plus: warning: /opt/ros/humble/include/moveit_warehouse_export.h: not a directory
[15.069s] cc1plus: warning: /opt/ros/humble/include/moveit_butterworth_filter_export.h: not a directory
[15.069s] cc1plus: warning: /opt/ros/humble/include/moveit_collision_detection_bullet_export.h: not a directory
[15.069s] cc1plus: warning: /opt/ros/humble/include/moveit_collision_detection_export.h: not a directory
[15.069s] cc1plus: warning: /opt/ros/humble/include/moveit_collision_detection_fcl_export.h: not a directory
[15.069s] cc1plus: warning: /opt/ros/humble/include/moveit_collision_distance_field_export.h: not a directory
[15.069s] cc1plus: warning: /opt/ros/humble/include/moveit_kinematics_base_export.h: not a directory
[15.069s] cc1plus: warning: /opt/ros/humble/include/moveit_move_group_interface_export.h: not a directory
[15.069s] cc1plus: warning: /opt/ros/humble/include/moveit_planning_pipeline_export.h: not a directory
[15.069s] cc1plus: warning: /opt/ros/humble/include/moveit_planning_scene_export.h: not a directory
[15.069s] cc1plus: warning: /opt/ros/humble/include/moveit_planning_scene_monitor_export.h: not a directory
[15.069s] cc1plus: warning: /opt/ros/humble/include/moveit_smoothing_base_export.h: not a directory
[15.069s] cc1plus: warning: /opt/ros/humble/include/moveit_trajectory_execution_manager_export.h: not a directory
[15.069s] cc1plus: warning: /opt/ros/humble/include/moveit_warehouse_export.h: not a directory
[15.070s] cc1plus: warning: /opt/ros/humble/include/moveit_butterworth_filter_export.h: not a directory
[15.070s] cc1plus: warning: /opt/ros/humble/include/moveit_collision_detection_bullet_export.h: not a directory
[15.070s] cc1plus: warning: /opt/ros/humble/include/moveit_collision_detection_export.h: not a directory
[15.070s] cc1plus: warning: /opt/ros/humble/include/moveit_collision_detection_fcl_export.h: not a directory
[15.070s] cc1plus: warning: /opt/ros/humble/include/moveit_collision_distance_field_export.h: not a directory
[15.070s] cc1plus: warning: /opt/ros/humble/include/moveit_kinematics_base_export.h: not a directory
[15.070s] cc1plus: warning: /opt/ros/humble/include/moveit_move_group_interface_export.h: not a directory
[15.070s] cc1plus: warning: /opt/ros/humble/include/moveit_planning_pipeline_export.h: not a directory
[15.070s] cc1plus: warning: /opt/ros/humble/include/moveit_planning_scene_export.h: not a directory
[15.070s] cc1plus: warning: /opt/ros/humble/include/moveit_planning_scene_monitor_export.h: not a directory
[15.070s] cc1plus: warning: /opt/ros/humble/include/moveit_smoothing_base_export.h: not a directory
[15.070s] cc1plus: warning: /opt/ros/humble/include/moveit_trajectory_execution_manager_export.h: not a directory
[15.070s] cc1plus: warning: /opt/ros/humble/include/moveit_warehouse_export.h: not a directory
[15.070s] cc1plus: warning: /opt/ros/humble/include/moveit_butterworth_filter_export.h: not a directory
[15.070s] cc1plus: warning: /opt/ros/humble/include/moveit_collision_detection_bullet_export.h: not a directory
[15.070s] cc1plus: warning: /opt/ros/humble/include/moveit_butterworth_filter_export.h: not a directory
[15.070s] cc1plus: warning: /opt/ros/humble/include/moveit_collision_detection_export.h: not a directory
[15.070s] cc1plus: warning: /opt/ros/humble/include/moveit_collision_detection_fcl_export.h: not a directory
[15.070s] cc1plus: warning: /opt/ros/humble/include/moveit_collision_detection_bullet_export.h: not a directory
[15.070s] cc1plus: warning: /opt/ros/humble/include/moveit_collision_distance_field_export.h: not a directory
[15.070s] cc1plus: warning: /opt/ros/humble/include/moveit_collision_detection_export.h: not a directory
[15.070s] cc1plus: warning: /opt/ros/humble/include/moveit_kinematics_base_export.h: not a directory
[15.070s] cc1plus: warning: /opt/ros/humble/include/moveit_collision_detection_fcl_export.h: not a directory
[15.070s] cc1plus: warning: /opt/ros/humble/include/moveit_move_group_interface_export.h: not a directory
[15.070s] cc1plus: warning: /opt/ros/humble/include/moveit_collision_distance_field_export.h: not a directory
[15.070s] cc1plus: warning: /opt/ros/humble/include/moveit_planning_pipeline_export.h: not a directory
[15.070s] cc1plus: warning: /opt/ros/humble/include/moveit_kinematics_base_export.h: not a directory
[15.070s] cc1plus: warning: /opt/ros/humble/include/moveit_planning_scene_export.h: not a directory
[15.070s] cc1plus: warning: /opt/ros/humble/include/moveit_move_group_interface_export.h: not a directory
[15.071s] cc1plus: warning: /opt/ros/humble/include/moveit_planning_scene_monitor_export.h: not a directory
[15.071s] cc1plus: warning: /opt/ros/humble/include/moveit_planning_pipeline_export.h: not a directory
[15.071s] cc1plus: warning: /opt/ros/humble/include/moveit_smoothing_base_export.h: not a directory
[15.071s] cc1plus: warning: /opt/ros/humble/include/moveit_planning_scene_export.h: not a directory
[15.071s] cc1plus: warning: /opt/ros/humble/include/moveit_trajectory_execution_manager_export.h: not a directory
[15.071s] cc1plus: warning: /opt/ros/humble/include/moveit_planning_scene_monitor_export.h: not a directory
[15.071s] cc1plus: warning: /opt/ros/humble/include/moveit_warehouse_export.h: not a directory
[15.071s] cc1plus: warning: /opt/ros/humble/include/moveit_smoothing_base_export.h: not a directory
[15.071s] cc1plus: warning: /opt/ros/humble/include/moveit_trajectory_execution_manager_export.h: not a directory
[15.071s] cc1plus: warning: /opt/ros/humble/include/moveit_warehouse_export.h: not a directory
[15.071s] cc1plus: warning: /opt/ros/humble/include/moveit_butterworth_filter_export.h: not a directory
[15.071s] cc1plus: warning: /opt/ros/humble/include/moveit_collision_detection_bullet_export.h: not a directory
[15.071s] cc1plus: warning: /opt/ros/humble/include/moveit_collision_detection_export.h: not a directory
[15.071s] cc1plus: warning: /opt/ros/humble/include/moveit_collision_detection_fcl_export.h: not a directory
[15.071s] cc1plus: warning: /opt/ros/humble/include/moveit_collision_distance_field_export.h: not a directory
[15.071s] cc1plus: warning: /opt/ros/humble/include/moveit_kinematics_base_export.h: not a directory
[15.071s] cc1plus: warning: /opt/ros/humble/include/moveit_move_group_interface_export.h: not a directory
[15.071s] cc1plus: warning: /opt/ros/humble/include/moveit_planning_pipeline_export.h: not a directory
[15.071s] cc1plus: warning: /opt/ros/humble/include/moveit_planning_scene_export.h: not a directory
[15.071s] cc1plus: warning: /opt/ros/humble/include/moveit_planning_scene_monitor_export.h: not a directory
[15.071s] cc1plus: warning: /opt/ros/humble/include/moveit_smoothing_base_export.h: not a directory
[15.071s] cc1plus: warning: /opt/ros/humble/include/moveit_trajectory_execution_manager_export.h: not a directory
[15.071s] cc1plus: warning: /opt/ros/humble/include/moveit_warehouse_export.h: not a directory
[15.071s] cc1plus: warning: /opt/ros/humble/include/moveit_butterworth_filter_export.h: not a directory
[15.071s] cc1plus: warning: /opt/ros/humble/include/moveit_collision_detection_bullet_export.h: not a directory
[15.071s] cc1plus: warning: /opt/ros/humble/include/moveit_collision_detection_export.h: not a directory
[15.071s] cc1plus: warning: /opt/ros/humble/include/moveit_collision_detection_fcl_export.h: not a directory
[15.071s] cc1plus: warning: /opt/ros/humble/include/moveit_collision_distance_field_export.h: not a directory
[15.071s] cc1plus: warning: /opt/ros/humble/include/moveit_kinematics_base_export.h: not a directory
[15.071s] cc1plus: warning: /opt/ros/humble/include/moveit_move_group_interface_export.h: not a directory
[15.071s] cc1plus: warning: /opt/ros/humble/include/moveit_planning_pipeline_export.h: not a directory
[15.071s] cc1plus: warning: /opt/ros/humble/include/moveit_planning_scene_export.h: not a directory
[15.071s] cc1plus: warning: /opt/ros/humble/include/moveit_planning_scene_monitor_export.h: not a directory
[15.071s] cc1plus: warning: /opt/ros/humble/include/moveit_smoothing_base_export.h: not a directory
[15.071s] cc1plus: warning: /opt/ros/humble/include/moveit_trajectory_execution_manager_export.h: not a directory
[15.071s] cc1plus: warning: /opt/ros/humble/include/moveit_warehouse_export.h: not a directory
[15.071s] cc1plus: warning: /opt/ros/humble/include/moveit_butterworth_filter_export.h: not a directory
[15.071s] cc1plus: warning: /opt/ros/humble/include/moveit_collision_detection_bullet_export.h: not a directory
[15.071s] cc1plus: warning: /opt/ros/humble/include/moveit_collision_detection_export.h: not a directory
[15.071s] cc1plus: warning: /opt/ros/humble/include/moveit_collision_detection_fcl_export.h: not a directory
[15.072s] cc1plus: warning: /opt/ros/humble/include/moveit_collision_distance_field_export.h: not a directory
[15.072s] cc1plus: warning: /opt/ros/humble/include/moveit_kinematics_base_export.h: not a directory
[15.072s] cc1plus: warning: /opt/ros/humble/include/moveit_move_group_interface_export.h: not a directory
[15.072s] cc1plus: warning: /opt/ros/humble/include/moveit_planning_pipeline_export.h: not a directory
[15.072s] cc1plus: warning: /opt/ros/humble/include/moveit_planning_scene_export.h: not a directory
[15.072s] cc1plus: warning: /opt/ros/humble/include/moveit_planning_scene_monitor_export.h: not a directory
[15.072s] cc1plus: warning: /opt/ros/humble/include/moveit_smoothing_base_export.h: not a directory
[15.072s] cc1plus: warning: /opt/ros/humble/include/moveit_trajectory_execution_manager_export.h: not a directory
[15.072s] cc1plus: warning: /opt/ros/humble/include/moveit_warehouse_export.h: not a directory
[15.072s] cc1plus: warning: /opt/ros/humble/include/moveit_butterworth_filter_export.h: not a directory
[15.072s] cc1plus: warning: /opt/ros/humble/include/moveit_collision_detection_bullet_export.h: not a directory
[15.072s] cc1plus: warning: /opt/ros/humble/include/moveit_collision_detection_export.h: not a directory
[15.072s] cc1plus: warning: /opt/ros/humble/include/moveit_collision_detection_fcl_export.h: not a directory
[15.072s] cc1plus: warning: /opt/ros/humble/include/moveit_collision_distance_field_export.h: not a directory
[15.072s] cc1plus: warning: /opt/ros/humble/include/moveit_kinematics_base_export.h: not a directory
[15.072s] cc1plus: warning: /opt/ros/humble/include/moveit_move_group_interface_export.h: not a directory
[15.072s] cc1plus: warning: /opt/ros/humble/include/moveit_planning_pipeline_export.h: not a directory
[15.072s] cc1plus: warning: /opt/ros/humble/include/moveit_planning_scene_export.h: not a directory
[15.072s] cc1plus: warning: /opt/ros/humble/include/moveit_planning_scene_monitor_export.h: not a directory
[15.072s] cc1plus: warning: /opt/ros/humble/include/moveit_smoothing_base_export.h: not a directory
[15.072s] cc1plus: warning: /opt/ros/humble/include/moveit_trajectory_execution_manager_export.h: not a directory
[15.072s] cc1plus: warning: /opt/ros/humble/include/moveit_warehouse_export.h: not a directory
[15.072s] cc1plus: warning: /opt/ros/humble/include/moveit_butterworth_filter_export.h: not a directory
[15.072s] cc1plus: warning: /opt/ros/humble/include/moveit_collision_detection_bullet_export.h: not a directory
[15.072s] cc1plus: warning: /opt/ros/humble/include/moveit_collision_detection_export.h: not a directory
[15.072s] cc1plus: warning: /opt/ros/humble/include/moveit_collision_detection_fcl_export.h: not a directory
[15.072s] cc1plus: warning: /opt/ros/humble/include/moveit_collision_distance_field_export.h: not a directory
[15.072s] cc1plus: warning: /opt/ros/humble/include/moveit_kinematics_base_export.h: not a directory
[15.072s] cc1plus: warning: /opt/ros/humble/include/moveit_move_group_interface_export.h: not a directory
[15.072s] cc1plus: warning: /opt/ros/humble/include/moveit_planning_pipeline_export.h: not a directory
[15.072s] cc1plus: warning: /opt/ros/humble/include/moveit_planning_scene_export.h: not a directory
[15.072s] cc1plus: warning: /opt/ros/humble/include/moveit_planning_scene_monitor_export.h: not a directory
[15.072s] cc1plus: warning: /opt/ros/humble/include/moveit_smoothing_base_export.h: not a directory
[15.072s] cc1plus: warning: /opt/ros/humble/include/moveit_trajectory_execution_manager_export.h: not a directory
[15.073s] cc1plus: warning: /opt/ros/humble/include/moveit_warehouse_export.h: not a directory
[15.073s] cc1plus: warning: /opt/ros/humble/include/moveit_butterworth_filter_export.h: not a directory
[15.073s] cc1plus: warning: /opt/ros/humble/include/moveit_collision_detection_bullet_export.h: not a directory
[15.073s] cc1plus: warning: /opt/ros/humble/include/moveit_collision_detection_export.h: not a directory
[15.073s] cc1plus: warning: /opt/ros/humble/include/moveit_collision_detection_fcl_export.h: not a directory
[15.073s] cc1plus: warning: /opt/ros/humble/include/moveit_collision_distance_field_export.h: not a directory
[15.073s] cc1plus: warning: /opt/ros/humble/include/moveit_kinematics_base_export.h: not a directory
[15.073s] cc1plus: warning: /opt/ros/humble/include/moveit_move_group_interface_export.h: not a directory
[15.073s] cc1plus: warning: /opt/ros/humble/include/moveit_planning_pipeline_export.h: not a directory
[15.073s] cc1plus: warning: /opt/ros/humble/include/moveit_planning_scene_export.h: not a directory
[15.073s] cc1plus: warning: /opt/ros/humble/include/moveit_planning_scene_monitor_export.h: not a directory
[15.073s] cc1plus: warning: /opt/ros/humble/include/moveit_smoothing_base_export.h: not a directory
[15.073s] cc1plus: warning: /opt/ros/humble/include/moveit_trajectory_execution_manager_export.h: not a directory
[15.073s] cc1plus: warning: /opt/ros/humble/include/moveit_warehouse_export.h: not a directory
[15.073s] cc1plus: warning: /opt/ros/humble/include/moveit_butterworth_filter_export.h: not a directory
[15.073s] cc1plus: warning: /opt/ros/humble/include/moveit_collision_detection_bullet_export.h: not a directory
[15.073s] cc1plus: warning: /opt/ros/humble/include/moveit_collision_detection_export.h: not a directory
[15.073s] cc1plus: warning: /opt/ros/humble/include/moveit_collision_detection_fcl_export.h: not a directory
[15.073s] cc1plus: warning: /opt/ros/humble/include/moveit_collision_distance_field_export.h: not a directory
[15.073s] cc1plus: warning: /opt/ros/humble/include/moveit_kinematics_base_export.h: not a directory
[15.073s] cc1plus: warning: /opt/ros/humble/include/moveit_move_group_interface_export.h: not a directory
[15.073s] cc1plus: warning: /opt/ros/humble/include/moveit_planning_pipeline_export.h: not a directory
[15.073s] cc1plus: warning: /opt/ros/humble/include/moveit_planning_scene_export.h: not a directory
[15.073s] cc1plus: warning: /opt/ros/humble/include/moveit_planning_scene_monitor_export.h: not a directory
[15.073s] cc1plus: warning: /opt/ros/humble/include/moveit_smoothing_base_export.h: not a directory
[15.073s] cc1plus: warning: /opt/ros/humble/include/moveit_trajectory_execution_manager_export.h: not a directory
[15.073s] cc1plus: warning: /opt/ros/humble/include/moveit_warehouse_export.h: not a directory
[15.073s] cc1plus: warning: /opt/ros/humble/include/moveit_butterworth_filter_export.h: not a directory
[15.073s] cc1plus: warning: /opt/ros/humble/include/moveit_collision_detection_bullet_export.h: not a directory
[15.073s] cc1plus: warning: /opt/ros/humble/include/moveit_collision_detection_export.h: not a directory
[15.073s] cc1plus: warning: /opt/ros/humble/include/moveit_collision_detection_fcl_export.h: not a directory
[15.073s] cc1plus: warning: /opt/ros/humble/include/moveit_collision_distance_field_export.h: not a directory
[15.073s] cc1plus: warning: /opt/ros/humble/include/moveit_kinematics_base_export.h: not a directory
[15.073s] cc1plus: warning: /opt/ros/humble/include/moveit_move_group_interface_export.h: not a directory
[15.073s] cc1plus: warning: /opt/ros/humble/include/moveit_planning_pipeline_export.h: not a directory
[15.073s] cc1plus: warning: /opt/ros/humble/include/moveit_planning_scene_export.h: not a directory
[15.073s] cc1plus: warning: /opt/ros/humble/include/moveit_planning_scene_monitor_export.h: not a directory
[15.073s] cc1plus: warning: /opt/ros/humble/include/moveit_smoothing_base_export.h: not a directory
[15.074s] cc1plus: warning: /opt/ros/humble/include/moveit_trajectory_execution_manager_export.h: not a directory
[15.074s] cc1plus: warning: /opt/ros/humble/include/moveit_warehouse_export.h: not a directory
[200.558s] /root/calib_ws/calib_unified/src/ikalibr/core/rotation_estimator.cpp: In static member function ‘static std::vector<Eigen::Matrix<double, 4, 4> > ns_ikalibr::RotationEstimator::OrganizeCoeffMatSeq(const So3SplineType&, const RelRotationSequence&)’:
[200.584s] /root/calib_ws/calib_unified/src/ikalibr/core/rotation_estimator.cpp:112:21: error: ‘const So3SplineType’ {aka ‘const class ns_ctraj::So3SplineWrapper<4>’} has no member named ‘TimeStampInRange’
[200.584s]   112 |         if (!spline.TimeStampInRange(curTime) || !spline.TimeStampInRange(lastTime)) {
[200.584s]       |                     ^~~~~~~~~~~~~~~~
[200.584s] /root/calib_ws/calib_unified/src/ikalibr/core/rotation_estimator.cpp:112:58: error: ‘const So3SplineType’ {aka ‘const class ns_ctraj::So3SplineWrapper<4>’} has no member named ‘TimeStampInRange’
[200.584s]   112 |         if (!spline.TimeStampInRange(curTime) || !spline.TimeStampInRange(lastTime)) {
[200.585s]       |                                                          ^~~~~~~~~~~~~~~~
