[  0%] Building CXX object thirdparty_build/Pangolin/CMakeFiles/pango_core.dir/components/pango_core/src/file_extension.cpp.o
[  0%] Building CXX object thirdparty_build/Pangolin/CMakeFiles/pango_core.dir/components/pango_core/src/file_utils.cpp.o
[  1%] Building CXX object thirdparty_build/Pangolin/CMakeFiles/pango_core.dir/components/pango_core/src/sigstate.cpp.o
[  2%] Building CXX object thirdparty_build/Pangolin/CMakeFiles/pango_core.dir/components/pango_core/src/avx_math.cpp.o
[  2%] Building CXX object thirdparty_build/Pangolin/CMakeFiles/pango_core.dir/components/pango_core/src/threadedfilebuf.cpp.o
[  2%] Building CXX object thirdparty_build/Pangolin/CMakeFiles/pango_core.dir/components/pango_core/src/uri.cpp.o
[  2%] Building CXX object thirdparty_build/Pangolin/CMakeFiles/pango_core.dir/components/pango_core/src/factory/factory_registry.cpp.o
[  5%] Building CXX object thirdparty_build/Pangolin/CMakeFiles/pango_core.dir/components/pango_core/src/factory/factory_help.cpp.o
[  5%] Building CXX object thirdparty_build/Pangolin/CMakeFiles/pango_core.dir/components/pango_core/src/param_set.cpp.o
[  5%] Building CXX object thirdparty_build/Pangolin/CMakeFiles/pango_core.dir/components/pango_core/src/posix/condition_variable.cpp.o
[  7%] Building CXX object thirdparty_build/Pangolin/CMakeFiles/pango_core.dir/components/pango_core/src/posix/semaphore.cpp.o
[  7%] Building CXX object thirdparty_build/Pangolin/CMakeFiles/pango_core.dir/components/pango_core/src/posix/shared_memory_buffer.cpp.o
[  7%] Linking CXX shared library ../../lib/libpango_core.so
[  7%] Built target pango_core
[  7%] Building CXX object thirdparty_build/Pangolin/CMakeFiles/pango_vars.dir/components/pango_vars/src/vars.cpp.o
[  8%] Building CXX object thirdparty_build/Pangolin/CMakeFiles/pango_vars.dir/components/pango_vars/src/varstate.cpp.o
[ 10%] Building CXX object thirdparty_build/Pangolin/CMakeFiles/pango_packetstream.dir/components/pango_packetstream/src/packetstream.cpp.o
[ 10%] Building CXX object thirdparty_build/Pangolin/CMakeFiles/pango_packetstream.dir/components/pango_packetstream/src/packet.cpp.o
[ 11%] Building CXX object thirdparty_build/Pangolin/CMakeFiles/pango_image.dir/components/pango_image/src/image_io_exr.cpp.o
[ 11%] Building CXX object thirdparty_build/Pangolin/CMakeFiles/pango_image.dir/components/pango_image/src/image_io.cpp.o
[ 11%] Building CXX object thirdparty_build/Pangolin/CMakeFiles/pango_image.dir/components/pango_image/src/pixel_format.cpp.o
[ 11%] Building CXX object thirdparty_build/Pangolin/CMakeFiles/pango_image.dir/components/pango_image/src/image_io_jpg.cpp.o
[ 11%] Building CXX object thirdparty_build/Pangolin/CMakeFiles/pango_image.dir/components/pango_image/src/image_io_packed12bit.cpp.o
[ 13%] Building CXX object thirdparty_build/Pangolin/CMakeFiles/pango_image.dir/components/pango_image/src/image_io_lz4.cpp.o
[ 13%] Building CXX object thirdparty_build/Pangolin/CMakeFiles/pango_packetstream.dir/components/pango_packetstream/src/packetstream_reader.cpp.o
[ 14%] Building CXX object thirdparty_build/Pangolin/CMakeFiles/pango_packetstream.dir/components/pango_packetstream/src/packetstream_writer.cpp.o
[ 14%] Building CXX object thirdparty_build/Pangolin/CMakeFiles/pango_packetstream.dir/components/pango_packetstream/src/playback_session.cpp.o
[ 14%] Building CXX object thirdparty_build/Pangolin/CMakeFiles/pango_image.dir/components/pango_image/src/image_io_png.cpp.o
[ 15%] Building CXX object thirdparty_build/Pangolin/CMakeFiles/pango_image.dir/components/pango_image/src/image_io_pango.cpp.o
[ 17%] Building CXX object thirdparty_build/Pangolin/CMakeFiles/pango_image.dir/components/pango_image/src/image_io_ppm.cpp.o
[ 18%] Building CXX object thirdparty_build/Pangolin/CMakeFiles/pango_image.dir/components/pango_image/src/image_io_tga.cpp.o
[ 18%] Building CXX object thirdparty_build/Pangolin/CMakeFiles/pango_image.dir/components/pango_image/src/image_io_raw.cpp.o
[ 18%] Building CXX object thirdparty_build/Pangolin/CMakeFiles/pango_image.dir/components/pango_image/src/image_io_bmp.cpp.o
[ 18%] Building CXX object thirdparty_build/Pangolin/CMakeFiles/pango_image.dir/components/pango_image/src/image_io_libraw.cpp.o
[ 21%] Building CXX object thirdparty_build/Pangolin/CMakeFiles/pango_image.dir/components/pango_image/src/image_io_zstd.cpp.o
[ 21%] Building CXX object thirdparty_build/Pangolin/CMakeFiles/pango_image.dir/components/pango_image/src/image_io_tiff.cpp.o
[ 21%] Linking CXX shared library ../../lib/libpango_image.so
[ 21%] Built target pango_image
[ 23%] Embedding /root/calib_ws/calib_unified/thirdparty/Pangolin/Pangolin-0.9.0/components/pango_opengl/shaders/colormaps.glsl.h;/root/calib_ws/calib_unified/thirdparty/Pangolin/Pangolin-0.9.0/components/pango_opengl/shaders/font.glsl.h;/root/calib_ws/calib_unified/thirdparty/Pangolin/Pangolin-0.9.0/components/pango_opengl/shaders/main_experiments.glsl;/root/calib_ws/calib_unified/thirdparty/Pangolin/Pangolin-0.9.0/components/pango_opengl/shaders/main_text.glsl;/root/calib_ws/calib_unified/thirdparty/Pangolin/Pangolin-0.9.0/components/pango_opengl/shaders/main_widgets.glsl;/root/calib_ws/calib_unified/thirdparty/Pangolin/Pangolin-0.9.0/components/pango_opengl/shaders/matcap.glsl.h;/root/calib_ws/calib_unified/thirdparty/Pangolin/Pangolin-0.9.0/components/pango_opengl/shaders/noise.glsl.h;/root/calib_ws/calib_unified/thirdparty/Pangolin/Pangolin-0.9.0/components/pango_opengl/shaders/sdf.glsl.h;/root/calib_ws/calib_unified/thirdparty/Pangolin/Pangolin-0.9.0/components/pango_opengl/shaders/utils.glsl.h into shaders.cpp
[ 23%] Embedding /root/calib_ws/calib_unified/thirdparty/Pangolin/Pangolin-0.9.0/components/pango_opengl/src/fonts/AnonymousPro.ttf into fonts.cpp
[ 24%] Linking CXX shared library ../../lib/libpango_packetstream.so
[ 24%] Building CXX object thirdparty_build/Pangolin/CMakeFiles/pango_opengl.dir/components/pango_opengl/src/glchar.cpp.o
[ 26%] Building CXX object thirdparty_build/Pangolin/CMakeFiles/pango_opengl.dir/components/pango_opengl/src/gldraw.cpp.o
[ 26%] Building CXX object thirdparty_build/Pangolin/CMakeFiles/pango_opengl.dir/components/pango_opengl/src/glfont.cpp.o
[ 27%] Building CXX object thirdparty_build/Pangolin/CMakeFiles/pango_opengl.dir/components/pango_opengl/src/gltexturecache.cpp.o
[ 28%] Building CXX object thirdparty_build/Pangolin/CMakeFiles/pango_opengl.dir/components/pango_opengl/src/viewport.cpp.o
[ 28%] Building CXX object thirdparty_build/Pangolin/CMakeFiles/pango_opengl.dir/components/pango_opengl/src/gltext.cpp.o
[ 28%] Building CXX object thirdparty_build/Pangolin/CMakeFiles/pango_opengl.dir/components/pango_opengl/src/glpangoglu.cpp.o
[ 30%] Building CXX object thirdparty_build/Pangolin/CMakeFiles/pango_opengl.dir/components/pango_opengl/src/opengl_render_state.cpp.o
[ 30%] Building CXX object thirdparty_build/Pangolin/CMakeFiles/pango_opengl.dir/fonts.cpp.o
[ 30%] Building CXX object thirdparty_build/Pangolin/CMakeFiles/pango_opengl.dir/shaders.cpp.o
[ 30%] Built target pango_packetstream
[ 31%] Creating /root/calib_ws/calib_unified/build/thirdparty_build/Pangolin/include/pangolin/factory/RegisterFactoriesVideoOutputInterface.h factory registry header
[ 31%] Creating /root/calib_ws/calib_unified/build/thirdparty_build/Pangolin/include/pangolin/factory/RegisterFactoriesVideoInterface.h factory registry header
[ 33%] Building CXX object thirdparty_build/Pangolin/CMakeFiles/pango_video.dir/components/pango_video/src/video_input.cpp.o
[ 33%] Building CXX object thirdparty_build/Pangolin/CMakeFiles/pango_video.dir/components/pango_video/src/stream_encoder_factory.cpp.o
[ 34%] Building CXX object thirdparty_build/Pangolin/CMakeFiles/pango_video.dir/components/pango_video/src/video.cpp.o
[ 36%] Building CXX object thirdparty_build/Pangolin/CMakeFiles/pango_video.dir/components/pango_video/src/drivers/test.cpp.o
[ 36%] Building CXX object thirdparty_build/Pangolin/CMakeFiles/pango_video.dir/components/pango_video/src/video_help.cpp.o
[ 36%] Building CXX object thirdparty_build/Pangolin/CMakeFiles/pango_video.dir/components/pango_video/src/video_output.cpp.o
[ 37%] Building CXX object thirdparty_build/Pangolin/CMakeFiles/pango_video.dir/components/pango_video/src/drivers/images.cpp.o
[ 37%] Building CXX object thirdparty_build/Pangolin/CMakeFiles/pango_video.dir/components/pango_video/src/drivers/images_out.cpp.o
[ 37%] Building CXX object thirdparty_build/Pangolin/CMakeFiles/pango_video.dir/components/pango_video/src/drivers/split.cpp.o
[ 39%] Building CXX object thirdparty_build/Pangolin/CMakeFiles/pango_video.dir/components/pango_video/src/drivers/pango.cpp.o
[ 39%] Building CXX object thirdparty_build/Pangolin/CMakeFiles/pango_video.dir/components/pango_video/src/drivers/pango_video_output.cpp.o
[ 39%] Building CXX object thirdparty_build/Pangolin/CMakeFiles/pango_video.dir/components/pango_video/src/drivers/truncate.cpp.o
[ 39%] Building CXX object thirdparty_build/Pangolin/CMakeFiles/pango_video.dir/components/pango_video/src/drivers/shift.cpp.o
[ 40%] Building CXX object thirdparty_build/Pangolin/CMakeFiles/pango_video.dir/components/pango_video/src/drivers/debayer.cpp.o
[ 42%] Building CXX object thirdparty_build/Pangolin/CMakeFiles/pango_video.dir/components/pango_video/src/drivers/transform.cpp.o
[ 42%] Building CXX object thirdparty_build/Pangolin/CMakeFiles/pango_video.dir/components/pango_video/src/drivers/unpack.cpp.o
[ 43%] Building CXX object thirdparty_build/Pangolin/CMakeFiles/pango_video.dir/components/pango_video/src/drivers/pack.cpp.o
[ 43%] Building CXX object thirdparty_build/Pangolin/CMakeFiles/pango_video.dir/components/pango_video/src/drivers/join.cpp.o
[ 43%] Linking CXX shared library ../../lib/libpango_vars.so
[ 43%] Built target pango_vars
[ 44%] Building CXX object thirdparty_build/Pangolin/CMakeFiles/pango_video.dir/components/pango_video/src/drivers/merge.cpp.o
[ 44%] Building CXX object thirdparty_build/Pangolin/CMakeFiles/pango_video.dir/components/pango_video/src/drivers/json.cpp.o
[ 44%] Building CXX object thirdparty_build/Pangolin/CMakeFiles/pango_video.dir/components/pango_video/src/drivers/thread.cpp.o
[ 46%] Building CXX object thirdparty_build/Pangolin/CMakeFiles/pango_video.dir/components/pango_video/src/drivers/mjpeg.cpp.o
[ 46%] Building CXX object thirdparty_build/Pangolin/CMakeFiles/pango_video.dir/components/pango_video/src/drivers/shared_memory.cpp.o
[ 47%] Building CXX object thirdparty_build/Pangolin/CMakeFiles/pango_video.dir/components/pango_video/src/drivers/firewire.cpp.o
[ 47%] Building CXX object thirdparty_build/Pangolin/CMakeFiles/pango_video.dir/components/pango_video/src/drivers/deinterlace.cpp.o
[ 49%] Building CXX object thirdparty_build/Pangolin/CMakeFiles/pango_video.dir/components/pango_video/src/drivers/v4l.cpp.o
[ 49%] Building CXX object thirdparty_build/Pangolin/CMakeFiles/pango_video.dir/components/pango_video/src/drivers/ffmpeg.cpp.o
[ 50%] Building CXX object thirdparty_build/Pangolin/CMakeFiles/pango_video.dir/components/pango_video/src/drivers/ffmpeg_convert.cpp.o
[ 50%] Building CXX object thirdparty_build/Pangolin/CMakeFiles/pango_video.dir/components/pango_video/src/drivers/ffmpeg_output.cpp.o
[ 52%] Building CXX object thirdparty_build/Pangolin/CMakeFiles/pango_video.dir/components/pango_video/src/drivers/openni.cpp.o
[ 52%] Building CXX object thirdparty_build/Pangolin/CMakeFiles/pango_video.dir/components/pango_video/src/drivers/openni2.cpp.o
[ 53%] Linking CXX shared library ../../lib/libpango_opengl.so
[ 53%] Built target pango_opengl
[ 55%] Generating xdg-shell-client-protocol.h
[ 55%] Creating /root/calib_ws/calib_unified/build/thirdparty_build/Pangolin/include/pangolin/factory/RegisterFactoriesWindowInterface.h factory registry header
[ 55%] Generating xdg-shell-protocol.c
[ 55%] Building CXX object thirdparty_build/Pangolin/CMakeFiles/pango_windowing.dir/components/pango_windowing/src/display_x11.cpp.o
[ 56%] Building CXX object thirdparty_build/Pangolin/CMakeFiles/pango_windowing.dir/components/pango_windowing/src/display_wayland.cpp.o
[ 56%] Building C object thirdparty_build/Pangolin/CMakeFiles/pango_windowing.dir/xdg-shell-protocol.c.o
[ 57%] Building CXX object thirdparty_build/Pangolin/CMakeFiles/pango_windowing.dir/components/pango_windowing/src/display_headless.cpp.o
[ 57%] Building CXX object thirdparty_build/Pangolin/CMakeFiles/pango_windowing.dir/components/pango_windowing/src/window.cpp.o
[ 59%] Linking CXX shared library ../../lib/libpango_video.so
[ 59%] Built target pango_video
[ 60%] Linking CXX shared library ../../lib/libpango_windowing.so
[ 60%] Built target pango_windowing
[ 62%] Building CXX object thirdparty_build/Pangolin/CMakeFiles/pango_display.dir/components/pango_display/src/display.cpp.o
[ 62%] Building CXX object thirdparty_build/Pangolin/CMakeFiles/pango_display.dir/components/pango_display/src/process.cpp.o
[ 63%] Building CXX object thirdparty_build/Pangolin/CMakeFiles/pango_display.dir/components/pango_display/src/pangolin_gl.cpp.o
[ 63%] Building CXX object thirdparty_build/Pangolin/CMakeFiles/pango_display.dir/components/pango_display/src/handler.cpp.o
[ 65%] Building CXX object thirdparty_build/Pangolin/CMakeFiles/pango_display.dir/components/pango_display/src/handler_glbuffer.cpp.o
[ 66%] Building CXX object thirdparty_build/Pangolin/CMakeFiles/pango_display.dir/components/pango_display/src/handler_image.cpp.o
[ 66%] Building CXX object thirdparty_build/Pangolin/CMakeFiles/pango_display.dir/components/pango_display/src/widgets.cpp.o
[ 66%] Building CXX object thirdparty_build/Pangolin/CMakeFiles/pango_display.dir/components/pango_display/src/view.cpp.o
[ 68%] Building CXX object thirdparty_build/Pangolin/CMakeFiles/pango_display.dir/components/pango_display/src/image_view.cpp.o
[ 68%] Building CXX object thirdparty_build/Pangolin/CMakeFiles/pango_display.dir/components/pango_display/src/ConsoleView.cpp.o
[ 68%] Building CXX object thirdparty_build/Pangolin/CMakeFiles/pango_display.dir/components/pango_display/src/default_font.cpp.o
[ 69%] Linking CXX shared library ../../lib/libpango_display.so
[ 69%] Built target pango_display
[ 71%] Building CXX object thirdparty_build/Pangolin/CMakeFiles/pango_plot.dir/components/pango_plot/src/plotter.cpp.o
[ 71%] Building CXX object thirdparty_build/Pangolin/CMakeFiles/pango_plot.dir/components/pango_plot/src/datalog.cpp.o
[ 71%] Building CXX object thirdparty_build/Pangolin/CMakeFiles/pango_plot.dir/components/pango_plot/src/loaders/csv_table_loader.cpp.o
[ 71%] Linking CXX shared library ../../lib/libpango_plot.so
[ 71%] Built target pango_plot
[ 73%] Building CXX object CMakeFiles/unicalib.dir/src/common/exception_report.cpp.o
[ 73%] Building CXX object CMakeFiles/unicalib.dir/src/common/sensor_types.cpp.o
[ 73%] Building CXX object CMakeFiles/unicalib.dir/src/common/calib_param.cpp.o
[ 73%] Building CXX object CMakeFiles/unicalib.dir/src/common/accuracy_logger.cpp.o
[ 73%] Building CXX object CMakeFiles/unicalib.dir/src/intrinsic/allan_variance.cpp.o
[ 75%] Building CXX object CMakeFiles/unicalib.dir/src/common/calib_stage.cpp.o
[ 76%] Building CXX object CMakeFiles/unicalib.dir/src/intrinsic/camera_pinhole_calib.cpp.o
[ 76%] Building CXX object CMakeFiles/unicalib.dir/src/extrinsic/imu_lidar_calib.cpp.o
[ 76%] Building CXX object CMakeFiles/unicalib.dir/src/extrinsic/lidar_scan_pair.cpp.o
[ 78%] Building CXX object CMakeFiles/unicalib.dir/src/extrinsic/lidar_lidar_calib.cpp.o
[ 78%] Building CXX object CMakeFiles/unicalib.dir/src/extrinsic/lidar_camera_calib.cpp.o
[ 78%] Building CXX object CMakeFiles/unicalib.dir/src/solver/joint_calib_solver.cpp.o
[ 79%] Building CXX object CMakeFiles/unicalib.dir/src/extrinsic/cam_cam_calib.cpp.o
[ 81%] Building CXX object CMakeFiles/unicalib.dir/src/pipeline/calib_pipeline.cpp.o
[ 81%] Building CXX object CMakeFiles/unicalib.dir/src/pipeline/manual_calib.cpp.o
[ 82%] Building CXX object CMakeFiles/unicalib.dir/src/pipeline/ai_coarse_calib.cpp.o
cc1plus: warning: /opt/ros/humble/include/moveit_butterworth_filter_export.h: not a directory
cc1plus: warning: /opt/ros/humble/include/moveit_collision_detection_bullet_export.h: not a directory
cc1plus: warning: /opt/ros/humble/include/moveit_collision_detection_export.h: not a directory
cc1plus: warning: /opt/ros/humble/include/moveit_collision_detection_fcl_export.h: not a directory
cc1plus: warning: /opt/ros/humble/include/moveit_collision_distance_field_export.h: not a directory
cc1plus: warning: /opt/ros/humble/include/moveit_kinematics_base_export.h: not a directory
cc1plus: warning: /opt/ros/humble/include/moveit_move_group_interface_export.h: not a directory
cc1plus: warning: /opt/ros/humble/include/moveit_planning_pipeline_export.h: not a directory
cc1plus: warning: /opt/ros/humble/include/moveit_planning_scene_export.h: not a directory
cc1plus: warning: /opt/ros/humble/include/moveit_planning_scene_monitor_export.h: not a directory
cc1plus: warning: /opt/ros/humble/include/moveit_smoothing_base_export.h: not a directory
cc1plus: warning: /opt/ros/humble/include/moveit_trajectory_execution_manager_export.h: not a directory
cc1plus: warning: /opt/ros/humble/include/moveit_warehouse_export.h: not a directory
cc1plus: warning: /opt/ros/humble/include/moveit_butterworth_filter_export.h: not a directory
cc1plus: warning: /opt/ros/humble/include/moveit_collision_detection_bullet_export.h: not a directory
cc1plus: warning: /opt/ros/humble/include/moveit_collision_detection_export.h: not a directory
cc1plus: warning: /opt/ros/humble/include/moveit_collision_detection_fcl_export.h: not a directory
cc1plus: warning: /opt/ros/humble/include/moveit_collision_distance_field_export.h: not a directory
cc1plus: warning: /opt/ros/humble/include/moveit_kinematics_base_export.h: not a directory
cc1plus: warning: /opt/ros/humble/include/moveit_move_group_interface_export.h: not a directory
cc1plus: warning: /opt/ros/humble/include/moveit_planning_pipeline_export.h: not a directory
cc1plus: warning: /opt/ros/humble/include/moveit_planning_scene_export.h: not a directory
cc1plus: warning: /opt/ros/humble/include/moveit_planning_scene_monitor_export.h: not a directory
cc1plus: warning: /opt/ros/humble/include/moveit_smoothing_base_export.h: not a directory
cc1plus: warning: /opt/ros/humble/include/moveit_trajectory_execution_manager_export.h: not a directory
cc1plus: warning: /opt/ros/humble/include/moveit_warehouse_export.h: not a directory
cc1plus: warning: /opt/ros/humble/include/moveit_butterworth_filter_export.h: not a directory
cc1plus: warning: /opt/ros/humble/include/moveit_collision_detection_bullet_export.h: not a directory
cc1plus: warning: /opt/ros/humble/include/moveit_collision_detection_export.h: not a directory
cc1plus: warning: /opt/ros/humble/include/moveit_collision_detection_fcl_export.h: not a directory
[ 82%] Building CXX object CMakeFiles/unicalib.dir/src/viz/cloud_viewer.cpp.o
cc1plus: warning: /opt/ros/humble/include/moveit_collision_distance_field_export.h: not a directory
cc1plus: warning: /opt/ros/humble/include/moveit_kinematics_base_export.h: not a directory
cc1plus: warning: /opt/ros/humble/include/moveit_move_group_interface_export.h: not a directory
cc1plus: warning: /opt/ros/humble/include/moveit_planning_pipeline_export.h: not a directory
cc1plus: warning: /opt/ros/humble/include/moveit_planning_scene_export.h: not a directory
cc1plus: warning: /opt/ros/humble/include/moveit_planning_scene_monitor_export.h: not a directory
cc1plus: warning: /opt/ros/humble/include/moveit_smoothing_base_export.h: not a directory
cc1plus: warning: /opt/ros/humble/include/moveit_trajectory_execution_manager_export.h: not a directory
cc1plus: warning: /opt/ros/humble/include/moveit_warehouse_export.h: not a directory
cc1plus: warning: /opt/ros/humble/include/moveit_butterworth_filter_export.h: not a directory
cc1plus: warning: /opt/ros/humble/include/moveit_collision_detection_bullet_export.h: not a directory
cc1plus: warning: /opt/ros/humble/include/moveit_collision_detection_export.h: not a directory
cc1plus: warning: /opt/ros/humble/include/moveit_butterworth_filter_export.h: not a directory
cc1plus: warning: /opt/ros/humble/include/moveit_collision_detection_fcl_export.h: not a directory
cc1plus: warning: /opt/ros/humble/include/moveit_collision_distance_field_export.h: not a directory
cc1plus: warning: /opt/ros/humble/include/moveit_collision_detection_bullet_export.h: not a directory
cc1plus: warning: /opt/ros/humble/include/moveit_collision_detection_export.h: not a directory
cc1plus: warning: /opt/ros/humble/include/moveit_kinematics_base_export.h: not a directory
cc1plus: warning: /opt/ros/humble/include/moveit_collision_detection_fcl_export.h: not a directory
cc1plus: warning: /opt/ros/humble/include/moveit_move_group_interface_export.h: not a directory
cc1plus: warning: /opt/ros/humble/include/moveit_collision_distance_field_export.h: not a directory
cc1plus: warning: /opt/ros/humble/include/moveit_planning_pipeline_export.h: not a directory
cc1plus: warning: /opt/ros/humble/include/moveit_kinematics_base_export.h: not a directory
cc1plus: warning: /opt/ros/humble/include/moveit_planning_scene_export.h: not a directory
cc1plus: warning: /opt/ros/humble/include/moveit_move_group_interface_export.h: not a directory
cc1plus: warning: /opt/ros/humble/include/moveit_planning_scene_monitor_export.h: not a directory
cc1plus: warning: /opt/ros/humble/include/moveit_planning_pipeline_export.h: not a directory
cc1plus: warning: /opt/ros/humble/include/moveit_smoothing_base_export.h: not a directory
cc1plus: warning: /opt/ros/humble/include/moveit_planning_scene_export.h: not a directory
cc1plus: warning: /opt/ros/humble/include/moveit_planning_scene_monitor_export.h: not a directory
cc1plus: warning: /opt/ros/humble/include/moveit_trajectory_execution_manager_export.h: not a directory
cc1plus: warning: /opt/ros/humble/include/moveit_smoothing_base_export.h: not a directory
cc1plus: warning: /opt/ros/humble/include/moveit_warehouse_export.h: not a directory
cc1plus: warning: /opt/ros/humble/include/moveit_trajectory_execution_manager_export.h: not a directory
cc1plus: warning: /opt/ros/humble/include/moveit_warehouse_export.h: not a directory
cc1plus: warning: /opt/ros/humble/include/moveit_butterworth_filter_export.h: not a directory
cc1plus: warning: /opt/ros/humble/include/moveit_collision_detection_bullet_export.h: not a directory
cc1plus: warning: /opt/ros/humble/include/moveit_collision_detection_export.h: not a directory
cc1plus: warning: /opt/ros/humble/include/moveit_collision_detection_fcl_export.h: not a directory
cc1plus: warning: /opt/ros/humble/include/moveit_collision_distance_field_export.h: not a directory
cc1plus: warning: /opt/ros/humble/include/moveit_kinematics_base_export.h: not a directory
cc1plus: warning: /opt/ros/humble/include/moveit_move_group_interface_export.h: not a directory
cc1plus: warning: /opt/ros/humble/include/moveit_planning_pipeline_export.h: not a directory
cc1plus: warning: /opt/ros/humble/include/moveit_planning_scene_export.h: not a directory
cc1plus: warning: /opt/ros/humble/include/moveit_planning_scene_monitor_export.h: not a directory
cc1plus: warning: /opt/ros/humble/include/moveit_smoothing_base_export.h: not a directory
cc1plus: warning: /opt/ros/humble/include/moveit_trajectory_execution_manager_export.h: not a directory
cc1plus: warning: /opt/ros/humble/include/moveit_warehouse_export.h: not a directory
[ 84%] Building CXX object CMakeFiles/unicalib.dir/src/viz/report_gen.cpp.o
cc1plus: warning: /opt/ros/humble/include/moveit_butterworth_filter_export.h: not a directory
cc1plus: warning: /opt/ros/humble/include/moveit_collision_detection_bullet_export.h: not a directory
cc1plus: warning: /opt/ros/humble/include/moveit_collision_detection_export.h: not a directory
cc1plus: warning: /opt/ros/humble/include/moveit_collision_detection_fcl_export.h: not a directory
cc1plus: warning: /opt/ros/humble/include/moveit_collision_distance_field_export.h: not a directory
cc1plus: warning: /opt/ros/humble/include/moveit_kinematics_base_export.h: not a directory
cc1plus: warning: /opt/ros/humble/include/moveit_move_group_interface_export.h: not a directory
cc1plus: warning: /opt/ros/humble/include/moveit_planning_pipeline_export.h: not a directory
cc1plus: warning: /opt/ros/humble/include/moveit_planning_scene_export.h: not a directory
cc1plus: warning: /opt/ros/humble/include/moveit_planning_scene_monitor_export.h: not a directory
cc1plus: warning: /opt/ros/humble/include/moveit_smoothing_base_export.h: not a directory
cc1plus: warning: /opt/ros/humble/include/moveit_trajectory_execution_manager_export.h: not a directory
cc1plus: warning: /opt/ros/humble/include/moveit_warehouse_export.h: not a directory
cc1plus: warning: /opt/ros/humble/include/moveit_butterworth_filter_export.h: not a directory
cc1plus: warning: /opt/ros/humble/include/moveit_butterworth_filter_export.h: not a directory
cc1plus: warning: /opt/ros/humble/include/moveit_collision_detection_bullet_export.h: not a directory
cc1plus: warning: /opt/ros/humble/include/moveit_collision_detection_bullet_export.h: not a directory
cc1plus: warning: /opt/ros/humble/include/moveit_collision_detection_export.h: not a directory
cc1plus: warning: /opt/ros/humble/include/moveit_collision_detection_export.h: not a directory
cc1plus: warning: /opt/ros/humble/include/moveit_collision_detection_fcl_export.h: not a directory
cc1plus: warning: /opt/ros/humble/include/moveit_collision_detection_fcl_export.h: not a directory
cc1plus: warning: /opt/ros/humble/include/moveit_collision_distance_field_export.h: not a directory
cc1plus: warning: /opt/ros/humble/include/moveit_collision_distance_field_export.h: not a directory
cc1plus: warning: /opt/ros/humble/include/moveit_kinematics_base_export.h: not a directory
cc1plus: warning: /opt/ros/humble/include/moveit_move_group_interface_export.h: not a directory
cc1plus: warning: /opt/ros/humble/include/moveit_kinematics_base_export.h: not a directory
cc1plus: warning: /opt/ros/humble/include/moveit_planning_pipeline_export.h: not a directory
cc1plus: warning: /opt/ros/humble/include/moveit_move_group_interface_export.h: not a directory
cc1plus: warning: /opt/ros/humble/include/moveit_planning_scene_export.h: not a directory
cc1plus: warning: /opt/ros/humble/include/moveit_planning_scene_monitor_export.h: not a directory
cc1plus: warning: /opt/ros/humble/include/moveit_planning_pipeline_export.h: not a directory
cc1plus: warning: /opt/ros/humble/include/moveit_smoothing_base_export.h: not a directory
cc1plus: warning: /opt/ros/humble/include/moveit_trajectory_execution_manager_export.h: not a directory
cc1plus: warning: /opt/ros/humble/include/moveit_planning_scene_export.h: not a directory
cc1plus: warning: /opt/ros/humble/include/moveit_warehouse_export.h: not a directory
cc1plus: warning: /opt/ros/humble/include/moveit_planning_scene_monitor_export.h: not a directory
cc1plus: warning: /opt/ros/humble/include/moveit_smoothing_base_export.h: not a directory
cc1plus: warning: /opt/ros/humble/include/moveit_trajectory_execution_manager_export.h: not a directory
cc1plus: warning: /opt/ros/humble/include/moveit_warehouse_export.h: not a directory
cc1plus: warning: /opt/ros/humble/include/moveit_butterworth_filter_export.h: not a directory
cc1plus: warning: /opt/ros/humble/include/moveit_collision_detection_bullet_export.h: not a directory
cc1plus: warning: /opt/ros/humble/include/moveit_collision_detection_export.h: not a directory
cc1plus: warning: /opt/ros/humble/include/moveit_collision_detection_fcl_export.h: not a directory
cc1plus: warning: /opt/ros/humble/include/moveit_collision_distance_field_export.h: not a directory
cc1plus: warning: /opt/ros/humble/include/moveit_kinematics_base_export.h: not a directory
cc1plus: warning: /opt/ros/humble/include/moveit_move_group_interface_export.h: not a directory
cc1plus: warning: /opt/ros/humble/include/moveit_planning_pipeline_export.h: not a directory
cc1plus: warning: /opt/ros/humble/include/moveit_planning_scene_export.h: not a directory
cc1plus: warning: /opt/ros/humble/include/moveit_planning_scene_monitor_export.h: not a directory
cc1plus: warning: /opt/ros/humble/include/moveit_smoothing_base_export.h: not a directory
cc1plus: warning: /opt/ros/humble/include/moveit_trajectory_execution_manager_export.h: not a directory
cc1plus: warning: /opt/ros/humble/include/moveit_warehouse_export.h: not a directory
cc1plus: warning: /opt/ros/humble/include/moveit_butterworth_filter_export.h: not a directory
[ 84%] Building CXX object CMakeFiles/unicalib.dir/src/viz/pangolin_render.cpp.o
cc1plus: warning: /opt/ros/humble/include/moveit_collision_detection_bullet_export.h: not a directory
cc1plus: warning: /opt/ros/humble/include/moveit_collision_detection_export.h: not a directory
cc1plus: warning: /opt/ros/humble/include/moveit_collision_detection_fcl_export.h: not a directory
cc1plus: warning: /opt/ros/humble/include/moveit_collision_distance_field_export.h: not a directory
cc1plus: warning: /opt/ros/humble/include/moveit_kinematics_base_export.h: not a directory
cc1plus: warning: /opt/ros/humble/include/moveit_move_group_interface_export.h: not a directory
cc1plus: warning: /opt/ros/humble/include/moveit_planning_pipeline_export.h: not a directory
cc1plus: warning: /opt/ros/humble/include/moveit_planning_scene_export.h: not a directory
cc1plus: warning: /opt/ros/humble/include/moveit_planning_scene_monitor_export.h: not a directory
cc1plus: warning: /opt/ros/humble/include/moveit_smoothing_base_export.h: not a directory
cc1plus: warning: /opt/ros/humble/include/moveit_trajectory_execution_manager_export.h: not a directory
cc1plus: warning: /opt/ros/humble/include/moveit_warehouse_export.h: not a directory
[ 85%] Building CXX object CMakeFiles/unicalib.dir/src/io/yaml_io.cpp.o
[ 85%] Building CXX object CMakeFiles/unicalib.dir/src/viz/calib_visualizer.cpp.o
[ 86%] Building CXX object CMakeFiles/unicalib.dir/src/viz/manual_lidar_cam_window.cpp.o
[ 86%] Building CXX object CMakeFiles/unicalib.dir/src/io/ros2_data_source.cpp.o
[ 86%] Building CXX object CMakeFiles/unicalib.dir/src/viz/manual_lidar_lidar_window.cpp.o
cc1plus: warning: /opt/ros/humble/include/moveit_butterworth_filter_export.h: not a directory
cc1plus: warning: /opt/ros/humble/include/moveit_collision_detection_bullet_export.h: not a directory
cc1plus: warning: /opt/ros/humble/include/moveit_collision_detection_export.h: not a directory
cc1plus: warning: /opt/ros/humble/include/moveit_collision_detection_fcl_export.h: not a directory
cc1plus: warning: /opt/ros/humble/include/moveit_collision_distance_field_export.h: not a directory
cc1plus: warning: /opt/ros/humble/include/moveit_kinematics_base_export.h: not a directory
cc1plus: warning: /opt/ros/humble/include/moveit_move_group_interface_export.h: not a directory
cc1plus: warning: /opt/ros/humble/include/moveit_planning_pipeline_export.h: not a directory
cc1plus: warning: /opt/ros/humble/include/moveit_planning_scene_export.h: not a directory
cc1plus: warning: /opt/ros/humble/include/moveit_planning_scene_monitor_export.h: not a directory
cc1plus: warning: /opt/ros/humble/include/moveit_smoothing_base_export.h: not a directory
cc1plus: warning: /opt/ros/humble/include/moveit_trajectory_execution_manager_export.h: not a directory
cc1plus: warning: /opt/ros/humble/include/moveit_warehouse_export.h: not a directory
[ 88%] Building CXX object CMakeFiles/unicalib.dir/src/ikalibr/util/utils.cpp.o
[ 88%] Building CXX object CMakeFiles/unicalib.dir/src/ikalibr/sensor/lidar.cpp.o
cc1plus: warning: /opt/ros/humble/include/moveit_butterworth_filter_export.h: not a directory
cc1plus: warning: /opt/ros/humble/include/moveit_collision_detection_bullet_export.h: not a directory
cc1plus: warning: /opt/ros/humble/include/moveit_collision_detection_export.h: not a directory
cc1plus: warning: /opt/ros/humble/include/moveit_collision_detection_fcl_export.h: not a directory
cc1plus: warning: /opt/ros/humble/include/moveit_collision_distance_field_export.h: not a directory
cc1plus: warning: /opt/ros/humble/include/moveit_kinematics_base_export.h: not a directory
cc1plus: warning: /opt/ros/humble/include/moveit_move_group_interface_export.h: not a directory
cc1plus: warning: /opt/ros/humble/include/moveit_planning_pipeline_export.h: not a directory
cc1plus: warning: /opt/ros/humble/include/moveit_planning_scene_export.h: not a directory
cc1plus: warning: /opt/ros/humble/include/moveit_planning_scene_monitor_export.h: not a directory
cc1plus: warning: /opt/ros/humble/include/moveit_smoothing_base_export.h: not a directory
cc1plus: warning: /opt/ros/humble/include/moveit_trajectory_execution_manager_export.h: not a directory
cc1plus: warning: /opt/ros/humble/include/moveit_warehouse_export.h: not a directory
cc1plus: warning: /opt/ros/humble/include/moveit_butterworth_filter_export.h: not a directory
cc1plus: warning: /opt/ros/humble/include/moveit_collision_detection_bullet_export.h: not a directory
cc1plus: warning: /opt/ros/humble/include/moveit_collision_detection_export.h: not a directory
cc1plus: warning: /opt/ros/humble/include/moveit_collision_detection_fcl_export.h: not a directory
cc1plus: warning: /opt/ros/humble/include/moveit_collision_distance_field_export.h: not a directory
cc1plus: warning: /opt/ros/humble/include/moveit_kinematics_base_export.h: not a directory
cc1plus: warning: /opt/ros/humble/include/moveit_move_group_interface_export.h: not a directory
cc1plus: warning: /opt/ros/humble/include/moveit_planning_pipeline_export.h: not a directory
cc1plus: warning: /opt/ros/humble/include/moveit_planning_scene_export.h: not a directory
cc1plus: warning: /opt/ros/humble/include/moveit_planning_scene_monitor_export.h: not a directory
cc1plus: warning: /opt/ros/humble/include/moveit_smoothing_base_export.h: not a directory
cc1plus: warning: /opt/ros/humble/include/moveit_trajectory_execution_manager_export.h: not a directory
cc1plus: warning: /opt/ros/humble/include/moveit_warehouse_export.h: not a directory
cc1plus: warning: /opt/ros/humble/include/moveit_butterworth_filter_export.h: not a directory
cc1plus: warning: /opt/ros/humble/include/moveit_collision_detection_bullet_export.h: not a directory
cc1plus: warning: /opt/ros/humble/include/moveit_collision_detection_export.h: not a directory
cc1plus: warning: /opt/ros/humble/include/moveit_collision_detection_fcl_export.h: not a directory
cc1plus: warning: /opt/ros/humble/include/moveit_collision_distance_field_export.h: not a directory
cc1plus: warning: /opt/ros/humble/include/moveit_kinematics_base_export.h: not a directory
cc1plus: warning: /opt/ros/humble/include/moveit_move_group_interface_export.h: not a directory
cc1plus: warning: /opt/ros/humble/include/moveit_planning_pipeline_export.h: not a directory
cc1plus: warning: /opt/ros/humble/include/moveit_planning_scene_export.h: not a directory
cc1plus: warning: /opt/ros/humble/include/moveit_planning_scene_monitor_export.h: not a directory
cc1plus: warning: /opt/ros/humble/include/moveit_smoothing_base_export.h: not a directory
cc1plus: warning: /opt/ros/humble/include/moveit_trajectory_execution_manager_export.h: not a directory
cc1plus: warning: /opt/ros/humble/include/moveit_warehouse_export.h: not a directory
cc1plus: warning: /opt/ros/humble/include/moveit_butterworth_filter_export.h: not a directory
cc1plus: warning: /opt/ros/humble/include/moveit_collision_detection_bullet_export.h: not a directory
cc1plus: warning: /opt/ros/humble/include/moveit_collision_detection_export.h: not a directory
cc1plus: warning: /opt/ros/humble/include/moveit_collision_detection_fcl_export.h: not a directory
cc1plus: warning: /opt/ros/humble/include/moveit_collision_distance_field_export.h: not a directory
cc1plus: warning: /opt/ros/humble/include/moveit_kinematics_base_export.h: not a directory
cc1plus: warning: /opt/ros/humble/include/moveit_move_group_interface_export.h: not a directory
cc1plus: warning: /opt/ros/humble/include/moveit_planning_pipeline_export.h: not a directory
cc1plus: warning: /opt/ros/humble/include/moveit_planning_scene_export.h: not a directory
cc1plus: warning: /opt/ros/humble/include/moveit_planning_scene_monitor_export.h: not a directory
cc1plus: warning: /opt/ros/humble/include/moveit_smoothing_base_export.h: not a directory
cc1plus: warning: /opt/ros/humble/include/moveit_trajectory_execution_manager_export.h: not a directory
cc1plus: warning: /opt/ros/humble/include/moveit_warehouse_export.h: not a directory
cc1plus: warning: /opt/ros/humble/include/moveit_butterworth_filter_export.h: not a directory
cc1plus: warning: /opt/ros/humble/include/moveit_collision_detection_bullet_export.h: not a directory
cc1plus: warning: /opt/ros/humble/include/moveit_collision_detection_export.h: not a directory
cc1plus: warning: /opt/ros/humble/include/moveit_collision_detection_fcl_export.h: not a directory
cc1plus: warning: /opt/ros/humble/include/moveit_collision_distance_field_export.h: not a directory
cc1plus: warning: /opt/ros/humble/include/moveit_kinematics_base_export.h: not a directory
cc1plus: warning: /opt/ros/humble/include/moveit_move_group_interface_export.h: not a directory
cc1plus: warning: /opt/ros/humble/include/moveit_planning_pipeline_export.h: not a directory
cc1plus: warning: /opt/ros/humble/include/moveit_planning_scene_export.h: not a directory
cc1plus: warning: /opt/ros/humble/include/moveit_planning_scene_monitor_export.h: not a directory
cc1plus: warning: /opt/ros/humble/include/moveit_smoothing_base_export.h: not a directory
cc1plus: warning: /opt/ros/humble/include/moveit_trajectory_execution_manager_export.h: not a directory
cc1plus: warning: /opt/ros/humble/include/moveit_warehouse_export.h: not a directory
cc1plus: warning: /opt/ros/humble/include/moveit_butterworth_filter_export.h: not a directory
cc1plus: warning: /opt/ros/humble/include/moveit_collision_detection_bullet_export.h: not a directory
cc1plus: warning: /opt/ros/humble/include/moveit_collision_detection_export.h: not a directory
cc1plus: warning: /opt/ros/humble/include/moveit_collision_detection_fcl_export.h: not a directory
cc1plus: warning: /opt/ros/humble/include/moveit_collision_distance_field_export.h: not a directory
cc1plus: warning: /opt/ros/humble/include/moveit_kinematics_base_export.h: not a directory
cc1plus: warning: /opt/ros/humble/include/moveit_move_group_interface_export.h: not a directory
cc1plus: warning: /opt/ros/humble/include/moveit_planning_pipeline_export.h: not a directory
cc1plus: warning: /opt/ros/humble/include/moveit_planning_scene_export.h: not a directory
cc1plus: warning: /opt/ros/humble/include/moveit_planning_scene_monitor_export.h: not a directory
cc1plus: warning: /opt/ros/humble/include/moveit_smoothing_base_export.h: not a directory
cc1plus: warning: /opt/ros/humble/include/moveit_trajectory_execution_manager_export.h: not a directory
cc1plus: warning: /opt/ros/humble/include/moveit_warehouse_export.h: not a directory
[ 89%] Building CXX object CMakeFiles/unicalib.dir/src/ikalibr/core/lidar_odometer.cpp.o
cc1plus: warning: /opt/ros/humble/include/moveit_butterworth_filter_export.h: not a directory
cc1plus: warning: /opt/ros/humble/include/moveit_collision_detection_bullet_export.h: not a directory
cc1plus: warning: /opt/ros/humble/include/moveit_collision_detection_export.h: not a directory
cc1plus: warning: /opt/ros/humble/include/moveit_collision_detection_fcl_export.h: not a directory
cc1plus: warning: /opt/ros/humble/include/moveit_collision_distance_field_export.h: not a directory
cc1plus: warning: /opt/ros/humble/include/moveit_kinematics_base_export.h: not a directory
cc1plus: warning: /opt/ros/humble/include/moveit_move_group_interface_export.h: not a directory
cc1plus: warning: /opt/ros/humble/include/moveit_planning_pipeline_export.h: not a directory
cc1plus: warning: /opt/ros/humble/include/moveit_planning_scene_export.h: not a directory
cc1plus: warning: /opt/ros/humble/include/moveit_planning_scene_monitor_export.h: not a directory
cc1plus: warning: /opt/ros/humble/include/moveit_smoothing_base_export.h: not a directory
cc1plus: warning: /opt/ros/humble/include/moveit_trajectory_execution_manager_export.h: not a directory
cc1plus: warning: /opt/ros/humble/include/moveit_warehouse_export.h: not a directory
cc1plus: warning: /opt/ros/humble/include/moveit_butterworth_filter_export.h: not a directory
cc1plus: warning: /opt/ros/humble/include/moveit_collision_detection_bullet_export.h: not a directory
cc1plus: warning: /opt/ros/humble/include/moveit_collision_detection_export.h: not a directory
cc1plus: warning: /opt/ros/humble/include/moveit_collision_detection_fcl_export.h: not a directory
cc1plus: warning: /opt/ros/humble/include/moveit_collision_distance_field_export.h: not a directory
cc1plus: warning: /opt/ros/humble/include/moveit_kinematics_base_export.h: not a directory
cc1plus: warning: /opt/ros/humble/include/moveit_move_group_interface_export.h: not a directory
cc1plus: warning: /opt/ros/humble/include/moveit_planning_pipeline_export.h: not a directory
cc1plus: warning: /opt/ros/humble/include/moveit_planning_scene_export.h: not a directory
cc1plus: warning: /opt/ros/humble/include/moveit_planning_scene_monitor_export.h: not a directory
cc1plus: warning: /opt/ros/humble/include/moveit_smoothing_base_export.h: not a directory
cc1plus: warning: /opt/ros/humble/include/moveit_trajectory_execution_manager_export.h: not a directory
cc1plus: warning: /opt/ros/humble/include/moveit_warehouse_export.h: not a directory
cc1plus: warning: /opt/ros/humble/include/moveit_butterworth_filter_export.h: not a directory
cc1plus: warning: /opt/ros/humble/include/moveit_collision_detection_bullet_export.h: not a directory
cc1plus: warning: /opt/ros/humble/include/moveit_collision_detection_export.h: not a directory
cc1plus: warning: /opt/ros/humble/include/moveit_collision_detection_fcl_export.h: not a directory
cc1plus: warning: /opt/ros/humble/include/moveit_collision_distance_field_export.h: not a directory
cc1plus: warning: /opt/ros/humble/include/moveit_kinematics_base_export.h: not a directory
cc1plus: warning: /opt/ros/humble/include/moveit_move_group_interface_export.h: not a directory
cc1plus: warning: /opt/ros/humble/include/moveit_planning_pipeline_export.h: not a directory
cc1plus: warning: /opt/ros/humble/include/moveit_planning_scene_export.h: not a directory
cc1plus: warning: /opt/ros/humble/include/moveit_planning_scene_monitor_export.h: not a directory
cc1plus: warning: /opt/ros/humble/include/moveit_smoothing_base_export.h: not a directory
cc1plus: warning: /opt/ros/humble/include/moveit_trajectory_execution_manager_export.h: not a directory
cc1plus: warning: /opt/ros/humble/include/moveit_warehouse_export.h: not a directory
cc1plus: warning: /opt/ros/humble/include/moveit_butterworth_filter_export.h: not a directory
cc1plus: warning: /opt/ros/humble/include/moveit_collision_detection_bullet_export.h: not a directory
cc1plus: warning: /opt/ros/humble/include/moveit_collision_detection_export.h: not a directory
cc1plus: warning: /opt/ros/humble/include/moveit_collision_detection_fcl_export.h: not a directory
cc1plus: warning: /opt/ros/humble/include/moveit_collision_distance_field_export.h: not a directory
cc1plus: warning: /opt/ros/humble/include/moveit_kinematics_base_export.h: not a directory
cc1plus: warning: /opt/ros/humble/include/moveit_move_group_interface_export.h: not a directory
cc1plus: warning: /opt/ros/humble/include/moveit_planning_pipeline_export.h: not a directory
cc1plus: warning: /opt/ros/humble/include/moveit_planning_scene_export.h: not a directory
cc1plus: warning: /opt/ros/humble/include/moveit_planning_scene_monitor_export.h: not a directory
cc1plus: warning: /opt/ros/humble/include/moveit_smoothing_base_export.h: not a directory
cc1plus: warning: /opt/ros/humble/include/moveit_trajectory_execution_manager_export.h: not a directory
cc1plus: warning: /opt/ros/humble/include/moveit_warehouse_export.h: not a directory
cc1plus: warning: /opt/ros/humble/include/moveit_butterworth_filter_export.h: not a directory
cc1plus: warning: /opt/ros/humble/include/moveit_collision_detection_bullet_export.h: not a directory
cc1plus: warning: /opt/ros/humble/include/moveit_collision_detection_export.h: not a directory
cc1plus: warning: /opt/ros/humble/include/moveit_collision_detection_fcl_export.h: not a directory
cc1plus: warning: /opt/ros/humble/include/moveit_collision_distance_field_export.h: not a directory
cc1plus: warning: /opt/ros/humble/include/moveit_kinematics_base_export.h: not a directory
cc1plus: warning: /opt/ros/humble/include/moveit_move_group_interface_export.h: not a directory
cc1plus: warning: /opt/ros/humble/include/moveit_planning_pipeline_export.h: not a directory
cc1plus: warning: /opt/ros/humble/include/moveit_planning_scene_export.h: not a directory
cc1plus: warning: /opt/ros/humble/include/moveit_planning_scene_monitor_export.h: not a directory
cc1plus: warning: /opt/ros/humble/include/moveit_smoothing_base_export.h: not a directory
cc1plus: warning: /opt/ros/humble/include/moveit_trajectory_execution_manager_export.h: not a directory
cc1plus: warning: /opt/ros/humble/include/moveit_warehouse_export.h: not a directory
cc1plus: warning: /opt/ros/humble/include/moveit_butterworth_filter_export.h: not a directory
cc1plus: warning: /opt/ros/humble/include/moveit_collision_detection_bullet_export.h: not a directory
cc1plus: warning: /opt/ros/humble/include/moveit_collision_detection_export.h: not a directory
cc1plus: warning: /opt/ros/humble/include/moveit_collision_detection_fcl_export.h: not a directory
cc1plus: warning: /opt/ros/humble/include/moveit_collision_distance_field_export.h: not a directory
cc1plus: warning: /opt/ros/humble/include/moveit_kinematics_base_export.h: not a directory
cc1plus: warning: /opt/ros/humble/include/moveit_move_group_interface_export.h: not a directory
cc1plus: warning: /opt/ros/humble/include/moveit_planning_pipeline_export.h: not a directory
cc1plus: warning: /opt/ros/humble/include/moveit_planning_scene_export.h: not a directory
cc1plus: warning: /opt/ros/humble/include/moveit_planning_scene_monitor_export.h: not a directory
cc1plus: warning: /opt/ros/humble/include/moveit_smoothing_base_export.h: not a directory
cc1plus: warning: /opt/ros/humble/include/moveit_trajectory_execution_manager_export.h: not a directory
cc1plus: warning: /opt/ros/humble/include/moveit_warehouse_export.h: not a directory
cc1plus: warning: /opt/ros/humble/include/moveit_butterworth_filter_export.h: not a directory
cc1plus: warning: /opt/ros/humble/include/moveit_collision_detection_bullet_export.h: not a directory
cc1plus: warning: /opt/ros/humble/include/moveit_collision_detection_export.h: not a directory
cc1plus: warning: /opt/ros/humble/include/moveit_collision_detection_fcl_export.h: not a directory
cc1plus: warning: /opt/ros/humble/include/moveit_collision_distance_field_export.h: not a directory
cc1plus: warning: /opt/ros/humble/include/moveit_kinematics_base_export.h: not a directory
cc1plus: warning: /opt/ros/humble/include/moveit_move_group_interface_export.h: not a directory
cc1plus: warning: /opt/ros/humble/include/moveit_planning_pipeline_export.h: not a directory
cc1plus: warning: /opt/ros/humble/include/moveit_planning_scene_export.h: not a directory
cc1plus: warning: /opt/ros/humble/include/moveit_planning_scene_monitor_export.h: not a directory
cc1plus: warning: /opt/ros/humble/include/moveit_smoothing_base_export.h: not a directory
cc1plus: warning: /opt/ros/humble/include/moveit_trajectory_execution_manager_export.h: not a directory
cc1plus: warning: /opt/ros/humble/include/moveit_warehouse_export.h: not a directory
cc1plus: warning: /opt/ros/humble/include/moveit_butterworth_filter_export.h: not a directory
cc1plus: warning: /opt/ros/humble/include/moveit_collision_detection_bullet_export.h: not a directory
cc1plus: warning: /opt/ros/humble/include/moveit_collision_detection_export.h: not a directory
cc1plus: warning: /opt/ros/humble/include/moveit_collision_detection_fcl_export.h: not a directory
cc1plus: warning: /opt/ros/humble/include/moveit_collision_distance_field_export.h: not a directory
cc1plus: warning: /opt/ros/humble/include/moveit_kinematics_base_export.h: not a directory
cc1plus: warning: /opt/ros/humble/include/moveit_move_group_interface_export.h: not a directory
cc1plus: warning: /opt/ros/humble/include/moveit_planning_pipeline_export.h: not a directory
cc1plus: warning: /opt/ros/humble/include/moveit_planning_scene_export.h: not a directory
cc1plus: warning: /opt/ros/humble/include/moveit_planning_scene_monitor_export.h: not a directory
cc1plus: warning: /opt/ros/humble/include/moveit_smoothing_base_export.h: not a directory
cc1plus: warning: /opt/ros/humble/include/moveit_trajectory_execution_manager_export.h: not a directory
cc1plus: warning: /opt/ros/humble/include/moveit_warehouse_export.h: not a directory
cc1plus: warning: /opt/ros/humble/include/moveit_butterworth_filter_export.h: not a directory
cc1plus: warning: /opt/ros/humble/include/moveit_collision_detection_bullet_export.h: not a directory
cc1plus: warning: /opt/ros/humble/include/moveit_collision_detection_export.h: not a directory
cc1plus: warning: /opt/ros/humble/include/moveit_collision_detection_fcl_export.h: not a directory
cc1plus: warning: /opt/ros/humble/include/moveit_collision_distance_field_export.h: not a directory
cc1plus: warning: /opt/ros/humble/include/moveit_kinematics_base_export.h: not a directory
cc1plus: warning: /opt/ros/humble/include/moveit_move_group_interface_export.h: not a directory
cc1plus: warning: /opt/ros/humble/include/moveit_planning_pipeline_export.h: not a directory
cc1plus: warning: /opt/ros/humble/include/moveit_planning_scene_export.h: not a directory
cc1plus: warning: /opt/ros/humble/include/moveit_planning_scene_monitor_export.h: not a directory
cc1plus: warning: /opt/ros/humble/include/moveit_smoothing_base_export.h: not a directory
cc1plus: warning: /opt/ros/humble/include/moveit_trajectory_execution_manager_export.h: not a directory
cc1plus: warning: /opt/ros/humble/include/moveit_warehouse_export.h: not a directory
[ 89%] Linking CXX shared library lib/libunicalib.so
[ 89%] Built target unicalib
[ 91%] Building CXX object CMakeFiles/unicalib_lidar_camera.dir/apps/lidar_camera_extrin/main.cpp.o
[ 91%] Building CXX object CMakeFiles/unicalib_cam_cam.dir/apps/cam_cam_extrin/main.cpp.o
[ 91%] Building CXX object CMakeFiles/unicalib_imu_lidar.dir/apps/imu_lidar_extrin/main.cpp.o
[ 91%] Building CXX object CMakeFiles/unicalib_camera_intrinsic.dir/apps/camera_intrinsic/main.cpp.o
[ 91%] Building CXX object CMakeFiles/unicalib_imu_intrinsic.dir/apps/imu_intrinsic/main.cpp.o
[ 91%] Building CXX object CMakeFiles/unicalib_joint.dir/apps/joint_calib/main.cpp.o
[ 91%] Building CXX object CMakeFiles/unicalib_lidar_lidar.dir/apps/lidar_lidar_extrin/main.cpp.o
cc1plus: warning: /opt/ros/humble/include/moveit_butterworth_filter_export.h: not a directory
cc1plus: warning: /opt/ros/humble/include/moveit_collision_detection_bullet_export.h: not a directory
cc1plus: warning: /opt/ros/humble/include/moveit_butterworth_filter_export.h: not a directory
cc1plus: warning: /opt/ros/humble/include/moveit_collision_detection_export.h: not a directory
cc1plus: warning: /opt/ros/humble/include/moveit_butterworth_filter_export.h: not a directory
cc1plus: warning: /opt/ros/humble/include/moveit_butterworth_filter_export.h: not a directory
cc1plus: warning: /opt/ros/humble/include/moveit_butterworth_filter_export.h: not a directory
cc1plus: warning: /opt/ros/humble/include/moveit_butterworth_filter_export.h: not a directory
cc1plus: warning: /opt/ros/humble/include/moveit_collision_detection_fcl_export.h: not a directory
cc1plus: warning: /opt/ros/humble/include/moveit_collision_detection_bullet_export.h: not a directory
cc1plus: warning: /opt/ros/humble/include/moveit_butterworth_filter_export.h: not a directory
cc1plus: warning: /opt/ros/humble/include/moveit_collision_detection_bullet_export.h: not a directory
cc1plus: warning: /opt/ros/humble/include/moveit_collision_detection_bullet_export.h: not a directory
cc1plus: warning: /opt/ros/humble/include/moveit_collision_distance_field_export.h: not a directory
cc1plus: warning: /opt/ros/humble/include/moveit_collision_detection_bullet_export.h: not a directory
cc1plus: warning: /opt/ros/humble/include/moveit_collision_detection_export.h: not a directory
cc1plus: warning: /opt/ros/humble/include/moveit_collision_detection_bullet_export.h: not a directory
cc1plus: warning: /opt/ros/humble/include/moveit_collision_detection_bullet_export.h: not a directory
cc1plus: warning: /opt/ros/humble/include/moveit_collision_detection_export.h: not a directory
cc1plus: warning: /opt/ros/humble/include/moveit_collision_detection_export.h: not a directory
cc1plus: warning: /opt/ros/humble/include/moveit_collision_detection_fcl_export.h: not a directory
cc1plus: warning: /opt/ros/humble/include/moveit_collision_detection_export.h: not a directory
cc1plus: warning: /opt/ros/humble/include/moveit_kinematics_base_export.h: not a directory
cc1plus: warning: /opt/ros/humble/include/moveit_collision_detection_export.h: not a directory
cc1plus: warning: /opt/ros/humble/include/moveit_collision_detection_export.h: not a directory
cc1plus: warning: /opt/ros/humble/include/moveit_collision_detection_fcl_export.h: not a directory
cc1plus: warning: /opt/ros/humble/include/moveit_collision_detection_fcl_export.h: not a directory
cc1plus: warning: /opt/ros/humble/include/moveit_collision_distance_field_export.h: not a directory
cc1plus: warning: /opt/ros/humble/include/moveit_collision_detection_fcl_export.h: not a directory
cc1plus: warning: /opt/ros/humble/include/moveit_move_group_interface_export.h: not a directory
cc1plus: warning: /opt/ros/humble/include/moveit_collision_detection_fcl_export.h: not a directory
cc1plus: warning: /opt/ros/humble/include/moveit_collision_detection_fcl_export.h: not a directory
cc1plus: warning: /opt/ros/humble/include/moveit_collision_distance_field_export.h: not a directory
cc1plus: warning: /opt/ros/humble/include/moveit_collision_distance_field_export.h: not a directory
cc1plus: warning: /opt/ros/humble/include/moveit_collision_distance_field_export.h: not a directory
cc1plus: warning: /opt/ros/humble/include/moveit_collision_distance_field_export.h: not a directory
cc1plus: warning: /opt/ros/humble/include/moveit_collision_distance_field_export.h: not a directory
cc1plus: warning: /opt/ros/humble/include/moveit_kinematics_base_export.h: not a directory
cc1plus: warning: /opt/ros/humble/include/moveit_kinematics_base_export.h: not a directory
cc1plus: warning: /opt/ros/humble/include/moveit_kinematics_base_export.h: not a directory
cc1plus: warning: /opt/ros/humble/include/moveit_move_group_interface_export.h: not a directory
cc1plus: warning: /opt/ros/humble/include/moveit_kinematics_base_export.h: not a directory
cc1plus: warning: /opt/ros/humble/include/moveit_kinematics_base_export.h: not a directory
cc1plus: warning: /opt/ros/humble/include/moveit_kinematics_base_export.h: not a directory
cc1plus: warning: /opt/ros/humble/include/moveit_move_group_interface_export.h: not a directory
cc1plus: warning: /opt/ros/humble/include/moveit_move_group_interface_export.h: not a directory
cc1plus: warning: /opt/ros/humble/include/moveit_move_group_interface_export.h: not a directory
cc1plus: warning: /opt/ros/humble/include/moveit_move_group_interface_export.h: not a directory
cc1plus: warning: /opt/ros/humble/include/moveit_move_group_interface_export.h: not a directory
cc1plus: warning: /opt/ros/humble/include/moveit_planning_pipeline_export.h: not a directory
cc1plus: warning: /opt/ros/humble/include/moveit_planning_pipeline_export.h: not a directory
cc1plus: warning: /opt/ros/humble/include/moveit_planning_pipeline_export.h: not a directory
cc1plus: warning: /opt/ros/humble/include/moveit_planning_pipeline_export.h: not a directory
cc1plus: warning: /opt/ros/humble/include/moveit_planning_scene_export.h: not a directory
cc1plus: warning: /opt/ros/humble/include/moveit_planning_pipeline_export.h: not a directory
cc1plus: warning: /opt/ros/humble/include/moveit_planning_scene_export.h: not a directory
cc1plus: warning: /opt/ros/humble/include/moveit_planning_scene_export.h: not a directory
cc1plus: warning: /opt/ros/humble/include/moveit_planning_scene_export.h: not a directory
cc1plus: warning: /opt/ros/humble/include/moveit_planning_scene_monitor_export.h: not a directory
cc1plus: warning: /opt/ros/humble/include/moveit_planning_pipeline_export.h: not a directory
cc1plus: warning: /opt/ros/humble/include/moveit_planning_pipeline_export.h: not a directory
cc1plus: warning: /opt/ros/humble/include/moveit_planning_scene_monitor_export.h: not a directory
cc1plus: warning: /opt/ros/humble/include/moveit_planning_scene_monitor_export.h: not a directory
cc1plus: warning: /opt/ros/humble/include/moveit_planning_scene_monitor_export.h: not a directory
cc1plus: warning: /opt/ros/humble/include/moveit_planning_scene_export.h: not a directory
cc1plus: warning: /opt/ros/humble/include/moveit_smoothing_base_export.h: not a directory
cc1plus: warning: /opt/ros/humble/include/moveit_smoothing_base_export.h: not a directory
cc1plus: warning: /opt/ros/humble/include/moveit_smoothing_base_export.h: not a directory
cc1plus: warning: /opt/ros/humble/include/moveit_smoothing_base_export.h: not a directory
cc1plus: warning: /opt/ros/humble/include/moveit_trajectory_execution_manager_export.h: not a directory
cc1plus: warning: /opt/ros/humble/include/moveit_planning_scene_export.h: not a directory
cc1plus: warning: /opt/ros/humble/include/moveit_planning_scene_monitor_export.h: not a directory
cc1plus: warning: /opt/ros/humble/include/moveit_planning_scene_export.h: not a directory
cc1plus: warning: /opt/ros/humble/include/moveit_trajectory_execution_manager_export.h: not a directory
cc1plus: warning: /opt/ros/humble/include/moveit_trajectory_execution_manager_export.h: not a directory
cc1plus: warning: /opt/ros/humble/include/moveit_trajectory_execution_manager_export.h: not a directory
cc1plus: warning: /opt/ros/humble/include/moveit_warehouse_export.h: not a directory
cc1plus: warning: /opt/ros/humble/include/moveit_smoothing_base_export.h: not a directory
cc1plus: warning: /opt/ros/humble/include/moveit_planning_scene_monitor_export.h: not a directory
cc1plus: warning: /opt/ros/humble/include/moveit_planning_scene_monitor_export.h: not a directory
cc1plus: warning: /opt/ros/humble/include/moveit_warehouse_export.h: not a directory
cc1plus: warning: /opt/ros/humble/include/moveit_warehouse_export.h: not a directory
cc1plus: warning: /opt/ros/humble/include/moveit_warehouse_export.h: not a directory
cc1plus: warning: /opt/ros/humble/include/moveit_trajectory_execution_manager_export.h: not a directory
cc1plus: warning: /opt/ros/humble/include/moveit_smoothing_base_export.h: not a directory
cc1plus: warning: /opt/ros/humble/include/moveit_smoothing_base_export.h: not a directory
cc1plus: warning: /opt/ros/humble/include/moveit_warehouse_export.h: not a directory
cc1plus: warning: /opt/ros/humble/include/moveit_trajectory_execution_manager_export.h: not a directory
cc1plus: warning: /opt/ros/humble/include/moveit_trajectory_execution_manager_export.h: not a directory
cc1plus: warning: /opt/ros/humble/include/moveit_warehouse_export.h: not a directory
cc1plus: warning: /opt/ros/humble/include/moveit_warehouse_export.h: not a directory
/root/calib_ws/calib_unified/apps/lidar_camera_extrin/main.cpp: In function ‘void fatal_signal_handler(int)’:
/root/calib_ws/calib_unified/apps/lidar_camera_extrin/main.cpp:83:54: warning: ignoring return value of ‘ssize_t write(int, const void*, size_t)’ declared with attribute ‘warn_unused_result’ [-Wunused-result]
   83 |     for (const char* p = prefix; *p; ++p) (void)write(STDERR_FILENO, p, 1);
      |                                                 ~~~~~^~~~~~~~~~~~~~~~~~~~~
/root/calib_ws/calib_unified/apps/lidar_camera_extrin/main.cpp:84:53: warning: ignoring return value of ‘ssize_t write(int, const void*, size_t)’ declared with attribute ‘warn_unused_result’ [-Wunused-result]
   84 |     for (const char* p = sname; *p; ++p) (void)write(STDERR_FILENO, p, 1);
      |                                                ~~~~~^~~~~~~~~~~~~~~~~~~~~
/root/calib_ws/calib_unified/apps/lidar_camera_extrin/main.cpp:85:51: warning: ignoring return value of ‘ssize_t write(int, const void*, size_t)’ declared with attribute ‘warn_unused_result’ [-Wunused-result]
   85 |     for (const char* p = mid; *p; ++p) (void)write(STDERR_FILENO, p, 1);
      |                                              ~~~~~^~~~~~~~~~~~~~~~~~~~~
/root/calib_ws/calib_unified/apps/lidar_camera_extrin/main.cpp:87:53: warning: ignoring return value of ‘ssize_t write(int, const void*, size_t)’ declared with attribute ‘warn_unused_result’ [-Wunused-result]
   87 |     if (stage) { for (; *stage; ++stage) (void)write(STDERR_FILENO, stage, 1); }
      |                                                ~~~~~^~~~~~~~~~~~~~~~~~~~~~~~~
/root/calib_ws/calib_unified/apps/lidar_camera_extrin/main.cpp:88:65: warning: ignoring return value of ‘ssize_t write(int, const void*, size_t)’ declared with attribute ‘warn_unused_result’ [-Wunused-result]
   88 |     else { const char* n = "(null)"; for (; *n; ++n) (void)write(STDERR_FILENO, n, 1); }
      |                                                            ~~~~~^~~~~~~~~~~~~~~~~~~~~
/root/calib_ws/calib_unified/apps/lidar_camera_extrin/main.cpp:89:50: warning: ignoring return value of ‘ssize_t write(int, const void*, size_t)’ declared with attribute ‘warn_unused_result’ [-Wunused-result]
   89 |     for (const char* p = nl; *p; ++p) (void)write(STDERR_FILENO, p, 1);
      |                                             ~~~~~^~~~~~~~~~~~~~~~~~~~~
/root/calib_ws/calib_unified/apps/lidar_camera_extrin/main.cpp:93:56: warning: ignoring return value of ‘ssize_t write(int, const void*, size_t)’ declared with attribute ‘warn_unused_result’ [-Wunused-result]
   93 |         for (const char* p = hint; *p; ++p) (void)write(STDERR_FILENO, p, 1);
      |                                                   ~~~~~^~~~~~~~~~~~~~~~~~~~~
[ 91%] Linking CXX executable bin/unicalib_cam_cam
/usr/bin/ld: warning: libopencv_core.so.4.5d, needed by /opt/ros/humble/lib/libcv_bridge.so, may conflict with libopencv_core.so.408
[ 92%] Linking CXX executable bin/unicalib_imu_lidar
[ 94%] Linking CXX executable bin/unicalib_imu_intrinsic
/usr/bin/ld: warning: libopencv_core.so.4.5d, needed by /opt/ros/humble/lib/libcv_bridge.so, may conflict with libopencv_core.so.408
[ 94%] Built target unicalib_cam_cam
[ 94%] Built target unicalib_imu_lidar
[ 94%] Built target unicalib_imu_intrinsic
[ 95%] Linking CXX executable bin/unicalib_camera_intrinsic
/usr/bin/ld: warning: libopencv_imgcodecs.so.4.5d, needed by /opt/ros/humble/lib/libcv_bridge.so, may conflict with libopencv_imgcodecs.so.408
/usr/bin/ld: warning: libopencv_core.so.4.5d, needed by /opt/ros/humble/lib/libcv_bridge.so, may conflict with libopencv_core.so.408
[ 95%] Built target unicalib_camera_intrinsic
[ 97%] Linking CXX executable bin/unicalib_joint
[ 98%] Linking CXX executable bin/unicalib_lidar_lidar
/usr/bin/ld: warning: libopencv_core.so.4.5d, needed by /opt/ros/humble/lib/libcv_bridge.so, may conflict with libopencv_core.so.408
[ 98%] Built target unicalib_joint
[ 98%] Built target unicalib_lidar_lidar
[100%] Linking CXX executable bin/unicalib_lidar_camera
/usr/bin/ld: warning: libopencv_imgcodecs.so.4.5d, needed by /opt/ros/humble/lib/libcv_bridge.so, may conflict with libopencv_imgcodecs.so.408
/usr/bin/ld: warning: libopencv_core.so.4.5d, needed by /opt/ros/humble/lib/libcv_bridge.so, may conflict with libopencv_core.so.408
[100%] Built target unicalib_lidar_camera
