-- The C compiler identification is GNU 11.4.0
-- The CXX compiler identification is GNU 11.4.0
-- Detecting C compiler ABI info
-- Detecting C compiler ABI info - done
-- Check for working C compiler: /usr/bin/cc - skipped
-- Detecting C compile features
-- Detecting C compile features - done
-- Detecting CXX compiler ABI info
-- Detecting CXX compiler ABI info - done
-- Check for working CXX compiler: /usr/bin/c++ - skipped
-- Detecting CXX compile features
-- Detecting CXX compile features - done
-- Eigen3 found: /usr/include/eigen3
-- Sophus: found in system
-- veta: using self-contained veta-impl at /root/calib_ws/calib_unified/thirdparty/veta-impl/include
-- basalt-headers: ✓ Found at /root/calib_ws/calib_unified/thirdparty/basalt-headers/include
--   • Features: Se3Spline, So3Spline, RdSpline, CeresHelper
-- libpng Found and Enabled
-- libjpeg Found and Enabled
-- libtiff Found and Enabled
-- libopenexr Found and Enabled
-- liblz4 Found and Enabled
-- libzstd Found and Enabled
-- Found Eigen: '/usr/include/eigen3'
-- Performing Test HAS_FLTO
-- Performing Test HAS_FLTO - Success
-- Selected Python: '/usr/bin/python3.10'. cmake --build . -t pypangolin_pip_install to use pypangolin module.
-- libdc1394 Found and Enabled
-- V4L Found and Enabled
-- Performing Test HAVE_FFMPEG_MAX_ANALYZE_DURATION
-- Performing Test HAVE_FFMPEG_MAX_ANALYZE_DURATION - Success
-- Performing Test HAVE_FFMPEG_AVFORMAT_ALLOC_OUTPUT_CONTEXT2
-- Performing Test HAVE_FFMPEG_AVFORMAT_ALLOC_OUTPUT_CONTEXT2 - Success
-- Performing Test HAVE_FFMPEG_AVPIXELFORMAT
-- Performing Test HAVE_FFMPEG_AVPIXELFORMAT - Success
-- ffmpeg Found and Enabled: /usr/include/x86_64-linux-gnu;/usr/include/x86_64-linux-gnu;/usr/include/x86_64-linux-gnu;/usr/include/x86_64-linux-gnu;/usr/include/x86_64-linux-gnu
-- Found PkgConfig: /usr/bin/pkg-config (found version "0.29.2") 
-- OpenNI Found and Enabled
-- OpenNI2 Found and Enabled
-- Checking for module 'wayland-egl'
--   Found wayland-egl, version 18.1.0
-- Checking for module 'wayland-cursor'
--   Found wayland-cursor, version 1.20.0
-- Checking for module 'xkbcommon'
--   Found xkbcommon, version 1.4.0
-- Pangolin: building from /root/calib_ws/calib_unified/thirdparty/Pangolin/Pangolin-0.9.0
-- Pangolin include paths: /root/calib_ws/calib_unified/thirdparty/Pangolin/Pangolin-0.9.0/components/pango_core/include;/root/calib_ws/calib_unified/thirdparty/Pangolin/Pangolin-0.9.0/components/pango_display/include;/root/calib_ws/calib_unified/thirdparty/Pangolin/Pangolin-0.9.0/components/pango_opengl/include;/root/calib_ws/calib_unified/thirdparty/Pangolin/Pangolin-0.9.0/components/pango_windowing/include;/root/calib_ws/calib_unified/thirdparty/Pangolin/Pangolin-0.9.0/components/pango_vars/include;/root/calib_ws/calib_unified/thirdparty/Pangolin/Pangolin-0.9.0/components/pango_image/include;/root/calib_ws/calib_unified/thirdparty/Pangolin/Pangolin-0.9.0/components/pango_plot/include;/root/calib_ws/calib_unified/thirdparty/Pangolin/Pangolin-0.9.0/components/pango_video/include
-- basalt-headers: using /root/calib_ws/calib_unified/thirdparty/basalt-headers/include
-- ctraj: using basalt-headers + ctraj_basalt_compat (replacing ctraj_full)
-- Found Threads: TRUE  
-- Found CXSparse: /usr/include/suitesparse (found suitable version "3.2.0", minimum required is "3.2.0") 
-- Found AMD headers in: /usr/include/suitesparse
-- Found AMD library: /usr/lib/x86_64-linux-gnu/libamd.so
-- Found CAMD headers in: /usr/include/suitesparse
-- Found CAMD library: /usr/lib/x86_64-linux-gnu/libcamd.so
-- Found CCOLAMD headers in: /usr/include/suitesparse
-- Found CCOLAMD library: /usr/lib/x86_64-linux-gnu/libccolamd.so
-- Found CHOLMOD headers in: /usr/include/suitesparse
-- Found CHOLMOD library: /usr/lib/x86_64-linux-gnu/libcholmod.so
-- Found COLAMD headers in: /usr/include/suitesparse
-- Found COLAMD library: /usr/lib/x86_64-linux-gnu/libcolamd.so
-- Found SPQR headers in: /usr/include/suitesparse
-- Found SPQR library: /usr/lib/x86_64-linux-gnu/libspqr.so
-- Found Config headers in: /usr/include/suitesparse
-- Found Config library: /usr/lib/x86_64-linux-gnu/libsuitesparseconfig.so
-- Found Intel Thread Building Blocks (TBB) library (2021.5 / ) include location: . Assuming SuiteSparseQR was compiled with TBB.
-- Looking for shm_open in rt
-- Looking for shm_open in rt - found
-- Adding librt to SuiteSparse_config libraries (required on Linux & Unix [not OSX] if SuiteSparse is compiled with timing).
-- Found METIS: /usr/include (found version "5.1.0") 
-- Found SuiteSparse: /usr/include/suitesparse (found suitable version "5.10.1", minimum required is "5.10.1") found components: AMD CAMD CCOLAMD CHOLMOD COLAMD SPQR Config 
-- Found required Ceres dependency: Eigen version 3.4.0 in /usr/share/eigen3/cmake
-- Found required Ceres dependency: glog
-- Found required Ceres dependency: gflags
-- Found Ceres version: 2.1.0 installed in: /usr/local with components: [EigenSparse, SparseLinearAlgebraLibrary, LAPACK, SuiteSparse, CXSparse, SchurSpecializations, Multithreading]
-- Ceres: 2.1.0
-- Found CUDA: /usr/local/cuda (found suitable exact version "11.8") 
-- Found OpenCV: /usr/local (found suitable version "4.8.0", minimum required is "4") found components: core imgproc calib3d highgui features2d video 
-- OpenCV: 4.8.0
-- Checking for module 'eigen3'
--   Found eigen3, version 3.4.0
-- Found Eigen: /usr/include/eigen3 (Required is at least version "3.1") 
-- Eigen found (include: /usr/include/eigen3, version: 3.4.0)
-- Found Boost: /usr/lib/x86_64-linux-gnu/cmake/Boost-1.74.0/BoostConfig.cmake (found suitable version "1.74.0", minimum required is "1.65.0") found components: system filesystem date_time iostreams serialization 
-- Checking for module 'libusb-1.0'
--   Found libusb-1.0, version 1.0.25
-- Found libusb: /usr/lib/x86_64-linux-gnu/libusb-1.0.so  
-- Found OpenNI: /usr/lib/libOpenNI.so;libusb::libusb (found version "1.5.4.0") 
-- OpenNI found (version: 1.5.4.0, include: /usr/include/ni, lib: /usr/lib/libOpenNI.so;libusb::libusb)
-- Found OpenNI2: /usr/lib/x86_64-linux-gnu/libOpenNI2.so;libusb::libusb (found version "2.2.0.33") 
-- OpenNI2 found (version: 2.2.0.33, include: /usr/include/openni2, lib: /usr/lib/x86_64-linux-gnu/libOpenNI2.so;libusb::libusb)
** WARNING ** io features related to pcap will be disabled
** WARNING ** io features related to png will be disabled
-- Found GLEW: /usr/lib/x86_64-linux-gnu/libGLEW.so  
-- Found OpenGL: /usr/lib/x86_64-linux-gnu/libOpenGL.so  found components: OpenGL GLX 
-- Found MPI_C: /usr/lib/x86_64-linux-gnu/libmpi.so (found version "3.1") 
-- Found MPI: TRUE (found version "3.1") found components: C 
-- Found JsonCpp: /usr/lib/x86_64-linux-gnu/libjsoncpp.so (found suitable version "1.9.5", minimum required is "0.7.0") 
-- Found ZLIB: /usr/lib/x86_64-linux-gnu/libz.so (found version "1.2.11") 
-- Found PNG: /usr/lib/x86_64-linux-gnu/libpng.so (found version "1.6.37") 
-- Found Eigen3: /usr/include/eigen3 (found version "3.4.0") 
-- Found X11: /usr/include   
-- Found EXPAT: /usr/lib/x86_64-linux-gnu/libexpat.so (found version "2.4.7") 
-- Found double-conversion: /usr/lib/x86_64-linux-gnu/libdouble-conversion.so  
-- Found LZ4: /usr/lib/x86_64-linux-gnu/liblz4.so (found version "1.9.3") 
-- Found LZMA: /usr/lib/x86_64-linux-gnu/liblzma.so (found version "5.2.5") 
-- Found JPEG: /usr/lib/x86_64-linux-gnu/libjpeg.so (found version "80") 
-- Found TIFF: /usr/lib/x86_64-linux-gnu/libtiff.so (found version "4.3.0")  
-- Found Freetype: /usr/lib/x86_64-linux-gnu/libfreetype.so (found version "2.11.1") 
-- Found utf8cpp: /usr/include/utf8cpp  
-- Eigen found (include: /usr/include/eigen3, version: 3.4.0)
-- Checking for module 'flann'
--   Found flann, version 1.9.1
-- Found FLANN: /usr/lib/x86_64-linux-gnu/libflann_cpp.so  
-- FLANN found (include: /usr/include, lib: /usr/lib/x86_64-linux-gnu/libflann_cpp.so)
-- OpenNI found (version: 1.5.4.0, include: /usr/include/ni, lib: /usr/lib/libOpenNI.so;libusb::libusb)
-- OpenNI2 found (version: 2.2.0.33, include: /usr/include/openni2, lib: /usr/lib/x86_64-linux-gnu/libOpenNI2.so;libusb::libusb)
-- looking for PCL_COMMON
-- Found PCL_COMMON: /usr/lib/x86_64-linux-gnu/libpcl_common.so  
-- looking for PCL_OCTREE
-- Found PCL_OCTREE: /usr/lib/x86_64-linux-gnu/libpcl_octree.so  
-- looking for PCL_IO
-- Found PCL_IO: /usr/lib/x86_64-linux-gnu/libpcl_io.so  
-- looking for PCL_SAMPLE_CONSENSUS
-- Found PCL_SAMPLE_CONSENSUS: /usr/lib/x86_64-linux-gnu/libpcl_sample_consensus.so  
-- looking for PCL_FILTERS
-- Found PCL_FILTERS: /usr/lib/x86_64-linux-gnu/libpcl_filters.so  
-- looking for PCL_KDTREE
-- Found PCL_KDTREE: /usr/lib/x86_64-linux-gnu/libpcl_kdtree.so  
-- looking for PCL_SEARCH
-- Found PCL_SEARCH: /usr/lib/x86_64-linux-gnu/libpcl_search.so  
-- looking for PCL_GEOMETRY
-- Found PCL_GEOMETRY: /usr/include/pcl-1.12  
-- looking for PCL_ML
-- Found PCL_ML: /usr/lib/x86_64-linux-gnu/libpcl_ml.so  
-- looking for PCL_SEGMENTATION
-- Found PCL_SEGMENTATION: /usr/lib/x86_64-linux-gnu/libpcl_segmentation.so  
-- looking for PCL_REGISTRATION
-- Found PCL_REGISTRATION: /usr/lib/x86_64-linux-gnu/libpcl_registration.so  
-- looking for PCL_2D
-- Found PCL_2D: /usr/include/pcl-1.12  
-- looking for PCL_FEATURES
-- Found PCL_FEATURES: /usr/lib/x86_64-linux-gnu/libpcl_features.so  
-- looking for PCL_VISUALIZATION
-- Found PCL_VISUALIZATION: /usr/lib/x86_64-linux-gnu/libpcl_visualization.so  
-- Found PCL: pcl_common;pcl_octree;pcl_io;pcl_sample_consensus;pcl_filters;pcl_kdtree;pcl_search;pcl_ml;pcl_segmentation;pcl_registration;pcl_features;pcl_visualization;Boost::system;Boost::filesystem;Boost::date_time;Boost::iostreams;Boost::serialization;/usr/lib/libOpenNI.so;libusb::libusb;/usr/lib/x86_64-linux-gnu/libOpenNI2.so;libusb::libusb;VTK::ChartsCore;VTK::CommonColor;VTK::CommonComputationalGeometry;VTK::CommonCore;VTK::CommonDataModel;VTK::CommonExecutionModel;VTK::CommonMath;VTK::CommonMisc;VTK::CommonTransforms;VTK::FiltersCore;VTK::FiltersExtraction;VTK::FiltersGeneral;VTK::FiltersGeometry;VTK::FiltersModeling;VTK::FiltersSources;VTK::ImagingCore;VTK::ImagingSources;VTK::InteractionImage;VTK::InteractionStyle;VTK::InteractionWidgets;VTK::IOCore;VTK::IOGeometry;VTK::IOImage;VTK::IOLegacy;VTK::IOPLY;VTK::RenderingAnnotation;VTK::RenderingCore;VTK::RenderingContext2D;VTK::RenderingLOD;VTK::RenderingFreeType;VTK::ViewsCore;VTK::ViewsContext2D;VTK::RenderingOpenGL2;VTK::GUISupportQt;FLANN::FLANN  
-- PCL: 1.12.1
-- spdlog: 1.9.2
-- fmt: 8.1.1
-- yaml-cpp: 0.7.0
-- Found OpenMP_C: -fopenmp (found version "4.5") 
-- Found OpenMP_CXX: -fopenmp (found version "4.5") 
-- Found OpenMP: TRUE (found version "4.5")  
-- OpenMP: found, version 4.5
-- Found Python3: /usr/bin/python3 (found version "3.10.12") found components: Interpreter 
-- Found rosidl_generator_c: 3.1.8 (/opt/ros/humble/share/rosidl_generator_c/cmake)
-- Found rosidl_adapter: 3.1.8 (/opt/ros/humble/share/rosidl_adapter/cmake)
-- Found rosidl_generator_cpp: 3.1.8 (/opt/ros/humble/share/rosidl_generator_cpp/cmake)
-- Using all available rosidl_typesupport_c: rosidl_typesupport_fastrtps_c;rosidl_typesupport_introspection_c
-- Using all available rosidl_typesupport_cpp: rosidl_typesupport_fastrtps_cpp;rosidl_typesupport_introspection_cpp
-- Found rmw_implementation_cmake: 6.1.2 (/opt/ros/humble/share/rmw_implementation_cmake/cmake)
-- Found rmw_fastrtps_cpp: 6.2.10 (/opt/ros/humble/share/rmw_fastrtps_cpp/cmake)
-- Found OpenSSL: /usr/lib/x86_64-linux-gnu/libcrypto.so (found version "3.0.2")  
-- Found FastRTPS: /opt/ros/humble/include  
-- Using RMW implementation 'rmw_fastrtps_cpp' as default
-- ROS2: found rclcpp, enabling full ROS2 integration
-- ufomap: not found or outdated, LiDAR surfel map disabled
-- opengv: using thirdparty/opengv at /root/calib_ws/calib_unified/thirdparty/opengv/include
-- Python bridge: enabled (DM-Calib/MIAS-LCEC/Transformer-IMU/L2Calib)
-- Visualization: ✓ Pangolin 3D backend (interactive OpenGL)
-- iKalibr: ⚠ Disabled (lean mode)
--   • Use -DUNICALIB_WITH_IKALIBR=ON to enable B-spline solver
-- unicalib: ✓ Library configured (PANGOLIN backend)
-- 
-- ========= UniCalib v2.0.0 构建配置 =========
--   Build type:    Release
--   C++ standard:  17
--   Eigen3:        3.4.0
--   OpenCV:        4.5.4
--   PCL:           1.12.1
--   Ceres:         2.1.0
--   spdlog:        1.9.2
--   fmt:           8.1.1
--   OpenMP:        TRUE
--   opengv:        bundled headers (/root/calib_ws/calib_unified/thirdparty/opengv-stub)
--   ufomap:        0
--   veta:          self-contained (veta-impl)
--   Pangolin:      ON
--   ROS2:          ON
--   Build apps:    ON
--   PCL viz:       ON
-- =======================================================
-- Configuring done
-- Generating done
CMake Warning:
  Manually-specified variables were not used by the project:

    AMENT_PREFIX_PATH


-- Build files have been written to: /root/calib_ws/calib_unified/build
