
 ╔═══════════════════════════════════════════════════════╗
 ║   UniCalib — LiDAR-Camera 外参标定                    ║
 ║   两阶段: AI粗标定(MIAS-LCEC) → 无目标边缘精标定      ║
 ║   手动校准: --manual 触发 6-DOF 交互式调整             ║
 ╚═══════════════════════════════════════════════════════╝

[2026-04-22 15:40:32.168] [info] [LiDAR-Camera] [:] ━━━━━━━━━━━━━━━━━━━━━━━━━━━━━━━━━━━━
[2026-04-22 15:40:32.168] [info] [LiDAR-Camera] [:] 配置文件: /root/calib_ws/calib_unified/config/unicalib_example.yaml
[2026-04-22 15:40:32.168] [info] [LiDAR-Camera] [:] 输出目录: /root/calib_ws/results
[2026-04-22 15:40:32.168] [info] [LiDAR-Camera] [:] 数据根目录: /root/calib_ws/data (--data-dir 或 CALIB_DATA_DIR)
[2026-04-22 15:40:32.168] [info] [LiDAR-Camera] [:] 精标定方法: edge (无目标优先=true)
[2026-04-22 15:40:32.168] [info] [LiDAR-Camera] [:] AI粗标定: true | 手动校准: true
[2026-04-22 15:40:32.168] [info] [LiDAR-Camera] [:] ━━━━━━━━━━━━━━━━━━━━━━━━━━━━━━━━━━━━
[2026-04-22 15:40:32.170] [info] [LiDAR-Camera] [:] 读取系统配置: /root/calib_ws/calib_unified/config/unicalib_example.yaml
[2026-04-22 15:40:32.171] [info] [LiDAR-Camera] [:]   IMU: 1, LiDAR: 1, Camera: 2
[2026-04-22 15:40:32.171] [info] [LiDAR-Camera] [:] ━━━━━━━━━━━━━━━━━━━━━━━━━━━━━━━━━━━━ [数据路径] ━━━━━━━━━━━━━━━━━━━━━━━━━━━━━
[2026-04-22 15:40:32.171] [info] [LiDAR-Camera] [:]   数据路径来源: 统一格式 (data.lidar.<id> / data.camera.<id>.images_dir)
[2026-04-22 15:40:32.171] [info] [LiDAR-Camera] [:]   配置原始值 — lidar:  nya_02_slam_imu_to_lidar/lidar_horz.yaml
[2026-04-22 15:40:32.171] [info] [LiDAR-Camera] [:]   配置原始值 — camera: lidar_camera_calibration-master/calibration_data/camera_calibration
[2026-04-22 15:40:32.171] [info] [LiDAR-Camera] [:]   base_data_dir:  /root/calib_ws/data
[2026-04-22 15:40:32.171] [info] [LiDAR-Camera] [:]   base 来源: 命令行 --data-dir
[2026-04-22 15:40:32.171] [info] [LiDAR-Camera] [:]   lidar_dir:      /root/calib_ws/data/nya_02_slam_imu_to_lidar/lidar_horz.yaml
[2026-04-22 15:40:32.171] [info] [LiDAR-Camera] [:]     → 相对路径，已与 base 拼接
[2026-04-22 15:40:32.171] [info] [LiDAR-Camera] [:]     → 存在: 是
[2026-04-22 15:40:32.171] [info] [LiDAR-Camera] [:]   camera_dir:     /root/calib_ws/data/lidar_camera_calibration-master/calibration_data/camera_calibration
[2026-04-22 15:40:32.171] [info] [LiDAR-Camera] [:]     → 相对路径，已与 base 拼接
[2026-04-22 15:40:32.171] [info] [LiDAR-Camera] [:]     → 存在: 是
[2026-04-22 15:40:32.171] [info] [LiDAR-Camera] [:]   【数据就绪】是 — 点云与图像目录均存在，将执行精标定
[2026-04-22 15:40:32.171] [info] [LiDAR-Camera] [:]   说明: 使用 --dataset 时请将 data.lidar/data.camera 设为相对 base 的路径（如 pcd、images），不要使用 /path/to/... 占位符
[2026-04-22 15:40:32.171] [info] [LiDAR-Camera] [:] ━━━━━━━━━━━━━━━━━━━━━━━━━━━━━━━━━━━━━━━━━━━━━━━━━━━━━━━━━━━━━━━━━━━━━━━━━━━━
[2026-04-22 15:40:32.171] [info] [LiDAR-Camera] [:] [LiDAR-Cam] use_config_extrinsic_only=true：跳过 AI 粗标定，将使用配置 initial_extrinsic 直接进入精标定/手动微调
[2026-04-22 15:40:32.171] [info] [LiDAR-Camera] [:] 读取系统配置: /root/calib_ws/calib_unified/config/unicalib_example.yaml
[2026-04-22 15:40:32.172] [info] [LiDAR-Camera] [:]   IMU: 1, LiDAR: 1, Camera: 2
[2026-04-22 15:40:32.173] [info] [LiDAR-Camera] [:] 读取系统配置: /root/calib_ws/calib_unified/config/unicalib_example.yaml
[2026-04-22 15:40:32.174] [info] [LiDAR-Camera] [:]   IMU: 1, LiDAR: 1, Camera: 2
[2026-04-22 15:40:32.174] [info] [LiDAR-Camera] [:] 配置: 使用 ROS2 bag 模式（离线标定）
[2026-04-22 15:40:32.174] [info] [LiDAR-Camera] [:]   Bag 路径: /root/calib_ws/data/ntu_day_02/ntu_trimmed
[2026-04-22 15:40:32.174] [info] [LiDAR-Camera] [:]   LiDAR 话题: /os_cloud_node/points
[2026-04-22 15:40:32.174] [info] [LiDAR-Camera] [:]   相机话题: /d435i/color/image_raw
[2026-04-22 15:40:32.174] [info] [LiDAR-Camera] [:]   IMU 话题: /vn100/imu
[2026-04-22 15:40:32.174] [info] [LiDAR-Camera] [:] [数据源] 类型=ROS2_BAG  path=/root/calib_ws/data/ntu_day_02/ntu_trimmed  lidar_topic=/os_cloud_node/points  camera_topic=/d435i/color/image_raw
[2026-04-22 15:40:32.174] [info] [LiDAR-Camera] [:]   内参将从相机标定结果读取: ./results/camera_intrinsic/camera_intrinsic_cam_left.yaml (camera_id=cam_left)
[2026-04-22 15:40:32.174] [info] [LiDAR-Camera] [:]   内参将从相机标定结果读取: ./results/camera_intrinsic/camera_intrinsic_cam_right.yaml (camera_id=cam_right)
[2026-04-22 15:40:32.174] [info] [LiDAR-Camera] [:] [CalibPipeline] 初始化 ID=pipeline_20260422_154032
[2026-04-22 15:40:32.174] [info] [LiDAR-Camera] [:] [CalibPipeline] 输出目录: ./results
[2026-04-22 15:40:32.174] [info] [LiDAR-Camera] [:] [CalibPipeline] 无目标优先: true
[2026-04-22 15:40:32.174] [info] [LiDAR-Camera] [:] [CalibPipeline] 任务掩码: 0x10
[2026-04-22 15:40:32.174] [info] [LiDAR-Camera] [:] ▶ Stage 2: 精标定 (方法=edge)
[2026-04-22 15:40:32.174] [info] [LiDAR-Camera] [:] ▶ Stage 3: 手动校准 (manual_threshold=2.00px)
[2026-04-22 15:40:32.174] [info] [LiDAR-Camera] [:]   使用 ManualCalibSession 进行 6-DOF 交互式调整
[2026-04-22 15:40:32.174] [info] [LiDAR-Camera] [:]   调用示例:
[2026-04-22 15:40:32.174] [info] [LiDAR-Camera] [:]     ManualCalibSession::SessionConfig sess_cfg;
[2026-04-22 15:40:32.174] [info] [LiDAR-Camera] [:]     sess_cfg.save_dir = "./results/manual_sessions";
[2026-04-22 15:40:32.174] [info] [LiDAR-Camera] [:]     ManualCalibSession session(sess_cfg);
[2026-04-22 15:40:32.174] [info] [LiDAR-Camera] [:]     auto result = session.run_lidar_cam(scan, image, intrin, auto_result, auto_rms);
[2026-04-22 15:40:32.174] [info] [LiDAR-Camera] [:] 
[2026-04-22 15:40:32.174] [info] [LiDAR-Camera] [:] ╔═══════════════════════════════════════════════╗
[2026-04-22 15:40:32.174] [info] [LiDAR-Camera] [:] ║   UniCalib 两阶段标定流水线 — 开始            ║
[2026-04-22 15:40:32.174] [info] [LiDAR-Camera] [:] ║   Pipeline ID: pipeline_20260422_154032       ║
[2026-04-22 15:40:32.174] [info] [LiDAR-Camera] [:] ╚═══════════════════════════════════════════════╝
[2026-04-22 15:40:32.174] [info] [LiDAR-Camera] [:] [Coarse-AI/LiDAR-Cam] enable_coarse_lidar_cam=true → do_coarse=true
[15:40:32.174] [info] 
[15:40:32.174] [info] ━━━━━━━━━━━━━━━━━━━━━━━━━━━━━━━━━━━━━━━━━
[15:40:32.174] [info] ▶ 开始阶段: [Coarse-AI] 任务: [lidar_cam_extrin]
[15:40:32.174] [info]   描述: AI模型提供初始估计值
[15:40:32.174] [info] ━━━━━━━━━━━━━━━━━━━━━━━━━━━━━━━━━━━━━━━━━
[15:40:32.174] [info] [CALC] 粗标定阶段开始 task=lidar_cam_extrin
[15:40:32.174] [info] [Coarse-AI/LiDAR-Cam] 使用配置粗标定初值作为粗标定结果 t=[0.123,0.040,-0.058]m，精标定将以此起步
[15:40:32.174] [info] ━━━━━━━━━━━━━━━━━━━━━━━━━━━━━━━━━━━━━━━━━
[15:40:32.174] [info] ■ 结束阶段: [Coarse-AI] 任务: [lidar_cam_extrin]
[15:40:32.174] [info]   结果: ✓ 成功 | 残差RMS: 0.0000 | 耗时: 0 ms
[15:40:32.174] [info]   消息: 使用配置 initial_extrinsic 作为粗标定结果，精标定将以此起步
[15:40:32.174] [info] [CALC] 阶段结束 stage=Coarse-AI task=lidar_cam_extrin success=true residual_rms=0.000000 elapsed_ms=0.0 threshold=-1.0000
[15:40:32.174] [info] ━━━━━━━━━━━━━━━━━━━━━━━━━━━━━━━━━━━━━━━━━
[15:40:32.174] [info] 
[15:40:32.174] [info] ━━━━━━━━━━━━━━━━━━━━━━━━━━━━━━━━━━━━━━━━━
[15:40:32.174] [info] ▶ 开始阶段: [Fine-Auto] 任务: [lidar_cam_extrin]
[15:40:32.174] [info]   描述: 无目标优化
[15:40:32.174] [info] ━━━━━━━━━━━━━━━━━━━━━━━━━━━━━━━━━━━━━━━━━
[15:40:32.174] [info] [CALC] 精标定阶段开始 task=lidar_cam_extrin
[15:40:32.174] [info] [Fine-Auto] 任务: lidar_cam_extrin | 无目标优先: true
[15:40:32.174] [info] [Fine-Auto] 方法: 边缘对齐互信息 (EDGE_ALIGNMENT, 无目标)
[15:40:32.174] [info] [STAGE=lidar_cam_fine_auto] LiDAR-Camera 精标定 开始
[15:40:32.174] [info] [Fine-Auto/LiDAR-Cam] 开始执行精标定...
[15:40:32.174] [info]   [精标定数据源] 类型=ROS2_BAG  lidar_id=lidar_front
[15:40:32.174] [info]   ROS2 Bag: /root/calib_ws/data/ntu_day_02/ntu_trimmed  LiDAR 话题: /os_cloud_node/points  相机话题: /d435i/color/image_raw
[15:40:32.174] [info] [Fine-Auto/LiDAR-Cam] 从 ROS2 加载数据...
[15:40:32.174] [info] [UnifiedDataLoader] 从 ROS2 加载数据...
[15:40:32.174] [info]   Bag 文件: /root/calib_ws/data/ntu_day_02/ntu_trimmed
[15:40:32.174] [info]   实时模式: false
[15:40:32.174] [info] [Ros2BagDataSource] 打开 bag 文件: /root/calib_ws/data/ntu_day_02/ntu_trimmed
[15:40:32.174] [info] [Ros2BagDataSource] 正在读取 metadata.yaml: /root/calib_ws/data/ntu_day_02/ntu_trimmed/metadata.yaml
[15:40:32.175] [debug] [Ros2BagDataSource] 找到话题: /d435i/imu (类型: sensor_msgs/msg/Imu, 消息数: 23982)
[15:40:32.175] [debug] [Ros2BagDataSource] 找到话题: /d435i/infra1/image_rect_raw (类型: sensor_msgs/msg/Image, 消息数: 1794)
[15:40:32.175] [debug] [Ros2BagDataSource] 找到话题: /d435i/infra2/image_rect_raw (类型: sensor_msgs/msg/Image, 消息数: 1794)
[15:40:32.175] [debug] [Ros2BagDataSource] 找到话题: /d435i/color/image_raw (类型: sensor_msgs/msg/Image, 消息数: 1798)
[15:40:32.175] [debug] [Ros2BagDataSource] 找到话题: /d455b/imu (类型: sensor_msgs/msg/Imu, 消息数: 23996)
[15:40:32.175] [debug] [Ros2BagDataSource] 找到话题: /d455b/color/image_raw (类型: sensor_msgs/msg/Image, 消息数: 1799)
[15:40:32.175] [debug] [Ros2BagDataSource] 找到话题: /d455b/infra1/image_rect_raw (类型: sensor_msgs/msg/Image, 消息数: 1795)
[15:40:32.175] [debug] [Ros2BagDataSource] 找到话题: /d455b/infra2/image_rect_raw (类型: sensor_msgs/msg/Image, 消息数: 1795)
[15:40:32.175] [debug] [Ros2BagDataSource] 找到话题: /os_cloud_node/points (类型: sensor_msgs/msg/PointCloud2, 消息数: 599)
[15:40:32.175] [debug] [Ros2BagDataSource] 找到话题: /os_cloud_node/imu (类型: sensor_msgs/msg/Imu, 消息数: 5988)
[15:40:32.175] [debug] [Ros2BagDataSource] 找到话题: /vn100/imu (类型: sensor_msgs/msg/Imu, 消息数: 23810)
[15:40:32.175] [debug] [Ros2BagDataSource] 找到话题: /vn100/magnetic_field (类型: sensor_msgs/msg/MagneticField, 消息数: 23843)
[15:40:32.175] [debug] [Ros2BagDataSource] 找到话题: /vn100/fluid_pressure (类型: sensor_msgs/msg/FluidPressure, 消息数: 23864)
[15:40:32.175] [debug] [Ros2BagDataSource] 找到话题: /vn100/temperature (类型: sensor_msgs/msg/Temperature, 消息数: 23878)
[15:40:32.175] [info] [Ros2BagDataSource] 使用配置的 LiDAR 话题: /os_cloud_node/points
[15:40:32.175] [info] [Ros2BagDataSource] 使用配置的相机话题: /d435i/color/image_raw
[15:40:32.175] [info] [Ros2BagDataSource] 使用配置的 IMU 话题: /vn100/imu
[INFO] [1776843632.178747076] [rosbag2_storage]: Opened database '/root/calib_ws/data/ntu_day_02/ntu_trimmed/ntu_trimmed.db3' for READ_ONLY.
[15:40:32.178] [info] [Ros2BagDataSource] Bag 已打开，开始读取消息...
[15:40:32.178] [info] [Ros2BagDataSource] 找到 14 个话题
[15:40:32.178] [info] [Ros2BagDataSource]  话题: /d435i/imu  类型: sensor_msgs/msg/Imu  消息数: 23982
[15:40:32.178] [info] [Ros2BagDataSource]  话题: /d435i/infra1/image_rect_raw  类型: sensor_msgs/msg/Image  消息数: 1794
[15:40:32.178] [info] [Ros2BagDataSource]  话题: /d435i/infra2/image_rect_raw  类型: sensor_msgs/msg/Image  消息数: 1794
[15:40:32.178] [info] [Ros2BagDataSource]  话题: /d435i/color/image_raw  类型: sensor_msgs/msg/Image  消息数: 1798
[15:40:32.178] [info] [Ros2BagDataSource]  话题: /d455b/imu  类型: sensor_msgs/msg/Imu  消息数: 23996
[15:40:32.178] [info] [Ros2BagDataSource]  话题: /d455b/color/image_raw  类型: sensor_msgs/msg/Image  消息数: 1799
[15:40:32.178] [info] [Ros2BagDataSource]  话题: /d455b/infra1/image_rect_raw  类型: sensor_msgs/msg/Image  消息数: 1795
[15:40:32.178] [info] [Ros2BagDataSource]  话题: /d455b/infra2/image_rect_raw  类型: sensor_msgs/msg/Image  消息数: 1795
[15:40:32.178] [info] [Ros2BagDataSource]  话题: /os_cloud_node/points  类型: sensor_msgs/msg/PointCloud2  消息数: 599
[15:40:32.178] [info] [Ros2BagDataSource]  话题: /os_cloud_node/imu  类型: sensor_msgs/msg/Imu  消息数: 5988
[15:40:32.178] [info] [Ros2BagDataSource]  话题: /vn100/imu  类型: sensor_msgs/msg/Imu  消息数: 23810
[15:40:32.178] [info] [Ros2BagDataSource]  话题: /vn100/magnetic_field  类型: sensor_msgs/msg/MagneticField  消息数: 23843
[15:40:32.178] [info] [Ros2BagDataSource]  话题: /vn100/fluid_pressure  类型: sensor_msgs/msg/FluidPressure  消息数: 23864
[15:40:32.178] [info] [Ros2BagDataSource]  话题: /vn100/temperature  类型: sensor_msgs/msg/Temperature  消息数: 23878
[15:40:32.178] [info] [Ros2BagDataSource] 将加载 bag 内所有 IMU / LiDAR / 相机话题，加载后可通过 sensor_id 或话题名选择使用
[15:40:35.385] [debug]   收集 IMU [/d435i/imu] 帧数: 5000
[15:40:35.397] [debug]   收集 IMU [/d455b/imu] 帧数: 5000
[15:40:35.424] [debug]   收集 IMU [/vn100/imu] 帧数: 5000
[15:40:36.515] [debug]   收集相机 [/d455b/color/image_raw] 帧数: 500
[15:40:36.517] [debug]   收集相机 [/d435i/color/image_raw] 帧数: 500
[15:40:36.521] [debug]   收集相机 [/d435i/infra1/image_rect_raw] 帧数: 500
[15:40:36.521] [debug]   收集相机 [/d435i/infra2/image_rect_raw] 帧数: 500
[15:40:36.535] [debug]   收集相机 [/d455b/infra1/image_rect_raw] 帧数: 500
[15:40:36.535] [debug]   收集相机 [/d455b/infra2/image_rect_raw] 帧数: 500
[15:40:38.591] [debug]   收集 IMU [/d435i/imu] 帧数: 10000
[15:40:38.591] [debug]   收集 IMU [/d455b/imu] 帧数: 10000
[15:40:38.658] [debug]   收集 IMU [/vn100/imu] 帧数: 10000
[15:40:40.666] [debug]   收集相机 [/d455b/color/image_raw] 帧数: 1000
[15:40:40.669] [debug]   收集相机 [/d435i/color/image_raw] 帧数: 1000
[15:40:40.696] [debug]   收集相机 [/d455b/infra1/image_rect_raw] 帧数: 1000
[15:40:40.696] [debug]   收集相机 [/d455b/infra2/image_rect_raw] 帧数: 1000
[15:40:40.698] [debug]   收集相机 [/d435i/infra1/image_rect_raw] 帧数: 1000
[15:40:40.699] [debug]   收集相机 [/d435i/infra2/image_rect_raw] 帧数: 1000
[15:40:41.711] [debug]   收集 IMU [/d455b/imu] 帧数: 15000
[15:40:41.724] [debug]   收集 IMU [/d435i/imu] 帧数: 15000
[15:40:41.784] [debug]   收集 IMU [/vn100/imu] 帧数: 15000
[15:40:44.992] [debug]   收集 IMU [/d455b/imu] 帧数: 20000
[15:40:45.002] [debug]   收集 LiDAR [/os_cloud_node/points] 帧数: 500
[15:40:45.004] [debug]   收集相机 [/d455b/color/image_raw] 帧数: 1500
[15:40:45.006] [debug]   收集相机 [/d435i/color/image_raw] 帧数: 1500
[15:40:45.006] [debug]   收集 IMU [/d435i/imu] 帧数: 20000
[15:40:45.025] [debug]   收集 IMU [/os_cloud_node/imu] 帧数: 5000
[15:40:45.030] [debug]   收集相机 [/d455b/infra1/image_rect_raw] 帧数: 1500
[15:40:45.030] [debug]   收集相机 [/d455b/infra2/image_rect_raw] 帧数: 1500
[15:40:45.032] [debug]   收集相机 [/d435i/infra1/image_rect_raw] 帧数: 1500
[15:40:45.033] [debug]   收集相机 [/d435i/infra2/image_rect_raw] 帧数: 1500
[15:40:45.086] [debug]   收集 IMU [/vn100/imu] 帧数: 20000
[15:40:47.497] [info] [Ros2BagDataSource] 加载完成 (所有话题按话题名存储，可通过 sensor_id 或话题名选择):
[15:40:47.497] [info]   LiDAR [/os_cloud_node/points]: 599 帧
[15:40:47.497] [info]   相机 [/d435i/color/image_raw]: 1798 帧
[15:40:47.497] [info]   相机 [/d435i/infra1/image_rect_raw]: 1794 帧
[15:40:47.497] [info]   相机 [/d435i/infra2/image_rect_raw]: 1794 帧
[15:40:47.497] [info]   相机 [/d455b/color/image_raw]: 1799 帧
[15:40:47.497] [info]   相机 [/d455b/infra1/image_rect_raw]: 1795 帧
[15:40:47.497] [info]   相机 [/d455b/infra2/image_rect_raw]: 1795 帧
[15:40:47.497] [info]   IMU [/d435i/imu]: 23982 帧
[15:40:47.497] [info]   IMU [/d455b/imu]: 23996 帧
[15:40:47.497] [info]   IMU [/os_cloud_node/imu]: 5988 帧
[15:40:47.497] [info]   IMU [/vn100/imu]: 23810 帧
[15:40:47.497] [info]   选用 LiDAR  lidar_front -> /os_cloud_node/points
[15:40:47.497] [info]   选用 相机  cam_left -> /d435i/color/image_raw
[15:40:47.497] [info]   选用 IMU    imu_0 -> /vn100/imu
[15:40:47.497] [info]   时间范围: 1644824096.333 - 1644824156.343 秒
[15:40:47.497] [info] [Ros2BagDataSource] 应用采样/帧数限制...
[15:40:47.498] [info]   LiDAR /os_cloud_node/points 采样后: 200 帧
[15:40:47.499] [info]   相机 /d435i/color/image_raw 采样后: 200 帧
[15:40:47.501] [info]   相机 /d435i/infra1/image_rect_raw 采样后: 200 帧
[15:40:47.503] [info]   相机 /d435i/infra2/image_rect_raw 采样后: 200 帧
[15:40:47.505] [info]   相机 /d455b/color/image_raw 采样后: 200 帧
[15:40:47.506] [info]   相机 /d455b/infra1/image_rect_raw 采样后: 200 帧
[15:40:47.533] [info]   相机 /d455b/infra2/image_rect_raw 采样后: 200 帧
[15:40:47.533] [info] [Fine-Auto/LiDAR-Cam] LiDAR 加载完成: 200 帧 (将按相机逐路取帧)
[15:40:47.533] [info] 读取相机内参: ./results/camera_intrinsic/camera_intrinsic_cam_left.yaml
[15:40:47.534] [info]   fx=425.03 fy=426.80 cx=386.02 cy=241.91 dist=4
[15:40:47.534] [info] [Fine-Auto/LiDAR-Cam] 步骤: LiDAR-Camera 标定 相机=cam_left (方法: 边缘对齐)
[15:40:47.536] [info] [CalibVisualizer] 初始化完成
[15:40:47.536] [info] [Fine-Auto/LiDAR-Cam] 可视化已启用：仅标定结束后显示一帧「图像+点云投影」叠加，不创建 3D 窗口、不泵送其他帧
[15:40:47.536] [info] [Fine-Auto/LiDAR-Cam] 使用粗标定初值 t=[0.123,0.040,-0.058]m
[15:40:47.538] [info] [Fine-Auto] 结果已保存: ./results/lidar_camera_extrinsic/lidar_cam_cam_left_extrinsic.yaml
[15:40:47.538] [info] [Viz] 即将生成投影图并保存到 ./results/lidar_camera_extrinsic/lidar_cam_cam_left_projection.png
[15:40:47.550] [info] 投影可视化保存: ./results/lidar_camera_extrinsic/lidar_cam_cam_left_projection.png
[15:40:47.550] [info] [Viz] 投影图已保存（仅使用配置初值，未做精标定）
[15:40:47.550] [info] [Fine-Auto/LiDAR-Cam] 相机 cam_left 已使用配置初值跳过精标定，直接供手动微调
[15:40:47.550] [info] [Viz/Display] 即将关闭可视化窗口 原因=用户关闭或流程结束 pangolin_running=false
[15:40:47.550] [warning] [Fine-Auto/LiDAR-Cam] 相机 cam_right 无帧，跳过
[15:40:47.550] [warning] [Fine-Auto/LiDAR-Cam] 相机 cam_front 无帧，跳过
[15:40:47.550] [warning] [Fine-Auto/LiDAR-Cam] 相机 cam_rear 无帧，跳过
[15:40:47.550] [info] [Fine-Auto/LiDAR-Cam] 精标定完成: 1 个相机  最大 RMS=0.0000 px
[15:40:47.550] [info] [STAGE=lidar_cam_fine_auto] LiDAR-Camera 精标定 完成
[15:40:47.550] [info] [Fine-Auto/LiDAR-Cam] RMS 阈值=2.00 px  最大 RMS=0.0000 px  在阈值内
[15:40:47.599] [info] ━━━━━━━━━━━━━━━━━━━━━━━━━━━━━━━━━━━━━━━━━
[15:40:47.599] [info] ■ 结束阶段: [Fine-Auto] 任务: [lidar_cam_extrin]
[15:40:47.599] [info]   结果: ✓ 成功 | 残差RMS: 0.0000 | 耗时: 15424 ms
[15:40:47.599] [info]   消息: LiDAR-Camera 精标定完成: 1 个相机, 最大 RMS=0.000000 px
[15:40:47.599] [info] [CALC] 阶段结束 stage=Fine-Auto task=lidar_cam_extrin success=true residual_rms=0.000000 elapsed_ms=15376.1 threshold=2.0000
[15:40:47.599] [info] ━━━━━━━━━━━━━━━━━━━━━━━━━━━━━━━━━━━━━━━━━
[15:40:47.599] [info] [Pipeline] 用户已启用手动校准 (--manual), 进入 6-DOF 调整
[15:40:47.599] [info] 
[15:40:47.599] [info] ━━━━━━━━━━━━━━━━━━━━━━━━━━━━━━━━━━━━━━━━━
[15:40:47.599] [info] ▶ 开始阶段: [Manual-Refine] 任务: [lidar_cam_extrin]
[15:40:47.599] [info]   描述: 手动校准: 6-DOF 交互式调整
[15:40:47.599] [info] ━━━━━━━━━━━━━━━━━━━━━━━━━━━━━━━━━━━━━━━━━
[15:40:47.599] [info] [Manual-Refine] 任务: lidar_cam_extrin
[15:40:47.599] [info] [Manual-Refine] 操作说明: Q/A Roll  W/S Pitch  E/D Yaw  R/F Tx  T/G Ty  Y/H Tz  U Undo  Enter 接受  Esc 取消
[15:40:47.599] [info] [ManualSession] 会话ID: session_2026-04-22_15-40-47
[15:40:47.599] [info] [ManualSession] 保存目录: ./results/manual_sessions
[15:40:47.599] [info] [Manual-Refine] 已打开 6-DOF 可视化调整窗口，请在本窗口内按键微调后 Enter 接受或 Esc 取消
[15:40:47.599] [info] [Manual-Refine] LiDAR-Camera 手动调整仅使用首帧匹配数据（第 0 帧点云 + 第 0 帧图像）
[15:40:47.599] [info] [ManualSession] 启动 LiDAR-Camera 手动校准
[15:40:47.599] [info] [ManualSession] 自动标定 RMS: 0.0000 px (阈值建议 < 2.0px)
[15:40:47.599] [debug] [ManualSession] 事件: lidar_cam_start | auto_rms=0.000000
[15:40:47.599] [info] [ManualAdjust] 初始外参:
[15:40:47.599] [info] [ManualAdjust] 当前外参 [lidar_front→cam_left]:
[15:40:47.599] [info]   旋转 RPY: (-58.8701, -88.5405, -31.0062) deg
[15:40:47.599] [info]   平移 XYZ: (0.1230, 0.0399, -0.0577) m
[15:40:47.599] [info] [ManualSession] ===== 手动校准操作说明 =====
[15:40:47.599] [info]   Q/A: Roll ±0.1deg   W/S: Pitch ±0.1deg   E/D: Yaw ±0.1deg
[15:40:47.599] [info]   R/F: Tx ±0.5cm   T/G: Ty ±0.5cm   Y/H: Tz ±0.5cm
[15:40:47.599] [info]   Shift+键: 10倍步长
[15:40:47.599] [info]   P: 进入点击精化模式  U: 撤销  Z: 重做
[15:40:47.599] [info]   S: 保存  ESC: 接受并退出
[15:40:47.599] [info]   点云投影质量越高 (边缘对齐越好) 表示标定越准确
[15:40:47.609] [info] [ManualAdjust] 结果已保存: ./results/lidar_camera_extrinsic/manual_extrinsic_20260422_154047_initial.yaml
[15:40:47.609] [info] [ManualCalib] 交互窗口启动前已自动保存初始状态快照（备用）:
[15:40:47.609] [info]   - 投影图: ./results/lidar_camera_extrinsic/manual_projection_20260422_154047_initial.png
[15:40:47.609] [info]   - 点云:   ./results/lidar_camera_extrinsic/manual_cloud_20260422_154047_initial.pcd
[15:40:47.609] [info]   - 外参:   ./results/lidar_camera_extrinsic/manual_extrinsic_20260422_154047_initial.yaml

(unicalib_lidar_camera:146): dbind-WARNING **: 15:40:47.624: Couldn't connect to accessibility bus: Failed to connect to socket /run/user/1000/at-spi/bus_1: No such file or directory
[15:40:47.659] [info] [ManualCalib] 3D 点云窗口已禁用（避免 VTK 闪退），请在 2D 投影窗口进行微调。按下 'S' 键可手动保存当前微调结果图片和点云。
[15:40:47.659] [info] [ManualCalib] 初始位姿 T_lidar_to_cam:
[15:40:47.659] [info]   - Translation: 0.1230, 0.0399, -0.0577
[15:40:47.659] [info]   - RPY (deg):   90.7545, -179.8846, 91.2509
[15:41:07.789] [info] [ManualSession] 用户取消，保留自动标定结果
[15:41:07.789] [debug] [ManualSession] 事件: lidar_cam_end | final_rms=0.000000
[15:41:07.790] [info] [ManualSession] 会话已保存: ./results/manual_sessions/session_2026-04-22_15-40-47.yaml
[15:41:07.790] [info] ━━━━━━━━━━━━━━━━━━━━━━━━━━━━━━━━━━━━━━━━━
[15:41:07.790] [info] ■ 结束阶段: [Manual-Refine] 任务: [lidar_cam_extrin]
[15:41:07.790] [info]   结果: ✓ 成功 | 残差RMS: 0.0000 | 耗时: 20190 ms
[15:41:07.790] [info]   消息: LiDAR-Camera 手动调整完成
[15:41:07.790] [info] [CALC] 阶段结束 stage=Manual-Refine task=lidar_cam_extrin success=true residual_rms=0.000000 elapsed_ms=20190.8 threshold=-1.0000
[15:41:07.790] [info] ━━━━━━━━━━━━━━━━━━━━━━━━━━━━━━━━━━━━━━━━━
[15:41:07.790] [info] ====== Pipeline Report: pipeline_20260422_154032 ======
[15:41:07.791] [info]   Total time: 35566.9 ms
[15:41:07.791] [info]   All stages succeeded: YES
[15:41:07.791] [info]   标定质量: 各阶段 RMS 均在阈值内
[15:41:07.791] [info]   [Coarse-AI-lidar_cam_extrin] success=true rms=0.0000 time=0.0ms: 使用配置 initial_extrinsic 作为粗标定结果，精标定将以此起步
[15:41:07.791] [info]   [Fine-Auto-lidar_cam_extrin] success=true rms=0.0000 time=15376.1ms: LiDAR-Camera 精标定完成: 1 个相机, 最大 RMS=0.000000 px
[15:41:07.791] [info]   [Manual-Refine-lidar_cam_extrin] success=true rms=0.0000 time=20190.8ms: LiDAR-Camera 手动调整完成

╔══════════════════════════════════════════════════════╗
║              标定参数汇总                            ║
╠══════════════════════════════════════════════════════╣
║ 外参:
║   lidar_front->cam_left:
║     R(RPY°): [-58.87, -88.54, -31.01]
║     T(m):    [0.12, 0.04, -0.06]
║     时偏(s): 0.00
║     RMS:     0.00 ✗
╚══════════════════════════════════════════════════════╝

[15:41:07.791] [info] ================================
[15:41:07.791] [info] Pipeline report saved: ./results/pipeline_report_20260422_154032.yaml
[15:41:07.792] [info] ====== Pipeline Report: pipeline_20260422_154032 ======
[15:41:07.792] [info]   Total time: 35566.9 ms
[15:41:07.792] [info]   All stages succeeded: YES
[15:41:07.792] [info]   标定质量: 各阶段 RMS 均在阈值内
[15:41:07.792] [info]   [Coarse-AI-lidar_cam_extrin] success=true rms=0.0000 time=0.0ms: 使用配置 initial_extrinsic 作为粗标定结果，精标定将以此起步
[15:41:07.792] [info]   [Fine-Auto-lidar_cam_extrin] success=true rms=0.0000 time=15376.1ms: LiDAR-Camera 精标定完成: 1 个相机, 最大 RMS=0.000000 px
[15:41:07.792] [info]   [Manual-Refine-lidar_cam_extrin] success=true rms=0.0000 time=20190.8ms: LiDAR-Camera 手动调整完成

╔══════════════════════════════════════════════════════╗
║              标定参数汇总                            ║
╠══════════════════════════════════════════════════════╣
║ 外参:
║   lidar_front->cam_left:
║     R(RPY°): [-58.87, -88.54, -31.01]
║     T(m):    [0.12, 0.04, -0.06]
║     时偏(s): 0.00
║     RMS:     0.00 ✗
╚══════════════════════════════════════════════════════╝

[15:41:07.792] [info] ================================
[15:41:07.792] [info] ━━━━━━━━━━━━━━━━━━━━━━━━━━━━━━━━━━━━
[15:41:07.792] [info] LiDAR-Camera 标定流程完成
[15:41:07.792] [info] 结果目录: ./results
[15:41:07.792] [info] 标定流程正常退出 exit_code=0
[15:41:07.792] [info] ━━━━━━━━━━━━━━━━━━━━━━━━━━━━━━━━━━━━
