
 ╔═══════════════════════════════════════════════════════╗
 ║   UniCalib — LiDAR-Camera 外参标定                    ║
 ║   两阶段: AI粗标定(MIAS-LCEC) → 无目标边缘精标定      ║
 ║   手动校准: --manual 触发 6-DOF 交互式调整             ║
 ╚═══════════════════════════════════════════════════════╝

[2026-04-30 16:01:39.899] [info] [LiDAR-Camera] [:] ━━━━━━━━━━━━━━━━━━━━━━━━━━━━━━━━━━━━
[2026-04-30 16:01:39.899] [info] [LiDAR-Camera] [:] 配置文件: /root/calib_ws/calib_unified/config/unicalib_example.yaml
[2026-04-30 16:01:39.899] [info] [LiDAR-Camera] [:] 输出目录: /root/calib_ws/results
[2026-04-30 16:01:39.899] [info] [LiDAR-Camera] [:] 数据根目录: /root/calib_ws/data (--data-dir 或 CALIB_DATA_DIR)
[2026-04-30 16:01:39.899] [info] [LiDAR-Camera] [:] 精标定方法: edge (无目标优先=true)
[2026-04-30 16:01:39.899] [info] [LiDAR-Camera] [:] AI粗标定: true | 手动校准: true
[2026-04-30 16:01:39.899] [info] [LiDAR-Camera] [:] ━━━━━━━━━━━━━━━━━━━━━━━━━━━━━━━━━━━━
[2026-04-30 16:01:39.900] [info] [LiDAR-Camera] [:] 读取系统配置: /root/calib_ws/calib_unified/config/unicalib_example.yaml
[2026-04-30 16:01:39.902] [info] [LiDAR-Camera] [:]   IMU: 1, LiDAR: 2, Camera: 2
[2026-04-30 16:01:39.902] [info] [LiDAR-Camera] [:] ━━━━━━━━━━━━━━━━━━━━━━━━━━━━━━━━━━━━ [数据路径] ━━━━━━━━━━━━━━━━━━━━━━━━━━━━━
[2026-04-30 16:01:39.902] [info] [LiDAR-Camera] [:]   数据路径来源: 统一格式 (data.lidar.<id> / data.camera.<id>.images_dir)
[2026-04-30 16:01:39.902] [info] [LiDAR-Camera] [:]   配置原始值 — lidar:  nya_02_slam_imu_to_lidar/lidar_horz.yaml
[2026-04-30 16:01:39.902] [info] [LiDAR-Camera] [:]   配置原始值 — camera: lidar_camera_calibration-master/calibration_data/camera_calibration
[2026-04-30 16:01:39.902] [info] [LiDAR-Camera] [:]   base_data_dir:  /root/calib_ws/data
[2026-04-30 16:01:39.902] [info] [LiDAR-Camera] [:]   base 来源: 命令行 --data-dir
[2026-04-30 16:01:39.902] [info] [LiDAR-Camera] [:]   lidar_dir:      /root/calib_ws/data/nya_02_slam_imu_to_lidar/lidar_horz.yaml
[2026-04-30 16:01:39.902] [info] [LiDAR-Camera] [:]     → 相对路径，已与 base 拼接
[2026-04-30 16:01:39.902] [info] [LiDAR-Camera] [:]     → 存在: 是
[2026-04-30 16:01:39.902] [info] [LiDAR-Camera] [:]   camera_dir:     /root/calib_ws/data/lidar_camera_calibration-master/calibration_data/camera_calibration
[2026-04-30 16:01:39.902] [info] [LiDAR-Camera] [:]     → 相对路径，已与 base 拼接
[2026-04-30 16:01:39.902] [info] [LiDAR-Camera] [:]     → 存在: 是
[2026-04-30 16:01:39.902] [info] [LiDAR-Camera] [:]   【数据就绪】是 — 点云与图像目录均存在，将执行精标定
[2026-04-30 16:01:39.902] [info] [LiDAR-Camera] [:]   说明: 使用 --dataset 时请将 data.lidar/data.camera 设为相对 base 的路径（如 pcd、images），不要使用 /path/to/... 占位符
[2026-04-30 16:01:39.902] [info] [LiDAR-Camera] [:] ━━━━━━━━━━━━━━━━━━━━━━━━━━━━━━━━━━━━━━━━━━━━━━━━━━━━━━━━━━━━━━━━━━━━━━━━━━━━
[2026-04-30 16:01:39.902] [info] [LiDAR-Camera] [:] 读取系统配置: /root/calib_ws/calib_unified/config/unicalib_example.yaml
[2026-04-30 16:01:39.903] [info] [LiDAR-Camera] [:]   IMU: 1, LiDAR: 2, Camera: 2
[2026-04-30 16:01:39.903] [info] [LiDAR-Camera] [:] 读取系统配置: /root/calib_ws/calib_unified/config/unicalib_example.yaml
[2026-04-30 16:01:39.904] [info] [LiDAR-Camera] [:]   IMU: 1, LiDAR: 2, Camera: 2
[2026-04-30 16:01:39.904] [info] [LiDAR-Camera] [:] 配置: 使用 ROS2 bag 模式（离线标定）
[2026-04-30 16:01:39.904] [info] [LiDAR-Camera] [:]   Bag 路径: /root/calib_ws/data/nya_02_slam_imu_to_lidar/nya_02_ros2
[2026-04-30 16:01:39.904] [info] [LiDAR-Camera] [:]   LiDAR 话题: /os1_cloud_node1/points
[2026-04-30 16:01:39.904] [info] [LiDAR-Camera] [:]   相机话题: /left/image_raw
[2026-04-30 16:01:39.904] [info] [LiDAR-Camera] [:]   IMU 话题: /imu/imu
[2026-04-30 16:01:39.904] [info] [LiDAR-Camera] [:] [数据源] 类型=ROS2_BAG  path=/root/calib_ws/data/nya_02_slam_imu_to_lidar/nya_02_ros2  lidar_topic=/os1_cloud_node1/points  camera_topic=/left/image_raw
[2026-04-30 16:01:39.904] [info] [LiDAR-Camera] [:]   内参将从相机标定结果读取: ./results/camera_intrinsic/camera_intrinsic_cam_left.yaml (camera_id=cam_left)
[2026-04-30 16:01:39.904] [info] [LiDAR-Camera] [:]   内参将从相机标定结果读取: ./results/camera_intrinsic/camera_intrinsic_cam_right.yaml (camera_id=cam_right)
[2026-04-30 16:01:39.904] [info] [LiDAR-Camera] [:] [CalibPipeline] 初始化 ID=pipeline_20260430_160139
[2026-04-30 16:01:39.904] [info] [LiDAR-Camera] [:] [CalibPipeline] 输出目录: ./results
[2026-04-30 16:01:39.904] [info] [LiDAR-Camera] [:] [CalibPipeline] 无目标优先: true
[2026-04-30 16:01:39.904] [info] [LiDAR-Camera] [:] [CalibPipeline] 任务掩码: 0x10
[2026-04-30 16:01:39.904] [info] [LiDAR-Camera] [:] ▶ Stage 1: AI 粗标定 (MIAS-LCEC)
[2026-04-30 16:01:39.904] [info] [LiDAR-Camera] [:]   模型路径: /root/calib_ws/MIAS-LCEC (粗标定使用 pretrained_overlap_transformer.pth.tar)
[2026-04-30 16:01:40.695] [info] [LiDAR-Camera] [:] [AI-Calib] DM-Calib 配置的 Python 无 torch，改用已装 torch 的 Python: python3
[2026-04-30 16:01:40.695] [info] [LiDAR-Camera] [:] [AI-Calib] ===== AI 模型可用性检查 =====
[2026-04-30 16:01:40.695] [info] [LiDAR-Camera] [:] [DM-Calib] 可用性检查 失败 原因=推理脚本不存在 路径=/root/calib_ws/DM-Calib/DMCalib/tools/infer_unicalib.py
[2026-04-30 16:01:40.695] [info] [LiDAR-Camera] [:]   DM-Calib (相机内参):      ✗ 不可用
[2026-04-30 16:01:40.695] [info] [LiDAR-Camera] [:]   MIAS-LCEC (LiDAR-Cam):   ✓ 可用
[2026-04-30 16:01:40.695] [info] [LiDAR-Camera] [:] [TransformerIMU] 不可用: 脚本不存在 script=/root/calib_ws/Transformer-IMU-Calibrator/eval_unicalib.py
[2026-04-30 16:01:40.695] [info] [LiDAR-Camera] [:]   Transformer-IMU (IMU内参): ✗ 不可用
[2026-04-30 16:01:40.695] [info] [LiDAR-Camera] [:]   L2Calib (IMU-LiDAR):     ✗ 不可用
[2026-04-30 16:01:40.695] [info] [LiDAR-Camera] [:] [AI-Calib] ================================
[2026-04-30 16:01:40.695] [info] [LiDAR-Camera] [:]   [Stage 1] MIAS-LCEC 可用: 是 (粗标定支持: 1) 指定 coarse_pcd_file/coarse_image_file 2) 从当前数据源取首帧，同相机内参)
[2026-04-30 16:01:40.696] [info] [LiDAR-Camera] [:]   内参: fx=425.0 fy=426.8 cx=386.0 cy=241.9 尺寸=752x480 (来自 ./results/camera_intrinsic/camera_intrinsic_cam_left.yaml)
[2026-04-30 16:01:40.696] [info] [LiDAR-Camera] [:]   [Stage 1] 粗标定输入来源: 从 ROS2 数据源取首帧 (max_frames=2, lidar_id=lidar_front)
[2026-04-30 16:01:40.696] [info] [LiDAR-Camera] [:] [UnifiedDataLoader] 从 ROS2 加载数据...
[2026-04-30 16:01:40.696] [info] [LiDAR-Camera] [:]   Bag 文件: /root/calib_ws/data/nya_02_slam_imu_to_lidar/nya_02_ros2
[2026-04-30 16:01:40.696] [info] [LiDAR-Camera] [:]   实时模式: false
[2026-04-30 16:01:40.696] [info] [LiDAR-Camera] [:] [Ros2BagDataSource] 打开 bag 文件: /root/calib_ws/data/nya_02_slam_imu_to_lidar/nya_02_ros2
[2026-04-30 16:01:40.696] [info] [LiDAR-Camera] [:] [Ros2BagDataSource] 正在读取 metadata.yaml: /root/calib_ws/data/nya_02_slam_imu_to_lidar/nya_02_ros2/metadata.yaml
[2026-04-30 16:01:40.697] [info] [LiDAR-Camera] [:] [Ros2BagDataSource] 使用配置的 LiDAR 话题: /os1_cloud_node1/points
[2026-04-30 16:01:40.697] [info] [LiDAR-Camera] [:] [Ros2BagDataSource] 使用配置的相机话题: /left/image_raw
[2026-04-30 16:01:40.697] [info] [LiDAR-Camera] [:] [Ros2BagDataSource] 使用配置的 IMU 话题: /imu/imu
[INFO] [1777536100.703212436] [rosbag2_storage]: Opened database '/root/calib_ws/data/nya_02_slam_imu_to_lidar/nya_02_ros2/nya_02_ros2.db3' for READ_ONLY.
[2026-04-30 16:01:40.703] [info] [LiDAR-Camera] [:] [Ros2BagDataSource] Bag 已打开，开始读取消息...
[2026-04-30 16:01:40.703] [info] [LiDAR-Camera] [:] [Ros2BagDataSource] 找到 19 个话题
[2026-04-30 16:01:40.703] [info] [LiDAR-Camera] [:] [Ros2BagDataSource]  话题: /dji_sdk/imu  类型: sensor_msgs/msg/Imu  消息数: 171462
[2026-04-30 16:01:40.703] [info] [LiDAR-Camera] [:] [Ros2BagDataSource]  话题: /dji_sdk/attitude  类型: geometry_msgs/msg/QuaternionStamped  消息数: 42866
[2026-04-30 16:01:40.703] [info] [LiDAR-Camera] [:] [Ros2BagDataSource]  话题: /os1_cloud_node2/imu  类型: sensor_msgs/msg/Imu  消息数: 42862
[2026-04-30 16:01:40.703] [info] [LiDAR-Camera] [:] [Ros2BagDataSource]  话题: /os1_cloud_node1/imu  类型: sensor_msgs/msg/Imu  消息数: 42862
[2026-04-30 16:01:40.703] [info] [LiDAR-Camera] [:] [Ros2BagDataSource]  话题: /imu/imu  类型: sensor_msgs/msg/Imu  消息数: 166428
[2026-04-30 16:01:40.703] [info] [LiDAR-Camera] [:] [Ros2BagDataSource]  话题: /imu/magnetic_field  类型: sensor_msgs/msg/MagneticField  消息数: 166428
[2026-04-30 16:01:40.703] [info] [LiDAR-Camera] [:] [Ros2BagDataSource]  话题: /imu/temperature  类型: sensor_msgs/msg/Temperature  消息数: 166428
[2026-04-30 16:01:40.703] [info] [LiDAR-Camera] [:] [Ros2BagDataSource]  话题: /dji_sdk/gps_position  类型: sensor_msgs/msg/NavSatFix  消息数: 21433
[2026-04-30 16:01:40.703] [info] [LiDAR-Camera] [:] [Ros2BagDataSource]  话题: /dji_sdk/height_above_takeoff  类型: std_msgs/msg/Float32  消息数: 21433
[2026-04-30 16:01:40.703] [info] [LiDAR-Camera] [:] [Ros2BagDataSource]  话题: /dji_sdk/gps_health  类型: std_msgs/msg/UInt8  消息数: 21433
[2026-04-30 16:01:40.703] [info] [LiDAR-Camera] [:] [Ros2BagDataSource]  话题: /uwb_endorange_info  类型: uwb_driver/msg/UwbRange  消息数: 25172
[2026-04-30 16:01:40.703] [info] [LiDAR-Camera] [:] [Ros2BagDataSource]  话题: /left/image_raw  类型: sensor_msgs/msg/Image  消息数: 4285
[2026-04-30 16:01:40.703] [info] [LiDAR-Camera] [:] [Ros2BagDataSource]  话题: /right/image_raw  类型: sensor_msgs/msg/Image  消息数: 4285
[2026-04-30 16:01:40.703] [info] [LiDAR-Camera] [:] [Ros2BagDataSource]  话题: /os1_cloud_node1/points  类型: sensor_msgs/msg/PointCloud2  消息数: 4287
[2026-04-30 16:01:40.703] [info] [LiDAR-Camera] [:] [Ros2BagDataSource]  话题: /os1_cloud_node2/points  类型: sensor_msgs/msg/PointCloud2  消息数: 4286
[2026-04-30 16:01:40.703] [info] [LiDAR-Camera] [:] [Ros2BagDataSource]  话题: /uwb_exorange_info  类型: uwb_driver/msg/UwbEcho  消息数: 2437
[2026-04-30 16:01:40.703] [info] [LiDAR-Camera] [:] [Ros2BagDataSource]  话题: /node_pos_marker_sc  类型: visualization_msgs/msg/Marker  消息数: 2437
[2026-04-30 16:01:40.703] [info] [LiDAR-Camera] [:] [Ros2BagDataSource]  话题: /node_pos_sc  类型: nav_msgs/msg/Path  消息数: 2437
[2026-04-30 16:01:40.703] [info] [LiDAR-Camera] [:] [Ros2BagDataSource]  话题: /leica/pose/relative  类型: geometry_msgs/msg/PoseStamped  消息数: 7679
[2026-04-30 16:01:40.703] [info] [LiDAR-Camera] [:] [Ros2BagDataSource] 将加载 bag 内所有 IMU / LiDAR / 相机话题，加载后可通过 sensor_id 或话题名选择使用
[2026-04-30 16:02:11.852] [info] [LiDAR-Camera] [:] [Ros2BagDataSource] 加载完成 (所有话题按话题名存储，可通过 sensor_id 或话题名选择):
[2026-04-30 16:02:11.854] [info] [LiDAR-Camera] [:]   LiDAR [/os1_cloud_node1/points]: 4287 帧
[2026-04-30 16:02:11.854] [info] [LiDAR-Camera] [:]   LiDAR [/os1_cloud_node2/points]: 4286 帧
[2026-04-30 16:02:11.854] [info] [LiDAR-Camera] [:]   相机 [/left/image_raw]: 4285 帧
[2026-04-30 16:02:11.854] [info] [LiDAR-Camera] [:]   相机 [/right/image_raw]: 4285 帧
[2026-04-30 16:02:11.854] [info] [LiDAR-Camera] [:]   IMU [/dji_sdk/imu]: 171462 帧
[2026-04-30 16:02:11.854] [info] [LiDAR-Camera] [:]   IMU [/imu/imu]: 166428 帧
[2026-04-30 16:02:11.854] [info] [LiDAR-Camera] [:]   IMU [/os1_cloud_node1/imu]: 42862 帧
[2026-04-30 16:02:11.854] [info] [LiDAR-Camera] [:]   IMU [/os1_cloud_node2/imu]: 42862 帧
[2026-04-30 16:02:11.855] [info] [LiDAR-Camera] [:]   选用 LiDAR  lidar_front -> /os1_cloud_node1/points
[2026-04-30 16:02:11.855] [info] [LiDAR-Camera] [:]   选用 相机  cam_left -> /left/image_raw
[2026-04-30 16:02:11.855] [info] [LiDAR-Camera] [:]   选用 IMU    imu_0 -> /imu/imu
[2026-04-30 16:02:11.855] [info] [LiDAR-Camera] [:]   时间范围: 1609045331.127 - 1609045759.771 秒
[2026-04-30 16:02:11.855] [info] [LiDAR-Camera] [:] [Ros2BagDataSource] 应用采样/帧数限制...
[2026-04-30 16:02:12.117] [info] [LiDAR-Camera] [:]   LiDAR /os1_cloud_node1/points 采样后: 2 帧
[2026-04-30 16:02:12.213] [info] [LiDAR-Camera] [:]   LiDAR /os1_cloud_node2/points 采样后: 2 帧
[2026-04-30 16:02:12.328] [info] [LiDAR-Camera] [:]   相机 /left/image_raw 采样后: 2 帧
[2026-04-30 16:02:12.423] [info] [LiDAR-Camera] [:]   相机 /right/image_raw 采样后: 2 帧
[2026-04-30 16:02:12.424] [info] [LiDAR-Camera] [:]   [Stage 1] ROS2 加载结果: LiDAR 2 帧  相机 2 帧 (sensor_id=cam_left)
[2026-04-30 16:02:12.450] [info] [LiDAR-Camera] [:]   [Stage 1] 已写入首帧到: PCD=./results/coarse_input/coarse_first.pcd  image=./results/coarse_input/coarse_first.png (ASCII PCD 供 Python 兼容)
[2026-04-30 16:02:12.575] [info] [LiDAR-Camera] [:]   [Stage 1] 标定对: lidar_id=lidar_front  camera_id=cam_left
[2026-04-30 16:02:12.575] [info] [LiDAR-Camera] [:]   [Stage 1] 调用粗标定: pcd=./results/coarse_input/coarse_first.pcd  image=./results/coarse_input/coarse_first.png 内参: fx=425.0 尺寸=752x480
[2026-04-30 16:02:12.576] [info] [LiDAR-Camera] [:] [AI-Calib] LiDAR-Cam 粗估 (MIAS-LCEC) lidar_0→cam_0
[2026-04-30 16:02:12.576] [info] [LiDAR-Camera] [:] [MIAS-LCEC] 仓库: /root/calib_ws/calib_unified 脚本: scripts/run_lidar_cam_coarse.py 实际传入模型路径: /root/calib_ws/MIAS-LCEC/model/mobile_sam.pt
[2026-04-30 16:02:12.577] [info] [LiDAR-Camera] [:] [MIAS-LCEC] 子进程 Python: python3 (已绕过 wrapper)
[2026-04-30 16:02:12.577] [info] [LiDAR-Camera] [:] [MIAS-LCEC] 粗标定尝试 1/2  (首次), 超时=180s
[2026-04-30 16:02:12.577] [info] [LiDAR-Camera] [:] [MIAS-LCEC] 执行命令 (python3+PYTHONPATH): python3 /root/calib_ws/calib_unified/scripts/run_lidar_cam_coarse.py --pcd ./results/coarse_input/coarse_first.pcd --image ./results/coarse_input/coarse_first.png --sensor_config /tmp/mias_work/sensor_config.yaml --output_dir /tmp/mias_work/output --quality-ncc-good 0.300000 --quality-ncc-acceptable 0.200000 --quality-rms-good-px 2.000000 --quality-rms-acceptable-px 5.000000 --quality-inlier-ratio-good 0.600000 --quality-inlier-ratio-acceptable 0.400000 --model_path /root/calib_ws/MIAS-LCEC/model/mobile_sam.pt --mias_repo /root/calib_ws/calib_unified --no-require-model
[2026-04-30 16:02:12.745] [info] [LiDAR-Camera] [:] [MIAS-LCEC] 子进程: [2026-04-30 16:02:12.744] [INFO] 环境: numpy=2.2.6
[2026-04-30 16:02:12.745] [info] [LiDAR-Camera] [:] [MIAS-LCEC] 子进程: [2026-04-30 16:02:12.744] [INFO] ======== 粗标定开始 ========
[2026-04-30 16:02:12.745] [info] [LiDAR-Camera] [:] [MIAS-LCEC] 子进程: [2026-04-30 16:02:12.744] [INFO] 输入: pcd=./results/coarse_input/coarse_first.pcd  image=./results/coarse_input/coarse_first.png  sensor_config=/tmp/mias_work/sensor_config.yaml  output_dir=/tmp/mias_work/output
[2026-04-30 16:02:12.745] [info] [LiDAR-Camera] [:] [MIAS-LCEC] 子进程: [2026-04-30 16:02:12.744] [INFO] [步骤 1/4] 读取 sensor_config...
[2026-04-30 16:02:12.760] [info] [LiDAR-Camera] [:] [MIAS-LCEC] 子进程: [2026-04-30 16:02:12.760] [INFO] 读取 sensor_config: /tmp/mias_work/sensor_config.yaml
[2026-04-30 16:02:12.762] [info] [LiDAR-Camera] [:] [MIAS-LCEC] 子进程: [2026-04-30 16:02:12.762] [INFO] 相机内参: fx=425.03 fy=426.80 cx=386.01 cy=241.91 width=752 height=480
[2026-04-30 16:02:12.762] [info] [LiDAR-Camera] [:] [MIAS-LCEC] 子进程: [2026-04-30 16:02:12.762] [INFO] [步骤 2/4] 读取 PCD...
[2026-04-30 16:02:12.773] [info] [LiDAR-Camera] [:] [MIAS-LCEC] 子进程: [2026-04-30 16:02:12.773] [INFO] PCD 加载方式: ASCII (优先，避免 Open3D/NumPy 2.x 兼容问题)  路径=./results/coarse_input/coarse_first.pcd
[2026-04-30 16:02:12.774] [info] [LiDAR-Camera] [:] [MIAS-LCEC] 子进程: [2026-04-30 16:02:12.774] [INFO] 点云规模: 12609 点  范围 X[-32.52, 49.52] Y[-28.54, 43.99] Z[-7.83, 1.22]
[2026-04-30 16:02:12.774] [info] [LiDAR-Camera] [:] [MIAS-LCEC] 子进程: [2026-04-30 16:02:12.774] [INFO] [步骤 2/4] PCD 读取完成  点数=12609
[2026-04-30 16:02:12.774] [info] [LiDAR-Camera] [:] [MIAS-LCEC] 子进程: [2026-04-30 16:02:12.774] [INFO] [步骤 3/4] 读取图像 (优先 Pillow，避免 NumPy 2.x 下 cv2 崩溃)...
[2026-04-30 16:02:12.809] [info] [LiDAR-Camera] [:] [MIAS-LCEC] 子进程: [2026-04-30 16:02:12.809] [INFO] 图像加载: Pillow  路径=./results/coarse_input/coarse_first.png  尺寸=752x480 (避免 NumPy 2.x 下 cv2 崩溃)
[2026-04-30 16:02:12.810] [info] [LiDAR-Camera] [:] [MIAS-LCEC] 子进程: [2026-04-30 16:02:12.810] [INFO] [步骤 3/4] 图像读取完成  尺寸=752x480
[2026-04-30 16:02:12.810] [info] [LiDAR-Camera] [:] [MIAS-LCEC] 子进程: [2026-04-30 16:02:12.810] [INFO] [粗标定] ===== 尝试深度模型推理 =====
[2026-04-30 16:02:12.810] [info] [LiDAR-Camera] [:] [MIAS-LCEC] 子进程: [2026-04-30 16:02:12.810] [INFO] [粗标定] 配置: model_path=/root/calib_ws/MIAS-LCEC/model/mobile_sam.pt
[2026-04-30 16:02:12.810] [info] [LiDAR-Camera] [:] [MIAS-LCEC] 子进程: [2026-04-30 16:02:12.810] [INFO] [粗标定] 配置: mias_repo=/root/calib_ws/calib_unified
[2026-04-30 16:02:12.810] [info] [LiDAR-Camera] [:] [MIAS-LCEC] 子进程: [2026-04-30 16:02:12.810] [INFO] [粗标定] require_model=False
[2026-04-30 16:02:12.810] [info] [LiDAR-Camera] [:] [MIAS-LCEC] 子进程: [2026-04-30 16:02:12.810] [INFO] [粗标定] mias_lcec_infer 导入成功
[2026-04-30 16:02:12.810] [info] [LiDAR-Camera] [:] [MIAS-LCEC] 子进程: [2026-04-30 16:02:12.810] [INFO] [粗标定] 开始调用深度模型推理...
[2026-04-30 16:02:12.810] [info] [LiDAR-Camera] [:] [MIAS-LCEC] 子进程: [2026-04-30 16:02:12.810] [INFO] [粗标定] 输入: pcd=./results/coarse_input/coarse_first.pcd image=./results/coarse_input/coarse_first.png
[2026-04-30 16:02:12.810] [info] [LiDAR-Camera] [:] [MIAS-LCEC] 子进程: [MIAS_LCEC_INFER 2026-04-30 16:02:12.810] [WARNING] [MIAS-LCEC 推理] 未使用深度模型: 模型文件不存在或未配置 model_path=/root/calib_ws/MIAS-LCEC/model/mobile_sam.pt
[2026-04-30 16:02:12.810] [info] [LiDAR-Camera] [:] [MIAS-LCEC] 子进程: [2026-04-30 16:02:12.810] [INFO] [粗标定] 推理完成，返回值类型: None
[2026-04-30 16:02:12.810] [info] [LiDAR-Camera] [:] [MIAS-LCEC] 子进程: [2026-04-30 16:02:12.810] [WARNING] [粗标定] 深度模型未返回结果 (require_model=false)，将回退 PnP 几何初值；请检查: 1) MIAS-LCEC 仓库是否有 infer_unicalib.py 或 LcMatch_CApi 2) Python 版本是否为 3.10 (LcMatch_CApi 需要) 3) model_path 是否正确
[2026-04-30 16:02:12.810] [info] [LiDAR-Camera] [:] [MIAS-LCEC] 子进程: [2026-04-30 16:02:12.810] [WARNING] [粗标定] ★ 结论: 未使用深度模型，将回退 PnP；原因见上方 [MIAS_LCEC_INFER] 错误日志（如 Read-only file system、ImportError 等）
[2026-04-30 16:02:13.094] [info] [LiDAR-Camera] [:] [MIAS-LCEC] 子进程: A module that was compiled using NumPy 1.x cannot be run in
[2026-04-30 16:02:13.094] [info] [LiDAR-Camera] [:] [MIAS-LCEC] 子进程: NumPy 2.2.6 as it may crash. To support both 1.x and 2.x
[2026-04-30 16:02:13.094] [info] [LiDAR-Camera] [:] [MIAS-LCEC] 子进程: versions of NumPy, modules must be compiled with NumPy 2.0.
[2026-04-30 16:02:13.094] [info] [LiDAR-Camera] [:] [MIAS-LCEC] 子进程: Some module may need to rebuild instead e.g. with 'pybind11>=2.12'.
[2026-04-30 16:02:13.094] [info] [LiDAR-Camera] [:] [MIAS-LCEC] 子进程: If you are a user of the module, the easiest solution will be to
[2026-04-30 16:02:13.094] [info] [LiDAR-Camera] [:] [MIAS-LCEC] 子进程: downgrade to 'numpy<2' or try to upgrade the affected module.
[2026-04-30 16:02:13.094] [info] [LiDAR-Camera] [:] [MIAS-LCEC] 子进程: We expect that some modules will need time to support NumPy 2.
[2026-04-30 16:02:13.094] [info] [LiDAR-Camera] [:] [MIAS-LCEC] 子进程: Traceback (most recent call last):  File "/root/calib_ws/calib_unified/scripts/run_lidar_cam_coarse.py", line 698, in <module>
[2026-04-30 16:02:13.094] [info] [LiDAR-Camera] [:] [MIAS-LCEC] 子进程:     sys.exit(main_with_traceback())
[2026-04-30 16:02:13.094] [info] [LiDAR-Camera] [:] [MIAS-LCEC] 子进程:   File "/root/calib_ws/calib_unified/scripts/run_lidar_cam_coarse.py", line 689, in main_with_traceback
[2026-04-30 16:02:13.094] [info] [LiDAR-Camera] [:] [MIAS-LCEC] 子进程:     return main()
[2026-04-30 16:02:13.094] [info] [LiDAR-Camera] [:] [MIAS-LCEC] 子进程:   File "/root/calib_ws/calib_unified/scripts/run_lidar_cam_coarse.py", line 567, in main
[2026-04-30 16:02:13.094] [info] [LiDAR-Camera] [:] [MIAS-LCEC] 子进程:     if not _check_cv2_available():
[2026-04-30 16:02:13.094] [info] [LiDAR-Camera] [:] [MIAS-LCEC] 子进程:   File "/root/calib_ws/calib_unified/scripts/run_lidar_cam_coarse.py", line 259, in _check_cv2_available
[2026-04-30 16:02:13.094] [info] [LiDAR-Camera] [:] [MIAS-LCEC] 子进程:     import cv2  # noqa: F401
[2026-04-30 16:02:13.094] [info] [LiDAR-Camera] [:] [MIAS-LCEC] 子进程:   File "/usr/local/lib/python3.10/dist-packages/cv2/__init__.py", line 181, in <module>
[2026-04-30 16:02:13.094] [info] [LiDAR-Camera] [:] [MIAS-LCEC] 子进程:     bootstrap()
[2026-04-30 16:02:13.094] [info] [LiDAR-Camera] [:] [MIAS-LCEC] 子进程:   File "/usr/local/lib/python3.10/dist-packages/cv2/__init__.py", line 153, in bootstrap
[2026-04-30 16:02:13.094] [info] [LiDAR-Camera] [:] [MIAS-LCEC] 子进程:     native_module = importlib.import_module("cv2")
[2026-04-30 16:02:13.094] [info] [LiDAR-Camera] [:] [MIAS-LCEC] 子进程:   File "/usr/lib/python3.10/importlib/__init__.py", line 126, in import_module
[2026-04-30 16:02:13.094] [info] [LiDAR-Camera] [:] [MIAS-LCEC] 子进程:     return _bootstrap._gcd_import(name[level:], package, level)
[2026-04-30 16:02:13.094] [info] [LiDAR-Camera] [:] [MIAS-LCEC] 子进程: AttributeError: _ARRAY_API not found
[2026-04-30 16:02:13.094] [info] [LiDAR-Camera] [:] [MIAS-LCEC] 子进程: [2026-04-30 16:02:13.094] [WARNING] [粗标定] cv2 不可用 (ImportError)，跳过 PnP，将输出 identity。原因: numpy.core.multiarray failed to import
[2026-04-30 16:02:13.094] [info] [LiDAR-Camera] [:] [MIAS-LCEC] 子进程: [2026-04-30 16:02:13.094] [WARNING] [粗标定] cv2 不可用，不调用 PnP，输出 identity；精标定可能无法收敛，建议修复环境后重试
[2026-04-30 16:02:13.094] [info] [LiDAR-Camera] [:] [MIAS-LCEC] 子进程: [2026-04-30 16:02:13.094] [INFO] [粗标定] 方法=identity  输出 t=[0, 0, 0]  (精标定可能无法收敛，建议检查 PnP 或深度模型)
[2026-04-30 16:02:13.094] [info] [LiDAR-Camera] [:] [MIAS-LCEC] 子进程: [2026-04-30 16:02:13.094] [INFO] [步骤 4/5] 写入 extrinsic_result.yaml...
[2026-04-30 16:02:13.094] [info] [LiDAR-Camera] [:] [MIAS-LCEC] 子进程: [2026-04-30 16:02:13.094] [INFO] 已写出 extrinsic_result.yaml: /tmp/mias_work/output/extrinsic_result.yaml  translation=[0.0000, 0.0000, 0.0000]
[2026-04-30 16:02:13.094] [info] [LiDAR-Camera] [:] [MIAS-LCEC] 子进程: [2026-04-30 16:02:13.094] [INFO] [步骤 5/5] 生成 quality_report.yaml...
[2026-04-30 16:02:13.618] [info] [LiDAR-Camera] [:] [MIAS-LCEC] 子进程: A module that was compiled using NumPy 1.x cannot be run in
[2026-04-30 16:02:13.618] [info] [LiDAR-Camera] [:] [MIAS-LCEC] 子进程: NumPy 2.2.6 as it may crash. To support both 1.x and 2.x
[2026-04-30 16:02:13.618] [info] [LiDAR-Camera] [:] [MIAS-LCEC] 子进程: versions of NumPy, modules must be compiled with NumPy 2.0.
[2026-04-30 16:02:13.618] [info] [LiDAR-Camera] [:] [MIAS-LCEC] 子进程: Some module may need to rebuild instead e.g. with 'pybind11>=2.12'.
[2026-04-30 16:02:13.618] [info] [LiDAR-Camera] [:] [MIAS-LCEC] 子进程: If you are a user of the module, the easiest solution will be to
[2026-04-30 16:02:13.618] [info] [LiDAR-Camera] [:] [MIAS-LCEC] 子进程: downgrade to 'numpy<2' or try to upgrade the affected module.
[2026-04-30 16:02:13.618] [info] [LiDAR-Camera] [:] [MIAS-LCEC] 子进程: We expect that some modules will need time to support NumPy 2.
[2026-04-30 16:02:13.618] [info] [LiDAR-Camera] [:] [MIAS-LCEC] 子进程: Traceback (most recent call last):  File "/root/calib_ws/calib_unified/scripts/run_lidar_cam_coarse.py", line 698, in <module>
[2026-04-30 16:02:13.618] [info] [LiDAR-Camera] [:] [MIAS-LCEC] 子进程:     sys.exit(main_with_traceback())
[2026-04-30 16:02:13.618] [info] [LiDAR-Camera] [:] [MIAS-LCEC] 子进程:   File "/root/calib_ws/calib_unified/scripts/run_lidar_cam_coarse.py", line 689, in main_with_traceback
[2026-04-30 16:02:13.618] [info] [LiDAR-Camera] [:] [MIAS-LCEC] 子进程:     return main()
[2026-04-30 16:02:13.618] [info] [LiDAR-Camera] [:] [MIAS-LCEC] 子进程:   File "/root/calib_ws/calib_unified/scripts/run_lidar_cam_coarse.py", line 636, in main
[2026-04-30 16:02:13.618] [info] [LiDAR-Camera] [:] [MIAS-LCEC] 子进程:     from mias_lcec_pytorch.quality_assessment import assess_calibration_quality
[2026-04-30 16:02:13.618] [info] [LiDAR-Camera] [:] [MIAS-LCEC] 子进程:   File "/root/calib_ws/calib_unified/scripts/mias_lcec_pytorch/__init__.py", line 17, in <module>
[2026-04-30 16:02:13.618] [info] [LiDAR-Camera] [:] [MIAS-LCEC] 子进程:     from .coarse_calib import MIASLCECCoarseCalib
[2026-04-30 16:02:13.618] [info] [LiDAR-Camera] [:] [MIAS-LCEC] 子进程:   File "/root/calib_ws/calib_unified/scripts/mias_lcec_pytorch/coarse_calib.py", line 26, in <module>
[2026-04-30 16:02:13.618] [info] [LiDAR-Camera] [:] [MIAS-LCEC] 子进程:     import torch
[2026-04-30 16:02:13.618] [info] [LiDAR-Camera] [:] [MIAS-LCEC] 子进程:   File "/usr/local/lib/python3.10/dist-packages/torch/__init__.py", line 1382, in <module>
[2026-04-30 16:02:13.618] [info] [LiDAR-Camera] [:] [MIAS-LCEC] 子进程:     from .functional import *  # noqa: F403
[2026-04-30 16:02:13.618] [info] [LiDAR-Camera] [:] [MIAS-LCEC] 子进程:   File "/usr/local/lib/python3.10/dist-packages/torch/functional.py", line 7, in <module>
[2026-04-30 16:02:13.618] [info] [LiDAR-Camera] [:] [MIAS-LCEC] 子进程:     import torch.nn.functional as F
[2026-04-30 16:02:13.618] [info] [LiDAR-Camera] [:] [MIAS-LCEC] 子进程:   File "/usr/local/lib/python3.10/dist-packages/torch/nn/__init__.py", line 1, in <module>
[2026-04-30 16:02:13.618] [info] [LiDAR-Camera] [:] [MIAS-LCEC] 子进程:     from .modules import *  # noqa: F403
[2026-04-30 16:02:13.618] [info] [LiDAR-Camera] [:] [MIAS-LCEC] 子进程:   File "/usr/local/lib/python3.10/dist-packages/torch/nn/modules/__init__.py", line 35, in <module>
[2026-04-30 16:02:13.618] [info] [LiDAR-Camera] [:] [MIAS-LCEC] 子进程:     from .transformer import TransformerEncoder, TransformerDecoder, \
[2026-04-30 16:02:13.618] [info] [LiDAR-Camera] [:] [MIAS-LCEC] 子进程:   File "/usr/local/lib/python3.10/dist-packages/torch/nn/modules/transformer.py", line 20, in <module>
[2026-04-30 16:02:13.618] [info] [LiDAR-Camera] [:] [MIAS-LCEC] 子进程:     device: torch.device = torch.device(torch._C._get_default_device()),  # torch.device('cpu'),
[2026-04-30 16:02:13.618] [info] [LiDAR-Camera] [:] [MIAS-LCEC] 子进程: /usr/local/lib/python3.10/dist-packages/torch/nn/modules/transformer.py:20: UserWarning: Failed to initialize NumPy: _ARRAY_API not found (Triggered internally at ../torch/csrc/utils/tensor_numpy.cpp:84.)
[2026-04-30 16:02:13.618] [info] [LiDAR-Camera] [:] [MIAS-LCEC] 子进程:   device: torch.device = torch.device(torch._C._get_default_device()),  # torch.device('cpu'),
[2026-04-30 16:02:15.046] [info] [LiDAR-Camera] [:] [MIAS-LCEC] 子进程: /usr/local/lib/python3.10/dist-packages/timm/models/layers/__init__.py:49: FutureWarning: Importing from timm.models.layers is deprecated, please import via timm.layers
[2026-04-30 16:02:15.046] [info] [LiDAR-Camera] [:] [MIAS-LCEC] 子进程:   warnings.warn(f"Importing from {__name__} is deprecated, please import via timm.layers", FutureWarning)
[2026-04-30 16:02:15.046] [info] [LiDAR-Camera] [:] [MIAS-LCEC] 子进程: /usr/local/lib/python3.10/dist-packages/timm/models/registry.py:4: FutureWarning: Importing from timm.models.registry is deprecated, please import via timm.models
[2026-04-30 16:02:15.046] [info] [LiDAR-Camera] [:] [MIAS-LCEC] 子进程:   warnings.warn(f"Importing from {__name__} is deprecated, please import via timm.models", FutureWarning)
[2026-04-30 16:02:15.046] [info] [LiDAR-Camera] [:] [MIAS-LCEC] 子进程: /root/calib_ws/calib_unified/thirdparty/MobileSAM/mobile_sam/modeling/tiny_vit_sam.py:656: UserWarning: Overwriting tiny_vit_5m_224 in registry with mobile_sam.modeling.tiny_vit_sam.tiny_vit_5m_224. This is because the name being registered conflicts with an existing name. Please check if this is not expected.
[2026-04-30 16:02:15.046] [info] [LiDAR-Camera] [:] [MIAS-LCEC] 子进程:   return register_model(fn_wrapper)
[2026-04-30 16:02:15.046] [info] [LiDAR-Camera] [:] [MIAS-LCEC] 子进程: /root/calib_ws/calib_unified/thirdparty/MobileSAM/mobile_sam/modeling/tiny_vit_sam.py:656: UserWarning: Overwriting tiny_vit_11m_224 in registry with mobile_sam.modeling.tiny_vit_sam.tiny_vit_11m_224. This is because the name being registered conflicts with an existing name. Please check if this is not expected.
[2026-04-30 16:02:15.046] [info] [LiDAR-Camera] [:] [MIAS-LCEC] 子进程:   return register_model(fn_wrapper)
[2026-04-30 16:02:15.046] [info] [LiDAR-Camera] [:] [MIAS-LCEC] 子进程: /root/calib_ws/calib_unified/thirdparty/MobileSAM/mobile_sam/modeling/tiny_vit_sam.py:656: UserWarning: Overwriting tiny_vit_21m_224 in registry with mobile_sam.modeling.tiny_vit_sam.tiny_vit_21m_224. This is because the name being registered conflicts with an existing name. Please check if this is not expected.
[2026-04-30 16:02:15.046] [info] [LiDAR-Camera] [:] [MIAS-LCEC] 子进程:   return register_model(fn_wrapper)
[2026-04-30 16:02:15.046] [info] [LiDAR-Camera] [:] [MIAS-LCEC] 子进程: /root/calib_ws/calib_unified/thirdparty/MobileSAM/mobile_sam/modeling/tiny_vit_sam.py:656: UserWarning: Overwriting tiny_vit_21m_384 in registry with mobile_sam.modeling.tiny_vit_sam.tiny_vit_21m_384. This is because the name being registered conflicts with an existing name. Please check if this is not expected.
[2026-04-30 16:02:15.046] [info] [LiDAR-Camera] [:] [MIAS-LCEC] 子进程:   return register_model(fn_wrapper)
[2026-04-30 16:02:15.046] [info] [LiDAR-Camera] [:] [MIAS-LCEC] 子进程: /root/calib_ws/calib_unified/thirdparty/MobileSAM/mobile_sam/modeling/tiny_vit_sam.py:656: UserWarning: Overwriting tiny_vit_21m_512 in registry with mobile_sam.modeling.tiny_vit_sam.tiny_vit_21m_512. This is because the name being registered conflicts with an existing name. Please check if this is not expected.
[2026-04-30 16:02:15.046] [info] [LiDAR-Camera] [:] [MIAS-LCEC] 子进程:   return register_model(fn_wrapper)
[2026-04-30 16:02:15.052] [info] [LiDAR-Camera] [:] [MIAS-LCEC] 子进程: [2026-04-30 16:02:15.052] [INFO] 已写出 quality_report.yaml: /tmp/mias_work/output/quality_report.yaml
[2026-04-30 16:02:15.052] [info] [LiDAR-Camera] [:] [MIAS-LCEC] 子进程: [2026-04-30 16:02:15.052] [INFO] 粗标定完成  方法=identity  耗时=2.38s  输出=/tmp/mias_work/output/extrinsic_result.yaml
[2026-04-30 16:02:15.052] [info] [LiDAR-Camera] [:] [MIAS-LCEC] 子进程: [2026-04-30 16:02:15.052] [INFO] [粗标定] ★ 最终: 使用恒等外参 (identity)，未使用深度模型
[2026-04-30 16:02:15.052] [info] [LiDAR-Camera] [:] [MIAS-LCEC] 子进程: [2026-04-30 16:02:15.052] [INFO] ======== 粗标定结束 ========
[2026-04-30 16:02:15.052] [info] [LiDAR-Camera] [:] [MIAS-LCEC] 子进程: [2026-04-30 16:02:15.052] [WARNING] [粗标定] 诊断摘要: 未使用深度模型 (method=identity)，详见上方 [MIAS_LCEC_INFER] 错误与修复建议
[2026-04-30 16:02:15.052] [info] [LiDAR-Camera] [:] [MIAS-LCEC] 子进程: [run_lidar_cam_coarse] OK  method=identity  output=/tmp/mias_work/output/extrinsic_result.yaml  elapsed_s=2.38
[2026-04-30 16:02:15.611] [info] [LiDAR-Camera] [:] [AI-Exec] 子进程完整输出已保存到: /tmp/mias_work/subprocess_1777536132.log
[2026-04-30 16:02:15.611] [info] [LiDAR-Camera] [:] [MIAS-LCEC] 子进程结束  exit_code=0  elapsed_ms=3033  output_exists=yes
[2026-04-30 16:02:15.611] [info] [LiDAR-Camera] [:] [MIAS-LCEC] 粗标定方法: identity)，详见上方 (由子进程 stdout 解析)
[2026-04-30 16:02:15.611] [warning] [LiDAR-Camera] [:] [MIAS-LCEC] ★ 粗标定未使用深度模型，结果来自几何回退(identity)，详见上方)；原因见上方子进程日志或 子进程完整输出
[2026-04-30 16:02:15.612] [info] [LiDAR-Camera] [:] [MIAS-LCEC] 解析结果  t=[0.0000, 0.0000, 0.0000]  is_identity=true
[2026-04-30 16:02:15.612] [warning] [LiDAR-Camera] [:] [MIAS-LCEC] 粗标定结果为 identity，重试  attempt=2/2  显式附加 --use_pnp
[2026-04-30 16:02:15.612] [info] [LiDAR-Camera] [:] [MIAS-LCEC] 粗标定尝试 2/2  (identity 后重试), 超时=180s
[2026-04-30 16:02:15.612] [info] [LiDAR-Camera] [:] [MIAS-LCEC] 执行命令 (python3+PYTHONPATH): python3 /root/calib_ws/calib_unified/scripts/run_lidar_cam_coarse.py --pcd ./results/coarse_input/coarse_first.pcd --image ./results/coarse_input/coarse_first.png --sensor_config /tmp/mias_work/sensor_config.yaml --output_dir /tmp/mias_work/output --quality-ncc-good 0.300000 --quality-ncc-acceptable 0.200000 --quality-rms-good-px 2.000000 --quality-rms-acceptable-px 5.000000 --quality-inlier-ratio-good 0.600000 --quality-inlier-ratio-acceptable 0.400000 --model_path /root/calib_ws/MIAS-LCEC/model/mobile_sam.pt --mias_repo /root/calib_ws/calib_unified --no-require-model --use_pnp
[2026-04-30 16:02:15.731] [info] [LiDAR-Camera] [:] [MIAS-LCEC] 子进程: [2026-04-30 16:02:15.730] [INFO] 环境: numpy=2.2.6
[2026-04-30 16:02:15.731] [info] [LiDAR-Camera] [:] [MIAS-LCEC] 子进程: [2026-04-30 16:02:15.730] [INFO] ======== 粗标定开始 ========
[2026-04-30 16:02:15.731] [info] [LiDAR-Camera] [:] [MIAS-LCEC] 子进程: [2026-04-30 16:02:15.730] [INFO] 输入: pcd=./results/coarse_input/coarse_first.pcd  image=./results/coarse_input/coarse_first.png  sensor_config=/tmp/mias_work/sensor_config.yaml  output_dir=/tmp/mias_work/output
[2026-04-30 16:02:15.731] [info] [LiDAR-Camera] [:] [MIAS-LCEC] 子进程: [2026-04-30 16:02:15.730] [INFO] [步骤 1/4] 读取 sensor_config...
[2026-04-30 16:02:15.738] [info] [LiDAR-Camera] [:] [MIAS-LCEC] 子进程: [2026-04-30 16:02:15.738] [INFO] 读取 sensor_config: /tmp/mias_work/sensor_config.yaml
[2026-04-30 16:02:15.739] [info] [LiDAR-Camera] [:] [MIAS-LCEC] 子进程: [2026-04-30 16:02:15.739] [INFO] 相机内参: fx=425.03 fy=426.80 cx=386.01 cy=241.91 width=752 height=480
[2026-04-30 16:02:15.739] [info] [LiDAR-Camera] [:] [MIAS-LCEC] 子进程: [2026-04-30 16:02:15.739] [INFO] [步骤 2/4] 读取 PCD...
[2026-04-30 16:02:15.750] [info] [LiDAR-Camera] [:] [MIAS-LCEC] 子进程: [2026-04-30 16:02:15.750] [INFO] PCD 加载方式: ASCII (优先，避免 Open3D/NumPy 2.x 兼容问题)  路径=./results/coarse_input/coarse_first.pcd
[2026-04-30 16:02:15.751] [info] [LiDAR-Camera] [:] [MIAS-LCEC] 子进程: [2026-04-30 16:02:15.751] [INFO] 点云规模: 12609 点  范围 X[-32.52, 49.52] Y[-28.54, 43.99] Z[-7.83, 1.22]
[2026-04-30 16:02:15.751] [info] [LiDAR-Camera] [:] [MIAS-LCEC] 子进程: [2026-04-30 16:02:15.751] [INFO] [步骤 2/4] PCD 读取完成  点数=12609
[2026-04-30 16:02:15.751] [info] [LiDAR-Camera] [:] [MIAS-LCEC] 子进程: [2026-04-30 16:02:15.751] [INFO] [步骤 3/4] 读取图像 (优先 Pillow，避免 NumPy 2.x 下 cv2 崩溃)...
[2026-04-30 16:02:15.771] [info] [LiDAR-Camera] [:] [MIAS-LCEC] 子进程: [2026-04-30 16:02:15.771] [INFO] 图像加载: Pillow  路径=./results/coarse_input/coarse_first.png  尺寸=752x480 (避免 NumPy 2.x 下 cv2 崩溃)
[2026-04-30 16:02:15.771] [info] [LiDAR-Camera] [:] [MIAS-LCEC] 子进程: [2026-04-30 16:02:15.771] [INFO] [步骤 3/4] 图像读取完成  尺寸=752x480
[2026-04-30 16:02:15.772] [info] [LiDAR-Camera] [:] [MIAS-LCEC] 子进程: [2026-04-30 16:02:15.772] [INFO] [粗标定] ===== 尝试深度模型推理 =====
[2026-04-30 16:02:15.772] [info] [LiDAR-Camera] [:] [MIAS-LCEC] 子进程: [2026-04-30 16:02:15.772] [INFO] [粗标定] 配置: model_path=/root/calib_ws/MIAS-LCEC/model/mobile_sam.pt
[2026-04-30 16:02:15.772] [info] [LiDAR-Camera] [:] [MIAS-LCEC] 子进程: [2026-04-30 16:02:15.772] [INFO] [粗标定] 配置: mias_repo=/root/calib_ws/calib_unified
[2026-04-30 16:02:15.772] [info] [LiDAR-Camera] [:] [MIAS-LCEC] 子进程: [2026-04-30 16:02:15.772] [INFO] [粗标定] require_model=False
[2026-04-30 16:02:15.772] [info] [LiDAR-Camera] [:] [MIAS-LCEC] 子进程: [2026-04-30 16:02:15.772] [INFO] [粗标定] mias_lcec_infer 导入成功
[2026-04-30 16:02:15.772] [info] [LiDAR-Camera] [:] [MIAS-LCEC] 子进程: [2026-04-30 16:02:15.772] [INFO] [粗标定] 开始调用深度模型推理...
[2026-04-30 16:02:15.773] [info] [LiDAR-Camera] [:] [MIAS-LCEC] 子进程: [2026-04-30 16:02:15.773] [INFO] [粗标定] 输入: pcd=./results/coarse_input/coarse_first.pcd image=./results/coarse_input/coarse_first.png
[2026-04-30 16:02:15.773] [info] [LiDAR-Camera] [:] [MIAS-LCEC] 子进程: [MIAS_LCEC_INFER 2026-04-30 16:02:15.773] [WARNING] [MIAS-LCEC 推理] 未使用深度模型: 模型文件不存在或未配置 model_path=/root/calib_ws/MIAS-LCEC/model/mobile_sam.pt
[2026-04-30 16:02:15.773] [info] [LiDAR-Camera] [:] [MIAS-LCEC] 子进程: [2026-04-30 16:02:15.773] [INFO] [粗标定] 推理完成，返回值类型: None
[2026-04-30 16:02:15.773] [info] [LiDAR-Camera] [:] [MIAS-LCEC] 子进程: [2026-04-30 16:02:15.773] [WARNING] [粗标定] 深度模型未返回结果 (require_model=false)，将回退 PnP 几何初值；请检查: 1) MIAS-LCEC 仓库是否有 infer_unicalib.py 或 LcMatch_CApi 2) Python 版本是否为 3.10 (LcMatch_CApi 需要) 3) model_path 是否正确
[2026-04-30 16:02:15.773] [info] [LiDAR-Camera] [:] [MIAS-LCEC] 子进程: [2026-04-30 16:02:15.773] [WARNING] [粗标定] ★ 结论: 未使用深度模型，将回退 PnP；原因见上方 [MIAS_LCEC_INFER] 错误日志（如 Read-only file system、ImportError 等）
[2026-04-30 16:02:15.862] [info] [LiDAR-Camera] [:] [MIAS-LCEC] 子进程: A module that was compiled using NumPy 1.x cannot be run in
[2026-04-30 16:02:15.862] [info] [LiDAR-Camera] [:] [MIAS-LCEC] 子进程: NumPy 2.2.6 as it may crash. To support both 1.x and 2.x
[2026-04-30 16:02:15.862] [info] [LiDAR-Camera] [:] [MIAS-LCEC] 子进程: versions of NumPy, modules must be compiled with NumPy 2.0.
[2026-04-30 16:02:15.862] [info] [LiDAR-Camera] [:] [MIAS-LCEC] 子进程: Some module may need to rebuild instead e.g. with 'pybind11>=2.12'.
[2026-04-30 16:02:15.862] [info] [LiDAR-Camera] [:] [MIAS-LCEC] 子进程: If you are a user of the module, the easiest solution will be to
[2026-04-30 16:02:15.862] [info] [LiDAR-Camera] [:] [MIAS-LCEC] 子进程: downgrade to 'numpy<2' or try to upgrade the affected module.
[2026-04-30 16:02:15.862] [info] [LiDAR-Camera] [:] [MIAS-LCEC] 子进程: We expect that some modules will need time to support NumPy 2.
[2026-04-30 16:02:15.862] [info] [LiDAR-Camera] [:] [MIAS-LCEC] 子进程: Traceback (most recent call last):  File "/root/calib_ws/calib_unified/scripts/run_lidar_cam_coarse.py", line 698, in <module>
[2026-04-30 16:02:15.862] [info] [LiDAR-Camera] [:] [MIAS-LCEC] 子进程:     sys.exit(main_with_traceback())
[2026-04-30 16:02:15.862] [info] [LiDAR-Camera] [:] [MIAS-LCEC] 子进程:   File "/root/calib_ws/calib_unified/scripts/run_lidar_cam_coarse.py", line 689, in main_with_traceback
[2026-04-30 16:02:15.862] [info] [LiDAR-Camera] [:] [MIAS-LCEC] 子进程:     return main()
[2026-04-30 16:02:15.862] [info] [LiDAR-Camera] [:] [MIAS-LCEC] 子进程:   File "/root/calib_ws/calib_unified/scripts/run_lidar_cam_coarse.py", line 567, in main
[2026-04-30 16:02:15.862] [info] [LiDAR-Camera] [:] [MIAS-LCEC] 子进程:     if not _check_cv2_available():
[2026-04-30 16:02:15.862] [info] [LiDAR-Camera] [:] [MIAS-LCEC] 子进程:   File "/root/calib_ws/calib_unified/scripts/run_lidar_cam_coarse.py", line 259, in _check_cv2_available
[2026-04-30 16:02:15.862] [info] [LiDAR-Camera] [:] [MIAS-LCEC] 子进程:     import cv2  # noqa: F401
[2026-04-30 16:02:15.862] [info] [LiDAR-Camera] [:] [MIAS-LCEC] 子进程:   File "/usr/local/lib/python3.10/dist-packages/cv2/__init__.py", line 181, in <module>
[2026-04-30 16:02:15.862] [info] [LiDAR-Camera] [:] [MIAS-LCEC] 子进程:     bootstrap()
[2026-04-30 16:02:15.862] [info] [LiDAR-Camera] [:] [MIAS-LCEC] 子进程:   File "/usr/local/lib/python3.10/dist-packages/cv2/__init__.py", line 153, in bootstrap
[2026-04-30 16:02:15.862] [info] [LiDAR-Camera] [:] [MIAS-LCEC] 子进程:     native_module = importlib.import_module("cv2")
[2026-04-30 16:02:15.862] [info] [LiDAR-Camera] [:] [MIAS-LCEC] 子进程:   File "/usr/lib/python3.10/importlib/__init__.py", line 126, in import_module
[2026-04-30 16:02:15.862] [info] [LiDAR-Camera] [:] [MIAS-LCEC] 子进程:     return _bootstrap._gcd_import(name[level:], package, level)
[2026-04-30 16:02:15.862] [info] [LiDAR-Camera] [:] [MIAS-LCEC] 子进程: AttributeError: _ARRAY_API not found
[2026-04-30 16:02:15.862] [info] [LiDAR-Camera] [:] [MIAS-LCEC] 子进程: [2026-04-30 16:02:15.862] [WARNING] [粗标定] cv2 不可用 (ImportError)，跳过 PnP，将输出 identity。原因: numpy.core.multiarray failed to import
[2026-04-30 16:02:15.862] [info] [LiDAR-Camera] [:] [MIAS-LCEC] 子进程: [2026-04-30 16:02:15.862] [WARNING] [粗标定] cv2 不可用，不调用 PnP，输出 identity；精标定可能无法收敛，建议修复环境后重试
[2026-04-30 16:02:15.862] [info] [LiDAR-Camera] [:] [MIAS-LCEC] 子进程: [2026-04-30 16:02:15.862] [INFO] [粗标定] 方法=identity  输出 t=[0, 0, 0]  (精标定可能无法收敛，建议检查 PnP 或深度模型)
[2026-04-30 16:02:15.862] [info] [LiDAR-Camera] [:] [MIAS-LCEC] 子进程: [2026-04-30 16:02:15.862] [INFO] [步骤 4/5] 写入 extrinsic_result.yaml...
[2026-04-30 16:02:15.862] [info] [LiDAR-Camera] [:] [MIAS-LCEC] 子进程: [2026-04-30 16:02:15.862] [INFO] 已写出 extrinsic_result.yaml: /tmp/mias_work/output/extrinsic_result.yaml  translation=[0.0000, 0.0000, 0.0000]
[2026-04-30 16:02:15.862] [info] [LiDAR-Camera] [:] [MIAS-LCEC] 子进程: [2026-04-30 16:02:15.862] [INFO] [步骤 5/5] 生成 quality_report.yaml...
[2026-04-30 16:02:16.102] [info] [LiDAR-Camera] [:] [MIAS-LCEC] 子进程: A module that was compiled using NumPy 1.x cannot be run in
[2026-04-30 16:02:16.102] [info] [LiDAR-Camera] [:] [MIAS-LCEC] 子进程: NumPy 2.2.6 as it may crash. To support both 1.x and 2.x
[2026-04-30 16:02:16.102] [info] [LiDAR-Camera] [:] [MIAS-LCEC] 子进程: versions of NumPy, modules must be compiled with NumPy 2.0.
[2026-04-30 16:02:16.102] [info] [LiDAR-Camera] [:] [MIAS-LCEC] 子进程: Some module may need to rebuild instead e.g. with 'pybind11>=2.12'.
[2026-04-30 16:02:16.102] [info] [LiDAR-Camera] [:] [MIAS-LCEC] 子进程: If you are a user of the module, the easiest solution will be to
[2026-04-30 16:02:16.102] [info] [LiDAR-Camera] [:] [MIAS-LCEC] 子进程: downgrade to 'numpy<2' or try to upgrade the affected module.
[2026-04-30 16:02:16.102] [info] [LiDAR-Camera] [:] [MIAS-LCEC] 子进程: We expect that some modules will need time to support NumPy 2.
[2026-04-30 16:02:16.102] [info] [LiDAR-Camera] [:] [MIAS-LCEC] 子进程: Traceback (most recent call last):  File "/root/calib_ws/calib_unified/scripts/run_lidar_cam_coarse.py", line 698, in <module>
[2026-04-30 16:02:16.102] [info] [LiDAR-Camera] [:] [MIAS-LCEC] 子进程:     sys.exit(main_with_traceback())
[2026-04-30 16:02:16.102] [info] [LiDAR-Camera] [:] [MIAS-LCEC] 子进程:   File "/root/calib_ws/calib_unified/scripts/run_lidar_cam_coarse.py", line 689, in main_with_traceback
[2026-04-30 16:02:16.102] [info] [LiDAR-Camera] [:] [MIAS-LCEC] 子进程:     return main()
[2026-04-30 16:02:16.102] [info] [LiDAR-Camera] [:] [MIAS-LCEC] 子进程:   File "/root/calib_ws/calib_unified/scripts/run_lidar_cam_coarse.py", line 636, in main
[2026-04-30 16:02:16.102] [info] [LiDAR-Camera] [:] [MIAS-LCEC] 子进程:     from mias_lcec_pytorch.quality_assessment import assess_calibration_quality
[2026-04-30 16:02:16.102] [info] [LiDAR-Camera] [:] [MIAS-LCEC] 子进程:   File "/root/calib_ws/calib_unified/scripts/mias_lcec_pytorch/__init__.py", line 17, in <module>
[2026-04-30 16:02:16.102] [info] [LiDAR-Camera] [:] [MIAS-LCEC] 子进程:     from .coarse_calib import MIASLCECCoarseCalib
[2026-04-30 16:02:16.102] [info] [LiDAR-Camera] [:] [MIAS-LCEC] 子进程:   File "/root/calib_ws/calib_unified/scripts/mias_lcec_pytorch/coarse_calib.py", line 26, in <module>
[2026-04-30 16:02:16.102] [info] [LiDAR-Camera] [:] [MIAS-LCEC] 子进程:     import torch
[2026-04-30 16:02:16.102] [info] [LiDAR-Camera] [:] [MIAS-LCEC] 子进程:   File "/usr/local/lib/python3.10/dist-packages/torch/__init__.py", line 1382, in <module>
[2026-04-30 16:02:16.102] [info] [LiDAR-Camera] [:] [MIAS-LCEC] 子进程:     from .functional import *  # noqa: F403
[2026-04-30 16:02:16.102] [info] [LiDAR-Camera] [:] [MIAS-LCEC] 子进程:   File "/usr/local/lib/python3.10/dist-packages/torch/functional.py", line 7, in <module>
[2026-04-30 16:02:16.102] [info] [LiDAR-Camera] [:] [MIAS-LCEC] 子进程:     import torch.nn.functional as F
[2026-04-30 16:02:16.102] [info] [LiDAR-Camera] [:] [MIAS-LCEC] 子进程:   File "/usr/local/lib/python3.10/dist-packages/torch/nn/__init__.py", line 1, in <module>
[2026-04-30 16:02:16.102] [info] [LiDAR-Camera] [:] [MIAS-LCEC] 子进程:     from .modules import *  # noqa: F403
[2026-04-30 16:02:16.102] [info] [LiDAR-Camera] [:] [MIAS-LCEC] 子进程:   File "/usr/local/lib/python3.10/dist-packages/torch/nn/modules/__init__.py", line 35, in <module>
[2026-04-30 16:02:16.102] [info] [LiDAR-Camera] [:] [MIAS-LCEC] 子进程:     from .transformer import TransformerEncoder, TransformerDecoder, \
[2026-04-30 16:02:16.102] [info] [LiDAR-Camera] [:] [MIAS-LCEC] 子进程:   File "/usr/local/lib/python3.10/dist-packages/torch/nn/modules/transformer.py", line 20, in <module>
[2026-04-30 16:02:16.102] [info] [LiDAR-Camera] [:] [MIAS-LCEC] 子进程:     device: torch.device = torch.device(torch._C._get_default_device()),  # torch.device('cpu'),
[2026-04-30 16:02:16.102] [info] [LiDAR-Camera] [:] [MIAS-LCEC] 子进程: /usr/local/lib/python3.10/dist-packages/torch/nn/modules/transformer.py:20: UserWarning: Failed to initialize NumPy: _ARRAY_API not found (Triggered internally at ../torch/csrc/utils/tensor_numpy.cpp:84.)
[2026-04-30 16:02:16.102] [info] [LiDAR-Camera] [:] [MIAS-LCEC] 子进程:   device: torch.device = torch.device(torch._C._get_default_device()),  # torch.device('cpu'),
[2026-04-30 16:02:17.195] [info] [LiDAR-Camera] [:] [MIAS-LCEC] 子进程: /usr/local/lib/python3.10/dist-packages/timm/models/layers/__init__.py:49: FutureWarning: Importing from timm.models.layers is deprecated, please import via timm.layers
[2026-04-30 16:02:17.195] [info] [LiDAR-Camera] [:] [MIAS-LCEC] 子进程:   warnings.warn(f"Importing from {__name__} is deprecated, please import via timm.layers", FutureWarning)
[2026-04-30 16:02:17.195] [info] [LiDAR-Camera] [:] [MIAS-LCEC] 子进程: /usr/local/lib/python3.10/dist-packages/timm/models/registry.py:4: FutureWarning: Importing from timm.models.registry is deprecated, please import via timm.models
[2026-04-30 16:02:17.195] [info] [LiDAR-Camera] [:] [MIAS-LCEC] 子进程:   warnings.warn(f"Importing from {__name__} is deprecated, please import via timm.models", FutureWarning)
[2026-04-30 16:02:17.195] [info] [LiDAR-Camera] [:] [MIAS-LCEC] 子进程: /root/calib_ws/calib_unified/thirdparty/MobileSAM/mobile_sam/modeling/tiny_vit_sam.py:656: UserWarning: Overwriting tiny_vit_5m_224 in registry with mobile_sam.modeling.tiny_vit_sam.tiny_vit_5m_224. This is because the name being registered conflicts with an existing name. Please check if this is not expected.
[2026-04-30 16:02:17.195] [info] [LiDAR-Camera] [:] [MIAS-LCEC] 子进程:   return register_model(fn_wrapper)
[2026-04-30 16:02:17.195] [info] [LiDAR-Camera] [:] [MIAS-LCEC] 子进程: /root/calib_ws/calib_unified/thirdparty/MobileSAM/mobile_sam/modeling/tiny_vit_sam.py:656: UserWarning: Overwriting tiny_vit_11m_224 in registry with mobile_sam.modeling.tiny_vit_sam.tiny_vit_11m_224. This is because the name being registered conflicts with an existing name. Please check if this is not expected.
[2026-04-30 16:02:17.195] [info] [LiDAR-Camera] [:] [MIAS-LCEC] 子进程:   return register_model(fn_wrapper)
[2026-04-30 16:02:17.195] [info] [LiDAR-Camera] [:] [MIAS-LCEC] 子进程: /root/calib_ws/calib_unified/thirdparty/MobileSAM/mobile_sam/modeling/tiny_vit_sam.py:656: UserWarning: Overwriting tiny_vit_21m_224 in registry with mobile_sam.modeling.tiny_vit_sam.tiny_vit_21m_224. This is because the name being registered conflicts with an existing name. Please check if this is not expected.
[2026-04-30 16:02:17.195] [info] [LiDAR-Camera] [:] [MIAS-LCEC] 子进程:   return register_model(fn_wrapper)
[2026-04-30 16:02:17.195] [info] [LiDAR-Camera] [:] [MIAS-LCEC] 子进程: /root/calib_ws/calib_unified/thirdparty/MobileSAM/mobile_sam/modeling/tiny_vit_sam.py:656: UserWarning: Overwriting tiny_vit_21m_384 in registry with mobile_sam.modeling.tiny_vit_sam.tiny_vit_21m_384. This is because the name being registered conflicts with an existing name. Please check if this is not expected.
[2026-04-30 16:02:17.195] [info] [LiDAR-Camera] [:] [MIAS-LCEC] 子进程:   return register_model(fn_wrapper)
[2026-04-30 16:02:17.195] [info] [LiDAR-Camera] [:] [MIAS-LCEC] 子进程: /root/calib_ws/calib_unified/thirdparty/MobileSAM/mobile_sam/modeling/tiny_vit_sam.py:656: UserWarning: Overwriting tiny_vit_21m_512 in registry with mobile_sam.modeling.tiny_vit_sam.tiny_vit_21m_512. This is because the name being registered conflicts with an existing name. Please check if this is not expected.
[2026-04-30 16:02:17.195] [info] [LiDAR-Camera] [:] [MIAS-LCEC] 子进程:   return register_model(fn_wrapper)
[2026-04-30 16:02:17.200] [info] [LiDAR-Camera] [:] [MIAS-LCEC] 子进程: [2026-04-30 16:02:17.200] [INFO] 已写出 quality_report.yaml: /tmp/mias_work/output/quality_report.yaml
[2026-04-30 16:02:17.200] [info] [LiDAR-Camera] [:] [MIAS-LCEC] 子进程: [2026-04-30 16:02:17.200] [INFO] 粗标定完成  方法=identity  耗时=1.50s  输出=/tmp/mias_work/output/extrinsic_result.yaml
[2026-04-30 16:02:17.200] [info] [LiDAR-Camera] [:] [MIAS-LCEC] 子进程: [2026-04-30 16:02:17.200] [INFO] [粗标定] ★ 最终: 使用恒等外参 (identity)，未使用深度模型
[2026-04-30 16:02:17.200] [info] [LiDAR-Camera] [:] [MIAS-LCEC] 子进程: [2026-04-30 16:02:17.200] [INFO] ======== 粗标定结束 ========
[2026-04-30 16:02:17.200] [info] [LiDAR-Camera] [:] [MIAS-LCEC] 子进程: [2026-04-30 16:02:17.200] [WARNING] [粗标定] 诊断摘要: 未使用深度模型 (method=identity)，详见上方 [MIAS_LCEC_INFER] 错误与修复建议
[2026-04-30 16:02:17.200] [info] [LiDAR-Camera] [:] [MIAS-LCEC] 子进程: [run_lidar_cam_coarse] OK  method=identity  output=/tmp/mias_work/output/extrinsic_result.yaml  elapsed_s=1.50
[2026-04-30 16:02:17.649] [info] [LiDAR-Camera] [:] [AI-Exec] 子进程完整输出已保存到: /tmp/mias_work/subprocess_1777536135.log
[2026-04-30 16:02:17.649] [info] [LiDAR-Camera] [:] [MIAS-LCEC] 子进程结束  exit_code=0  elapsed_ms=2037  output_exists=yes
[2026-04-30 16:02:17.649] [info] [LiDAR-Camera] [:] [MIAS-LCEC] 粗标定方法: identity)，详见上方 (由子进程 stdout 解析)
[2026-04-30 16:02:17.649] [warning] [LiDAR-Camera] [:] [MIAS-LCEC] ★ 粗标定未使用深度模型，结果来自几何回退(identity)，详见上方)；原因见上方子进程日志或 子进程完整输出
[2026-04-30 16:02:17.650] [info] [LiDAR-Camera] [:] [MIAS-LCEC] 解析结果  t=[0.0000, 0.0000, 0.0000]  is_identity=true
[2026-04-30 16:02:17.650] [info] [LiDAR-Camera] [:] [MIAS-LCEC] 第 2 次尝试仍为 identity，使用该结果
[2026-04-30 16:02:17.650] [info] [LiDAR-Camera] [:] [MIAS-LCEC] 粗估外参 最终: t=[0.0000, 0.0000, 0.0000]m  is_identity=true  output=/tmp/mias_work/output/extrinsic_result.yaml (重试后)
[2026-04-30 16:02:17.650] [info] [LiDAR-Camera] [:] [MIAS-LCEC] 粗标定结果来源: identity)，详见上方 (mias_lcec=深度模型, pnp=几何回退, identity=恒等)
[2026-04-30 16:02:17.650] [warning] [LiDAR-Camera] [:] [MIAS-LCEC] 粗标定输出为 identity；精标定可能无法收敛。建议: 1) 查看上方 [PnP] 日志确认网格/回退是否成功 2) 配置 model_path 尝试深度模型 3) 检查内参与数据
[2026-04-30 16:02:17.650] [info] [LiDAR-Camera] [:]   ✓ AI粗标定成功: t=[0.000,0.000,0.000]m
[2026-04-30 16:02:17.650] [info] [LiDAR-Camera] [:]   [Stage 1] 结果: 成功  初值将用于精标定
[2026-04-30 16:02:17.650] [info] [LiDAR-Camera] [:]   [Stage 1] 结果: 成功  精标定初值已就绪
[2026-04-30 16:02:17.650] [info] [LiDAR-Camera] [:] ▶ Stage 2: 精标定 (方法=edge)
[2026-04-30 16:02:17.652] [info] [LiDAR-Camera] [:] ▶ Stage 3: 手动校准 (manual_threshold=2.00px)
[2026-04-30 16:02:17.652] [info] [LiDAR-Camera] [:]   使用 ManualCalibSession 进行 6-DOF 交互式调整
[2026-04-30 16:02:17.652] [info] [LiDAR-Camera] [:]   调用示例:
[2026-04-30 16:02:17.652] [info] [LiDAR-Camera] [:]     ManualCalibSession::SessionConfig sess_cfg;
[2026-04-30 16:02:17.652] [info] [LiDAR-Camera] [:]     sess_cfg.save_dir = "./results/manual_sessions";
[2026-04-30 16:02:17.652] [info] [LiDAR-Camera] [:]     ManualCalibSession session(sess_cfg);
[2026-04-30 16:02:17.652] [info] [LiDAR-Camera] [:]     auto result = session.run_lidar_cam(scan, image, intrin, auto_result, auto_rms);
[2026-04-30 16:02:17.652] [info] [LiDAR-Camera] [:] 
[2026-04-30 16:02:17.652] [info] [LiDAR-Camera] [:] ╔═══════════════════════════════════════════════╗
[2026-04-30 16:02:17.653] [info] [LiDAR-Camera] [:] ║   UniCalib 两阶段标定流水线 — 开始            ║
[2026-04-30 16:02:17.653] [info] [LiDAR-Camera] [:] ║   Pipeline ID: pipeline_20260430_160139       ║
[2026-04-30 16:02:17.653] [info] [LiDAR-Camera] [:] ╚═══════════════════════════════════════════════╝
[2026-04-30 16:02:17.653] [info] [LiDAR-Camera] [:] [Coarse-AI/LiDAR-Cam] enable_coarse_lidar_cam=true → do_coarse=true
[16:02:17.654] [info] 
[16:02:17.654] [info] ━━━━━━━━━━━━━━━━━━━━━━━━━━━━━━━━━━━━━━━━━
[16:02:17.654] [info] ▶ 开始阶段: [Coarse-AI] 任务: [lidar_cam_extrin]
[16:02:17.654] [info]   描述: AI模型提供初始估计值
[16:02:17.654] [info] ━━━━━━━━━━━━━━━━━━━━━━━━━━━━━━━━━━━━━━━━━
[16:02:17.654] [info] [CALC] 粗标定阶段开始 task=lidar_cam_extrin
[16:02:17.654] [info] [Coarse-AI/LiDAR-Cam] 使用主程序已注入的粗标定结果 t=[0.000,0.000,0.000]m，精标定将以此起步
[16:02:17.654] [info] ━━━━━━━━━━━━━━━━━━━━━━━━━━━━━━━━━━━━━━━━━
[16:02:17.654] [info] ■ 结束阶段: [Coarse-AI] 任务: [lidar_cam_extrin]
[16:02:17.654] [info]   结果: ✓ 成功 | 残差RMS: 0.0000 | 耗时: 0 ms
[16:02:17.654] [info]   消息: 使用主程序 Stage1 粗标定结果，作为精标定初值
[16:02:17.654] [info] [CALC] 阶段结束 stage=Coarse-AI task=lidar_cam_extrin success=true residual_rms=0.000000 elapsed_ms=0.0 threshold=-1.0000
[16:02:17.654] [info] ━━━━━━━━━━━━━━━━━━━━━━━━━━━━━━━━━━━━━━━━━
[16:02:17.654] [info] 
[16:02:17.654] [info] ━━━━━━━━━━━━━━━━━━━━━━━━━━━━━━━━━━━━━━━━━
[16:02:17.654] [info] ▶ 开始阶段: [Fine-Auto] 任务: [lidar_cam_extrin]
[16:02:17.654] [info]   描述: 无目标优化
[16:02:17.654] [info] ━━━━━━━━━━━━━━━━━━━━━━━━━━━━━━━━━━━━━━━━━
[16:02:17.654] [info] [CALC] 精标定阶段开始 task=lidar_cam_extrin
[16:02:17.654] [info] [Fine-Auto] 任务: lidar_cam_extrin | 无目标优先: true
[16:02:17.654] [info] [Fine-Auto] 方法: 边缘对齐互信息 (EDGE_ALIGNMENT, 无目标)
[16:02:17.654] [info] [STAGE=lidar_cam_fine_auto] LiDAR-Camera 精标定 开始
[16:02:17.654] [info] [Fine-Auto/LiDAR-Cam] 开始执行精标定...
[16:02:17.654] [info]   [精标定数据源] 类型=ROS2_BAG  lidar_id=lidar_front
[16:02:17.654] [info]   ROS2 Bag: /root/calib_ws/data/nya_02_slam_imu_to_lidar/nya_02_ros2  LiDAR 话题: /os1_cloud_node1/points  相机话题: /left/image_raw
[16:02:17.654] [info] [Fine-Auto/LiDAR-Cam] 从 ROS2 加载数据...
[16:02:17.654] [info] [UnifiedDataLoader] 从 ROS2 加载数据...
[16:02:17.654] [info]   Bag 文件: /root/calib_ws/data/nya_02_slam_imu_to_lidar/nya_02_ros2
[16:02:17.654] [info]   实时模式: false
[16:02:17.654] [info] [Ros2BagDataSource] 打开 bag 文件: /root/calib_ws/data/nya_02_slam_imu_to_lidar/nya_02_ros2
[16:02:17.654] [info] [Ros2BagDataSource] 正在读取 metadata.yaml: /root/calib_ws/data/nya_02_slam_imu_to_lidar/nya_02_ros2/metadata.yaml
[16:02:17.657] [debug] [Ros2BagDataSource] 找到话题: /dji_sdk/imu (类型: sensor_msgs/msg/Imu, 消息数: 171462)
[16:02:17.657] [debug] [Ros2BagDataSource] 找到话题: /dji_sdk/attitude (类型: geometry_msgs/msg/QuaternionStamped, 消息数: 42866)
[16:02:17.657] [debug] [Ros2BagDataSource] 找到话题: /os1_cloud_node2/imu (类型: sensor_msgs/msg/Imu, 消息数: 42862)
[16:02:17.657] [debug] [Ros2BagDataSource] 找到话题: /os1_cloud_node1/imu (类型: sensor_msgs/msg/Imu, 消息数: 42862)
[16:02:17.657] [debug] [Ros2BagDataSource] 找到话题: /imu/imu (类型: sensor_msgs/msg/Imu, 消息数: 166428)
[16:02:17.657] [debug] [Ros2BagDataSource] 找到话题: /imu/magnetic_field (类型: sensor_msgs/msg/MagneticField, 消息数: 166428)
[16:02:17.657] [debug] [Ros2BagDataSource] 找到话题: /imu/temperature (类型: sensor_msgs/msg/Temperature, 消息数: 166428)
[16:02:17.657] [debug] [Ros2BagDataSource] 找到话题: /dji_sdk/gps_position (类型: sensor_msgs/msg/NavSatFix, 消息数: 21433)
[16:02:17.657] [debug] [Ros2BagDataSource] 找到话题: /dji_sdk/height_above_takeoff (类型: std_msgs/msg/Float32, 消息数: 21433)
[16:02:17.657] [debug] [Ros2BagDataSource] 找到话题: /dji_sdk/gps_health (类型: std_msgs/msg/UInt8, 消息数: 21433)
[16:02:17.657] [debug] [Ros2BagDataSource] 找到话题: /uwb_endorange_info (类型: uwb_driver/msg/UwbRange, 消息数: 25172)
[16:02:17.657] [debug] [Ros2BagDataSource] 找到话题: /left/image_raw (类型: sensor_msgs/msg/Image, 消息数: 4285)
[16:02:17.657] [debug] [Ros2BagDataSource] 找到话题: /right/image_raw (类型: sensor_msgs/msg/Image, 消息数: 4285)
[16:02:17.657] [debug] [Ros2BagDataSource] 找到话题: /os1_cloud_node1/points (类型: sensor_msgs/msg/PointCloud2, 消息数: 4287)
[16:02:17.657] [debug] [Ros2BagDataSource] 找到话题: /os1_cloud_node2/points (类型: sensor_msgs/msg/PointCloud2, 消息数: 4286)
[16:02:17.657] [debug] [Ros2BagDataSource] 找到话题: /uwb_exorange_info (类型: uwb_driver/msg/UwbEcho, 消息数: 2437)
[16:02:17.657] [debug] [Ros2BagDataSource] 找到话题: /node_pos_marker_sc (类型: visualization_msgs/msg/Marker, 消息数: 2437)
[16:02:17.657] [debug] [Ros2BagDataSource] 找到话题: /node_pos_sc (类型: nav_msgs/msg/Path, 消息数: 2437)
[16:02:17.657] [debug] [Ros2BagDataSource] 找到话题: /leica/pose/relative (类型: geometry_msgs/msg/PoseStamped, 消息数: 7679)
[16:02:17.657] [info] [Ros2BagDataSource] 使用配置的 LiDAR 话题: /os1_cloud_node1/points
[16:02:17.657] [info] [Ros2BagDataSource] 使用配置的相机话题: /left/image_raw
[16:02:17.657] [info] [Ros2BagDataSource] 使用配置的 IMU 话题: /imu/imu
[INFO] [1777536137.670460728] [rosbag2_storage]: Opened database '/root/calib_ws/data/nya_02_slam_imu_to_lidar/nya_02_ros2/nya_02_ros2.db3' for READ_ONLY.
[16:02:17.670] [info] [Ros2BagDataSource] Bag 已打开，开始读取消息...
[16:02:17.670] [info] [Ros2BagDataSource] 找到 19 个话题
[16:02:17.670] [info] [Ros2BagDataSource]  话题: /dji_sdk/imu  类型: sensor_msgs/msg/Imu  消息数: 171462
[16:02:17.670] [info] [Ros2BagDataSource]  话题: /dji_sdk/attitude  类型: geometry_msgs/msg/QuaternionStamped  消息数: 42866
[16:02:17.670] [info] [Ros2BagDataSource]  话题: /os1_cloud_node2/imu  类型: sensor_msgs/msg/Imu  消息数: 42862
[16:02:17.670] [info] [Ros2BagDataSource]  话题: /os1_cloud_node1/imu  类型: sensor_msgs/msg/Imu  消息数: 42862
[16:02:17.670] [info] [Ros2BagDataSource]  话题: /imu/imu  类型: sensor_msgs/msg/Imu  消息数: 166428
[16:02:17.670] [info] [Ros2BagDataSource]  话题: /imu/magnetic_field  类型: sensor_msgs/msg/MagneticField  消息数: 166428
[16:02:17.670] [info] [Ros2BagDataSource]  话题: /imu/temperature  类型: sensor_msgs/msg/Temperature  消息数: 166428
[16:02:17.670] [info] [Ros2BagDataSource]  话题: /dji_sdk/gps_position  类型: sensor_msgs/msg/NavSatFix  消息数: 21433
[16:02:17.670] [info] [Ros2BagDataSource]  话题: /dji_sdk/height_above_takeoff  类型: std_msgs/msg/Float32  消息数: 21433
[16:02:17.670] [info] [Ros2BagDataSource]  话题: /dji_sdk/gps_health  类型: std_msgs/msg/UInt8  消息数: 21433
[16:02:17.670] [info] [Ros2BagDataSource]  话题: /uwb_endorange_info  类型: uwb_driver/msg/UwbRange  消息数: 25172
[16:02:17.670] [info] [Ros2BagDataSource]  话题: /left/image_raw  类型: sensor_msgs/msg/Image  消息数: 4285
[16:02:17.670] [info] [Ros2BagDataSource]  话题: /right/image_raw  类型: sensor_msgs/msg/Image  消息数: 4285
[16:02:17.670] [info] [Ros2BagDataSource]  话题: /os1_cloud_node1/points  类型: sensor_msgs/msg/PointCloud2  消息数: 4287
[16:02:17.670] [info] [Ros2BagDataSource]  话题: /os1_cloud_node2/points  类型: sensor_msgs/msg/PointCloud2  消息数: 4286
[16:02:17.670] [info] [Ros2BagDataSource]  话题: /uwb_exorange_info  类型: uwb_driver/msg/UwbEcho  消息数: 2437
[16:02:17.670] [info] [Ros2BagDataSource]  话题: /node_pos_marker_sc  类型: visualization_msgs/msg/Marker  消息数: 2437
[16:02:17.670] [info] [Ros2BagDataSource]  话题: /node_pos_sc  类型: nav_msgs/msg/Path  消息数: 2437
[16:02:17.670] [info] [Ros2BagDataSource]  话题: /leica/pose/relative  类型: geometry_msgs/msg/PoseStamped  消息数: 7679
[16:02:17.670] [info] [Ros2BagDataSource] 将加载 bag 内所有 IMU / LiDAR / 相机话题，加载后可通过 sensor_id 或话题名选择使用
[16:02:19.100] [debug]   收集 IMU [/dji_sdk/imu] 帧数: 5000
[16:02:19.170] [debug]   收集 IMU [/imu/imu] 帧数: 5000
[16:02:20.505] [debug]   收集 IMU [/dji_sdk/imu] 帧数: 10000
[16:02:20.678] [debug]   收集 IMU [/imu/imu] 帧数: 10000
[16:02:21.927] [debug]   收集 IMU [/dji_sdk/imu] 帧数: 15000
[16:02:22.101] [debug]   收集 IMU [/imu/imu] 帧数: 15000
[16:02:23.362] [debug]   收集 LiDAR [/os1_cloud_node1/points] 帧数: 500
[16:02:23.364] [debug]   收集 LiDAR [/os1_cloud_node2/points] 帧数: 500
[16:02:23.369] [debug]   收集相机 [/left/image_raw] 帧数: 500
[16:02:23.372] [debug]   收集相机 [/right/image_raw] 帧数: 500
[16:02:23.372] [debug]   收集 IMU [/dji_sdk/imu] 帧数: 20000
[16:02:23.372] [debug]   收集 IMU [/os1_cloud_node1/imu] 帧数: 5000
[16:02:23.372] [debug]   收集 IMU [/os1_cloud_node2/imu] 帧数: 5000
[16:02:23.628] [debug]   收集 IMU [/imu/imu] 帧数: 20000
[16:02:24.801] [debug]   收集 IMU [/dji_sdk/imu] 帧数: 25000
[16:02:25.036] [debug]   收集 IMU [/imu/imu] 帧数: 25000
[16:02:26.230] [debug]   收集 IMU [/dji_sdk/imu] 帧数: 30000
[16:02:26.595] [debug]   收集 IMU [/imu/imu] 帧数: 30000
[16:02:27.730] [debug]   收集 IMU [/dji_sdk/imu] 帧数: 35000
[16:02:28.034] [debug]   收集 IMU [/imu/imu] 帧数: 35000
[16:02:29.150] [debug]   收集 LiDAR [/os1_cloud_node1/points] 帧数: 1000
[16:02:29.152] [debug]   收集 LiDAR [/os1_cloud_node2/points] 帧数: 1000
[16:02:29.157] [debug]   收集相机 [/left/image_raw] 帧数: 1000
[16:02:29.161] [debug]   收集相机 [/right/image_raw] 帧数: 1000
[16:02:29.161] [debug]   收集 IMU [/dji_sdk/imu] 帧数: 40000
[16:02:29.161] [debug]   收集 IMU [/os1_cloud_node1/imu] 帧数: 10000
[16:02:29.161] [debug]   收集 IMU [/os1_cloud_node2/imu] 帧数: 10000
[16:02:29.642] [debug]   收集 IMU [/imu/imu] 帧数: 40000
[16:02:30.304] [debug]   收集 IMU [/dji_sdk/imu] 帧数: 45000
[16:02:30.426] [debug]   收集 IMU [/imu/imu] 帧数: 45000
[16:02:30.705] [debug]   收集 IMU [/dji_sdk/imu] 帧数: 50000
[16:02:30.829] [debug]   收集 IMU [/imu/imu] 帧数: 50000
[16:02:31.155] [debug]   收集 IMU [/dji_sdk/imu] 帧数: 55000
[16:02:31.778] [debug]   收集 IMU [/imu/imu] 帧数: 55000
[16:02:32.797] [debug]   收集 LiDAR [/os1_cloud_node1/points] 帧数: 1500
[16:02:32.798] [debug]   收集 LiDAR [/os1_cloud_node2/points] 帧数: 1500
[16:02:32.799] [debug]   收集 IMU [/dji_sdk/imu] 帧数: 60000
[16:02:32.804] [debug]   收集相机 [/left/image_raw] 帧数: 1500
[16:02:32.810] [debug]   收集相机 [/right/image_raw] 帧数: 1500
[16:02:32.810] [debug]   收集 IMU [/os1_cloud_node1/imu] 帧数: 15000
[16:02:32.810] [debug]   收集 IMU [/os1_cloud_node2/imu] 帧数: 15000
[16:02:33.453] [debug]   收集 IMU [/imu/imu] 帧数: 60000
[16:02:34.226] [debug]   收集 IMU [/dji_sdk/imu] 帧数: 65000
[16:02:34.892] [debug]   收集 IMU [/imu/imu] 帧数: 65000
[16:02:35.727] [debug]   收集 IMU [/dji_sdk/imu] 帧数: 70000
[16:02:36.454] [debug]   收集 IMU [/imu/imu] 帧数: 70000
[16:02:37.342] [debug]   收集 IMU [/dji_sdk/imu] 帧数: 75000
[16:02:38.069] [debug]   收集 IMU [/imu/imu] 帧数: 75000
[16:02:38.485] [debug]   收集 LiDAR [/os1_cloud_node1/points] 帧数: 2000
[16:02:38.488] [debug]   收集 LiDAR [/os1_cloud_node2/points] 帧数: 2000
[16:02:38.489] [debug]   收集 IMU [/dji_sdk/imu] 帧数: 80000
[16:02:38.489] [debug]   收集 IMU [/os1_cloud_node1/imu] 帧数: 20000
[16:02:38.489] [debug]   收集 IMU [/os1_cloud_node2/imu] 帧数: 20000
[16:02:38.491] [debug]   收集相机 [/left/image_raw] 帧数: 2000
[16:02:38.491] [debug]   收集相机 [/right/image_raw] 帧数: 2000
[16:02:38.727] [debug]   收集 IMU [/imu/imu] 帧数: 80000
[16:02:38.950] [debug]   收集 IMU [/dji_sdk/imu] 帧数: 85000
[16:02:39.172] [debug]   收集 IMU [/imu/imu] 帧数: 85000
[16:02:39.358] [debug]   收集 IMU [/dji_sdk/imu] 帧数: 90000
[16:02:39.598] [debug]   收集 IMU [/imu/imu] 帧数: 90000
[16:02:39.783] [debug]   收集 IMU [/dji_sdk/imu] 帧数: 95000
[16:02:40.103] [debug]   收集 IMU [/imu/imu] 帧数: 95000
[16:02:40.273] [debug]   收集 LiDAR [/os1_cloud_node1/points] 帧数: 2500
[16:02:40.275] [debug]   收集 LiDAR [/os1_cloud_node2/points] 帧数: 2500
[16:02:40.275] [debug]   收集 IMU [/dji_sdk/imu] 帧数: 100000
[16:02:40.275] [debug]   收集 IMU [/os1_cloud_node1/imu] 帧数: 25000
[16:02:40.275] [debug]   收集 IMU [/os1_cloud_node2/imu] 帧数: 25000
[16:02:40.277] [debug]   收集相机 [/left/image_raw] 帧数: 2500
[16:02:40.277] [debug]   收集相机 [/right/image_raw] 帧数: 2500
[16:02:40.573] [debug]   收集 IMU [/imu/imu] 帧数: 100000
[16:02:40.738] [debug]   收集 IMU [/dji_sdk/imu] 帧数: 105000
[16:02:41.015] [debug]   收集 IMU [/imu/imu] 帧数: 105000
[16:02:41.153] [debug]   收集 IMU [/dji_sdk/imu] 帧数: 110000
[16:02:41.426] [debug]   收集 IMU [/imu/imu] 帧数: 110000
[16:02:41.570] [debug]   收集 IMU [/dji_sdk/imu] 帧数: 115000
[16:02:41.935] [debug]   收集 IMU [/imu/imu] 帧数: 115000
[16:02:42.059] [debug]   收集 LiDAR [/os1_cloud_node1/points] 帧数: 3000
[16:02:42.062] [debug]   收集 LiDAR [/os1_cloud_node2/points] 帧数: 3000
[16:02:42.062] [debug]   收集 IMU [/dji_sdk/imu] 帧数: 120000
[16:02:42.063] [debug]   收集 IMU [/os1_cloud_node1/imu] 帧数: 30000
[16:02:42.063] [debug]   收集 IMU [/os1_cloud_node2/imu] 帧数: 30000
[16:02:42.064] [debug]   收集相机 [/left/image_raw] 帧数: 3000
[16:02:42.064] [debug]   收集相机 [/right/image_raw] 帧数: 3000
[16:02:42.360] [debug]   收集 IMU [/imu/imu] 帧数: 120000
[16:02:42.466] [debug]   收集 IMU [/dji_sdk/imu] 帧数: 125000
[16:02:42.877] [debug]   收集 IMU [/imu/imu] 帧数: 125000
[16:02:43.030] [debug]   收集 IMU [/dji_sdk/imu] 帧数: 130000
[16:02:43.464] [debug]   收集 IMU [/imu/imu] 帧数: 130000
[16:02:43.577] [debug]   收集 IMU [/dji_sdk/imu] 帧数: 135000
[16:02:43.931] [debug]   收集 IMU [/imu/imu] 帧数: 135000
[16:02:44.024] [debug]   收集 LiDAR [/os1_cloud_node1/points] 帧数: 3500
[16:02:44.025] [debug]   收集 LiDAR [/os1_cloud_node2/points] 帧数: 3500
[16:02:44.027] [debug]   收集 IMU [/dji_sdk/imu] 帧数: 140000
[16:02:44.027] [debug]   收集 IMU [/os1_cloud_node1/imu] 帧数: 35000
[16:02:44.027] [debug]   收集 IMU [/os1_cloud_node2/imu] 帧数: 35000
[16:02:44.030] [debug]   收集相机 [/left/image_raw] 帧数: 3500
[16:02:44.030] [debug]   收集相机 [/right/image_raw] 帧数: 3500
[16:02:44.397] [debug]   收集 IMU [/imu/imu] 帧数: 140000
[16:02:44.454] [debug]   收集 IMU [/dji_sdk/imu] 帧数: 145000
[16:02:45.112] [debug]   收集 IMU [/imu/imu] 帧数: 145000
[16:02:45.186] [debug]   收集 IMU [/dji_sdk/imu] 帧数: 150000
[16:02:45.889] [debug]   收集 IMU [/imu/imu] 帧数: 150000
[16:02:45.971] [debug]   收集 IMU [/dji_sdk/imu] 帧数: 155000
[16:02:46.583] [debug]   收集 IMU [/imu/imu] 帧数: 155000
[16:02:46.617] [debug]   收集 LiDAR [/os1_cloud_node1/points] 帧数: 4000
[16:02:46.618] [debug]   收集 LiDAR [/os1_cloud_node2/points] 帧数: 4000
[16:02:46.619] [debug]   收集 IMU [/dji_sdk/imu] 帧数: 160000
[16:02:46.620] [debug]   收集 IMU [/os1_cloud_node1/imu] 帧数: 40000
[16:02:46.620] [debug]   收集 IMU [/os1_cloud_node2/imu] 帧数: 40000
[16:02:46.622] [debug]   收集相机 [/left/image_raw] 帧数: 4000
[16:02:46.623] [debug]   收集相机 [/right/image_raw] 帧数: 4000
[16:02:47.305] [debug]   收集 IMU [/imu/imu] 帧数: 160000
[16:02:47.315] [debug]   收集 IMU [/dji_sdk/imu] 帧数: 165000
[16:02:49.733] [debug]   收集 IMU [/imu/imu] 帧数: 165000
[16:02:49.735] [debug]   收集 IMU [/dji_sdk/imu] 帧数: 170000
[16:02:50.636] [info] [Ros2BagDataSource] 加载完成 (所有话题按话题名存储，可通过 sensor_id 或话题名选择):
[16:02:50.636] [info]   LiDAR [/os1_cloud_node1/points]: 4287 帧
[16:02:50.636] [info]   LiDAR [/os1_cloud_node2/points]: 4286 帧
[16:02:50.636] [info]   相机 [/left/image_raw]: 4285 帧
[16:02:50.636] [info]   相机 [/right/image_raw]: 4285 帧
[16:02:50.636] [info]   IMU [/dji_sdk/imu]: 171462 帧
[16:02:50.636] [info]   IMU [/imu/imu]: 166428 帧
[16:02:50.636] [info]   IMU [/os1_cloud_node1/imu]: 42862 帧
[16:02:50.636] [info]   IMU [/os1_cloud_node2/imu]: 42862 帧
[16:02:50.636] [info]   选用 LiDAR  lidar_front -> /os1_cloud_node1/points
[16:02:50.636] [info]   选用 相机  cam_left -> /left/image_raw
[16:02:50.636] [info]   选用 IMU    imu_0 -> /imu/imu
[16:02:50.637] [info]   时间范围: 1609045331.127 - 1609045759.771 秒
[16:02:50.637] [info] [Ros2BagDataSource] 应用采样/帧数限制...
[16:02:50.702] [info]   LiDAR /os1_cloud_node1/points 采样后: 800 帧
[16:02:50.728] [info]   LiDAR /os1_cloud_node2/points 采样后: 800 帧
[16:02:50.752] [info]   相机 /left/image_raw 采样后: 800 帧
[16:02:50.785] [info]   相机 /right/image_raw 采样后: 800 帧
[16:02:50.811] [info] [Fine-Auto/LiDAR-Cam] LiDAR 加载完成: 800 帧 (将按相机逐路取帧)
[16:02:50.812] [info] 读取相机内参: ./results/camera_intrinsic/camera_intrinsic_cam_left.yaml
[16:02:50.813] [info]   fx=425.03 fy=426.80 cx=386.02 cy=241.91 dist=4
[16:02:50.813] [info] [Fine-Auto/LiDAR-Cam] 步骤: LiDAR-Camera 标定 相机=cam_left (方法: 边缘对齐)
[16:02:50.896] [info] [CalibVisualizer] 初始化完成
[16:02:50.896] [info] [Fine-Auto/LiDAR-Cam] 可视化已启用：仅标定结束后显示一帧「图像+点云投影」叠加，不创建 3D 窗口、不泵送其他帧
[16:02:50.897] [info] [Fine-Auto/LiDAR-Cam] 从配置重新读取粗标定初值 t=[0.091,-0.018,-0.018]m
[16:02:50.897] [info] [Fine-Auto/LiDAR-Cam] 使用粗标定初值 t=[0.091,-0.018,-0.018]m
[16:02:50.897] [info] [Fine-Auto/LiDAR-Cam] 执行标定 相机=cam_left: 点云 800 帧  图像 800 帧
[16:02:50.897] [info] ╔══════════════════════════════════════════════════════════════════╗
[16:02:50.897] [info] ║         LiDAR-Camera 两阶段标定 - 详细日志                  ║
[16:02:50.897] [info] ╚══════════════════════════════════════════════════════════════════╝
[16:02:50.897] [info] ┌────────────────────────────────────────────────────────────────┐
[16:02:50.897] [info] │ 输入参数:
[16:02:50.897] [info] │   - LiDAR ID: lidar_front  图像 ID: cam_left
[16:02:50.897] [info] │   - 点云帧数: 800  图像帧数: 800
[16:02:50.897] [info] │   - 图像尺寸: 752x480
[16:02:50.897] [info] │   - 相机内参: fx=425.03 fy=426.80 cx=386.02 cy=241.91
[16:02:50.897] [info] │   - 优先无目标方法: 是(边缘对齐)
[16:02:50.897] [info] │   - 粗标定初值: 已提供
[16:02:50.897] [info] │   - 初始平移: [0.0907, -0.0177, -0.0176] m
[16:02:50.897] [info] └────────────────────────────────────────────────────────────────┘
[16:02:50.897] [info] 
[16:02:50.897] [info] ┌────────────────────────────────────────────────────────────────┐
[16:02:50.897] [info] │ [Stage 1] 粗标定阶段
[16:02:50.897] [info] └────────────────────────────────────────────────────────────────┘
[16:02:50.898] [info] │ [Coarse] 使用提供的初始值:
[16:02:50.898] [info] │   - 平移向量: [0.0907, -0.0177, -0.0176] m
[16:02:50.898] [info] │   - 旋转角度: [90.44, 1.85, 89.28] deg (RPY)
[16:02:50.898] [info] │   - 变换范数: 0.0941
[16:02:50.898] [info] └────────────────────────────────────────────────────────────────┘
[16:02:50.898] [info] 
[16:02:50.898] [info] ┌────────────────────────────────────────────────────────────────┐
[16:02:50.898] [info] │ [Stage 2] 精标定阶段
[16:02:50.898] [info] └────────────────────────────────────────────────────────────────┘
[16:02:50.898] [info] │ [Fine] 执行边缘对齐优化...
[16:02:50.898] [info] │ 配置: NCC阈值=0.050 帧同步阈值=0.500s 时间偏移搜索范围=±0.500s
[16:02:50.899] [info] ┌────────────────────────────────────────────────────────────────┐
[16:02:50.899] [info] │ [精标定] 边缘对齐法 (Edge Alignment)                        │
[16:02:50.899] [info] ├────────────────────────────────────────────────────────────────┤
[16:02:50.899] [info] │ 初始值: 粗标定提供 (identity=false)
[16:02:50.899] [info] │   平移: [0.0907, -0.0177, -0.0176] m
[16:02:50.899] [info] │   旋转: [90.44, 1.85, 89.28] deg
[16:02:50.899] [info] │ 数据: 点云帧=800 图像帧=800 采样=30 尺寸=752x480
[16:02:50.899] [info] │ 时间: 图像[1609045331.179-1609045730.796]s LiDAR[1609045331.148-1609045730.640]s
[16:02:50.899] [info] │ 配置: 同步阈值=0.500s 边缘Canny(50, 150) NCC阈值=0.050
[16:02:50.899] [info] │ 特征权重: edge=0.50 corner=0.30 intensity=0.20
[16:02:50.899] [info] └────────────────────────────────────────────────────────────────┘
[16:02:52.142] [info] │ [时间偏移搜索] 最佳偏移=-0.3000s 最佳NCC=0.0568
[16:02:52.188] [info]   [精标定] 有效帧数=2 (<3)  当前阈值=0.050  候选帧最大NCC=0.0568
[16:02:52.234] [info]   [精标定] 放宽 NCC 阈值至 0.000  放宽后有效帧数=29
[16:02:52.234] [info]   初值 NCC=0.0568  有效帧数=29  (候选帧数=30  NCC范围=[-0.0033,0.0568] 均值=0.0217)
[16:02:52.300] [info]   [多特征] 角点: 29 帧共 4350 个 keypoints
[16:02:52.305] [info]   [多特征] 强度一致性: 29 帧
[16:02:52.305] [info]   [精标定] 残差块总数=4408  即将调用 Ceres::Solve
[16:02:52.305] [info]   [精标定] 初始参数: axis=[1.244465,-1.189967,1.220201] trans=[0.0907,-0.0177,-0.0176]
[16:02:52.305] [info]   [精标定] 初值 T_cam_lidar: t=[0.0907,-0.0177,-0.0176]m
[16:02:52.305] [info]   [精标定] frame_pairs=29 use_edge=true use_corner=true use_intensity=true
[16:02:52.305] [info]   [预检查] 开始全面检查 Ceres 输入数据...
[16:02:52.305] [info]   [预检查] 参数角度=2.110357 rad 平移范数=0.0941 m
[16:02:52.305] [info]   [预检查] frame_pairs 统计: 总数=29 有效=29 空图=0 空点云=0 零-size点云=0
[16:02:52.305] [info]   [预检查] EdgeNCCCost 统计: 总数=29 scan无效=0 image空=0
[16:02:52.305] [info]   [预检查] CornerReprojCost 统计: 总数=4350 scan无效=0
[16:02:52.305] [info]   [预检查] IntensityConsistencyCost 统计: 总数=29 scan无效=0 image空=0
[16:02:52.305] [info]   [预检查] 相机内参: fx=425.03 fy=426.80 cx=386.02 cy=241.91 size=752x480
[16:02:52.305] [info]   [预检查] Ceres 问题规模: 残差块=4408 参数块=1(6维)
[16:02:52.305] [info]   [预检查] Ceres 输入数据检查完成
[16:02:52.305] [info]   [Ceres] 即将调用 Solve，残差块=4408 求解器=ITERATIVE_SCHUR
[16:02:52.305] [info]   [调试] 开始 Ceres Solve，残差块=4408
[16:02:52.305] [info]   [调试] 手动测试代价函数求值...
[16:02:52.308] [info]   [调试] 第一个 EdgeNCCCost 求值结果: ok=true residual=-0.018456512096513437
[16:02:52.308] [info]   [调试] 代价函数测试完成，准备调用 Ceres::Solve
[16:07:29.329] [info]   [Ceres] Solve 完成
[16:07:29.329] [info] [CALC] LiDAR-Cam 边缘法 Ceres iter=51 residual_blocks=29 initial_cost=79902.887193 final_cost=53171.287889 converged=no
[16:07:29.329] [info]   [Ceres] 迭代数=51  残差块数=29  initial_cost=79902.887193  final_cost=53171.287889  converged=false  termination=NO_CONVERGENCE
[16:07:29.376] [info] ┌────────────────────────────────────────────────────────────────┐
[16:07:29.376] [info] │ [优化结果]
[16:07:29.376] [info] [CALC] LiDAR-Cam 边缘法 优化结果 NCC=0.0577 rms=0.9423px converged=no
[16:07:29.376] [info] │   - NCC: 0.0577  RMS: 0.9423px  收敛: 否
[16:07:29.376] [info] │   - 平移: [-0.1794, 0.0906, -0.4283] m
[16:07:29.376] [info] │   - 旋转: [94.69, 0.93, 88.64] deg (RPY)
[16:07:29.376] [info] │   - 质量: 不合格 (NCC<0.3)
[16:07:29.376] [info] └────────────────────────────────────────────────────────────────┘
[16:07:29.378] [info] │
[16:07:29.378] [info] │ ★ 标定结果:
[16:07:29.378] [info] │   - 平移: [-0.1794, 0.0906, -0.4283] m
[16:07:29.378] [info] │   - RMS: 0.9423 px
[16:07:29.378] [info] │   - 收敛: 否
[16:07:29.378] [info] └────────────────────────────────────────────────────────────────┘
[16:07:29.379] [info] [Fine-Auto] 结果已保存: ./results/lidar_camera_extrinsic/lidar_cam_cam_left_extrinsic.yaml
[16:07:29.379] [info] [Viz] 即将生成投影图并保存到 ./results/lidar_camera_extrinsic/lidar_cam_cam_left_projection.png
[16:07:29.387] [info] 投影可视化保存: ./results/lidar_camera_extrinsic/lidar_cam_cam_left_projection.png
[16:07:29.387] [info] [Viz] 投影图已保存（当前未将结果点云回显到 3D 窗口，仅保存 PNG）
[16:07:29.387] [info] [Fine-Auto/LiDAR-Cam] 相机 cam_left 完成, RMS=0.9423 px  收敛=否
[16:07:29.387] [warning] [Fine-Auto/LiDAR-Cam] 精标定未收敛 (NCC 未达 0.3 或 RMS 偏高)，建议: 1) 确保粗标定提供非 identity 初值 2) 检查 LiDAR/相机 FOV 与时间同步 3) 查看上方 [精标定] 质量结论与 NCC 统计
[16:07:29.387] [info] [Viz/Display] 即将关闭可视化窗口 原因=用户关闭或流程结束 pangolin_running=false
[16:07:29.387] [warning] [Fine-Auto/LiDAR-Cam] 相机 cam_right 无帧，跳过
[16:07:29.387] [warning] [Fine-Auto/LiDAR-Cam] 相机 cam_front 无帧，跳过
[16:07:29.387] [warning] [Fine-Auto/LiDAR-Cam] 相机 cam_rear 无帧，跳过
[16:07:29.388] [info] [Fine-Auto/LiDAR-Cam] 精标定完成: 1 个相机  最大 RMS=0.9423 px
[16:07:29.388] [info] [STAGE=lidar_cam_fine_auto] LiDAR-Camera 精标定 完成
[16:07:29.388] [info] [Fine-Auto/LiDAR-Cam] RMS 阈值=2.00 px  最大 RMS=0.9423 px  在阈值内
[16:07:29.502] [info] ━━━━━━━━━━━━━━━━━━━━━━━━━━━━━━━━━━━━━━━━━
[16:07:29.502] [info] ■ 结束阶段: [Fine-Auto] 任务: [lidar_cam_extrin]
[16:07:29.502] [info]   结果: ✓ 成功 | 残差RMS: 0.9423 | 耗时: 311848 ms
[16:07:29.502] [info]   消息: LiDAR-Camera 精标定完成: 1 个相机, 最大 RMS=0.942299 px
[16:07:29.502] [info] [CALC] 阶段结束 stage=Fine-Auto task=lidar_cam_extrin success=true residual_rms=0.942299 elapsed_ms=311732.8 threshold=2.0000
[16:07:29.502] [info] ━━━━━━━━━━━━━━━━━━━━━━━━━━━━━━━━━━━━━━━━━
[16:07:29.503] [info] [Pipeline] 用户已启用手动校准 (--manual), 进入 6-DOF 调整
[16:07:29.503] [info] 
[16:07:29.503] [info] ━━━━━━━━━━━━━━━━━━━━━━━━━━━━━━━━━━━━━━━━━
[16:07:29.503] [info] ▶ 开始阶段: [Manual-Refine] 任务: [lidar_cam_extrin]
[16:07:29.503] [info]   描述: 手动校准: 6-DOF 交互式调整
[16:07:29.503] [info] ━━━━━━━━━━━━━━━━━━━━━━━━━━━━━━━━━━━━━━━━━
[16:07:29.503] [info] [Manual-Refine] 任务: lidar_cam_extrin
[16:07:29.503] [info] [Manual-Refine] 操作说明: Q/A Roll  W/S Pitch  E/D Yaw  R/F Tx  T/G Ty  Y/H Tz  U Undo  Enter 接受  Esc 取消
[16:07:29.504] [info] [ManualSession] 会话ID: session_2026-04-30_16-07-29
[16:07:29.504] [info] [ManualSession] 保存目录: ./results/manual_sessions
[16:07:29.504] [info] [Manual-Refine] 已打开 6-DOF 可视化调整窗口，请在本窗口内按键微调后 Enter 接受或 Esc 取消
[16:07:29.504] [info] [Manual-Refine] LiDAR-Camera 手动调整仅使用首帧匹配数据（第 0 帧点云 + 第 0 帧图像）
[16:07:29.504] [info] [ManualSession] 启动 LiDAR-Camera 手动校准
[16:07:29.504] [info] [ManualSession] 自动标定 RMS: 0.9423 px (阈值建议 < 2.0px)
[16:07:29.504] [debug] [ManualSession] 事件: lidar_cam_start | auto_rms=0.942299
[16:07:29.504] [info] [ManualAdjust] 初始外参:
[16:07:29.504] [info] [ManualAdjust] 当前外参 [lidar_front→cam_left]:
[16:07:29.504] [info]   旋转 RPY: (164.6698, -85.1419, -73.6869) deg
[16:07:29.504] [info]   平移 XYZ: (-0.1794, 0.0906, -0.4283) m
[16:07:29.504] [info] [ManualSession] ===== 手动校准操作说明 =====
[16:07:29.504] [info]   Q/A: Roll ±0.1deg   W/S: Pitch ±0.1deg   E/D: Yaw ±0.1deg
[16:07:29.504] [info]   R/F: Tx ±0.5cm   T/G: Ty ±0.5cm   Y/H: Tz ±0.5cm
[16:07:29.504] [info]   Shift+键: 10倍步长
[16:07:29.504] [info]   P: 进入点击精化模式  U: 撤销  Z: 重做
[16:07:29.504] [info]   S: 保存  ESC: 接受并退出
[16:07:29.504] [info]   点云投影质量越高 (边缘对齐越好) 表示标定越准确
[16:07:29.513] [info] [ManualAdjust] 结果已保存: ./results/lidar_camera_extrinsic/manual_extrinsic_20260430_160729_initial.yaml
[16:07:29.513] [info] [ManualCalib] 交互窗口启动前已自动保存初始状态快照（备用）:
[16:07:29.513] [info]   - 投影图: ./results/lidar_camera_extrinsic/manual_projection_20260430_160729_initial.png
[16:07:29.513] [info]   - 点云:   ./results/lidar_camera_extrinsic/manual_cloud_20260430_160729_initial.pcd
[16:07:29.513] [info]   - 外参:   ./results/lidar_camera_extrinsic/manual_extrinsic_20260430_160729_initial.yaml

(unicalib_lidar_camera:145): dbind-WARNING **: 16:07:29.556: Couldn't connect to accessibility bus: Failed to connect to socket /run/user/1000/at-spi/bus_1: No such file or directory
[16:07:29.597] [info] [ManualCalib] 3D 点云窗口已禁用（避免 VTK 闪退），请在 2D 投影窗口进行微调。按下 'S' 键可手动保存当前微调结果图片和点云。
[16:07:29.597] [info] [ManualCalib] 初始位姿 T_lidar_to_cam:
[16:07:29.597] [info]   - Translation: -0.1794, 0.0906, -0.4283
[16:07:29.597] [info]   - RPY (deg):   94.6855, 0.9271, 88.6367
[16:08:25.779] [info] [ManualSession] 用户取消，保留自动标定结果
[16:08:25.779] [debug] [ManualSession] 事件: lidar_cam_end | final_rms=0.942299
[16:08:25.780] [info] [ManualSession] 会话已保存: ./results/manual_sessions/session_2026-04-30_16-07-29.yaml
[16:08:25.780] [info] ━━━━━━━━━━━━━━━━━━━━━━━━━━━━━━━━━━━━━━━━━
[16:08:25.780] [info] ■ 结束阶段: [Manual-Refine] 任务: [lidar_cam_extrin]
[16:08:25.780] [info]   结果: ✓ 成功 | 残差RMS: 0.9423 | 耗时: 56276 ms
[16:08:25.780] [info]   消息: LiDAR-Camera 手动调整完成
[16:08:25.780] [info] [CALC] 阶段结束 stage=Manual-Refine task=lidar_cam_extrin success=true residual_rms=0.942299 elapsed_ms=56276.6 threshold=-1.0000
[16:08:25.780] [info] ━━━━━━━━━━━━━━━━━━━━━━━━━━━━━━━━━━━━━━━━━
[16:08:25.780] [info] ====== Pipeline Report: pipeline_20260430_160139 ======
[16:08:25.780] [info]   Total time: 368009.4 ms
[16:08:25.780] [info]   All stages succeeded: YES
[16:08:25.780] [info]   标定质量: 各阶段 RMS 均在阈值内
[16:08:25.780] [info]   [Coarse-AI-lidar_cam_extrin] success=true rms=0.0000 time=0.0ms: 使用主程序 Stage1 粗标定结果，作为精标定初值
[16:08:25.780] [info]   [Fine-Auto-lidar_cam_extrin] success=true rms=0.9423 time=311732.8ms: LiDAR-Camera 精标定完成: 1 个相机, 最大 RMS=0.942299 px
[16:08:25.780] [info]   [Manual-Refine-lidar_cam_extrin] success=true rms=0.9423 time=56276.6ms: LiDAR-Camera 手动调整完成

╔══════════════════════════════════════════════════════╗
║              标定参数汇总                            ║
╠══════════════════════════════════════════════════════╣
║ 外参:
║   lidar_front->cam_left:
║     R(RPY°): [164.67, -85.14, -73.69]
║     T(m):    [-0.18, 0.09, -0.43]
║     时偏(s): 0.00
║     RMS:     0.94 ✗
╚══════════════════════════════════════════════════════╝

[16:08:25.780] [info] ================================
[16:08:25.781] [info] Pipeline report saved: ./results/pipeline_report_20260430_160139.yaml
[16:08:25.782] [info] ====== Pipeline Report: pipeline_20260430_160139 ======
[16:08:25.782] [info]   Total time: 368009.4 ms
[16:08:25.782] [info]   All stages succeeded: YES
[16:08:25.782] [info]   标定质量: 各阶段 RMS 均在阈值内
[16:08:25.782] [info]   [Coarse-AI-lidar_cam_extrin] success=true rms=0.0000 time=0.0ms: 使用主程序 Stage1 粗标定结果，作为精标定初值
[16:08:25.782] [info]   [Fine-Auto-lidar_cam_extrin] success=true rms=0.9423 time=311732.8ms: LiDAR-Camera 精标定完成: 1 个相机, 最大 RMS=0.942299 px
[16:08:25.782] [info]   [Manual-Refine-lidar_cam_extrin] success=true rms=0.9423 time=56276.6ms: LiDAR-Camera 手动调整完成

╔══════════════════════════════════════════════════════╗
║              标定参数汇总                            ║
╠══════════════════════════════════════════════════════╣
║ 外参:
║   lidar_front->cam_left:
║     R(RPY°): [164.67, -85.14, -73.69]
║     T(m):    [-0.18, 0.09, -0.43]
║     时偏(s): 0.00
║     RMS:     0.94 ✗
╚══════════════════════════════════════════════════════╝

[16:08:25.782] [info] ================================
[16:08:25.782] [info] ━━━━━━━━━━━━━━━━━━━━━━━━━━━━━━━━━━━━
[16:08:25.782] [info] LiDAR-Camera 标定流程完成
[16:08:25.782] [info] 结果目录: ./results
[16:08:25.782] [info] 标定流程正常退出 exit_code=0
[16:08:25.782] [info] ━━━━━━━━━━━━━━━━━━━━━━━━━━━━━━━━━━━━
