
 ╔═══════════════════════════════════════════════════════╗
 ║   UniCalib — LiDAR-Camera 外参标定                    ║
 ║   两阶段: AI粗标定(MIAS-LCEC) → 无目标边缘精标定      ║
 ║   手动校准: --manual 触发 6-DOF 交互式调整             ║
 ╚═══════════════════════════════════════════════════════╝

[2026-04-14 15:16:08.752] [info] [LiDAR-Camera] [:] ━━━━━━━━━━━━━━━━━━━━━━━━━━━━━━━━━━━━
[2026-04-14 15:16:08.752] [info] [LiDAR-Camera] [:] 配置文件: /root/calib_ws/calib_unified/config/unicalib_example.yaml
[2026-04-14 15:16:08.752] [info] [LiDAR-Camera] [:] 输出目录: /root/calib_ws/results
[2026-04-14 15:16:08.752] [info] [LiDAR-Camera] [:] 数据根目录: /root/calib_ws/data (--data-dir 或 CALIB_DATA_DIR)
[2026-04-14 15:16:08.752] [info] [LiDAR-Camera] [:] 精标定方法: edge (无目标优先=true)
[2026-04-14 15:16:08.752] [info] [LiDAR-Camera] [:] AI粗标定: true | 手动校准: false
[2026-04-14 15:16:08.752] [info] [LiDAR-Camera] [:] ━━━━━━━━━━━━━━━━━━━━━━━━━━━━━━━━━━━━
[2026-04-14 15:16:08.753] [info] [LiDAR-Camera] [:] 读取系统配置: /root/calib_ws/calib_unified/config/unicalib_example.yaml
[2026-04-14 15:16:08.754] [info] [LiDAR-Camera] [:]   IMU: 1, LiDAR: 1, Camera: 2
[2026-04-14 15:16:08.754] [info] [LiDAR-Camera] [:] ━━━━━━━━━━━━━━━━━━━━━━━━━━━━━━━━━━━━ [数据路径] ━━━━━━━━━━━━━━━━━━━━━━━━━━━━━
[2026-04-14 15:16:08.754] [info] [LiDAR-Camera] [:]   数据路径来源: 统一格式 (data.lidar.<id> / data.camera.<id>.images_dir)
[2026-04-14 15:16:08.754] [info] [LiDAR-Camera] [:]   配置原始值 — lidar:  nya_02_slam_imu_to_lidar
[2026-04-14 15:16:08.754] [info] [LiDAR-Camera] [:]   配置原始值 — camera: nya_02_slam_imu_to_lidar/cam_left
[2026-04-14 15:16:08.754] [info] [LiDAR-Camera] [:]   base_data_dir:  /root/calib_ws/data
[2026-04-14 15:16:08.754] [info] [LiDAR-Camera] [:]   base 来源: 命令行 --data-dir
[2026-04-14 15:16:08.754] [info] [LiDAR-Camera] [:]   lidar_dir:      /root/calib_ws/data/nya_02_slam_imu_to_lidar
[2026-04-14 15:16:08.754] [info] [LiDAR-Camera] [:]     → 相对路径，已与 base 拼接
[2026-04-14 15:16:08.754] [info] [LiDAR-Camera] [:]     → 存在: 是
[2026-04-14 15:16:08.754] [info] [LiDAR-Camera] [:]   camera_dir:     /root/calib_ws/data/nya_02_slam_imu_to_lidar/cam_left
[2026-04-14 15:16:08.754] [info] [LiDAR-Camera] [:]     → 相对路径，已与 base 拼接
[2026-04-14 15:16:08.754] [info] [LiDAR-Camera] [:]     → 存在: 是
[2026-04-14 15:16:08.754] [info] [LiDAR-Camera] [:]   【数据就绪】是 — 点云与图像目录均存在，将执行精标定
[2026-04-14 15:16:08.754] [info] [LiDAR-Camera] [:]   说明: 使用 --dataset 时请将 data.lidar/data.camera 设为相对 base 的路径（如 pcd、images），不要使用 /path/to/... 占位符
[2026-04-14 15:16:08.754] [info] [LiDAR-Camera] [:] ━━━━━━━━━━━━━━━━━━━━━━━━━━━━━━━━━━━━━━━━━━━━━━━━━━━━━━━━━━━━━━━━━━━━━━━━━━━━
[2026-04-14 15:16:08.755] [info] [LiDAR-Camera] [:] 读取系统配置: /root/calib_ws/calib_unified/config/unicalib_example.yaml
[2026-04-14 15:16:08.756] [info] [LiDAR-Camera] [:]   IMU: 1, LiDAR: 1, Camera: 2
[2026-04-14 15:16:08.756] [info] [LiDAR-Camera] [:] 读取系统配置: /root/calib_ws/calib_unified/config/unicalib_example.yaml
[2026-04-14 15:16:08.757] [info] [LiDAR-Camera] [:]   IMU: 1, LiDAR: 1, Camera: 2
[2026-04-14 15:16:08.757] [info] [LiDAR-Camera] [:] 配置: 使用 ROS2 bag 模式（离线标定）
[2026-04-14 15:16:08.757] [info] [LiDAR-Camera] [:]   Bag 路径: /root/calib_ws/data/nya_02_slam_imu_to_lidar/nya_02_ros2
[2026-04-14 15:16:08.757] [info] [LiDAR-Camera] [:]   LiDAR 话题: /Lidar
[2026-04-14 15:16:08.757] [info] [LiDAR-Camera] [:]   相机话题: /Camera
[2026-04-14 15:16:08.757] [info] [LiDAR-Camera] [:]   IMU 话题: /Imu
[2026-04-14 15:16:08.757] [info] [LiDAR-Camera] [:] [数据源] 类型=ROS2_BAG  path=/root/calib_ws/data/nya_02_slam_imu_to_lidar/nya_02_ros2  lidar_topic=/Lidar  camera_topic=/Camera
[2026-04-14 15:16:08.757] [info] [LiDAR-Camera] [:]   内参将从相机标定结果读取: ./results/camera_intrinsic/camera_intrinsic_cam_left.yaml (camera_id=cam_left)
[2026-04-14 15:16:08.757] [info] [LiDAR-Camera] [:]   内参将从相机标定结果读取: ./results/camera_intrinsic/camera_intrinsic_cam_right.yaml (camera_id=cam_right)
[2026-04-14 15:16:08.757] [info] [LiDAR-Camera] [:] [CalibPipeline] 初始化 ID=pipeline_20260414_151608
[2026-04-14 15:16:08.757] [info] [LiDAR-Camera] [:] [CalibPipeline] 输出目录: ./results
[2026-04-14 15:16:08.757] [info] [LiDAR-Camera] [:] [CalibPipeline] 无目标优先: true
[2026-04-14 15:16:08.757] [info] [LiDAR-Camera] [:] [CalibPipeline] 任务掩码: 0x10
[2026-04-14 15:16:08.757] [info] [LiDAR-Camera] [:] ▶ Stage 1: AI 粗标定 (MIAS-LCEC)
[2026-04-14 15:16:08.757] [info] [LiDAR-Camera] [:]   模型路径: /root/calib_ws/MIAS-LCEC (粗标定使用 pretrained_overlap_transformer.pth.tar)
[2026-04-14 15:16:09.573] [info] [LiDAR-Camera] [:] [AI-Calib] DM-Calib 配置的 Python 无 torch，改用已装 torch 的 Python: python3
[2026-04-14 15:16:09.573] [info] [LiDAR-Camera] [:] [AI-Calib] ===== AI 模型可用性检查 =====
[2026-04-14 15:16:09.573] [info] [LiDAR-Camera] [:] [DM-Calib] 可用性检查 失败 原因=推理脚本不存在 路径=/root/calib_ws/DM-Calib/DMCalib/tools/infer_unicalib.py
[2026-04-14 15:16:09.573] [info] [LiDAR-Camera] [:]   DM-Calib (相机内参):      ✗ 不可用
[2026-04-14 15:16:09.573] [info] [LiDAR-Camera] [:]   MIAS-LCEC (LiDAR-Cam):   ✓ 可用
[2026-04-14 15:16:09.573] [info] [LiDAR-Camera] [:] [TransformerIMU] 不可用: 脚本不存在 script=/root/calib_ws/Transformer-IMU-Calibrator/eval_unicalib.py
[2026-04-14 15:16:09.573] [info] [LiDAR-Camera] [:]   Transformer-IMU (IMU内参): ✗ 不可用
[2026-04-14 15:16:09.573] [info] [LiDAR-Camera] [:]   L2Calib (IMU-LiDAR):     ✗ 不可用
[2026-04-14 15:16:09.573] [info] [LiDAR-Camera] [:] [AI-Calib] ================================
[2026-04-14 15:16:09.573] [info] [LiDAR-Camera] [:]   [Stage 1] MIAS-LCEC 可用: 是 (粗标定支持: 1) 指定 coarse_pcd_file/coarse_image_file 2) 从当前数据源取首帧，同相机内参)
[2026-04-14 15:16:09.574] [info] [LiDAR-Camera] [:]   内参: fx=384.0 fy=384.0 cx=376.0 cy=240.0 尺寸=752x480 (来自 ./results/camera_intrinsic/camera_intrinsic_cam_left.yaml)
[2026-04-14 15:16:09.574] [info] [LiDAR-Camera] [:]   [Stage 1] 粗标定输入来源: 从 ROS2 数据源取首帧 (max_frames=2, lidar_id=lidar_front)
[2026-04-14 15:16:09.574] [info] [LiDAR-Camera] [:] [UnifiedDataLoader] 从 ROS2 加载数据...
[2026-04-14 15:16:09.574] [info] [LiDAR-Camera] [:]   Bag 文件: /root/calib_ws/data/nya_02_slam_imu_to_lidar/nya_02_ros2
[2026-04-14 15:16:09.574] [info] [LiDAR-Camera] [:]   实时模式: false
[2026-04-14 15:16:09.574] [info] [LiDAR-Camera] [:] [Ros2BagDataSource] 打开 bag 文件: /root/calib_ws/data/nya_02_slam_imu_to_lidar/nya_02_ros2
[2026-04-14 15:16:09.574] [info] [LiDAR-Camera] [:] [Ros2BagDataSource] 正在读取 metadata.yaml: /root/calib_ws/data/nya_02_slam_imu_to_lidar/nya_02_ros2/metadata.yaml
[2026-04-14 15:16:09.575] [info] [LiDAR-Camera] [:] [Ros2BagDataSource] 使用配置的 LiDAR 话题: /Lidar
[2026-04-14 15:16:09.575] [info] [LiDAR-Camera] [:] [Ros2BagDataSource] 使用配置的相机话题: /Camera
[2026-04-14 15:16:09.575] [info] [LiDAR-Camera] [:] [Ros2BagDataSource] 使用配置的 IMU 话题: /Imu
[INFO] [1776150969.578159557] [rosbag2_storage]: Opened database '/root/calib_ws/data/nya_02_slam_imu_to_lidar/nya_02_ros2/nya_02_ros2.db3' for READ_ONLY.
[2026-04-14 15:16:09.578] [info] [LiDAR-Camera] [:] [Ros2BagDataSource] Bag 已打开，开始读取消息...
[2026-04-14 15:16:09.578] [info] [LiDAR-Camera] [:] [Ros2BagDataSource] 找到 19 个话题
[2026-04-14 15:16:09.578] [info] [LiDAR-Camera] [:] [Ros2BagDataSource]  话题: /dji_sdk/imu  类型: sensor_msgs/msg/Imu  消息数: 171462
[2026-04-14 15:16:09.578] [info] [LiDAR-Camera] [:] [Ros2BagDataSource]  话题: /dji_sdk/attitude  类型: geometry_msgs/msg/QuaternionStamped  消息数: 42866
[2026-04-14 15:16:09.578] [info] [LiDAR-Camera] [:] [Ros2BagDataSource]  话题: /os1_cloud_node2/imu  类型: sensor_msgs/msg/Imu  消息数: 42862
[2026-04-14 15:16:09.578] [info] [LiDAR-Camera] [:] [Ros2BagDataSource]  话题: /os1_cloud_node1/imu  类型: sensor_msgs/msg/Imu  消息数: 42862
[2026-04-14 15:16:09.578] [info] [LiDAR-Camera] [:] [Ros2BagDataSource]  话题: /imu/imu  类型: sensor_msgs/msg/Imu  消息数: 166428
[2026-04-14 15:16:09.578] [info] [LiDAR-Camera] [:] [Ros2BagDataSource]  话题: /imu/magnetic_field  类型: sensor_msgs/msg/MagneticField  消息数: 166428
[2026-04-14 15:16:09.578] [info] [LiDAR-Camera] [:] [Ros2BagDataSource]  话题: /imu/temperature  类型: sensor_msgs/msg/Temperature  消息数: 166428
[2026-04-14 15:16:09.578] [info] [LiDAR-Camera] [:] [Ros2BagDataSource]  话题: /dji_sdk/gps_position  类型: sensor_msgs/msg/NavSatFix  消息数: 21433
[2026-04-14 15:16:09.578] [info] [LiDAR-Camera] [:] [Ros2BagDataSource]  话题: /dji_sdk/height_above_takeoff  类型: std_msgs/msg/Float32  消息数: 21433
[2026-04-14 15:16:09.578] [info] [LiDAR-Camera] [:] [Ros2BagDataSource]  话题: /dji_sdk/gps_health  类型: std_msgs/msg/UInt8  消息数: 21433
[2026-04-14 15:16:09.578] [info] [LiDAR-Camera] [:] [Ros2BagDataSource]  话题: /uwb_endorange_info  类型: uwb_driver/msg/UwbRange  消息数: 25172
[2026-04-14 15:16:09.578] [info] [LiDAR-Camera] [:] [Ros2BagDataSource]  话题: /left/image_raw  类型: sensor_msgs/msg/Image  消息数: 4285
[2026-04-14 15:16:09.578] [info] [LiDAR-Camera] [:] [Ros2BagDataSource]  话题: /right/image_raw  类型: sensor_msgs/msg/Image  消息数: 4285
[2026-04-14 15:16:09.578] [info] [LiDAR-Camera] [:] [Ros2BagDataSource]  话题: /os1_cloud_node1/points  类型: sensor_msgs/msg/PointCloud2  消息数: 4287
[2026-04-14 15:16:09.578] [info] [LiDAR-Camera] [:] [Ros2BagDataSource]  话题: /os1_cloud_node2/points  类型: sensor_msgs/msg/PointCloud2  消息数: 4286
[2026-04-14 15:16:09.578] [info] [LiDAR-Camera] [:] [Ros2BagDataSource]  话题: /uwb_exorange_info  类型: uwb_driver/msg/UwbEcho  消息数: 2437
[2026-04-14 15:16:09.578] [info] [LiDAR-Camera] [:] [Ros2BagDataSource]  话题: /node_pos_marker_sc  类型: visualization_msgs/msg/Marker  消息数: 2437
[2026-04-14 15:16:09.578] [info] [LiDAR-Camera] [:] [Ros2BagDataSource]  话题: /node_pos_sc  类型: nav_msgs/msg/Path  消息数: 2437
[2026-04-14 15:16:09.578] [info] [LiDAR-Camera] [:] [Ros2BagDataSource]  话题: /leica/pose/relative  类型: geometry_msgs/msg/PoseStamped  消息数: 7679
[2026-04-14 15:16:09.578] [info] [LiDAR-Camera] [:] [Ros2BagDataSource] 将加载 bag 内所有 IMU / LiDAR / 相机话题，加载后可通过 sensor_id 或话题名选择使用
[2026-04-14 15:16:26.354] [error] [LiDAR-Camera] [:] [Ros2BagDataSource] 以配置文件为准：以下配置话题在 bag 中无数据，请使配置与 bag 一致（或设置 ros2.strict_topic_match: false 允许自动回退）。 LiDAR[lidar_front: /Lidar] 相机[cam_left: /Camera] IMU[imu_0: /Imu]
[2026-04-14 15:16:26.357] [warning] [LiDAR-Camera] [:]   [Stage 1] ROS2 加载首帧失败: [Ros2BagDataSource] 以配置文件为准：以下配置话题在 bag 中无数据，请使配置与 bag 一致（或设置 ros2.strict_topic_match: false 允许自动回退）。 LiDAR[lidar_front: /Lidar] 相机[cam_left: /Camera] IMU[imu_0: /Imu]
[2026-04-14 15:16:26.986] [warning] [LiDAR-Camera] [:]   未提供 coarse_pcd_file/coarse_image_file 且未从当前数据源取到首帧，跳过 AI 粗标定
[2026-04-14 15:16:26.989] [info] [LiDAR-Camera] [:]   说明: 粗标定支持 1) 在 config 中设置 coarse_pcd_file / coarse_image_file 2) 使用 ROS2 bag/话题或文件目录时自动取首帧（同相机内参粗标定）
[2026-04-14 15:16:26.989] [info] [LiDAR-Camera] [:]   当前: coarse_pcd_file='(未设置)' coarse_image_file='(未设置)'
[2026-04-14 15:16:26.989] [warning] [LiDAR-Camera] [:] 【粗标定未执行】精标定将使用 identity 初值。原因: (1) MIAS-LCEC 可用=是 (2) 粗标定输入已就绪=否
[2026-04-14 15:16:26.989] [info] [LiDAR-Camera] [:]   [Stage 1] 结果: 跳过 (详见上方原因)
[2026-04-14 15:16:26.989] [info] [LiDAR-Camera] [:] ▶ Stage 2: 精标定 (方法=edge)
[2026-04-14 15:16:26.993] [info] [LiDAR-Camera] [:] 
[2026-04-14 15:16:26.993] [info] [LiDAR-Camera] [:] ╔═══════════════════════════════════════════════╗
[2026-04-14 15:16:26.993] [info] [LiDAR-Camera] [:] ║   UniCalib 两阶段标定流水线 — 开始            ║
[2026-04-14 15:16:26.993] [info] [LiDAR-Camera] [:] ║   Pipeline ID: pipeline_20260414_151608       ║
[2026-04-14 15:16:26.993] [info] [LiDAR-Camera] [:] ╚═══════════════════════════════════════════════╝
[2026-04-14 15:16:26.993] [info] [LiDAR-Camera] [:] [Coarse-AI/LiDAR-Cam] enable_coarse_lidar_cam=true → do_coarse=true
[15:16:26.999] [info] 
[15:16:26.999] [info] ━━━━━━━━━━━━━━━━━━━━━━━━━━━━━━━━━━━━━━━━━
[15:16:26.999] [info] ▶ 开始阶段: [Coarse-AI] 任务: [lidar_cam_extrin]
[15:16:26.999] [info]   描述: AI模型提供初始估计值
[15:16:26.999] [info] ━━━━━━━━━━━━━━━━━━━━━━━━━━━━━━━━━━━━━━━━━
[15:16:26.999] [info] [CALC] 粗标定阶段开始 task=lidar_cam_extrin
[15:16:27.000] [info] [Coarse-AI/LiDAR-Cam] 使用配置粗标定初值作为粗标定结果 t=[0.123,0.040,-0.058]m，精标定将以此起步
[15:16:27.000] [info] ━━━━━━━━━━━━━━━━━━━━━━━━━━━━━━━━━━━━━━━━━
[15:16:27.000] [info] ■ 结束阶段: [Coarse-AI] 任务: [lidar_cam_extrin]
[15:16:27.000] [info]   结果: ✓ 成功 | 残差RMS: 0.0000 | 耗时: 0 ms
[15:16:27.000] [info]   消息: 使用配置 initial_extrinsic 作为粗标定结果，精标定将以此起步
[15:16:27.000] [info] [CALC] 阶段结束 stage=Coarse-AI task=lidar_cam_extrin success=true residual_rms=0.000000 elapsed_ms=0.0 threshold=-1.0000
[15:16:27.000] [info] ━━━━━━━━━━━━━━━━━━━━━━━━━━━━━━━━━━━━━━━━━
[15:16:27.000] [info] 
[15:16:27.000] [info] ━━━━━━━━━━━━━━━━━━━━━━━━━━━━━━━━━━━━━━━━━
[15:16:27.000] [info] ▶ 开始阶段: [Fine-Auto] 任务: [lidar_cam_extrin]
[15:16:27.000] [info]   描述: 无目标优化
[15:16:27.000] [info] ━━━━━━━━━━━━━━━━━━━━━━━━━━━━━━━━━━━━━━━━━
[15:16:27.000] [info] [CALC] 精标定阶段开始 task=lidar_cam_extrin
[15:16:27.000] [info] [Fine-Auto] 任务: lidar_cam_extrin | 无目标优先: true
[15:16:27.000] [info] [Fine-Auto] 方法: 边缘对齐互信息 (EDGE_ALIGNMENT, 无目标)
[15:16:27.000] [info] [STAGE=lidar_cam_fine_auto] LiDAR-Camera 精标定 开始
[15:16:27.000] [info] [Fine-Auto/LiDAR-Cam] 开始执行精标定...
[15:16:27.000] [info]   [精标定数据源] 类型=ROS2_BAG  lidar_id=lidar_front
[15:16:27.000] [info]   ROS2 Bag: /root/calib_ws/data/nya_02_slam_imu_to_lidar/nya_02_ros2  LiDAR 话题: /Lidar  相机话题: /Camera
[15:16:27.000] [info] [Fine-Auto/LiDAR-Cam] 从 ROS2 加载数据...
[15:16:27.000] [info] [UnifiedDataLoader] 从 ROS2 加载数据...
[15:16:27.000] [info]   Bag 文件: /root/calib_ws/data/nya_02_slam_imu_to_lidar/nya_02_ros2
[15:16:27.000] [info]   实时模式: false
[15:16:27.000] [info] [Ros2BagDataSource] 打开 bag 文件: /root/calib_ws/data/nya_02_slam_imu_to_lidar/nya_02_ros2
[15:16:27.001] [info] [Ros2BagDataSource] 正在读取 metadata.yaml: /root/calib_ws/data/nya_02_slam_imu_to_lidar/nya_02_ros2/metadata.yaml
[15:16:27.002] [debug] [Ros2BagDataSource] 找到话题: /dji_sdk/imu (类型: sensor_msgs/msg/Imu, 消息数: 171462)
[15:16:27.002] [debug] [Ros2BagDataSource] 找到话题: /dji_sdk/attitude (类型: geometry_msgs/msg/QuaternionStamped, 消息数: 42866)
[15:16:27.002] [debug] [Ros2BagDataSource] 找到话题: /os1_cloud_node2/imu (类型: sensor_msgs/msg/Imu, 消息数: 42862)
[15:16:27.002] [debug] [Ros2BagDataSource] 找到话题: /os1_cloud_node1/imu (类型: sensor_msgs/msg/Imu, 消息数: 42862)
[15:16:27.002] [debug] [Ros2BagDataSource] 找到话题: /imu/imu (类型: sensor_msgs/msg/Imu, 消息数: 166428)
[15:16:27.002] [debug] [Ros2BagDataSource] 找到话题: /imu/magnetic_field (类型: sensor_msgs/msg/MagneticField, 消息数: 166428)
[15:16:27.002] [debug] [Ros2BagDataSource] 找到话题: /imu/temperature (类型: sensor_msgs/msg/Temperature, 消息数: 166428)
[15:16:27.002] [debug] [Ros2BagDataSource] 找到话题: /dji_sdk/gps_position (类型: sensor_msgs/msg/NavSatFix, 消息数: 21433)
[15:16:27.002] [debug] [Ros2BagDataSource] 找到话题: /dji_sdk/height_above_takeoff (类型: std_msgs/msg/Float32, 消息数: 21433)
[15:16:27.002] [debug] [Ros2BagDataSource] 找到话题: /dji_sdk/gps_health (类型: std_msgs/msg/UInt8, 消息数: 21433)
[15:16:27.002] [debug] [Ros2BagDataSource] 找到话题: /uwb_endorange_info (类型: uwb_driver/msg/UwbRange, 消息数: 25172)
[15:16:27.002] [debug] [Ros2BagDataSource] 找到话题: /left/image_raw (类型: sensor_msgs/msg/Image, 消息数: 4285)
[15:16:27.002] [debug] [Ros2BagDataSource] 找到话题: /right/image_raw (类型: sensor_msgs/msg/Image, 消息数: 4285)
[15:16:27.002] [debug] [Ros2BagDataSource] 找到话题: /os1_cloud_node1/points (类型: sensor_msgs/msg/PointCloud2, 消息数: 4287)
[15:16:27.002] [debug] [Ros2BagDataSource] 找到话题: /os1_cloud_node2/points (类型: sensor_msgs/msg/PointCloud2, 消息数: 4286)
[15:16:27.002] [debug] [Ros2BagDataSource] 找到话题: /uwb_exorange_info (类型: uwb_driver/msg/UwbEcho, 消息数: 2437)
[15:16:27.002] [debug] [Ros2BagDataSource] 找到话题: /node_pos_marker_sc (类型: visualization_msgs/msg/Marker, 消息数: 2437)
[15:16:27.002] [debug] [Ros2BagDataSource] 找到话题: /node_pos_sc (类型: nav_msgs/msg/Path, 消息数: 2437)
[15:16:27.002] [debug] [Ros2BagDataSource] 找到话题: /leica/pose/relative (类型: geometry_msgs/msg/PoseStamped, 消息数: 7679)
[15:16:27.002] [info] [Ros2BagDataSource] 使用配置的 LiDAR 话题: /Lidar
[15:16:27.002] [info] [Ros2BagDataSource] 使用配置的相机话题: /Camera
[15:16:27.002] [info] [Ros2BagDataSource] 使用配置的 IMU 话题: /Imu
[INFO] [1776150987.020635779] [rosbag2_storage]: Opened database '/root/calib_ws/data/nya_02_slam_imu_to_lidar/nya_02_ros2/nya_02_ros2.db3' for READ_ONLY.
[15:16:27.020] [info] [Ros2BagDataSource] Bag 已打开，开始读取消息...
[15:16:27.020] [info] [Ros2BagDataSource] 找到 19 个话题
[15:16:27.020] [info] [Ros2BagDataSource]  话题: /dji_sdk/imu  类型: sensor_msgs/msg/Imu  消息数: 171462
[15:16:27.020] [info] [Ros2BagDataSource]  话题: /dji_sdk/attitude  类型: geometry_msgs/msg/QuaternionStamped  消息数: 42866
[15:16:27.020] [info] [Ros2BagDataSource]  话题: /os1_cloud_node2/imu  类型: sensor_msgs/msg/Imu  消息数: 42862
[15:16:27.020] [info] [Ros2BagDataSource]  话题: /os1_cloud_node1/imu  类型: sensor_msgs/msg/Imu  消息数: 42862
[15:16:27.020] [info] [Ros2BagDataSource]  话题: /imu/imu  类型: sensor_msgs/msg/Imu  消息数: 166428
[15:16:27.020] [info] [Ros2BagDataSource]  话题: /imu/magnetic_field  类型: sensor_msgs/msg/MagneticField  消息数: 166428
[15:16:27.020] [info] [Ros2BagDataSource]  话题: /imu/temperature  类型: sensor_msgs/msg/Temperature  消息数: 166428
[15:16:27.020] [info] [Ros2BagDataSource]  话题: /dji_sdk/gps_position  类型: sensor_msgs/msg/NavSatFix  消息数: 21433
[15:16:27.020] [info] [Ros2BagDataSource]  话题: /dji_sdk/height_above_takeoff  类型: std_msgs/msg/Float32  消息数: 21433
[15:16:27.020] [info] [Ros2BagDataSource]  话题: /dji_sdk/gps_health  类型: std_msgs/msg/UInt8  消息数: 21433
[15:16:27.020] [info] [Ros2BagDataSource]  话题: /uwb_endorange_info  类型: uwb_driver/msg/UwbRange  消息数: 25172
[15:16:27.020] [info] [Ros2BagDataSource]  话题: /left/image_raw  类型: sensor_msgs/msg/Image  消息数: 4285
[15:16:27.020] [info] [Ros2BagDataSource]  话题: /right/image_raw  类型: sensor_msgs/msg/Image  消息数: 4285
[15:16:27.020] [info] [Ros2BagDataSource]  话题: /os1_cloud_node1/points  类型: sensor_msgs/msg/PointCloud2  消息数: 4287
[15:16:27.020] [info] [Ros2BagDataSource]  话题: /os1_cloud_node2/points  类型: sensor_msgs/msg/PointCloud2  消息数: 4286
[15:16:27.020] [info] [Ros2BagDataSource]  话题: /uwb_exorange_info  类型: uwb_driver/msg/UwbEcho  消息数: 2437
[15:16:27.020] [info] [Ros2BagDataSource]  话题: /node_pos_marker_sc  类型: visualization_msgs/msg/Marker  消息数: 2437
[15:16:27.020] [info] [Ros2BagDataSource]  话题: /node_pos_sc  类型: nav_msgs/msg/Path  消息数: 2437
[15:16:27.020] [info] [Ros2BagDataSource]  话题: /leica/pose/relative  类型: geometry_msgs/msg/PoseStamped  消息数: 7679
[15:16:27.020] [info] [Ros2BagDataSource] 将加载 bag 内所有 IMU / LiDAR / 相机话题，加载后可通过 sensor_id 或话题名选择使用
[15:16:28.636] [debug]   收集 IMU [/dji_sdk/imu] 帧数: 5000
[15:16:28.742] [debug]   收集 IMU [/imu/imu] 帧数: 5000
[15:16:29.718] [debug]   收集 IMU [/dji_sdk/imu] 帧数: 10000
[15:16:29.923] [debug]   收集 IMU [/imu/imu] 帧数: 10000
[15:16:31.440] [debug]   收集 IMU [/dji_sdk/imu] 帧数: 15000
[15:16:31.661] [debug]   收集 IMU [/imu/imu] 帧数: 15000
[15:16:33.175] [debug]   收集 LiDAR [/os1_cloud_node1/points] 帧数: 500
[15:16:33.177] [debug]   收集 LiDAR [/os1_cloud_node2/points] 帧数: 500
[15:16:33.185] [debug]   收集相机 [/left/image_raw] 帧数: 500
[15:16:33.189] [debug]   收集相机 [/right/image_raw] 帧数: 500
[15:16:33.190] [debug]   收集 IMU [/dji_sdk/imu] 帧数: 20000
[15:16:33.190] [debug]   收集 IMU [/os1_cloud_node1/imu] 帧数: 5000
[15:16:33.190] [debug]   收集 IMU [/os1_cloud_node2/imu] 帧数: 5000
[15:16:33.450] [debug]   收集 IMU [/imu/imu] 帧数: 20000
[15:16:34.121] [debug]   收集 IMU [/dji_sdk/imu] 帧数: 25000
[15:16:34.202] [debug]   收集 IMU [/imu/imu] 帧数: 25000
[15:16:34.574] [debug]   收集 IMU [/dji_sdk/imu] 帧数: 30000
[15:16:34.675] [debug]   收集 IMU [/imu/imu] 帧数: 30000
[15:16:34.992] [debug]   收集 IMU [/dji_sdk/imu] 帧数: 35000
[15:16:35.107] [debug]   收集 IMU [/imu/imu] 帧数: 35000
[15:16:35.434] [debug]   收集 LiDAR [/os1_cloud_node1/points] 帧数: 1000
[15:16:35.435] [debug]   收集 LiDAR [/os1_cloud_node2/points] 帧数: 1000
[15:16:35.436] [debug]   收集相机 [/left/image_raw] 帧数: 1000
[15:16:35.437] [debug]   收集相机 [/right/image_raw] 帧数: 1000
[15:16:35.437] [debug]   收集 IMU [/dji_sdk/imu] 帧数: 40000
[15:16:35.437] [debug]   收集 IMU [/os1_cloud_node1/imu] 帧数: 10000
[15:16:35.437] [debug]   收集 IMU [/os1_cloud_node2/imu] 帧数: 10000
[15:16:35.585] [debug]   收集 IMU [/imu/imu] 帧数: 40000
[15:16:35.941] [debug]   收集 IMU [/dji_sdk/imu] 帧数: 45000
[15:16:36.071] [debug]   收集 IMU [/imu/imu] 帧数: 45000
[15:16:36.381] [debug]   收集 IMU [/dji_sdk/imu] 帧数: 50000
[15:16:36.530] [debug]   收集 IMU [/imu/imu] 帧数: 50000
[15:16:36.819] [debug]   收集 IMU [/dji_sdk/imu] 帧数: 55000
[15:16:36.980] [debug]   收集 IMU [/imu/imu] 帧数: 55000
[15:16:37.252] [debug]   收集 LiDAR [/os1_cloud_node1/points] 帧数: 1500
[15:16:37.253] [debug]   收集 LiDAR [/os1_cloud_node2/points] 帧数: 1500
[15:16:37.254] [debug]   收集 IMU [/dji_sdk/imu] 帧数: 60000
[15:16:37.255] [debug]   收集相机 [/left/image_raw] 帧数: 1500
[15:16:37.255] [debug]   收集相机 [/right/image_raw] 帧数: 1500
[15:16:37.255] [debug]   收集 IMU [/os1_cloud_node1/imu] 帧数: 15000
[15:16:37.255] [debug]   收集 IMU [/os1_cloud_node2/imu] 帧数: 15000
[15:16:37.433] [debug]   收集 IMU [/imu/imu] 帧数: 60000
[15:16:37.740] [debug]   收集 IMU [/dji_sdk/imu] 帧数: 65000
[15:16:37.931] [debug]   收集 IMU [/imu/imu] 帧数: 65000
[15:16:38.226] [debug]   收集 IMU [/dji_sdk/imu] 帧数: 70000
[15:16:38.465] [debug]   收集 IMU [/imu/imu] 帧数: 70000
[15:16:38.723] [debug]   收集 IMU [/dji_sdk/imu] 帧数: 75000
[15:16:39.033] [debug]   收集 IMU [/imu/imu] 帧数: 75000
[15:16:39.263] [debug]   收集 LiDAR [/os1_cloud_node1/points] 帧数: 2000
[15:16:39.265] [debug]   收集 LiDAR [/os1_cloud_node2/points] 帧数: 2000
[15:16:39.266] [debug]   收集 IMU [/dji_sdk/imu] 帧数: 80000
[15:16:39.266] [debug]   收集 IMU [/os1_cloud_node1/imu] 帧数: 20000
[15:16:39.266] [debug]   收集 IMU [/os1_cloud_node2/imu] 帧数: 20000
[15:16:39.268] [debug]   收集相机 [/left/image_raw] 帧数: 2000
[15:16:39.268] [debug]   收集相机 [/right/image_raw] 帧数: 2000
[15:16:39.497] [debug]   收集 IMU [/imu/imu] 帧数: 80000
[15:16:39.715] [debug]   收集 IMU [/dji_sdk/imu] 帧数: 85000
[15:16:39.942] [debug]   收集 IMU [/imu/imu] 帧数: 85000
[15:16:40.135] [debug]   收集 IMU [/dji_sdk/imu] 帧数: 90000
[15:16:40.383] [debug]   收集 IMU [/imu/imu] 帧数: 90000
[15:16:40.564] [debug]   收集 IMU [/dji_sdk/imu] 帧数: 95000
[15:16:40.908] [debug]   收集 IMU [/imu/imu] 帧数: 95000
[15:16:41.097] [debug]   收集 LiDAR [/os1_cloud_node1/points] 帧数: 2500
[15:16:41.099] [debug]   收集 LiDAR [/os1_cloud_node2/points] 帧数: 2500
[15:16:41.099] [debug]   收集 IMU [/dji_sdk/imu] 帧数: 100000
[15:16:41.099] [debug]   收集 IMU [/os1_cloud_node1/imu] 帧数: 25000
[15:16:41.099] [debug]   收集 IMU [/os1_cloud_node2/imu] 帧数: 25000
[15:16:41.101] [debug]   收集相机 [/left/image_raw] 帧数: 2500
[15:16:41.102] [debug]   收集相机 [/right/image_raw] 帧数: 2500
[15:16:41.377] [debug]   收集 IMU [/imu/imu] 帧数: 100000
[15:16:41.575] [debug]   收集 IMU [/dji_sdk/imu] 帧数: 105000
[15:16:41.880] [debug]   收集 IMU [/imu/imu] 帧数: 105000
[15:16:42.033] [debug]   收集 IMU [/dji_sdk/imu] 帧数: 110000
[15:16:42.335] [debug]   收集 IMU [/imu/imu] 帧数: 110000
[15:16:42.484] [debug]   收集 IMU [/dji_sdk/imu] 帧数: 115000
[15:16:42.813] [debug]   收集 IMU [/imu/imu] 帧数: 115000
[15:16:42.928] [debug]   收集 LiDAR [/os1_cloud_node1/points] 帧数: 3000
[15:16:42.930] [debug]   收集 LiDAR [/os1_cloud_node2/points] 帧数: 3000
[15:16:42.931] [debug]   收集 IMU [/dji_sdk/imu] 帧数: 120000
[15:16:42.932] [debug]   收集 IMU [/os1_cloud_node1/imu] 帧数: 30000
[15:16:42.932] [debug]   收集 IMU [/os1_cloud_node2/imu] 帧数: 30000
[15:16:42.933] [debug]   收集相机 [/left/image_raw] 帧数: 3000
[15:16:42.933] [debug]   收集相机 [/right/image_raw] 帧数: 3000
[15:16:43.330] [debug]   收集 IMU [/imu/imu] 帧数: 120000
[15:16:43.436] [debug]   收集 IMU [/dji_sdk/imu] 帧数: 125000
[15:16:43.782] [debug]   收集 IMU [/imu/imu] 帧数: 125000
[15:16:43.922] [debug]   收集 IMU [/dji_sdk/imu] 帧数: 130000
[15:16:44.328] [debug]   收集 IMU [/imu/imu] 帧数: 130000
[15:16:44.413] [debug]   收集 IMU [/dji_sdk/imu] 帧数: 135000
[15:16:44.857] [debug]   收集 IMU [/imu/imu] 帧数: 135000
[15:16:44.952] [debug]   收集 LiDAR [/os1_cloud_node1/points] 帧数: 3500
[15:16:44.953] [debug]   收集 LiDAR [/os1_cloud_node2/points] 帧数: 3500
[15:16:44.955] [debug]   收集 IMU [/dji_sdk/imu] 帧数: 140000
[15:16:44.956] [debug]   收集 IMU [/os1_cloud_node1/imu] 帧数: 35000
[15:16:44.956] [debug]   收集 IMU [/os1_cloud_node2/imu] 帧数: 35000
[15:16:44.959] [debug]   收集相机 [/left/image_raw] 帧数: 3500
[15:16:44.960] [debug]   收集相机 [/right/image_raw] 帧数: 3500
[15:16:45.437] [debug]   收集 IMU [/imu/imu] 帧数: 140000
[15:16:45.538] [debug]   收集 IMU [/dji_sdk/imu] 帧数: 145000
[15:16:46.046] [debug]   收集 IMU [/imu/imu] 帧数: 145000
[15:16:46.124] [debug]   收集 IMU [/dji_sdk/imu] 帧数: 150000
[15:16:46.593] [debug]   收集 IMU [/imu/imu] 帧数: 150000
[15:16:46.680] [debug]   收集 IMU [/dji_sdk/imu] 帧数: 155000
[15:16:47.143] [debug]   收集 IMU [/imu/imu] 帧数: 155000
[15:16:47.179] [debug]   收集 LiDAR [/os1_cloud_node1/points] 帧数: 4000
[15:16:47.186] [debug]   收集 LiDAR [/os1_cloud_node2/points] 帧数: 4000
[15:16:47.191] [debug]   收集 IMU [/dji_sdk/imu] 帧数: 160000
[15:16:47.197] [debug]   收集 IMU [/os1_cloud_node1/imu] 帧数: 40000
[15:16:47.197] [debug]   收集 IMU [/os1_cloud_node2/imu] 帧数: 40000
[15:16:47.205] [debug]   收集相机 [/left/image_raw] 帧数: 4000
[15:16:47.206] [debug]   收集相机 [/right/image_raw] 帧数: 4000
[15:16:47.834] [debug]   收集 IMU [/imu/imu] 帧数: 160000
[15:16:47.847] [debug]   收集 IMU [/dji_sdk/imu] 帧数: 165000
[15:16:48.370] [debug]   收集 IMU [/imu/imu] 帧数: 165000
[15:16:48.375] [debug]   收集 IMU [/dji_sdk/imu] 帧数: 170000
[15:16:48.604] [error] [Ros2BagDataSource] 以配置文件为准：以下配置话题在 bag 中无数据，请使配置与 bag 一致（或设置 ros2.strict_topic_match: false 允许自动回退）。 LiDAR[lidar_front: /Lidar] 相机[cam_left: /Camera] IMU[imu_0: /Imu]
[15:16:48.829] [info] ━━━━━━━━━━━━━━━━━━━━━━━━━━━━━━━━━━━━━━━━━
[15:16:48.832] [info] ■ 结束阶段: [Fine-Auto] 任务: [lidar_cam_extrin]
[15:16:48.833] [info]   结果: ✗ 失败 | 残差RMS: 0.0000 | 耗时: 21828 ms
[15:16:48.833] [info]   消息: ROS2 数据加载失败: [Ros2BagDataSource] 以配置文件为准：以下配置话题在 bag 中无数据，请使配置与 bag 一致（或设置 ros2.strict_topic_match: false 允许自动回退）。 LiDAR[lidar_front: /Lidar] 相机[cam_left: /Camera] IMU[imu_0: /Imu]
[15:16:48.834] [info] [CALC] 阶段结束 stage=Fine-Auto task=lidar_cam_extrin success=false residual_rms=0.000000 elapsed_ms=21607.0 threshold=2.0000
[15:16:48.834] [info] ━━━━━━━━━━━━━━━━━━━━━━━━━━━━━━━━━━━━━━━━━
[15:16:48.834] [info] ====== Pipeline Report: pipeline_20260414_151608 ======
[15:16:48.835] [info]   Total time: 21607.0 ms
[15:16:48.835] [info]   All stages succeeded: NO
[15:16:48.835] [info]   标定质量: 各阶段 RMS 均在阈值内
[15:16:48.835] [info]   [Coarse-AI-lidar_cam_extrin] success=true rms=0.0000 time=0.0ms: 使用配置 initial_extrinsic 作为粗标定结果，精标定将以此起步
[15:16:48.835] [info]   [Fine-Auto-lidar_cam_extrin] success=false rms=0.0000 time=21607.0ms: ROS2 数据加载失败: [Ros2BagDataSource] 以配置文件为准：以下配置话题在 bag 中无数据，请使配置与 bag 一致（或设置 ros2.strict_topic_match: false 允许自动回退）。 LiDAR[lidar_front: /Lidar] 相机[cam_left: /Camera] IMU[imu_0: /Imu]

╔══════════════════════════════════════════════════════╗
║              标定参数汇总                            ║
╠══════════════════════════════════════════════════════╣
╚══════════════════════════════════════════════════════╝

[15:16:48.837] [info] ================================
[15:16:48.844] [info] Pipeline report saved: ./results/pipeline_report_20260414_151608.yaml
[15:16:48.849] [info] ====== Pipeline Report: pipeline_20260414_151608 ======
[15:16:48.849] [info]   Total time: 21607.0 ms
[15:16:48.849] [info]   All stages succeeded: NO
[15:16:48.849] [info]   标定质量: 各阶段 RMS 均在阈值内
[15:16:48.849] [info]   [Coarse-AI-lidar_cam_extrin] success=true rms=0.0000 time=0.0ms: 使用配置 initial_extrinsic 作为粗标定结果，精标定将以此起步
[15:16:48.849] [info]   [Fine-Auto-lidar_cam_extrin] success=false rms=0.0000 time=21607.0ms: ROS2 数据加载失败: [Ros2BagDataSource] 以配置文件为准：以下配置话题在 bag 中无数据，请使配置与 bag 一致（或设置 ros2.strict_topic_match: false 允许自动回退）。 LiDAR[lidar_front: /Lidar] 相机[cam_left: /Camera] IMU[imu_0: /Imu]

╔══════════════════════════════════════════════════════╗
║              标定参数汇总                            ║
╠══════════════════════════════════════════════════════╣
╚══════════════════════════════════════════════════════╝

[15:16:48.849] [info] ================================
[15:16:48.849] [info] ━━━━━━━━━━━━━━━━━━━━━━━━━━━━━━━━━━━━
[15:16:48.849] [info] LiDAR-Camera 标定流程完成
[15:16:48.849] [info] 结果目录: ./results
[15:16:48.849] [info] 标定流程正常退出 exit_code=0
[15:16:48.849] [info] ━━━━━━━━━━━━━━━━━━━━━━━━━━━━━━━━━━━━
