
 ╔═══════════════════════════════════════════════════════╗
 ║   UniCalib — LiDAR-Camera 外参标定                    ║
 ║   两阶段: AI粗标定(MIAS-LCEC) → 无目标边缘精标定      ║
 ║   手动校准: --manual 触发 6-DOF 交互式调整             ║
 ╚═══════════════════════════════════════════════════════╝

[2026-04-30 15:37:53.240] [info] [LiDAR-Camera] [:] ━━━━━━━━━━━━━━━━━━━━━━━━━━━━━━━━━━━━
[2026-04-30 15:37:53.241] [info] [LiDAR-Camera] [:] 配置文件: /root/calib_ws/calib_unified/config/unicalib_example.yaml
[2026-04-30 15:37:53.241] [info] [LiDAR-Camera] [:] 输出目录: /root/calib_ws/results
[2026-04-30 15:37:53.241] [info] [LiDAR-Camera] [:] 数据根目录: /root/calib_ws/data (--data-dir 或 CALIB_DATA_DIR)
[2026-04-30 15:37:53.241] [info] [LiDAR-Camera] [:] 精标定方法: edge (无目标优先=true)
[2026-04-30 15:37:53.241] [info] [LiDAR-Camera] [:] AI粗标定: true | 手动校准: true
[2026-04-30 15:37:53.241] [info] [LiDAR-Camera] [:] ━━━━━━━━━━━━━━━━━━━━━━━━━━━━━━━━━━━━
[2026-04-30 15:37:53.243] [info] [LiDAR-Camera] [:] 读取系统配置: /root/calib_ws/calib_unified/config/unicalib_example.yaml
[2026-04-30 15:37:53.245] [info] [LiDAR-Camera] [:]   IMU: 1, LiDAR: 2, Camera: 2
[2026-04-30 15:37:53.245] [info] [LiDAR-Camera] [:] ━━━━━━━━━━━━━━━━━━━━━━━━━━━━━━━━━━━━ [数据路径] ━━━━━━━━━━━━━━━━━━━━━━━━━━━━━
[2026-04-30 15:37:53.245] [info] [LiDAR-Camera] [:]   数据路径来源: 统一格式 (data.lidar.<id> / data.camera.<id>.images_dir)
[2026-04-30 15:37:53.245] [info] [LiDAR-Camera] [:]   配置原始值 — lidar:  nya_02_slam_imu_to_lidar/lidar_horz.yaml
[2026-04-30 15:37:53.245] [info] [LiDAR-Camera] [:]   配置原始值 — camera: lidar_camera_calibration-master/calibration_data/camera_calibration
[2026-04-30 15:37:53.245] [info] [LiDAR-Camera] [:]   base_data_dir:  /root/calib_ws/data
[2026-04-30 15:37:53.245] [info] [LiDAR-Camera] [:]   base 来源: 命令行 --data-dir
[2026-04-30 15:37:53.245] [info] [LiDAR-Camera] [:]   lidar_dir:      /root/calib_ws/data/nya_02_slam_imu_to_lidar/lidar_horz.yaml
[2026-04-30 15:37:53.245] [info] [LiDAR-Camera] [:]     → 相对路径，已与 base 拼接
[2026-04-30 15:37:53.245] [info] [LiDAR-Camera] [:]     → 存在: 是
[2026-04-30 15:37:53.245] [info] [LiDAR-Camera] [:]   camera_dir:     /root/calib_ws/data/lidar_camera_calibration-master/calibration_data/camera_calibration
[2026-04-30 15:37:53.245] [info] [LiDAR-Camera] [:]     → 相对路径，已与 base 拼接
[2026-04-30 15:37:53.245] [info] [LiDAR-Camera] [:]     → 存在: 是
[2026-04-30 15:37:53.245] [info] [LiDAR-Camera] [:]   【数据就绪】是 — 点云与图像目录均存在，将执行精标定
[2026-04-30 15:37:53.245] [info] [LiDAR-Camera] [:]   说明: 使用 --dataset 时请将 data.lidar/data.camera 设为相对 base 的路径（如 pcd、images），不要使用 /path/to/... 占位符
[2026-04-30 15:37:53.245] [info] [LiDAR-Camera] [:] ━━━━━━━━━━━━━━━━━━━━━━━━━━━━━━━━━━━━━━━━━━━━━━━━━━━━━━━━━━━━━━━━━━━━━━━━━━━━
[2026-04-30 15:37:53.245] [info] [LiDAR-Camera] [:] [LiDAR-Cam] use_config_extrinsic_only=true：跳过 AI 粗标定，将使用配置 initial_extrinsic 直接进入精标定/手动微调
[2026-04-30 15:37:53.245] [info] [LiDAR-Camera] [:] 读取系统配置: /root/calib_ws/calib_unified/config/unicalib_example.yaml
[2026-04-30 15:37:53.246] [info] [LiDAR-Camera] [:]   IMU: 1, LiDAR: 2, Camera: 2
[2026-04-30 15:37:53.246] [info] [LiDAR-Camera] [:] 读取系统配置: /root/calib_ws/calib_unified/config/unicalib_example.yaml
[2026-04-30 15:37:53.248] [info] [LiDAR-Camera] [:]   IMU: 1, LiDAR: 2, Camera: 2
[2026-04-30 15:37:53.248] [info] [LiDAR-Camera] [:] 配置: 使用 ROS2 bag 模式（离线标定）
[2026-04-30 15:37:53.248] [info] [LiDAR-Camera] [:]   Bag 路径: /root/calib_ws/data/nya_02_slam_imu_to_lidar/nya_02_ros2
[2026-04-30 15:37:53.248] [info] [LiDAR-Camera] [:]   LiDAR 话题: /os1_cloud_node1/points
[2026-04-30 15:37:53.248] [info] [LiDAR-Camera] [:]   相机话题: /left/image_raw
[2026-04-30 15:37:53.248] [info] [LiDAR-Camera] [:]   IMU 话题: /imu/imu
[2026-04-30 15:37:53.248] [info] [LiDAR-Camera] [:] [数据源] 类型=ROS2_BAG  path=/root/calib_ws/data/nya_02_slam_imu_to_lidar/nya_02_ros2  lidar_topic=/os1_cloud_node1/points  camera_topic=/left/image_raw
[2026-04-30 15:37:53.248] [info] [LiDAR-Camera] [:]   内参将从相机标定结果读取: ./results/camera_intrinsic/camera_intrinsic_cam_left.yaml (camera_id=cam_left)
[2026-04-30 15:37:53.248] [info] [LiDAR-Camera] [:]   内参将从相机标定结果读取: ./results/camera_intrinsic/camera_intrinsic_cam_right.yaml (camera_id=cam_right)
[2026-04-30 15:37:53.248] [info] [LiDAR-Camera] [:] [CalibPipeline] 初始化 ID=pipeline_20260430_153753
[2026-04-30 15:37:53.248] [info] [LiDAR-Camera] [:] [CalibPipeline] 输出目录: ./results
[2026-04-30 15:37:53.248] [info] [LiDAR-Camera] [:] [CalibPipeline] 无目标优先: true
[2026-04-30 15:37:53.248] [info] [LiDAR-Camera] [:] [CalibPipeline] 任务掩码: 0x10
[2026-04-30 15:37:53.248] [info] [LiDAR-Camera] [:] ▶ Stage 2: 精标定 (方法=edge)
[2026-04-30 15:37:53.248] [info] [LiDAR-Camera] [:] ▶ Stage 3: 手动校准 (manual_threshold=2.00px)
[2026-04-30 15:37:53.248] [info] [LiDAR-Camera] [:]   使用 ManualCalibSession 进行 6-DOF 交互式调整
[2026-04-30 15:37:53.248] [info] [LiDAR-Camera] [:]   调用示例:
[2026-04-30 15:37:53.248] [info] [LiDAR-Camera] [:]     ManualCalibSession::SessionConfig sess_cfg;
[2026-04-30 15:37:53.248] [info] [LiDAR-Camera] [:]     sess_cfg.save_dir = "./results/manual_sessions";
[2026-04-30 15:37:53.248] [info] [LiDAR-Camera] [:]     ManualCalibSession session(sess_cfg);
[2026-04-30 15:37:53.248] [info] [LiDAR-Camera] [:]     auto result = session.run_lidar_cam(scan, image, intrin, auto_result, auto_rms);
[2026-04-30 15:37:53.248] [info] [LiDAR-Camera] [:] 
[2026-04-30 15:37:53.248] [info] [LiDAR-Camera] [:] ╔═══════════════════════════════════════════════╗
[2026-04-30 15:37:53.248] [info] [LiDAR-Camera] [:] ║   UniCalib 两阶段标定流水线 — 开始            ║
[2026-04-30 15:37:53.248] [info] [LiDAR-Camera] [:] ║   Pipeline ID: pipeline_20260430_153753       ║
[2026-04-30 15:37:53.248] [info] [LiDAR-Camera] [:] ╚═══════════════════════════════════════════════╝
[2026-04-30 15:37:53.248] [info] [LiDAR-Camera] [:] [Coarse-AI/LiDAR-Cam] enable_coarse_lidar_cam=true → do_coarse=true
[15:37:53.249] [info] 
[15:37:53.249] [info] ━━━━━━━━━━━━━━━━━━━━━━━━━━━━━━━━━━━━━━━━━
[15:37:53.249] [info] ▶ 开始阶段: [Coarse-AI] 任务: [lidar_cam_extrin]
[15:37:53.249] [info]   描述: AI模型提供初始估计值
[15:37:53.249] [info] ━━━━━━━━━━━━━━━━━━━━━━━━━━━━━━━━━━━━━━━━━
[15:37:53.249] [info] [CALC] 粗标定阶段开始 task=lidar_cam_extrin
[15:37:53.249] [info] [Coarse-AI/LiDAR-Cam] 使用配置粗标定初值作为粗标定结果 t=[0.110,0.100,-0.030]m，精标定将以此起步
[15:37:53.249] [info] ━━━━━━━━━━━━━━━━━━━━━━━━━━━━━━━━━━━━━━━━━
[15:37:53.249] [info] ■ 结束阶段: [Coarse-AI] 任务: [lidar_cam_extrin]
[15:37:53.249] [info]   结果: ✓ 成功 | 残差RMS: 0.0000 | 耗时: 0 ms
[15:37:53.249] [info]   消息: 使用配置 initial_extrinsic 作为粗标定结果，精标定将以此起步
[15:37:53.249] [info] [CALC] 阶段结束 stage=Coarse-AI task=lidar_cam_extrin success=true residual_rms=0.000000 elapsed_ms=0.0 threshold=-1.0000
[15:37:53.249] [info] ━━━━━━━━━━━━━━━━━━━━━━━━━━━━━━━━━━━━━━━━━
[15:37:53.249] [info] 
[15:37:53.249] [info] ━━━━━━━━━━━━━━━━━━━━━━━━━━━━━━━━━━━━━━━━━
[15:37:53.249] [info] ▶ 开始阶段: [Fine-Auto] 任务: [lidar_cam_extrin]
[15:37:53.249] [info]   描述: 无目标优化
[15:37:53.249] [info] ━━━━━━━━━━━━━━━━━━━━━━━━━━━━━━━━━━━━━━━━━
[15:37:53.249] [info] [CALC] 精标定阶段开始 task=lidar_cam_extrin
[15:37:53.249] [info] [Fine-Auto] 任务: lidar_cam_extrin | 无目标优先: true
[15:37:53.249] [info] [Fine-Auto] 方法: 边缘对齐互信息 (EDGE_ALIGNMENT, 无目标)
[15:37:53.249] [info] [STAGE=lidar_cam_fine_auto] LiDAR-Camera 精标定 开始
[15:37:53.249] [info] [Fine-Auto/LiDAR-Cam] 开始执行精标定...
[15:37:53.249] [info]   [精标定数据源] 类型=ROS2_BAG  lidar_id=lidar_front
[15:37:53.249] [info]   ROS2 Bag: /root/calib_ws/data/nya_02_slam_imu_to_lidar/nya_02_ros2  LiDAR 话题: /os1_cloud_node1/points  相机话题: /left/image_raw
[15:37:53.249] [info] [Fine-Auto/LiDAR-Cam] 从 ROS2 加载数据...
[15:37:53.250] [info] [UnifiedDataLoader] 从 ROS2 加载数据...
[15:37:53.250] [info]   Bag 文件: /root/calib_ws/data/nya_02_slam_imu_to_lidar/nya_02_ros2
[15:37:53.250] [info]   实时模式: false
[15:37:53.250] [info] [Ros2BagDataSource] 打开 bag 文件: /root/calib_ws/data/nya_02_slam_imu_to_lidar/nya_02_ros2
[15:37:53.250] [info] [Ros2BagDataSource] 正在读取 metadata.yaml: /root/calib_ws/data/nya_02_slam_imu_to_lidar/nya_02_ros2/metadata.yaml
[15:37:53.250] [debug] [Ros2BagDataSource] 找到话题: /dji_sdk/imu (类型: sensor_msgs/msg/Imu, 消息数: 171462)
[15:37:53.250] [debug] [Ros2BagDataSource] 找到话题: /dji_sdk/attitude (类型: geometry_msgs/msg/QuaternionStamped, 消息数: 42866)
[15:37:53.250] [debug] [Ros2BagDataSource] 找到话题: /os1_cloud_node2/imu (类型: sensor_msgs/msg/Imu, 消息数: 42862)
[15:37:53.250] [debug] [Ros2BagDataSource] 找到话题: /os1_cloud_node1/imu (类型: sensor_msgs/msg/Imu, 消息数: 42862)
[15:37:53.250] [debug] [Ros2BagDataSource] 找到话题: /imu/imu (类型: sensor_msgs/msg/Imu, 消息数: 166428)
[15:37:53.250] [debug] [Ros2BagDataSource] 找到话题: /imu/magnetic_field (类型: sensor_msgs/msg/MagneticField, 消息数: 166428)
[15:37:53.250] [debug] [Ros2BagDataSource] 找到话题: /imu/temperature (类型: sensor_msgs/msg/Temperature, 消息数: 166428)
[15:37:53.250] [debug] [Ros2BagDataSource] 找到话题: /dji_sdk/gps_position (类型: sensor_msgs/msg/NavSatFix, 消息数: 21433)
[15:37:53.250] [debug] [Ros2BagDataSource] 找到话题: /dji_sdk/height_above_takeoff (类型: std_msgs/msg/Float32, 消息数: 21433)
[15:37:53.250] [debug] [Ros2BagDataSource] 找到话题: /dji_sdk/gps_health (类型: std_msgs/msg/UInt8, 消息数: 21433)
[15:37:53.250] [debug] [Ros2BagDataSource] 找到话题: /uwb_endorange_info (类型: uwb_driver/msg/UwbRange, 消息数: 25172)
[15:37:53.250] [debug] [Ros2BagDataSource] 找到话题: /left/image_raw (类型: sensor_msgs/msg/Image, 消息数: 4285)
[15:37:53.250] [debug] [Ros2BagDataSource] 找到话题: /right/image_raw (类型: sensor_msgs/msg/Image, 消息数: 4285)
[15:37:53.250] [debug] [Ros2BagDataSource] 找到话题: /os1_cloud_node1/points (类型: sensor_msgs/msg/PointCloud2, 消息数: 4287)
[15:37:53.250] [debug] [Ros2BagDataSource] 找到话题: /os1_cloud_node2/points (类型: sensor_msgs/msg/PointCloud2, 消息数: 4286)
[15:37:53.250] [debug] [Ros2BagDataSource] 找到话题: /uwb_exorange_info (类型: uwb_driver/msg/UwbEcho, 消息数: 2437)
[15:37:53.250] [debug] [Ros2BagDataSource] 找到话题: /node_pos_marker_sc (类型: visualization_msgs/msg/Marker, 消息数: 2437)
[15:37:53.250] [debug] [Ros2BagDataSource] 找到话题: /node_pos_sc (类型: nav_msgs/msg/Path, 消息数: 2437)
[15:37:53.250] [debug] [Ros2BagDataSource] 找到话题: /leica/pose/relative (类型: geometry_msgs/msg/PoseStamped, 消息数: 7679)
[15:37:53.250] [info] [Ros2BagDataSource] 使用配置的 LiDAR 话题: /os1_cloud_node1/points
[15:37:53.250] [info] [Ros2BagDataSource] 使用配置的相机话题: /left/image_raw
[15:37:53.250] [info] [Ros2BagDataSource] 使用配置的 IMU 话题: /imu/imu
[INFO] [1777534673.258020814] [rosbag2_storage]: Opened database '/root/calib_ws/data/nya_02_slam_imu_to_lidar/nya_02_ros2/nya_02_ros2.db3' for READ_ONLY.
[15:37:53.258] [info] [Ros2BagDataSource] Bag 已打开，开始读取消息...
[15:37:53.258] [info] [Ros2BagDataSource] 找到 19 个话题
[15:37:53.258] [info] [Ros2BagDataSource]  话题: /dji_sdk/imu  类型: sensor_msgs/msg/Imu  消息数: 171462
[15:37:53.258] [info] [Ros2BagDataSource]  话题: /dji_sdk/attitude  类型: geometry_msgs/msg/QuaternionStamped  消息数: 42866
[15:37:53.258] [info] [Ros2BagDataSource]  话题: /os1_cloud_node2/imu  类型: sensor_msgs/msg/Imu  消息数: 42862
[15:37:53.258] [info] [Ros2BagDataSource]  话题: /os1_cloud_node1/imu  类型: sensor_msgs/msg/Imu  消息数: 42862
[15:37:53.258] [info] [Ros2BagDataSource]  话题: /imu/imu  类型: sensor_msgs/msg/Imu  消息数: 166428
[15:37:53.258] [info] [Ros2BagDataSource]  话题: /imu/magnetic_field  类型: sensor_msgs/msg/MagneticField  消息数: 166428
[15:37:53.258] [info] [Ros2BagDataSource]  话题: /imu/temperature  类型: sensor_msgs/msg/Temperature  消息数: 166428
[15:37:53.258] [info] [Ros2BagDataSource]  话题: /dji_sdk/gps_position  类型: sensor_msgs/msg/NavSatFix  消息数: 21433
[15:37:53.258] [info] [Ros2BagDataSource]  话题: /dji_sdk/height_above_takeoff  类型: std_msgs/msg/Float32  消息数: 21433
[15:37:53.258] [info] [Ros2BagDataSource]  话题: /dji_sdk/gps_health  类型: std_msgs/msg/UInt8  消息数: 21433
[15:37:53.258] [info] [Ros2BagDataSource]  话题: /uwb_endorange_info  类型: uwb_driver/msg/UwbRange  消息数: 25172
[15:37:53.258] [info] [Ros2BagDataSource]  话题: /left/image_raw  类型: sensor_msgs/msg/Image  消息数: 4285
[15:37:53.258] [info] [Ros2BagDataSource]  话题: /right/image_raw  类型: sensor_msgs/msg/Image  消息数: 4285
[15:37:53.258] [info] [Ros2BagDataSource]  话题: /os1_cloud_node1/points  类型: sensor_msgs/msg/PointCloud2  消息数: 4287
[15:37:53.258] [info] [Ros2BagDataSource]  话题: /os1_cloud_node2/points  类型: sensor_msgs/msg/PointCloud2  消息数: 4286
[15:37:53.258] [info] [Ros2BagDataSource]  话题: /uwb_exorange_info  类型: uwb_driver/msg/UwbEcho  消息数: 2437
[15:37:53.258] [info] [Ros2BagDataSource]  话题: /node_pos_marker_sc  类型: visualization_msgs/msg/Marker  消息数: 2437
[15:37:53.258] [info] [Ros2BagDataSource]  话题: /node_pos_sc  类型: nav_msgs/msg/Path  消息数: 2437
[15:37:53.258] [info] [Ros2BagDataSource]  话题: /leica/pose/relative  类型: geometry_msgs/msg/PoseStamped  消息数: 7679
[15:37:53.258] [info] [Ros2BagDataSource] 将加载 bag 内所有 IMU / LiDAR / 相机话题，加载后可通过 sensor_id 或话题名选择使用
[15:37:53.747] [debug]   收集 IMU [/dji_sdk/imu] 帧数: 5000
[15:37:53.772] [debug]   收集 IMU [/imu/imu] 帧数: 5000
[15:37:54.233] [debug]   收集 IMU [/dji_sdk/imu] 帧数: 10000
[15:37:54.306] [debug]   收集 IMU [/imu/imu] 帧数: 10000
[15:37:54.729] [debug]   收集 IMU [/dji_sdk/imu] 帧数: 15000
[15:37:54.783] [debug]   收集 IMU [/imu/imu] 帧数: 15000
[15:37:55.199] [debug]   收集 LiDAR [/os1_cloud_node1/points] 帧数: 500
[15:37:55.200] [debug]   收集 LiDAR [/os1_cloud_node2/points] 帧数: 500
[15:37:55.201] [debug]   收集相机 [/left/image_raw] 帧数: 500
[15:37:55.201] [debug]   收集相机 [/right/image_raw] 帧数: 500
[15:37:55.201] [debug]   收集 IMU [/dji_sdk/imu] 帧数: 20000
[15:37:55.201] [debug]   收集 IMU [/os1_cloud_node1/imu] 帧数: 5000
[15:37:55.201] [debug]   收集 IMU [/os1_cloud_node2/imu] 帧数: 5000
[15:37:55.271] [debug]   收集 IMU [/imu/imu] 帧数: 20000
[15:37:55.643] [debug]   收集 IMU [/dji_sdk/imu] 帧数: 25000
[15:37:55.735] [debug]   收集 IMU [/imu/imu] 帧数: 25000
[15:37:56.114] [debug]   收集 IMU [/dji_sdk/imu] 帧数: 30000
[15:37:56.252] [debug]   收集 IMU [/imu/imu] 帧数: 30000
[15:37:56.648] [debug]   收集 IMU [/dji_sdk/imu] 帧数: 35000
[15:37:56.765] [debug]   收集 IMU [/imu/imu] 帧数: 35000
[15:37:57.151] [debug]   收集 LiDAR [/os1_cloud_node1/points] 帧数: 1000
[15:37:57.151] [debug]   收集 LiDAR [/os1_cloud_node2/points] 帧数: 1000
[15:37:57.152] [debug]   收集相机 [/left/image_raw] 帧数: 1000
[15:37:57.153] [debug]   收集相机 [/right/image_raw] 帧数: 1000
[15:37:57.153] [debug]   收集 IMU [/dji_sdk/imu] 帧数: 40000
[15:37:57.153] [debug]   收集 IMU [/os1_cloud_node1/imu] 帧数: 10000
[15:37:57.153] [debug]   收集 IMU [/os1_cloud_node2/imu] 帧数: 10000
[15:37:57.296] [debug]   收集 IMU [/imu/imu] 帧数: 40000
[15:37:57.633] [debug]   收集 IMU [/dji_sdk/imu] 帧数: 45000
[15:37:57.777] [debug]   收集 IMU [/imu/imu] 帧数: 45000
[15:37:58.086] [debug]   收集 IMU [/dji_sdk/imu] 帧数: 50000
[15:37:58.230] [debug]   收集 IMU [/imu/imu] 帧数: 50000
[15:37:58.534] [debug]   收集 IMU [/dji_sdk/imu] 帧数: 55000
[15:37:58.693] [debug]   收集 IMU [/imu/imu] 帧数: 55000
[15:37:58.984] [debug]   收集 LiDAR [/os1_cloud_node1/points] 帧数: 1500
[15:37:58.986] [debug]   收集 LiDAR [/os1_cloud_node2/points] 帧数: 1500
[15:37:58.986] [debug]   收集 IMU [/dji_sdk/imu] 帧数: 60000
[15:37:58.987] [debug]   收集相机 [/left/image_raw] 帧数: 1500
[15:37:58.988] [debug]   收集相机 [/right/image_raw] 帧数: 1500
[15:37:58.988] [debug]   收集 IMU [/os1_cloud_node1/imu] 帧数: 15000
[15:37:58.988] [debug]   收集 IMU [/os1_cloud_node2/imu] 帧数: 15000
[15:38:00.166] [debug]   收集 IMU [/imu/imu] 帧数: 60000
[15:38:12.242] [debug]   收集 IMU [/dji_sdk/imu] 帧数: 65000
[15:38:13.089] [debug]   收集 IMU [/imu/imu] 帧数: 65000
[15:38:13.401] [debug]   收集 IMU [/dji_sdk/imu] 帧数: 70000
[15:38:13.615] [debug]   收集 IMU [/imu/imu] 帧数: 70000
[15:38:13.865] [debug]   收集 IMU [/dji_sdk/imu] 帧数: 75000
[15:38:14.075] [debug]   收集 IMU [/imu/imu] 帧数: 75000
[15:38:14.295] [debug]   收集 LiDAR [/os1_cloud_node1/points] 帧数: 2000
[15:38:14.298] [debug]   收集 LiDAR [/os1_cloud_node2/points] 帧数: 2000
[15:38:14.298] [debug]   收集 IMU [/dji_sdk/imu] 帧数: 80000
[15:38:14.298] [debug]   收集 IMU [/os1_cloud_node1/imu] 帧数: 20000
[15:38:14.298] [debug]   收集 IMU [/os1_cloud_node2/imu] 帧数: 20000
[15:38:14.300] [debug]   收集相机 [/left/image_raw] 帧数: 2000
[15:38:14.300] [debug]   收集相机 [/right/image_raw] 帧数: 2000
[15:38:14.540] [debug]   收集 IMU [/imu/imu] 帧数: 80000
[15:38:14.762] [debug]   收集 IMU [/dji_sdk/imu] 帧数: 85000
[15:38:14.999] [debug]   收集 IMU [/imu/imu] 帧数: 85000
[15:38:15.236] [debug]   收集 IMU [/dji_sdk/imu] 帧数: 90000
[15:38:15.573] [debug]   收集 IMU [/imu/imu] 帧数: 90000
[15:38:15.853] [debug]   收集 IMU [/dji_sdk/imu] 帧数: 95000
[15:38:16.203] [debug]   收集 IMU [/imu/imu] 帧数: 95000
[15:38:19.319] [debug]   收集 LiDAR [/os1_cloud_node1/points] 帧数: 2500
[15:38:19.321] [debug]   收集 LiDAR [/os1_cloud_node2/points] 帧数: 2500
[15:38:19.321] [debug]   收集 IMU [/dji_sdk/imu] 帧数: 100000
[15:38:19.321] [debug]   收集 IMU [/os1_cloud_node1/imu] 帧数: 25000
[15:38:19.321] [debug]   收集 IMU [/os1_cloud_node2/imu] 帧数: 25000
[15:38:19.323] [debug]   收集相机 [/left/image_raw] 帧数: 2500
[15:38:19.323] [debug]   收集相机 [/right/image_raw] 帧数: 2500
[15:38:30.211] [debug]   收集 IMU [/imu/imu] 帧数: 100000
[15:38:30.451] [debug]   收集 IMU [/dji_sdk/imu] 帧数: 105000
[15:38:30.834] [debug]   收集 IMU [/imu/imu] 帧数: 105000
[15:38:31.059] [debug]   收集 IMU [/dji_sdk/imu] 帧数: 110000
[15:38:31.511] [debug]   收集 IMU [/imu/imu] 帧数: 110000
[15:38:31.721] [debug]   收集 IMU [/dji_sdk/imu] 帧数: 115000
[15:38:32.134] [debug]   收集 IMU [/imu/imu] 帧数: 115000
[15:38:32.339] [debug]   收集 LiDAR [/os1_cloud_node1/points] 帧数: 3000
[15:38:32.343] [debug]   收集 LiDAR [/os1_cloud_node2/points] 帧数: 3000
[15:38:32.344] [debug]   收集 IMU [/dji_sdk/imu] 帧数: 120000
[15:38:32.345] [debug]   收集 IMU [/os1_cloud_node1/imu] 帧数: 30000
[15:38:32.345] [debug]   收集 IMU [/os1_cloud_node2/imu] 帧数: 30000
[15:38:32.347] [debug]   收集相机 [/left/image_raw] 帧数: 3000
[15:38:32.347] [debug]   收集相机 [/right/image_raw] 帧数: 3000
[15:38:32.916] [debug]   收集 IMU [/imu/imu] 帧数: 120000
[15:38:33.108] [debug]   收集 IMU [/dji_sdk/imu] 帧数: 125000
[15:38:33.536] [debug]   收集 IMU [/imu/imu] 帧数: 125000
[15:38:33.699] [debug]   收集 IMU [/dji_sdk/imu] 帧数: 130000
[15:38:34.153] [debug]   收集 IMU [/imu/imu] 帧数: 130000
[15:38:34.483] [debug]   收集 IMU [/dji_sdk/imu] 帧数: 135000
[15:38:34.910] [debug]   收集 IMU [/imu/imu] 帧数: 135000
[15:38:34.991] [debug]   收集 LiDAR [/os1_cloud_node1/points] 帧数: 3500
[15:38:34.992] [debug]   收集 LiDAR [/os1_cloud_node2/points] 帧数: 3500
[15:38:34.994] [debug]   收集 IMU [/dji_sdk/imu] 帧数: 140000
[15:38:34.996] [debug]   收集 IMU [/os1_cloud_node1/imu] 帧数: 35000
[15:38:34.996] [debug]   收集 IMU [/os1_cloud_node2/imu] 帧数: 35000
[15:38:34.999] [debug]   收集相机 [/left/image_raw] 帧数: 3500
[15:38:35.000] [debug]   收集相机 [/right/image_raw] 帧数: 3500
[15:38:35.355] [debug]   收集 IMU [/imu/imu] 帧数: 140000
[15:38:35.416] [debug]   收集 IMU [/dji_sdk/imu] 帧数: 145000
[15:38:35.820] [debug]   收集 IMU [/imu/imu] 帧数: 145000
[15:38:35.874] [debug]   收集 IMU [/dji_sdk/imu] 帧数: 150000
[15:38:36.264] [debug]   收集 IMU [/imu/imu] 帧数: 150000
[15:38:36.303] [debug]   收集 IMU [/dji_sdk/imu] 帧数: 155000
[15:38:36.732] [debug]   收集 IMU [/imu/imu] 帧数: 155000
[15:38:36.758] [debug]   收集 LiDAR [/os1_cloud_node1/points] 帧数: 4000
[15:38:36.760] [debug]   收集 LiDAR [/os1_cloud_node2/points] 帧数: 4000
[15:38:36.761] [debug]   收集 IMU [/dji_sdk/imu] 帧数: 160000
[15:38:36.763] [debug]   收集 IMU [/os1_cloud_node1/imu] 帧数: 40000
[15:38:36.763] [debug]   收集 IMU [/os1_cloud_node2/imu] 帧数: 40000
[15:38:36.766] [debug]   收集相机 [/left/image_raw] 帧数: 4000
[15:38:36.766] [debug]   收集相机 [/right/image_raw] 帧数: 4000
[15:38:37.282] [debug]   收集 IMU [/imu/imu] 帧数: 160000
[15:38:37.295] [debug]   收集 IMU [/dji_sdk/imu] 帧数: 165000
[15:38:37.787] [debug]   收集 IMU [/imu/imu] 帧数: 165000
[15:38:37.788] [debug]   收集 IMU [/dji_sdk/imu] 帧数: 170000
[15:38:37.960] [info] [Ros2BagDataSource] 加载完成 (所有话题按话题名存储，可通过 sensor_id 或话题名选择):
[15:38:37.960] [info]   LiDAR [/os1_cloud_node1/points]: 4287 帧
[15:38:37.960] [info]   LiDAR [/os1_cloud_node2/points]: 4286 帧
[15:38:37.960] [info]   相机 [/left/image_raw]: 4285 帧
[15:38:37.960] [info]   相机 [/right/image_raw]: 4285 帧
[15:38:37.960] [info]   IMU [/dji_sdk/imu]: 171462 帧
[15:38:37.960] [info]   IMU [/imu/imu]: 166428 帧
[15:38:37.960] [info]   IMU [/os1_cloud_node1/imu]: 42862 帧
[15:38:37.960] [info]   IMU [/os1_cloud_node2/imu]: 42862 帧
[15:38:37.960] [info]   选用 LiDAR  lidar_front -> /os1_cloud_node1/points
[15:38:37.960] [info]   选用 相机  cam_left -> /left/image_raw
[15:38:37.960] [info]   选用 IMU    imu_0 -> /imu/imu
[15:38:37.961] [info]   时间范围: 1609045331.127 - 1609045759.771 秒
[15:38:37.961] [info] [Ros2BagDataSource] 应用采样/帧数限制...
[15:38:38.103] [info]   LiDAR /os1_cloud_node1/points 采样后: 800 帧
[15:38:38.140] [info]   LiDAR /os1_cloud_node2/points 采样后: 800 帧
[15:38:38.172] [info]   相机 /left/image_raw 采样后: 800 帧
[15:38:38.222] [info]   相机 /right/image_raw 采样后: 800 帧
[15:38:38.226] [info] [Fine-Auto/LiDAR-Cam] LiDAR 加载完成: 800 帧 (将按相机逐路取帧)
[15:38:38.228] [info] 读取相机内参: ./results/camera_intrinsic/camera_intrinsic_cam_left.yaml
[15:38:38.230] [info]   fx=425.03 fy=426.80 cx=386.02 cy=241.91 dist=4
[15:38:38.230] [info] [Fine-Auto/LiDAR-Cam] 步骤: LiDAR-Camera 标定 相机=cam_left (方法: 边缘对齐)
[15:38:38.233] [info] [CalibVisualizer] 初始化完成
[15:38:38.233] [info] [Fine-Auto/LiDAR-Cam] 可视化已启用：仅标定结束后显示一帧「图像+点云投影」叠加，不创建 3D 窗口、不泵送其他帧
[15:38:38.233] [info] [Fine-Auto/LiDAR-Cam] 使用粗标定初值 t=[0.110,0.100,-0.030]m
[15:38:38.239] [info] [Fine-Auto] 结果已保存: ./results/lidar_camera_extrinsic/lidar_cam_cam_left_extrinsic.yaml
[15:38:38.239] [info] [Viz] 即将生成投影图并保存到 ./results/lidar_camera_extrinsic/lidar_cam_cam_left_projection.png
[15:38:38.266] [info] 投影可视化保存: ./results/lidar_camera_extrinsic/lidar_cam_cam_left_projection.png
[15:38:38.266] [info] [Viz] 投影图已保存（仅使用配置初值，未做精标定）
[15:38:38.266] [info] [Fine-Auto/LiDAR-Cam] 相机 cam_left 已使用配置初值跳过精标定，直接供手动微调
[15:38:38.266] [info] [Viz/Display] 即将关闭可视化窗口 原因=用户关闭或流程结束 pangolin_running=false
[15:38:38.266] [warning] [Fine-Auto/LiDAR-Cam] 相机 cam_right 无帧，跳过
[15:38:38.266] [warning] [Fine-Auto/LiDAR-Cam] 相机 cam_front 无帧，跳过
[15:38:38.266] [warning] [Fine-Auto/LiDAR-Cam] 相机 cam_rear 无帧，跳过
[15:38:38.267] [info] [Fine-Auto/LiDAR-Cam] 精标定完成: 1 个相机  最大 RMS=0.0000 px
[15:38:38.267] [info] [STAGE=lidar_cam_fine_auto] LiDAR-Camera 精标定 完成
[15:38:38.267] [info] [Fine-Auto/LiDAR-Cam] RMS 阈值=2.00 px  最大 RMS=0.0000 px  在阈值内
[15:38:38.589] [info] ━━━━━━━━━━━━━━━━━━━━━━━━━━━━━━━━━━━━━━━━━
[15:38:38.589] [info] ■ 结束阶段: [Fine-Auto] 任务: [lidar_cam_extrin]
[15:38:38.589] [info]   结果: ✓ 成功 | 残差RMS: 0.0000 | 耗时: 45339 ms
[15:38:38.589] [info]   消息: LiDAR-Camera 精标定完成: 1 个相机, 最大 RMS=0.000000 px
[15:38:38.589] [info] [CALC] 阶段结束 stage=Fine-Auto task=lidar_cam_extrin success=true residual_rms=0.000000 elapsed_ms=45017.5 threshold=2.0000
[15:38:38.589] [info] ━━━━━━━━━━━━━━━━━━━━━━━━━━━━━━━━━━━━━━━━━
[15:38:38.590] [info] [Pipeline] 用户已启用手动校准 (--manual), 进入 6-DOF 调整
[15:38:38.590] [info] 
[15:38:38.590] [info] ━━━━━━━━━━━━━━━━━━━━━━━━━━━━━━━━━━━━━━━━━
[15:38:38.590] [info] ▶ 开始阶段: [Manual-Refine] 任务: [lidar_cam_extrin]
[15:38:38.590] [info]   描述: 手动校准: 6-DOF 交互式调整
[15:38:38.590] [info] ━━━━━━━━━━━━━━━━━━━━━━━━━━━━━━━━━━━━━━━━━
[15:38:38.590] [info] [Manual-Refine] 任务: lidar_cam_extrin
[15:38:38.590] [info] [Manual-Refine] 操作说明: Q/A Roll  W/S Pitch  E/D Yaw  R/F Tx  T/G Ty  Y/H Tz  U Undo  Enter 接受  Esc 取消
[15:38:38.590] [info] [ManualSession] 会话ID: session_2026-04-30_15-38-38
[15:38:38.590] [info] [ManualSession] 保存目录: ./results/manual_sessions
[15:38:38.590] [info] [Manual-Refine] 已打开 6-DOF 可视化调整窗口，请在本窗口内按键微调后 Enter 接受或 Esc 取消
[15:38:38.590] [info] [Manual-Refine] LiDAR-Camera 手动调整仅使用首帧匹配数据（第 0 帧点云 + 第 0 帧图像）
[15:38:38.590] [info] [ManualSession] 启动 LiDAR-Camera 手动校准
[15:38:38.590] [info] [ManualSession] 自动标定 RMS: 0.0000 px (阈值建议 < 2.0px)
[15:38:38.590] [debug] [ManualSession] 事件: lidar_cam_start | auto_rms=0.000000
[15:38:38.590] [info] [ManualAdjust] 初始外参:
[15:38:38.590] [info] [ManualAdjust] 当前外参 [lidar_front→cam_left]:
[15:38:38.590] [info]   旋转 RPY: (4.7785, -89.5500, -95.6685) deg
[15:38:38.590] [info]   平移 XYZ: (0.1100, 0.1000, -0.0300) m
[15:38:38.590] [info] [ManualSession] ===== 手动校准操作说明 =====
[15:38:38.590] [info]   Q/A: Roll ±0.1deg   W/S: Pitch ±0.1deg   E/D: Yaw ±0.1deg
[15:38:38.590] [info]   R/F: Tx ±0.5cm   T/G: Ty ±0.5cm   Y/H: Tz ±0.5cm
[15:38:38.590] [info]   Shift+键: 10倍步长
[15:38:38.590] [info]   P: 进入点击精化模式  U: 撤销  Z: 重做
[15:38:38.590] [info]   S: 保存  ESC: 接受并退出
[15:38:38.590] [info]   点云投影质量越高 (边缘对齐越好) 表示标定越准确
[15:38:38.607] [info] [ManualAdjust] 结果已保存: ./results/lidar_camera_extrinsic/manual_extrinsic_20260430_153838_initial.yaml
[15:38:38.607] [info] [ManualCalib] 交互窗口启动前已自动保存初始状态快照（备用）:
[15:38:38.607] [info]   - 投影图: ./results/lidar_camera_extrinsic/manual_projection_20260430_153838_initial.png
[15:38:38.607] [info]   - 点云:   ./results/lidar_camera_extrinsic/manual_cloud_20260430_153838_initial.pcd
[15:38:38.607] [info]   - 外参:   ./results/lidar_camera_extrinsic/manual_extrinsic_20260430_153838_initial.yaml

(unicalib_lidar_camera:144): dbind-WARNING **: 15:38:38.662: Couldn't connect to accessibility bus: Failed to connect to socket /run/user/1000/at-spi/bus_1: No such file or directory
[15:38:38.705] [info] [ManualCalib] 3D 点云窗口已禁用（避免 VTK 闪退），请在 2D 投影窗口进行微调。按下 'S' 键可手动保存当前微调结果图片和点云。
[15:38:38.705] [info] [ManualCalib] 初始位姿 T_lidar_to_cam:
[15:38:38.705] [info]   - Translation: 0.1100, 0.1000, -0.0300
[15:38:38.705] [info]   - RPY (deg):   90.4485, 179.1102, 89.9555
[15:38:42.264] [info] [ManualSession] 用户取消，保留自动标定结果
[15:38:42.265] [debug] [ManualSession] 事件: lidar_cam_end | final_rms=0.000000
[15:38:42.265] [info] [ManualSession] 会话已保存: ./results/manual_sessions/session_2026-04-30_15-38-38.yaml
[15:38:42.265] [info] ━━━━━━━━━━━━━━━━━━━━━━━━━━━━━━━━━━━━━━━━━
[15:38:42.265] [info] ■ 结束阶段: [Manual-Refine] 任务: [lidar_cam_extrin]
[15:38:42.265] [info]   结果: ✓ 成功 | 残差RMS: 0.0000 | 耗时: 3675 ms
[15:38:42.265] [info]   消息: LiDAR-Camera 手动调整完成
[15:38:42.265] [info] [CALC] 阶段结束 stage=Manual-Refine task=lidar_cam_extrin success=true residual_rms=0.000000 elapsed_ms=3675.5 threshold=-1.0000
[15:38:42.265] [info] ━━━━━━━━━━━━━━━━━━━━━━━━━━━━━━━━━━━━━━━━━
[15:38:42.265] [info] ====== Pipeline Report: pipeline_20260430_153753 ======
[15:38:42.265] [info]   Total time: 48693.0 ms
[15:38:42.265] [info]   All stages succeeded: YES
[15:38:42.265] [info]   标定质量: 各阶段 RMS 均在阈值内
[15:38:42.265] [info]   [Coarse-AI-lidar_cam_extrin] success=true rms=0.0000 time=0.0ms: 使用配置 initial_extrinsic 作为粗标定结果，精标定将以此起步
[15:38:42.265] [info]   [Fine-Auto-lidar_cam_extrin] success=true rms=0.0000 time=45017.5ms: LiDAR-Camera 精标定完成: 1 个相机, 最大 RMS=0.000000 px
[15:38:42.265] [info]   [Manual-Refine-lidar_cam_extrin] success=true rms=0.0000 time=3675.5ms: LiDAR-Camera 手动调整完成

╔══════════════════════════════════════════════════════╗
║              标定参数汇总                            ║
╠══════════════════════════════════════════════════════╣
║ 外参:
║   lidar_front->cam_left:
║     R(RPY°): [4.78, -89.55, -95.67]
║     T(m):    [0.11, 0.10, -0.03]
║     时偏(s): 0.00
║     RMS:     0.00 ✗
╚══════════════════════════════════════════════════════╝

[15:38:42.266] [info] ================================
[15:38:42.266] [info] Pipeline report saved: ./results/pipeline_report_20260430_153753.yaml
[15:38:42.267] [info] ====== Pipeline Report: pipeline_20260430_153753 ======
[15:38:42.267] [info]   Total time: 48693.0 ms
[15:38:42.267] [info]   All stages succeeded: YES
[15:38:42.267] [info]   标定质量: 各阶段 RMS 均在阈值内
[15:38:42.267] [info]   [Coarse-AI-lidar_cam_extrin] success=true rms=0.0000 time=0.0ms: 使用配置 initial_extrinsic 作为粗标定结果，精标定将以此起步
[15:38:42.267] [info]   [Fine-Auto-lidar_cam_extrin] success=true rms=0.0000 time=45017.5ms: LiDAR-Camera 精标定完成: 1 个相机, 最大 RMS=0.000000 px
[15:38:42.267] [info]   [Manual-Refine-lidar_cam_extrin] success=true rms=0.0000 time=3675.5ms: LiDAR-Camera 手动调整完成

╔══════════════════════════════════════════════════════╗
║              标定参数汇总                            ║
╠══════════════════════════════════════════════════════╣
║ 外参:
║   lidar_front->cam_left:
║     R(RPY°): [4.78, -89.55, -95.67]
║     T(m):    [0.11, 0.10, -0.03]
║     时偏(s): 0.00
║     RMS:     0.00 ✗
╚══════════════════════════════════════════════════════╝

[15:38:42.267] [info] ================================
[15:38:42.267] [info] ━━━━━━━━━━━━━━━━━━━━━━━━━━━━━━━━━━━━
[15:38:42.267] [info] LiDAR-Camera 标定流程完成
[15:38:42.267] [info] 结果目录: ./results
[15:38:42.267] [info] 标定流程正常退出 exit_code=0
[15:38:42.267] [info] ━━━━━━━━━━━━━━━━━━━━━━━━━━━━━━━━━━━━
