
 ╔═══════════════════════════════════════════════════════╗
 ║   UniCalib — LiDAR-Camera 外参标定                    ║
 ║   两阶段: AI粗标定(MIAS-LCEC) → 无目标边缘精标定      ║
 ║   手动校准: --manual 触发 6-DOF 交互式调整             ║
 ╚═══════════════════════════════════════════════════════╝

[2026-04-08 20:27:12.984] [info] [LiDAR-Camera] [:] ━━━━━━━━━━━━━━━━━━━━━━━━━━━━━━━━━━━━
[2026-04-08 20:27:12.984] [info] [LiDAR-Camera] [:] 配置文件: /root/calib_ws/calib_unified/config/unicalib_example.yaml
[2026-04-08 20:27:12.984] [info] [LiDAR-Camera] [:] 输出目录: /root/calib_ws/results
[2026-04-08 20:27:12.984] [info] [LiDAR-Camera] [:] 数据根目录: /root/calib_ws/data (--data-dir 或 CALIB_DATA_DIR)
[2026-04-08 20:27:12.984] [info] [LiDAR-Camera] [:] 精标定方法: edge (无目标优先=true)
[2026-04-08 20:27:12.984] [info] [LiDAR-Camera] [:] AI粗标定: true | 手动校准: false
[2026-04-08 20:27:12.984] [info] [LiDAR-Camera] [:] ━━━━━━━━━━━━━━━━━━━━━━━━━━━━━━━━━━━━
[2026-04-08 20:27:12.985] [info] [LiDAR-Camera] [:] 读取系统配置: /root/calib_ws/calib_unified/config/unicalib_example.yaml
[2026-04-08 20:27:12.987] [info] [LiDAR-Camera] [:]   IMU: 1, LiDAR: 2, Camera: 2
[2026-04-08 20:27:12.987] [info] [LiDAR-Camera] [:] ━━━━━━━━━━━━━━━━━━━━━━━━━━━━━━━━━━━━ [数据路径] ━━━━━━━━━━━━━━━━━━━━━━━━━━━━━
[2026-04-08 20:27:12.987] [info] [LiDAR-Camera] [:]   数据路径来源: 统一格式 (data.lidar.<id> / data.camera.<id>.images_dir)
[2026-04-08 20:27:12.987] [info] [LiDAR-Camera] [:]   配置原始值 — lidar:  lidar_pcd
[2026-04-08 20:27:12.987] [info] [LiDAR-Camera] [:]   配置原始值 — camera: Image/img0
[2026-04-08 20:27:12.987] [info] [LiDAR-Camera] [:]   base_data_dir:  /root/calib_ws/data
[2026-04-08 20:27:12.987] [info] [LiDAR-Camera] [:]   base 来源: 命令行 --data-dir
[2026-04-08 20:27:12.987] [info] [LiDAR-Camera] [:]   lidar_dir:      /root/calib_ws/data/lidar_pcd
[2026-04-08 20:27:12.987] [info] [LiDAR-Camera] [:]     → 相对路径，已与 base 拼接
[2026-04-08 20:27:12.987] [info] [LiDAR-Camera] [:]     → 存在: 是
[2026-04-08 20:27:12.987] [info] [LiDAR-Camera] [:]   camera_dir:     /root/calib_ws/data/Image/img0
[2026-04-08 20:27:12.987] [info] [LiDAR-Camera] [:]     → 相对路径，已与 base 拼接
[2026-04-08 20:27:12.987] [info] [LiDAR-Camera] [:]     → 存在: 是
[2026-04-08 20:27:12.987] [info] [LiDAR-Camera] [:]   【数据就绪】是 — 点云与图像目录均存在，将执行精标定
[2026-04-08 20:27:12.987] [info] [LiDAR-Camera] [:]   说明: 使用 --dataset 时请将 data.lidar/data.camera 设为相对 base 的路径（如 pcd、images），不要使用 /path/to/... 占位符
[2026-04-08 20:27:12.987] [info] [LiDAR-Camera] [:] ━━━━━━━━━━━━━━━━━━━━━━━━━━━━━━━━━━━━━━━━━━━━━━━━━━━━━━━━━━━━━━━━━━━━━━━━━━━━
[2026-04-08 20:27:12.987] [info] [LiDAR-Camera] [:] [LiDAR-Cam] use_config_extrinsic_only=true：跳过 AI 粗标定，将使用配置 initial_extrinsic 直接进入精标定/手动微调
[2026-04-08 20:27:12.987] [info] [LiDAR-Camera] [:] 读取系统配置: /root/calib_ws/calib_unified/config/unicalib_example.yaml
[2026-04-08 20:27:12.988] [info] [LiDAR-Camera] [:]   IMU: 1, LiDAR: 2, Camera: 2
[2026-04-08 20:27:12.988] [info] [LiDAR-Camera] [:] 读取系统配置: /root/calib_ws/calib_unified/config/unicalib_example.yaml
[2026-04-08 20:27:12.989] [info] [LiDAR-Camera] [:]   IMU: 1, LiDAR: 2, Camera: 2
[2026-04-08 20:27:12.989] [info] [LiDAR-Camera] [:] [数据源] 类型=FILES  lidar_dir=/root/calib_ws/data/lidar_pcd  camera_dir=/root/calib_ws/data/Image/img0
[2026-04-08 20:27:12.989] [info] [LiDAR-Camera] [:]   内参将从相机标定结果读取: ./results/camera_intrinsic/camera_intrinsic_cam_left.yaml (camera_id=cam_left)
[2026-04-08 20:27:12.989] [info] [LiDAR-Camera] [:]   内参将从相机标定结果读取: ./results/camera_intrinsic/camera_intrinsic_cam_right.yaml (camera_id=cam_right)
[2026-04-08 20:27:12.989] [info] [LiDAR-Camera] [:] [CalibPipeline] 初始化 ID=pipeline_20260408_202712
[2026-04-08 20:27:12.989] [info] [LiDAR-Camera] [:] [CalibPipeline] 输出目录: ./results
[2026-04-08 20:27:12.989] [info] [LiDAR-Camera] [:] [CalibPipeline] 无目标优先: true
[2026-04-08 20:27:12.989] [info] [LiDAR-Camera] [:] [CalibPipeline] 任务掩码: 0x10
[2026-04-08 20:27:12.989] [info] [LiDAR-Camera] [:] ▶ Stage 2: 精标定 (方法=edge)
[2026-04-08 20:27:12.990] [info] [LiDAR-Camera] [:] 
[2026-04-08 20:27:12.990] [info] [LiDAR-Camera] [:] ╔═══════════════════════════════════════════════╗
[2026-04-08 20:27:12.990] [info] [LiDAR-Camera] [:] ║   UniCalib 两阶段标定流水线 — 开始            ║
[2026-04-08 20:27:12.990] [info] [LiDAR-Camera] [:] ║   Pipeline ID: pipeline_20260408_202712       ║
[2026-04-08 20:27:12.990] [info] [LiDAR-Camera] [:] ╚═══════════════════════════════════════════════╝
[2026-04-08 20:27:12.990] [info] [LiDAR-Camera] [:] [Coarse-AI/LiDAR-Cam] enable_coarse_lidar_cam=true → do_coarse=true
[20:27:12.990] [info] 
[20:27:12.990] [info] ━━━━━━━━━━━━━━━━━━━━━━━━━━━━━━━━━━━━━━━━━
[20:27:12.990] [info] ▶ 开始阶段: [Coarse-AI] 任务: [lidar_cam_extrin]
[20:27:12.990] [info]   描述: AI模型提供初始估计值
[20:27:12.990] [info] ━━━━━━━━━━━━━━━━━━━━━━━━━━━━━━━━━━━━━━━━━
[20:27:12.990] [info] [CALC] 粗标定阶段开始 task=lidar_cam_extrin
[20:27:12.990] [info] [Coarse-AI/LiDAR-Cam] 使用配置粗标定初值作为粗标定结果 t=[0.123,0.040,-0.058]m，精标定将以此起步
[20:27:12.990] [info] ━━━━━━━━━━━━━━━━━━━━━━━━━━━━━━━━━━━━━━━━━
[20:27:12.990] [info] ■ 结束阶段: [Coarse-AI] 任务: [lidar_cam_extrin]
[20:27:12.990] [info]   结果: ✓ 成功 | 残差RMS: 0.0000 | 耗时: 0 ms
[20:27:12.990] [info]   消息: 使用配置 initial_extrinsic 作为粗标定结果，精标定将以此起步
[20:27:12.990] [info] [CALC] 阶段结束 stage=Coarse-AI task=lidar_cam_extrin success=true residual_rms=0.000000 elapsed_ms=0.0 threshold=-1.0000
[20:27:12.990] [info] ━━━━━━━━━━━━━━━━━━━━━━━━━━━━━━━━━━━━━━━━━
[20:27:12.990] [info] 
[20:27:12.990] [info] ━━━━━━━━━━━━━━━━━━━━━━━━━━━━━━━━━━━━━━━━━
[20:27:12.990] [info] ▶ 开始阶段: [Fine-Auto] 任务: [lidar_cam_extrin]
[20:27:12.990] [info]   描述: 无目标优化
[20:27:12.990] [info] ━━━━━━━━━━━━━━━━━━━━━━━━━━━━━━━━━━━━━━━━━
[20:27:12.990] [info] [CALC] 精标定阶段开始 task=lidar_cam_extrin
[20:27:12.990] [info] [Fine-Auto] 任务: lidar_cam_extrin | 无目标优先: true
[20:27:12.990] [info] [Fine-Auto] 方法: 边缘对齐互信息 (EDGE_ALIGNMENT, 无目标)
[20:27:12.990] [info] [STAGE=lidar_cam_fine_auto] LiDAR-Camera 精标定 开始
[20:27:12.990] [info] [Fine-Auto/LiDAR-Cam] 开始执行精标定...
[20:27:12.990] [info]   [精标定数据源] 类型=FILES  lidar_id=lidar_front
[20:27:12.990] [info]   文件目录: lidar=/root/calib_ws/data/lidar_pcd  camera=/root/calib_ws/data/Image/img0
[20:27:12.990] [info] [Fine-Auto/LiDAR-Cam] 步骤: 从文件加载点云
Failed to find match for field 'intensity'.
Failed to find match for field 'intensity'.
Failed to find match for field 'intensity'.
Failed to find match for field 'intensity'.
Failed to find match for field 'intensity'.
Failed to find match for field 'intensity'.
Failed to find match for field 'intensity'.
Failed to find match for field 'intensity'.
Failed to find match for field 'intensity'.
Failed to find match for field 'intensity'.
Failed to find match for field 'intensity'.
Failed to find match for field 'intensity'.
Failed to find match for field 'intensity'.
Failed to find match for field 'intensity'.
Failed to find match for field 'intensity'.
Failed to find match for field 'intensity'.
Failed to find match for field 'intensity'.
Failed to find match for field 'intensity'.
Failed to find match for field 'intensity'.
Failed to find match for field 'intensity'.
Failed to find match for field 'intensity'.
Failed to find match for field 'intensity'.
Failed to find match for field 'intensity'.
Failed to find match for field 'intensity'.
Failed to find match for field 'intensity'.
Failed to find match for field 'intensity'.
Failed to find match for field 'intensity'.
Failed to find match for field 'intensity'.
Failed to find match for field 'intensity'.
Failed to find match for field 'intensity'.
Failed to find match for field 'intensity'.
Failed to find match for field 'intensity'.
Failed to find match for field 'intensity'.
Failed to find match for field 'intensity'.
Failed to find match for field 'intensity'.
Failed to find match for field 'intensity'.
Failed to find match for field 'intensity'.
Failed to find match for field 'intensity'.
Failed to find match for field 'intensity'.
Failed to find match for field 'intensity'.
Failed to find match for field 'intensity'.
Failed to find match for field 'intensity'.
Failed to find match for field 'intensity'.
Failed to find match for field 'intensity'.
Failed to find match for field 'intensity'.
Failed to find match for field 'intensity'.
Failed to find match for field 'intensity'.
Failed to find match for field 'intensity'.
Failed to find match for field 'intensity'.
Failed to find match for field 'intensity'.
Failed to find match for field 'intensity'.
Failed to find match for field 'intensity'.
Failed to find match for field 'intensity'.
Failed to find match for field 'intensity'.
Failed to find match for field 'intensity'.
Failed to find match for field 'intensity'.
Failed to find match for field 'intensity'.
Failed to find match for field 'intensity'.
Failed to find match for field 'intensity'.
Failed to find match for field 'intensity'.
Failed to find match for field 'intensity'.
Failed to find match for field 'intensity'.
Failed to find match for field 'intensity'.
Failed to find match for field 'intensity'.
Failed to find match for field 'intensity'.
Failed to find match for field 'intensity'.
Failed to find match for field 'intensity'.
Failed to find match for field 'intensity'.
Failed to find match for field 'intensity'.
Failed to find match for field 'intensity'.
Failed to find match for field 'intensity'.
Failed to find match for field 'intensity'.
Failed to find match for field 'intensity'.
Failed to find match for field 'intensity'.
Failed to find match for field 'intensity'.
Failed to find match for field 'intensity'.
Failed to find match for field 'intensity'.
Failed to find match for field 'intensity'.
Failed to find match for field 'intensity'.
Failed to find match for field 'intensity'.
Failed to find match for field 'intensity'.
Failed to find match for field 'intensity'.
Failed to find match for field 'intensity'.
Failed to find match for field 'intensity'.
Failed to find match for field 'intensity'.
Failed to find match for field 'intensity'.
Failed to find match for field 'intensity'.
Failed to find match for field 'intensity'.
Failed to find match for field 'intensity'.
Failed to find match for field 'intensity'.
Failed to find match for field 'intensity'.
Failed to find match for field 'intensity'.
Failed to find match for field 'intensity'.
Failed to find match for field 'intensity'.
Failed to find match for field 'intensity'.
Failed to find match for field 'intensity'.
Failed to find match for field 'intensity'.
Failed to find match for field 'intensity'.
Failed to find match for field 'intensity'.
Failed to find match for field 'intensity'.
[20:27:15.637] [info] [Fine-Auto/LiDAR-Cam] 点云加载完成 — 100 帧
[20:27:15.638] [warning] [Fine-Auto/LiDAR-Cam] 相机 cam_left 无图像: /root/calib_ws/data/Image/img0
[20:27:15.638] [warning] [Fine-Auto/LiDAR-Cam] 相机 cam_right 无图像: /root/calib_ws/data/Image/img1
[20:27:15.638] [warning] [Fine-Auto/LiDAR-Cam] 相机 cam_front 无图像: /root/calib_ws/data/Image/img0
[20:27:15.638] [warning] [Fine-Auto/LiDAR-Cam] 相机 cam_rear 无图像: /root/calib_ws/data/Image/img0
[20:27:15.638] [info] [Fine-Auto/LiDAR-Cam] 精标定完成: 0 个相机  最大 RMS=0.0000 px
[20:27:15.638] [info] [STAGE=lidar_cam_fine_auto] LiDAR-Camera 精标定 完成
[20:27:15.641] [info] ━━━━━━━━━━━━━━━━━━━━━━━━━━━━━━━━━━━━━━━━━
[20:27:15.641] [info] ■ 结束阶段: [Fine-Auto] 任务: [lidar_cam_extrin]
[20:27:15.641] [info]   结果: ✗ 失败 | 残差RMS: -1.0000 | 耗时: 2651 ms
[20:27:15.641] [info]   消息: LiDAR-Camera 精标定失败 — 无相机得到有效结果
[20:27:15.641] [info] [CALC] 阶段结束 stage=Fine-Auto task=lidar_cam_extrin success=false residual_rms=-1.000000 elapsed_ms=2648.0 threshold=2.0000
[20:27:15.641] [info] ━━━━━━━━━━━━━━━━━━━━━━━━━━━━━━━━━━━━━━━━━
[20:27:15.641] [info] ====== Pipeline Report: pipeline_20260408_202712 ======
[20:27:15.641] [info]   Total time: 2648.0 ms
[20:27:15.641] [info]   All stages succeeded: NO
[20:27:15.641] [info]   标定质量: 各阶段 RMS 均在阈值内
[20:27:15.641] [info]   [Coarse-AI-lidar_cam_extrin] success=true rms=0.0000 time=0.0ms: 使用配置 initial_extrinsic 作为粗标定结果，精标定将以此起步
[20:27:15.641] [info]   [Fine-Auto-lidar_cam_extrin] success=false rms=-1.0000 time=2648.0ms: LiDAR-Camera 精标定失败 — 无相机得到有效结果

╔══════════════════════════════════════════════════════╗
║              标定参数汇总                            ║
╠══════════════════════════════════════════════════════╣
╚══════════════════════════════════════════════════════╝

[20:27:15.641] [info] ================================
[20:27:15.642] [info] Pipeline report saved: ./results/pipeline_report_20260408_202712.yaml
[20:27:15.642] [info] ====== Pipeline Report: pipeline_20260408_202712 ======
[20:27:15.642] [info]   Total time: 2648.0 ms
[20:27:15.642] [info]   All stages succeeded: NO
[20:27:15.642] [info]   标定质量: 各阶段 RMS 均在阈值内
[20:27:15.642] [info]   [Coarse-AI-lidar_cam_extrin] success=true rms=0.0000 time=0.0ms: 使用配置 initial_extrinsic 作为粗标定结果，精标定将以此起步
[20:27:15.642] [info]   [Fine-Auto-lidar_cam_extrin] success=false rms=-1.0000 time=2648.0ms: LiDAR-Camera 精标定失败 — 无相机得到有效结果

╔══════════════════════════════════════════════════════╗
║              标定参数汇总                            ║
╠══════════════════════════════════════════════════════╣
╚══════════════════════════════════════════════════════╝

[20:27:15.642] [info] ================================
[20:27:15.642] [info] ━━━━━━━━━━━━━━━━━━━━━━━━━━━━━━━━━━━━
[20:27:15.642] [info] LiDAR-Camera 标定流程完成
[20:27:15.642] [info] 结果目录: ./results
[20:27:15.642] [info] 标定流程正常退出 exit_code=0
[20:27:15.642] [info] ━━━━━━━━━━━━━━━━━━━━━━━━━━━━━━━━━━━━
