
 ╔═══════════════════════════════════════════════════════╗
 ║   UniCalib — LiDAR-Camera 外参标定                    ║
 ║   两阶段: AI粗标定(MIAS-LCEC) → 无目标边缘精标定      ║
 ║   手动校准: --manual 触发 6-DOF 交互式调整             ║
 ╚═══════════════════════════════════════════════════════╝

[2026-04-21 17:14:17.238] [info] [LiDAR-Camera] [:] ━━━━━━━━━━━━━━━━━━━━━━━━━━━━━━━━━━━━
[2026-04-21 17:14:17.238] [info] [LiDAR-Camera] [:] 配置文件: /root/calib_ws/calib_unified/config/unicalib_example.yaml
[2026-04-21 17:14:17.238] [info] [LiDAR-Camera] [:] 输出目录: /root/calib_ws/results
[2026-04-21 17:14:17.238] [info] [LiDAR-Camera] [:] 数据根目录: /root/calib_ws/data (--data-dir 或 CALIB_DATA_DIR)
[2026-04-21 17:14:17.238] [info] [LiDAR-Camera] [:] 精标定方法: edge (无目标优先=true)
[2026-04-21 17:14:17.238] [info] [LiDAR-Camera] [:] AI粗标定: true | 手动校准: false
[2026-04-21 17:14:17.238] [info] [LiDAR-Camera] [:] ━━━━━━━━━━━━━━━━━━━━━━━━━━━━━━━━━━━━
[2026-04-21 17:14:17.239] [info] [LiDAR-Camera] [:] 读取系统配置: /root/calib_ws/calib_unified/config/unicalib_example.yaml
[2026-04-21 17:14:17.240] [info] [LiDAR-Camera] [:]   IMU: 0, LiDAR: 1, Camera: 1
[2026-04-21 17:14:17.240] [info] [LiDAR-Camera] [:] ━━━━━━━━━━━━━━━━━━━━━━━━━━━━━━━━━━━━ [数据路径] ━━━━━━━━━━━━━━━━━━━━━━━━━━━━━
[2026-04-21 17:14:17.240] [info] [LiDAR-Camera] [:]   数据路径来源: 统一格式 (data.lidar.<id> / data.camera.<id>.images_dir)
[2026-04-21 17:14:17.240] [info] [LiDAR-Camera] [:]   配置原始值 — lidar:  null
[2026-04-21 17:14:17.240] [info] [LiDAR-Camera] [:]   配置原始值 — camera: null
[2026-04-21 17:14:17.240] [info] [LiDAR-Camera] [:]   base_data_dir:  /root/calib_ws/data
[2026-04-21 17:14:17.240] [info] [LiDAR-Camera] [:]   base 来源: 命令行 --data-dir
[2026-04-21 17:14:17.240] [info] [LiDAR-Camera] [:]   lidar_dir:      /root/calib_ws/data/null
[2026-04-21 17:14:17.240] [info] [LiDAR-Camera] [:]     → 相对路径，已与 base 拼接
[2026-04-21 17:14:17.240] [info] [LiDAR-Camera] [:]     → 存在: 是
[2026-04-21 17:14:17.240] [info] [LiDAR-Camera] [:]   camera_dir:     /root/calib_ws/data/null
[2026-04-21 17:14:17.240] [info] [LiDAR-Camera] [:]     → 相对路径，已与 base 拼接
[2026-04-21 17:14:17.240] [info] [LiDAR-Camera] [:]     → 存在: 是
[2026-04-21 17:14:17.240] [info] [LiDAR-Camera] [:]   【数据就绪】是 — 点云与图像目录均存在，将执行精标定
[2026-04-21 17:14:17.240] [info] [LiDAR-Camera] [:]   说明: 使用 --dataset 时请将 data.lidar/data.camera 设为相对 base 的路径（如 pcd、images），不要使用 /path/to/... 占位符
[2026-04-21 17:14:17.240] [info] [LiDAR-Camera] [:] ━━━━━━━━━━━━━━━━━━━━━━━━━━━━━━━━━━━━━━━━━━━━━━━━━━━━━━━━━━━━━━━━━━━━━━━━━━━━
[2026-04-21 17:14:17.241] [info] [LiDAR-Camera] [:] [LiDAR-Cam] use_config_extrinsic_only=true：跳过 AI 粗标定，将使用配置 initial_extrinsic 直接进入精标定/手动微调
[2026-04-21 17:14:17.241] [info] [LiDAR-Camera] [:] 读取系统配置: /root/calib_ws/calib_unified/config/unicalib_example.yaml
[2026-04-21 17:14:17.242] [info] [LiDAR-Camera] [:]   IMU: 0, LiDAR: 1, Camera: 1
[2026-04-21 17:14:17.242] [info] [LiDAR-Camera] [:] 读取系统配置: /root/calib_ws/calib_unified/config/unicalib_example.yaml
[2026-04-21 17:14:17.242] [info] [LiDAR-Camera] [:]   IMU: 0, LiDAR: 1, Camera: 1
[2026-04-21 17:14:17.243] [info] [LiDAR-Camera] [:] 配置: 使用 ROS2 bag 模式（离线标定）
[2026-04-21 17:14:17.243] [info] [LiDAR-Camera] [:]   Bag 路径: /root/calib_ws/data/Koide/ouster/rosbag2_2023_03_28-16_25_54_fixed
[2026-04-21 17:14:17.243] [info] [LiDAR-Camera] [:]   LiDAR 话题: /points
[2026-04-21 17:14:17.243] [info] [LiDAR-Camera] [:]   相机话题: /image
[2026-04-21 17:14:17.243] [info] [LiDAR-Camera] [:]   IMU 话题: (未设置)
[2026-04-21 17:14:17.243] [info] [LiDAR-Camera] [:] [数据源] 类型=ROS2_BAG  path=/root/calib_ws/data/Koide/ouster/rosbag2_2023_03_28-16_25_54_fixed  lidar_topic=/points  camera_topic=/image
[2026-04-21 17:14:17.243] [info] [LiDAR-Camera] [:] [CalibPipeline] 初始化 ID=pipeline_20260421_171417
[2026-04-21 17:14:17.243] [info] [LiDAR-Camera] [:] [CalibPipeline] 输出目录: ./results
[2026-04-21 17:14:17.243] [info] [LiDAR-Camera] [:] [CalibPipeline] 无目标优先: true
[2026-04-21 17:14:17.243] [info] [LiDAR-Camera] [:] [CalibPipeline] 任务掩码: 0x10
[2026-04-21 17:14:17.243] [info] [LiDAR-Camera] [:] ▶ Stage 2: 精标定 (方法=edge)
[2026-04-21 17:14:17.243] [info] [LiDAR-Camera] [:] 
[2026-04-21 17:14:17.243] [info] [LiDAR-Camera] [:] ╔═══════════════════════════════════════════════╗
[2026-04-21 17:14:17.243] [info] [LiDAR-Camera] [:] ║   UniCalib 两阶段标定流水线 — 开始            ║
[2026-04-21 17:14:17.243] [info] [LiDAR-Camera] [:] ║   Pipeline ID: pipeline_20260421_171417       ║
[2026-04-21 17:14:17.243] [info] [LiDAR-Camera] [:] ╚═══════════════════════════════════════════════╝
[2026-04-21 17:14:17.243] [info] [LiDAR-Camera] [:] [Coarse-AI/LiDAR-Cam] enable_coarse_lidar_cam=true → do_coarse=true
[17:14:17.243] [info] 
[17:14:17.243] [info] ━━━━━━━━━━━━━━━━━━━━━━━━━━━━━━━━━━━━━━━━━
[17:14:17.243] [info] ▶ 开始阶段: [Coarse-AI] 任务: [lidar_cam_extrin]
[17:14:17.243] [info]   描述: AI模型提供初始估计值
[17:14:17.243] [info] ━━━━━━━━━━━━━━━━━━━━━━━━━━━━━━━━━━━━━━━━━
[17:14:17.243] [info] [CALC] 粗标定阶段开始 task=lidar_cam_extrin
[17:14:17.243] [info] [Coarse-AI/LiDAR-Cam] 使用配置粗标定初值作为粗标定结果 t=[0.000,0.000,0.000]m，精标定将以此起步
[17:14:17.243] [info] ━━━━━━━━━━━━━━━━━━━━━━━━━━━━━━━━━━━━━━━━━
[17:14:17.243] [info] ■ 结束阶段: [Coarse-AI] 任务: [lidar_cam_extrin]
[17:14:17.243] [info]   结果: ✓ 成功 | 残差RMS: 0.0000 | 耗时: 0 ms
[17:14:17.243] [info]   消息: 使用配置 initial_extrinsic 作为粗标定结果，精标定将以此起步
[17:14:17.243] [info] [CALC] 阶段结束 stage=Coarse-AI task=lidar_cam_extrin success=true residual_rms=0.000000 elapsed_ms=0.0 threshold=-1.0000
[17:14:17.243] [info] ━━━━━━━━━━━━━━━━━━━━━━━━━━━━━━━━━━━━━━━━━
[17:14:17.243] [info] 
[17:14:17.243] [info] ━━━━━━━━━━━━━━━━━━━━━━━━━━━━━━━━━━━━━━━━━
[17:14:17.243] [info] ▶ 开始阶段: [Fine-Auto] 任务: [lidar_cam_extrin]
[17:14:17.243] [info]   描述: 无目标优化
[17:14:17.243] [info] ━━━━━━━━━━━━━━━━━━━━━━━━━━━━━━━━━━━━━━━━━
[17:14:17.243] [info] [CALC] 精标定阶段开始 task=lidar_cam_extrin
[17:14:17.243] [info] [Fine-Auto] 任务: lidar_cam_extrin | 无目标优先: true
[17:14:17.243] [info] [Fine-Auto] 方法: 边缘对齐互信息 (EDGE_ALIGNMENT, 无目标)
[17:14:17.243] [info] [STAGE=lidar_cam_fine_auto] LiDAR-Camera 精标定 开始
[17:14:17.243] [info] [Fine-Auto/LiDAR-Cam] 开始执行精标定...
[17:14:17.243] [info]   [精标定数据源] 类型=ROS2_BAG  lidar_id=lidar_0
[17:14:17.243] [info]   ROS2 Bag: /root/calib_ws/data/Koide/ouster/rosbag2_2023_03_28-16_25_54_fixed  LiDAR 话题: /points  相机话题: /image
[17:14:17.243] [info] [Fine-Auto/LiDAR-Cam] 从 ROS2 加载数据...
[17:14:17.243] [info] [UnifiedDataLoader] 从 ROS2 加载数据...
[17:14:17.243] [info]   Bag 文件: /root/calib_ws/data/Koide/ouster/rosbag2_2023_03_28-16_25_54_fixed
[17:14:17.243] [info]   实时模式: false
[17:14:17.243] [info] [Ros2BagDataSource] 打开 bag 文件: /root/calib_ws/data/Koide/ouster/rosbag2_2023_03_28-16_25_54_fixed
[17:14:17.243] [info] [Ros2BagDataSource] 正在读取 metadata.yaml: /root/calib_ws/data/Koide/ouster/rosbag2_2023_03_28-16_25_54_fixed/metadata.yaml
[17:14:17.243] [debug] [Ros2BagDataSource] 找到话题: /camera_info (类型: sensor_msgs/msg/CameraInfo, 消息数: 58)
[17:14:17.243] [debug] [Ros2BagDataSource] 找到话题: /image (类型: sensor_msgs/msg/Image, 消息数: 58)
[17:14:17.243] [debug] [Ros2BagDataSource] 找到话题: /points (类型: sensor_msgs/msg/PointCloud2, 消息数: 291)
[17:14:17.243] [info] [Ros2BagDataSource] 使用配置的 LiDAR 话题: /points
[17:14:17.243] [info] [Ros2BagDataSource] 使用配置的相机话题: /image
[INFO] [1776762857.244686239] [rosbag2_storage]: Opened database '/root/calib_ws/data/Koide/ouster/rosbag2_2023_03_28-16_25_54_fixed/rosbag2_2023_03_28-16_25_54_fixed_0.db3' for READ_ONLY.
[17:14:17.244] [info] [Ros2BagDataSource] Bag 已打开，开始读取消息...
[17:14:17.244] [info] [Ros2BagDataSource] 找到 3 个话题
[17:14:17.244] [info] [Ros2BagDataSource]  话题: /camera_info  类型: sensor_msgs/msg/CameraInfo  消息数: 58
[17:14:17.244] [info] [Ros2BagDataSource]  话题: /image  类型: sensor_msgs/msg/Image  消息数: 58
[17:14:17.244] [info] [Ros2BagDataSource]  话题: /points  类型: sensor_msgs/msg/PointCloud2  消息数: 291
[17:14:17.244] [info] [Ros2BagDataSource] 将加载 bag 内所有 IMU / LiDAR / 相机话题，加载后可通过 sensor_id 或话题名选择使用
[17:14:18.114] [info] [Ros2BagDataSource] 加载完成 (所有话题按话题名存储，可通过 sensor_id 或话题名选择):
[17:14:18.114] [info]   LiDAR [/points]: 291 帧
[17:14:18.114] [info]   相机 [/image]: 58 帧
[17:14:18.114] [info]   选用 LiDAR  lidar_0 -> /points
[17:14:18.114] [info]   选用 相机  cam_0 -> /image
[17:14:18.114] [info]   时间范围: 1743.854 - 1772.955 秒
[17:14:18.114] [info] [Ros2BagDataSource] 应用采样/帧数限制...
[17:14:18.114] [info] [Fine-Auto/LiDAR-Cam] LiDAR 加载完成: 291 帧 (将按相机逐路取帧)
[17:14:18.114] [info] 读取相机内参: /root/calib_ws/data/Koide/ouster/camera_intrinsic_cam_0.yaml
[17:14:18.114] [info]   fx=2242.45 fy=2242.69 cx=1579.98 cy=1172.42 dist=0
[17:14:18.114] [info] [Fine-Auto/LiDAR-Cam] 步骤: LiDAR-Camera 标定 相机=cam_0 (方法: 边缘对齐)
[17:14:18.116] [info] [CalibVisualizer] 初始化完成
[17:14:18.116] [info] [Fine-Auto/LiDAR-Cam] 可视化已启用：仅标定结束后显示一帧「图像+点云投影」叠加，不创建 3D 窗口、不泵送其他帧
[17:14:18.116] [info] [Fine-Auto/LiDAR-Cam] 使用粗标定初值 t=[0.000,0.000,0.000]m
[17:14:18.117] [info] [Fine-Auto] 结果已保存: ./results/lidar_cam_cam_0_extrinsic.yaml
[17:14:18.117] [info] [Viz] 即将生成投影图并保存到 ./results/lidar_cam_cam_0_projection.png
[17:14:18.221] [info] 投影可视化保存: ./results/lidar_cam_cam_0_projection.png
[17:14:18.221] [info] [Viz] 投影图已保存（仅使用配置初值，未做精标定）
[17:14:18.221] [info] [Fine-Auto/LiDAR-Cam] 相机 cam_0 已使用配置初值跳过精标定，直接供手动微调
[17:14:18.221] [info] [Viz/Display] 即将关闭可视化窗口 原因=用户关闭或流程结束 pangolin_running=false
[17:14:18.221] [info] [Fine-Auto/LiDAR-Cam] 精标定完成: 1 个相机  最大 RMS=0.0000 px
[17:14:18.221] [info] [STAGE=lidar_cam_fine_auto] LiDAR-Camera 精标定 完成
[17:14:18.221] [info] [Fine-Auto/LiDAR-Cam] RMS 阈值=2.00 px  最大 RMS=0.0000 px  在阈值内
[17:14:18.231] [info] ━━━━━━━━━━━━━━━━━━━━━━━━━━━━━━━━━━━━━━━━━
[17:14:18.231] [info] ■ 结束阶段: [Fine-Auto] 任务: [lidar_cam_extrin]
[17:14:18.231] [info]   结果: ✓ 成功 | 残差RMS: 0.0000 | 耗时: 987 ms
[17:14:18.231] [info]   消息: LiDAR-Camera 精标定完成: 1 个相机, 最大 RMS=0.000000 px
[17:14:18.231] [info] [CALC] 阶段结束 stage=Fine-Auto task=lidar_cam_extrin success=true residual_rms=0.000000 elapsed_ms=978.3 threshold=2.0000
[17:14:18.231] [info] ━━━━━━━━━━━━━━━━━━━━━━━━━━━━━━━━━━━━━━━━━
[17:14:18.231] [info] ====== Pipeline Report: pipeline_20260421_171417 ======
[17:14:18.231] [info]   Total time: 978.3 ms
[17:14:18.231] [info]   All stages succeeded: YES
[17:14:18.231] [info]   标定质量: 各阶段 RMS 均在阈值内
[17:14:18.231] [info]   [Coarse-AI-lidar_cam_extrin] success=true rms=0.0000 time=0.0ms: 使用配置 initial_extrinsic 作为粗标定结果，精标定将以此起步
[17:14:18.231] [info]   [Fine-Auto-lidar_cam_extrin] success=true rms=0.0000 time=978.3ms: LiDAR-Camera 精标定完成: 1 个相机, 最大 RMS=0.000000 px

╔══════════════════════════════════════════════════════╗
║              标定参数汇总                            ║
╠══════════════════════════════════════════════════════╣
║ 外参:
║   lidar_0->cam_0:
║     R(RPY°): [90.00, -90.00, 0.00]
║     T(m):    [0.00, 0.00, 0.00]
║     时偏(s): 0.00
║     RMS:     0.00 ✗
╚══════════════════════════════════════════════════════╝

[17:14:18.231] [info] ================================
[17:14:18.231] [info] Pipeline report saved: ./results/pipeline_report_20260421_171417.yaml
[17:14:18.231] [info] ====== Pipeline Report: pipeline_20260421_171417 ======
[17:14:18.231] [info]   Total time: 978.3 ms
[17:14:18.231] [info]   All stages succeeded: YES
[17:14:18.231] [info]   标定质量: 各阶段 RMS 均在阈值内
[17:14:18.231] [info]   [Coarse-AI-lidar_cam_extrin] success=true rms=0.0000 time=0.0ms: 使用配置 initial_extrinsic 作为粗标定结果，精标定将以此起步
[17:14:18.231] [info]   [Fine-Auto-lidar_cam_extrin] success=true rms=0.0000 time=978.3ms: LiDAR-Camera 精标定完成: 1 个相机, 最大 RMS=0.000000 px

╔══════════════════════════════════════════════════════╗
║              标定参数汇总                            ║
╠══════════════════════════════════════════════════════╣
║ 外参:
║   lidar_0->cam_0:
║     R(RPY°): [90.00, -90.00, 0.00]
║     T(m):    [0.00, 0.00, 0.00]
║     时偏(s): 0.00
║     RMS:     0.00 ✗
╚══════════════════════════════════════════════════════╝

[17:14:18.231] [info] ================================
[17:14:18.231] [info] ━━━━━━━━━━━━━━━━━━━━━━━━━━━━━━━━━━━━
[17:14:18.231] [info] LiDAR-Camera 标定流程完成
[17:14:18.231] [info] 结果目录: ./results
[17:14:18.231] [info] 标定流程正常退出 exit_code=0
[17:14:18.231] [info] ━━━━━━━━━━━━━━━━━━━━━━━━━━━━━━━━━━━━
