
 ╔═══════════════════════════════════════════════════════╗
 ║   UniCalib — LiDAR-Camera 外参标定                    ║
 ║   两阶段: AI粗标定(MIAS-LCEC) → 无目标边缘精标定      ║
 ║   手动校准: --manual 触发 6-DOF 交互式调整             ║
 ╚═══════════════════════════════════════════════════════╝

[2026-04-23 21:14:02.404] [info] [LiDAR-Camera] [:] ━━━━━━━━━━━━━━━━━━━━━━━━━━━━━━━━━━━━
[2026-04-23 21:14:02.404] [info] [LiDAR-Camera] [:] 配置文件: /root/calib_ws/calib_unified/config/unicalib_example.yaml
[2026-04-23 21:14:02.404] [info] [LiDAR-Camera] [:] 输出目录: /root/calib_ws/results
[2026-04-23 21:14:02.404] [info] [LiDAR-Camera] [:] 数据根目录: /root/calib_ws/data (--data-dir 或 CALIB_DATA_DIR)
[2026-04-23 21:14:02.404] [info] [LiDAR-Camera] [:] 精标定方法: edge (无目标优先=true)
[2026-04-23 21:14:02.404] [info] [LiDAR-Camera] [:] AI粗标定: true | 手动校准: false
[2026-04-23 21:14:02.404] [info] [LiDAR-Camera] [:] ━━━━━━━━━━━━━━━━━━━━━━━━━━━━━━━━━━━━
[2026-04-23 21:14:02.406] [info] [LiDAR-Camera] [:] 读取系统配置: /root/calib_ws/calib_unified/config/unicalib_example.yaml
[2026-04-23 21:14:02.408] [info] [LiDAR-Camera] [:]   IMU: 1, LiDAR: 2, Camera: 2
[2026-04-23 21:14:02.408] [info] [LiDAR-Camera] [:] ━━━━━━━━━━━━━━━━━━━━━━━━━━━━━━━━━━━━ [数据路径] ━━━━━━━━━━━━━━━━━━━━━━━━━━━━━
[2026-04-23 21:14:02.408] [info] [LiDAR-Camera] [:]   数据路径来源: 统一格式 (data.lidar.<id> / data.camera.<id>.images_dir)
[2026-04-23 21:14:02.408] [info] [LiDAR-Camera] [:]   配置原始值 — lidar:  nya_02_slam_imu_to_lidar/lidar_horz.yaml
[2026-04-23 21:14:02.408] [info] [LiDAR-Camera] [:]   配置原始值 — camera: lidar_camera_calibration-master/calibration_data/camera_calibration
[2026-04-23 21:14:02.408] [info] [LiDAR-Camera] [:]   base_data_dir:  /root/calib_ws/data
[2026-04-23 21:14:02.408] [info] [LiDAR-Camera] [:]   base 来源: 命令行 --data-dir
[2026-04-23 21:14:02.408] [info] [LiDAR-Camera] [:]   lidar_dir:      /root/calib_ws/data/nya_02_slam_imu_to_lidar/lidar_horz.yaml
[2026-04-23 21:14:02.408] [info] [LiDAR-Camera] [:]     → 相对路径，已与 base 拼接
[2026-04-23 21:14:02.408] [info] [LiDAR-Camera] [:]     → 存在: 是
[2026-04-23 21:14:02.408] [info] [LiDAR-Camera] [:]   camera_dir:     /root/calib_ws/data/lidar_camera_calibration-master/calibration_data/camera_calibration
[2026-04-23 21:14:02.408] [info] [LiDAR-Camera] [:]     → 相对路径，已与 base 拼接
[2026-04-23 21:14:02.408] [info] [LiDAR-Camera] [:]     → 存在: 是
[2026-04-23 21:14:02.408] [info] [LiDAR-Camera] [:]   【数据就绪】是 — 点云与图像目录均存在，将执行精标定
[2026-04-23 21:14:02.408] [info] [LiDAR-Camera] [:]   说明: 使用 --dataset 时请将 data.lidar/data.camera 设为相对 base 的路径（如 pcd、images），不要使用 /path/to/... 占位符
[2026-04-23 21:14:02.408] [info] [LiDAR-Camera] [:] ━━━━━━━━━━━━━━━━━━━━━━━━━━━━━━━━━━━━━━━━━━━━━━━━━━━━━━━━━━━━━━━━━━━━━━━━━━━━
[2026-04-23 21:14:02.408] [info] [LiDAR-Camera] [:] [LiDAR-Cam] use_config_extrinsic_only=true：跳过 AI 粗标定，将使用配置 initial_extrinsic 直接进入精标定/手动微调
[2026-04-23 21:14:02.408] [info] [LiDAR-Camera] [:] 读取系统配置: /root/calib_ws/calib_unified/config/unicalib_example.yaml
[2026-04-23 21:14:02.409] [info] [LiDAR-Camera] [:]   IMU: 1, LiDAR: 2, Camera: 2
[2026-04-23 21:14:02.409] [info] [LiDAR-Camera] [:] 读取系统配置: /root/calib_ws/calib_unified/config/unicalib_example.yaml
[2026-04-23 21:14:02.410] [info] [LiDAR-Camera] [:]   IMU: 1, LiDAR: 2, Camera: 2
[2026-04-23 21:14:02.410] [info] [LiDAR-Camera] [:] 配置: 使用 ROS2 bag 模式（离线标定）
[2026-04-23 21:14:02.410] [info] [LiDAR-Camera] [:]   Bag 路径: /root/calib_ws/data/nya_02_slam_imu_to_lidar/nya_02_ros2
[2026-04-23 21:14:02.410] [info] [LiDAR-Camera] [:]   LiDAR 话题: /os1_cloud_node1/points
[2026-04-23 21:14:02.410] [info] [LiDAR-Camera] [:]   相机话题: /left/image_raw
[2026-04-23 21:14:02.410] [info] [LiDAR-Camera] [:]   IMU 话题: /imu/imu
[2026-04-23 21:14:02.410] [info] [LiDAR-Camera] [:] [数据源] 类型=ROS2_BAG  path=/root/calib_ws/data/nya_02_slam_imu_to_lidar/nya_02_ros2  lidar_topic=/os1_cloud_node1/points  camera_topic=/left/image_raw
[2026-04-23 21:14:02.411] [info] [LiDAR-Camera] [:]   内参将从相机标定结果读取: ./results/camera_intrinsic/camera_intrinsic_cam_left.yaml (camera_id=cam_left)
[2026-04-23 21:14:02.411] [info] [LiDAR-Camera] [:]   内参将从相机标定结果读取: ./results/camera_intrinsic/camera_intrinsic_cam_right.yaml (camera_id=cam_right)
[2026-04-23 21:14:02.411] [info] [LiDAR-Camera] [:] [CalibPipeline] 初始化 ID=pipeline_20260423_211402
[2026-04-23 21:14:02.411] [info] [LiDAR-Camera] [:] [CalibPipeline] 输出目录: ./results
[2026-04-23 21:14:02.411] [info] [LiDAR-Camera] [:] [CalibPipeline] 无目标优先: true
[2026-04-23 21:14:02.411] [info] [LiDAR-Camera] [:] [CalibPipeline] 任务掩码: 0x10
[2026-04-23 21:14:02.411] [info] [LiDAR-Camera] [:] ▶ Stage 2: 精标定 (方法=edge)
[2026-04-23 21:14:02.411] [info] [LiDAR-Camera] [:] 
[2026-04-23 21:14:02.411] [info] [LiDAR-Camera] [:] ╔═══════════════════════════════════════════════╗
[2026-04-23 21:14:02.411] [info] [LiDAR-Camera] [:] ║   UniCalib 两阶段标定流水线 — 开始            ║
[2026-04-23 21:14:02.411] [info] [LiDAR-Camera] [:] ║   Pipeline ID: pipeline_20260423_211402       ║
[2026-04-23 21:14:02.411] [info] [LiDAR-Camera] [:] ╚═══════════════════════════════════════════════╝
[2026-04-23 21:14:02.411] [info] [LiDAR-Camera] [:] [Coarse-AI/LiDAR-Cam] enable_coarse_lidar_cam=true → do_coarse=true
[21:14:02.411] [info] 
[21:14:02.411] [info] ━━━━━━━━━━━━━━━━━━━━━━━━━━━━━━━━━━━━━━━━━
[21:14:02.411] [info] ▶ 开始阶段: [Coarse-AI] 任务: [lidar_cam_extrin]
[21:14:02.411] [info]   描述: AI模型提供初始估计值
[21:14:02.411] [info] ━━━━━━━━━━━━━━━━━━━━━━━━━━━━━━━━━━━━━━━━━
[21:14:02.411] [info] [CALC] 粗标定阶段开始 task=lidar_cam_extrin
[21:14:02.411] [info] [Coarse-AI/LiDAR-Cam] 使用配置粗标定初值作为粗标定结果 t=[0.123,0.040,-0.058]m，精标定将以此起步
[21:14:02.411] [info] ━━━━━━━━━━━━━━━━━━━━━━━━━━━━━━━━━━━━━━━━━
[21:14:02.411] [info] ■ 结束阶段: [Coarse-AI] 任务: [lidar_cam_extrin]
[21:14:02.411] [info]   结果: ✓ 成功 | 残差RMS: 0.0000 | 耗时: 0 ms
[21:14:02.411] [info]   消息: 使用配置 initial_extrinsic 作为粗标定结果，精标定将以此起步
[21:14:02.411] [info] [CALC] 阶段结束 stage=Coarse-AI task=lidar_cam_extrin success=true residual_rms=0.000000 elapsed_ms=0.0 threshold=-1.0000
[21:14:02.411] [info] ━━━━━━━━━━━━━━━━━━━━━━━━━━━━━━━━━━━━━━━━━
[21:14:02.412] [info] 
[21:14:02.412] [info] ━━━━━━━━━━━━━━━━━━━━━━━━━━━━━━━━━━━━━━━━━
[21:14:02.412] [info] ▶ 开始阶段: [Fine-Auto] 任务: [lidar_cam_extrin]
[21:14:02.412] [info]   描述: 无目标优化
[21:14:02.412] [info] ━━━━━━━━━━━━━━━━━━━━━━━━━━━━━━━━━━━━━━━━━
[21:14:02.412] [info] [CALC] 精标定阶段开始 task=lidar_cam_extrin
[21:14:02.412] [info] [Fine-Auto] 任务: lidar_cam_extrin | 无目标优先: true
[21:14:02.412] [info] [Fine-Auto] 方法: 边缘对齐互信息 (EDGE_ALIGNMENT, 无目标)
[21:14:02.412] [info] [STAGE=lidar_cam_fine_auto] LiDAR-Camera 精标定 开始
[21:14:02.412] [info] [Fine-Auto/LiDAR-Cam] 开始执行精标定...
[21:14:02.412] [info]   [精标定数据源] 类型=ROS2_BAG  lidar_id=lidar_front
[21:14:02.412] [info]   ROS2 Bag: /root/calib_ws/data/nya_02_slam_imu_to_lidar/nya_02_ros2  LiDAR 话题: /os1_cloud_node1/points  相机话题: /left/image_raw
[21:14:02.412] [info] [Fine-Auto/LiDAR-Cam] 从 ROS2 加载数据...
[21:14:02.412] [info] [UnifiedDataLoader] 从 ROS2 加载数据...
[21:14:02.412] [info]   Bag 文件: /root/calib_ws/data/nya_02_slam_imu_to_lidar/nya_02_ros2
[21:14:02.412] [info]   实时模式: false
[21:14:02.412] [info] [Ros2BagDataSource] 打开 bag 文件: /root/calib_ws/data/nya_02_slam_imu_to_lidar/nya_02_ros2
[21:14:02.412] [info] [Ros2BagDataSource] 正在读取 metadata.yaml: /root/calib_ws/data/nya_02_slam_imu_to_lidar/nya_02_ros2/metadata.yaml
[21:14:02.413] [debug] [Ros2BagDataSource] 找到话题: /dji_sdk/imu (类型: sensor_msgs/msg/Imu, 消息数: 171462)
[21:14:02.413] [debug] [Ros2BagDataSource] 找到话题: /dji_sdk/attitude (类型: geometry_msgs/msg/QuaternionStamped, 消息数: 42866)
[21:14:02.413] [debug] [Ros2BagDataSource] 找到话题: /os1_cloud_node2/imu (类型: sensor_msgs/msg/Imu, 消息数: 42862)
[21:14:02.413] [debug] [Ros2BagDataSource] 找到话题: /os1_cloud_node1/imu (类型: sensor_msgs/msg/Imu, 消息数: 42862)
[21:14:02.413] [debug] [Ros2BagDataSource] 找到话题: /imu/imu (类型: sensor_msgs/msg/Imu, 消息数: 166428)
[21:14:02.413] [debug] [Ros2BagDataSource] 找到话题: /imu/magnetic_field (类型: sensor_msgs/msg/MagneticField, 消息数: 166428)
[21:14:02.413] [debug] [Ros2BagDataSource] 找到话题: /imu/temperature (类型: sensor_msgs/msg/Temperature, 消息数: 166428)
[21:14:02.413] [debug] [Ros2BagDataSource] 找到话题: /dji_sdk/gps_position (类型: sensor_msgs/msg/NavSatFix, 消息数: 21433)
[21:14:02.413] [debug] [Ros2BagDataSource] 找到话题: /dji_sdk/height_above_takeoff (类型: std_msgs/msg/Float32, 消息数: 21433)
[21:14:02.413] [debug] [Ros2BagDataSource] 找到话题: /dji_sdk/gps_health (类型: std_msgs/msg/UInt8, 消息数: 21433)
[21:14:02.413] [debug] [Ros2BagDataSource] 找到话题: /uwb_endorange_info (类型: uwb_driver/msg/UwbRange, 消息数: 25172)
[21:14:02.413] [debug] [Ros2BagDataSource] 找到话题: /left/image_raw (类型: sensor_msgs/msg/Image, 消息数: 4285)
[21:14:02.413] [debug] [Ros2BagDataSource] 找到话题: /right/image_raw (类型: sensor_msgs/msg/Image, 消息数: 4285)
[21:14:02.413] [debug] [Ros2BagDataSource] 找到话题: /os1_cloud_node1/points (类型: sensor_msgs/msg/PointCloud2, 消息数: 4287)
[21:14:02.413] [debug] [Ros2BagDataSource] 找到话题: /os1_cloud_node2/points (类型: sensor_msgs/msg/PointCloud2, 消息数: 4286)
[21:14:02.413] [debug] [Ros2BagDataSource] 找到话题: /uwb_exorange_info (类型: uwb_driver/msg/UwbEcho, 消息数: 2437)
[21:14:02.413] [debug] [Ros2BagDataSource] 找到话题: /node_pos_marker_sc (类型: visualization_msgs/msg/Marker, 消息数: 2437)
[21:14:02.413] [debug] [Ros2BagDataSource] 找到话题: /node_pos_sc (类型: nav_msgs/msg/Path, 消息数: 2437)
[21:14:02.413] [debug] [Ros2BagDataSource] 找到话题: /leica/pose/relative (类型: geometry_msgs/msg/PoseStamped, 消息数: 7679)
[21:14:02.413] [info] [Ros2BagDataSource] 使用配置的 LiDAR 话题: /os1_cloud_node1/points
[21:14:02.413] [info] [Ros2BagDataSource] 使用配置的相机话题: /left/image_raw
[21:14:02.413] [info] [Ros2BagDataSource] 使用配置的 IMU 话题: /imu/imu
[INFO] [1776950042.419898850] [rosbag2_storage]: Opened database '/root/calib_ws/data/nya_02_slam_imu_to_lidar/nya_02_ros2/nya_02_ros2.db3' for READ_ONLY.
[21:14:02.419] [info] [Ros2BagDataSource] Bag 已打开，开始读取消息...
[21:14:02.419] [info] [Ros2BagDataSource] 找到 19 个话题
[21:14:02.419] [info] [Ros2BagDataSource]  话题: /dji_sdk/imu  类型: sensor_msgs/msg/Imu  消息数: 171462
[21:14:02.419] [info] [Ros2BagDataSource]  话题: /dji_sdk/attitude  类型: geometry_msgs/msg/QuaternionStamped  消息数: 42866
[21:14:02.419] [info] [Ros2BagDataSource]  话题: /os1_cloud_node2/imu  类型: sensor_msgs/msg/Imu  消息数: 42862
[21:14:02.419] [info] [Ros2BagDataSource]  话题: /os1_cloud_node1/imu  类型: sensor_msgs/msg/Imu  消息数: 42862
[21:14:02.419] [info] [Ros2BagDataSource]  话题: /imu/imu  类型: sensor_msgs/msg/Imu  消息数: 166428
[21:14:02.419] [info] [Ros2BagDataSource]  话题: /imu/magnetic_field  类型: sensor_msgs/msg/MagneticField  消息数: 166428
[21:14:02.419] [info] [Ros2BagDataSource]  话题: /imu/temperature  类型: sensor_msgs/msg/Temperature  消息数: 166428
[21:14:02.419] [info] [Ros2BagDataSource]  话题: /dji_sdk/gps_position  类型: sensor_msgs/msg/NavSatFix  消息数: 21433
[21:14:02.419] [info] [Ros2BagDataSource]  话题: /dji_sdk/height_above_takeoff  类型: std_msgs/msg/Float32  消息数: 21433
[21:14:02.419] [info] [Ros2BagDataSource]  话题: /dji_sdk/gps_health  类型: std_msgs/msg/UInt8  消息数: 21433
[21:14:02.419] [info] [Ros2BagDataSource]  话题: /uwb_endorange_info  类型: uwb_driver/msg/UwbRange  消息数: 25172
[21:14:02.419] [info] [Ros2BagDataSource]  话题: /left/image_raw  类型: sensor_msgs/msg/Image  消息数: 4285
[21:14:02.419] [info] [Ros2BagDataSource]  话题: /right/image_raw  类型: sensor_msgs/msg/Image  消息数: 4285
[21:14:02.419] [info] [Ros2BagDataSource]  话题: /os1_cloud_node1/points  类型: sensor_msgs/msg/PointCloud2  消息数: 4287
[21:14:02.419] [info] [Ros2BagDataSource]  话题: /os1_cloud_node2/points  类型: sensor_msgs/msg/PointCloud2  消息数: 4286
[21:14:02.419] [info] [Ros2BagDataSource]  话题: /uwb_exorange_info  类型: uwb_driver/msg/UwbEcho  消息数: 2437
[21:14:02.419] [info] [Ros2BagDataSource]  话题: /node_pos_marker_sc  类型: visualization_msgs/msg/Marker  消息数: 2437
[21:14:02.419] [info] [Ros2BagDataSource]  话题: /node_pos_sc  类型: nav_msgs/msg/Path  消息数: 2437
[21:14:02.419] [info] [Ros2BagDataSource]  话题: /leica/pose/relative  类型: geometry_msgs/msg/PoseStamped  消息数: 7679
[21:14:02.419] [info] [Ros2BagDataSource] 将加载 bag 内所有 IMU / LiDAR / 相机话题，加载后可通过 sensor_id 或话题名选择使用
[21:14:02.901] [debug]   收集 IMU [/dji_sdk/imu] 帧数: 5000
[21:14:02.930] [debug]   收集 IMU [/imu/imu] 帧数: 5000
[21:14:03.354] [debug]   收集 IMU [/dji_sdk/imu] 帧数: 10000
[21:14:03.397] [debug]   收集 IMU [/imu/imu] 帧数: 10000
[21:14:03.745] [debug]   收集 IMU [/dji_sdk/imu] 帧数: 15000
[21:14:03.793] [debug]   收集 IMU [/imu/imu] 帧数: 15000
[21:14:04.149] [debug]   收集 LiDAR [/os1_cloud_node1/points] 帧数: 500
[21:14:04.150] [debug]   收集 LiDAR [/os1_cloud_node2/points] 帧数: 500
[21:14:04.151] [debug]   收集相机 [/left/image_raw] 帧数: 500
[21:14:04.152] [debug]   收集相机 [/right/image_raw] 帧数: 500
[21:14:04.152] [debug]   收集 IMU [/dji_sdk/imu] 帧数: 20000
[21:14:04.152] [debug]   收集 IMU [/os1_cloud_node1/imu] 帧数: 5000
[21:14:04.152] [debug]   收集 IMU [/os1_cloud_node2/imu] 帧数: 5000
[21:14:04.223] [debug]   收集 IMU [/imu/imu] 帧数: 20000
[21:14:04.586] [debug]   收集 IMU [/dji_sdk/imu] 帧数: 25000
[21:14:04.673] [debug]   收集 IMU [/imu/imu] 帧数: 25000
[21:14:05.034] [debug]   收集 IMU [/dji_sdk/imu] 帧数: 30000
[21:14:05.127] [debug]   收集 IMU [/imu/imu] 帧数: 30000
[21:14:05.446] [debug]   收集 IMU [/dji_sdk/imu] 帧数: 35000
[21:14:05.552] [debug]   收集 IMU [/imu/imu] 帧数: 35000
[21:14:05.867] [debug]   收集 LiDAR [/os1_cloud_node1/points] 帧数: 1000
[21:14:05.868] [debug]   收集 LiDAR [/os1_cloud_node2/points] 帧数: 1000
[21:14:05.868] [debug]   收集相机 [/left/image_raw] 帧数: 1000
[21:14:05.869] [debug]   收集相机 [/right/image_raw] 帧数: 1000
[21:14:05.869] [debug]   收集 IMU [/dji_sdk/imu] 帧数: 40000
[21:14:05.869] [debug]   收集 IMU [/os1_cloud_node1/imu] 帧数: 10000
[21:14:05.869] [debug]   收集 IMU [/os1_cloud_node2/imu] 帧数: 10000
[21:14:05.990] [debug]   收集 IMU [/imu/imu] 帧数: 40000
[21:14:06.311] [debug]   收集 IMU [/dji_sdk/imu] 帧数: 45000
[21:14:06.433] [debug]   收集 IMU [/imu/imu] 帧数: 45000
[21:14:06.702] [debug]   收集 IMU [/dji_sdk/imu] 帧数: 50000
[21:14:06.840] [debug]   收集 IMU [/imu/imu] 帧数: 50000
[21:14:07.182] [debug]   收集 IMU [/dji_sdk/imu] 帧数: 55000
[21:14:07.343] [debug]   收集 IMU [/imu/imu] 帧数: 55000
[21:14:07.616] [debug]   收集 LiDAR [/os1_cloud_node1/points] 帧数: 1500
[21:14:07.618] [debug]   收集 LiDAR [/os1_cloud_node2/points] 帧数: 1500
[21:14:07.618] [debug]   收集 IMU [/dji_sdk/imu] 帧数: 60000
[21:14:07.619] [debug]   收集相机 [/left/image_raw] 帧数: 1500
[21:14:07.620] [debug]   收集相机 [/right/image_raw] 帧数: 1500
[21:14:07.620] [debug]   收集 IMU [/os1_cloud_node1/imu] 帧数: 15000
[21:14:07.620] [debug]   收集 IMU [/os1_cloud_node2/imu] 帧数: 15000
[21:14:07.806] [debug]   收集 IMU [/imu/imu] 帧数: 60000
[21:14:08.157] [debug]   收集 IMU [/dji_sdk/imu] 帧数: 65000
[21:14:08.437] [debug]   收集 IMU [/imu/imu] 帧数: 65000
[21:14:08.710] [debug]   收集 IMU [/dji_sdk/imu] 帧数: 70000
[21:14:08.927] [debug]   收集 IMU [/imu/imu] 帧数: 70000
[21:14:09.168] [debug]   收集 IMU [/dji_sdk/imu] 帧数: 75000
[21:14:09.381] [debug]   收集 IMU [/imu/imu] 帧数: 75000
[21:14:09.601] [debug]   收集 LiDAR [/os1_cloud_node1/points] 帧数: 2000
[21:14:09.603] [debug]   收集 LiDAR [/os1_cloud_node2/points] 帧数: 2000
[21:14:09.603] [debug]   收集 IMU [/dji_sdk/imu] 帧数: 80000
[21:14:09.603] [debug]   收集 IMU [/os1_cloud_node1/imu] 帧数: 20000
[21:14:09.603] [debug]   收集 IMU [/os1_cloud_node2/imu] 帧数: 20000
[21:14:09.605] [debug]   收集相机 [/left/image_raw] 帧数: 2000
[21:14:09.605] [debug]   收集相机 [/right/image_raw] 帧数: 2000
[21:14:09.836] [debug]   收集 IMU [/imu/imu] 帧数: 80000
[21:14:10.035] [debug]   收集 IMU [/dji_sdk/imu] 帧数: 85000
[21:14:10.254] [debug]   收集 IMU [/imu/imu] 帧数: 85000
[21:14:10.474] [debug]   收集 IMU [/dji_sdk/imu] 帧数: 90000
[21:14:10.708] [debug]   收集 IMU [/imu/imu] 帧数: 90000
[21:14:10.883] [debug]   收集 IMU [/dji_sdk/imu] 帧数: 95000
[21:14:11.137] [debug]   收集 IMU [/imu/imu] 帧数: 95000
[21:14:11.305] [debug]   收集 LiDAR [/os1_cloud_node1/points] 帧数: 2500
[21:14:11.307] [debug]   收集 LiDAR [/os1_cloud_node2/points] 帧数: 2500
[21:14:11.308] [debug]   收集 IMU [/dji_sdk/imu] 帧数: 100000
[21:14:11.308] [debug]   收集 IMU [/os1_cloud_node1/imu] 帧数: 25000
[21:14:11.308] [debug]   收集 IMU [/os1_cloud_node2/imu] 帧数: 25000
[21:14:11.309] [debug]   收集相机 [/left/image_raw] 帧数: 2500
[21:14:11.310] [debug]   收集相机 [/right/image_raw] 帧数: 2500
[21:14:11.573] [debug]   收集 IMU [/imu/imu] 帧数: 100000
[21:14:11.784] [debug]   收集 IMU [/dji_sdk/imu] 帧数: 105000
[21:14:12.095] [debug]   收集 IMU [/imu/imu] 帧数: 105000
[21:14:12.252] [debug]   收集 IMU [/dji_sdk/imu] 帧数: 110000
[21:14:12.534] [debug]   收集 IMU [/imu/imu] 帧数: 110000
[21:14:12.661] [debug]   收集 IMU [/dji_sdk/imu] 帧数: 115000
[21:14:13.005] [debug]   收集 IMU [/imu/imu] 帧数: 115000
[21:14:13.124] [debug]   收集 LiDAR [/os1_cloud_node1/points] 帧数: 3000
[21:14:13.126] [debug]   收集 LiDAR [/os1_cloud_node2/points] 帧数: 3000
[21:14:13.127] [debug]   收集 IMU [/dji_sdk/imu] 帧数: 120000
[21:14:13.128] [debug]   收集 IMU [/os1_cloud_node1/imu] 帧数: 30000
[21:14:13.128] [debug]   收集 IMU [/os1_cloud_node2/imu] 帧数: 30000
[21:14:13.129] [debug]   收集相机 [/left/image_raw] 帧数: 3000
[21:14:13.129] [debug]   收集相机 [/right/image_raw] 帧数: 3000
[21:14:13.456] [debug]   收集 IMU [/imu/imu] 帧数: 120000
[21:14:13.574] [debug]   收集 IMU [/dji_sdk/imu] 帧数: 125000
[21:14:13.957] [debug]   收集 IMU [/imu/imu] 帧数: 125000
[21:14:14.099] [debug]   收集 IMU [/dji_sdk/imu] 帧数: 130000
[21:18:47.177] [debug]   收集 IMU [/imu/imu] 帧数: 130000
