
 ╔═══════════════════════════════════════════════════════╗
 ║   UniCalib — IMU-LiDAR 外参标定                       ║
 ║   两阶段: L2Calib RL粗估 → B样条连续时间精化           ║
 ║   手动校准: --manual 触发旋转可视化验证                 ║
 ╚═══════════════════════════════════════════════════════╝

[2026-04-07 20:33:37.523] [info] [IMU-LiDAR] [:] ━━━━━━━━━━━━━━━━━━━━━━━━━━━━━━━━━━━━
[2026-04-07 20:33:37.523] [info] [IMU-LiDAR] [:] 配置: /root/calib_ws/calib_unified/config/unicalib_example.yaml | IMU: imu_0 | LiDAR: lidar_0
[2026-04-07 20:33:37.523] [info] [IMU-LiDAR] [:] AI粗标定: false | 手动校准: true (阈值=0.50deg)
[2026-04-07 20:33:37.523] [info] [IMU-LiDAR] [:] ━━━━━━━━━━━━━━━━━━━━━━━━━━━━━━━━━━━━
[2026-04-07 20:33:37.523] [info] [IMU-LiDAR] [:] ▶ Stage 2: B样条连续时间精标定
[2026-04-07 20:33:37.523] [info] [IMU-LiDAR] [:]   IMU数据: (未设置)
[2026-04-07 20:33:37.523] [info] [IMU-LiDAR] [:]   LiDAR目录: (未设置)
[2026-04-07 20:33:37.523] [info] [IMU-LiDAR] [:]   B样条间距: 0.1s | 时间偏移优化: true
[2026-04-07 20:33:37.523] [info] [IMU-LiDAR] [:] ▶ Stage 3 (手动校准): 旋转可视化验证 + 增量调整
[2026-04-07 20:33:37.523] [info] [IMU-LiDAR] [:]   阈值: 0.50deg | 使用 ManualCalibSession::run_imu_lidar()
[2026-04-07 20:33:37.523] [info] [IMU-LiDAR] [:]   可视化: IMU积分轨迹 vs LiDAR里程计对比
[2026-04-07 20:33:37.524] [info] [IMU-LiDAR] [:] IMU 内参: 从 results 目录读取 (1 个)，路径示例: ./results/imu_intrinsic/imu_intrinsic_imu_0.yaml
[2026-04-07 20:33:37.524] [info] [IMU-LiDAR] [:] [CalibPipeline] 初始化 ID=pipeline_20260407_203337
[2026-04-07 20:33:37.524] [info] [IMU-LiDAR] [:] [CalibPipeline] 输出目录: ./results
[2026-04-07 20:33:37.524] [info] [IMU-LiDAR] [:] [CalibPipeline] 无目标优先: true
[2026-04-07 20:33:37.524] [info] [IMU-LiDAR] [:] [CalibPipeline] 任务掩码: 0x04
[2026-04-07 20:33:37.524] [info] [IMU-LiDAR] [:] 
[2026-04-07 20:33:37.524] [info] [IMU-LiDAR] [:] ╔═══════════════════════════════════════════════╗
[2026-04-07 20:33:37.524] [info] [IMU-LiDAR] [:] ║   UniCalib 两阶段标定流水线 — 开始            ║
[2026-04-07 20:33:37.524] [info] [IMU-LiDAR] [:] ║   Pipeline ID: pipeline_20260407_203337       ║
[2026-04-07 20:33:37.524] [info] [IMU-LiDAR] [:] ╚═══════════════════════════════════════════════╝
[20:33:37.524] [info] 
[20:33:37.524] [info] ━━━━━━━━━━━━━━━━━━━━━━━━━━━━━━━━━━━━━━━━━
[20:33:37.524] [info] ▶ 开始阶段: [Fine-Auto] 任务: [imu_lidar_extrin]
[20:33:37.524] [info]   描述: 无目标优化
[20:33:37.524] [info] ━━━━━━━━━━━━━━━━━━━━━━━━━━━━━━━━━━━━━━━━━
[20:33:37.524] [info] [CALC] 精标定阶段开始 task=imu_lidar_extrin
[20:33:37.524] [info] [Fine-Auto] 任务: imu_lidar_extrin | 无目标优先: true
[20:33:37.524] [info] [Fine-Auto] 方法: B样条连续时间优化 (无目标)
[20:33:37.524] [info] [UnifiedDataLoader] 从 ROS2 加载数据...
[20:33:37.524] [info]   Bag 文件: /root/calib_ws/data/nya_02_slam_imu_to_lidar/nya_02_ros2
[20:33:37.524] [info]   实时模式: false
[20:33:37.524] [info] [Ros2BagDataSource] 打开 bag 文件: /root/calib_ws/data/nya_02_slam_imu_to_lidar/nya_02_ros2
[20:33:37.524] [info] [Ros2BagDataSource] 正在读取 metadata.yaml: /root/calib_ws/data/nya_02_slam_imu_to_lidar/nya_02_ros2/metadata.yaml
[20:33:37.526] [info] [Ros2BagDataSource] 使用配置的 LiDAR 话题 (来自 sensors): /os1_cloud_node1/points
[20:33:37.526] [info] [Ros2BagDataSource] 自动检测相机话题: /left/image_raw
[20:33:37.526] [info] [Ros2BagDataSource] 使用配置的 IMU 话题 (来自 sensors): /imu/imu
[INFO] [1775565217.531250453] [rosbag2_storage]: Opened database '/root/calib_ws/data/nya_02_slam_imu_to_lidar/nya_02_ros2/nya_02_ros2.db3' for READ_ONLY.
[20:33:37.531] [info] [Ros2BagDataSource] Bag 已打开，开始读取消息...
[20:33:37.531] [info] [Ros2BagDataSource] 找到 19 个话题
[20:33:37.531] [info] [Ros2BagDataSource]  话题: /dji_sdk/imu  类型: sensor_msgs/msg/Imu  消息数: 171462
[20:33:37.531] [info] [Ros2BagDataSource]  话题: /dji_sdk/attitude  类型: geometry_msgs/msg/QuaternionStamped  消息数: 42866
[20:33:37.531] [info] [Ros2BagDataSource]  话题: /os1_cloud_node2/imu  类型: sensor_msgs/msg/Imu  消息数: 42862
[20:33:37.531] [info] [Ros2BagDataSource]  话题: /os1_cloud_node1/imu  类型: sensor_msgs/msg/Imu  消息数: 42862
[20:33:37.531] [info] [Ros2BagDataSource]  话题: /imu/imu  类型: sensor_msgs/msg/Imu  消息数: 166428
[20:33:37.531] [info] [Ros2BagDataSource]  话题: /imu/magnetic_field  类型: sensor_msgs/msg/MagneticField  消息数: 166428
[20:33:37.531] [info] [Ros2BagDataSource]  话题: /imu/temperature  类型: sensor_msgs/msg/Temperature  消息数: 166428
[20:33:37.531] [info] [Ros2BagDataSource]  话题: /dji_sdk/gps_position  类型: sensor_msgs/msg/NavSatFix  消息数: 21433
[20:33:37.531] [info] [Ros2BagDataSource]  话题: /dji_sdk/height_above_takeoff  类型: std_msgs/msg/Float32  消息数: 21433
[20:33:37.531] [info] [Ros2BagDataSource]  话题: /dji_sdk/gps_health  类型: std_msgs/msg/UInt8  消息数: 21433
[20:33:37.531] [info] [Ros2BagDataSource]  话题: /uwb_endorange_info  类型: uwb_driver/msg/UwbRange  消息数: 25172
[20:33:37.531] [info] [Ros2BagDataSource]  话题: /left/image_raw  类型: sensor_msgs/msg/Image  消息数: 4285
[20:33:37.531] [info] [Ros2BagDataSource]  话题: /right/image_raw  类型: sensor_msgs/msg/Image  消息数: 4285
[20:33:37.531] [info] [Ros2BagDataSource]  话题: /os1_cloud_node1/points  类型: sensor_msgs/msg/PointCloud2  消息数: 4287
[20:33:37.531] [info] [Ros2BagDataSource]  话题: /os1_cloud_node2/points  类型: sensor_msgs/msg/PointCloud2  消息数: 4286
[20:33:37.531] [info] [Ros2BagDataSource]  话题: /uwb_exorange_info  类型: uwb_driver/msg/UwbEcho  消息数: 2437
[20:33:37.531] [info] [Ros2BagDataSource]  话题: /node_pos_marker_sc  类型: visualization_msgs/msg/Marker  消息数: 2437
[20:33:37.531] [info] [Ros2BagDataSource]  话题: /node_pos_sc  类型: nav_msgs/msg/Path  消息数: 2437
[20:33:37.531] [info] [Ros2BagDataSource]  话题: /leica/pose/relative  类型: geometry_msgs/msg/PoseStamped  消息数: 7679
[20:33:37.531] [info] [Ros2BagDataSource] 将加载 bag 内所有 IMU / LiDAR / 相机话题，加载后可通过 sensor_id 或话题名选择使用
[20:33:56.375] [info] [Ros2BagDataSource] 加载完成 (所有话题按话题名存储，可通过 sensor_id 或话题名选择):
[20:33:56.375] [info]   LiDAR [/os1_cloud_node1/points]: 4287 帧
[20:33:56.375] [info]   LiDAR [/os1_cloud_node2/points]: 4286 帧
[20:33:56.375] [info]   相机 [/left/image_raw]: 4285 帧
[20:33:56.375] [info]   相机 [/right/image_raw]: 4285 帧
[20:33:56.375] [info]   IMU [/dji_sdk/imu]: 171462 帧
[20:33:56.375] [info]   IMU [/imu/imu]: 166428 帧
[20:33:56.375] [info]   IMU [/os1_cloud_node1/imu]: 42862 帧
[20:33:56.375] [info]   IMU [/os1_cloud_node2/imu]: 42862 帧
[20:33:56.375] [info]   选用 LiDAR  lidar_front -> /os1_cloud_node1/points
[20:33:56.375] [info]   选用 LiDAR  lidar_rear -> /os1_cloud_node2/points
[20:33:56.375] [info]   选用 相机  camera_0 -> /left/image_raw
[20:33:56.375] [info]   选用 IMU    imu_0 -> /imu/imu
[20:33:56.377] [info]   时间范围: 1609045331.127 - 1609045759.771 秒
[20:33:56.377] [info] [Ros2BagDataSource] 应用采样/帧数限制...
[20:33:56.494] [info]   LiDAR /os1_cloud_node1/points 采样后: 800 帧
[20:33:56.548] [info]   LiDAR /os1_cloud_node2/points 采样后: 800 帧
[20:33:56.617] [info]   相机 /left/image_raw 采样后: 800 帧
[20:33:56.697] [info]   相机 /right/image_raw 采样后: 800 帧
[20:33:56.730] [warning] [Fine-Auto/IMU-LiDAR] imu_0 内参文件不存在，将不使用陀螺零偏: ./results/imu_intrinsic/imu_intrinsic_imu_0.yaml
[20:33:56.735] [info] [Fine-Auto/IMU-LiDAR] imu_0->lidar_front 使用配置内联初值 (在初值基础上精化)
[20:33:56.736] [info] [IMU-LiDAR] 粗标定以配置初值为先验开始 (手眼 180° 消解与平移回退)，得到粗标定结果后精标定
[20:33:56.736] [info] [IMU-LiDAR] 开始两阶段标定
[20:33:56.736] [info]   IMU 数据: 166428 帧
[20:33:56.736] [info]   LiDAR 数据: 800 帧
[20:33:56.736] [info] [Time-Align] IMU  时间范围: [1609045331.131, 1609045759.770] 跨度 428.64s
[20:33:56.736] [info] [Time-Align] LiDAR 时间范围: [1609045331.148, 1609045730.640] 跨度 399.49s
[20:33:56.736] [info] [Time-Align] 重叠区间: [1609045331.148, 1609045730.640] 跨度 399.49s
[20:33:56.736] [info] [Time-Align] 重叠占比: 100.0% (相对较短流)
[20:33:56.736] [warning] [Time-Align] IMU 与 LiDAR 首/末帧时间戳差异较大: 首帧差 0.017s 末帧差 29.130s — 若两者非同一时间基准（如不同 ROS 时钟），必须对齐后再标定
[20:33:56.736] [warning] [Time-Align] 末帧差 >10s，旋转对可能系统性偏差，手眼标定易得 180° 歧义；建议确保同一时间基准或对齐后再标定
[20:33:56.736] [info] [Time-Align] 结论: 请检查时间基准与对齐 (重叠>10s且首末差<1s为优)
[20:33:56.736] [info] [LiDAR-Odom] 开始 LiDAR 里程计 (NDT 配准)
[20:35:35.112] [info] [LiDAR-Odom] 完成, 处理 800 帧 (有效 800 帧)
[20:35:35.112] [info] [LiDAR-Odom] 点云规模: 每帧点数 min=12412 med≈12794 max=13319
[20:35:35.120] [info] [Build-RotPairs] 构建旋转对
[20:35:35.120] [info] [Build-RotPairs] 计算逻辑: 同一时间段 [t_begin,t_end] 内 — LiDAR 相对旋转 = (T_w_l0^{-1}*T_w_l1).so3().inverse() 即机体从 t_begin→t_end 的旋转；IMU 相对旋转 = 陀螺积分 R(t_begin→t_end)。二者同为机体旋转，应一致
[20:35:35.120] [info] [Build-RotPairs] 时间基准要求: t_begin/t_end 使用 LiDAR 帧时间戳，IMU 积分区间与之一致；IMU 与 LiDAR 必须为同一时间基准（如 ROS bag 时间），未对齐会导致旋转对错误、标定偏差甚至约 180° 误差
[20:35:35.122] [info] [Build-RotPairs] 首对积分统计: dt=0.516s 采样数=201 陀螺1σ漂移≈0.0412° (ARW)
[20:35:35.122] [info] [Build-RotPairs] 首对时间对齐: LiDAR 区间 [t_begin,t_end]=[1609045331.1480, 1609045331.6643] | IMU 参与积分区间 [1609045331.1518, 1609045331.6623]
[20:35:35.122] [info] [Build-RotPairs] 首对 IMU 积分计算: sum_dt=0.507818s 实际时间跨度=0.510516s 请求区间=0.516320s (sum_dt 应≈实际跨度)
[*** LOG ERROR #0001 ***] [2026-04-07 20:35:35] [stage] {argument not found}
[20:35:35.124] [warning] [Build-RotPairs] 存在过小时间戳间隔 dt_min=0.000106s（可能重复戳），已跳过 <0.1ms 的步；建议检查 bag 或 IMU 驱动
[20:35:35.124] [info] [Build-RotPairs] 首对区间裁剪: 积分未覆盖 t_begin~t_first 约 0.0038s, t_last~t_end 约 0.0020s (可能导致 IMU 角略小于真实)
[20:35:35.611] [info] [Build-RotPairs] 短时窗旋转对: dt_target=0.20s 步长=0.10s 新增 2896 对 (降低陀螺积分漂移)
[20:35:35.611] [info] [Build-RotPairs] 短时窗首对积分: dt=0.200s 采样数=78 1σ漂移≈0.0256°
[20:35:35.611] [info] [Build-RotPairs] 构建了 3256 个有效旋转对 (相邻帧 360 + 短时窗 2896, 最小激励 3.0 deg)
[20:35:35.611] [info] [Build-RotPairs] IMU 相对旋转: 0.50 ~ 16.18 deg | LiDAR 相对旋转: 0.00 ~ 7.70 deg
[20:35:35.611] [info] [Build-RotPairs] LiDAR 相对平移(相邻帧): min=0.000 med=0.138 max=0.520 m (平移过小且旋转过小则 NDT 可能退化)
[20:35:35.611] [info] [Build-RotPairs] 旋转对时间跨度 dt_span(s): min=0.200 med=0.200 max=0.517 (大跨度会放大里程计漂移与时间不同步)
[20:35:35.611] [info] [Build-RotPairs] LiDAR角/IMU角 比值: 均值=0.555 中位数=0.461 标准差=0.496 (理想≈1)
[20:35:35.611] [info] [Build-RotPairs] 比值分位: P25=0.162 P50=0.461 P75=0.802
[20:35:35.611] [info] [Build-RotPairs] 比值分布: ratio<0.5 共 1723 对, 0.5~0.8 共 716 对, 0.8~1.2 共 533 对, >1.2 共 284 对
[20:35:35.611] [info] [Build-RotPairs] 旋转对质量: 差 (优=比值近1且多数在0.8~1.2)
[20:35:35.611] [warning] [Build-RotPairs] 比值均值 0.555 系统性偏离 1，手眼易出现 180° 歧义；请检查时间对齐/帧间隔，或配置 handeye_prefer_identity_when_ambiguous: true
[20:35:35.611] [info] [Build-RotPairs] 抽样 (前5对):
[20:35:35.611] [info] [Build-RotPairs]   pair#0 dt=0.52s rot_imu=3.12° rot_lidar=2.16° ratio=0.692 trans=0.114m
[20:35:35.611] [info] [Build-RotPairs]   pair#1 dt=0.52s rot_imu=3.72° rot_lidar=2.88° ratio=0.775 trans=0.168m
[20:35:35.611] [info] [Build-RotPairs]   pair#2 dt=0.48s rot_imu=6.16° rot_lidar=5.05° ratio=0.819 trans=0.239m
[20:35:35.611] [info] [Build-RotPairs]   pair#3 dt=0.52s rot_imu=8.20° rot_lidar=6.69° ratio=0.816 trans=0.154m
[20:35:35.611] [info] [Build-RotPairs]   pair#4 dt=0.48s rot_imu=6.68° rot_lidar=4.20° ratio=0.629 trans=0.269m
[20:35:35.611] [info] [Build-RotPairs] 抽样 (后5对):
[20:35:35.611] [info] [Build-RotPairs]   pair#3251 dt=0.20s rot_imu=1.15° rot_lidar=0.13° ratio=0.109 trans=0.023m
[20:35:35.611] [info] [Build-RotPairs]   pair#3252 dt=0.20s rot_imu=0.96° rot_lidar=0.13° ratio=0.132 trans=0.023m
[20:35:35.611] [info] [Build-RotPairs]   pair#3253 dt=0.20s rot_imu=0.78° rot_lidar=0.17° ratio=0.215 trans=0.038m
[20:35:35.611] [info] [Build-RotPairs]   pair#3254 dt=0.20s rot_imu=0.55° rot_lidar=0.23° ratio=0.414 trans=0.092m
[20:35:35.611] [info] [Build-RotPairs]   pair#3255 dt=0.20s rot_imu=0.54° rot_lidar=0.23° ratio=0.422 trans=0.092m
[20:35:35.612] [info] [Motion-Excitation] 运动激励: roll=4429.1° pitch=4450.2° yaw=1307.7° 轴多样性=0.492 z平移占比=0.247
[20:35:35.612] [info] [Motion-Excitation] 结论: 运动较充分 | 运动较充分，可对全自由度标定
[20:35:35.612] [info] [IMU-LiDAR] 步骤: 手眼旋转标定开始 — 旋转对 3256 个
[20:35:35.612] [info] [Handeye] 方程: R_imu*X = X*R_lidar，X=R_LidarInImu。歧义时: decision=prefer_180 margin_deg=3.0°
[20:35:35.612] [info] [Handeye] 质量权重: min=0.150 max=1.000 avg=0.866
[20:35:35.612] [info] [Handeye] 约束矩阵 M (13024x4) 奇异值: 106.3234 106.2322 106.0978 1.0280 (最小过小表示病态)
[20:35:35.612] [info] [Handeye] 奇异值比 sv_min/sv_max = 0.0097 (越接近0越病态，>0.05 较健康)
[20:35:35.612] [info] [IMU-LiDAR] 步骤: 手眼旋转标定完成 — 平均误差: 2.4652 deg (min=0.0427 max=18.9401 std=2.0918)
[20:35:35.612] [info] [Handeye] 残差分位: P50=1.880° P90=5.024°
[20:35:35.612] [info] [Handeye] 残差最大 3 对 (用于定位异常时段):
[20:35:35.612] [info]   pair#17 t=[1609045403.2,1609045403.6]s dt_span=0.48s 残差=18.94 deg
[20:35:35.612] [info]   pair#246 t=[1609045616.1,1609045616.6]s dt_span=0.48s 残差=16.92 deg
[20:35:35.612] [info]   pair#236 t=[1609045609.1,1609045609.6]s dt_span=0.52s 残差=16.60 deg
[20:35:35.613] [info] [Handeye] SVD 初解: trace(R)=-1.0000 相对单位阵旋转角=179.969° (0°=单位阵 180°=歧义解)
[20:35:35.613] [info] [Handeye] 180° 歧义两解: 180°侧 残差=2.4652° | 单位阵侧 残差=3.2960° (策略: prefer_180)
[20:35:35.613] [info] [Handeye] 初值先验: 180°侧距初值 180.00° | 单位阵侧距初值 0.05° → 采用单位阵侧
[20:35:35.613] [info] [Handeye] 最终解: 单位阵侧(已校正) (相对单位阵旋转角=0.059°)
[20:35:35.613] [info] [Handeye] 旋转矩阵 R_Imu_Lidar (3x3):
[20:35:35.613] [info]   [1.000000, 0.000812, 0.000322]
[20:35:35.613] [info]   [-0.000812, 1.000000, -0.000537]
[20:35:35.613] [info]   [-0.000323, 0.000537, 1.000000]
[20:35:35.613] [info]   手眼旋转标定成功
[20:35:35.613] [info] [CALC] IMU-LiDAR 手眼旋转 平均残差=3.2960 deg 旋转对数=3256
[20:35:35.613] [info] [IMU-LiDAR] 步骤: 平移估计开始 (里程计 800 帧)
[20:35:35.613] [info] [Trans-Est] 帧间 dt(s): min=0.480 med=0.514 max=0.520 (有效范围 [0.05, 2.0]); 总时间跨度 399.5s
[20:35:35.680] [info] [Trans-Est] 共收集 522 个约束
[20:35:35.680] [info] [Trans-Est] MAD 滤波: 522 -> 522 约束
[20:35:35.680] [info] [CALC] IMU-LiDAR 平移估计 t=[-0.0000,0.0000,0.0000] m rms_m_s=0.0000 约束数=522
[20:35:35.680] [info] [IMU-LiDAR] 步骤: 平移估计完成 — t=[-0.000, 0.000, 0.000] m, RMS=0.0000 m/s
[20:35:35.680] [info]   t = [-0.000, 0.000, 0.000] m
[20:35:35.680] [info]   RMS 误差 = 0.0000 m/s (基于 522 个约束)
[20:35:35.680] [info] [IMU-LiDAR] 粗标定完成
[20:35:35.680] [info] [IMU-LiDAR] 粗标定摘要: R(RPY°)=[0.031, 0.019, -0.046] t(m)=[-0.0000, 0.0000, 0.0000] 旋转对=3256
[20:35:35.681] [info]   四元数 (xyzw):  0.000268475  0.000161344 -0.000405828            1
[20:35:35.681] [info]   平移: [-0.000000, 0.000000, 0.000000] m
[20:35:35.681] [info] [IMU-LiDAR] 粗标定 4x4 T_Imu_Lidar:
[20:35:35.681] [info]   [1.000000, 0.000812, 0.000322, -0.000000]
[20:35:35.681] [info]   [-0.000812, 1.000000, -0.000537, 0.000000]
[20:35:35.681] [info]   [-0.000323, 0.000537, 1.000000, 0.000000]
[20:35:35.681] [info]   [0.000000, 0.000000, 0.000000, 1.000000]
[20:35:35.681] [info] [IMU-LiDAR] 步骤: B样条精细优化开始 (LiDAR 800 帧)
[20:35:35.681] [info] [LiDAR-Odom] 开始 LiDAR 里程计 (NDT 配准)
[20:37:13.147] [info] [LiDAR-Odom] 完成, 处理 800 帧 (有效 800 帧)
[20:37:13.147] [info] [LiDAR-Odom] 点云规模: 每帧点数 min=12412 med≈12794 max=13319
[20:37:13.245] [info] [CALC] IMU-LiDAR B样条 Ceres initial_cost=1.735606 final_cost=1.734188 iter=14 time_offset_s=-0.0000 converged=yes
[20:37:13.245] [info] [IMU-LiDAR] 步骤: B样条精细优化完成 — time_offset=-0.0000s converged=yes cost=1.734188 iter=14
[20:37:13.245] [info] [B-spline] 代价: 初=1.735606 终=1.734188 (迭代14 次)
[20:37:13.245] [info] [B-spline] 初值→精化: 旋转差 0.0079 deg, 平移差 0.000658 m
[20:37:13.245] [info] [B-spline] 精标定 4x4 T_Imu_Lidar:
[20:37:13.245] [info]   [0.999999, 0.000950, 0.000322, 0.000458]
[20:37:13.245] [info]   [-0.000949, 0.999999, -0.000535, 0.000069]
[20:37:13.245] [info]   [-0.000322, 0.000535, 1.000000, 0.000468]
[20:37:13.245] [info]   [0.000000, 0.000000, 0.000000, 1.000000]
[20:37:13.246] [info] [Fine-Auto/IMU-LiDAR] imu_0->lidar_front 最终 4x4 T_Imu_Lidar (p_imu = T * p_lidar):
[20:37:13.246] [info]   [0.999999, 0.000950, 0.000322, 0.000458]
[20:37:13.246] [info]   [-0.000949, 0.999999, -0.000535, 0.000069]
[20:37:13.246] [info]   [-0.000322, 0.000535, 1.000000, 0.000468]
[20:37:13.246] [info]   [0.000000, 0.000000, 0.000000, 1.000000]
[20:37:13.247] [info] [Fine-Auto/IMU-LiDAR] imu_0->lidar_front 结果已写入: /root/calib_ws/./results/imu_lidar_extrinsic/imu_lidar_imu_0_lidar_front.yaml
[20:37:13.247] [info] [Fine-Auto/IMU-LiDAR] imu_0->lidar_front 完成
[20:37:13.261] [warning] [Fine-Auto/IMU-LiDAR] imu_0 内参文件不存在，将不使用陀螺零偏: ./results/imu_intrinsic/imu_intrinsic_imu_0.yaml
[20:37:13.261] [info] [Fine-Auto/IMU-LiDAR] imu_0->lidar_rear 使用配置内联初值 (在初值基础上精化)
[20:37:13.261] [info] [IMU-LiDAR] 粗标定以配置初值为先验开始 (手眼 180° 消解与平移回退)，得到粗标定结果后精标定
[20:37:13.261] [info] [IMU-LiDAR] 开始两阶段标定
[20:37:13.261] [info]   IMU 数据: 166428 帧
[20:37:13.261] [info]   LiDAR 数据: 800 帧
[20:37:13.261] [info] [Time-Align] IMU  时间范围: [1609045331.131, 1609045759.770] 跨度 428.64s
[20:37:13.261] [info] [Time-Align] LiDAR 时间范围: [1609045331.197, 1609045730.660] 跨度 399.46s
[20:37:13.261] [info] [Time-Align] 重叠区间: [1609045331.197, 1609045730.660] 跨度 399.46s
[20:37:13.261] [info] [Time-Align] 重叠占比: 100.0% (相对较短流)
[20:37:13.261] [warning] [Time-Align] IMU 与 LiDAR 首/末帧时间戳差异较大: 首帧差 0.066s 末帧差 29.110s — 若两者非同一时间基准（如不同 ROS 时钟），必须对齐后再标定
[20:37:13.261] [warning] [Time-Align] 末帧差 >10s，旋转对可能系统性偏差，手眼标定易得 180° 歧义；建议确保同一时间基准或对齐后再标定
[20:37:13.261] [info] [Time-Align] 结论: 请检查时间基准与对齐 (重叠>10s且首末差<1s为优)
[20:37:13.261] [info] [LiDAR-Odom] 开始 LiDAR 里程计 (NDT 配准)
[20:37:55.614] [info] [LiDAR-Odom] 完成, 处理 800 帧 (有效 800 帧)
[20:37:55.614] [info] [LiDAR-Odom] 点云规模: 每帧点数 min=5950 med≈11308 max=12524
[20:37:55.616] [info] [Build-RotPairs] 构建旋转对
[20:37:55.616] [info] [Build-RotPairs] 计算逻辑: 同一时间段 [t_begin,t_end] 内 — LiDAR 相对旋转 = (T_w_l0^{-1}*T_w_l1).so3().inverse() 即机体从 t_begin→t_end 的旋转；IMU 相对旋转 = 陀螺积分 R(t_begin→t_end)。二者同为机体旋转，应一致
[20:37:55.616] [info] [Build-RotPairs] 时间基准要求: t_begin/t_end 使用 LiDAR 帧时间戳，IMU 积分区间与之一致；IMU 与 LiDAR 必须为同一时间基准（如 ROS bag 时间），未对齐会导致旋转对错误、标定偏差甚至约 180° 误差
[20:37:55.619] [info] [Build-RotPairs] 首对积分统计: dt=0.514s 采样数=200 陀螺1σ漂移≈0.0411° (ARW)
[20:37:55.619] [info] [Build-RotPairs] 首对时间对齐: LiDAR 区间 [t_begin,t_end]=[1609045331.1968, 1609045331.7107] | IMU 参与积分区间 [1609045331.1984, 1609045331.7083]
[20:37:55.619] [info] [Build-RotPairs] 首对 IMU 积分计算: sum_dt=0.507112s 实际时间跨度=0.509914s 请求区间=0.513901s (sum_dt 应≈实际跨度)
[*** LOG ERROR #0002 ***] [2026-04-07 20:37:55] [stage] {argument not found}
[20:37:55.619] [warning] [Build-RotPairs] 存在过小时间戳间隔 dt_min=0.000106s（可能重复戳），已跳过 <0.1ms 的步；建议检查 bag 或 IMU 驱动
[20:37:55.619] [info] [Build-RotPairs] 首对区间裁剪: 积分未覆盖 t_begin~t_first 约 0.0017s, t_last~t_end 约 0.0023s (可能导致 IMU 角略小于真实)
[20:37:56.095] [info] [Build-RotPairs] 短时窗旋转对: dt_target=0.20s 步长=0.10s 新增 2879 对 (降低陀螺积分漂移)
[20:37:56.095] [info] [Build-RotPairs] 短时窗首对积分: dt=0.200s 采样数=77 1σ漂移≈0.0256°
[20:37:56.095] [info] [Build-RotPairs] 构建了 3237 个有效旋转对 (相邻帧 358 + 短时窗 2879, 最小激励 3.0 deg)
[20:37:56.095] [info] [Build-RotPairs] IMU 相对旋转: 0.50 ~ 16.68 deg | LiDAR 相对旋转: 0.00 ~ 8.52 deg
[20:37:56.095] [info] [Build-RotPairs] LiDAR 相对平移(相邻帧): min=0.000 med=0.108 max=0.519 m (平移过小且旋转过小则 NDT 可能退化)
[20:37:56.095] [info] [Build-RotPairs] 旋转对时间跨度 dt_span(s): min=0.200 med=0.200 max=0.519 (大跨度会放大里程计漂移与时间不同步)
[20:37:56.095] [info] [Build-RotPairs] LiDAR角/IMU角 比值: 均值=0.524 中位数=0.421 标准差=0.466 (理想≈1)
[20:37:56.095] [info] [Build-RotPairs] 比值分位: P25=0.205 P50=0.421 P75=0.706
[20:37:56.095] [info] [Build-RotPairs] 比值分布: ratio<0.5 共 1879 对, 0.5~0.8 共 717 对, 0.8~1.2 共 405 对, >1.2 共 236 对
[20:37:56.095] [info] [Build-RotPairs] 旋转对质量: 差 (优=比值近1且多数在0.8~1.2)
[20:37:56.095] [warning] [Build-RotPairs] 比值均值 0.524 系统性偏离 1，手眼易出现 180° 歧义；请检查时间对齐/帧间隔，或配置 handeye_prefer_identity_when_ambiguous: true
[20:37:56.095] [info] [Build-RotPairs] 抽样 (前5对):
[20:37:56.095] [info] [Build-RotPairs]   pair#0 dt=0.48s rot_imu=3.32° rot_lidar=0.42° ratio=0.128 trans=0.080m
[20:37:56.095] [info] [Build-RotPairs]   pair#1 dt=0.48s rot_imu=3.21° rot_lidar=2.49° ratio=0.774 trans=0.401m
[20:37:56.095] [info] [Build-RotPairs]   pair#2 dt=0.52s rot_imu=6.04° rot_lidar=3.57° ratio=0.591 trans=0.494m
[20:37:56.095] [info] [Build-RotPairs]   pair#3 dt=0.48s rot_imu=8.46° rot_lidar=2.50° ratio=0.296 trans=0.494m
[20:37:56.095] [info] [Build-RotPairs]   pair#4 dt=0.52s rot_imu=7.67° rot_lidar=2.10° ratio=0.274 trans=0.505m
[20:37:56.095] [info] [Build-RotPairs] 抽样 (后5对):
[20:37:56.095] [info] [Build-RotPairs]   pair#3232 dt=0.20s rot_imu=1.10° rot_lidar=0.63° ratio=0.569 trans=0.096m
[20:37:56.095] [info] [Build-RotPairs]   pair#3233 dt=0.20s rot_imu=0.93° rot_lidar=0.54° ratio=0.584 trans=0.093m
[20:37:56.095] [info] [Build-RotPairs]   pair#3234 dt=0.20s rot_imu=0.59° rot_lidar=0.28° ratio=0.481 trans=0.083m
[20:37:56.095] [info] [Build-RotPairs]   pair#3235 dt=0.20s rot_imu=0.53° rot_lidar=0.46° ratio=0.864 trans=0.098m
[20:37:56.095] [info] [Build-RotPairs]   pair#3236 dt=0.20s rot_imu=0.57° rot_lidar=0.46° ratio=0.815 trans=0.098m
[20:37:56.095] [info] [Motion-Excitation] 运动激励: roll=4413.7° pitch=4440.1° yaw=1308.7° 轴多样性=0.494 z平移占比=0.400
[20:37:56.095] [info] [Motion-Excitation] 结论: 运动较充分 | 运动较充分，可对全自由度标定
[20:37:56.095] [info] [IMU-LiDAR] 步骤: 手眼旋转标定开始 — 旋转对 3237 个
[20:37:56.095] [info] [Handeye] 方程: R_imu*X = X*R_lidar，X=R_LidarInImu。歧义时: decision=prefer_180 margin_deg=3.0°
[20:37:56.095] [info] [Handeye] 质量权重: min=0.150 max=1.000 avg=0.856
[20:37:56.095] [info] [Handeye] 约束矩阵 M (12948x4) 奇异值: 105.3580 105.3176 105.2217 1.5651 (最小过小表示病态)
[20:37:56.095] [info] [Handeye] 奇异值比 sv_min/sv_max = 0.0149 (越接近0越病态，>0.05 较健康)
[20:37:56.096] [info] [IMU-LiDAR] 步骤: 手眼旋转标定完成 — 平均误差: 2.3900 deg (min=0.0963 max=15.3539 std=1.8954)
[20:37:56.096] [info] [Handeye] 残差分位: P50=1.834° P90=4.778°
[20:37:56.096] [info] [Handeye] 残差最大 3 对 (用于定位异常时段):
[20:37:56.096] [info]   pair#220 t=[1609045589.7,1609045590.2]s dt_span=0.48s 残差=15.35 deg
[20:37:56.096] [info]   pair#248 t=[1609045616.2,1609045616.7]s dt_span=0.51s 残差=15.08 deg
[20:37:56.096] [info]   pair#246 t=[1609045612.7,1609045613.2]s dt_span=0.48s 残差=13.49 deg
[20:37:56.096] [info] [Handeye] SVD 初解: trace(R)=-1.0000 相对单位阵旋转角=179.928° (0°=单位阵 180°=歧义解)
[20:37:56.096] [info] [Handeye] 180° 歧义两解: 180°侧 残差=2.3900° | 单位阵侧 残差=2.3739° (策略: prefer_180)
[20:37:56.096] [info] [Handeye] 初值先验: 180°侧距初值 179.95° | 单位阵侧距初值 179.97° → 采用180°侧
[20:37:56.096] [info] [Handeye] 最终解: 180°侧 (相对单位阵旋转角=179.928°)
[20:37:56.096] [warning] [Handeye] 最终采用 180° 解。若 IMU 与 LiDAR 同向安装，请: (1) 检查 IMU/LiDAR 时间基准与对齐 (2) 设置 handeye_prefer_identity_when_ambiguous: true (3) 检查旋转对 LiDAR角/IMU角 比值是否系统性偏离 1
[20:37:56.096] [info] [Handeye] 旋转矩阵 R_Imu_Lidar (3x3):
[20:37:56.096] [info]   [0.999999, -0.001042, -0.000313]
[20:37:56.096] [info]   [-0.001042, -0.999999, 0.001260]
[20:37:56.096] [info]   [-0.000314, -0.001259, -0.999999]
[20:37:56.096] [info]   手眼旋转标定成功
[20:37:56.096] [info] [CALC] IMU-LiDAR 手眼旋转 平均残差=2.3900 deg 旋转对数=3237
[20:37:56.096] [info] [IMU-LiDAR] 步骤: 平移估计开始 (里程计 800 帧)
[20:37:56.096] [info] [Trans-Est] 帧间 dt(s): min=0.478 med=0.513 max=0.522 (有效范围 [0.05, 2.0]); 总时间跨度 399.5s
[20:37:56.169] [info] [Trans-Est] 共收集 508 个约束
[20:37:56.169] [info] [Trans-Est] MAD 滤波: 508 -> 508 约束
[20:37:56.169] [info] [CALC] IMU-LiDAR 平移估计 t=[-0.0000,-0.0000,0.0000] m rms_m_s=0.0000 约束数=508
[20:37:56.169] [info] [IMU-LiDAR] 步骤: 平移估计完成 — t=[-0.000, -0.000, 0.000] m, RMS=0.0000 m/s
[20:37:56.169] [info]   t = [-0.000, -0.000, 0.000] m
[20:37:56.169] [info]   RMS 误差 = 0.0000 m/s (基于 508 个约束)
[20:37:56.169] [info] [IMU-LiDAR] 粗标定完成
[20:37:56.169] [info] [IMU-LiDAR] 粗标定摘要: R(RPY°)=[-179.928, 0.018, -0.060] t(m)=[-0.2000, 0.0000, 0.2000] 旋转对=3237
[20:37:56.169] [warning] [IMU-LiDAR] 粗标定结果约 180° (RPY≈±180°,0°,0°)。若 IMU 与 LiDAR 同向安装，请检查时间对齐或设置 handeye_prefer_identity_when_ambiguous: true
[20:37:56.169] [info]   四元数 (xyzw):            1   -0.0005211 -0.000156773 -0.000629789
[20:37:56.169] [info]   平移: [-0.200000, 0.000000, 0.200000] m
[20:37:56.169] [info] [IMU-LiDAR] 粗标定 4x4 T_Imu_Lidar:
[20:37:56.169] [info]   [0.999999, -0.001042, -0.000313, -0.200000]
[20:37:56.169] [info]   [-0.001042, -0.999999, 0.001260, 0.000000]
[20:37:56.169] [info]   [-0.000314, -0.001259, -0.999999, 0.200000]
[20:37:56.169] [info]   [0.000000, 0.000000, 0.000000, 1.000000]
[20:37:56.169] [warning] [IMU-LiDAR] 粗标定结果偏离初值过大 (旋转 179.9° 平移 0.000m)，粗结果采用初值，再精标定
[20:37:56.169] [info] [IMU-LiDAR] 步骤: B样条精细优化开始 (LiDAR 800 帧)
[20:37:56.169] [info] [LiDAR-Odom] 开始 LiDAR 里程计 (NDT 配准)
[20:38:37.091] [info] [LiDAR-Odom] 完成, 处理 800 帧 (有效 800 帧)
[20:38:37.091] [info] [LiDAR-Odom] 点云规模: 每帧点数 min=5950 med≈11308 max=12524
[20:38:37.112] [info] [CALC] IMU-LiDAR B样条 Ceres initial_cost=1.329074 final_cost=1.328584 iter=10 time_offset_s=-0.0000 converged=yes
[20:38:37.112] [info] [IMU-LiDAR] 步骤: B样条精细优化完成 — time_offset=-0.0000s converged=yes cost=1.328584 iter=10
[20:38:37.112] [info] [B-spline] 代价: 初=1.329074 终=1.328584 (迭代10 次)
[20:38:37.112] [info] [B-spline] 初值→精化: 旋转差 0.0001 deg, 平移差 0.000010 m
[20:38:37.112] [info] [B-spline] 精标定 4x4 T_Imu_Lidar:
[20:38:37.112] [info]   [-1.000000, 0.000001, -0.000001, -0.199999]
[20:38:37.112] [info]   [-0.000001, 0.000001, 1.000000, -0.000000]
[20:38:37.112] [info]   [0.000001, 1.000000, -0.000001, 0.200009]
[20:38:37.112] [info]   [0.000000, 0.000000, 0.000000, 1.000000]
[20:38:37.112] [info] [Fine-Auto/IMU-LiDAR] imu_0->lidar_rear 最终 4x4 T_Imu_Lidar (p_imu = T * p_lidar):
[20:38:37.112] [info]   [-1.000000, 0.000001, -0.000001, -0.199999]
[20:38:37.112] [info]   [-0.000001, 0.000001, 1.000000, -0.000000]
[20:38:37.112] [info]   [0.000001, 1.000000, -0.000001, 0.200009]
[20:38:37.112] [info]   [0.000000, 0.000000, 0.000000, 1.000000]
[20:38:37.112] [info] [Fine-Auto/IMU-LiDAR] imu_0->lidar_rear 结果已写入: /root/calib_ws/./results/imu_lidar_extrinsic/imu_lidar_imu_0_lidar_rear.yaml
[20:38:37.112] [info] [Fine-Auto/IMU-LiDAR] imu_0->lidar_rear 完成
[20:38:37.112] [info] [Fine-Auto/IMU-LiDAR] IMU-LiDAR 标定完成: 2 对
[20:38:37.215] [info] ━━━━━━━━━━━━━━━━━━━━━━━━━━━━━━━━━━━━━━━━━
[20:38:37.215] [info] ■ 结束阶段: [Fine-Auto] 任务: [imu_lidar_extrin]
[20:38:37.215] [info]   结果: ✓ 成功 | 残差RMS: 0.0000 | 耗时: 299691 ms
[20:38:37.215] [info]   消息: IMU-LiDAR 标定完成: 2 对
[20:38:37.215] [info] [CALC] 阶段结束 stage=Fine-Auto task=imu_lidar_extrin success=true residual_rms=0.000000 elapsed_ms=299588.2 threshold=0.5000
[20:38:37.215] [info] ━━━━━━━━━━━━━━━━━━━━━━━━━━━━━━━━━━━━━━━━━
[20:38:37.216] [info] [Pipeline] 用户已启用手动校准 (--manual), 进入 6-DOF 调整
[20:38:37.216] [info] 
[20:38:37.216] [info] ━━━━━━━━━━━━━━━━━━━━━━━━━━━━━━━━━━━━━━━━━
[20:38:37.216] [info] ▶ 开始阶段: [Manual-Refine] 任务: [imu_lidar_extrin]
[20:38:37.216] [info]   描述: 手动校准: 6-DOF 交互式调整
[20:38:37.216] [info] ━━━━━━━━━━━━━━━━━━━━━━━━━━━━━━━━━━━━━━━━━
[20:38:37.216] [info] [Manual-Refine] 任务: imu_lidar_extrin
[20:38:37.216] [info] [Manual-Refine] 操作说明: Q/A Roll  W/S Pitch  E/D Yaw  R/F Tx  T/G Ty  Y/H Tz  U Undo  Enter 接受  Esc 取消
[20:38:37.216] [info] [ManualSession] 会话ID: session_2026-04-07_20-38-37
[20:38:37.216] [info] [ManualSession] 保存目录: ./results/manual_sessions
[20:38:37.216] [info] [ManualSession] 启动 IMU-LiDAR 手动校准
[20:38:37.216] [info] [ManualSession] 自动标定旋转残差: 3.2960 deg
[20:38:37.216] [info] [ManualSession] IMU-LiDAR 手动校准通过旋转增量验证
[20:38:37.216] [info] [ManualSession] 可视化: 将 IMU 积分轨迹与 LiDAR 里程计对比
[20:38:37.216] [debug] [ManualSession] 事件: imu_lidar_start | auto_rms=3.296017
[20:38:37.216] [info] [ManualAdjust] 初始外参:
[20:38:37.216] [info] [ManualAdjust] 当前外参 [imu_0→lidar_front]:
[20:38:37.216] [info]   旋转 RPY: (0.0306, 0.0185, -0.0544) deg
[20:38:37.216] [info]   平移 XYZ: (0.0005, 0.0001, 0.0005) m
[20:38:37.216] [debug] [ManualSession] 事件: imu_lidar_end | final_rms=0.000000
[20:38:37.217] [info] [ManualSession] 会话已保存: ./results/manual_sessions/session_2026-04-07_20-38-37.yaml
[20:38:37.217] [info] ━━━━━━━━━━━━━━━━━━━━━━━━━━━━━━━━━━━━━━━━━
[20:38:37.217] [info] ■ 结束阶段: [Manual-Refine] 任务: [imu_lidar_extrin]
[20:38:37.217] [info]   结果: ✓ 成功 | 残差RMS: 3.2960 | 耗时: 0 ms
[20:38:37.217] [info]   消息: IMU-LiDAR 手动调整完成
[20:38:37.217] [info] [CALC] 阶段结束 stage=Manual-Refine task=imu_lidar_extrin success=true residual_rms=3.296017 elapsed_ms=0.7 threshold=-1.0000
[20:38:37.217] [info] ━━━━━━━━━━━━━━━━━━━━━━━━━━━━━━━━━━━━━━━━━
[20:38:37.217] [info] ====== Pipeline Report: pipeline_20260407_203337 ======
[20:38:37.217] [info]   Total time: 299588.9 ms
[20:38:37.217] [info]   All stages succeeded: YES
[20:38:37.217] [info]   标定质量: 各阶段 RMS 均在阈值内
[20:38:37.217] [info]   [Fine-Auto-imu_lidar_extrin] success=true rms=0.0000 time=299588.2ms: IMU-LiDAR 标定完成: 2 对
[20:38:37.217] [info]   [Manual-Refine-imu_lidar_extrin] success=true rms=3.2960 time=0.7ms: IMU-LiDAR 手动调整完成

╔══════════════════════════════════════════════════════╗
║              标定参数汇总                            ║
╠══════════════════════════════════════════════════════╣
║ 外参:
║   imu_0->lidar_front:
║     R(RPY°): [0.03, 0.02, -0.05]
║     T(m):    [0.00, 0.00, 0.00]
║     时偏(s): -0.00
║     RMS:     0.00 ✓
║   imu_0->lidar_rear:
║     R(RPY°): [90.00, -0.00, -180.00]
║     T(m):    [-0.20, -0.00, 0.20]
║     时偏(s): -0.00
║     RMS:     0.00 ✓
╚══════════════════════════════════════════════════════╝

[20:38:37.217] [info] ================================
[20:38:37.217] [info] Pipeline report saved: ./results/pipeline_report_20260407_203337.yaml
[20:38:37.217] [info] ====== Pipeline Report: pipeline_20260407_203337 ======
[20:38:37.217] [info]   Total time: 299588.9 ms
[20:38:37.217] [info]   All stages succeeded: YES
[20:38:37.217] [info]   标定质量: 各阶段 RMS 均在阈值内
[20:38:37.217] [info]   [Fine-Auto-imu_lidar_extrin] success=true rms=0.0000 time=299588.2ms: IMU-LiDAR 标定完成: 2 对
[20:38:37.217] [info]   [Manual-Refine-imu_lidar_extrin] success=true rms=3.2960 time=0.7ms: IMU-LiDAR 手动调整完成

╔══════════════════════════════════════════════════════╗
║              标定参数汇总                            ║
╠══════════════════════════════════════════════════════╣
║ 外参:
║   imu_0->lidar_front:
║     R(RPY°): [0.03, 0.02, -0.05]
║     T(m):    [0.00, 0.00, 0.00]
║     时偏(s): -0.00
║     RMS:     0.00 ✓
║   imu_0->lidar_rear:
║     R(RPY°): [90.00, -0.00, -180.00]
║     T(m):    [-0.20, -0.00, 0.20]
║     时偏(s): -0.00
║     RMS:     0.00 ✓
╚══════════════════════════════════════════════════════╝

[20:38:37.217] [info] ================================
[20:38:37.217] [info] IMU-LiDAR 标定完成 | 结果: ./results
