
 ╔══════════════════════════════════════════════╗
 ║    UniCalib — IMU 内参标定 (Allan + 六面法)  ║
 ╚══════════════════════════════════════════════╝

[2026-04-14 20:20:44.269] [info] [UniCalib-IMU-Intrinsic] [:] 日志文件: ./results/logs/imu_intrinsic_20260414_202044.log
[2026-04-14 20:20:44.269] [info] [UniCalib-IMU-Intrinsic] [:] Loading IMU data from: /root/calib_ws/data/IMU/imu.csv
[2026-04-14 20:20:44.397] [info] [UniCalib-IMU-Intrinsic] [:] Loaded 139921 IMU frames from /root/calib_ws/data/IMU/imu.csv
[2026-04-14 20:20:44.397] [info] [UniCalib-IMU-Intrinsic] [:] Duration: 1399.2 s | Frames: 139921
  [starting]   [starting] [░░░░░░░░░░░░░░░░░░░░░░░░░░░░░░] 0%[2026-04-14 20:20:44.397] [info] [UniCalib-IMU-Intrinsic] [:] === IMU 内参标定开始 ===
[2026-04-14 20:20:44.397] [info] [UniCalib-IMU-Intrinsic] [:]   数据帧数: 139921
[2026-04-14 20:20:44.397] [info] [UniCalib-IMU-Intrinsic] [:]   数据时长: 1399.2 s
[2026-04-14 20:20:44.397] [info] [UniCalib-IMU-Intrinsic] [:] [IMU-Intrin] Step 1/2: Allan 方差分析 ...
  [allan_variance]   [allan_variance] [███░░░░░░░░░░░░░░░░░░░░░░░░░░░] 10%[2026-04-14 20:20:44.397] [info] [UniCalib-IMU-Intrinsic] [:] Allan: sample_rate=100.0 Hz, N=139921 frames
[2026-04-14 20:20:44.400] [info] [UniCalib-IMU-Intrinsic] [:] Allan: analyzing gyro axis X ...
[2026-04-14 20:20:44.403] [info] [UniCalib-IMU-Intrinsic] [:] Allan: analyzing accel axis X ...
[2026-04-14 20:20:44.405] [info] [UniCalib-IMU-Intrinsic] [:] Allan: analyzing gyro axis Y ...
[2026-04-14 20:20:44.407] [info] [UniCalib-IMU-Intrinsic] [:] Allan: analyzing accel axis Y ...
[2026-04-14 20:20:44.410] [info] [UniCalib-IMU-Intrinsic] [:] Allan: analyzing gyro axis Z ...
[2026-04-14 20:20:44.412] [info] [UniCalib-IMU-Intrinsic] [:] Allan: analyzing accel axis Z ...
[2026-04-14 20:20:44.415] [info] [UniCalib-IMU-Intrinsic] [:] [IMU-Intrin] Step 2/2: 六面法加速度计标定 ...
  [six_position]   [six_position] [█████████████████████░░░░░░░░░] 70%[2026-04-14 20:20:44.416] [info] [UniCalib-IMU-Intrinsic] [:] Static segments detected: 0
[2026-04-14 20:20:44.416] [warning] [UniCalib-IMU-Intrinsic] [:] Six-position: only 0 static segments found (need ≥6)
[2026-04-14 20:20:44.416] [info] [UniCalib-IMU-Intrinsic] [:] [CALC] IMU内参(legacy) 标定完成 帧数=139921 allan_fit_rms=0.000000 noise_gyro=1.1359e-01 noise_acce=4.9063e-01
  [done]   [done] [██████████████████████████████] 100%[2026-04-14 20:20:44.416] [info] [UniCalib-IMU-Intrinsic] [:] === IMU 内参标定完成 ===
[2026-04-14 20:20:44.416] [info] [UniCalib-IMU-Intrinsic] [:]   陀螺噪声:     1.1359e-01 rad/s/√Hz
[2026-04-14 20:20:44.416] [info] [UniCalib-IMU-Intrinsic] [:]   陀螺零偏不稳: 2.5731e-02 rad/s
[2026-04-14 20:20:44.416] [info] [UniCalib-IMU-Intrinsic] [:]   加速度计噪声: 4.9063e-01 m/s²/√Hz
[2026-04-14 20:20:44.416] [info] [UniCalib-IMU-Intrinsic] [:]   加速度计零偏不稳: 4.3392e-02 m/s²

[2026-04-14 20:20:44.416] [info] [UniCalib-IMU-Intrinsic] [:] Calibration took 0.0 s
[2026-04-14 20:20:44.416] [info] [UniCalib-IMU-Intrinsic] [:] Static segments detected: 0
[2026-04-14 20:20:44.417] [info] [UniCalib-IMU-Intrinsic] [:] [UniCalib-IMU-Intrinsic] Transformer-IMU 路径: /root/calib_ws/Transformer-IMU-Calibrator
[2026-04-14 20:20:44.418] [info] [UniCalib-IMU-Intrinsic] [:] [TransformerIMU] 不可用: 脚本不存在 script=/root/calib_ws/Transformer-IMU-Calibrator/eval_unicalib.py
[2026-04-14 20:20:44.418] [info] [UniCalib-IMU-Intrinsic] [:] [TransformerIMU] Transformer-IMU 不可用，使用 C++ 原生零偏估计（上方已打印具体原因）
[2026-04-14 20:20:44.418] [info] [UniCalib-IMU-Intrinsic] [:] [TransformerIMU] 原生零偏: 重力自检 g=(6.5832,1.4799,7.1209)
[2026-04-14 20:20:44.418] [info] [UniCalib-IMU-Intrinsic] [:] [TransformerIMU] 使用 C++ 原生零偏估计 (无 Python/无模型推理) mean_accel‖=0.0735 ‖ba‖=9.7365 m/s²
[2026-04-14 20:20:44.418] [info] [UniCalib-IMU-Intrinsic] [:] 六面法静态段不足 (0 < 6)，零偏来源: Transformer-IMU-Calibrator(native) (备选路径)
[2026-04-14 20:20:44.418] [info] [UniCalib-IMU-Intrinsic] [:]   bias_gyro=[-0.082020, 0.056257, 9.830373] (陀螺零偏为均值/模型粗估，可作初值)
[2026-04-14 20:20:44.418] [info] [UniCalib-IMU-Intrinsic] [:]   bias_acce=[-6.533883, -1.468801, -7.067534] ‖ba‖=9.7365 m/s²
[2026-04-14 20:20:44.418] [info] [UniCalib-IMU-Intrinsic] [:] Allan: sample_rate=100.0 Hz, N=139921 frames
[2026-04-14 20:20:44.420] [info] [UniCalib-IMU-Intrinsic] [:] Allan: analyzing gyro axis X ...
[2026-04-14 20:20:44.423] [info] [UniCalib-IMU-Intrinsic] [:] Allan: analyzing accel axis X ...
[2026-04-14 20:20:44.425] [info] [UniCalib-IMU-Intrinsic] [:] Allan: analyzing gyro axis Y ...
[2026-04-14 20:20:44.427] [info] [UniCalib-IMU-Intrinsic] [:] Allan: analyzing accel axis Y ...
[2026-04-14 20:20:44.430] [info] [UniCalib-IMU-Intrinsic] [:] Allan: analyzing gyro axis Z ...
[2026-04-14 20:20:44.432] [info] [UniCalib-IMU-Intrinsic] [:] Allan: analyzing accel axis Z ...
[2026-04-14 20:20:44.437] [info] [UniCalib-IMU-Intrinsic] [:] Allan plot saved: ./results/allan_gyro.png
[2026-04-14 20:20:44.437] [info] [UniCalib-IMU-Intrinsic] [:] Results saved to: ./results/imu_intrinsic/imu_intrinsic_imu_0.yaml

┌────────────────────────────────────────────────────┐
│              IMU 内参标定结果                      │
├──────────────────────┬─────────────────────────────┤
│ 传感器 ID            │                       imu_0 │
│ 数据帧数             │                      139921 │
│ 数据时长 (s)         │                      1399.2 │
├──────────────────────┼─────────────────────────────┤
│ 陀螺噪声 (rad/s/√Hz) │                  1.1359e-01 │
│ 陀螺零偏不稳 (rad/s) │                  2.5731e-02 │
│ 加速计噪声 (m/s²/√Hz)│                  4.9063e-01 │
│ 加速计零偏不稳 (m/s²)│                  4.3392e-02 │
│ 加速计零偏 ‖ba‖(m/s²)│                  9.7365e+00 │
└──────────────────────┴─────────────────────────────┘

结果保存至: ./results

