
 ╔═══════════════════════════════════════════════════════╗
 ║   UniCalib — LiDAR-Camera 外参标定                    ║
 ║   两阶段: AI粗标定(MIAS-LCEC) → 无目标边缘精标定      ║
 ║   手动校准: --manual 触发 6-DOF 交互式调整             ║
 ╚═══════════════════════════════════════════════════════╝

[2026-04-07 21:00:20.926] [info] [LiDAR-Camera] [:] ━━━━━━━━━━━━━━━━━━━━━━━━━━━━━━━━━━━━
[2026-04-07 21:00:20.926] [info] [LiDAR-Camera] [:] 配置文件: /root/calib_ws/calib_unified/config/unicalib_example.yaml
[2026-04-07 21:00:20.926] [info] [LiDAR-Camera] [:] 输出目录: /root/calib_ws/results
[2026-04-07 21:00:20.926] [info] [LiDAR-Camera] [:] 数据根目录: /root/calib_ws/data (--data-dir 或 CALIB_DATA_DIR)
[2026-04-07 21:00:20.926] [info] [LiDAR-Camera] [:] 精标定方法: edge (无目标优先=true)
[2026-04-07 21:00:20.926] [info] [LiDAR-Camera] [:] AI粗标定: true | 手动校准: true
[2026-04-07 21:00:20.926] [info] [LiDAR-Camera] [:] ━━━━━━━━━━━━━━━━━━━━━━━━━━━━━━━━━━━━
[2026-04-07 21:00:20.927] [info] [LiDAR-Camera] [:] 读取系统配置: /root/calib_ws/calib_unified/config/unicalib_example.yaml
[2026-04-07 21:00:20.928] [info] [LiDAR-Camera] [:]   IMU: 1, LiDAR: 2, Camera: 2
[2026-04-07 21:00:20.929] [info] [LiDAR-Camera] [:] ━━━━━━━━━━━━━━━━━━━━━━━━━━━━━━━━━━━━ [数据路径] ━━━━━━━━━━━━━━━━━━━━━━━━━━━━━
[2026-04-07 21:00:20.929] [info] [LiDAR-Camera] [:]   数据路径来源: 统一格式 (data.lidar.<id> / data.camera.<id>.images_dir)
[2026-04-07 21:00:20.929] [info] [LiDAR-Camera] [:]   配置原始值 — lidar:  nya_02_slam_imu_to_lidar/lidar_horz.yaml
[2026-04-07 21:00:20.929] [info] [LiDAR-Camera] [:]   配置原始值 — camera: lidar_camera_calibration-master/calibration_data/camera_calibration
[2026-04-07 21:00:20.929] [info] [LiDAR-Camera] [:]   base_data_dir:  /root/calib_ws/data
[2026-04-07 21:00:20.929] [info] [LiDAR-Camera] [:]   base 来源: 命令行 --data-dir
[2026-04-07 21:00:20.929] [info] [LiDAR-Camera] [:]   lidar_dir:      /root/calib_ws/data/nya_02_slam_imu_to_lidar/lidar_horz.yaml
[2026-04-07 21:00:20.929] [info] [LiDAR-Camera] [:]     → 相对路径，已与 base 拼接
[2026-04-07 21:00:20.929] [info] [LiDAR-Camera] [:]     → 存在: 是
[2026-04-07 21:00:20.929] [info] [LiDAR-Camera] [:]   camera_dir:     /root/calib_ws/data/lidar_camera_calibration-master/calibration_data/camera_calibration
[2026-04-07 21:00:20.929] [info] [LiDAR-Camera] [:]     → 相对路径，已与 base 拼接
[2026-04-07 21:00:20.929] [info] [LiDAR-Camera] [:]     → 存在: 是
[2026-04-07 21:00:20.929] [info] [LiDAR-Camera] [:]   【数据就绪】是 — 点云与图像目录均存在，将执行精标定
[2026-04-07 21:00:20.929] [info] [LiDAR-Camera] [:]   说明: 使用 --dataset 时请将 data.lidar/data.camera 设为相对 base 的路径（如 pcd、images），不要使用 /path/to/... 占位符
[2026-04-07 21:00:20.929] [info] [LiDAR-Camera] [:] ━━━━━━━━━━━━━━━━━━━━━━━━━━━━━━━━━━━━━━━━━━━━━━━━━━━━━━━━━━━━━━━━━━━━━━━━━━━━
[2026-04-07 21:00:20.929] [info] [LiDAR-Camera] [:] [LiDAR-Cam] use_config_extrinsic_only=true：跳过 AI 粗标定，将使用配置 initial_extrinsic 直接进入精标定/手动微调
[2026-04-07 21:00:20.929] [info] [LiDAR-Camera] [:] 读取系统配置: /root/calib_ws/calib_unified/config/unicalib_example.yaml
[2026-04-07 21:00:20.930] [info] [LiDAR-Camera] [:]   IMU: 1, LiDAR: 2, Camera: 2
[2026-04-07 21:00:20.930] [info] [LiDAR-Camera] [:] 读取系统配置: /root/calib_ws/calib_unified/config/unicalib_example.yaml
[2026-04-07 21:00:20.931] [info] [LiDAR-Camera] [:]   IMU: 1, LiDAR: 2, Camera: 2
[2026-04-07 21:00:20.931] [info] [LiDAR-Camera] [:] 配置: 使用 ROS2 bag 模式（离线标定）
[2026-04-07 21:00:20.931] [info] [LiDAR-Camera] [:]   Bag 路径: /root/calib_ws/data/nya_02_slam_imu_to_lidar/nya_02_ros2
[2026-04-07 21:00:20.931] [info] [LiDAR-Camera] [:]   LiDAR 话题: /os1_cloud_node1/points
[2026-04-07 21:00:20.931] [info] [LiDAR-Camera] [:]   相机话题: /left/image_raw
[2026-04-07 21:00:20.931] [info] [LiDAR-Camera] [:]   IMU 话题: /imu/imu
[2026-04-07 21:00:20.931] [info] [LiDAR-Camera] [:] [数据源] 类型=ROS2_BAG  path=/root/calib_ws/data/nya_02_slam_imu_to_lidar/nya_02_ros2  lidar_topic=/os1_cloud_node1/points  camera_topic=/left/image_raw
[2026-04-07 21:00:20.931] [info] [LiDAR-Camera] [:]   内参将从相机标定结果读取: ./results/camera_intrinsic/camera_intrinsic_cam_left.yaml (camera_id=cam_left)
[2026-04-07 21:00:20.931] [info] [LiDAR-Camera] [:]   内参将从相机标定结果读取: ./results/camera_intrinsic/camera_intrinsic_cam_right.yaml (camera_id=cam_right)
[2026-04-07 21:00:20.932] [info] [LiDAR-Camera] [:] [CalibPipeline] 初始化 ID=pipeline_20260407_210020
[2026-04-07 21:00:20.932] [info] [LiDAR-Camera] [:] [CalibPipeline] 输出目录: ./results
[2026-04-07 21:00:20.932] [info] [LiDAR-Camera] [:] [CalibPipeline] 无目标优先: true
[2026-04-07 21:00:20.932] [info] [LiDAR-Camera] [:] [CalibPipeline] 任务掩码: 0x10
[2026-04-07 21:00:20.932] [info] [LiDAR-Camera] [:] ▶ Stage 2: 精标定 (方法=edge)
[2026-04-07 21:00:20.932] [info] [LiDAR-Camera] [:] ▶ Stage 3: 手动校准 (manual_threshold=2.00px)
[2026-04-07 21:00:20.932] [info] [LiDAR-Camera] [:]   使用 ManualCalibSession 进行 6-DOF 交互式调整
[2026-04-07 21:00:20.932] [info] [LiDAR-Camera] [:]   调用示例:
[2026-04-07 21:00:20.932] [info] [LiDAR-Camera] [:]     ManualCalibSession::SessionConfig sess_cfg;
[2026-04-07 21:00:20.932] [info] [LiDAR-Camera] [:]     sess_cfg.save_dir = "./results/manual_sessions";
[2026-04-07 21:00:20.932] [info] [LiDAR-Camera] [:]     ManualCalibSession session(sess_cfg);
[2026-04-07 21:00:20.932] [info] [LiDAR-Camera] [:]     auto result = session.run_lidar_cam(scan, image, intrin, auto_result, auto_rms);
[2026-04-07 21:00:20.932] [info] [LiDAR-Camera] [:] 
[2026-04-07 21:00:20.932] [info] [LiDAR-Camera] [:] ╔═══════════════════════════════════════════════╗
[2026-04-07 21:00:20.932] [info] [LiDAR-Camera] [:] ║   UniCalib 两阶段标定流水线 — 开始            ║
[2026-04-07 21:00:20.932] [info] [LiDAR-Camera] [:] ║   Pipeline ID: pipeline_20260407_210020       ║
[2026-04-07 21:00:20.932] [info] [LiDAR-Camera] [:] ╚═══════════════════════════════════════════════╝
[2026-04-07 21:00:20.932] [info] [LiDAR-Camera] [:] [Coarse-AI/LiDAR-Cam] enable_coarse_lidar_cam=true → do_coarse=true
[21:00:20.932] [info] 
[21:00:20.932] [info] ━━━━━━━━━━━━━━━━━━━━━━━━━━━━━━━━━━━━━━━━━
[21:00:20.932] [info] ▶ 开始阶段: [Coarse-AI] 任务: [lidar_cam_extrin]
[21:00:20.932] [info]   描述: AI模型提供初始估计值
[21:00:20.932] [info] ━━━━━━━━━━━━━━━━━━━━━━━━━━━━━━━━━━━━━━━━━
[21:00:20.932] [info] [CALC] 粗标定阶段开始 task=lidar_cam_extrin
[21:00:20.932] [info] [Coarse-AI/LiDAR-Cam] 使用配置粗标定初值作为粗标定结果 t=[0.123,0.040,-0.058]m，精标定将以此起步
[21:00:20.932] [info] ━━━━━━━━━━━━━━━━━━━━━━━━━━━━━━━━━━━━━━━━━
[21:00:20.932] [info] ■ 结束阶段: [Coarse-AI] 任务: [lidar_cam_extrin]
[21:00:20.932] [info]   结果: ✓ 成功 | 残差RMS: 0.0000 | 耗时: 0 ms
[21:00:20.932] [info]   消息: 使用配置 initial_extrinsic 作为粗标定结果，精标定将以此起步
[21:00:20.932] [info] [CALC] 阶段结束 stage=Coarse-AI task=lidar_cam_extrin success=true residual_rms=0.000000 elapsed_ms=0.0 threshold=-1.0000
[21:00:20.932] [info] ━━━━━━━━━━━━━━━━━━━━━━━━━━━━━━━━━━━━━━━━━
[21:00:20.932] [info] 
[21:00:20.932] [info] ━━━━━━━━━━━━━━━━━━━━━━━━━━━━━━━━━━━━━━━━━
[21:00:20.932] [info] ▶ 开始阶段: [Fine-Auto] 任务: [lidar_cam_extrin]
[21:00:20.932] [info]   描述: 无目标优化
[21:00:20.932] [info] ━━━━━━━━━━━━━━━━━━━━━━━━━━━━━━━━━━━━━━━━━
[21:00:20.932] [info] [CALC] 精标定阶段开始 task=lidar_cam_extrin
[21:00:20.932] [info] [Fine-Auto] 任务: lidar_cam_extrin | 无目标优先: true
[21:00:20.932] [info] [Fine-Auto] 方法: 边缘对齐互信息 (EDGE_ALIGNMENT, 无目标)
[21:00:20.932] [info] [STAGE=lidar_cam_fine_auto] LiDAR-Camera 精标定 开始
[21:00:20.932] [info] [Fine-Auto/LiDAR-Cam] 开始执行精标定...
[21:00:20.932] [info]   [精标定数据源] 类型=ROS2_BAG  lidar_id=lidar_front
[21:00:20.932] [info]   ROS2 Bag: /root/calib_ws/data/nya_02_slam_imu_to_lidar/nya_02_ros2  LiDAR 话题: /os1_cloud_node1/points  相机话题: /left/image_raw
[21:00:20.932] [info] [Fine-Auto/LiDAR-Cam] 从 ROS2 加载数据...
[21:00:20.932] [info] [UnifiedDataLoader] 从 ROS2 加载数据...
[21:00:20.932] [info]   Bag 文件: /root/calib_ws/data/nya_02_slam_imu_to_lidar/nya_02_ros2
[21:00:20.932] [info]   实时模式: false
[21:00:20.932] [info] [Ros2BagDataSource] 打开 bag 文件: /root/calib_ws/data/nya_02_slam_imu_to_lidar/nya_02_ros2
[21:00:20.932] [info] [Ros2BagDataSource] 正在读取 metadata.yaml: /root/calib_ws/data/nya_02_slam_imu_to_lidar/nya_02_ros2/metadata.yaml
[21:00:20.933] [debug] [Ros2BagDataSource] 找到话题: /dji_sdk/imu (类型: sensor_msgs/msg/Imu, 消息数: 171462)
[21:00:20.933] [debug] [Ros2BagDataSource] 找到话题: /dji_sdk/attitude (类型: geometry_msgs/msg/QuaternionStamped, 消息数: 42866)
[21:00:20.933] [debug] [Ros2BagDataSource] 找到话题: /os1_cloud_node2/imu (类型: sensor_msgs/msg/Imu, 消息数: 42862)
[21:00:20.933] [debug] [Ros2BagDataSource] 找到话题: /os1_cloud_node1/imu (类型: sensor_msgs/msg/Imu, 消息数: 42862)
[21:00:20.933] [debug] [Ros2BagDataSource] 找到话题: /imu/imu (类型: sensor_msgs/msg/Imu, 消息数: 166428)
[21:00:20.933] [debug] [Ros2BagDataSource] 找到话题: /imu/magnetic_field (类型: sensor_msgs/msg/MagneticField, 消息数: 166428)
[21:00:20.933] [debug] [Ros2BagDataSource] 找到话题: /imu/temperature (类型: sensor_msgs/msg/Temperature, 消息数: 166428)
[21:00:20.933] [debug] [Ros2BagDataSource] 找到话题: /dji_sdk/gps_position (类型: sensor_msgs/msg/NavSatFix, 消息数: 21433)
[21:00:20.933] [debug] [Ros2BagDataSource] 找到话题: /dji_sdk/height_above_takeoff (类型: std_msgs/msg/Float32, 消息数: 21433)
[21:00:20.933] [debug] [Ros2BagDataSource] 找到话题: /dji_sdk/gps_health (类型: std_msgs/msg/UInt8, 消息数: 21433)
[21:00:20.933] [debug] [Ros2BagDataSource] 找到话题: /uwb_endorange_info (类型: uwb_driver/msg/UwbRange, 消息数: 25172)
[21:00:20.933] [debug] [Ros2BagDataSource] 找到话题: /left/image_raw (类型: sensor_msgs/msg/Image, 消息数: 4285)
[21:00:20.933] [debug] [Ros2BagDataSource] 找到话题: /right/image_raw (类型: sensor_msgs/msg/Image, 消息数: 4285)
[21:00:20.933] [debug] [Ros2BagDataSource] 找到话题: /os1_cloud_node1/points (类型: sensor_msgs/msg/PointCloud2, 消息数: 4287)
[21:00:20.933] [debug] [Ros2BagDataSource] 找到话题: /os1_cloud_node2/points (类型: sensor_msgs/msg/PointCloud2, 消息数: 4286)
[21:00:20.933] [debug] [Ros2BagDataSource] 找到话题: /uwb_exorange_info (类型: uwb_driver/msg/UwbEcho, 消息数: 2437)
[21:00:20.933] [debug] [Ros2BagDataSource] 找到话题: /node_pos_marker_sc (类型: visualization_msgs/msg/Marker, 消息数: 2437)
[21:00:20.933] [debug] [Ros2BagDataSource] 找到话题: /node_pos_sc (类型: nav_msgs/msg/Path, 消息数: 2437)
[21:00:20.933] [debug] [Ros2BagDataSource] 找到话题: /leica/pose/relative (类型: geometry_msgs/msg/PoseStamped, 消息数: 7679)
[21:00:20.933] [info] [Ros2BagDataSource] 使用配置的 LiDAR 话题: /os1_cloud_node1/points
[21:00:20.933] [info] [Ros2BagDataSource] 使用配置的相机话题: /left/image_raw
[21:00:20.933] [info] [Ros2BagDataSource] 使用配置的 IMU 话题: /imu/imu
[INFO] [1775566820.937701872] [rosbag2_storage]: Opened database '/root/calib_ws/data/nya_02_slam_imu_to_lidar/nya_02_ros2/nya_02_ros2.db3' for READ_ONLY.
[21:00:20.937] [info] [Ros2BagDataSource] Bag 已打开，开始读取消息...
[21:00:20.937] [info] [Ros2BagDataSource] 找到 19 个话题
[21:00:20.937] [info] [Ros2BagDataSource]  话题: /dji_sdk/imu  类型: sensor_msgs/msg/Imu  消息数: 171462
[21:00:20.937] [info] [Ros2BagDataSource]  话题: /dji_sdk/attitude  类型: geometry_msgs/msg/QuaternionStamped  消息数: 42866
[21:00:20.937] [info] [Ros2BagDataSource]  话题: /os1_cloud_node2/imu  类型: sensor_msgs/msg/Imu  消息数: 42862
[21:00:20.937] [info] [Ros2BagDataSource]  话题: /os1_cloud_node1/imu  类型: sensor_msgs/msg/Imu  消息数: 42862
[21:00:20.937] [info] [Ros2BagDataSource]  话题: /imu/imu  类型: sensor_msgs/msg/Imu  消息数: 166428
[21:00:20.937] [info] [Ros2BagDataSource]  话题: /imu/magnetic_field  类型: sensor_msgs/msg/MagneticField  消息数: 166428
[21:00:20.937] [info] [Ros2BagDataSource]  话题: /imu/temperature  类型: sensor_msgs/msg/Temperature  消息数: 166428
[21:00:20.937] [info] [Ros2BagDataSource]  话题: /dji_sdk/gps_position  类型: sensor_msgs/msg/NavSatFix  消息数: 21433
[21:00:20.937] [info] [Ros2BagDataSource]  话题: /dji_sdk/height_above_takeoff  类型: std_msgs/msg/Float32  消息数: 21433
[21:00:20.937] [info] [Ros2BagDataSource]  话题: /dji_sdk/gps_health  类型: std_msgs/msg/UInt8  消息数: 21433
[21:00:20.937] [info] [Ros2BagDataSource]  话题: /uwb_endorange_info  类型: uwb_driver/msg/UwbRange  消息数: 25172
[21:00:20.937] [info] [Ros2BagDataSource]  话题: /left/image_raw  类型: sensor_msgs/msg/Image  消息数: 4285
[21:00:20.937] [info] [Ros2BagDataSource]  话题: /right/image_raw  类型: sensor_msgs/msg/Image  消息数: 4285
[21:00:20.937] [info] [Ros2BagDataSource]  话题: /os1_cloud_node1/points  类型: sensor_msgs/msg/PointCloud2  消息数: 4287
[21:00:20.937] [info] [Ros2BagDataSource]  话题: /os1_cloud_node2/points  类型: sensor_msgs/msg/PointCloud2  消息数: 4286
[21:00:20.937] [info] [Ros2BagDataSource]  话题: /uwb_exorange_info  类型: uwb_driver/msg/UwbEcho  消息数: 2437
[21:00:20.937] [info] [Ros2BagDataSource]  话题: /node_pos_marker_sc  类型: visualization_msgs/msg/Marker  消息数: 2437
[21:00:20.937] [info] [Ros2BagDataSource]  话题: /node_pos_sc  类型: nav_msgs/msg/Path  消息数: 2437
[21:00:20.937] [info] [Ros2BagDataSource]  话题: /leica/pose/relative  类型: geometry_msgs/msg/PoseStamped  消息数: 7679
[21:00:20.937] [info] [Ros2BagDataSource] 将加载 bag 内所有 IMU / LiDAR / 相机话题，加载后可通过 sensor_id 或话题名选择使用
[21:00:21.358] [debug]   收集 IMU [/dji_sdk/imu] 帧数: 5000
[21:00:21.382] [debug]   收集 IMU [/imu/imu] 帧数: 5000
[21:00:21.779] [debug]   收集 IMU [/dji_sdk/imu] 帧数: 10000
[21:00:21.839] [debug]   收集 IMU [/imu/imu] 帧数: 10000
[21:00:22.243] [debug]   收集 IMU [/dji_sdk/imu] 帧数: 15000
[21:00:22.315] [debug]   收集 IMU [/imu/imu] 帧数: 15000
[21:00:22.696] [debug]   收集 LiDAR [/os1_cloud_node1/points] 帧数: 500
[21:00:22.697] [debug]   收集 LiDAR [/os1_cloud_node2/points] 帧数: 500
[21:00:22.698] [debug]   收集相机 [/left/image_raw] 帧数: 500
[21:00:22.698] [debug]   收集相机 [/right/image_raw] 帧数: 500
[21:00:22.698] [debug]   收集 IMU [/dji_sdk/imu] 帧数: 20000
[21:00:22.698] [debug]   收集 IMU [/os1_cloud_node1/imu] 帧数: 5000
[21:00:22.698] [debug]   收集 IMU [/os1_cloud_node2/imu] 帧数: 5000
[21:00:22.774] [debug]   收集 IMU [/imu/imu] 帧数: 20000
[21:00:23.159] [debug]   收集 IMU [/dji_sdk/imu] 帧数: 25000
[21:00:23.272] [debug]   收集 IMU [/imu/imu] 帧数: 25000
[21:00:23.736] [debug]   收集 IMU [/dji_sdk/imu] 帧数: 30000
[21:00:23.871] [debug]   收集 IMU [/imu/imu] 帧数: 30000
[21:00:24.191] [debug]   收集 IMU [/dji_sdk/imu] 帧数: 35000
[21:00:24.316] [debug]   收集 IMU [/imu/imu] 帧数: 35000
[21:00:24.675] [debug]   收集 LiDAR [/os1_cloud_node1/points] 帧数: 1000
[21:00:24.676] [debug]   收集 LiDAR [/os1_cloud_node2/points] 帧数: 1000
[21:00:24.676] [debug]   收集相机 [/left/image_raw] 帧数: 1000
[21:00:24.677] [debug]   收集相机 [/right/image_raw] 帧数: 1000
[21:00:24.677] [debug]   收集 IMU [/dji_sdk/imu] 帧数: 40000
[21:00:24.677] [debug]   收集 IMU [/os1_cloud_node1/imu] 帧数: 10000
[21:00:24.677] [debug]   收集 IMU [/os1_cloud_node2/imu] 帧数: 10000
[21:00:24.801] [debug]   收集 IMU [/imu/imu] 帧数: 40000
[21:00:25.184] [debug]   收集 IMU [/dji_sdk/imu] 帧数: 45000
[21:00:25.342] [debug]   收集 IMU [/imu/imu] 帧数: 45000
[21:00:25.630] [debug]   收集 IMU [/dji_sdk/imu] 帧数: 50000
[21:00:25.812] [debug]   收集 IMU [/imu/imu] 帧数: 50000
[21:00:26.093] [debug]   收集 IMU [/dji_sdk/imu] 帧数: 55000
[21:00:26.285] [debug]   收集 IMU [/imu/imu] 帧数: 55000
[21:00:26.560] [debug]   收集 LiDAR [/os1_cloud_node1/points] 帧数: 1500
[21:00:26.561] [debug]   收集 LiDAR [/os1_cloud_node2/points] 帧数: 1500
[21:00:26.561] [debug]   收集 IMU [/dji_sdk/imu] 帧数: 60000
[21:00:26.562] [debug]   收集相机 [/left/image_raw] 帧数: 1500
[21:00:26.562] [debug]   收集相机 [/right/image_raw] 帧数: 1500
[21:00:26.562] [debug]   收集 IMU [/os1_cloud_node1/imu] 帧数: 15000
[21:00:26.562] [debug]   收集 IMU [/os1_cloud_node2/imu] 帧数: 15000
[21:00:26.743] [debug]   收集 IMU [/imu/imu] 帧数: 60000
[21:00:27.007] [debug]   收集 IMU [/dji_sdk/imu] 帧数: 65000
[21:00:27.196] [debug]   收集 IMU [/imu/imu] 帧数: 65000
[21:00:27.482] [debug]   收集 IMU [/dji_sdk/imu] 帧数: 70000
[21:00:27.671] [debug]   收集 IMU [/imu/imu] 帧数: 70000
[21:00:27.938] [debug]   收集 IMU [/dji_sdk/imu] 帧数: 75000
[21:00:28.154] [debug]   收集 IMU [/imu/imu] 帧数: 75000
[21:00:28.398] [debug]   收集 LiDAR [/os1_cloud_node1/points] 帧数: 2000
[21:00:28.401] [debug]   收集 LiDAR [/os1_cloud_node2/points] 帧数: 2000
[21:00:28.402] [debug]   收集 IMU [/dji_sdk/imu] 帧数: 80000
[21:00:28.402] [debug]   收集 IMU [/os1_cloud_node1/imu] 帧数: 20000
[21:00:28.402] [debug]   收集 IMU [/os1_cloud_node2/imu] 帧数: 20000
[21:00:28.404] [debug]   收集相机 [/left/image_raw] 帧数: 2000
[21:00:28.405] [debug]   收集相机 [/right/image_raw] 帧数: 2000
[21:00:28.687] [debug]   收集 IMU [/imu/imu] 帧数: 80000
[21:00:28.927] [debug]   收集 IMU [/dji_sdk/imu] 帧数: 85000
[21:00:29.195] [debug]   收集 IMU [/imu/imu] 帧数: 85000
[21:00:29.416] [debug]   收集 IMU [/dji_sdk/imu] 帧数: 90000
[21:00:29.685] [debug]   收集 IMU [/imu/imu] 帧数: 90000
[21:00:29.863] [debug]   收集 IMU [/dji_sdk/imu] 帧数: 95000
[21:00:30.114] [debug]   收集 IMU [/imu/imu] 帧数: 95000
[21:00:30.294] [debug]   收集 LiDAR [/os1_cloud_node1/points] 帧数: 2500
[21:00:30.296] [debug]   收集 LiDAR [/os1_cloud_node2/points] 帧数: 2500
[21:00:30.297] [debug]   收集 IMU [/dji_sdk/imu] 帧数: 100000
[21:00:30.297] [debug]   收集 IMU [/os1_cloud_node1/imu] 帧数: 25000
[21:00:30.297] [debug]   收集 IMU [/os1_cloud_node2/imu] 帧数: 25000
[21:00:30.298] [debug]   收集相机 [/left/image_raw] 帧数: 2500
[21:00:30.299] [debug]   收集相机 [/right/image_raw] 帧数: 2500
[21:00:30.597] [debug]   收集 IMU [/imu/imu] 帧数: 100000
[21:00:30.769] [debug]   收集 IMU [/dji_sdk/imu] 帧数: 105000
[21:00:31.052] [debug]   收集 IMU [/imu/imu] 帧数: 105000
[21:00:31.252] [debug]   收集 IMU [/dji_sdk/imu] 帧数: 110000
[21:00:31.562] [debug]   收集 IMU [/imu/imu] 帧数: 110000
[21:00:31.712] [debug]   收集 IMU [/dji_sdk/imu] 帧数: 115000
[21:00:32.033] [debug]   收集 IMU [/imu/imu] 帧数: 115000
[21:00:32.192] [debug]   收集 LiDAR [/os1_cloud_node1/points] 帧数: 3000
[21:00:32.194] [debug]   收集 LiDAR [/os1_cloud_node2/points] 帧数: 3000
[21:00:32.194] [debug]   收集 IMU [/dji_sdk/imu] 帧数: 120000
[21:00:32.195] [debug]   收集 IMU [/os1_cloud_node1/imu] 帧数: 30000
[21:00:32.195] [debug]   收集 IMU [/os1_cloud_node2/imu] 帧数: 30000
[21:00:32.196] [debug]   收集相机 [/left/image_raw] 帧数: 3000
[21:00:32.196] [debug]   收集相机 [/right/image_raw] 帧数: 3000
[21:00:32.499] [debug]   收集 IMU [/imu/imu] 帧数: 120000
[21:00:32.618] [debug]   收集 IMU [/dji_sdk/imu] 帧数: 125000
[21:00:32.944] [debug]   收集 IMU [/imu/imu] 帧数: 125000
[21:00:33.049] [debug]   收集 IMU [/dji_sdk/imu] 帧数: 130000
[21:00:33.426] [debug]   收集 IMU [/imu/imu] 帧数: 130000
[21:00:33.516] [debug]   收集 IMU [/dji_sdk/imu] 帧数: 135000
[21:00:33.880] [debug]   收集 IMU [/imu/imu] 帧数: 135000
[21:00:33.968] [debug]   收集 LiDAR [/os1_cloud_node1/points] 帧数: 3500
[21:00:33.969] [debug]   收集 LiDAR [/os1_cloud_node2/points] 帧数: 3500
[21:00:33.970] [debug]   收集 IMU [/dji_sdk/imu] 帧数: 140000
[21:00:33.971] [debug]   收集 IMU [/os1_cloud_node1/imu] 帧数: 35000
[21:00:33.971] [debug]   收集 IMU [/os1_cloud_node2/imu] 帧数: 35000
[21:00:33.973] [debug]   收集相机 [/left/image_raw] 帧数: 3500
[21:00:33.974] [debug]   收集相机 [/right/image_raw] 帧数: 3500
[21:00:34.408] [debug]   收集 IMU [/imu/imu] 帧数: 140000
[21:00:34.473] [debug]   收集 IMU [/dji_sdk/imu] 帧数: 145000
[21:00:34.851] [debug]   收集 IMU [/imu/imu] 帧数: 145000
[21:00:34.907] [debug]   收集 IMU [/dji_sdk/imu] 帧数: 150000
[21:00:36.756] [debug]   收集 IMU [/imu/imu] 帧数: 150000
[21:00:37.405] [debug]   收集 IMU [/dji_sdk/imu] 帧数: 155000
[21:00:50.264] [debug]   收集 IMU [/imu/imu] 帧数: 155000
[21:00:50.294] [debug]   收集 LiDAR [/os1_cloud_node1/points] 帧数: 4000
[21:00:50.296] [debug]   收集 LiDAR [/os1_cloud_node2/points] 帧数: 4000
[21:00:50.299] [debug]   收集 IMU [/dji_sdk/imu] 帧数: 160000
[21:00:50.301] [debug]   收集 IMU [/os1_cloud_node1/imu] 帧数: 40000
[21:00:50.301] [debug]   收集 IMU [/os1_cloud_node2/imu] 帧数: 40000
[21:00:50.304] [debug]   收集相机 [/left/image_raw] 帧数: 4000
[21:00:50.305] [debug]   收集相机 [/right/image_raw] 帧数: 4000
[21:00:50.969] [debug]   收集 IMU [/imu/imu] 帧数: 160000
[21:00:50.980] [debug]   收集 IMU [/dji_sdk/imu] 帧数: 165000
[21:00:51.455] [debug]   收集 IMU [/imu/imu] 帧数: 165000
[21:00:51.456] [debug]   收集 IMU [/dji_sdk/imu] 帧数: 170000
[21:00:51.657] [info] [Ros2BagDataSource] 加载完成 (所有话题按话题名存储，可通过 sensor_id 或话题名选择):
[21:00:51.657] [info]   LiDAR [/os1_cloud_node1/points]: 4287 帧
[21:00:51.657] [info]   LiDAR [/os1_cloud_node2/points]: 4286 帧
[21:00:51.657] [info]   相机 [/left/image_raw]: 4285 帧
[21:00:51.657] [info]   相机 [/right/image_raw]: 4285 帧
[21:00:51.657] [info]   IMU [/dji_sdk/imu]: 171462 帧
[21:00:51.657] [info]   IMU [/imu/imu]: 166428 帧
[21:00:51.657] [info]   IMU [/os1_cloud_node1/imu]: 42862 帧
[21:00:51.657] [info]   IMU [/os1_cloud_node2/imu]: 42862 帧
[21:00:51.657] [info]   选用 LiDAR  lidar_front -> /os1_cloud_node1/points
[21:00:51.657] [info]   选用 相机  cam_left -> /left/image_raw
[21:00:51.657] [info]   选用 IMU    imu_0 -> /imu/imu
[21:00:51.658] [info]   时间范围: 1609045331.127 - 1609045759.771 秒
[21:00:51.658] [info] [Ros2BagDataSource] 应用采样/帧数限制...
[21:00:51.664] [info]   LiDAR /os1_cloud_node1/points 采样后: 800 帧
[21:00:51.678] [info]   LiDAR /os1_cloud_node2/points 采样后: 800 帧
[21:00:51.690] [info]   相机 /left/image_raw 采样后: 800 帧
[21:00:51.733] [info]   相机 /right/image_raw 采样后: 800 帧
[21:00:51.736] [info] [Fine-Auto/LiDAR-Cam] LiDAR 加载完成: 800 帧 (将按相机逐路取帧)
[21:00:51.738] [info] 读取相机内参: ./results/camera_intrinsic/camera_intrinsic_cam_left.yaml
[21:00:51.741] [info]   fx=384.00 fy=384.00 cx=376.00 cy=240.00 dist=4
[21:00:51.741] [info] [Fine-Auto/LiDAR-Cam] 步骤: LiDAR-Camera 标定 相机=cam_left (方法: 边缘对齐)
[21:00:51.744] [info] [CalibVisualizer] 初始化完成
[21:00:51.744] [info] [Fine-Auto/LiDAR-Cam] 可视化已启用：仅标定结束后显示一帧「图像+点云投影」叠加，不创建 3D 窗口、不泵送其他帧
[21:00:51.744] [info] [Fine-Auto/LiDAR-Cam] 使用粗标定初值 t=[0.123,0.040,-0.058]m
[21:00:51.751] [info] [Fine-Auto] 结果已保存: ./results/lidar_camera_extrinsic/lidar_cam_cam_left_extrinsic.yaml
[21:00:51.752] [info] [Viz] 即将生成投影图并保存到 ./results/lidar_camera_extrinsic/lidar_cam_cam_left_projection.png
[21:00:51.788] [info] 投影可视化保存: ./results/lidar_camera_extrinsic/lidar_cam_cam_left_projection.png
[21:00:51.788] [info] [Viz] 投影图已保存（仅使用配置初值，未做精标定）
[21:00:51.788] [info] [Fine-Auto/LiDAR-Cam] 相机 cam_left 已使用配置初值跳过精标定，直接供手动微调
[21:00:51.789] [info] [Viz/Display] 即将关闭可视化窗口 原因=用户关闭或流程结束 pangolin_running=false
[21:00:51.789] [warning] [Fine-Auto/LiDAR-Cam] 相机 cam_right 无帧，跳过
[21:00:51.789] [warning] [Fine-Auto/LiDAR-Cam] 相机 cam_front 无帧，跳过
[21:00:51.789] [warning] [Fine-Auto/LiDAR-Cam] 相机 cam_rear 无帧，跳过
[21:00:51.789] [info] [Fine-Auto/LiDAR-Cam] 精标定完成: 1 个相机  最大 RMS=0.0000 px
[21:00:51.789] [info] [STAGE=lidar_cam_fine_auto] LiDAR-Camera 精标定 完成
[21:00:51.789] [info] [Fine-Auto/LiDAR-Cam] RMS 阈值=2.00 px  最大 RMS=0.0000 px  在阈值内
[21:00:51.997] [info] ━━━━━━━━━━━━━━━━━━━━━━━━━━━━━━━━━━━━━━━━━
[21:00:51.997] [info] ■ 结束阶段: [Fine-Auto] 任务: [lidar_cam_extrin]
[21:00:51.997] [info]   结果: ✓ 成功 | 残差RMS: 0.0000 | 耗时: 31065 ms
[21:00:51.997] [info]   消息: LiDAR-Camera 精标定完成: 1 个相机, 最大 RMS=0.000000 px
[21:00:51.997] [info] [CALC] 阶段结束 stage=Fine-Auto task=lidar_cam_extrin success=true residual_rms=0.000000 elapsed_ms=30856.9 threshold=2.0000
[21:00:51.997] [info] ━━━━━━━━━━━━━━━━━━━━━━━━━━━━━━━━━━━━━━━━━
[21:00:51.998] [info] [Pipeline] 用户已启用手动校准 (--manual), 进入 6-DOF 调整
[21:00:51.998] [info] 
[21:00:51.998] [info] ━━━━━━━━━━━━━━━━━━━━━━━━━━━━━━━━━━━━━━━━━
[21:00:51.998] [info] ▶ 开始阶段: [Manual-Refine] 任务: [lidar_cam_extrin]
[21:00:51.998] [info]   描述: 手动校准: 6-DOF 交互式调整
[21:00:51.998] [info] ━━━━━━━━━━━━━━━━━━━━━━━━━━━━━━━━━━━━━━━━━
[21:00:51.998] [info] [Manual-Refine] 任务: lidar_cam_extrin
[21:00:51.998] [info] [Manual-Refine] 操作说明: Q/A Roll  W/S Pitch  E/D Yaw  R/F Tx  T/G Ty  Y/H Tz  U Undo  Enter 接受  Esc 取消
[21:00:51.998] [info] [ManualSession] 会话ID: session_2026-04-07_21-00-51
[21:00:51.998] [info] [ManualSession] 保存目录: ./results/manual_sessions
[21:00:51.998] [info] [Manual-Refine] 已打开 6-DOF 可视化调整窗口，请在本窗口内按键微调后 Enter 接受或 Esc 取消
[21:00:51.998] [info] [Manual-Refine] LiDAR-Camera 手动调整仅使用首帧匹配数据（第 0 帧点云 + 第 0 帧图像）
[21:00:51.998] [info] [ManualSession] 启动 LiDAR-Camera 手动校准
[21:00:51.998] [info] [ManualSession] 自动标定 RMS: 0.0000 px (阈值建议 < 2.0px)
[21:00:51.998] [debug] [ManualSession] 事件: lidar_cam_start | auto_rms=0.000000
[21:00:51.998] [info] [ManualAdjust] 初始外参:
[21:00:51.998] [info] [ManualAdjust] 当前外参 [lidar_front→cam_left]:
[21:00:51.998] [info]   旋转 RPY: (-58.8701, -88.5405, -31.0062) deg
[21:00:51.998] [info]   平移 XYZ: (0.1230, 0.0399, -0.0577) m
[21:00:51.998] [info] [ManualSession] ===== 手动校准操作说明 =====
[21:00:51.998] [info]   Q/A: Roll ±0.1deg   W/S: Pitch ±0.1deg   E/D: Yaw ±0.1deg
[21:00:51.998] [info]   R/F: Tx ±0.5cm   T/G: Ty ±0.5cm   Y/H: Tz ±0.5cm
[21:00:51.998] [info]   Shift+键: 10倍步长
[21:00:51.998] [info]   P: 进入点击精化模式  U: 撤销  Z: 重做
[21:00:51.998] [info]   S: 保存  ESC: 接受并退出
[21:00:51.998] [info]   点云投影质量越高 (边缘对齐越好) 表示标定越准确
[21:00:52.007] [info] [ManualAdjust] 结果已保存: ./results/lidar_camera_extrinsic/manual_extrinsic_20260407_210051_initial.yaml
[21:00:52.007] [info] [ManualCalib] 交互窗口启动前已自动保存初始状态快照（备用）:
[21:00:52.007] [info]   - 投影图: ./results/lidar_camera_extrinsic/manual_projection_20260407_210051_initial.png
[21:00:52.007] [info]   - 点云:   ./results/lidar_camera_extrinsic/manual_cloud_20260407_210051_initial.pcd
[21:00:52.007] [info]   - 外参:   ./results/lidar_camera_extrinsic/manual_extrinsic_20260407_210051_initial.yaml

(unicalib_lidar_camera:100): dbind-WARNING **: 21:00:52.032: Couldn't connect to accessibility bus: Failed to connect to socket /run/user/1000/at-spi/bus: No such file or directory
[21:00:52.083] [info] [ManualCalib] 3D 点云窗口已禁用（避免 VTK 闪退），请在 2D 投影窗口进行微调。按下 'S' 键可手动保存当前微调结果图片和点云。
[21:00:52.083] [info] [ManualCalib] 初始位姿 T_lidar_to_cam:
[21:00:52.084] [info]   - Translation: 0.1230, 0.0399, -0.0577
[21:00:52.084] [info]   - RPY (deg):   90.7545, -179.8846, 91.2509
[21:01:08.062] [debug] [ManualAdjust] 旋转增量 RPY=(0.100, 0.000, 0.000)deg
[21:01:08.062] [info] [ManualAdjust] 当前外参 [lidar_front→cam_left]:
[21:01:08.062] [info]   旋转 RPY: (-58.7701, -88.5405, -31.0062) deg
[21:01:08.062] [info]   平移 XYZ: (0.1230, 0.0399, -0.0577) m
[21:01:08.989] [debug] [ManualAdjust] 旋转增量 RPY=(0.100, 0.000, 0.000)deg
[21:01:08.989] [info] [ManualAdjust] 当前外参 [lidar_front→cam_left]:
[21:01:08.989] [info]   旋转 RPY: (-58.6701, -88.5405, -31.0062) deg
[21:01:08.989] [info]   平移 XYZ: (0.1230, 0.0399, -0.0577) m
[21:01:09.918] [debug] [ManualAdjust] 旋转增量 RPY=(0.100, 0.000, 0.000)deg
[21:01:09.918] [info] [ManualAdjust] 当前外参 [lidar_front→cam_left]:
[21:01:09.918] [info]   旋转 RPY: (-58.5701, -88.5405, -31.0062) deg
[21:01:09.918] [info]   平移 XYZ: (0.1230, 0.0399, -0.0577) m
[21:01:11.697] [debug] [ManualAdjust] 旋转增量 RPY=(0.100, 0.000, 0.000)deg
[21:01:11.697] [info] [ManualAdjust] 当前外参 [lidar_front→cam_left]:
[21:01:11.697] [info]   旋转 RPY: (-58.4701, -88.5405, -31.0062) deg
[21:01:11.697] [info]   平移 XYZ: (0.1230, 0.0399, -0.0577) m
[21:01:12.231] [debug] [ManualAdjust] 旋转增量 RPY=(0.100, 0.000, 0.000)deg
[21:01:12.231] [info] [ManualAdjust] 当前外参 [lidar_front→cam_left]:
[21:01:12.231] [info]   旋转 RPY: (-58.3701, -88.5405, -31.0062) deg
[21:01:12.231] [info]   平移 XYZ: (0.1230, 0.0399, -0.0577) m
[21:01:12.762] [debug] [ManualAdjust] 旋转增量 RPY=(0.100, 0.000, 0.000)deg
[21:01:12.762] [info] [ManualAdjust] 当前外参 [lidar_front→cam_left]:
[21:01:12.762] [info]   旋转 RPY: (-58.2701, -88.5405, -31.0062) deg
[21:01:12.762] [info]   平移 XYZ: (0.1230, 0.0399, -0.0577) m
[21:01:13.146] [debug] [ManualAdjust] 旋转增量 RPY=(0.100, 0.000, 0.000)deg
[21:01:13.146] [info] [ManualAdjust] 当前外参 [lidar_front→cam_left]:
[21:01:13.146] [info]   旋转 RPY: (-58.1701, -88.5405, -31.0062) deg
[21:01:13.146] [info]   平移 XYZ: (0.1230, 0.0399, -0.0577) m
[21:01:13.505] [debug] [ManualAdjust] 旋转增量 RPY=(0.100, 0.000, 0.000)deg
[21:01:13.505] [info] [ManualAdjust] 当前外参 [lidar_front→cam_left]:
[21:01:13.505] [info]   旋转 RPY: (-58.0701, -88.5405, -31.0062) deg
[21:01:13.505] [info]   平移 XYZ: (0.1230, 0.0399, -0.0577) m
[21:01:14.445] [debug] [ManualAdjust] 旋转增量 RPY=(-0.100, 0.000, 0.000)deg
[21:01:14.445] [info] [ManualAdjust] 当前外参 [lidar_front→cam_left]:
[21:01:14.445] [info]   旋转 RPY: (-58.1701, -88.5405, -31.0062) deg
[21:01:14.445] [info]   平移 XYZ: (0.1230, 0.0399, -0.0577) m
[21:01:14.634] [debug] [ManualAdjust] 旋转增量 RPY=(-0.100, 0.000, 0.000)deg
[21:01:14.634] [info] [ManualAdjust] 当前外参 [lidar_front→cam_left]:
[21:01:14.634] [info]   旋转 RPY: (-58.2701, -88.5405, -31.0062) deg
[21:01:14.634] [info]   平移 XYZ: (0.1230, 0.0399, -0.0577) m
[21:01:14.841] [debug] [ManualAdjust] 旋转增量 RPY=(-0.100, 0.000, 0.000)deg
[21:01:14.841] [info] [ManualAdjust] 当前外参 [lidar_front→cam_left]:
[21:01:14.841] [info]   旋转 RPY: (-58.3701, -88.5405, -31.0062) deg
[21:01:14.841] [info]   平移 XYZ: (0.1230, 0.0399, -0.0577) m
[21:01:15.044] [debug] [ManualAdjust] 旋转增量 RPY=(-0.100, 0.000, 0.000)deg
[21:01:15.044] [info] [ManualAdjust] 当前外参 [lidar_front→cam_left]:
[21:01:15.044] [info]   旋转 RPY: (-58.4701, -88.5405, -31.0062) deg
[21:01:15.044] [info]   平移 XYZ: (0.1230, 0.0399, -0.0577) m
[21:01:15.290] [debug] [ManualAdjust] 旋转增量 RPY=(-0.100, 0.000, 0.000)deg
[21:01:15.290] [info] [ManualAdjust] 当前外参 [lidar_front→cam_left]:
[21:01:15.290] [info]   旋转 RPY: (-58.5701, -88.5405, -31.0062) deg
[21:01:15.290] [info]   平移 XYZ: (0.1230, 0.0399, -0.0577) m
[21:01:15.538] [debug] [ManualAdjust] 旋转增量 RPY=(-0.100, 0.000, 0.000)deg
[21:01:15.538] [info] [ManualAdjust] 当前外参 [lidar_front→cam_left]:
[21:01:15.538] [info]   旋转 RPY: (-58.6701, -88.5405, -31.0062) deg
[21:01:15.538] [info]   平移 XYZ: (0.1230, 0.0399, -0.0577) m
[21:01:15.847] [debug] [ManualAdjust] 旋转增量 RPY=(-0.100, 0.000, 0.000)deg
[21:01:15.847] [info] [ManualAdjust] 当前外参 [lidar_front→cam_left]:
[21:01:15.847] [info]   旋转 RPY: (-58.7701, -88.5405, -31.0062) deg
[21:01:15.847] [info]   平移 XYZ: (0.1230, 0.0399, -0.0577) m
[21:01:16.074] [debug] [ManualAdjust] 旋转增量 RPY=(-0.100, 0.000, 0.000)deg
[21:01:16.074] [info] [ManualAdjust] 当前外参 [lidar_front→cam_left]:
[21:01:16.074] [info]   旋转 RPY: (-58.8701, -88.5405, -31.0062) deg
[21:01:16.074] [info]   平移 XYZ: (0.1230, 0.0399, -0.0577) m
[21:01:17.252] [debug] [ManualAdjust] 旋转增量 RPY=(0.000, 0.100, 0.000)deg
[21:01:17.252] [info] [ManualAdjust] 当前外参 [lidar_front→cam_left]:
[21:01:17.252] [info]   旋转 RPY: (-55.6288, -88.4864, -34.2486) deg
[21:01:17.252] [info]   平移 XYZ: (0.1230, 0.0399, -0.0577) m
[21:01:17.694] [debug] [ManualAdjust] 旋转增量 RPY=(0.000, 0.100, 0.000)deg
[21:01:17.694] [info] [ManualAdjust] 当前外参 [lidar_front→cam_left]:
[21:01:17.694] [info]   旋转 RPY: (-52.6202, -88.4278, -37.2583) deg
[21:01:17.694] [info]   平移 XYZ: (0.1230, 0.0399, -0.0577) m
[21:01:18.082] [debug] [ManualAdjust] 旋转增量 RPY=(0.000, 0.100, 0.000)deg
[21:01:18.082] [info] [ManualAdjust] 当前外参 [lidar_front→cam_left]:
[21:01:18.082] [info]   旋转 RPY: (-49.8350, -88.3651, -40.0446) deg
[21:01:18.082] [info]   平移 XYZ: (0.1230, 0.0399, -0.0577) m
[21:01:18.425] [debug] [ManualAdjust] 旋转增量 RPY=(0.000, 0.100, 0.000)deg
[21:01:18.425] [info] [ManualAdjust] 当前外参 [lidar_front→cam_left]:
[21:01:18.425] [info]   旋转 RPY: (-47.2609, -88.2989, -42.6198) deg
[21:01:18.425] [info]   平移 XYZ: (0.1230, 0.0399, -0.0577) m
[21:01:18.746] [debug] [ManualAdjust] 旋转增量 RPY=(0.000, 0.100, 0.000)deg
[21:01:18.746] [info] [ManualAdjust] 当前外参 [lidar_front→cam_left]:
[21:01:18.746] [info]   旋转 RPY: (-44.8842, -88.2295, -44.9976) deg
[21:01:18.746] [info]   平移 XYZ: (0.1230, 0.0399, -0.0577) m
[21:01:19.074] [debug] [ManualAdjust] 旋转增量 RPY=(0.000, 0.100, 0.000)deg
[21:01:19.074] [info] [ManualAdjust] 当前外参 [lidar_front→cam_left]:
[21:01:19.074] [info]   旋转 RPY: (-42.6901, -88.1573, -47.1928) deg
[21:01:19.074] [info]   平移 XYZ: (0.1230, 0.0399, -0.0577) m
[21:01:19.370] [debug] [ManualAdjust] 旋转增量 RPY=(0.000, 0.100, 0.000)deg
[21:01:19.370] [info] [ManualAdjust] 当前外参 [lidar_front→cam_left]:
[21:01:19.370] [info]   旋转 RPY: (-40.6643, -88.0826, -49.2197) deg
[21:01:19.370] [info]   平移 XYZ: (0.1230, 0.0399, -0.0577) m
[21:01:19.674] [debug] [ManualAdjust] 旋转增量 RPY=(0.000, 0.100, 0.000)deg
[21:01:19.674] [info] [ManualAdjust] 当前外参 [lidar_front→cam_left]:
[21:01:19.674] [info]   旋转 RPY: (-38.7926, -88.0057, -51.0925) deg
[21:01:19.674] [info]   平移 XYZ: (0.1230, 0.0399, -0.0577) m
[21:01:20.203] [debug] [ManualAdjust] 旋转增量 RPY=(0.000, -0.100, 0.000)deg
[21:01:20.203] [info] [ManualAdjust] 当前外参 [lidar_front→cam_left]:
[21:01:20.203] [info]   旋转 RPY: (-40.6643, -88.0826, -49.2197) deg
[21:01:20.203] [info]   平移 XYZ: (0.1230, 0.0399, -0.0577) m
[21:01:20.248] [info] [ManualAdjust] 结果已保存: ./results/lidar_camera_extrinsic/manual_extrinsic_20260407_210120.yaml
[21:01:20.248] [info] [ManualCalib] 手动微调快照已保存:
[21:01:20.248] [info]   - 投影图: ./results/lidar_camera_extrinsic/manual_projection_20260407_210120.png
[21:01:20.248] [info]   - 点云:   ./results/lidar_camera_extrinsic/manual_cloud_20260407_210120.pcd
[21:01:20.248] [info]   - 外参:   ./results/lidar_camera_extrinsic/manual_extrinsic_20260407_210120.yaml
[21:01:20.410] [debug] [ManualAdjust] 旋转增量 RPY=(0.000, -0.100, 0.000)deg
[21:01:20.410] [info] [ManualAdjust] 当前外参 [lidar_front→cam_left]:
[21:01:20.410] [info]   旋转 RPY: (-42.6901, -88.1573, -47.1928) deg
[21:01:20.410] [info]   平移 XYZ: (0.1230, 0.0399, -0.0577) m
[21:01:20.453] [info] [ManualAdjust] 结果已保存: ./results/lidar_camera_extrinsic/manual_extrinsic_20260407_210120.yaml
[21:01:20.453] [info] [ManualCalib] 手动微调快照已保存:
[21:01:20.453] [info]   - 投影图: ./results/lidar_camera_extrinsic/manual_projection_20260407_210120.png
[21:01:20.453] [info]   - 点云:   ./results/lidar_camera_extrinsic/manual_cloud_20260407_210120.pcd
[21:01:20.453] [info]   - 外参:   ./results/lidar_camera_extrinsic/manual_extrinsic_20260407_210120.yaml
[21:01:20.610] [debug] [ManualAdjust] 旋转增量 RPY=(0.000, -0.100, 0.000)deg
[21:01:20.610] [info] [ManualAdjust] 当前外参 [lidar_front→cam_left]:
[21:01:20.610] [info]   旋转 RPY: (-44.8842, -88.2295, -44.9976) deg
[21:01:20.610] [info]   平移 XYZ: (0.1230, 0.0399, -0.0577) m
[21:01:20.643] [info] [ManualAdjust] 结果已保存: ./results/lidar_camera_extrinsic/manual_extrinsic_20260407_210120.yaml
[21:01:20.643] [info] [ManualCalib] 手动微调快照已保存:
[21:01:20.643] [info]   - 投影图: ./results/lidar_camera_extrinsic/manual_projection_20260407_210120.png
[21:01:20.643] [info]   - 点云:   ./results/lidar_camera_extrinsic/manual_cloud_20260407_210120.pcd
[21:01:20.643] [info]   - 外参:   ./results/lidar_camera_extrinsic/manual_extrinsic_20260407_210120.yaml
[21:01:20.827] [debug] [ManualAdjust] 旋转增量 RPY=(0.000, -0.100, 0.000)deg
[21:01:20.827] [info] [ManualAdjust] 当前外参 [lidar_front→cam_left]:
[21:01:20.827] [info]   旋转 RPY: (-47.2609, -88.2989, -42.6198) deg
[21:01:20.827] [info]   平移 XYZ: (0.1230, 0.0399, -0.0577) m
[21:01:20.836] [info] [ManualAdjust] 结果已保存: ./results/lidar_camera_extrinsic/manual_extrinsic_20260407_210120.yaml
[21:01:20.836] [info] [ManualCalib] 手动微调快照已保存:
[21:01:20.836] [info]   - 投影图: ./results/lidar_camera_extrinsic/manual_projection_20260407_210120.png
[21:01:20.836] [info]   - 点云:   ./results/lidar_camera_extrinsic/manual_cloud_20260407_210120.pcd
[21:01:20.836] [info]   - 外参:   ./results/lidar_camera_extrinsic/manual_extrinsic_20260407_210120.yaml
[21:01:21.082] [debug] [ManualAdjust] 旋转增量 RPY=(0.000, -0.100, 0.000)deg
[21:01:21.082] [info] [ManualAdjust] 当前外参 [lidar_front→cam_left]:
[21:01:21.082] [info]   旋转 RPY: (-49.8350, -88.3651, -40.0446) deg
[21:01:21.082] [info]   平移 XYZ: (0.1230, 0.0399, -0.0577) m
[21:01:21.107] [info] [ManualAdjust] 结果已保存: ./results/lidar_camera_extrinsic/manual_extrinsic_20260407_210121.yaml
[21:01:21.107] [info] [ManualCalib] 手动微调快照已保存:
[21:01:21.107] [info]   - 投影图: ./results/lidar_camera_extrinsic/manual_projection_20260407_210121.png
[21:01:21.107] [info]   - 点云:   ./results/lidar_camera_extrinsic/manual_cloud_20260407_210121.pcd
[21:01:21.107] [info]   - 外参:   ./results/lidar_camera_extrinsic/manual_extrinsic_20260407_210121.yaml
[21:01:21.316] [debug] [ManualAdjust] 旋转增量 RPY=(0.000, -0.100, 0.000)deg
[21:01:21.316] [info] [ManualAdjust] 当前外参 [lidar_front→cam_left]:
[21:01:21.316] [info]   旋转 RPY: (-52.6202, -88.4278, -37.2583) deg
[21:01:21.316] [info]   平移 XYZ: (0.1230, 0.0399, -0.0577) m
[21:01:21.325] [info] [ManualAdjust] 结果已保存: ./results/lidar_camera_extrinsic/manual_extrinsic_20260407_210121.yaml
[21:01:21.325] [info] [ManualCalib] 手动微调快照已保存:
[21:01:21.325] [info]   - 投影图: ./results/lidar_camera_extrinsic/manual_projection_20260407_210121.png
[21:01:21.325] [info]   - 点云:   ./results/lidar_camera_extrinsic/manual_cloud_20260407_210121.pcd
[21:01:21.325] [info]   - 外参:   ./results/lidar_camera_extrinsic/manual_extrinsic_20260407_210121.yaml
[21:01:21.562] [debug] [ManualAdjust] 旋转增量 RPY=(0.000, -0.100, 0.000)deg
[21:01:21.562] [info] [ManualAdjust] 当前外参 [lidar_front→cam_left]:
[21:01:21.562] [info]   旋转 RPY: (-55.6288, -88.4864, -34.2486) deg
[21:01:21.562] [info]   平移 XYZ: (0.1230, 0.0399, -0.0577) m
[21:01:21.599] [info] [ManualAdjust] 结果已保存: ./results/lidar_camera_extrinsic/manual_extrinsic_20260407_210121.yaml
[21:01:21.599] [info] [ManualCalib] 手动微调快照已保存:
[21:01:21.599] [info]   - 投影图: ./results/lidar_camera_extrinsic/manual_projection_20260407_210121.png
[21:01:21.599] [info]   - 点云:   ./results/lidar_camera_extrinsic/manual_cloud_20260407_210121.pcd
[21:01:21.599] [info]   - 外参:   ./results/lidar_camera_extrinsic/manual_extrinsic_20260407_210121.yaml
[21:01:21.826] [debug] [ManualAdjust] 旋转增量 RPY=(0.000, -0.100, 0.000)deg
[21:01:21.826] [info] [ManualAdjust] 当前外参 [lidar_front→cam_left]:
[21:01:21.826] [info]   旋转 RPY: (-58.8701, -88.5405, -31.0062) deg
[21:01:21.826] [info]   平移 XYZ: (0.1230, 0.0399, -0.0577) m
[21:01:21.867] [info] [ManualAdjust] 结果已保存: ./results/lidar_camera_extrinsic/manual_extrinsic_20260407_210121.yaml
[21:01:21.867] [info] [ManualCalib] 手动微调快照已保存:
[21:01:21.867] [info]   - 投影图: ./results/lidar_camera_extrinsic/manual_projection_20260407_210121.png
[21:01:21.867] [info]   - 点云:   ./results/lidar_camera_extrinsic/manual_cloud_20260407_210121.pcd
[21:01:21.867] [info]   - 外参:   ./results/lidar_camera_extrinsic/manual_extrinsic_20260407_210121.yaml
[21:01:22.963] [debug] [ManualAdjust] 旋转增量 RPY=(0.000, 0.000, 0.100)deg
[21:01:22.963] [info] [ManualAdjust] 当前外参 [lidar_front→cam_left]:
[21:01:22.963] [info]   旋转 RPY: (-60.7861, -88.4540, -29.0896) deg
[21:01:22.963] [info]   平移 XYZ: (0.1230, 0.0399, -0.0577) m
[21:01:23.354] [debug] [ManualAdjust] 旋转增量 RPY=(0.000, 0.000, 0.100)deg
[21:01:23.354] [info] [ManualAdjust] 当前外参 [lidar_front→cam_left]:
[21:01:23.354] [info]   旋转 RPY: (-62.4973, -88.3660, -27.3777) deg
[21:01:23.354] [info]   平移 XYZ: (0.1230, 0.0399, -0.0577) m
[21:01:23.890] [debug] [ManualAdjust] 旋转增量 RPY=(0.000, 0.000, 0.100)deg
[21:01:23.890] [info] [ManualAdjust] 当前外参 [lidar_front→cam_left]:
[21:01:23.890] [info]   旋转 RPY: (-64.0324, -88.2767, -25.8419) deg
[21:01:23.890] [info]   平移 XYZ: (0.1230, 0.0399, -0.0577) m
[21:01:24.419] [debug] [ManualAdjust] 旋转增量 RPY=(0.000, 0.000, 0.100)deg
[21:01:24.419] [info] [ManualAdjust] 当前外参 [lidar_front→cam_left]:
[21:01:24.419] [info]   旋转 RPY: (-65.4154, -88.1863, -24.4584) deg
[21:01:24.419] [info]   平移 XYZ: (0.1230, 0.0399, -0.0577) m
[21:01:24.914] [debug] [ManualAdjust] 旋转增量 RPY=(0.000, 0.000, 0.100)deg
[21:01:24.914] [info] [ManualAdjust] 当前外参 [lidar_front→cam_left]:
[21:01:24.914] [info]   旋转 RPY: (-66.6663, -88.0949, -23.2068) deg
[21:01:24.914] [info]   平移 XYZ: (0.1230, 0.0399, -0.0577) m
[21:01:25.509] [debug] [ManualAdjust] 旋转增量 RPY=(0.000, 0.000, 0.100)deg
[21:01:25.509] [info] [ManualAdjust] 当前外参 [lidar_front→cam_left]:
[21:01:25.509] [info]   旋转 RPY: (-67.8021, -88.0027, -22.0703) deg
[21:01:25.509] [info]   平移 XYZ: (0.1230, 0.0399, -0.0577) m
[21:01:26.090] [debug] [ManualAdjust] 旋转增量 RPY=(0.000, 0.000, 0.100)deg
[21:01:26.090] [info] [ManualAdjust] 当前外参 [lidar_front→cam_left]:
[21:01:26.090] [info]   旋转 RPY: (-68.8374, -87.9097, -21.0344) deg
[21:01:26.090] [info]   平移 XYZ: (0.1230, 0.0399, -0.0577) m
[21:01:26.631] [debug] [ManualAdjust] 旋转增量 RPY=(0.000, 0.000, 0.100)deg
[21:01:26.631] [info] [ManualAdjust] 当前外参 [lidar_front→cam_left]:
[21:01:26.631] [info]   旋转 RPY: (-69.7842, -87.8162, -20.0869) deg
[21:01:26.631] [info]   平移 XYZ: (0.1230, 0.0399, -0.0577) m
[21:01:29.337] [debug] [ManualAdjust] 旋转增量 RPY=(0.000, 0.000, 0.100)deg
[21:01:29.337] [info] [ManualAdjust] 当前外参 [lidar_front→cam_left]:
[21:01:29.337] [info]   旋转 RPY: (-70.6529, -87.7221, -19.2175) deg
[21:01:29.337] [info]   平移 XYZ: (0.1230, 0.0399, -0.0577) m
[21:01:29.764] [debug] [ManualAdjust] 旋转增量 RPY=(0.000, 0.000, 0.100)deg
[21:01:29.764] [info] [ManualAdjust] 当前外参 [lidar_front→cam_left]:
[21:01:29.764] [info]   旋转 RPY: (-71.4526, -87.6275, -18.4172) deg
[21:01:29.764] [info]   平移 XYZ: (0.1230, 0.0399, -0.0577) m
[21:01:30.737] [debug] [ManualAdjust] 旋转增量 RPY=(0.000, 0.000, 0.100)deg
[21:01:30.737] [info] [ManualAdjust] 当前外参 [lidar_front→cam_left]:
[21:01:30.737] [info]   旋转 RPY: (-72.1908, -87.5325, -17.6783) deg
[21:01:30.737] [info]   平移 XYZ: (0.1230, 0.0399, -0.0577) m
[21:01:31.234] [debug] [ManualAdjust] 旋转增量 RPY=(0.000, 0.000, 0.100)deg
[21:01:31.234] [info] [ManualAdjust] 当前外参 [lidar_front→cam_left]:
[21:01:31.234] [info]   旋转 RPY: (-72.8741, -87.4371, -16.9943) deg
[21:01:31.234] [info]   平移 XYZ: (0.1230, 0.0399, -0.0577) m
[21:01:31.789] [debug] [ManualAdjust] 旋转增量 RPY=(0.000, 0.000, 0.100)deg
[21:01:31.789] [info] [ManualAdjust] 当前外参 [lidar_front→cam_left]:
[21:01:31.789] [info]   旋转 RPY: (-73.5083, -87.3414, -16.3595) deg
[21:01:31.789] [info]   平移 XYZ: (0.1230, 0.0399, -0.0577) m
[21:01:34.815] [info] [ManualAdjust] 结果已保存: ./results/lidar_camera_extrinsic/manual_extrinsic_20260407_210134_final.yaml
[21:01:34.815] [info] [ManualCalib] 最终微调结果已自动保存:
[21:01:34.815] [info]   - 投影图: ./results/lidar_camera_extrinsic/manual_projection_20260407_210134_final.png
[21:01:34.815] [info]   - 点云:   ./results/lidar_camera_extrinsic/manual_cloud_20260407_210134_final.pcd
[21:01:34.815] [info]   - 外参:   ./results/lidar_camera_extrinsic/manual_extrinsic_20260407_210134_final.yaml
[21:01:34.815] [info] [ManualSession] 用户接受手动调整结果
[21:01:34.815] [info] [ManualSession] Cam-Cam 最终采用外参 RMS=0.000000 (manual if available, else auto=0.000000)
[21:01:34.815] [debug] [ManualSession] 事件: lidar_cam_end | final_rms=0.000000
[21:01:34.815] [info] [ManualSession] 会话已保存: ./results/manual_sessions/session_2026-04-07_21-00-51.yaml
[21:01:34.815] [info] ━━━━━━━━━━━━━━━━━━━━━━━━━━━━━━━━━━━━━━━━━
[21:01:34.815] [info] ■ 结束阶段: [Manual-Refine] 任务: [lidar_cam_extrin]
[21:01:34.815] [info]   结果: ✓ 成功 | 残差RMS: 0.0000 | 耗时: 42817 ms
[21:01:34.815] [info]   消息: LiDAR-Camera 手动调整完成
[21:01:34.815] [info] [CALC] 阶段结束 stage=Manual-Refine task=lidar_cam_extrin success=true residual_rms=0.000000 elapsed_ms=42817.4 threshold=-1.0000
[21:01:34.815] [info] ━━━━━━━━━━━━━━━━━━━━━━━━━━━━━━━━━━━━━━━━━
[21:01:34.815] [info] ====== Pipeline Report: pipeline_20260407_210020 ======
[21:01:34.815] [info]   Total time: 73674.2 ms
[21:01:34.815] [info]   All stages succeeded: YES
[21:01:34.815] [info]   标定质量: 各阶段 RMS 均在阈值内
[21:01:34.815] [info]   [Coarse-AI-lidar_cam_extrin] success=true rms=0.0000 time=0.0ms: 使用配置 initial_extrinsic 作为粗标定结果，精标定将以此起步
[21:01:34.815] [info]   [Fine-Auto-lidar_cam_extrin] success=true rms=0.0000 time=30856.9ms: LiDAR-Camera 精标定完成: 1 个相机, 最大 RMS=0.000000 px
[21:01:34.815] [info]   [Manual-Refine-lidar_cam_extrin] success=true rms=0.0000 time=42817.4ms: LiDAR-Camera 手动调整完成

╔══════════════════════════════════════════════════════╗
║              标定参数汇总                            ║
╠══════════════════════════════════════════════════════╣
║ 外参:
║   lidar_front->cam_left:
║     R(RPY°): [-73.51, -87.34, -16.36]
║     T(m):    [0.12, 0.04, -0.06]
║     时偏(s): 0.00
║     RMS:     0.00 ✗
╚══════════════════════════════════════════════════════╝

[21:01:34.816] [info] ================================
[21:01:34.816] [info] Pipeline report saved: ./results/pipeline_report_20260407_210020.yaml
[21:01:34.816] [info] ====== Pipeline Report: pipeline_20260407_210020 ======
[21:01:34.816] [info]   Total time: 73674.2 ms
[21:01:34.816] [info]   All stages succeeded: YES
[21:01:34.816] [info]   标定质量: 各阶段 RMS 均在阈值内
[21:01:34.816] [info]   [Coarse-AI-lidar_cam_extrin] success=true rms=0.0000 time=0.0ms: 使用配置 initial_extrinsic 作为粗标定结果，精标定将以此起步
[21:01:34.816] [info]   [Fine-Auto-lidar_cam_extrin] success=true rms=0.0000 time=30856.9ms: LiDAR-Camera 精标定完成: 1 个相机, 最大 RMS=0.000000 px
[21:01:34.816] [info]   [Manual-Refine-lidar_cam_extrin] success=true rms=0.0000 time=42817.4ms: LiDAR-Camera 手动调整完成

╔══════════════════════════════════════════════════════╗
║              标定参数汇总                            ║
╠══════════════════════════════════════════════════════╣
║ 外参:
║   lidar_front->cam_left:
║     R(RPY°): [-73.51, -87.34, -16.36]
║     T(m):    [0.12, 0.04, -0.06]
║     时偏(s): 0.00
║     RMS:     0.00 ✗
╚══════════════════════════════════════════════════════╝

[21:01:34.816] [info] ================================
[21:01:34.816] [info] ━━━━━━━━━━━━━━━━━━━━━━━━━━━━━━━━━━━━
[21:01:34.816] [info] LiDAR-Camera 标定流程完成
[21:01:34.816] [info] 结果目录: ./results
[21:01:34.816] [info] 标定流程正常退出 exit_code=0
[21:01:34.816] [info] ━━━━━━━━━━━━━━━━━━━━━━━━━━━━━━━━━━━━
