
 ╔═══════════════════════════════════════════════════════╗
 ║   UniCalib — LiDAR-Camera 外参标定                    ║
 ║   两阶段: AI粗标定(MIAS-LCEC) → 无目标边缘精标定      ║
 ║   手动校准: --manual 触发 6-DOF 交互式调整             ║
 ╚═══════════════════════════════════════════════════════╝

[2026-04-10 14:44:54.869] [info] [LiDAR-Camera] [:] ━━━━━━━━━━━━━━━━━━━━━━━━━━━━━━━━━━━━
[2026-04-10 14:44:54.869] [info] [LiDAR-Camera] [:] 配置文件: /root/calib_ws/calib_unified/config/unicalib_example.yaml
[2026-04-10 14:44:54.869] [info] [LiDAR-Camera] [:] 输出目录: /root/calib_ws/results
[2026-04-10 14:44:54.869] [info] [LiDAR-Camera] [:] 数据根目录: /root/calib_ws/data (--data-dir 或 CALIB_DATA_DIR)
[2026-04-10 14:44:54.869] [info] [LiDAR-Camera] [:] 精标定方法: edge (无目标优先=true)
[2026-04-10 14:44:54.869] [info] [LiDAR-Camera] [:] AI粗标定: true | 手动校准: true
[2026-04-10 14:44:54.869] [info] [LiDAR-Camera] [:] ━━━━━━━━━━━━━━━━━━━━━━━━━━━━━━━━━━━━
[2026-04-10 14:44:54.871] [info] [LiDAR-Camera] [:] 读取系统配置: /root/calib_ws/calib_unified/config/unicalib_example.yaml
[2026-04-10 14:44:54.872] [info] [LiDAR-Camera] [:]   IMU: 1, LiDAR: 2, Camera: 2
[2026-04-10 14:44:54.872] [info] [LiDAR-Camera] [:] ━━━━━━━━━━━━━━━━━━━━━━━━━━━━━━━━━━━━ [数据路径] ━━━━━━━━━━━━━━━━━━━━━━━━━━━━━
[2026-04-10 14:44:54.872] [info] [LiDAR-Camera] [:]   数据路径来源: 统一格式 (data.lidar.<id> / data.camera.<id>.images_dir)
[2026-04-10 14:44:54.872] [info] [LiDAR-Camera] [:]   配置原始值 — lidar:  nya_02_slam_imu_to_lidar/lidar_horz.yaml
[2026-04-10 14:44:54.872] [info] [LiDAR-Camera] [:]   配置原始值 — camera: lidar_camera_calibration-master/calibration_data/camera_calibration
[2026-04-10 14:44:54.872] [info] [LiDAR-Camera] [:]   base_data_dir:  /root/calib_ws/data
[2026-04-10 14:44:54.872] [info] [LiDAR-Camera] [:]   base 来源: 命令行 --data-dir
[2026-04-10 14:44:54.872] [info] [LiDAR-Camera] [:]   lidar_dir:      /root/calib_ws/data/nya_02_slam_imu_to_lidar/lidar_horz.yaml
[2026-04-10 14:44:54.872] [info] [LiDAR-Camera] [:]     → 相对路径，已与 base 拼接
[2026-04-10 14:44:54.872] [info] [LiDAR-Camera] [:]     → 存在: 是
[2026-04-10 14:44:54.872] [info] [LiDAR-Camera] [:]   camera_dir:     /root/calib_ws/data/lidar_camera_calibration-master/calibration_data/camera_calibration
[2026-04-10 14:44:54.872] [info] [LiDAR-Camera] [:]     → 相对路径，已与 base 拼接
[2026-04-10 14:44:54.872] [info] [LiDAR-Camera] [:]     → 存在: 是
[2026-04-10 14:44:54.872] [info] [LiDAR-Camera] [:]   【数据就绪】是 — 点云与图像目录均存在，将执行精标定
[2026-04-10 14:44:54.872] [info] [LiDAR-Camera] [:]   说明: 使用 --dataset 时请将 data.lidar/data.camera 设为相对 base 的路径（如 pcd、images），不要使用 /path/to/... 占位符
[2026-04-10 14:44:54.872] [info] [LiDAR-Camera] [:] ━━━━━━━━━━━━━━━━━━━━━━━━━━━━━━━━━━━━━━━━━━━━━━━━━━━━━━━━━━━━━━━━━━━━━━━━━━━━
[2026-04-10 14:44:54.872] [info] [LiDAR-Camera] [:] [LiDAR-Cam] use_config_extrinsic_only=true：跳过 AI 粗标定，将使用配置 initial_extrinsic 直接进入精标定/手动微调
[2026-04-10 14:44:54.872] [info] [LiDAR-Camera] [:] 读取系统配置: /root/calib_ws/calib_unified/config/unicalib_example.yaml
[2026-04-10 14:44:54.873] [info] [LiDAR-Camera] [:]   IMU: 1, LiDAR: 2, Camera: 2
[2026-04-10 14:44:54.873] [info] [LiDAR-Camera] [:] 读取系统配置: /root/calib_ws/calib_unified/config/unicalib_example.yaml
[2026-04-10 14:44:54.874] [info] [LiDAR-Camera] [:]   IMU: 1, LiDAR: 2, Camera: 2
[2026-04-10 14:44:54.874] [info] [LiDAR-Camera] [:] 配置: 使用 ROS2 bag 模式（离线标定）
[2026-04-10 14:44:54.874] [info] [LiDAR-Camera] [:]   Bag 路径: /root/calib_ws/data/nya_02_slam_imu_to_lidar/nya_02_ros2
[2026-04-10 14:44:54.874] [info] [LiDAR-Camera] [:]   LiDAR 话题: /os1_cloud_node1/points
[2026-04-10 14:44:54.874] [info] [LiDAR-Camera] [:]   相机话题: /left/image_raw
[2026-04-10 14:44:54.874] [info] [LiDAR-Camera] [:]   IMU 话题: /imu/imu
[2026-04-10 14:44:54.874] [info] [LiDAR-Camera] [:] [数据源] 类型=ROS2_BAG  path=/root/calib_ws/data/nya_02_slam_imu_to_lidar/nya_02_ros2  lidar_topic=/os1_cloud_node1/points  camera_topic=/left/image_raw
[2026-04-10 14:44:54.874] [info] [LiDAR-Camera] [:]   内参将从相机标定结果读取: ./results/camera_intrinsic/camera_intrinsic_cam_left.yaml (camera_id=cam_left)
[2026-04-10 14:44:54.874] [info] [LiDAR-Camera] [:]   内参将从相机标定结果读取: ./results/camera_intrinsic/camera_intrinsic_cam_right.yaml (camera_id=cam_right)
[2026-04-10 14:44:54.874] [info] [LiDAR-Camera] [:] [CalibPipeline] 初始化 ID=pipeline_20260410_144454
[2026-04-10 14:44:54.874] [info] [LiDAR-Camera] [:] [CalibPipeline] 输出目录: ./results
[2026-04-10 14:44:54.874] [info] [LiDAR-Camera] [:] [CalibPipeline] 无目标优先: true
[2026-04-10 14:44:54.874] [info] [LiDAR-Camera] [:] [CalibPipeline] 任务掩码: 0x10
[2026-04-10 14:44:54.874] [info] [LiDAR-Camera] [:] ▶ Stage 2: 精标定 (方法=edge)
[2026-04-10 14:44:54.874] [info] [LiDAR-Camera] [:] ▶ Stage 3: 手动校准 (manual_threshold=2.00px)
[2026-04-10 14:44:54.874] [info] [LiDAR-Camera] [:]   使用 ManualCalibSession 进行 6-DOF 交互式调整
[2026-04-10 14:44:54.874] [info] [LiDAR-Camera] [:]   调用示例:
[2026-04-10 14:44:54.874] [info] [LiDAR-Camera] [:]     ManualCalibSession::SessionConfig sess_cfg;
[2026-04-10 14:44:54.874] [info] [LiDAR-Camera] [:]     sess_cfg.save_dir = "./results/manual_sessions";
[2026-04-10 14:44:54.874] [info] [LiDAR-Camera] [:]     ManualCalibSession session(sess_cfg);
[2026-04-10 14:44:54.874] [info] [LiDAR-Camera] [:]     auto result = session.run_lidar_cam(scan, image, intrin, auto_result, auto_rms);
[2026-04-10 14:44:54.874] [info] [LiDAR-Camera] [:] 
[2026-04-10 14:44:54.874] [info] [LiDAR-Camera] [:] ╔═══════════════════════════════════════════════╗
[2026-04-10 14:44:54.874] [info] [LiDAR-Camera] [:] ║   UniCalib 两阶段标定流水线 — 开始            ║
[2026-04-10 14:44:54.874] [info] [LiDAR-Camera] [:] ║   Pipeline ID: pipeline_20260410_144454       ║
[2026-04-10 14:44:54.874] [info] [LiDAR-Camera] [:] ╚═══════════════════════════════════════════════╝
[2026-04-10 14:44:54.874] [info] [LiDAR-Camera] [:] [Coarse-AI/LiDAR-Cam] enable_coarse_lidar_cam=true → do_coarse=true
[14:44:54.875] [info] 
[14:44:54.875] [info] ━━━━━━━━━━━━━━━━━━━━━━━━━━━━━━━━━━━━━━━━━
[14:44:54.875] [info] ▶ 开始阶段: [Coarse-AI] 任务: [lidar_cam_extrin]
[14:44:54.875] [info]   描述: AI模型提供初始估计值
[14:44:54.875] [info] ━━━━━━━━━━━━━━━━━━━━━━━━━━━━━━━━━━━━━━━━━
[14:44:54.875] [info] [CALC] 粗标定阶段开始 task=lidar_cam_extrin
[14:44:54.875] [info] [Coarse-AI/LiDAR-Cam] 使用配置粗标定初值作为粗标定结果 t=[0.123,0.040,-0.058]m，精标定将以此起步
[14:44:54.875] [info] ━━━━━━━━━━━━━━━━━━━━━━━━━━━━━━━━━━━━━━━━━
[14:44:54.875] [info] ■ 结束阶段: [Coarse-AI] 任务: [lidar_cam_extrin]
[14:44:54.875] [info]   结果: ✓ 成功 | 残差RMS: 0.0000 | 耗时: 0 ms
[14:44:54.875] [info]   消息: 使用配置 initial_extrinsic 作为粗标定结果，精标定将以此起步
[14:44:54.875] [info] [CALC] 阶段结束 stage=Coarse-AI task=lidar_cam_extrin success=true residual_rms=0.000000 elapsed_ms=0.0 threshold=-1.0000
[14:44:54.875] [info] ━━━━━━━━━━━━━━━━━━━━━━━━━━━━━━━━━━━━━━━━━
[14:44:54.875] [info] 
[14:44:54.875] [info] ━━━━━━━━━━━━━━━━━━━━━━━━━━━━━━━━━━━━━━━━━
[14:44:54.875] [info] ▶ 开始阶段: [Fine-Auto] 任务: [lidar_cam_extrin]
[14:44:54.875] [info]   描述: 无目标优化
[14:44:54.875] [info] ━━━━━━━━━━━━━━━━━━━━━━━━━━━━━━━━━━━━━━━━━
[14:44:54.875] [info] [CALC] 精标定阶段开始 task=lidar_cam_extrin
[14:44:54.875] [info] [Fine-Auto] 任务: lidar_cam_extrin | 无目标优先: true
[14:44:54.875] [info] [Fine-Auto] 方法: 边缘对齐互信息 (EDGE_ALIGNMENT, 无目标)
[14:44:54.875] [info] [STAGE=lidar_cam_fine_auto] LiDAR-Camera 精标定 开始
[14:44:54.875] [info] [Fine-Auto/LiDAR-Cam] 开始执行精标定...
[14:44:54.875] [info]   [精标定数据源] 类型=ROS2_BAG  lidar_id=lidar_front
[14:44:54.875] [info]   ROS2 Bag: /root/calib_ws/data/nya_02_slam_imu_to_lidar/nya_02_ros2  LiDAR 话题: /os1_cloud_node1/points  相机话题: /left/image_raw
[14:44:54.875] [info] [Fine-Auto/LiDAR-Cam] 从 ROS2 加载数据...
[14:44:54.875] [info] [UnifiedDataLoader] 从 ROS2 加载数据...
[14:44:54.875] [info]   Bag 文件: /root/calib_ws/data/nya_02_slam_imu_to_lidar/nya_02_ros2
[14:44:54.875] [info]   实时模式: false
[14:44:54.875] [info] [Ros2BagDataSource] 打开 bag 文件: /root/calib_ws/data/nya_02_slam_imu_to_lidar/nya_02_ros2
[14:44:54.875] [info] [Ros2BagDataSource] 正在读取 metadata.yaml: /root/calib_ws/data/nya_02_slam_imu_to_lidar/nya_02_ros2/metadata.yaml
[14:44:54.875] [debug] [Ros2BagDataSource] 找到话题: /dji_sdk/imu (类型: sensor_msgs/msg/Imu, 消息数: 171462)
[14:44:54.875] [debug] [Ros2BagDataSource] 找到话题: /dji_sdk/attitude (类型: geometry_msgs/msg/QuaternionStamped, 消息数: 42866)
[14:44:54.875] [debug] [Ros2BagDataSource] 找到话题: /os1_cloud_node2/imu (类型: sensor_msgs/msg/Imu, 消息数: 42862)
[14:44:54.875] [debug] [Ros2BagDataSource] 找到话题: /os1_cloud_node1/imu (类型: sensor_msgs/msg/Imu, 消息数: 42862)
[14:44:54.875] [debug] [Ros2BagDataSource] 找到话题: /imu/imu (类型: sensor_msgs/msg/Imu, 消息数: 166428)
[14:44:54.875] [debug] [Ros2BagDataSource] 找到话题: /imu/magnetic_field (类型: sensor_msgs/msg/MagneticField, 消息数: 166428)
[14:44:54.875] [debug] [Ros2BagDataSource] 找到话题: /imu/temperature (类型: sensor_msgs/msg/Temperature, 消息数: 166428)
[14:44:54.875] [debug] [Ros2BagDataSource] 找到话题: /dji_sdk/gps_position (类型: sensor_msgs/msg/NavSatFix, 消息数: 21433)
[14:44:54.875] [debug] [Ros2BagDataSource] 找到话题: /dji_sdk/height_above_takeoff (类型: std_msgs/msg/Float32, 消息数: 21433)
[14:44:54.875] [debug] [Ros2BagDataSource] 找到话题: /dji_sdk/gps_health (类型: std_msgs/msg/UInt8, 消息数: 21433)
[14:44:54.875] [debug] [Ros2BagDataSource] 找到话题: /uwb_endorange_info (类型: uwb_driver/msg/UwbRange, 消息数: 25172)
[14:44:54.875] [debug] [Ros2BagDataSource] 找到话题: /left/image_raw (类型: sensor_msgs/msg/Image, 消息数: 4285)
[14:44:54.875] [debug] [Ros2BagDataSource] 找到话题: /right/image_raw (类型: sensor_msgs/msg/Image, 消息数: 4285)
[14:44:54.875] [debug] [Ros2BagDataSource] 找到话题: /os1_cloud_node1/points (类型: sensor_msgs/msg/PointCloud2, 消息数: 4287)
[14:44:54.875] [debug] [Ros2BagDataSource] 找到话题: /os1_cloud_node2/points (类型: sensor_msgs/msg/PointCloud2, 消息数: 4286)
[14:44:54.875] [debug] [Ros2BagDataSource] 找到话题: /uwb_exorange_info (类型: uwb_driver/msg/UwbEcho, 消息数: 2437)
[14:44:54.875] [debug] [Ros2BagDataSource] 找到话题: /node_pos_marker_sc (类型: visualization_msgs/msg/Marker, 消息数: 2437)
[14:44:54.875] [debug] [Ros2BagDataSource] 找到话题: /node_pos_sc (类型: nav_msgs/msg/Path, 消息数: 2437)
[14:44:54.875] [debug] [Ros2BagDataSource] 找到话题: /leica/pose/relative (类型: geometry_msgs/msg/PoseStamped, 消息数: 7679)
[14:44:54.875] [info] [Ros2BagDataSource] 使用配置的 LiDAR 话题: /os1_cloud_node1/points
[14:44:54.875] [info] [Ros2BagDataSource] 使用配置的相机话题: /left/image_raw
[14:44:54.875] [info] [Ros2BagDataSource] 使用配置的 IMU 话题: /imu/imu
[INFO] [1775803494.879030608] [rosbag2_storage]: Opened database '/root/calib_ws/data/nya_02_slam_imu_to_lidar/nya_02_ros2/nya_02_ros2.db3' for READ_ONLY.
[14:44:54.879] [info] [Ros2BagDataSource] Bag 已打开，开始读取消息...
[14:44:54.879] [info] [Ros2BagDataSource] 找到 19 个话题
[14:44:54.879] [info] [Ros2BagDataSource]  话题: /dji_sdk/imu  类型: sensor_msgs/msg/Imu  消息数: 171462
[14:44:54.879] [info] [Ros2BagDataSource]  话题: /dji_sdk/attitude  类型: geometry_msgs/msg/QuaternionStamped  消息数: 42866
[14:44:54.879] [info] [Ros2BagDataSource]  话题: /os1_cloud_node2/imu  类型: sensor_msgs/msg/Imu  消息数: 42862
[14:44:54.879] [info] [Ros2BagDataSource]  话题: /os1_cloud_node1/imu  类型: sensor_msgs/msg/Imu  消息数: 42862
[14:44:54.879] [info] [Ros2BagDataSource]  话题: /imu/imu  类型: sensor_msgs/msg/Imu  消息数: 166428
[14:44:54.879] [info] [Ros2BagDataSource]  话题: /imu/magnetic_field  类型: sensor_msgs/msg/MagneticField  消息数: 166428
[14:44:54.879] [info] [Ros2BagDataSource]  话题: /imu/temperature  类型: sensor_msgs/msg/Temperature  消息数: 166428
[14:44:54.879] [info] [Ros2BagDataSource]  话题: /dji_sdk/gps_position  类型: sensor_msgs/msg/NavSatFix  消息数: 21433
[14:44:54.879] [info] [Ros2BagDataSource]  话题: /dji_sdk/height_above_takeoff  类型: std_msgs/msg/Float32  消息数: 21433
[14:44:54.879] [info] [Ros2BagDataSource]  话题: /dji_sdk/gps_health  类型: std_msgs/msg/UInt8  消息数: 21433
[14:44:54.879] [info] [Ros2BagDataSource]  话题: /uwb_endorange_info  类型: uwb_driver/msg/UwbRange  消息数: 25172
[14:44:54.879] [info] [Ros2BagDataSource]  话题: /left/image_raw  类型: sensor_msgs/msg/Image  消息数: 4285
[14:44:54.879] [info] [Ros2BagDataSource]  话题: /right/image_raw  类型: sensor_msgs/msg/Image  消息数: 4285
[14:44:54.879] [info] [Ros2BagDataSource]  话题: /os1_cloud_node1/points  类型: sensor_msgs/msg/PointCloud2  消息数: 4287
[14:44:54.879] [info] [Ros2BagDataSource]  话题: /os1_cloud_node2/points  类型: sensor_msgs/msg/PointCloud2  消息数: 4286
[14:44:54.879] [info] [Ros2BagDataSource]  话题: /uwb_exorange_info  类型: uwb_driver/msg/UwbEcho  消息数: 2437
[14:44:54.879] [info] [Ros2BagDataSource]  话题: /node_pos_marker_sc  类型: visualization_msgs/msg/Marker  消息数: 2437
[14:44:54.879] [info] [Ros2BagDataSource]  话题: /node_pos_sc  类型: nav_msgs/msg/Path  消息数: 2437
[14:44:54.879] [info] [Ros2BagDataSource]  话题: /leica/pose/relative  类型: geometry_msgs/msg/PoseStamped  消息数: 7679
[14:44:54.879] [info] [Ros2BagDataSource] 将加载 bag 内所有 IMU / LiDAR / 相机话题，加载后可通过 sensor_id 或话题名选择使用
[14:44:55.301] [debug]   收集 IMU [/dji_sdk/imu] 帧数: 5000
[14:44:55.325] [debug]   收集 IMU [/imu/imu] 帧数: 5000
[14:44:55.701] [debug]   收集 IMU [/dji_sdk/imu] 帧数: 10000
[14:44:55.751] [debug]   收集 IMU [/imu/imu] 帧数: 10000
[14:44:56.129] [debug]   收集 IMU [/dji_sdk/imu] 帧数: 15000
[14:44:56.197] [debug]   收集 IMU [/imu/imu] 帧数: 15000
[14:44:56.548] [debug]   收集 LiDAR [/os1_cloud_node1/points] 帧数: 500
[14:44:56.549] [debug]   收集 LiDAR [/os1_cloud_node2/points] 帧数: 500
[14:44:56.549] [debug]   收集相机 [/left/image_raw] 帧数: 500
[14:44:56.550] [debug]   收集相机 [/right/image_raw] 帧数: 500
[14:44:56.550] [debug]   收集 IMU [/dji_sdk/imu] 帧数: 20000
[14:44:56.550] [debug]   收集 IMU [/os1_cloud_node1/imu] 帧数: 5000
[14:44:56.550] [debug]   收集 IMU [/os1_cloud_node2/imu] 帧数: 5000
[14:44:56.615] [debug]   收集 IMU [/imu/imu] 帧数: 20000
[14:44:56.955] [debug]   收集 IMU [/dji_sdk/imu] 帧数: 25000
[14:44:57.056] [debug]   收集 IMU [/imu/imu] 帧数: 25000
[14:44:57.396] [debug]   收集 IMU [/dji_sdk/imu] 帧数: 30000
[14:44:57.494] [debug]   收集 IMU [/imu/imu] 帧数: 30000
[14:44:57.839] [debug]   收集 IMU [/dji_sdk/imu] 帧数: 35000
[14:44:57.973] [debug]   收集 IMU [/imu/imu] 帧数: 35000
[14:44:58.292] [debug]   收集 LiDAR [/os1_cloud_node1/points] 帧数: 1000
[14:44:58.293] [debug]   收集 LiDAR [/os1_cloud_node2/points] 帧数: 1000
[14:44:58.294] [debug]   收集相机 [/left/image_raw] 帧数: 1000
[14:44:58.294] [debug]   收集相机 [/right/image_raw] 帧数: 1000
[14:44:58.294] [debug]   收集 IMU [/dji_sdk/imu] 帧数: 40000
[14:44:58.294] [debug]   收集 IMU [/os1_cloud_node1/imu] 帧数: 10000
[14:44:58.294] [debug]   收集 IMU [/os1_cloud_node2/imu] 帧数: 10000
[14:44:58.417] [debug]   收集 IMU [/imu/imu] 帧数: 40000
[14:44:58.725] [debug]   收集 IMU [/dji_sdk/imu] 帧数: 45000
[14:44:58.871] [debug]   收集 IMU [/imu/imu] 帧数: 45000
[14:44:59.160] [debug]   收集 IMU [/dji_sdk/imu] 帧数: 50000
[14:44:59.327] [debug]   收集 IMU [/imu/imu] 帧数: 50000
[14:44:59.612] [debug]   收集 IMU [/dji_sdk/imu] 帧数: 55000
[14:44:59.773] [debug]   收集 IMU [/imu/imu] 帧数: 55000
[14:45:00.166] [debug]   收集 LiDAR [/os1_cloud_node1/points] 帧数: 1500
[14:45:00.167] [debug]   收集 LiDAR [/os1_cloud_node2/points] 帧数: 1500
[14:45:00.167] [debug]   收集 IMU [/dji_sdk/imu] 帧数: 60000
[14:45:00.168] [debug]   收集相机 [/left/image_raw] 帧数: 1500
[14:45:00.168] [debug]   收集相机 [/right/image_raw] 帧数: 1500
[14:45:00.168] [debug]   收集 IMU [/os1_cloud_node1/imu] 帧数: 15000
[14:45:00.168] [debug]   收集 IMU [/os1_cloud_node2/imu] 帧数: 15000
[14:45:00.506] [debug]   收集 IMU [/imu/imu] 帧数: 60000
[14:45:00.853] [debug]   收集 IMU [/dji_sdk/imu] 帧数: 65000
[14:45:01.106] [debug]   收集 IMU [/imu/imu] 帧数: 65000
[14:45:01.513] [debug]   收集 IMU [/dji_sdk/imu] 帧数: 70000
[14:45:01.711] [debug]   收集 IMU [/imu/imu] 帧数: 70000
[14:45:02.072] [debug]   收集 IMU [/dji_sdk/imu] 帧数: 75000
[14:45:02.340] [debug]   收集 IMU [/imu/imu] 帧数: 75000
[14:45:02.745] [debug]   收集 LiDAR [/os1_cloud_node1/points] 帧数: 2000
[14:45:02.748] [debug]   收集 LiDAR [/os1_cloud_node2/points] 帧数: 2000
[14:45:02.748] [debug]   收集 IMU [/dji_sdk/imu] 帧数: 80000
[14:45:02.748] [debug]   收集 IMU [/os1_cloud_node1/imu] 帧数: 20000
[14:45:02.748] [debug]   收集 IMU [/os1_cloud_node2/imu] 帧数: 20000
[14:45:02.750] [debug]   收集相机 [/left/image_raw] 帧数: 2000
[14:45:02.751] [debug]   收集相机 [/right/image_raw] 帧数: 2000
[14:45:03.042] [debug]   收集 IMU [/imu/imu] 帧数: 80000
[14:45:03.247] [debug]   收集 IMU [/dji_sdk/imu] 帧数: 85000
[14:45:03.603] [debug]   收集 IMU [/imu/imu] 帧数: 85000
[14:45:03.796] [debug]   收集 IMU [/dji_sdk/imu] 帧数: 90000
[14:45:04.040] [debug]   收集 IMU [/imu/imu] 帧数: 90000
[14:45:04.253] [debug]   收集 IMU [/dji_sdk/imu] 帧数: 95000
[14:45:04.658] [debug]   收集 IMU [/imu/imu] 帧数: 95000
[14:45:04.839] [debug]   收集 LiDAR [/os1_cloud_node1/points] 帧数: 2500
[14:45:04.842] [debug]   收集 LiDAR [/os1_cloud_node2/points] 帧数: 2500
[14:45:04.842] [debug]   收集 IMU [/dji_sdk/imu] 帧数: 100000
[14:45:04.842] [debug]   收集 IMU [/os1_cloud_node1/imu] 帧数: 25000
[14:45:04.842] [debug]   收集 IMU [/os1_cloud_node2/imu] 帧数: 25000
[14:45:04.844] [debug]   收集相机 [/left/image_raw] 帧数: 2500
[14:45:04.844] [debug]   收集相机 [/right/image_raw] 帧数: 2500
[14:45:05.103] [debug]   收集 IMU [/imu/imu] 帧数: 100000
[14:45:05.260] [debug]   收集 IMU [/dji_sdk/imu] 帧数: 105000
[14:45:05.647] [debug]   收集 IMU [/imu/imu] 帧数: 105000
[14:45:05.789] [debug]   收集 IMU [/dji_sdk/imu] 帧数: 110000
[14:45:06.094] [debug]   收集 IMU [/imu/imu] 帧数: 110000
[14:45:06.238] [debug]   收集 IMU [/dji_sdk/imu] 帧数: 115000
[14:45:06.658] [debug]   收集 IMU [/imu/imu] 帧数: 115000
[14:45:06.781] [debug]   收集 LiDAR [/os1_cloud_node1/points] 帧数: 3000
[14:45:06.783] [debug]   收集 LiDAR [/os1_cloud_node2/points] 帧数: 3000
[14:45:06.784] [debug]   收集 IMU [/dji_sdk/imu] 帧数: 120000
[14:45:06.784] [debug]   收集 IMU [/os1_cloud_node1/imu] 帧数: 30000
[14:45:06.784] [debug]   收集 IMU [/os1_cloud_node2/imu] 帧数: 30000
[14:45:06.785] [debug]   收集相机 [/left/image_raw] 帧数: 3000
[14:45:06.786] [debug]   收集相机 [/right/image_raw] 帧数: 3000
[14:45:07.103] [debug]   收集 IMU [/imu/imu] 帧数: 120000
[14:45:07.243] [debug]   收集 IMU [/dji_sdk/imu] 帧数: 125000
[14:45:21.010] [debug]   收集 IMU [/imu/imu] 帧数: 125000
[14:45:21.118] [debug]   收集 IMU [/dji_sdk/imu] 帧数: 130000
[14:45:27.170] [debug]   收集 IMU [/imu/imu] 帧数: 130000
[14:45:27.783] [debug]   收集 IMU [/dji_sdk/imu] 帧数: 135000
[14:45:32.232] [debug]   收集 IMU [/imu/imu] 帧数: 135000
[14:45:33.328] [debug]   收集 LiDAR [/os1_cloud_node1/points] 帧数: 3500
[14:45:33.331] [debug]   收集 LiDAR [/os1_cloud_node2/points] 帧数: 3500
[14:45:33.335] [debug]   收集 IMU [/dji_sdk/imu] 帧数: 140000
[14:45:33.337] [debug]   收集 IMU [/os1_cloud_node1/imu] 帧数: 35000
[14:45:33.337] [debug]   收集 IMU [/os1_cloud_node2/imu] 帧数: 35000
[14:45:33.342] [debug]   收集相机 [/left/image_raw] 帧数: 3500
[14:45:33.344] [debug]   收集相机 [/right/image_raw] 帧数: 3500
[14:45:38.318] [debug]   收集 IMU [/imu/imu] 帧数: 140000
[14:45:39.523] [debug]   收集 IMU [/dji_sdk/imu] 帧数: 145000
[14:45:54.815] [debug]   收集 IMU [/imu/imu] 帧数: 145000
[14:45:55.378] [debug]   收集 IMU [/dji_sdk/imu] 帧数: 150000
[14:45:56.101] [debug]   收集 IMU [/imu/imu] 帧数: 150000
[14:45:56.176] [debug]   收集 IMU [/dji_sdk/imu] 帧数: 155000
[14:45:56.902] [debug]   收集 IMU [/imu/imu] 帧数: 155000
[14:45:56.933] [debug]   收集 LiDAR [/os1_cloud_node1/points] 帧数: 4000
[14:45:56.935] [debug]   收集 LiDAR [/os1_cloud_node2/points] 帧数: 4000
[14:45:56.938] [debug]   收集 IMU [/dji_sdk/imu] 帧数: 160000
[14:45:56.941] [debug]   收集 IMU [/os1_cloud_node1/imu] 帧数: 40000
[14:45:56.941] [debug]   收集 IMU [/os1_cloud_node2/imu] 帧数: 40000
[14:45:56.945] [debug]   收集相机 [/left/image_raw] 帧数: 4000
[14:45:56.946] [debug]   收集相机 [/right/image_raw] 帧数: 4000
[14:45:59.919] [debug]   收集 IMU [/imu/imu] 帧数: 160000
[14:45:59.943] [debug]   收集 IMU [/dji_sdk/imu] 帧数: 165000
[14:46:01.284] [debug]   收集 IMU [/imu/imu] 帧数: 165000
[14:46:01.286] [debug]   收集 IMU [/dji_sdk/imu] 帧数: 170000
[14:46:01.440] [info] [Ros2BagDataSource] 加载完成 (所有话题按话题名存储，可通过 sensor_id 或话题名选择):
[14:46:01.440] [info]   LiDAR [/os1_cloud_node1/points]: 4287 帧
[14:46:01.440] [info]   LiDAR [/os1_cloud_node2/points]: 4286 帧
[14:46:01.440] [info]   相机 [/left/image_raw]: 4285 帧
[14:46:01.440] [info]   相机 [/right/image_raw]: 4285 帧
[14:46:01.440] [info]   IMU [/dji_sdk/imu]: 171462 帧
[14:46:01.440] [info]   IMU [/imu/imu]: 166428 帧
[14:46:01.440] [info]   IMU [/os1_cloud_node1/imu]: 42862 帧
[14:46:01.440] [info]   IMU [/os1_cloud_node2/imu]: 42862 帧
[14:46:01.440] [info]   选用 LiDAR  lidar_front -> /os1_cloud_node1/points
[14:46:01.440] [info]   选用 相机  cam_left -> /left/image_raw
[14:46:01.440] [info]   选用 IMU    imu_0 -> /imu/imu
[14:46:01.440] [info]   时间范围: 1609045331.127 - 1609045759.771 秒
[14:46:01.441] [info] [Ros2BagDataSource] 应用采样/帧数限制...
[14:46:01.576] [info]   LiDAR /os1_cloud_node1/points 采样后: 800 帧
[14:46:01.625] [info]   LiDAR /os1_cloud_node2/points 采样后: 800 帧
[14:46:01.666] [info]   相机 /left/image_raw 采样后: 800 帧
[14:46:01.721] [info]   相机 /right/image_raw 采样后: 800 帧
[14:46:01.741] [info] [Fine-Auto/LiDAR-Cam] LiDAR 加载完成: 800 帧 (将按相机逐路取帧)
[14:46:01.743] [info] 读取相机内参: ./results/camera_intrinsic/camera_intrinsic_cam_left.yaml
[14:46:01.746] [info]   fx=384.00 fy=384.00 cx=376.00 cy=240.00 dist=4
[14:46:01.746] [info] [Fine-Auto/LiDAR-Cam] 步骤: LiDAR-Camera 标定 相机=cam_left (方法: 边缘对齐)
[14:46:01.749] [info] [CalibVisualizer] 初始化完成
[14:46:01.749] [info] [Fine-Auto/LiDAR-Cam] 可视化已启用：仅标定结束后显示一帧「图像+点云投影」叠加，不创建 3D 窗口、不泵送其他帧
[14:46:01.749] [info] [Fine-Auto/LiDAR-Cam] 使用粗标定初值 t=[0.123,0.040,-0.058]m
[14:46:01.757] [info] [Fine-Auto] 结果已保存: ./results/lidar_camera_extrinsic/lidar_cam_cam_left_extrinsic.yaml
[14:46:01.757] [info] [Viz] 即将生成投影图并保存到 ./results/lidar_camera_extrinsic/lidar_cam_cam_left_projection.png
[14:46:01.783] [info] 投影可视化保存: ./results/lidar_camera_extrinsic/lidar_cam_cam_left_projection.png
[14:46:01.783] [info] [Viz] 投影图已保存（仅使用配置初值，未做精标定）
[14:46:01.783] [info] [Fine-Auto/LiDAR-Cam] 相机 cam_left 已使用配置初值跳过精标定，直接供手动微调
[14:46:01.783] [info] [Viz/Display] 即将关闭可视化窗口 原因=用户关闭或流程结束 pangolin_running=false
[14:46:01.801] [warning] [Fine-Auto/LiDAR-Cam] 相机 cam_right 无帧，跳过
[14:46:01.801] [warning] [Fine-Auto/LiDAR-Cam] 相机 cam_front 无帧，跳过
[14:46:01.801] [warning] [Fine-Auto/LiDAR-Cam] 相机 cam_rear 无帧，跳过
[14:46:01.802] [info] [Fine-Auto/LiDAR-Cam] 精标定完成: 1 个相机  最大 RMS=0.0000 px
[14:46:01.802] [info] [STAGE=lidar_cam_fine_auto] LiDAR-Camera 精标定 完成
[14:46:01.802] [info] [Fine-Auto/LiDAR-Cam] RMS 阈值=2.00 px  最大 RMS=0.0000 px  在阈值内
[14:46:02.047] [info] ━━━━━━━━━━━━━━━━━━━━━━━━━━━━━━━━━━━━━━━━━
[14:46:02.047] [info] ■ 结束阶段: [Fine-Auto] 任务: [lidar_cam_extrin]
[14:46:02.047] [info]   结果: ✓ 成功 | 残差RMS: 0.0000 | 耗时: 67172 ms
[14:46:02.047] [info]   消息: LiDAR-Camera 精标定完成: 1 个相机, 最大 RMS=0.000000 px
[14:46:02.047] [info] [CALC] 阶段结束 stage=Fine-Auto task=lidar_cam_extrin success=true residual_rms=0.000000 elapsed_ms=66926.4 threshold=2.0000
[14:46:02.047] [info] ━━━━━━━━━━━━━━━━━━━━━━━━━━━━━━━━━━━━━━━━━
[14:46:02.054] [info] [Pipeline] 用户已启用手动校准 (--manual), 进入 6-DOF 调整
[14:46:02.054] [info] 
[14:46:02.054] [info] ━━━━━━━━━━━━━━━━━━━━━━━━━━━━━━━━━━━━━━━━━
[14:46:02.054] [info] ▶ 开始阶段: [Manual-Refine] 任务: [lidar_cam_extrin]
[14:46:02.054] [info]   描述: 手动校准: 6-DOF 交互式调整
[14:46:02.054] [info] ━━━━━━━━━━━━━━━━━━━━━━━━━━━━━━━━━━━━━━━━━
[14:46:02.054] [info] [Manual-Refine] 任务: lidar_cam_extrin
[14:46:02.054] [info] [Manual-Refine] 操作说明: Q/A Roll  W/S Pitch  E/D Yaw  R/F Tx  T/G Ty  Y/H Tz  U Undo  Enter 接受  Esc 取消
[14:46:02.054] [info] [ManualSession] 会话ID: session_2026-04-10_14-46-02
[14:46:02.054] [info] [ManualSession] 保存目录: ./results/manual_sessions
[14:46:02.054] [info] [Manual-Refine] 已打开 6-DOF 可视化调整窗口，请在本窗口内按键微调后 Enter 接受或 Esc 取消
[14:46:02.054] [info] [Manual-Refine] LiDAR-Camera 手动调整仅使用首帧匹配数据（第 0 帧点云 + 第 0 帧图像）
[14:46:02.054] [info] [ManualSession] 启动 LiDAR-Camera 手动校准
[14:46:02.054] [info] [ManualSession] 自动标定 RMS: 0.0000 px (阈值建议 < 2.0px)
[14:46:02.054] [debug] [ManualSession] 事件: lidar_cam_start | auto_rms=0.000000
[14:46:02.054] [info] [ManualAdjust] 初始外参:
[14:46:02.054] [info] [ManualAdjust] 当前外参 [lidar_front→cam_left]:
[14:46:02.054] [info]   旋转 RPY: (-58.8701, -88.5405, -31.0062) deg
[14:46:02.054] [info]   平移 XYZ: (0.1230, 0.0399, -0.0577) m
[14:46:02.054] [info] [ManualSession] ===== 手动校准操作说明 =====
[14:46:02.054] [info]   Q/A: Roll ±0.1deg   W/S: Pitch ±0.1deg   E/D: Yaw ±0.1deg
[14:46:02.054] [info]   R/F: Tx ±0.5cm   T/G: Ty ±0.5cm   Y/H: Tz ±0.5cm
[14:46:02.054] [info]   Shift+键: 10倍步长
[14:46:02.054] [info]   P: 进入点击精化模式  U: 撤销  Z: 重做
[14:46:02.054] [info]   S: 保存  ESC: 接受并退出
[14:46:02.054] [info]   点云投影质量越高 (边缘对齐越好) 表示标定越准确
[14:46:02.064] [info] [ManualAdjust] 结果已保存: ./results/lidar_camera_extrinsic/manual_extrinsic_20260410_144602_initial.yaml
[14:46:02.064] [info] [ManualCalib] 交互窗口启动前已自动保存初始状态快照（备用）:
[14:46:02.064] [info]   - 投影图: ./results/lidar_camera_extrinsic/manual_projection_20260410_144602_initial.png
[14:46:02.064] [info]   - 点云:   ./results/lidar_camera_extrinsic/manual_cloud_20260410_144602_initial.pcd
[14:46:02.064] [info]   - 外参:   ./results/lidar_camera_extrinsic/manual_extrinsic_20260410_144602_initial.yaml

(unicalib_lidar_camera:100): dbind-WARNING **: 14:46:02.094: Couldn't connect to accessibility bus: Failed to connect to socket /run/user/1000/at-spi/bus: No such file or directory
[14:46:02.130] [info] [ManualCalib] 3D 点云窗口已禁用（避免 VTK 闪退），请在 2D 投影窗口进行微调。按下 'S' 键可手动保存当前微调结果图片和点云。
[14:46:02.130] [info] [ManualCalib] 初始位姿 T_lidar_to_cam:
[14:46:02.130] [info]   - Translation: 0.1230, 0.0399, -0.0577
[14:46:02.130] [info]   - RPY (deg):   90.7545, -179.8846, 91.2509
[14:46:18.406] [debug] [ManualAdjust] 平移增量 dxyz=(0.0050, 0.0000, 0.0000)m
[14:46:18.406] [info] [ManualAdjust] 当前外参 [lidar_front→cam_left]:
[14:46:18.406] [info]   旋转 RPY: (-58.8701, -88.5405, -31.0062) deg
[14:46:18.406] [info]   平移 XYZ: (0.1280, 0.0399, -0.0577) m
[14:46:19.219] [debug] [ManualAdjust] 平移增量 dxyz=(0.0050, 0.0000, 0.0000)m
[14:46:19.219] [info] [ManualAdjust] 当前外参 [lidar_front→cam_left]:
[14:46:19.219] [info]   旋转 RPY: (-58.8701, -88.5405, -31.0062) deg
[14:46:19.219] [info]   平移 XYZ: (0.1330, 0.0399, -0.0577) m
[14:46:19.693] [debug] [ManualAdjust] 平移增量 dxyz=(0.0050, 0.0000, 0.0000)m
[14:46:19.693] [info] [ManualAdjust] 当前外参 [lidar_front→cam_left]:
[14:46:19.693] [info]   旋转 RPY: (-58.8701, -88.5405, -31.0062) deg
[14:46:19.693] [info]   平移 XYZ: (0.1380, 0.0399, -0.0577) m
[14:46:20.077] [debug] [ManualAdjust] 平移增量 dxyz=(0.0050, 0.0000, 0.0000)m
[14:46:20.077] [info] [ManualAdjust] 当前外参 [lidar_front→cam_left]:
[14:46:20.077] [info]   旋转 RPY: (-58.8701, -88.5405, -31.0062) deg
[14:46:20.077] [info]   平移 XYZ: (0.1430, 0.0399, -0.0577) m
[14:46:20.578] [debug] [ManualAdjust] 平移增量 dxyz=(0.0050, 0.0000, 0.0000)m
[14:46:20.578] [info] [ManualAdjust] 当前外参 [lidar_front→cam_left]:
[14:46:20.578] [info]   旋转 RPY: (-58.8701, -88.5405, -31.0062) deg
[14:46:20.578] [info]   平移 XYZ: (0.1480, 0.0399, -0.0577) m
[14:46:20.607] [debug] [ManualAdjust] 平移增量 dxyz=(0.0050, 0.0000, 0.0000)m
[14:46:20.607] [info] [ManualAdjust] 当前外参 [lidar_front→cam_left]:
[14:46:20.607] [info]   旋转 RPY: (-58.8701, -88.5405, -31.0062) deg
[14:46:20.607] [info]   平移 XYZ: (0.1530, 0.0399, -0.0577) m
[14:46:20.639] [debug] [ManualAdjust] 平移增量 dxyz=(0.0050, 0.0000, 0.0000)m
[14:46:20.639] [info] [ManualAdjust] 当前外参 [lidar_front→cam_left]:
[14:46:20.639] [info]   旋转 RPY: (-58.8701, -88.5405, -31.0062) deg
[14:46:20.639] [info]   平移 XYZ: (0.1580, 0.0399, -0.0577) m
[14:46:20.671] [debug] [ManualAdjust] 平移增量 dxyz=(0.0050, 0.0000, 0.0000)m
[14:46:20.671] [info] [ManualAdjust] 当前外参 [lidar_front→cam_left]:
[14:46:20.671] [info]   旋转 RPY: (-58.8701, -88.5405, -31.0062) deg
[14:46:20.671] [info]   平移 XYZ: (0.1630, 0.0399, -0.0577) m
[14:46:20.701] [debug] [ManualAdjust] 平移增量 dxyz=(0.0050, 0.0000, 0.0000)m
[14:46:20.701] [info] [ManualAdjust] 当前外参 [lidar_front→cam_left]:
[14:46:20.701] [info]   旋转 RPY: (-58.8701, -88.5405, -31.0062) deg
[14:46:20.701] [info]   平移 XYZ: (0.1680, 0.0399, -0.0577) m
[14:46:20.731] [debug] [ManualAdjust] 平移增量 dxyz=(0.0050, 0.0000, 0.0000)m
[14:46:20.731] [info] [ManualAdjust] 当前外参 [lidar_front→cam_left]:
[14:46:20.731] [info]   旋转 RPY: (-58.8701, -88.5405, -31.0062) deg
[14:46:20.731] [info]   平移 XYZ: (0.1730, 0.0399, -0.0577) m
[14:46:20.762] [debug] [ManualAdjust] 平移增量 dxyz=(0.0050, 0.0000, 0.0000)m
[14:46:20.762] [info] [ManualAdjust] 当前外参 [lidar_front→cam_left]:
[14:46:20.762] [info]   旋转 RPY: (-58.8701, -88.5405, -31.0062) deg
[14:46:20.762] [info]   平移 XYZ: (0.1780, 0.0399, -0.0577) m
[14:46:20.792] [debug] [ManualAdjust] 平移增量 dxyz=(0.0050, 0.0000, 0.0000)m
[14:46:20.792] [info] [ManualAdjust] 当前外参 [lidar_front→cam_left]:
[14:46:20.792] [info]   旋转 RPY: (-58.8701, -88.5405, -31.0062) deg
[14:46:20.792] [info]   平移 XYZ: (0.1830, 0.0399, -0.0577) m
[14:46:20.824] [debug] [ManualAdjust] 平移增量 dxyz=(0.0050, 0.0000, 0.0000)m
[14:46:20.824] [info] [ManualAdjust] 当前外参 [lidar_front→cam_left]:
[14:46:20.824] [info]   旋转 RPY: (-58.8701, -88.5405, -31.0062) deg
[14:46:20.824] [info]   平移 XYZ: (0.1880, 0.0399, -0.0577) m
[14:46:22.141] [debug] [ManualAdjust] 平移增量 dxyz=(0.0050, 0.0000, 0.0000)m
[14:46:22.141] [info] [ManualAdjust] 当前外参 [lidar_front→cam_left]:
[14:46:22.141] [info]   旋转 RPY: (-58.8701, -88.5405, -31.0062) deg
[14:46:22.141] [info]   平移 XYZ: (0.1930, 0.0399, -0.0577) m
[14:46:22.549] [debug] [ManualAdjust] 平移增量 dxyz=(0.0050, 0.0000, 0.0000)m
[14:46:22.549] [info] [ManualAdjust] 当前外参 [lidar_front→cam_left]:
[14:46:22.549] [info]   旋转 RPY: (-58.8701, -88.5405, -31.0062) deg
[14:46:22.549] [info]   平移 XYZ: (0.1980, 0.0399, -0.0577) m
[14:46:22.845] [debug] [ManualAdjust] 平移增量 dxyz=(0.0050, 0.0000, 0.0000)m
[14:46:22.845] [info] [ManualAdjust] 当前外参 [lidar_front→cam_left]:
[14:46:22.845] [info]   旋转 RPY: (-58.8701, -88.5405, -31.0062) deg
[14:46:22.845] [info]   平移 XYZ: (0.2030, 0.0399, -0.0577) m
[14:46:27.877] [debug] [ManualAdjust] 旋转增量 RPY=(0.000, 0.000, 0.100)deg
[14:46:27.877] [info] [ManualAdjust] 当前外参 [lidar_front→cam_left]:
[14:46:27.877] [info]   旋转 RPY: (-60.7861, -88.4540, -29.0896) deg
[14:46:27.877] [info]   平移 XYZ: (0.2030, 0.0399, -0.0577) m
[14:46:28.985] [debug] [ManualAdjust] 旋转增量 RPY=(0.000, 0.000, 0.100)deg
[14:46:28.985] [info] [ManualAdjust] 当前外参 [lidar_front→cam_left]:
[14:46:28.985] [info]   旋转 RPY: (-62.4973, -88.3660, -27.3777) deg
[14:46:28.985] [info]   平移 XYZ: (0.2030, 0.0399, -0.0577) m
[14:46:29.221] [debug] [ManualAdjust] 旋转增量 RPY=(0.000, 0.000, 0.100)deg
[14:46:29.221] [info] [ManualAdjust] 当前外参 [lidar_front→cam_left]:
[14:46:29.221] [info]   旋转 RPY: (-64.0324, -88.2767, -25.8419) deg
[14:46:29.221] [info]   平移 XYZ: (0.2030, 0.0399, -0.0577) m
[14:46:29.422] [debug] [ManualAdjust] 旋转增量 RPY=(0.000, 0.000, 0.100)deg
[14:46:29.422] [info] [ManualAdjust] 当前外参 [lidar_front→cam_left]:
[14:46:29.422] [info]   旋转 RPY: (-65.4154, -88.1863, -24.4584) deg
[14:46:29.422] [info]   平移 XYZ: (0.2030, 0.0399, -0.0577) m
[14:46:30.531] [debug] [ManualAdjust] 旋转增量 RPY=(0.000, 0.000, -0.100)deg
[14:46:30.532] [info] [ManualAdjust] 当前外参 [lidar_front→cam_left]:
[14:46:30.532] [info]   旋转 RPY: (-64.0324, -88.2767, -25.8419) deg
[14:46:30.532] [info]   平移 XYZ: (0.2030, 0.0399, -0.0577) m
[14:46:30.711] [debug] [ManualAdjust] 旋转增量 RPY=(0.000, 0.000, -0.100)deg
[14:46:30.711] [info] [ManualAdjust] 当前外参 [lidar_front→cam_left]:
[14:46:30.711] [info]   旋转 RPY: (-62.4973, -88.3660, -27.3777) deg
[14:46:30.711] [info]   平移 XYZ: (0.2030, 0.0399, -0.0577) m
[14:46:31.118] [debug] [ManualAdjust] 旋转增量 RPY=(0.000, 0.000, -0.100)deg
[14:46:31.118] [info] [ManualAdjust] 当前外参 [lidar_front→cam_left]:
[14:46:31.118] [info]   旋转 RPY: (-60.7861, -88.4540, -29.0896) deg
[14:46:31.118] [info]   平移 XYZ: (0.2030, 0.0399, -0.0577) m
[14:46:32.824] [debug] [ManualAdjust] 旋转增量 RPY=(0.100, 0.000, 0.000)deg
[14:46:32.824] [info] [ManualAdjust] 当前外参 [lidar_front→cam_left]:
[14:46:32.824] [info]   旋转 RPY: (-60.6861, -88.4540, -29.0896) deg
[14:46:32.824] [info]   平移 XYZ: (0.2030, 0.0399, -0.0577) m
[14:46:33.523] [debug] [ManualAdjust] 旋转增量 RPY=(0.100, 0.000, 0.000)deg
[14:46:33.523] [info] [ManualAdjust] 当前外参 [lidar_front→cam_left]:
[14:46:33.523] [info]   旋转 RPY: (-60.5861, -88.4540, -29.0896) deg
[14:46:33.523] [info]   平移 XYZ: (0.2030, 0.0399, -0.0577) m
[14:46:34.302] [debug] [ManualAdjust] 旋转增量 RPY=(-0.100, 0.000, 0.000)deg
[14:46:34.302] [info] [ManualAdjust] 当前外参 [lidar_front→cam_left]:
[14:46:34.302] [info]   旋转 RPY: (-60.6861, -88.4540, -29.0896) deg
[14:46:34.302] [info]   平移 XYZ: (0.2030, 0.0399, -0.0577) m
[14:46:34.350] [debug] [ManualAdjust] 旋转增量 RPY=(-0.100, 0.000, 0.000)deg
[14:46:34.350] [info] [ManualAdjust] 当前外参 [lidar_front→cam_left]:
[14:46:34.350] [info]   旋转 RPY: (-60.7861, -88.4540, -29.0896) deg
[14:46:34.350] [info]   平移 XYZ: (0.2030, 0.0399, -0.0577) m
[14:46:34.645] [debug] [ManualAdjust] 旋转增量 RPY=(-0.100, 0.000, 0.000)deg
[14:46:34.645] [info] [ManualAdjust] 当前外参 [lidar_front→cam_left]:
[14:46:34.645] [info]   旋转 RPY: (-60.8861, -88.4540, -29.0896) deg
[14:46:34.645] [info]   平移 XYZ: (0.2030, 0.0399, -0.0577) m
[14:46:35.003] [debug] [ManualAdjust] 旋转增量 RPY=(-0.100, 0.000, 0.000)deg
[14:46:35.004] [info] [ManualAdjust] 当前外参 [lidar_front→cam_left]:
[14:46:35.004] [info]   旋转 RPY: (-60.9861, -88.4540, -29.0896) deg
[14:46:35.004] [info]   平移 XYZ: (0.2030, 0.0399, -0.0577) m
[14:46:35.263] [debug] [ManualAdjust] 旋转增量 RPY=(-0.100, 0.000, 0.000)deg
[14:46:35.263] [info] [ManualAdjust] 当前外参 [lidar_front→cam_left]:
[14:46:35.263] [info]   旋转 RPY: (-61.0861, -88.4540, -29.0896) deg
[14:46:35.263] [info]   平移 XYZ: (0.2030, 0.0399, -0.0577) m
[14:46:35.565] [debug] [ManualAdjust] 旋转增量 RPY=(-0.100, 0.000, 0.000)deg
[14:46:35.565] [info] [ManualAdjust] 当前外参 [lidar_front→cam_left]:
[14:46:35.565] [info]   旋转 RPY: (-61.1861, -88.4540, -29.0896) deg
[14:46:35.565] [info]   平移 XYZ: (0.2030, 0.0399, -0.0577) m
[14:46:35.929] [debug] [ManualAdjust] 旋转增量 RPY=(-0.100, 0.000, 0.000)deg
[14:46:35.929] [info] [ManualAdjust] 当前外参 [lidar_front→cam_left]:
[14:46:35.929] [info]   旋转 RPY: (-61.2861, -88.4540, -29.0896) deg
[14:46:35.929] [info]   平移 XYZ: (0.2030, 0.0399, -0.0577) m
[14:46:36.207] [debug] [ManualAdjust] 旋转增量 RPY=(-0.100, 0.000, 0.000)deg
[14:46:36.207] [info] [ManualAdjust] 当前外参 [lidar_front→cam_left]:
[14:46:36.207] [info]   旋转 RPY: (-61.3861, -88.4540, -29.0896) deg
[14:46:36.207] [info]   平移 XYZ: (0.2030, 0.0399, -0.0577) m
[14:46:36.422] [debug] [ManualAdjust] 旋转增量 RPY=(-0.100, 0.000, 0.000)deg
[14:46:36.422] [info] [ManualAdjust] 当前外参 [lidar_front→cam_left]:
[14:46:36.422] [info]   旋转 RPY: (-61.4861, -88.4540, -29.0896) deg
[14:46:36.422] [info]   平移 XYZ: (0.2030, 0.0399, -0.0577) m
[14:46:36.932] [debug] [ManualAdjust] 旋转增量 RPY=(-0.100, 0.000, 0.000)deg
[14:46:36.932] [info] [ManualAdjust] 当前外参 [lidar_front→cam_left]:
[14:46:36.932] [info]   旋转 RPY: (-61.5861, -88.4540, -29.0896) deg
[14:46:36.932] [info]   平移 XYZ: (0.2030, 0.0399, -0.0577) m
[14:46:36.955] [debug] [ManualAdjust] 旋转增量 RPY=(-0.100, 0.000, 0.000)deg
[14:46:36.955] [info] [ManualAdjust] 当前外参 [lidar_front→cam_left]:
[14:46:36.955] [info]   旋转 RPY: (-61.6861, -88.4540, -29.0896) deg
[14:46:36.955] [info]   平移 XYZ: (0.2030, 0.0399, -0.0577) m
[14:46:36.985] [debug] [ManualAdjust] 旋转增量 RPY=(-0.100, 0.000, 0.000)deg
[14:46:36.985] [info] [ManualAdjust] 当前外参 [lidar_front→cam_left]:
[14:46:36.985] [info]   旋转 RPY: (-61.7861, -88.4540, -29.0896) deg
[14:46:36.985] [info]   平移 XYZ: (0.2030, 0.0399, -0.0577) m
[14:46:37.016] [debug] [ManualAdjust] 旋转增量 RPY=(-0.100, 0.000, 0.000)deg
[14:46:37.016] [info] [ManualAdjust] 当前外参 [lidar_front→cam_left]:
[14:46:37.016] [info]   旋转 RPY: (-61.8861, -88.4540, -29.0896) deg
[14:46:37.016] [info]   平移 XYZ: (0.2030, 0.0399, -0.0577) m
[14:46:37.048] [debug] [ManualAdjust] 旋转增量 RPY=(-0.100, 0.000, 0.000)deg
[14:46:37.048] [info] [ManualAdjust] 当前外参 [lidar_front→cam_left]:
[14:46:37.048] [info]   旋转 RPY: (-61.9861, -88.4540, -29.0896) deg
[14:46:37.048] [info]   平移 XYZ: (0.2030, 0.0399, -0.0577) m
[14:46:37.077] [debug] [ManualAdjust] 旋转增量 RPY=(-0.100, 0.000, 0.000)deg
[14:46:37.077] [info] [ManualAdjust] 当前外参 [lidar_front→cam_left]:
[14:46:37.077] [info]   旋转 RPY: (-62.0861, -88.4540, -29.0896) deg
[14:46:37.077] [info]   平移 XYZ: (0.2030, 0.0399, -0.0577) m
[14:46:37.108] [debug] [ManualAdjust] 旋转增量 RPY=(-0.100, 0.000, 0.000)deg
[14:46:37.108] [info] [ManualAdjust] 当前外参 [lidar_front→cam_left]:
[14:46:37.108] [info]   旋转 RPY: (-62.1861, -88.4540, -29.0896) deg
[14:46:37.108] [info]   平移 XYZ: (0.2030, 0.0399, -0.0577) m
[14:46:37.138] [debug] [ManualAdjust] 旋转增量 RPY=(-0.100, 0.000, 0.000)deg
[14:46:37.138] [info] [ManualAdjust] 当前外参 [lidar_front→cam_left]:
[14:46:37.138] [info]   旋转 RPY: (-62.2861, -88.4540, -29.0896) deg
[14:46:37.138] [info]   平移 XYZ: (0.2030, 0.0399, -0.0577) m
[14:46:37.168] [debug] [ManualAdjust] 旋转增量 RPY=(-0.100, 0.000, 0.000)deg
[14:46:37.168] [info] [ManualAdjust] 当前外参 [lidar_front→cam_left]:
[14:46:37.168] [info]   旋转 RPY: (-62.3861, -88.4540, -29.0896) deg
[14:46:37.168] [info]   平移 XYZ: (0.2030, 0.0399, -0.0577) m
[14:46:37.198] [debug] [ManualAdjust] 旋转增量 RPY=(-0.100, 0.000, 0.000)deg
[14:46:37.198] [info] [ManualAdjust] 当前外参 [lidar_front→cam_left]:
[14:46:37.198] [info]   旋转 RPY: (-62.4861, -88.4540, -29.0896) deg
[14:46:37.198] [info]   平移 XYZ: (0.2030, 0.0399, -0.0577) m
[14:46:37.228] [debug] [ManualAdjust] 旋转增量 RPY=(-0.100, 0.000, 0.000)deg
[14:46:37.228] [info] [ManualAdjust] 当前外参 [lidar_front→cam_left]:
[14:46:37.228] [info]   旋转 RPY: (-62.5861, -88.4540, -29.0896) deg
[14:46:37.228] [info]   平移 XYZ: (0.2030, 0.0399, -0.0577) m
[14:46:37.258] [debug] [ManualAdjust] 旋转增量 RPY=(-0.100, 0.000, 0.000)deg
[14:46:37.258] [info] [ManualAdjust] 当前外参 [lidar_front→cam_left]:
[14:46:37.258] [info]   旋转 RPY: (-62.6861, -88.4540, -29.0896) deg
[14:46:37.258] [info]   平移 XYZ: (0.2030, 0.0399, -0.0577) m
[14:46:37.288] [debug] [ManualAdjust] 旋转增量 RPY=(-0.100, 0.000, 0.000)deg
[14:46:37.288] [info] [ManualAdjust] 当前外参 [lidar_front→cam_left]:
[14:46:37.288] [info]   旋转 RPY: (-62.7861, -88.4540, -29.0896) deg
[14:46:37.288] [info]   平移 XYZ: (0.2030, 0.0399, -0.0577) m
[14:46:38.005] [debug] [ManualAdjust] 旋转增量 RPY=(0.100, 0.000, 0.000)deg
[14:46:38.005] [info] [ManualAdjust] 当前外参 [lidar_front→cam_left]:
[14:46:38.005] [info]   旋转 RPY: (-62.6861, -88.4540, -29.0896) deg
[14:46:38.005] [info]   平移 XYZ: (0.2030, 0.0399, -0.0577) m
[14:46:38.513] [debug] [ManualAdjust] 旋转增量 RPY=(0.100, 0.000, 0.000)deg
[14:46:38.513] [info] [ManualAdjust] 当前外参 [lidar_front→cam_left]:
[14:46:38.513] [info]   旋转 RPY: (-62.5861, -88.4540, -29.0896) deg
[14:46:38.514] [info]   平移 XYZ: (0.2030, 0.0399, -0.0577) m
[14:46:38.544] [debug] [ManualAdjust] 旋转增量 RPY=(0.100, 0.000, 0.000)deg
[14:46:38.544] [info] [ManualAdjust] 当前外参 [lidar_front→cam_left]:
[14:46:38.544] [info]   旋转 RPY: (-62.4861, -88.4540, -29.0896) deg
[14:46:38.544] [info]   平移 XYZ: (0.2030, 0.0399, -0.0577) m
[14:46:38.577] [debug] [ManualAdjust] 旋转增量 RPY=(0.100, 0.000, 0.000)deg
[14:46:38.577] [info] [ManualAdjust] 当前外参 [lidar_front→cam_left]:
[14:46:38.577] [info]   旋转 RPY: (-62.3861, -88.4540, -29.0896) deg
[14:46:38.577] [info]   平移 XYZ: (0.2030, 0.0399, -0.0577) m
[14:46:38.608] [debug] [ManualAdjust] 旋转增量 RPY=(0.100, 0.000, 0.000)deg
[14:46:38.608] [info] [ManualAdjust] 当前外参 [lidar_front→cam_left]:
[14:46:38.608] [info]   旋转 RPY: (-62.2861, -88.4540, -29.0896) deg
[14:46:38.608] [info]   平移 XYZ: (0.2030, 0.0399, -0.0577) m
[14:46:38.638] [debug] [ManualAdjust] 旋转增量 RPY=(0.100, 0.000, 0.000)deg
[14:46:38.638] [info] [ManualAdjust] 当前外参 [lidar_front→cam_left]:
[14:46:38.638] [info]   旋转 RPY: (-62.1861, -88.4540, -29.0896) deg
[14:46:38.638] [info]   平移 XYZ: (0.2030, 0.0399, -0.0577) m
[14:46:38.668] [debug] [ManualAdjust] 旋转增量 RPY=(0.100, 0.000, 0.000)deg
[14:46:38.668] [info] [ManualAdjust] 当前外参 [lidar_front→cam_left]:
[14:46:38.668] [info]   旋转 RPY: (-62.0861, -88.4540, -29.0896) deg
[14:46:38.668] [info]   平移 XYZ: (0.2030, 0.0399, -0.0577) m
[14:46:38.698] [debug] [ManualAdjust] 旋转增量 RPY=(0.100, 0.000, 0.000)deg
[14:46:38.698] [info] [ManualAdjust] 当前外参 [lidar_front→cam_left]:
[14:46:38.698] [info]   旋转 RPY: (-61.9861, -88.4540, -29.0896) deg
[14:46:38.698] [info]   平移 XYZ: (0.2030, 0.0399, -0.0577) m
[14:46:39.189] [debug] [ManualAdjust] 旋转增量 RPY=(0.100, 0.000, 0.000)deg
[14:46:39.189] [info] [ManualAdjust] 当前外参 [lidar_front→cam_left]:
[14:46:39.189] [info]   旋转 RPY: (-61.8861, -88.4540, -29.0896) deg
[14:46:39.189] [info]   平移 XYZ: (0.2030, 0.0399, -0.0577) m
[14:46:39.501] [debug] [ManualAdjust] 旋转增量 RPY=(0.100, 0.000, 0.000)deg
[14:46:39.501] [info] [ManualAdjust] 当前外参 [lidar_front→cam_left]:
[14:46:39.501] [info]   旋转 RPY: (-61.7861, -88.4540, -29.0896) deg
[14:46:39.501] [info]   平移 XYZ: (0.2030, 0.0399, -0.0577) m
[14:46:41.095] [debug] [ManualAdjust] 旋转增量 RPY=(0.000, 0.000, 0.100)deg
[14:46:41.095] [info] [ManualAdjust] 当前外参 [lidar_front→cam_left]:
[14:46:41.095] [info]   旋转 RPY: (-63.4428, -88.3652, -27.4322) deg
[14:46:41.095] [info]   平移 XYZ: (0.2030, 0.0399, -0.0577) m
[14:46:41.547] [debug] [ManualAdjust] 旋转增量 RPY=(0.000, 0.000, 0.100)deg
[14:46:41.547] [info] [ManualAdjust] 当前外参 [lidar_front→cam_left]:
[14:46:41.547] [info]   旋转 RPY: (-64.9278, -88.2752, -25.9466) deg
[14:46:41.547] [info]   平移 XYZ: (0.2030, 0.0399, -0.0577) m
[14:46:43.496] [debug] [ManualAdjust] 平移增量 dxyz=(0.0000, 0.0050, 0.0000)m
[14:46:43.496] [info] [ManualAdjust] 当前外参 [lidar_front→cam_left]:
[14:46:43.496] [info]   旋转 RPY: (-64.9278, -88.2752, -25.9466) deg
[14:46:43.496] [info]   平移 XYZ: (0.2030, 0.0449, -0.0577) m
[14:46:43.949] [debug] [ManualAdjust] 平移增量 dxyz=(0.0000, 0.0050, 0.0000)m
[14:46:43.949] [info] [ManualAdjust] 当前外参 [lidar_front→cam_left]:
[14:46:43.949] [info]   旋转 RPY: (-64.9278, -88.2752, -25.9466) deg
[14:46:43.949] [info]   平移 XYZ: (0.2030, 0.0499, -0.0577) m
[14:46:44.277] [debug] [ManualAdjust] 平移增量 dxyz=(0.0000, 0.0050, 0.0000)m
[14:46:44.277] [info] [ManualAdjust] 当前外参 [lidar_front→cam_left]:
[14:46:44.277] [info]   旋转 RPY: (-64.9278, -88.2752, -25.9466) deg
[14:46:44.277] [info]   平移 XYZ: (0.2030, 0.0549, -0.0577) m
[14:46:44.478] [debug] [ManualAdjust] 平移增量 dxyz=(0.0000, 0.0050, 0.0000)m
[14:46:44.478] [info] [ManualAdjust] 当前外参 [lidar_front→cam_left]:
[14:46:44.478] [info]   旋转 RPY: (-64.9278, -88.2752, -25.9466) deg
[14:46:44.478] [info]   平移 XYZ: (0.2030, 0.0599, -0.0577) m
[14:46:44.877] [debug] [ManualAdjust] 平移增量 dxyz=(0.0000, 0.0050, 0.0000)m
[14:46:44.877] [info] [ManualAdjust] 当前外参 [lidar_front→cam_left]:
[14:46:44.877] [info]   旋转 RPY: (-64.9278, -88.2752, -25.9466) deg
[14:46:44.877] [info]   平移 XYZ: (0.2030, 0.0649, -0.0577) m
[14:46:45.133] [debug] [ManualAdjust] 平移增量 dxyz=(0.0000, 0.0050, 0.0000)m
[14:46:45.133] [info] [ManualAdjust] 当前外参 [lidar_front→cam_left]:
[14:46:45.133] [info]   旋转 RPY: (-64.9278, -88.2752, -25.9466) deg
[14:46:45.133] [info]   平移 XYZ: (0.2030, 0.0699, -0.0577) m
[14:46:45.341] [debug] [ManualAdjust] 平移增量 dxyz=(0.0000, 0.0050, 0.0000)m
[14:46:45.341] [info] [ManualAdjust] 当前外参 [lidar_front→cam_left]:
[14:46:45.341] [info]   旋转 RPY: (-64.9278, -88.2752, -25.9466) deg
[14:46:45.341] [info]   平移 XYZ: (0.2030, 0.0749, -0.0577) m
[14:46:45.535] [debug] [ManualAdjust] 平移增量 dxyz=(0.0000, 0.0050, 0.0000)m
[14:46:45.535] [info] [ManualAdjust] 当前外参 [lidar_front→cam_left]:
[14:46:45.535] [info]   旋转 RPY: (-64.9278, -88.2752, -25.9466) deg
[14:46:45.535] [info]   平移 XYZ: (0.2030, 0.0799, -0.0577) m
[14:46:45.757] [debug] [ManualAdjust] 平移增量 dxyz=(0.0000, 0.0050, 0.0000)m
[14:46:45.757] [info] [ManualAdjust] 当前外参 [lidar_front→cam_left]:
[14:46:45.757] [info]   旋转 RPY: (-64.9278, -88.2752, -25.9466) deg
[14:46:45.757] [info]   平移 XYZ: (0.2030, 0.0849, -0.0577) m
[14:46:45.974] [debug] [ManualAdjust] 平移增量 dxyz=(0.0000, 0.0050, 0.0000)m
[14:46:45.974] [info] [ManualAdjust] 当前外参 [lidar_front→cam_left]:
[14:46:45.974] [info]   旋转 RPY: (-64.9278, -88.2752, -25.9466) deg
[14:46:45.974] [info]   平移 XYZ: (0.2030, 0.0899, -0.0577) m
[14:46:46.389] [debug] [ManualAdjust] 平移增量 dxyz=(0.0000, 0.0050, 0.0000)m
[14:46:46.389] [info] [ManualAdjust] 当前外参 [lidar_front→cam_left]:
[14:46:46.389] [info]   旋转 RPY: (-64.9278, -88.2752, -25.9466) deg
[14:46:46.389] [info]   平移 XYZ: (0.2030, 0.0949, -0.0577) m
[14:46:47.838] [debug] [ManualAdjust] 平移增量 dxyz=(0.0000, 0.0000, 0.0050)m
[14:46:47.838] [info] [ManualAdjust] 当前外参 [lidar_front→cam_left]:
[14:46:47.838] [info]   旋转 RPY: (-64.9278, -88.2752, -25.9466) deg
[14:46:47.838] [info]   平移 XYZ: (0.2030, 0.0949, -0.0527) m
[14:46:48.246] [debug] [ManualAdjust] 平移增量 dxyz=(0.0000, 0.0000, 0.0050)m
[14:46:48.246] [info] [ManualAdjust] 当前外参 [lidar_front→cam_left]:
[14:46:48.246] [info]   旋转 RPY: (-64.9278, -88.2752, -25.9466) deg
[14:46:48.246] [info]   平移 XYZ: (0.2030, 0.0949, -0.0477) m
[14:46:48.469] [debug] [ManualAdjust] 平移增量 dxyz=(0.0000, 0.0000, 0.0050)m
[14:46:48.469] [info] [ManualAdjust] 当前外参 [lidar_front→cam_left]:
[14:46:48.469] [info]   旋转 RPY: (-64.9278, -88.2752, -25.9466) deg
[14:46:48.469] [info]   平移 XYZ: (0.2030, 0.0949, -0.0427) m
[14:46:48.970] [debug] [ManualAdjust] 平移增量 dxyz=(0.0000, 0.0000, 0.0050)m
[14:46:48.970] [info] [ManualAdjust] 当前外参 [lidar_front→cam_left]:
[14:46:48.970] [info]   旋转 RPY: (-64.9278, -88.2752, -25.9466) deg
[14:46:48.970] [info]   平移 XYZ: (0.2030, 0.0949, -0.0377) m
[14:46:49.020] [debug] [ManualAdjust] 平移增量 dxyz=(0.0000, 0.0000, 0.0050)m
[14:46:49.020] [info] [ManualAdjust] 当前外参 [lidar_front→cam_left]:
[14:46:49.020] [info]   旋转 RPY: (-64.9278, -88.2752, -25.9466) deg
[14:46:49.020] [info]   平移 XYZ: (0.2030, 0.0949, -0.0327) m
[14:46:49.051] [debug] [ManualAdjust] 平移增量 dxyz=(0.0000, 0.0000, 0.0050)m
[14:46:49.051] [info] [ManualAdjust] 当前外参 [lidar_front→cam_left]:
[14:46:49.051] [info]   旋转 RPY: (-64.9278, -88.2752, -25.9466) deg
[14:46:49.051] [info]   平移 XYZ: (0.2030, 0.0949, -0.0277) m
[14:46:49.081] [debug] [ManualAdjust] 平移增量 dxyz=(0.0000, 0.0000, 0.0050)m
[14:46:49.081] [info] [ManualAdjust] 当前外参 [lidar_front→cam_left]:
[14:46:49.081] [info]   旋转 RPY: (-64.9278, -88.2752, -25.9466) deg
[14:46:49.081] [info]   平移 XYZ: (0.2030, 0.0949, -0.0227) m
[14:46:49.112] [debug] [ManualAdjust] 平移增量 dxyz=(0.0000, 0.0000, 0.0050)m
[14:46:49.112] [info] [ManualAdjust] 当前外参 [lidar_front→cam_left]:
[14:46:49.112] [info]   旋转 RPY: (-64.9278, -88.2752, -25.9466) deg
[14:46:49.112] [info]   平移 XYZ: (0.2030, 0.0949, -0.0177) m
[14:46:49.142] [debug] [ManualAdjust] 平移增量 dxyz=(0.0000, 0.0000, 0.0050)m
[14:46:49.142] [info] [ManualAdjust] 当前外参 [lidar_front→cam_left]:
[14:46:49.142] [info]   旋转 RPY: (-64.9278, -88.2752, -25.9466) deg
[14:46:49.142] [info]   平移 XYZ: (0.2030, 0.0949, -0.0127) m
[14:46:49.173] [debug] [ManualAdjust] 平移增量 dxyz=(0.0000, 0.0000, 0.0050)m
[14:46:49.173] [info] [ManualAdjust] 当前外参 [lidar_front→cam_left]:
[14:46:49.173] [info]   旋转 RPY: (-64.9278, -88.2752, -25.9466) deg
[14:46:49.173] [info]   平移 XYZ: (0.2030, 0.0949, -0.0077) m
[14:46:49.203] [debug] [ManualAdjust] 平移增量 dxyz=(0.0000, 0.0000, 0.0050)m
[14:46:49.203] [info] [ManualAdjust] 当前外参 [lidar_front→cam_left]:
[14:46:49.203] [info]   旋转 RPY: (-64.9278, -88.2752, -25.9466) deg
[14:46:49.203] [info]   平移 XYZ: (0.2030, 0.0949, -0.0027) m
[14:46:49.235] [debug] [ManualAdjust] 平移增量 dxyz=(0.0000, 0.0000, 0.0050)m
[14:46:49.235] [info] [ManualAdjust] 当前外参 [lidar_front→cam_left]:
[14:46:49.235] [info]   旋转 RPY: (-64.9278, -88.2752, -25.9466) deg
[14:46:49.235] [info]   平移 XYZ: (0.2030, 0.0949, 0.0023) m
[14:46:49.265] [debug] [ManualAdjust] 平移增量 dxyz=(0.0000, 0.0000, 0.0050)m
[14:46:49.265] [info] [ManualAdjust] 当前外参 [lidar_front→cam_left]:
[14:46:49.265] [info]   旋转 RPY: (-64.9278, -88.2752, -25.9466) deg
[14:46:49.265] [info]   平移 XYZ: (0.2030, 0.0949, 0.0073) m
[14:46:49.295] [debug] [ManualAdjust] 平移增量 dxyz=(0.0000, 0.0000, 0.0050)m
[14:46:49.295] [info] [ManualAdjust] 当前外参 [lidar_front→cam_left]:
[14:46:49.295] [info]   旋转 RPY: (-64.9278, -88.2752, -25.9466) deg
[14:46:49.295] [info]   平移 XYZ: (0.2030, 0.0949, 0.0123) m
[14:46:49.836] [debug] [ManualAdjust] 平移增量 dxyz=(0.0000, 0.0000, -0.0050)m
[14:46:49.836] [info] [ManualAdjust] 当前外参 [lidar_front→cam_left]:
[14:46:49.836] [info]   旋转 RPY: (-64.9278, -88.2752, -25.9466) deg
[14:46:49.836] [info]   平移 XYZ: (0.2030, 0.0949, 0.0073) m
[14:46:50.347] [debug] [ManualAdjust] 平移增量 dxyz=(0.0000, 0.0000, -0.0050)m
[14:46:50.347] [info] [ManualAdjust] 当前外参 [lidar_front→cam_left]:
[14:46:50.347] [info]   旋转 RPY: (-64.9278, -88.2752, -25.9466) deg
[14:46:50.347] [info]   平移 XYZ: (0.2030, 0.0949, 0.0023) m
[14:46:50.366] [debug] [ManualAdjust] 平移增量 dxyz=(0.0000, 0.0000, -0.0050)m
[14:46:50.366] [info] [ManualAdjust] 当前外参 [lidar_front→cam_left]:
[14:46:50.366] [info]   旋转 RPY: (-64.9278, -88.2752, -25.9466) deg
[14:46:50.366] [info]   平移 XYZ: (0.2030, 0.0949, -0.0027) m
[14:46:50.397] [debug] [ManualAdjust] 平移增量 dxyz=(0.0000, 0.0000, -0.0050)m
[14:46:50.397] [info] [ManualAdjust] 当前外参 [lidar_front→cam_left]:
[14:46:50.397] [info]   旋转 RPY: (-64.9278, -88.2752, -25.9466) deg
[14:46:50.397] [info]   平移 XYZ: (0.2030, 0.0949, -0.0077) m
[14:46:50.426] [debug] [ManualAdjust] 平移增量 dxyz=(0.0000, 0.0000, -0.0050)m
[14:46:50.426] [info] [ManualAdjust] 当前外参 [lidar_front→cam_left]:
[14:46:50.426] [info]   旋转 RPY: (-64.9278, -88.2752, -25.9466) deg
[14:46:50.426] [info]   平移 XYZ: (0.2030, 0.0949, -0.0127) m
[14:46:50.459] [debug] [ManualAdjust] 平移增量 dxyz=(0.0000, 0.0000, -0.0050)m
[14:46:50.459] [info] [ManualAdjust] 当前外参 [lidar_front→cam_left]:
[14:46:50.459] [info]   旋转 RPY: (-64.9278, -88.2752, -25.9466) deg
[14:46:50.459] [info]   平移 XYZ: (0.2030, 0.0949, -0.0177) m
[14:46:50.490] [debug] [ManualAdjust] 平移增量 dxyz=(0.0000, 0.0000, -0.0050)m
[14:46:50.490] [info] [ManualAdjust] 当前外参 [lidar_front→cam_left]:
[14:46:50.490] [info]   旋转 RPY: (-64.9278, -88.2752, -25.9466) deg
[14:46:50.490] [info]   平移 XYZ: (0.2030, 0.0949, -0.0227) m
[14:46:50.527] [debug] [ManualAdjust] 平移增量 dxyz=(0.0000, 0.0000, -0.0050)m
[14:46:50.527] [info] [ManualAdjust] 当前外参 [lidar_front→cam_left]:
[14:46:50.527] [info]   旋转 RPY: (-64.9278, -88.2752, -25.9466) deg
[14:46:50.527] [info]   平移 XYZ: (0.2030, 0.0949, -0.0277) m
[14:46:50.556] [debug] [ManualAdjust] 平移增量 dxyz=(0.0000, 0.0000, -0.0050)m
[14:46:50.556] [info] [ManualAdjust] 当前外参 [lidar_front→cam_left]:
[14:46:50.556] [info]   旋转 RPY: (-64.9278, -88.2752, -25.9466) deg
[14:46:50.556] [info]   平移 XYZ: (0.2030, 0.0949, -0.0327) m
[14:46:50.586] [debug] [ManualAdjust] 平移增量 dxyz=(0.0000, 0.0000, -0.0050)m
[14:46:50.586] [info] [ManualAdjust] 当前外参 [lidar_front→cam_left]:
[14:46:50.586] [info]   旋转 RPY: (-64.9278, -88.2752, -25.9466) deg
[14:46:50.586] [info]   平移 XYZ: (0.2030, 0.0949, -0.0377) m
[14:46:50.618] [debug] [ManualAdjust] 平移增量 dxyz=(0.0000, 0.0000, -0.0050)m
[14:46:50.618] [info] [ManualAdjust] 当前外参 [lidar_front→cam_left]:
[14:46:50.618] [info]   旋转 RPY: (-64.9278, -88.2752, -25.9466) deg
[14:46:50.618] [info]   平移 XYZ: (0.2030, 0.0949, -0.0427) m
[14:46:50.647] [debug] [ManualAdjust] 平移增量 dxyz=(0.0000, 0.0000, -0.0050)m
[14:46:50.647] [info] [ManualAdjust] 当前外参 [lidar_front→cam_left]:
[14:46:50.647] [info]   旋转 RPY: (-64.9278, -88.2752, -25.9466) deg
[14:46:50.647] [info]   平移 XYZ: (0.2030, 0.0949, -0.0477) m
[14:46:50.682] [debug] [ManualAdjust] 平移增量 dxyz=(0.0000, 0.0000, -0.0050)m
[14:46:50.682] [info] [ManualAdjust] 当前外参 [lidar_front→cam_left]:
[14:46:50.682] [info]   旋转 RPY: (-64.9278, -88.2752, -25.9466) deg
[14:46:50.682] [info]   平移 XYZ: (0.2030, 0.0949, -0.0527) m
[14:46:50.716] [debug] [ManualAdjust] 平移增量 dxyz=(0.0000, 0.0000, -0.0050)m
[14:46:50.716] [info] [ManualAdjust] 当前外参 [lidar_front→cam_left]:
[14:46:50.716] [info]   旋转 RPY: (-64.9278, -88.2752, -25.9466) deg
[14:46:50.716] [info]   平移 XYZ: (0.2030, 0.0949, -0.0577) m
[14:46:50.747] [debug] [ManualAdjust] 平移增量 dxyz=(0.0000, 0.0000, -0.0050)m
[14:46:50.747] [info] [ManualAdjust] 当前外参 [lidar_front→cam_left]:
[14:46:50.747] [info]   旋转 RPY: (-64.9278, -88.2752, -25.9466) deg
[14:46:50.747] [info]   平移 XYZ: (0.2030, 0.0949, -0.0627) m
[14:46:50.778] [debug] [ManualAdjust] 平移增量 dxyz=(0.0000, 0.0000, -0.0050)m
[14:46:50.778] [info] [ManualAdjust] 当前外参 [lidar_front→cam_left]:
[14:46:50.778] [info]   旋转 RPY: (-64.9278, -88.2752, -25.9466) deg
[14:46:50.778] [info]   平移 XYZ: (0.2030, 0.0949, -0.0677) m
[14:46:50.811] [debug] [ManualAdjust] 平移增量 dxyz=(0.0000, 0.0000, -0.0050)m
[14:46:50.811] [info] [ManualAdjust] 当前外参 [lidar_front→cam_left]:
[14:46:50.811] [info]   旋转 RPY: (-64.9278, -88.2752, -25.9466) deg
[14:46:50.811] [info]   平移 XYZ: (0.2030, 0.0949, -0.0727) m
[14:46:50.843] [debug] [ManualAdjust] 平移增量 dxyz=(0.0000, 0.0000, -0.0050)m
[14:46:50.843] [info] [ManualAdjust] 当前外参 [lidar_front→cam_left]:
[14:46:50.843] [info]   旋转 RPY: (-64.9278, -88.2752, -25.9466) deg
[14:46:50.843] [info]   平移 XYZ: (0.2030, 0.0949, -0.0777) m
[14:46:50.873] [debug] [ManualAdjust] 平移增量 dxyz=(0.0000, 0.0000, -0.0050)m
[14:46:50.873] [info] [ManualAdjust] 当前外参 [lidar_front→cam_left]:
[14:46:50.873] [info]   旋转 RPY: (-64.9278, -88.2752, -25.9466) deg
[14:46:50.873] [info]   平移 XYZ: (0.2030, 0.0949, -0.0827) m
[14:46:50.903] [debug] [ManualAdjust] 平移增量 dxyz=(0.0000, 0.0000, -0.0050)m
[14:46:50.903] [info] [ManualAdjust] 当前外参 [lidar_front→cam_left]:
[14:46:50.903] [info]   旋转 RPY: (-64.9278, -88.2752, -25.9466) deg
[14:46:50.903] [info]   平移 XYZ: (0.2030, 0.0949, -0.0877) m
[14:46:50.933] [debug] [ManualAdjust] 平移增量 dxyz=(0.0000, 0.0000, -0.0050)m
[14:46:50.933] [info] [ManualAdjust] 当前外参 [lidar_front→cam_left]:
[14:46:50.933] [info]   旋转 RPY: (-64.9278, -88.2752, -25.9466) deg
[14:46:50.933] [info]   平移 XYZ: (0.2030, 0.0949, -0.0927) m
[14:46:50.963] [debug] [ManualAdjust] 平移增量 dxyz=(0.0000, 0.0000, -0.0050)m
[14:46:50.963] [info] [ManualAdjust] 当前外参 [lidar_front→cam_left]:
[14:46:50.963] [info]   旋转 RPY: (-64.9278, -88.2752, -25.9466) deg
[14:46:50.963] [info]   平移 XYZ: (0.2030, 0.0949, -0.0977) m
[14:46:50.992] [debug] [ManualAdjust] 平移增量 dxyz=(0.0000, 0.0000, -0.0050)m
[14:46:50.992] [info] [ManualAdjust] 当前外参 [lidar_front→cam_left]:
[14:46:50.992] [info]   旋转 RPY: (-64.9278, -88.2752, -25.9466) deg
[14:46:50.992] [info]   平移 XYZ: (0.2030, 0.0949, -0.1027) m
[14:46:51.023] [debug] [ManualAdjust] 平移增量 dxyz=(0.0000, 0.0000, -0.0050)m
[14:46:51.023] [info] [ManualAdjust] 当前外参 [lidar_front→cam_left]:
[14:46:51.023] [info]   旋转 RPY: (-64.9278, -88.2752, -25.9466) deg
[14:46:51.023] [info]   平移 XYZ: (0.2030, 0.0949, -0.1077) m
[14:46:51.053] [debug] [ManualAdjust] 平移增量 dxyz=(0.0000, 0.0000, -0.0050)m
[14:46:51.053] [info] [ManualAdjust] 当前外参 [lidar_front→cam_left]:
[14:46:51.053] [info]   旋转 RPY: (-64.9278, -88.2752, -25.9466) deg
[14:46:51.053] [info]   平移 XYZ: (0.2030, 0.0949, -0.1127) m
[14:46:51.083] [debug] [ManualAdjust] 平移增量 dxyz=(0.0000, 0.0000, -0.0050)m
[14:46:51.083] [info] [ManualAdjust] 当前外参 [lidar_front→cam_left]:
[14:46:51.083] [info]   旋转 RPY: (-64.9278, -88.2752, -25.9466) deg
[14:46:51.083] [info]   平移 XYZ: (0.2030, 0.0949, -0.1177) m
[14:46:51.114] [debug] [ManualAdjust] 平移增量 dxyz=(0.0000, 0.0000, -0.0050)m
[14:46:51.114] [info] [ManualAdjust] 当前外参 [lidar_front→cam_left]:
[14:46:51.114] [info]   旋转 RPY: (-64.9278, -88.2752, -25.9466) deg
[14:46:51.114] [info]   平移 XYZ: (0.2030, 0.0949, -0.1227) m
[14:46:51.143] [debug] [ManualAdjust] 平移增量 dxyz=(0.0000, 0.0000, -0.0050)m
[14:46:51.144] [info] [ManualAdjust] 当前外参 [lidar_front→cam_left]:
[14:46:51.144] [info]   旋转 RPY: (-64.9278, -88.2752, -25.9466) deg
[14:46:51.144] [info]   平移 XYZ: (0.2030, 0.0949, -0.1277) m
[14:46:51.174] [debug] [ManualAdjust] 平移增量 dxyz=(0.0000, 0.0000, -0.0050)m
[14:46:51.174] [info] [ManualAdjust] 当前外参 [lidar_front→cam_left]:
[14:46:51.174] [info]   旋转 RPY: (-64.9278, -88.2752, -25.9466) deg
[14:46:51.174] [info]   平移 XYZ: (0.2030, 0.0949, -0.1327) m
[14:46:51.204] [debug] [ManualAdjust] 平移增量 dxyz=(0.0000, 0.0000, -0.0050)m
[14:46:51.204] [info] [ManualAdjust] 当前外参 [lidar_front→cam_left]:
[14:46:51.204] [info]   旋转 RPY: (-64.9278, -88.2752, -25.9466) deg
[14:46:51.204] [info]   平移 XYZ: (0.2030, 0.0949, -0.1377) m
[14:46:51.235] [debug] [ManualAdjust] 平移增量 dxyz=(0.0000, 0.0000, -0.0050)m
[14:46:51.235] [info] [ManualAdjust] 当前外参 [lidar_front→cam_left]:
[14:46:51.235] [info]   旋转 RPY: (-64.9278, -88.2752, -25.9466) deg
[14:46:51.235] [info]   平移 XYZ: (0.2030, 0.0949, -0.1427) m
[14:46:51.272] [debug] [ManualAdjust] 平移增量 dxyz=(0.0000, 0.0000, -0.0050)m
[14:46:51.272] [info] [ManualAdjust] 当前外参 [lidar_front→cam_left]:
[14:46:51.272] [info]   旋转 RPY: (-64.9278, -88.2752, -25.9466) deg
[14:46:51.272] [info]   平移 XYZ: (0.2030, 0.0949, -0.1477) m
[14:46:51.303] [debug] [ManualAdjust] 平移增量 dxyz=(0.0000, 0.0000, -0.0050)m
[14:46:51.303] [info] [ManualAdjust] 当前外参 [lidar_front→cam_left]:
[14:46:51.303] [info]   旋转 RPY: (-64.9278, -88.2752, -25.9466) deg
[14:46:51.303] [info]   平移 XYZ: (0.2030, 0.0949, -0.1527) m
[14:46:51.333] [debug] [ManualAdjust] 平移增量 dxyz=(0.0000, 0.0000, -0.0050)m
[14:46:51.333] [info] [ManualAdjust] 当前外参 [lidar_front→cam_left]:
[14:46:51.333] [info]   旋转 RPY: (-64.9278, -88.2752, -25.9466) deg
[14:46:51.333] [info]   平移 XYZ: (0.2030, 0.0949, -0.1577) m
[14:46:51.362] [debug] [ManualAdjust] 平移增量 dxyz=(0.0000, 0.0000, -0.0050)m
[14:46:51.362] [info] [ManualAdjust] 当前外参 [lidar_front→cam_left]:
[14:46:51.362] [info]   旋转 RPY: (-64.9278, -88.2752, -25.9466) deg
[14:46:51.362] [info]   平移 XYZ: (0.2030, 0.0949, -0.1627) m
[14:46:51.392] [debug] [ManualAdjust] 平移增量 dxyz=(0.0000, 0.0000, -0.0050)m
[14:46:51.392] [info] [ManualAdjust] 当前外参 [lidar_front→cam_left]:
[14:46:51.392] [info]   旋转 RPY: (-64.9278, -88.2752, -25.9466) deg
[14:46:51.393] [info]   平移 XYZ: (0.2030, 0.0949, -0.1677) m
[14:46:51.423] [debug] [ManualAdjust] 平移增量 dxyz=(0.0000, 0.0000, -0.0050)m
[14:46:51.423] [info] [ManualAdjust] 当前外参 [lidar_front→cam_left]:
[14:46:51.423] [info]   旋转 RPY: (-64.9278, -88.2752, -25.9466) deg
[14:46:51.423] [info]   平移 XYZ: (0.2030, 0.0949, -0.1727) m
[14:46:52.335] [debug] [ManualAdjust] 平移增量 dxyz=(0.0000, 0.0000, 0.0050)m
[14:46:52.335] [info] [ManualAdjust] 当前外参 [lidar_front→cam_left]:
[14:46:52.335] [info]   旋转 RPY: (-64.9278, -88.2752, -25.9466) deg
[14:46:52.335] [info]   平移 XYZ: (0.2030, 0.0949, -0.1677) m
[14:46:52.462] [debug] [ManualAdjust] 平移增量 dxyz=(0.0000, 0.0000, 0.0050)m
[14:46:52.462] [info] [ManualAdjust] 当前外参 [lidar_front→cam_left]:
[14:46:52.462] [info]   旋转 RPY: (-64.9278, -88.2752, -25.9466) deg
[14:46:52.462] [info]   平移 XYZ: (0.2030, 0.0949, -0.1627) m
[14:46:52.685] [debug] [ManualAdjust] 平移增量 dxyz=(0.0000, 0.0000, 0.0050)m
[14:46:52.685] [info] [ManualAdjust] 当前外参 [lidar_front→cam_left]:
[14:46:52.685] [info]   旋转 RPY: (-64.9278, -88.2752, -25.9466) deg
[14:46:52.685] [info]   平移 XYZ: (0.2030, 0.0949, -0.1577) m
[14:46:52.885] [debug] [ManualAdjust] 平移增量 dxyz=(0.0000, 0.0000, 0.0050)m
[14:46:52.885] [info] [ManualAdjust] 当前外参 [lidar_front→cam_left]:
[14:46:52.885] [info]   旋转 RPY: (-64.9278, -88.2752, -25.9466) deg
[14:46:52.885] [info]   平移 XYZ: (0.2030, 0.0949, -0.1527) m
[14:46:53.062] [debug] [ManualAdjust] 平移增量 dxyz=(0.0000, 0.0000, 0.0050)m
[14:46:53.062] [info] [ManualAdjust] 当前外参 [lidar_front→cam_left]:
[14:46:53.062] [info]   旋转 RPY: (-64.9278, -88.2752, -25.9466) deg
[14:46:53.062] [info]   平移 XYZ: (0.2030, 0.0949, -0.1477) m
[14:46:53.230] [debug] [ManualAdjust] 平移增量 dxyz=(0.0000, 0.0000, 0.0050)m
[14:46:53.230] [info] [ManualAdjust] 当前外参 [lidar_front→cam_left]:
[14:46:53.230] [info]   旋转 RPY: (-64.9278, -88.2752, -25.9466) deg
[14:46:53.230] [info]   平移 XYZ: (0.2030, 0.0949, -0.1427) m
[14:46:53.421] [debug] [ManualAdjust] 平移增量 dxyz=(0.0000, 0.0000, 0.0050)m
[14:46:53.421] [info] [ManualAdjust] 当前外参 [lidar_front→cam_left]:
[14:46:53.421] [info]   旋转 RPY: (-64.9278, -88.2752, -25.9466) deg
[14:46:53.421] [info]   平移 XYZ: (0.2030, 0.0949, -0.1377) m
[14:46:53.598] [debug] [ManualAdjust] 平移增量 dxyz=(0.0000, 0.0000, 0.0050)m
[14:46:53.598] [info] [ManualAdjust] 当前外参 [lidar_front→cam_left]:
[14:46:53.598] [info]   旋转 RPY: (-64.9278, -88.2752, -25.9466) deg
[14:46:53.598] [info]   平移 XYZ: (0.2030, 0.0949, -0.1327) m
[14:46:53.788] [debug] [ManualAdjust] 平移增量 dxyz=(0.0000, 0.0000, 0.0050)m
[14:46:53.788] [info] [ManualAdjust] 当前外参 [lidar_front→cam_left]:
[14:46:53.788] [info]   旋转 RPY: (-64.9278, -88.2752, -25.9466) deg
[14:46:53.788] [info]   平移 XYZ: (0.2030, 0.0949, -0.1277) m
[14:46:53.965] [debug] [ManualAdjust] 平移增量 dxyz=(0.0000, 0.0000, 0.0050)m
[14:46:53.965] [info] [ManualAdjust] 当前外参 [lidar_front→cam_left]:
[14:46:53.965] [info]   旋转 RPY: (-64.9278, -88.2752, -25.9466) deg
[14:46:53.965] [info]   平移 XYZ: (0.2030, 0.0949, -0.1227) m
[14:46:54.181] [debug] [ManualAdjust] 平移增量 dxyz=(0.0000, 0.0000, 0.0050)m
[14:46:54.181] [info] [ManualAdjust] 当前外参 [lidar_front→cam_left]:
[14:46:54.181] [info]   旋转 RPY: (-64.9278, -88.2752, -25.9466) deg
[14:46:54.181] [info]   平移 XYZ: (0.2030, 0.0949, -0.1177) m
[14:46:54.381] [debug] [ManualAdjust] 平移增量 dxyz=(0.0000, 0.0000, 0.0050)m
[14:46:54.381] [info] [ManualAdjust] 当前外参 [lidar_front→cam_left]:
[14:46:54.381] [info]   旋转 RPY: (-64.9278, -88.2752, -25.9466) deg
[14:46:54.381] [info]   平移 XYZ: (0.2030, 0.0949, -0.1127) m
[14:46:54.890] [debug] [ManualAdjust] 平移增量 dxyz=(0.0000, 0.0000, 0.0050)m
[14:46:54.890] [info] [ManualAdjust] 当前外参 [lidar_front→cam_left]:
[14:46:54.890] [info]   旋转 RPY: (-64.9278, -88.2752, -25.9466) deg
[14:46:54.890] [info]   平移 XYZ: (0.2030, 0.0949, -0.1077) m
[14:46:54.917] [debug] [ManualAdjust] 平移增量 dxyz=(0.0000, 0.0000, 0.0050)m
[14:46:54.917] [info] [ManualAdjust] 当前外参 [lidar_front→cam_left]:
[14:46:54.917] [info]   旋转 RPY: (-64.9278, -88.2752, -25.9466) deg
[14:46:54.917] [info]   平移 XYZ: (0.2030, 0.0949, -0.1027) m
[14:46:55.139] [debug] [ManualAdjust] 平移增量 dxyz=(0.0000, 0.0000, 0.0050)m
[14:46:55.139] [info] [ManualAdjust] 当前外参 [lidar_front→cam_left]:
[14:46:55.139] [info]   旋转 RPY: (-64.9278, -88.2752, -25.9466) deg
[14:46:55.139] [info]   平移 XYZ: (0.2030, 0.0949, -0.0977) m
[14:46:55.317] [debug] [ManualAdjust] 平移增量 dxyz=(0.0000, 0.0000, 0.0050)m
[14:46:55.317] [info] [ManualAdjust] 当前外参 [lidar_front→cam_left]:
[14:46:55.317] [info]   旋转 RPY: (-64.9278, -88.2752, -25.9466) deg
[14:46:55.317] [info]   平移 XYZ: (0.2030, 0.0949, -0.0927) m
[14:46:55.495] [debug] [ManualAdjust] 平移增量 dxyz=(0.0000, 0.0000, 0.0050)m
[14:46:55.495] [info] [ManualAdjust] 当前外参 [lidar_front→cam_left]:
[14:46:55.495] [info]   旋转 RPY: (-64.9278, -88.2752, -25.9466) deg
[14:46:55.495] [info]   平移 XYZ: (0.2030, 0.0949, -0.0877) m
[14:46:55.675] [debug] [ManualAdjust] 平移增量 dxyz=(0.0000, 0.0000, 0.0050)m
[14:46:55.675] [info] [ManualAdjust] 当前外参 [lidar_front→cam_left]:
[14:46:55.675] [info]   旋转 RPY: (-64.9278, -88.2752, -25.9466) deg
[14:46:55.675] [info]   平移 XYZ: (0.2030, 0.0949, -0.0827) m
[14:46:55.854] [debug] [ManualAdjust] 平移增量 dxyz=(0.0000, 0.0000, 0.0050)m
[14:46:55.854] [info] [ManualAdjust] 当前外参 [lidar_front→cam_left]:
[14:46:55.854] [info]   旋转 RPY: (-64.9278, -88.2752, -25.9466) deg
[14:46:55.854] [info]   平移 XYZ: (0.2030, 0.0949, -0.0777) m
[14:46:56.034] [debug] [ManualAdjust] 平移增量 dxyz=(0.0000, 0.0000, 0.0050)m
[14:46:56.034] [info] [ManualAdjust] 当前外参 [lidar_front→cam_left]:
[14:46:56.034] [info]   旋转 RPY: (-64.9278, -88.2752, -25.9466) deg
[14:46:56.034] [info]   平移 XYZ: (0.2030, 0.0949, -0.0727) m
[14:46:56.229] [debug] [ManualAdjust] 平移增量 dxyz=(0.0000, 0.0000, 0.0050)m
[14:46:56.229] [info] [ManualAdjust] 当前外参 [lidar_front→cam_left]:
[14:46:56.229] [info]   旋转 RPY: (-64.9278, -88.2752, -25.9466) deg
[14:46:56.229] [info]   平移 XYZ: (0.2030, 0.0949, -0.0677) m
[14:46:56.781] [debug] [ManualAdjust] 平移增量 dxyz=(0.0000, 0.0000, 0.0050)m
[14:46:56.781] [info] [ManualAdjust] 当前外参 [lidar_front→cam_left]:
[14:46:56.781] [info]   旋转 RPY: (-64.9278, -88.2752, -25.9466) deg
[14:46:56.781] [info]   平移 XYZ: (0.2030, 0.0949, -0.0627) m
[14:46:57.057] [debug] [ManualAdjust] 平移增量 dxyz=(0.0000, 0.0000, 0.0050)m
[14:46:57.057] [info] [ManualAdjust] 当前外参 [lidar_front→cam_left]:
[14:46:57.057] [info]   旋转 RPY: (-64.9278, -88.2752, -25.9466) deg
[14:46:57.057] [info]   平移 XYZ: (0.2030, 0.0949, -0.0577) m
[14:46:57.257] [debug] [ManualAdjust] 平移增量 dxyz=(0.0000, 0.0000, 0.0050)m
[14:46:57.258] [info] [ManualAdjust] 当前外参 [lidar_front→cam_left]:
[14:46:57.258] [info]   旋转 RPY: (-64.9278, -88.2752, -25.9466) deg
[14:46:57.258] [info]   平移 XYZ: (0.2030, 0.0949, -0.0527) m
[14:46:57.434] [debug] [ManualAdjust] 平移增量 dxyz=(0.0000, 0.0000, 0.0050)m
[14:46:57.434] [info] [ManualAdjust] 当前外参 [lidar_front→cam_left]:
[14:46:57.434] [info]   旋转 RPY: (-64.9278, -88.2752, -25.9466) deg
[14:46:57.434] [info]   平移 XYZ: (0.2030, 0.0949, -0.0477) m
[14:46:57.589] [debug] [ManualAdjust] 平移增量 dxyz=(0.0000, 0.0000, 0.0050)m
[14:46:57.589] [info] [ManualAdjust] 当前外参 [lidar_front→cam_left]:
[14:46:57.589] [info]   旋转 RPY: (-64.9278, -88.2752, -25.9466) deg
[14:46:57.589] [info]   平移 XYZ: (0.2030, 0.0949, -0.0427) m
[14:46:58.090] [debug] [ManualAdjust] 平移增量 dxyz=(0.0000, 0.0000, 0.0050)m
[14:46:58.090] [info] [ManualAdjust] 当前外参 [lidar_front→cam_left]:
[14:46:58.090] [info]   旋转 RPY: (-64.9278, -88.2752, -25.9466) deg
[14:46:58.090] [info]   平移 XYZ: (0.2030, 0.0949, -0.0377) m
[14:46:58.119] [debug] [ManualAdjust] 平移增量 dxyz=(0.0000, 0.0000, 0.0050)m
[14:46:58.119] [info] [ManualAdjust] 当前外参 [lidar_front→cam_left]:
[14:46:58.119] [info]   旋转 RPY: (-64.9278, -88.2752, -25.9466) deg
[14:46:58.119] [info]   平移 XYZ: (0.2030, 0.0949, -0.0327) m
[14:46:58.150] [debug] [ManualAdjust] 平移增量 dxyz=(0.0000, 0.0000, 0.0050)m
[14:46:58.151] [info] [ManualAdjust] 当前外参 [lidar_front→cam_left]:
[14:46:58.151] [info]   旋转 RPY: (-64.9278, -88.2752, -25.9466) deg
[14:46:58.151] [info]   平移 XYZ: (0.2030, 0.0949, -0.0277) m
[14:46:58.184] [debug] [ManualAdjust] 平移增量 dxyz=(0.0000, 0.0000, 0.0050)m
[14:46:58.184] [info] [ManualAdjust] 当前外参 [lidar_front→cam_left]:
[14:46:58.184] [info]   旋转 RPY: (-64.9278, -88.2752, -25.9466) deg
[14:46:58.184] [info]   平移 XYZ: (0.2030, 0.0949, -0.0227) m
[14:46:58.213] [debug] [ManualAdjust] 平移增量 dxyz=(0.0000, 0.0000, 0.0050)m
[14:46:58.213] [info] [ManualAdjust] 当前外参 [lidar_front→cam_left]:
[14:46:58.213] [info]   旋转 RPY: (-64.9278, -88.2752, -25.9466) deg
[14:46:58.213] [info]   平移 XYZ: (0.2030, 0.0949, -0.0177) m
[14:46:58.243] [debug] [ManualAdjust] 平移增量 dxyz=(0.0000, 0.0000, 0.0050)m
[14:46:58.243] [info] [ManualAdjust] 当前外参 [lidar_front→cam_left]:
[14:46:58.243] [info]   旋转 RPY: (-64.9278, -88.2752, -25.9466) deg
[14:46:58.243] [info]   平移 XYZ: (0.2030, 0.0949, -0.0127) m
[14:46:58.275] [debug] [ManualAdjust] 平移增量 dxyz=(0.0000, 0.0000, 0.0050)m
[14:46:58.275] [info] [ManualAdjust] 当前外参 [lidar_front→cam_left]:
[14:46:58.275] [info]   旋转 RPY: (-64.9278, -88.2752, -25.9466) deg
[14:46:58.275] [info]   平移 XYZ: (0.2030, 0.0949, -0.0077) m
[14:46:58.305] [debug] [ManualAdjust] 平移增量 dxyz=(0.0000, 0.0000, 0.0050)m
[14:46:58.305] [info] [ManualAdjust] 当前外参 [lidar_front→cam_left]:
[14:46:58.305] [info]   旋转 RPY: (-64.9278, -88.2752, -25.9466) deg
[14:46:58.305] [info]   平移 XYZ: (0.2030, 0.0949, -0.0027) m
[14:46:58.335] [debug] [ManualAdjust] 平移增量 dxyz=(0.0000, 0.0000, 0.0050)m
[14:46:58.335] [info] [ManualAdjust] 当前外参 [lidar_front→cam_left]:
[14:46:58.335] [info]   旋转 RPY: (-64.9278, -88.2752, -25.9466) deg
[14:46:58.335] [info]   平移 XYZ: (0.2030, 0.0949, 0.0023) m
[14:46:58.365] [debug] [ManualAdjust] 平移增量 dxyz=(0.0000, 0.0000, 0.0050)m
[14:46:58.365] [info] [ManualAdjust] 当前外参 [lidar_front→cam_left]:
[14:46:58.365] [info]   旋转 RPY: (-64.9278, -88.2752, -25.9466) deg
[14:46:58.365] [info]   平移 XYZ: (0.2030, 0.0949, 0.0073) m
[14:46:58.613] [debug] [ManualAdjust] 平移增量 dxyz=(0.0000, 0.0000, 0.0050)m
[14:46:58.613] [info] [ManualAdjust] 当前外参 [lidar_front→cam_left]:
[14:46:58.613] [info]   旋转 RPY: (-64.9278, -88.2752, -25.9466) deg
[14:46:58.613] [info]   平移 XYZ: (0.2030, 0.0949, 0.0123) m
[14:46:58.815] [debug] [ManualAdjust] 平移增量 dxyz=(0.0000, 0.0000, 0.0050)m
[14:46:58.815] [info] [ManualAdjust] 当前外参 [lidar_front→cam_left]:
[14:46:58.815] [info]   旋转 RPY: (-64.9278, -88.2752, -25.9466) deg
[14:46:58.815] [info]   平移 XYZ: (0.2030, 0.0949, 0.0173) m
[14:46:59.006] [debug] [ManualAdjust] 平移增量 dxyz=(0.0000, 0.0000, 0.0050)m
[14:46:59.006] [info] [ManualAdjust] 当前外参 [lidar_front→cam_left]:
[14:46:59.006] [info]   旋转 RPY: (-64.9278, -88.2752, -25.9466) deg
[14:46:59.006] [info]   平移 XYZ: (0.2030, 0.0949, 0.0223) m
[14:46:59.279] [debug] [ManualAdjust] 平移增量 dxyz=(0.0000, 0.0000, 0.0050)m
[14:46:59.279] [info] [ManualAdjust] 当前外参 [lidar_front→cam_left]:
[14:46:59.279] [info]   旋转 RPY: (-64.9278, -88.2752, -25.9466) deg
[14:46:59.279] [info]   平移 XYZ: (0.2030, 0.0949, 0.0273) m
[14:47:00.636] [debug] [ManualAdjust] 平移增量 dxyz=(0.0000, 0.0050, 0.0000)m
[14:47:00.636] [info] [ManualAdjust] 当前外参 [lidar_front→cam_left]:
[14:47:00.636] [info]   旋转 RPY: (-64.9278, -88.2752, -25.9466) deg
[14:47:00.636] [info]   平移 XYZ: (0.2030, 0.0999, 0.0273) m
[14:47:01.277] [debug] [ManualAdjust] 平移增量 dxyz=(0.0050, 0.0000, 0.0000)m
[14:47:01.277] [info] [ManualAdjust] 当前外参 [lidar_front→cam_left]:
[14:47:01.277] [info]   旋转 RPY: (-64.9278, -88.2752, -25.9466) deg
[14:47:01.277] [info]   平移 XYZ: (0.2080, 0.0999, 0.0273) m
[14:47:01.641] [debug] [ManualAdjust] 平移增量 dxyz=(0.0050, 0.0000, 0.0000)m
[14:47:01.641] [info] [ManualAdjust] 当前外参 [lidar_front→cam_left]:
[14:47:01.641] [info]   旋转 RPY: (-64.9278, -88.2752, -25.9466) deg
[14:47:01.641] [info]   平移 XYZ: (0.2130, 0.0999, 0.0273) m
[14:47:01.965] [debug] [ManualAdjust] 平移增量 dxyz=(0.0050, 0.0000, 0.0000)m
[14:47:01.965] [info] [ManualAdjust] 当前外参 [lidar_front→cam_left]:
[14:47:01.965] [info]   旋转 RPY: (-64.9278, -88.2752, -25.9466) deg
[14:47:01.965] [info]   平移 XYZ: (0.2180, 0.0999, 0.0273) m
[14:47:02.242] [debug] [ManualAdjust] 平移增量 dxyz=(0.0050, 0.0000, 0.0000)m
[14:47:02.242] [info] [ManualAdjust] 当前外参 [lidar_front→cam_left]:
[14:47:02.242] [info]   旋转 RPY: (-64.9278, -88.2752, -25.9466) deg
[14:47:02.242] [info]   平移 XYZ: (0.2230, 0.0999, 0.0273) m
[14:47:03.133] [debug] [ManualAdjust] 平移增量 dxyz=(0.0050, 0.0000, 0.0000)m
[14:47:03.133] [info] [ManualAdjust] 当前外参 [lidar_front→cam_left]:
[14:47:03.133] [info]   旋转 RPY: (-64.9278, -88.2752, -25.9466) deg
[14:47:03.133] [info]   平移 XYZ: (0.2280, 0.0999, 0.0273) m
[14:47:03.513] [debug] [ManualAdjust] 平移增量 dxyz=(0.0050, 0.0000, 0.0000)m
[14:47:03.513] [info] [ManualAdjust] 当前外参 [lidar_front→cam_left]:
[14:47:03.513] [info]   旋转 RPY: (-64.9278, -88.2752, -25.9466) deg
[14:47:03.513] [info]   平移 XYZ: (0.2330, 0.0999, 0.0273) m
[14:47:03.981] [debug] [ManualAdjust] 平移增量 dxyz=(0.0050, 0.0000, 0.0000)m
[14:47:03.981] [info] [ManualAdjust] 当前外参 [lidar_front→cam_left]:
[14:47:03.981] [info]   旋转 RPY: (-64.9278, -88.2752, -25.9466) deg
[14:47:03.981] [info]   平移 XYZ: (0.2380, 0.0999, 0.0273) m
[14:47:04.444] [debug] [ManualAdjust] 平移增量 dxyz=(0.0050, 0.0000, 0.0000)m
[14:47:04.444] [info] [ManualAdjust] 当前外参 [lidar_front→cam_left]:
[14:47:04.444] [info]   旋转 RPY: (-64.9278, -88.2752, -25.9466) deg
[14:47:04.444] [info]   平移 XYZ: (0.2430, 0.0999, 0.0273) m
[14:47:04.933] [debug] [ManualAdjust] 平移增量 dxyz=(0.0050, 0.0000, 0.0000)m
[14:47:04.933] [info] [ManualAdjust] 当前外参 [lidar_front→cam_left]:
[14:47:04.933] [info]   旋转 RPY: (-64.9278, -88.2752, -25.9466) deg
[14:47:04.933] [info]   平移 XYZ: (0.2480, 0.0999, 0.0273) m
[14:47:06.341] [debug] [ManualAdjust] 平移增量 dxyz=(0.0050, 0.0000, 0.0000)m
[14:47:06.341] [info] [ManualAdjust] 当前外参 [lidar_front→cam_left]:
[14:47:06.341] [info]   旋转 RPY: (-64.9278, -88.2752, -25.9466) deg
[14:47:06.341] [info]   平移 XYZ: (0.2530, 0.0999, 0.0273) m
[14:47:06.741] [debug] [ManualAdjust] 平移增量 dxyz=(0.0050, 0.0000, 0.0000)m
[14:47:06.741] [info] [ManualAdjust] 当前外参 [lidar_front→cam_left]:
[14:47:06.741] [info]   旋转 RPY: (-64.9278, -88.2752, -25.9466) deg
[14:47:06.741] [info]   平移 XYZ: (0.2580, 0.0999, 0.0273) m
[14:47:07.183] [debug] [ManualAdjust] 平移增量 dxyz=(0.0050, 0.0000, 0.0000)m
[14:47:07.183] [info] [ManualAdjust] 当前外参 [lidar_front→cam_left]:
[14:47:07.183] [info]   旋转 RPY: (-64.9278, -88.2752, -25.9466) deg
[14:47:07.183] [info]   平移 XYZ: (0.2630, 0.0999, 0.0273) m
[14:47:10.968] [debug] [ManualAdjust] 旋转增量 RPY=(0.100, 0.000, 0.000)deg
[14:47:10.968] [info] [ManualAdjust] 当前外参 [lidar_front→cam_left]:
[14:47:10.968] [info]   旋转 RPY: (-64.8278, -88.2752, -25.9466) deg
[14:47:10.968] [info]   平移 XYZ: (0.2630, 0.0999, 0.0273) m
[14:47:11.917] [debug] [ManualAdjust] 旋转增量 RPY=(0.100, 0.000, 0.000)deg
[14:47:11.917] [info] [ManualAdjust] 当前外参 [lidar_front→cam_left]:
[14:47:11.917] [info]   旋转 RPY: (-64.7278, -88.2752, -25.9466) deg
[14:47:11.917] [info]   平移 XYZ: (0.2630, 0.0999, 0.0273) m
[14:47:12.428] [debug] [ManualAdjust] 旋转增量 RPY=(0.100, 0.000, 0.000)deg
[14:47:12.428] [info] [ManualAdjust] 当前外参 [lidar_front→cam_left]:
[14:47:12.428] [info]   旋转 RPY: (-64.6278, -88.2752, -25.9466) deg
[14:47:12.428] [info]   平移 XYZ: (0.2630, 0.0999, 0.0273) m
[14:47:12.450] [debug] [ManualAdjust] 旋转增量 RPY=(0.100, 0.000, 0.000)deg
[14:47:12.450] [info] [ManualAdjust] 当前外参 [lidar_front→cam_left]:
[14:47:12.450] [info]   旋转 RPY: (-64.5278, -88.2752, -25.9466) deg
[14:47:12.450] [info]   平移 XYZ: (0.2630, 0.0999, 0.0273) m
[14:47:12.491] [debug] [ManualAdjust] 旋转增量 RPY=(0.100, 0.000, 0.000)deg
[14:47:12.491] [info] [ManualAdjust] 当前外参 [lidar_front→cam_left]:
[14:47:12.491] [info]   旋转 RPY: (-64.4278, -88.2752, -25.9466) deg
[14:47:12.491] [info]   平移 XYZ: (0.2630, 0.0999, 0.0273) m
[14:47:12.523] [debug] [ManualAdjust] 旋转增量 RPY=(0.100, 0.000, 0.000)deg
[14:47:12.523] [info] [ManualAdjust] 当前外参 [lidar_front→cam_left]:
[14:47:12.523] [info]   旋转 RPY: (-64.3278, -88.2752, -25.9466) deg
[14:47:12.523] [info]   平移 XYZ: (0.2630, 0.0999, 0.0273) m
[14:47:12.554] [debug] [ManualAdjust] 旋转增量 RPY=(0.100, 0.000, 0.000)deg
[14:47:12.554] [info] [ManualAdjust] 当前外参 [lidar_front→cam_left]:
[14:47:12.554] [info]   旋转 RPY: (-64.2278, -88.2752, -25.9466) deg
[14:47:12.554] [info]   平移 XYZ: (0.2630, 0.0999, 0.0273) m
[14:47:13.261] [debug] [ManualAdjust] 旋转增量 RPY=(-0.100, 0.000, 0.000)deg
[14:47:13.261] [info] [ManualAdjust] 当前外参 [lidar_front→cam_left]:
[14:47:13.261] [info]   旋转 RPY: (-64.3278, -88.2752, -25.9466) deg
[14:47:13.261] [info]   平移 XYZ: (0.2630, 0.0999, 0.0273) m
[14:47:13.772] [debug] [ManualAdjust] 旋转增量 RPY=(-0.100, 0.000, 0.000)deg
[14:47:13.772] [info] [ManualAdjust] 当前外参 [lidar_front→cam_left]:
[14:47:13.772] [info]   旋转 RPY: (-64.4278, -88.2752, -25.9466) deg
[14:47:13.772] [info]   平移 XYZ: (0.2630, 0.0999, 0.0273) m
[14:47:13.798] [debug] [ManualAdjust] 旋转增量 RPY=(-0.100, 0.000, 0.000)deg
[14:47:13.798] [info] [ManualAdjust] 当前外参 [lidar_front→cam_left]:
[14:47:13.798] [info]   旋转 RPY: (-64.5278, -88.2752, -25.9466) deg
[14:47:13.798] [info]   平移 XYZ: (0.2630, 0.0999, 0.0273) m
[14:47:13.849] [debug] [ManualAdjust] 旋转增量 RPY=(-0.100, 0.000, 0.000)deg
[14:47:13.849] [info] [ManualAdjust] 当前外参 [lidar_front→cam_left]:
[14:47:13.849] [info]   旋转 RPY: (-64.6278, -88.2752, -25.9466) deg
[14:47:13.849] [info]   平移 XYZ: (0.2630, 0.0999, 0.0273) m
[14:47:13.885] [debug] [ManualAdjust] 旋转增量 RPY=(-0.100, 0.000, 0.000)deg
[14:47:13.885] [info] [ManualAdjust] 当前外参 [lidar_front→cam_left]:
[14:47:13.885] [info]   旋转 RPY: (-64.7278, -88.2752, -25.9466) deg
[14:47:13.885] [info]   平移 XYZ: (0.2630, 0.0999, 0.0273) m
[14:47:14.175] [debug] [ManualAdjust] 旋转增量 RPY=(-0.100, 0.000, 0.000)deg
[14:47:14.175] [info] [ManualAdjust] 当前外参 [lidar_front→cam_left]:
[14:47:14.175] [info]   旋转 RPY: (-64.8278, -88.2752, -25.9466) deg
[14:47:14.175] [info]   平移 XYZ: (0.2630, 0.0999, 0.0273) m
[14:47:14.375] [debug] [ManualAdjust] 旋转增量 RPY=(-0.100, 0.000, 0.000)deg
[14:47:14.375] [info] [ManualAdjust] 当前外参 [lidar_front→cam_left]:
[14:47:14.375] [info]   旋转 RPY: (-64.9278, -88.2752, -25.9466) deg
[14:47:14.375] [info]   平移 XYZ: (0.2630, 0.0999, 0.0273) m
[14:47:14.902] [debug] [ManualAdjust] 旋转增量 RPY=(0.000, 0.100, 0.000)deg
[14:47:14.902] [info] [ManualAdjust] 当前外参 [lidar_front→cam_left]:
[14:47:14.902] [info]   旋转 RPY: (-61.9945, -88.2305, -28.8813) deg
[14:47:14.902] [info]   平移 XYZ: (0.2630, 0.0999, 0.0273) m
[14:47:15.108] [debug] [ManualAdjust] 旋转增量 RPY=(0.000, 0.100, 0.000)deg
[14:47:15.108] [info] [ManualAdjust] 当前外参 [lidar_front→cam_left]:
[14:47:15.108] [info]   旋转 RPY: (-59.2127, -88.1814, -31.6645) deg
[14:47:15.108] [info]   平移 XYZ: (0.2630, 0.0999, 0.0273) m
[14:47:15.303] [debug] [ManualAdjust] 旋转增量 RPY=(0.000, 0.100, 0.000)deg
[14:47:15.303] [info] [ManualAdjust] 当前外参 [lidar_front→cam_left]:
[14:47:15.303] [info]   旋转 RPY: (-56.5829, -88.1283, -34.2956) deg
[14:47:15.303] [info]   平移 XYZ: (0.2630, 0.0999, 0.0273) m
[14:47:15.660] [debug] [ManualAdjust] 旋转增量 RPY=(0.000, -0.100, 0.000)deg
[14:47:15.660] [info] [ManualAdjust] 当前外参 [lidar_front→cam_left]:
[14:47:15.660] [info]   旋转 RPY: (-59.2127, -88.1814, -31.6645) deg
[14:47:15.660] [info]   平移 XYZ: (0.2630, 0.0999, 0.0273) m
[14:47:15.672] [info] [ManualAdjust] 结果已保存: ./results/lidar_camera_extrinsic/manual_extrinsic_20260410_144715.yaml
[14:47:15.672] [info] [ManualCalib] 手动微调快照已保存:
[14:47:15.672] [info]   - 投影图: ./results/lidar_camera_extrinsic/manual_projection_20260410_144715.png
[14:47:15.672] [info]   - 点云:   ./results/lidar_camera_extrinsic/manual_cloud_20260410_144715.pcd
[14:47:15.672] [info]   - 外参:   ./results/lidar_camera_extrinsic/manual_extrinsic_20260410_144715.yaml
[14:47:15.870] [debug] [ManualAdjust] 旋转增量 RPY=(0.000, -0.100, 0.000)deg
[14:47:15.870] [info] [ManualAdjust] 当前外参 [lidar_front→cam_left]:
[14:47:15.870] [info]   旋转 RPY: (-61.9945, -88.2305, -28.8813) deg
[14:47:15.870] [info]   平移 XYZ: (0.2630, 0.0999, 0.0273) m
[14:47:15.882] [info] [ManualAdjust] 结果已保存: ./results/lidar_camera_extrinsic/manual_extrinsic_20260410_144715.yaml
[14:47:15.882] [info] [ManualCalib] 手动微调快照已保存:
[14:47:15.882] [info]   - 投影图: ./results/lidar_camera_extrinsic/manual_projection_20260410_144715.png
[14:47:15.882] [info]   - 点云:   ./results/lidar_camera_extrinsic/manual_cloud_20260410_144715.pcd
[14:47:15.882] [info]   - 外参:   ./results/lidar_camera_extrinsic/manual_extrinsic_20260410_144715.yaml
[14:47:16.059] [debug] [ManualAdjust] 旋转增量 RPY=(0.000, -0.100, 0.000)deg
[14:47:16.059] [info] [ManualAdjust] 当前外参 [lidar_front→cam_left]:
[14:47:16.059] [info]   旋转 RPY: (-64.9278, -88.2752, -25.9466) deg
[14:47:16.059] [info]   平移 XYZ: (0.2630, 0.0999, 0.0273) m
[14:47:16.094] [info] [ManualAdjust] 结果已保存: ./results/lidar_camera_extrinsic/manual_extrinsic_20260410_144716.yaml
[14:47:16.094] [info] [ManualCalib] 手动微调快照已保存:
[14:47:16.094] [info]   - 投影图: ./results/lidar_camera_extrinsic/manual_projection_20260410_144716.png
[14:47:16.094] [info]   - 点云:   ./results/lidar_camera_extrinsic/manual_cloud_20260410_144716.pcd
[14:47:16.094] [info]   - 外参:   ./results/lidar_camera_extrinsic/manual_extrinsic_20260410_144716.yaml
[14:47:16.359] [debug] [ManualAdjust] 旋转增量 RPY=(0.000, -0.100, 0.000)deg
[14:47:16.359] [info] [ManualAdjust] 当前外参 [lidar_front→cam_left]:
[14:47:16.359] [info]   旋转 RPY: (-68.0086, -88.3151, -22.8645) deg
[14:47:16.359] [info]   平移 XYZ: (0.2630, 0.0999, 0.0273) m
[14:47:16.387] [info] [ManualAdjust] 结果已保存: ./results/lidar_camera_extrinsic/manual_extrinsic_20260410_144716.yaml
[14:47:16.387] [info] [ManualCalib] 手动微调快照已保存:
[14:47:16.387] [info]   - 投影图: ./results/lidar_camera_extrinsic/manual_projection_20260410_144716.png
[14:47:16.387] [info]   - 点云:   ./results/lidar_camera_extrinsic/manual_cloud_20260410_144716.pcd
[14:47:16.387] [info]   - 外参:   ./results/lidar_camera_extrinsic/manual_extrinsic_20260410_144716.yaml
[14:47:16.765] [debug] [ManualAdjust] 旋转增量 RPY=(0.000, -0.100, 0.000)deg
[14:47:16.765] [info] [ManualAdjust] 当前外参 [lidar_front→cam_left]:
[14:47:16.765] [info]   旋转 RPY: (-71.2291, -88.3500, -19.6426) deg
[14:47:16.765] [info]   平移 XYZ: (0.2630, 0.0999, 0.0273) m
[14:47:16.804] [info] [ManualAdjust] 结果已保存: ./results/lidar_camera_extrinsic/manual_extrinsic_20260410_144716.yaml
[14:47:16.824] [info] [ManualCalib] 手动微调快照已保存:
[14:47:16.824] [info]   - 投影图: ./results/lidar_camera_extrinsic/manual_projection_20260410_144716.png
[14:47:16.824] [info]   - 点云:   ./results/lidar_camera_extrinsic/manual_cloud_20260410_144716.pcd
[14:47:16.824] [info]   - 外参:   ./results/lidar_camera_extrinsic/manual_extrinsic_20260410_144716.yaml
[14:47:17.270] [debug] [ManualAdjust] 旋转增量 RPY=(0.000, 0.100, 0.000)deg
[14:47:17.270] [info] [ManualAdjust] 当前外参 [lidar_front→cam_left]:
[14:47:17.270] [info]   旋转 RPY: (-68.0086, -88.3151, -22.8645) deg
[14:47:17.270] [info]   平移 XYZ: (0.2630, 0.0999, 0.0273) m
[14:47:17.448] [debug] [ManualAdjust] 旋转增量 RPY=(0.000, 0.100, 0.000)deg
[14:47:17.448] [info] [ManualAdjust] 当前外参 [lidar_front→cam_left]:
[14:47:17.448] [info]   旋转 RPY: (-64.9278, -88.2752, -25.9466) deg
[14:47:17.448] [info]   平移 XYZ: (0.2630, 0.0999, 0.0273) m
[14:47:23.157] [info] [ManualAdjust] 结果已保存: ./results/lidar_camera_extrinsic/manual_extrinsic_20260410_144723_final.yaml
[14:47:23.157] [info] [ManualCalib] 最终微调结果已自动保存:
[14:47:23.157] [info]   - 投影图: ./results/lidar_camera_extrinsic/manual_projection_20260410_144723_final.png
[14:47:23.157] [info]   - 点云:   ./results/lidar_camera_extrinsic/manual_cloud_20260410_144723_final.pcd
[14:47:23.157] [info]   - 外参:   ./results/lidar_camera_extrinsic/manual_extrinsic_20260410_144723_final.yaml
[14:47:23.157] [info] [ManualSession] 用户接受手动调整结果
[14:47:23.157] [info] [ManualSession] Cam-Cam 最终采用外参 RMS=0.000000 (manual if available, else auto=0.000000)
[14:47:23.157] [debug] [ManualSession] 事件: lidar_cam_end | final_rms=0.000000
[14:47:23.157] [info] [ManualSession] 会话已保存: ./results/manual_sessions/session_2026-04-10_14-46-02.yaml
[14:47:23.157] [info] ━━━━━━━━━━━━━━━━━━━━━━━━━━━━━━━━━━━━━━━━━
[14:47:23.157] [info] ■ 结束阶段: [Manual-Refine] 任务: [lidar_cam_extrin]
[14:47:23.157] [info]   结果: ✓ 成功 | 残差RMS: 0.0000 | 耗时: 81103 ms
[14:47:23.157] [info]   消息: LiDAR-Camera 手动调整完成
[14:47:23.157] [info] [CALC] 阶段结束 stage=Manual-Refine task=lidar_cam_extrin success=true residual_rms=0.000000 elapsed_ms=81103.2 threshold=-1.0000
[14:47:23.157] [info] ━━━━━━━━━━━━━━━━━━━━━━━━━━━━━━━━━━━━━━━━━
[14:47:23.157] [info] ====== Pipeline Report: pipeline_20260410_144454 ======
[14:47:23.157] [info]   Total time: 148029.6 ms
[14:47:23.157] [info]   All stages succeeded: YES
[14:47:23.157] [info]   标定质量: 各阶段 RMS 均在阈值内
[14:47:23.157] [info]   [Coarse-AI-lidar_cam_extrin] success=true rms=0.0000 time=0.0ms: 使用配置 initial_extrinsic 作为粗标定结果，精标定将以此起步
[14:47:23.157] [info]   [Fine-Auto-lidar_cam_extrin] success=true rms=0.0000 time=66926.4ms: LiDAR-Camera 精标定完成: 1 个相机, 最大 RMS=0.000000 px
[14:47:23.157] [info]   [Manual-Refine-lidar_cam_extrin] success=true rms=0.0000 time=81103.2ms: LiDAR-Camera 手动调整完成

╔══════════════════════════════════════════════════════╗
║              标定参数汇总                            ║
╠══════════════════════════════════════════════════════╣
║ 外参:
║   lidar_front->cam_left:
║     R(RPY°): [-64.93, -88.28, -25.95]
║     T(m):    [0.26, 0.10, 0.03]
║     时偏(s): 0.00
║     RMS:     0.00 ✗
╚══════════════════════════════════════════════════════╝

[14:47:23.157] [info] ================================
[14:47:23.158] [info] Pipeline report saved: ./results/pipeline_report_20260410_144454.yaml
[14:47:23.158] [info] ====== Pipeline Report: pipeline_20260410_144454 ======
[14:47:23.158] [info]   Total time: 148029.6 ms
[14:47:23.158] [info]   All stages succeeded: YES
[14:47:23.158] [info]   标定质量: 各阶段 RMS 均在阈值内
[14:47:23.158] [info]   [Coarse-AI-lidar_cam_extrin] success=true rms=0.0000 time=0.0ms: 使用配置 initial_extrinsic 作为粗标定结果，精标定将以此起步
[14:47:23.158] [info]   [Fine-Auto-lidar_cam_extrin] success=true rms=0.0000 time=66926.4ms: LiDAR-Camera 精标定完成: 1 个相机, 最大 RMS=0.000000 px
[14:47:23.158] [info]   [Manual-Refine-lidar_cam_extrin] success=true rms=0.0000 time=81103.2ms: LiDAR-Camera 手动调整完成

╔══════════════════════════════════════════════════════╗
║              标定参数汇总                            ║
╠══════════════════════════════════════════════════════╣
║ 外参:
║   lidar_front->cam_left:
║     R(RPY°): [-64.93, -88.28, -25.95]
║     T(m):    [0.26, 0.10, 0.03]
║     时偏(s): 0.00
║     RMS:     0.00 ✗
╚══════════════════════════════════════════════════════╝

[14:47:23.158] [info] ================================
[14:47:23.158] [info] ━━━━━━━━━━━━━━━━━━━━━━━━━━━━━━━━━━━━
[14:47:23.158] [info] LiDAR-Camera 标定流程完成
[14:47:23.158] [info] 结果目录: ./results
[14:47:23.158] [info] 标定流程正常退出 exit_code=0
[14:47:23.158] [info] ━━━━━━━━━━━━━━━━━━━━━━━━━━━━━━━━━━━━
