
 ╔═══════════════════════════════════════════════════════╗
 ║   UniCalib — LiDAR-Camera 外参标定                    ║
 ║   两阶段: AI粗标定(MIAS-LCEC) → 无目标边缘精标定      ║
 ║   手动校准: --manual 触发 6-DOF 交互式调整             ║
 ╚═══════════════════════════════════════════════════════╝

[2026-04-08 11:46:56.313] [info] [LiDAR-Camera] [:] ━━━━━━━━━━━━━━━━━━━━━━━━━━━━━━━━━━━━
[2026-04-08 11:46:56.313] [info] [LiDAR-Camera] [:] 配置文件: /root/calib_ws/calib_unified/config/unicalib_example.yaml
[2026-04-08 11:46:56.313] [info] [LiDAR-Camera] [:] 输出目录: /root/calib_ws/results
[2026-04-08 11:46:56.313] [info] [LiDAR-Camera] [:] 数据根目录: /root/calib_ws/data (--data-dir 或 CALIB_DATA_DIR)
[2026-04-08 11:46:56.313] [info] [LiDAR-Camera] [:] 精标定方法: edge (无目标优先=true)
[2026-04-08 11:46:56.313] [info] [LiDAR-Camera] [:] AI粗标定: true | 手动校准: false
[2026-04-08 11:46:56.313] [info] [LiDAR-Camera] [:] ━━━━━━━━━━━━━━━━━━━━━━━━━━━━━━━━━━━━
[2026-04-08 11:46:56.314] [info] [LiDAR-Camera] [:] 读取系统配置: /root/calib_ws/calib_unified/config/unicalib_example.yaml
[2026-04-08 11:46:56.315] [info] [LiDAR-Camera] [:]   IMU: 1, LiDAR: 1, Camera: 2
[2026-04-08 11:46:56.315] [info] [LiDAR-Camera] [:] ━━━━━━━━━━━━━━━━━━━━━━━━━━━━━━━━━━━━ [数据路径] ━━━━━━━━━━━━━━━━━━━━━━━━━━━━━
[2026-04-08 11:46:56.315] [info] [LiDAR-Camera] [:]   数据路径来源: 统一格式 (data.lidar.<id> / data.camera.<id>.images_dir)
[2026-04-08 11:46:56.315] [info] [LiDAR-Camera] [:]   配置原始值 — lidar:  kitti_drive_0084/velodyne_points_pcd
[2026-04-08 11:46:56.315] [info] [LiDAR-Camera] [:]   配置原始值 — camera: /root/calib_ws/data/kitti_drive_0084/image_00_real
[2026-04-08 11:46:56.315] [info] [LiDAR-Camera] [:]   base_data_dir:  /root/calib_ws/data
[2026-04-08 11:46:56.315] [info] [LiDAR-Camera] [:]   base 来源: 命令行 --data-dir
[2026-04-08 11:46:56.315] [info] [LiDAR-Camera] [:]   lidar_dir:      /root/calib_ws/data/kitti_drive_0084/velodyne_points_pcd
[2026-04-08 11:46:56.315] [info] [LiDAR-Camera] [:]     → 相对路径，已与 base 拼接
[2026-04-08 11:46:56.315] [info] [LiDAR-Camera] [:]     → 存在: 是
[2026-04-08 11:46:56.315] [info] [LiDAR-Camera] [:]   camera_dir:     /root/calib_ws/data/kitti_drive_0084/image_00_real
[2026-04-08 11:46:56.315] [info] [LiDAR-Camera] [:]     → 配置为绝对路径，未与 base 拼接（若为 /path/to/... 占位符则不会指向实际数据）
[2026-04-08 11:46:56.315] [info] [LiDAR-Camera] [:]     → 存在: 是
[2026-04-08 11:46:56.315] [info] [LiDAR-Camera] [:]   【数据就绪】是 — 点云与图像目录均存在，将执行精标定
[2026-04-08 11:46:56.315] [info] [LiDAR-Camera] [:]   说明: 使用 --dataset 时请将 data.lidar/data.camera 设为相对 base 的路径（如 pcd、images），不要使用 /path/to/... 占位符
[2026-04-08 11:46:56.315] [info] [LiDAR-Camera] [:] ━━━━━━━━━━━━━━━━━━━━━━━━━━━━━━━━━━━━━━━━━━━━━━━━━━━━━━━━━━━━━━━━━━━━━━━━━━━━
[2026-04-08 11:46:56.315] [info] [LiDAR-Camera] [:] [LiDAR-Cam] use_config_extrinsic_only=true：跳过 AI 粗标定，将使用配置 initial_extrinsic 直接进入精标定/手动微调
[2026-04-08 11:46:56.315] [info] [LiDAR-Camera] [:] 读取系统配置: /root/calib_ws/calib_unified/config/unicalib_example.yaml
[2026-04-08 11:46:56.316] [info] [LiDAR-Camera] [:]   IMU: 1, LiDAR: 1, Camera: 2
[2026-04-08 11:46:56.316] [info] [LiDAR-Camera] [:] 读取系统配置: /root/calib_ws/calib_unified/config/unicalib_example.yaml
[2026-04-08 11:46:56.317] [info] [LiDAR-Camera] [:]   IMU: 1, LiDAR: 1, Camera: 2
[2026-04-08 11:46:56.317] [info] [LiDAR-Camera] [:] [数据源] 类型=FILES  lidar_dir=/root/calib_ws/data/kitti_drive_0084/velodyne_points_pcd  camera_dir=/root/calib_ws/data/kitti_drive_0084/image_00_real
[2026-04-08 11:46:56.317] [info] [LiDAR-Camera] [:]   内参将从相机标定结果读取: ./results/camera_intrinsic/camera_intrinsic_cam_left.yaml (camera_id=cam_left)
[2026-04-08 11:46:56.317] [info] [LiDAR-Camera] [:]   内参将从相机标定结果读取: ./results/camera_intrinsic/camera_intrinsic_cam_right.yaml (camera_id=cam_right)
[2026-04-08 11:46:56.317] [info] [LiDAR-Camera] [:] [CalibPipeline] 初始化 ID=pipeline_20260408_114656
[2026-04-08 11:46:56.317] [info] [LiDAR-Camera] [:] [CalibPipeline] 输出目录: ./results
[2026-04-08 11:46:56.317] [info] [LiDAR-Camera] [:] [CalibPipeline] 无目标优先: true
[2026-04-08 11:46:56.317] [info] [LiDAR-Camera] [:] [CalibPipeline] 任务掩码: 0x10
[2026-04-08 11:46:56.317] [info] [LiDAR-Camera] [:] ▶ Stage 2: 精标定 (方法=edge)
[2026-04-08 11:46:56.317] [info] [LiDAR-Camera] [:] 
[2026-04-08 11:46:56.317] [info] [LiDAR-Camera] [:] ╔═══════════════════════════════════════════════╗
[2026-04-08 11:46:56.317] [info] [LiDAR-Camera] [:] ║   UniCalib 两阶段标定流水线 — 开始            ║
[2026-04-08 11:46:56.317] [info] [LiDAR-Camera] [:] ║   Pipeline ID: pipeline_20260408_114656       ║
[2026-04-08 11:46:56.317] [info] [LiDAR-Camera] [:] ╚═══════════════════════════════════════════════╝
[2026-04-08 11:46:56.317] [info] [LiDAR-Camera] [:] [Coarse-AI/LiDAR-Cam] enable_coarse_lidar_cam=true → do_coarse=true
[11:46:56.317] [info] 
[11:46:56.317] [info] ━━━━━━━━━━━━━━━━━━━━━━━━━━━━━━━━━━━━━━━━━
[11:46:56.317] [info] ▶ 开始阶段: [Coarse-AI] 任务: [lidar_cam_extrin]
[11:46:56.317] [info]   描述: AI模型提供初始估计值
[11:46:56.317] [info] ━━━━━━━━━━━━━━━━━━━━━━━━━━━━━━━━━━━━━━━━━
[11:46:56.317] [info] [CALC] 粗标定阶段开始 task=lidar_cam_extrin
[11:46:56.317] [info] [Coarse-AI/LiDAR-Cam] 使用配置粗标定初值作为粗标定结果 t=[-0.004,-0.076,-0.272]m，精标定将以此起步
[11:46:56.317] [info] ━━━━━━━━━━━━━━━━━━━━━━━━━━━━━━━━━━━━━━━━━
[11:46:56.317] [info] ■ 结束阶段: [Coarse-AI] 任务: [lidar_cam_extrin]
[11:46:56.317] [info]   结果: ✓ 成功 | 残差RMS: 0.0000 | 耗时: 0 ms
[11:46:56.317] [info]   消息: 使用配置 initial_extrinsic 作为粗标定结果，精标定将以此起步
[11:46:56.317] [info] [CALC] 阶段结束 stage=Coarse-AI task=lidar_cam_extrin success=true residual_rms=0.000000 elapsed_ms=0.0 threshold=-1.0000
[11:46:56.317] [info] ━━━━━━━━━━━━━━━━━━━━━━━━━━━━━━━━━━━━━━━━━
[11:46:56.317] [info] 
[11:46:56.317] [info] ━━━━━━━━━━━━━━━━━━━━━━━━━━━━━━━━━━━━━━━━━
[11:46:56.317] [info] ▶ 开始阶段: [Fine-Auto] 任务: [lidar_cam_extrin]
[11:46:56.317] [info]   描述: 无目标优化
[11:46:56.317] [info] ━━━━━━━━━━━━━━━━━━━━━━━━━━━━━━━━━━━━━━━━━
[11:46:56.317] [info] [CALC] 精标定阶段开始 task=lidar_cam_extrin
[11:46:56.317] [info] [Fine-Auto] 任务: lidar_cam_extrin | 无目标优先: true
[11:46:56.317] [info] [Fine-Auto] 方法: 边缘对齐互信息 (EDGE_ALIGNMENT, 无目标)
[11:46:56.317] [info] [STAGE=lidar_cam_fine_auto] LiDAR-Camera 精标定 开始
[11:46:56.317] [info] [Fine-Auto/LiDAR-Cam] 开始执行精标定...
[11:46:56.317] [info]   [精标定数据源] 类型=FILES  lidar_id=lidar_0
[11:46:56.317] [info]   文件目录: lidar=/root/calib_ws/data/kitti_drive_0084/velodyne_points_pcd  camera=/root/calib_ws/data/kitti_drive_0084/image_00_real
[11:46:56.317] [info] [Fine-Auto/LiDAR-Cam] 步骤: 从文件加载点云
Failed to find match for field 'intensity'.
Failed to find match for field 'intensity'.
Failed to find match for field 'intensity'.
Failed to find match for field 'intensity'.
Failed to find match for field 'intensity'.
Failed to find match for field 'intensity'.
Failed to find match for field 'intensity'.
Failed to find match for field 'intensity'.
Failed to find match for field 'intensity'.
Failed to find match for field 'intensity'.
Failed to find match for field 'intensity'.
Failed to find match for field 'intensity'.
Failed to find match for field 'intensity'.
Failed to find match for field 'intensity'.
Failed to find match for field 'intensity'.
Failed to find match for field 'intensity'.
Failed to find match for field 'intensity'.
Failed to find match for field 'intensity'.
Failed to find match for field 'intensity'.
Failed to find match for field 'intensity'.
Failed to find match for field 'intensity'.
Failed to find match for field 'intensity'.
Failed to find match for field 'intensity'.
Failed to find match for field 'intensity'.
Failed to find match for field 'intensity'.
Failed to find match for field 'intensity'.
Failed to find match for field 'intensity'.
Failed to find match for field 'intensity'.
Failed to find match for field 'intensity'.
Failed to find match for field 'intensity'.
Failed to find match for field 'intensity'.
Failed to find match for field 'intensity'.
Failed to find match for field 'intensity'.
Failed to find match for field 'intensity'.
Failed to find match for field 'intensity'.
Failed to find match for field 'intensity'.
Failed to find match for field 'intensity'.
Failed to find match for field 'intensity'.
Failed to find match for field 'intensity'.
Failed to find match for field 'intensity'.
Failed to find match for field 'intensity'.
Failed to find match for field 'intensity'.
Failed to find match for field 'intensity'.
Failed to find match for field 'intensity'.
Failed to find match for field 'intensity'.
Failed to find match for field 'intensity'.
Failed to find match for field 'intensity'.
Failed to find match for field 'intensity'.
Failed to find match for field 'intensity'.
Failed to find match for field 'intensity'.
Failed to find match for field 'intensity'.
Failed to find match for field 'intensity'.
Failed to find match for field 'intensity'.
Failed to find match for field 'intensity'.
Failed to find match for field 'intensity'.
Failed to find match for field 'intensity'.
Failed to find match for field 'intensity'.
Failed to find match for field 'intensity'.
Failed to find match for field 'intensity'.
Failed to find match for field 'intensity'.
Failed to find match for field 'intensity'.
Failed to find match for field 'intensity'.
Failed to find match for field 'intensity'.
Failed to find match for field 'intensity'.
Failed to find match for field 'intensity'.
Failed to find match for field 'intensity'.
Failed to find match for field 'intensity'.
Failed to find match for field 'intensity'.
Failed to find match for field 'intensity'.
Failed to find match for field 'intensity'.
Failed to find match for field 'intensity'.
Failed to find match for field 'intensity'.
Failed to find match for field 'intensity'.
Failed to find match for field 'intensity'.
Failed to find match for field 'intensity'.
Failed to find match for field 'intensity'.
Failed to find match for field 'intensity'.
Failed to find match for field 'intensity'.
Failed to find match for field 'intensity'.
Failed to find match for field 'intensity'.
Failed to find match for field 'intensity'.
Failed to find match for field 'intensity'.
Failed to find match for field 'intensity'.
Failed to find match for field 'intensity'.
Failed to find match for field 'intensity'.
Failed to find match for field 'intensity'.
Failed to find match for field 'intensity'.
Failed to find match for field 'intensity'.
Failed to find match for field 'intensity'.
Failed to find match for field 'intensity'.
Failed to find match for field 'intensity'.
Failed to find match for field 'intensity'.
Failed to find match for field 'intensity'.
Failed to find match for field 'intensity'.
Failed to find match for field 'intensity'.
Failed to find match for field 'intensity'.
Failed to find match for field 'intensity'.
Failed to find match for field 'intensity'.
Failed to find match for field 'intensity'.
Failed to find match for field 'intensity'.
[11:47:05.272] [info] [Fine-Auto/LiDAR-Cam] 点云加载完成 — 100 帧
[11:47:05.273] [warning] [Fine-Auto/LiDAR-Cam] 相机 cam_left 无图像: /root/calib_ws/data/kitti_drive_0084/image_00_real
[11:47:06.132] [info] 读取相机内参: ./results/camera_intrinsic/camera_intrinsic_cam_right.yaml
[11:47:06.132] [info]   fx=384.00 fy=384.00 cx=376.00 cy=240.00 dist=4
[11:47:06.132] [info] [Fine-Auto/LiDAR-Cam] 步骤: LiDAR-Camera 标定 相机=cam_right (方法: 边缘对齐)
[11:47:06.133] [info] [CalibVisualizer] 初始化完成
[11:47:06.133] [info] [Fine-Auto/LiDAR-Cam] 可视化已启用：仅标定结束后显示一帧「图像+点云投影」叠加，不创建 3D 窗口、不泵送其他帧
[11:47:06.133] [info] [Fine-Auto/LiDAR-Cam] 使用粗标定初值 t=[-0.004,-0.076,-0.272]m
[11:47:06.134] [info] [Fine-Auto] 结果已保存: ./results/lidar_camera_extrinsic/lidar_cam_cam_right_extrinsic.yaml
[11:47:06.134] [info] [Viz] 即将生成投影图并保存到 ./results/lidar_camera_extrinsic/lidar_cam_cam_right_projection.png
[11:47:06.153] [info] 投影可视化保存: ./results/lidar_camera_extrinsic/lidar_cam_cam_right_projection.png
[11:47:06.153] [info] [Viz] 投影图已保存（仅使用配置初值，未做精标定）
[11:47:06.153] [info] [Fine-Auto/LiDAR-Cam] 相机 cam_right 已使用配置初值跳过精标定，直接供手动微调
[11:47:06.153] [info] [Viz/Display] 即将关闭可视化窗口 原因=用户关闭或流程结束 pangolin_running=false
[11:47:06.153] [info] [Fine-Auto/LiDAR-Cam] 精标定完成: 1 个相机  最大 RMS=0.0000 px
[11:47:06.153] [info] [STAGE=lidar_cam_fine_auto] LiDAR-Camera 精标定 完成
[11:47:06.153] [info] [Fine-Auto/LiDAR-Cam] RMS 阈值=2.00 px  最大 RMS=0.0000 px  在阈值内
[11:47:06.167] [info] ━━━━━━━━━━━━━━━━━━━━━━━━━━━━━━━━━━━━━━━━━
[11:47:06.168] [info] ■ 结束阶段: [Fine-Auto] 任务: [lidar_cam_extrin]
[11:47:06.168] [info]   结果: ✓ 成功 | 残差RMS: 0.0000 | 耗时: 9850 ms
[11:47:06.168] [info]   消息: LiDAR-Camera 精标定完成: 1 个相机, 最大 RMS=0.000000 px
[11:47:06.168] [info] [CALC] 阶段结束 stage=Fine-Auto task=lidar_cam_extrin success=true residual_rms=0.000000 elapsed_ms=9835.9 threshold=2.0000
[11:47:06.168] [info] ━━━━━━━━━━━━━━━━━━━━━━━━━━━━━━━━━━━━━━━━━
[11:47:06.168] [info] ====== Pipeline Report: pipeline_20260408_114656 ======
[11:47:06.168] [info]   Total time: 9835.9 ms
[11:47:06.168] [info]   All stages succeeded: YES
[11:47:06.168] [info]   标定质量: 各阶段 RMS 均在阈值内
[11:47:06.168] [info]   [Coarse-AI-lidar_cam_extrin] success=true rms=0.0000 time=0.0ms: 使用配置 initial_extrinsic 作为粗标定结果，精标定将以此起步
[11:47:06.168] [info]   [Fine-Auto-lidar_cam_extrin] success=true rms=0.0000 time=9835.9ms: LiDAR-Camera 精标定完成: 1 个相机, 最大 RMS=0.000000 px

╔══════════════════════════════════════════════════════╗
║              标定参数汇总                            ║
╠══════════════════════════════════════════════════════╣
║ 外参:
║   lidar_0->cam_right:
║     R(RPY°): [26.94, -89.05, 63.02]
║     T(m):    [-0.00, -0.08, -0.27]
║     时偏(s): 0.00
║     RMS:     0.00 ✗
╚══════════════════════════════════════════════════════╝

[11:47:06.168] [info] ================================
[11:47:06.168] [info] Pipeline report saved: ./results/pipeline_report_20260408_114656.yaml
[11:47:06.168] [info] ====== Pipeline Report: pipeline_20260408_114656 ======
[11:47:06.168] [info]   Total time: 9835.9 ms
[11:47:06.168] [info]   All stages succeeded: YES
[11:47:06.168] [info]   标定质量: 各阶段 RMS 均在阈值内
[11:47:06.168] [info]   [Coarse-AI-lidar_cam_extrin] success=true rms=0.0000 time=0.0ms: 使用配置 initial_extrinsic 作为粗标定结果，精标定将以此起步
[11:47:06.168] [info]   [Fine-Auto-lidar_cam_extrin] success=true rms=0.0000 time=9835.9ms: LiDAR-Camera 精标定完成: 1 个相机, 最大 RMS=0.000000 px

╔══════════════════════════════════════════════════════╗
║              标定参数汇总                            ║
╠══════════════════════════════════════════════════════╣
║ 外参:
║   lidar_0->cam_right:
║     R(RPY°): [26.94, -89.05, 63.02]
║     T(m):    [-0.00, -0.08, -0.27]
║     时偏(s): 0.00
║     RMS:     0.00 ✗
╚══════════════════════════════════════════════════════╝

[11:47:06.168] [info] ================================
[11:47:06.168] [info] ━━━━━━━━━━━━━━━━━━━━━━━━━━━━━━━━━━━━
[11:47:06.168] [info] LiDAR-Camera 标定流程完成
[11:47:06.168] [info] 结果目录: ./results
[11:47:06.168] [info] 标定流程正常退出 exit_code=0
[11:47:06.168] [info] ━━━━━━━━━━━━━━━━━━━━━━━━━━━━━━━━━━━━
