
 ╔═══════════════════════════════════════════════════════╗
 ║   UniCalib — LiDAR-Camera 外参标定                    ║
 ║   两阶段: AI粗标定(MIAS-LCEC) → 无目标边缘精标定      ║
 ║   手动校准: --manual 触发 6-DOF 交互式调整             ║
 ╚═══════════════════════════════════════════════════════╝

[2026-04-10 13:51:59.712] [info] [LiDAR-Camera] [:] ━━━━━━━━━━━━━━━━━━━━━━━━━━━━━━━━━━━━
[2026-04-10 13:51:59.712] [info] [LiDAR-Camera] [:] 配置文件: /root/calib_ws/calib_unified/config/unicalib_example.yaml
[2026-04-10 13:51:59.712] [info] [LiDAR-Camera] [:] 输出目录: /root/calib_ws/results
[2026-04-10 13:51:59.712] [info] [LiDAR-Camera] [:] 数据根目录: /root/calib_ws/data (--data-dir 或 CALIB_DATA_DIR)
[2026-04-10 13:51:59.712] [info] [LiDAR-Camera] [:] 精标定方法: edge (无目标优先=true)
[2026-04-10 13:51:59.712] [info] [LiDAR-Camera] [:] AI粗标定: true | 手动校准: true
[2026-04-10 13:51:59.712] [info] [LiDAR-Camera] [:] ━━━━━━━━━━━━━━━━━━━━━━━━━━━━━━━━━━━━
[2026-04-10 13:51:59.713] [info] [LiDAR-Camera] [:] 读取系统配置: /root/calib_ws/calib_unified/config/unicalib_example.yaml
[2026-04-10 13:51:59.715] [info] [LiDAR-Camera] [:]   IMU: 0, LiDAR: 2, Camera: 1
[2026-04-10 13:51:59.715] [info] [LiDAR-Camera] [:] ━━━━━━━━━━━━━━━━━━━━━━━━━━━━━━━━━━━━ [数据路径] ━━━━━━━━━━━━━━━━━━━━━━━━━━━━━
[2026-04-10 13:51:59.715] [info] [LiDAR-Camera] [:]   数据路径来源: 统一格式 (data.lidar.<id> / data.camera.<id>.images_dir)
[2026-04-10 13:51:59.715] [info] [LiDAR-Camera] [:]   配置原始值 — lidar:  drive_dusk/lidar
[2026-04-10 13:51:59.715] [info] [LiDAR-Camera] [:]   配置原始值 — camera: drive_dusk/front
[2026-04-10 13:51:59.715] [info] [LiDAR-Camera] [:]   base_data_dir:  /root/calib_ws/data
[2026-04-10 13:51:59.715] [info] [LiDAR-Camera] [:]   base 来源: 命令行 --data-dir
[2026-04-10 13:51:59.715] [info] [LiDAR-Camera] [:]   lidar_dir:      /root/calib_ws/data/drive_dusk/lidar
[2026-04-10 13:51:59.715] [info] [LiDAR-Camera] [:]     → 相对路径，已与 base 拼接
[2026-04-10 13:51:59.715] [info] [LiDAR-Camera] [:]     → 存在: 是
[2026-04-10 13:51:59.715] [info] [LiDAR-Camera] [:]   camera_dir:     /root/calib_ws/data/drive_dusk/front
[2026-04-10 13:51:59.715] [info] [LiDAR-Camera] [:]     → 相对路径，已与 base 拼接
[2026-04-10 13:51:59.715] [info] [LiDAR-Camera] [:]     → 存在: 是
[2026-04-10 13:51:59.715] [info] [LiDAR-Camera] [:]   【数据就绪】是 — 点云与图像目录均存在，将执行精标定
[2026-04-10 13:51:59.715] [info] [LiDAR-Camera] [:]   说明: 使用 --dataset 时请将 data.lidar/data.camera 设为相对 base 的路径（如 pcd、images），不要使用 /path/to/... 占位符
[2026-04-10 13:51:59.715] [info] [LiDAR-Camera] [:] ━━━━━━━━━━━━━━━━━━━━━━━━━━━━━━━━━━━━━━━━━━━━━━━━━━━━━━━━━━━━━━━━━━━━━━━━━━━━
[2026-04-10 13:51:59.715] [info] [LiDAR-Camera] [:] [LiDAR-Cam] use_config_extrinsic_only=true：跳过 AI 粗标定，将使用配置 initial_extrinsic 直接进入精标定/手动微调
[2026-04-10 13:51:59.715] [info] [LiDAR-Camera] [:] 读取系统配置: /root/calib_ws/calib_unified/config/unicalib_example.yaml
[2026-04-10 13:51:59.717] [info] [LiDAR-Camera] [:]   IMU: 0, LiDAR: 2, Camera: 1
[2026-04-10 13:51:59.717] [info] [LiDAR-Camera] [:] 读取系统配置: /root/calib_ws/calib_unified/config/unicalib_example.yaml
[2026-04-10 13:51:59.719] [info] [LiDAR-Camera] [:]   IMU: 0, LiDAR: 2, Camera: 1
[2026-04-10 13:51:59.719] [info] [LiDAR-Camera] [:] 配置: 使用 ROS2 bag 模式（离线标定）
[2026-04-10 13:51:59.719] [info] [LiDAR-Camera] [:]   Bag 路径: /root/calib_ws/data/my_dataset
[2026-04-10 13:51:59.719] [info] [LiDAR-Camera] [:]   LiDAR 话题: /os1_cloud_node1/points
[2026-04-10 13:51:59.719] [info] [LiDAR-Camera] [:]   相机话题: /left/image_raw
[2026-04-10 13:51:59.719] [info] [LiDAR-Camera] [:]   IMU 话题: (未设置)
[2026-04-10 13:51:59.719] [info] [LiDAR-Camera] [:] [数据源] 类型=ROS2_BAG  path=/root/calib_ws/data/my_dataset  lidar_topic=/os1_cloud_node1/points  camera_topic=/left/image_raw
[2026-04-10 13:51:59.719] [info] [LiDAR-Camera] [:]   内参将从相机标定结果读取: ./results/camera_intrinsic/camera_intrinsic_cam_left.yaml (camera_id=cam_left)
[2026-04-10 13:51:59.719] [info] [LiDAR-Camera] [:]   内参将从相机标定结果读取: ./results/camera_intrinsic/camera_intrinsic_cam_right.yaml (camera_id=cam_right)
[2026-04-10 13:51:59.719] [info] [LiDAR-Camera] [:] [CalibPipeline] 初始化 ID=pipeline_20260410_135159
[2026-04-10 13:51:59.719] [info] [LiDAR-Camera] [:] [CalibPipeline] 输出目录: ./results
[2026-04-10 13:51:59.719] [info] [LiDAR-Camera] [:] [CalibPipeline] 无目标优先: true
[2026-04-10 13:51:59.719] [info] [LiDAR-Camera] [:] [CalibPipeline] 任务掩码: 0x10
[2026-04-10 13:51:59.719] [info] [LiDAR-Camera] [:] ▶ Stage 2: 精标定 (方法=edge)
[2026-04-10 13:51:59.719] [info] [LiDAR-Camera] [:] ▶ Stage 3: 手动校准 (manual_threshold=2.00px)
[2026-04-10 13:51:59.719] [info] [LiDAR-Camera] [:]   使用 ManualCalibSession 进行 6-DOF 交互式调整
[2026-04-10 13:51:59.719] [info] [LiDAR-Camera] [:]   调用示例:
[2026-04-10 13:51:59.719] [info] [LiDAR-Camera] [:]     ManualCalibSession::SessionConfig sess_cfg;
[2026-04-10 13:51:59.719] [info] [LiDAR-Camera] [:]     sess_cfg.save_dir = "./results/manual_sessions";
[2026-04-10 13:51:59.719] [info] [LiDAR-Camera] [:]     ManualCalibSession session(sess_cfg);
[2026-04-10 13:51:59.719] [info] [LiDAR-Camera] [:]     auto result = session.run_lidar_cam(scan, image, intrin, auto_result, auto_rms);
[2026-04-10 13:51:59.719] [info] [LiDAR-Camera] [:] 
[2026-04-10 13:51:59.719] [info] [LiDAR-Camera] [:] ╔═══════════════════════════════════════════════╗
[2026-04-10 13:51:59.719] [info] [LiDAR-Camera] [:] ║   UniCalib 两阶段标定流水线 — 开始            ║
[2026-04-10 13:51:59.719] [info] [LiDAR-Camera] [:] ║   Pipeline ID: pipeline_20260410_135159       ║
[2026-04-10 13:51:59.719] [info] [LiDAR-Camera] [:] ╚═══════════════════════════════════════════════╝
[2026-04-10 13:51:59.719] [info] [LiDAR-Camera] [:] [Coarse-AI/LiDAR-Cam] enable_coarse_lidar_cam=true → do_coarse=true
[13:51:59.719] [info] 
[13:51:59.719] [info] ━━━━━━━━━━━━━━━━━━━━━━━━━━━━━━━━━━━━━━━━━
[13:51:59.719] [info] ▶ 开始阶段: [Coarse-AI] 任务: [lidar_cam_extrin]
[13:51:59.719] [info]   描述: AI模型提供初始估计值
[13:51:59.719] [info] ━━━━━━━━━━━━━━━━━━━━━━━━━━━━━━━━━━━━━━━━━
[13:51:59.719] [info] [CALC] 粗标定阶段开始 task=lidar_cam_extrin
[13:51:59.719] [info] [Coarse-AI/LiDAR-Cam] 使用配置粗标定初值作为粗标定结果 t=[0.123,0.040,-0.058]m，精标定将以此起步
[13:51:59.719] [info] ━━━━━━━━━━━━━━━━━━━━━━━━━━━━━━━━━━━━━━━━━
[13:51:59.719] [info] ■ 结束阶段: [Coarse-AI] 任务: [lidar_cam_extrin]
[13:51:59.719] [info]   结果: ✓ 成功 | 残差RMS: 0.0000 | 耗时: 0 ms
[13:51:59.719] [info]   消息: 使用配置 initial_extrinsic 作为粗标定结果，精标定将以此起步
[13:51:59.719] [info] [CALC] 阶段结束 stage=Coarse-AI task=lidar_cam_extrin success=true residual_rms=0.000000 elapsed_ms=0.0 threshold=-1.0000
[13:51:59.719] [info] ━━━━━━━━━━━━━━━━━━━━━━━━━━━━━━━━━━━━━━━━━
[13:51:59.720] [info] 
[13:51:59.720] [info] ━━━━━━━━━━━━━━━━━━━━━━━━━━━━━━━━━━━━━━━━━
[13:51:59.720] [info] ▶ 开始阶段: [Fine-Auto] 任务: [lidar_cam_extrin]
[13:51:59.720] [info]   描述: 无目标优化
[13:51:59.720] [info] ━━━━━━━━━━━━━━━━━━━━━━━━━━━━━━━━━━━━━━━━━
[13:51:59.720] [info] [CALC] 精标定阶段开始 task=lidar_cam_extrin
[13:51:59.720] [info] [Fine-Auto] 任务: lidar_cam_extrin | 无目标优先: true
[13:51:59.720] [info] [Fine-Auto] 方法: 边缘对齐互信息 (EDGE_ALIGNMENT, 无目标)
[13:51:59.720] [info] [STAGE=lidar_cam_fine_auto] LiDAR-Camera 精标定 开始
[13:51:59.720] [info] [Fine-Auto/LiDAR-Cam] 开始执行精标定...
[13:51:59.720] [info]   [精标定数据源] 类型=ROS2_BAG  lidar_id=imu_0
[13:51:59.720] [info]   ROS2 Bag: /root/calib_ws/data/my_dataset  LiDAR 话题: /os1_cloud_node1/points  相机话题: /left/image_raw
[13:51:59.720] [info] [Fine-Auto/LiDAR-Cam] 从 ROS2 加载数据...
[13:51:59.720] [info] [UnifiedDataLoader] 从 ROS2 加载数据...
[13:51:59.720] [info]   Bag 文件: /root/calib_ws/data/my_dataset
[13:51:59.720] [info]   实时模式: false
[13:51:59.720] [info] [Ros2BagDataSource] 打开 bag 文件: /root/calib_ws/data/my_dataset
[13:51:59.720] [info] [Ros2BagDataSource] 正在读取 metadata.yaml: /root/calib_ws/data/my_dataset/metadata.yaml
[13:51:59.720] [debug] [Ros2BagDataSource] 找到话题: /DetectionList (类型: ars548_messages/msg/DetectionList, 消息数: 4321)
[13:51:59.721] [debug] [Ros2BagDataSource] 找到话题: /DirectionVelocity (类型: geometry_msgs/msg/PoseArray, 消息数: 4321)
[13:51:59.721] [debug] [Ros2BagDataSource] 找到话题: /ObjectList (类型: ars548_messages/msg/ObjectList, 消息数: 4321)
[13:51:59.721] [debug] [Ros2BagDataSource] 找到话题: /PointCloudDetection (类型: sensor_msgs/msg/PointCloud2, 消息数: 4321)
[13:51:59.721] [debug] [Ros2BagDataSource] 找到话题: /PointCloudObject (类型: sensor_msgs/msg/PointCloud2, 消息数: 4321)
[13:51:59.721] [debug] [Ros2BagDataSource] 找到话题: /Status (类型: ars548_messages/msg/Status, 消息数: 4307)
[13:51:59.721] [debug] [Ros2BagDataSource] 找到话题: /arco/idmind_imu/imu (类型: sensor_msgs/msg/Imu, 消息数: 14721)
[13:51:59.721] [debug] [Ros2BagDataSource] 找到话题: /ouster/imu (类型: sensor_msgs/msg/Imu, 消息数: 21605)
[13:51:59.721] [debug] [Ros2BagDataSource] 找到话题: /ouster/points (类型: sensor_msgs/msg/PointCloud2, 消息数: 2083)
[13:51:59.721] [debug] [Ros2BagDataSource] 找到话题: /tf (类型: tf2_msgs/msg/TFMessage, 消息数: 7229)
[13:51:59.721] [debug] [Ros2BagDataSource] 找到话题: /tf_static (类型: tf2_msgs/msg/TFMessage, 消息数: 6)
[13:51:59.721] [info] [Ros2BagDataSource] 使用配置的 LiDAR 话题: /os1_cloud_node1/points
[13:51:59.721] [info] [Ros2BagDataSource] 使用配置的相机话题: /left/image_raw
[13:51:59.721] [debug] [Ros2BagDataSource] 匹配 IMU 话题: /arco/idmind_imu/imu (关键词: imu)
[13:51:59.721] [info] [Ros2BagDataSource] 自动检测 IMU 话题: /arco/idmind_imu/imu
[ERROR] [1775800319.729585722] [rosbag2_storage]: Could not open '/root/calib_ws/data/my_dataset/my_dataset.db3' with 'sqlite3'. Error: Failed to read from bag: File '/root/calib_ws/data/my_dataset/my_dataset.db3' does not exist!
[ERROR] [1775800319.729676924] [rosbag2_storage]: Could not load/open plugin with storage id 'sqlite3'
[13:51:59.729] [error] [Ros2BagDataSource] 加载失败: No storage could be initialized. Abort
[13:51:59.730] [info] ━━━━━━━━━━━━━━━━━━━━━━━━━━━━━━━━━━━━━━━━━
[13:51:59.730] [info] ■ 结束阶段: [Fine-Auto] 任务: [lidar_cam_extrin]
[13:51:59.730] [info]   结果: ✗ 失败 | 残差RMS: 0.0000 | 耗时: 10 ms
[13:51:59.730] [info]   消息: ROS2 数据加载失败: 加载失败: No storage could be initialized. Abort
[13:51:59.730] [info] [CALC] 阶段结束 stage=Fine-Auto task=lidar_cam_extrin success=false residual_rms=0.000000 elapsed_ms=9.7 threshold=2.0000
[13:51:59.730] [info] ━━━━━━━━━━━━━━━━━━━━━━━━━━━━━━━━━━━━━━━━━
[13:51:59.730] [info] [Pipeline] 用户已启用手动校准 (--manual), 进入 6-DOF 调整
[13:51:59.730] [info] 
[13:51:59.730] [info] ━━━━━━━━━━━━━━━━━━━━━━━━━━━━━━━━━━━━━━━━━
[13:51:59.730] [info] ▶ 开始阶段: [Manual-Refine] 任务: [lidar_cam_extrin]
[13:51:59.730] [info]   描述: 手动校准: 6-DOF 交互式调整
[13:51:59.730] [info] ━━━━━━━━━━━━━━━━━━━━━━━━━━━━━━━━━━━━━━━━━
[13:51:59.730] [info] [Manual-Refine] 任务: lidar_cam_extrin
[13:51:59.730] [info] [Manual-Refine] 操作说明: Q/A Roll  W/S Pitch  E/D Yaw  R/F Tx  T/G Ty  Y/H Tz  U Undo  Enter 接受  Esc 取消
[13:51:59.730] [info] [ManualSession] 会话ID: session_2026-04-10_13-51-59
[13:51:59.730] [info] [ManualSession] 保存目录: ./results/manual_sessions
[13:51:59.730] [warning] [Manual-Refine] 无 LiDAR-Camera 精标定缓存数据，无法启用手动调整（请先完成精标定）
[13:51:59.730] [info] ━━━━━━━━━━━━━━━━━━━━━━━━━━━━━━━━━━━━━━━━━
[13:51:59.730] [info] ■ 结束阶段: [Manual-Refine] 任务: [lidar_cam_extrin]
[13:51:59.730] [info]   结果: ✗ 失败 | 残差RMS: 0.0000 | 耗时: 0 ms
[13:51:59.730] [info]   消息: 无 LiDAR-Camera 精标定缓存数据，无法启用手动调整（请先完成精标定）
[13:51:59.730] [info] [CALC] 阶段结束 stage=Manual-Refine task=lidar_cam_extrin success=false residual_rms=0.000000 elapsed_ms=0.1 threshold=-1.0000
[13:51:59.730] [info] ━━━━━━━━━━━━━━━━━━━━━━━━━━━━━━━━━━━━━━━━━
[13:51:59.730] [info] ====== Pipeline Report: pipeline_20260410_135159 ======
[13:51:59.730] [info]   Total time: 9.7 ms
[13:51:59.731] [info]   All stages succeeded: NO
[13:51:59.731] [info]   标定质量: 各阶段 RMS 均在阈值内
[13:51:59.731] [info]   [Coarse-AI-lidar_cam_extrin] success=true rms=0.0000 time=0.0ms: 使用配置 initial_extrinsic 作为粗标定结果，精标定将以此起步
[13:51:59.731] [info]   [Fine-Auto-lidar_cam_extrin] success=false rms=0.0000 time=9.7ms: ROS2 数据加载失败: 加载失败: No storage could be initialized. Abort
[13:51:59.731] [info]   [Manual-Refine-lidar_cam_extrin] success=false rms=0.0000 time=0.1ms: 无 LiDAR-Camera 精标定缓存数据，无法启用手动调整（请先完成精标定）

╔══════════════════════════════════════════════════════╗
║              标定参数汇总                            ║
╠══════════════════════════════════════════════════════╣
╚══════════════════════════════════════════════════════╝

[13:51:59.731] [info] ================================
[13:51:59.731] [info] Pipeline report saved: ./results/pipeline_report_20260410_135159.yaml
[13:51:59.731] [info] ====== Pipeline Report: pipeline_20260410_135159 ======
[13:51:59.731] [info]   Total time: 9.7 ms
[13:51:59.731] [info]   All stages succeeded: NO
[13:51:59.731] [info]   标定质量: 各阶段 RMS 均在阈值内
[13:51:59.731] [info]   [Coarse-AI-lidar_cam_extrin] success=true rms=0.0000 time=0.0ms: 使用配置 initial_extrinsic 作为粗标定结果，精标定将以此起步
[13:51:59.731] [info]   [Fine-Auto-lidar_cam_extrin] success=false rms=0.0000 time=9.7ms: ROS2 数据加载失败: 加载失败: No storage could be initialized. Abort
[13:51:59.731] [info]   [Manual-Refine-lidar_cam_extrin] success=false rms=0.0000 time=0.1ms: 无 LiDAR-Camera 精标定缓存数据，无法启用手动调整（请先完成精标定）

╔══════════════════════════════════════════════════════╗
║              标定参数汇总                            ║
╠══════════════════════════════════════════════════════╣
╚══════════════════════════════════════════════════════╝

[13:51:59.731] [info] ================================
[13:51:59.731] [info] ━━━━━━━━━━━━━━━━━━━━━━━━━━━━━━━━━━━━
[13:51:59.731] [info] LiDAR-Camera 标定流程完成
[13:51:59.731] [info] 结果目录: ./results
[13:51:59.731] [info] 标定流程正常退出 exit_code=0
[13:51:59.731] [info] ━━━━━━━━━━━━━━━━━━━━━━━━━━━━━━━━━━━━
