
 ╔═══════════════════════════════════════════════════════╗
 ║   UniCalib — LiDAR-Camera 外参标定                    ║
 ║   两阶段: AI粗标定(MIAS-LCEC) → 无目标边缘精标定      ║
 ║   手动校准: --manual 触发 6-DOF 交互式调整             ║
 ╚═══════════════════════════════════════════════════════╝

[2026-04-08 19:16:46.112] [info] [LiDAR-Camera] [:] ━━━━━━━━━━━━━━━━━━━━━━━━━━━━━━━━━━━━
[2026-04-08 19:16:46.112] [info] [LiDAR-Camera] [:] 配置文件: /root/calib_ws/calib_unified/config/unicalib_example.yaml
[2026-04-08 19:16:46.112] [info] [LiDAR-Camera] [:] 输出目录: /root/calib_ws/results
[2026-04-08 19:16:46.112] [info] [LiDAR-Camera] [:] 数据根目录: /root/calib_ws/data (--data-dir 或 CALIB_DATA_DIR)
[2026-04-08 19:16:46.112] [info] [LiDAR-Camera] [:] 精标定方法: edge (无目标优先=true)
[2026-04-08 19:16:46.112] [info] [LiDAR-Camera] [:] AI粗标定: true | 手动校准: true
[2026-04-08 19:16:46.112] [info] [LiDAR-Camera] [:] ━━━━━━━━━━━━━━━━━━━━━━━━━━━━━━━━━━━━
[2026-04-08 19:16:46.114] [info] [LiDAR-Camera] [:] 读取系统配置: /root/calib_ws/calib_unified/config/unicalib_example.yaml
[2026-04-08 19:16:46.115] [info] [LiDAR-Camera] [:]   IMU: 1, LiDAR: 2, Camera: 2
[2026-04-08 19:16:46.115] [info] [LiDAR-Camera] [:] ━━━━━━━━━━━━━━━━━━━━━━━━━━━━━━━━━━━━ [数据路径] ━━━━━━━━━━━━━━━━━━━━━━━━━━━━━
[2026-04-08 19:16:46.115] [info] [LiDAR-Camera] [:]   数据路径来源: 统一格式 (data.lidar.<id> / data.camera.<id>.images_dir)
[2026-04-08 19:16:46.115] [info] [LiDAR-Camera] [:]   配置原始值 — lidar:  testdata/lidar_pcd
[2026-04-08 19:16:46.115] [info] [LiDAR-Camera] [:]   配置原始值 — camera: testdata/Image/img0
[2026-04-08 19:16:46.115] [info] [LiDAR-Camera] [:]   base_data_dir:  /root/calib_ws/data
[2026-04-08 19:16:46.115] [info] [LiDAR-Camera] [:]   base 来源: 命令行 --data-dir
[2026-04-08 19:16:46.115] [info] [LiDAR-Camera] [:]   lidar_dir:      /root/calib_ws/data/testdata/lidar_pcd
[2026-04-08 19:16:46.115] [info] [LiDAR-Camera] [:]     → 相对路径，已与 base 拼接
[2026-04-08 19:16:46.115] [info] [LiDAR-Camera] [:]     → 存在: 是
[2026-04-08 19:16:46.115] [info] [LiDAR-Camera] [:]   camera_dir:     /root/calib_ws/data/testdata/Image/img0
[2026-04-08 19:16:46.115] [info] [LiDAR-Camera] [:]     → 相对路径，已与 base 拼接
[2026-04-08 19:16:46.115] [info] [LiDAR-Camera] [:]     → 存在: 是
[2026-04-08 19:16:46.115] [info] [LiDAR-Camera] [:]   【数据就绪】是 — 点云与图像目录均存在，将执行精标定
[2026-04-08 19:16:46.115] [info] [LiDAR-Camera] [:]   说明: 使用 --dataset 时请将 data.lidar/data.camera 设为相对 base 的路径（如 pcd、images），不要使用 /path/to/... 占位符
[2026-04-08 19:16:46.115] [info] [LiDAR-Camera] [:] ━━━━━━━━━━━━━━━━━━━━━━━━━━━━━━━━━━━━━━━━━━━━━━━━━━━━━━━━━━━━━━━━━━━━━━━━━━━━
[2026-04-08 19:16:46.115] [info] [LiDAR-Camera] [:] [LiDAR-Cam] use_config_extrinsic_only=true：跳过 AI 粗标定，将使用配置 initial_extrinsic 直接进入精标定/手动微调
[2026-04-08 19:16:46.115] [info] [LiDAR-Camera] [:] 读取系统配置: /root/calib_ws/calib_unified/config/unicalib_example.yaml
[2026-04-08 19:16:46.116] [info] [LiDAR-Camera] [:]   IMU: 1, LiDAR: 2, Camera: 2
[2026-04-08 19:16:46.116] [info] [LiDAR-Camera] [:] 读取系统配置: /root/calib_ws/calib_unified/config/unicalib_example.yaml
[2026-04-08 19:16:46.117] [info] [LiDAR-Camera] [:]   IMU: 1, LiDAR: 2, Camera: 2
[2026-04-08 19:16:46.117] [info] [LiDAR-Camera] [:] 配置: 使用 ROS2 bag 模式（离线标定）
[2026-04-08 19:16:46.117] [info] [LiDAR-Camera] [:]   Bag 路径: /root/calib_ws/data/nya_02_slam_imu_to_lidar/nya_02_ros2
[2026-04-08 19:16:46.117] [info] [LiDAR-Camera] [:]   LiDAR 话题: /os1_cloud_node1/points
[2026-04-08 19:16:46.117] [info] [LiDAR-Camera] [:]   相机话题: /left/image_raw
[2026-04-08 19:16:46.117] [info] [LiDAR-Camera] [:]   IMU 话题: /imu/imu
[2026-04-08 19:16:46.117] [info] [LiDAR-Camera] [:] [数据源] 类型=ROS2_BAG  path=/root/calib_ws/data/nya_02_slam_imu_to_lidar/nya_02_ros2  lidar_topic=/os1_cloud_node1/points  camera_topic=/left/image_raw
[2026-04-08 19:16:46.117] [info] [LiDAR-Camera] [:]   内参将从相机标定结果读取: ./results/camera_intrinsic/camera_intrinsic_cam_left.yaml (camera_id=cam_left)
[2026-04-08 19:16:46.117] [info] [LiDAR-Camera] [:]   内参将从相机标定结果读取: ./results/camera_intrinsic/camera_intrinsic_cam_right.yaml (camera_id=cam_right)
[2026-04-08 19:16:46.117] [info] [LiDAR-Camera] [:] [CalibPipeline] 初始化 ID=pipeline_20260408_191646
[2026-04-08 19:16:46.117] [info] [LiDAR-Camera] [:] [CalibPipeline] 输出目录: ./results
[2026-04-08 19:16:46.117] [info] [LiDAR-Camera] [:] [CalibPipeline] 无目标优先: true
[2026-04-08 19:16:46.117] [info] [LiDAR-Camera] [:] [CalibPipeline] 任务掩码: 0x10
[2026-04-08 19:16:46.117] [info] [LiDAR-Camera] [:] ▶ Stage 2: 精标定 (方法=edge)
[2026-04-08 19:16:46.117] [info] [LiDAR-Camera] [:] ▶ Stage 3: 手动校准 (manual_threshold=2.00px)
[2026-04-08 19:16:46.117] [info] [LiDAR-Camera] [:]   使用 ManualCalibSession 进行 6-DOF 交互式调整
[2026-04-08 19:16:46.117] [info] [LiDAR-Camera] [:]   调用示例:
[2026-04-08 19:16:46.117] [info] [LiDAR-Camera] [:]     ManualCalibSession::SessionConfig sess_cfg;
[2026-04-08 19:16:46.117] [info] [LiDAR-Camera] [:]     sess_cfg.save_dir = "./results/manual_sessions";
[2026-04-08 19:16:46.117] [info] [LiDAR-Camera] [:]     ManualCalibSession session(sess_cfg);
[2026-04-08 19:16:46.117] [info] [LiDAR-Camera] [:]     auto result = session.run_lidar_cam(scan, image, intrin, auto_result, auto_rms);
[2026-04-08 19:16:46.117] [info] [LiDAR-Camera] [:] 
[2026-04-08 19:16:46.117] [info] [LiDAR-Camera] [:] ╔═══════════════════════════════════════════════╗
[2026-04-08 19:16:46.117] [info] [LiDAR-Camera] [:] ║   UniCalib 两阶段标定流水线 — 开始            ║
[2026-04-08 19:16:46.117] [info] [LiDAR-Camera] [:] ║   Pipeline ID: pipeline_20260408_191646       ║
[2026-04-08 19:16:46.117] [info] [LiDAR-Camera] [:] ╚═══════════════════════════════════════════════╝
[2026-04-08 19:16:46.117] [info] [LiDAR-Camera] [:] [Coarse-AI/LiDAR-Cam] enable_coarse_lidar_cam=true → do_coarse=true
[19:16:46.117] [info] 
[19:16:46.117] [info] ━━━━━━━━━━━━━━━━━━━━━━━━━━━━━━━━━━━━━━━━━
[19:16:46.117] [info] ▶ 开始阶段: [Coarse-AI] 任务: [lidar_cam_extrin]
[19:16:46.117] [info]   描述: AI模型提供初始估计值
[19:16:46.117] [info] ━━━━━━━━━━━━━━━━━━━━━━━━━━━━━━━━━━━━━━━━━
[19:16:46.117] [info] [CALC] 粗标定阶段开始 task=lidar_cam_extrin
[19:16:46.117] [info] [Coarse-AI/LiDAR-Cam] 使用配置粗标定初值作为粗标定结果 t=[0.123,0.040,-0.058]m，精标定将以此起步
[19:16:46.117] [info] ━━━━━━━━━━━━━━━━━━━━━━━━━━━━━━━━━━━━━━━━━
[19:16:46.117] [info] ■ 结束阶段: [Coarse-AI] 任务: [lidar_cam_extrin]
[19:16:46.117] [info]   结果: ✓ 成功 | 残差RMS: 0.0000 | 耗时: 0 ms
[19:16:46.117] [info]   消息: 使用配置 initial_extrinsic 作为粗标定结果，精标定将以此起步
[19:16:46.117] [info] [CALC] 阶段结束 stage=Coarse-AI task=lidar_cam_extrin success=true residual_rms=0.000000 elapsed_ms=0.0 threshold=-1.0000
[19:16:46.118] [info] ━━━━━━━━━━━━━━━━━━━━━━━━━━━━━━━━━━━━━━━━━
[19:16:46.118] [info] 
[19:16:46.118] [info] ━━━━━━━━━━━━━━━━━━━━━━━━━━━━━━━━━━━━━━━━━
[19:16:46.118] [info] ▶ 开始阶段: [Fine-Auto] 任务: [lidar_cam_extrin]
[19:16:46.118] [info]   描述: 无目标优化
[19:16:46.118] [info] ━━━━━━━━━━━━━━━━━━━━━━━━━━━━━━━━━━━━━━━━━
[19:16:46.118] [info] [CALC] 精标定阶段开始 task=lidar_cam_extrin
[19:16:46.118] [info] [Fine-Auto] 任务: lidar_cam_extrin | 无目标优先: true
[19:16:46.118] [info] [Fine-Auto] 方法: 边缘对齐互信息 (EDGE_ALIGNMENT, 无目标)
[19:16:46.118] [info] [STAGE=lidar_cam_fine_auto] LiDAR-Camera 精标定 开始
[19:16:46.118] [info] [Fine-Auto/LiDAR-Cam] 开始执行精标定...
[19:16:46.118] [info]   [精标定数据源] 类型=ROS2_BAG  lidar_id=lidar_front
[19:16:46.118] [info]   ROS2 Bag: /root/calib_ws/data/nya_02_slam_imu_to_lidar/nya_02_ros2  LiDAR 话题: /os1_cloud_node1/points  相机话题: /left/image_raw
[19:16:46.118] [info] [Fine-Auto/LiDAR-Cam] 从 ROS2 加载数据...
[19:16:46.118] [info] [UnifiedDataLoader] 从 ROS2 加载数据...
[19:16:46.118] [info]   Bag 文件: /root/calib_ws/data/nya_02_slam_imu_to_lidar/nya_02_ros2
[19:16:46.118] [info]   实时模式: false
[19:16:46.118] [info] [Ros2BagDataSource] 打开 bag 文件: /root/calib_ws/data/nya_02_slam_imu_to_lidar/nya_02_ros2
[19:16:46.118] [info] [Ros2BagDataSource] 正在读取 metadata.yaml: /root/calib_ws/data/nya_02_slam_imu_to_lidar/nya_02_ros2/metadata.yaml
[19:16:46.118] [debug] [Ros2BagDataSource] 找到话题: /dji_sdk/imu (类型: sensor_msgs/msg/Imu, 消息数: 171462)
[19:16:46.118] [debug] [Ros2BagDataSource] 找到话题: /dji_sdk/attitude (类型: geometry_msgs/msg/QuaternionStamped, 消息数: 42866)
[19:16:46.118] [debug] [Ros2BagDataSource] 找到话题: /os1_cloud_node2/imu (类型: sensor_msgs/msg/Imu, 消息数: 42862)
[19:16:46.118] [debug] [Ros2BagDataSource] 找到话题: /os1_cloud_node1/imu (类型: sensor_msgs/msg/Imu, 消息数: 42862)
[19:16:46.118] [debug] [Ros2BagDataSource] 找到话题: /imu/imu (类型: sensor_msgs/msg/Imu, 消息数: 166428)
[19:16:46.118] [debug] [Ros2BagDataSource] 找到话题: /imu/magnetic_field (类型: sensor_msgs/msg/MagneticField, 消息数: 166428)
[19:16:46.118] [debug] [Ros2BagDataSource] 找到话题: /imu/temperature (类型: sensor_msgs/msg/Temperature, 消息数: 166428)
[19:16:46.118] [debug] [Ros2BagDataSource] 找到话题: /dji_sdk/gps_position (类型: sensor_msgs/msg/NavSatFix, 消息数: 21433)
[19:16:46.118] [debug] [Ros2BagDataSource] 找到话题: /dji_sdk/height_above_takeoff (类型: std_msgs/msg/Float32, 消息数: 21433)
[19:16:46.118] [debug] [Ros2BagDataSource] 找到话题: /dji_sdk/gps_health (类型: std_msgs/msg/UInt8, 消息数: 21433)
[19:16:46.118] [debug] [Ros2BagDataSource] 找到话题: /uwb_endorange_info (类型: uwb_driver/msg/UwbRange, 消息数: 25172)
[19:16:46.118] [debug] [Ros2BagDataSource] 找到话题: /left/image_raw (类型: sensor_msgs/msg/Image, 消息数: 4285)
[19:16:46.118] [debug] [Ros2BagDataSource] 找到话题: /right/image_raw (类型: sensor_msgs/msg/Image, 消息数: 4285)
[19:16:46.118] [debug] [Ros2BagDataSource] 找到话题: /os1_cloud_node1/points (类型: sensor_msgs/msg/PointCloud2, 消息数: 4287)
[19:16:46.118] [debug] [Ros2BagDataSource] 找到话题: /os1_cloud_node2/points (类型: sensor_msgs/msg/PointCloud2, 消息数: 4286)
[19:16:46.118] [debug] [Ros2BagDataSource] 找到话题: /uwb_exorange_info (类型: uwb_driver/msg/UwbEcho, 消息数: 2437)
[19:16:46.118] [debug] [Ros2BagDataSource] 找到话题: /node_pos_marker_sc (类型: visualization_msgs/msg/Marker, 消息数: 2437)
[19:16:46.118] [debug] [Ros2BagDataSource] 找到话题: /node_pos_sc (类型: nav_msgs/msg/Path, 消息数: 2437)
[19:16:46.118] [debug] [Ros2BagDataSource] 找到话题: /leica/pose/relative (类型: geometry_msgs/msg/PoseStamped, 消息数: 7679)
[19:16:46.118] [info] [Ros2BagDataSource] 使用配置的 LiDAR 话题: /os1_cloud_node1/points
[19:16:46.118] [info] [Ros2BagDataSource] 使用配置的相机话题: /left/image_raw
[19:16:46.118] [info] [Ros2BagDataSource] 使用配置的 IMU 话题: /imu/imu
[INFO] [1775647006.121920248] [rosbag2_storage]: Opened database '/root/calib_ws/data/nya_02_slam_imu_to_lidar/nya_02_ros2/nya_02_ros2.db3' for READ_ONLY.
[19:16:46.121] [info] [Ros2BagDataSource] Bag 已打开，开始读取消息...
[19:16:46.121] [info] [Ros2BagDataSource] 找到 19 个话题
[19:16:46.121] [info] [Ros2BagDataSource]  话题: /dji_sdk/imu  类型: sensor_msgs/msg/Imu  消息数: 171462
[19:16:46.121] [info] [Ros2BagDataSource]  话题: /dji_sdk/attitude  类型: geometry_msgs/msg/QuaternionStamped  消息数: 42866
[19:16:46.121] [info] [Ros2BagDataSource]  话题: /os1_cloud_node2/imu  类型: sensor_msgs/msg/Imu  消息数: 42862
[19:16:46.121] [info] [Ros2BagDataSource]  话题: /os1_cloud_node1/imu  类型: sensor_msgs/msg/Imu  消息数: 42862
[19:16:46.121] [info] [Ros2BagDataSource]  话题: /imu/imu  类型: sensor_msgs/msg/Imu  消息数: 166428
[19:16:46.121] [info] [Ros2BagDataSource]  话题: /imu/magnetic_field  类型: sensor_msgs/msg/MagneticField  消息数: 166428
[19:16:46.121] [info] [Ros2BagDataSource]  话题: /imu/temperature  类型: sensor_msgs/msg/Temperature  消息数: 166428
[19:16:46.121] [info] [Ros2BagDataSource]  话题: /dji_sdk/gps_position  类型: sensor_msgs/msg/NavSatFix  消息数: 21433
[19:16:46.121] [info] [Ros2BagDataSource]  话题: /dji_sdk/height_above_takeoff  类型: std_msgs/msg/Float32  消息数: 21433
[19:16:46.121] [info] [Ros2BagDataSource]  话题: /dji_sdk/gps_health  类型: std_msgs/msg/UInt8  消息数: 21433
[19:16:46.121] [info] [Ros2BagDataSource]  话题: /uwb_endorange_info  类型: uwb_driver/msg/UwbRange  消息数: 25172
[19:16:46.121] [info] [Ros2BagDataSource]  话题: /left/image_raw  类型: sensor_msgs/msg/Image  消息数: 4285
[19:16:46.121] [info] [Ros2BagDataSource]  话题: /right/image_raw  类型: sensor_msgs/msg/Image  消息数: 4285
[19:16:46.121] [info] [Ros2BagDataSource]  话题: /os1_cloud_node1/points  类型: sensor_msgs/msg/PointCloud2  消息数: 4287
[19:16:46.121] [info] [Ros2BagDataSource]  话题: /os1_cloud_node2/points  类型: sensor_msgs/msg/PointCloud2  消息数: 4286
[19:16:46.121] [info] [Ros2BagDataSource]  话题: /uwb_exorange_info  类型: uwb_driver/msg/UwbEcho  消息数: 2437
[19:16:46.121] [info] [Ros2BagDataSource]  话题: /node_pos_marker_sc  类型: visualization_msgs/msg/Marker  消息数: 2437
[19:16:46.121] [info] [Ros2BagDataSource]  话题: /node_pos_sc  类型: nav_msgs/msg/Path  消息数: 2437
[19:16:46.121] [info] [Ros2BagDataSource]  话题: /leica/pose/relative  类型: geometry_msgs/msg/PoseStamped  消息数: 7679
[19:16:46.121] [info] [Ros2BagDataSource] 将加载 bag 内所有 IMU / LiDAR / 相机话题，加载后可通过 sensor_id 或话题名选择使用
[19:16:46.553] [debug]   收集 IMU [/dji_sdk/imu] 帧数: 5000
[19:16:46.579] [debug]   收集 IMU [/imu/imu] 帧数: 5000
[19:16:46.981] [debug]   收集 IMU [/dji_sdk/imu] 帧数: 10000
[19:16:47.030] [debug]   收集 IMU [/imu/imu] 帧数: 10000
[19:16:47.383] [debug]   收集 IMU [/dji_sdk/imu] 帧数: 15000
[19:16:47.449] [debug]   收集 IMU [/imu/imu] 帧数: 15000
[19:16:47.791] [debug]   收集 LiDAR [/os1_cloud_node1/points] 帧数: 500
[19:16:47.792] [debug]   收集 LiDAR [/os1_cloud_node2/points] 帧数: 500
[19:16:47.793] [debug]   收集相机 [/left/image_raw] 帧数: 500
[19:16:47.793] [debug]   收集相机 [/right/image_raw] 帧数: 500
[19:16:47.793] [debug]   收集 IMU [/dji_sdk/imu] 帧数: 20000
[19:16:47.793] [debug]   收集 IMU [/os1_cloud_node1/imu] 帧数: 5000
[19:16:47.793] [debug]   收集 IMU [/os1_cloud_node2/imu] 帧数: 5000
[19:16:47.870] [debug]   收集 IMU [/imu/imu] 帧数: 20000
[19:16:48.217] [debug]   收集 IMU [/dji_sdk/imu] 帧数: 25000
[19:16:48.304] [debug]   收集 IMU [/imu/imu] 帧数: 25000
[19:16:48.652] [debug]   收集 IMU [/dji_sdk/imu] 帧数: 30000
[19:16:48.750] [debug]   收集 IMU [/imu/imu] 帧数: 30000
[19:16:49.074] [debug]   收集 IMU [/dji_sdk/imu] 帧数: 35000
[19:16:49.185] [debug]   收集 IMU [/imu/imu] 帧数: 35000
[19:16:49.544] [debug]   收集 LiDAR [/os1_cloud_node1/points] 帧数: 1000
[19:16:49.545] [debug]   收集 LiDAR [/os1_cloud_node2/points] 帧数: 1000
[19:16:49.545] [debug]   收集相机 [/left/image_raw] 帧数: 1000
[19:16:49.546] [debug]   收集相机 [/right/image_raw] 帧数: 1000
[19:16:49.546] [debug]   收集 IMU [/dji_sdk/imu] 帧数: 40000
[19:16:49.546] [debug]   收集 IMU [/os1_cloud_node1/imu] 帧数: 10000
[19:16:49.546] [debug]   收集 IMU [/os1_cloud_node2/imu] 帧数: 10000
[19:16:49.674] [debug]   收集 IMU [/imu/imu] 帧数: 40000
[19:16:49.970] [debug]   收集 IMU [/dji_sdk/imu] 帧数: 45000
[19:16:50.125] [debug]   收集 IMU [/imu/imu] 帧数: 45000
[19:16:50.418] [debug]   收集 IMU [/dji_sdk/imu] 帧数: 50000
[19:16:50.578] [debug]   收集 IMU [/imu/imu] 帧数: 50000
[19:16:50.849] [debug]   收集 IMU [/dji_sdk/imu] 帧数: 55000
[19:16:51.002] [debug]   收集 IMU [/imu/imu] 帧数: 55000
[19:16:51.278] [debug]   收集 LiDAR [/os1_cloud_node1/points] 帧数: 1500
[19:16:51.279] [debug]   收集 LiDAR [/os1_cloud_node2/points] 帧数: 1500
[19:16:51.279] [debug]   收集 IMU [/dji_sdk/imu] 帧数: 60000
[19:16:51.280] [debug]   收集相机 [/left/image_raw] 帧数: 1500
[19:16:51.281] [debug]   收集相机 [/right/image_raw] 帧数: 1500
[19:16:51.281] [debug]   收集 IMU [/os1_cloud_node1/imu] 帧数: 15000
[19:16:51.281] [debug]   收集 IMU [/os1_cloud_node2/imu] 帧数: 15000
[19:16:51.501] [debug]   收集 IMU [/imu/imu] 帧数: 60000
[19:16:51.788] [debug]   收集 IMU [/dji_sdk/imu] 帧数: 65000
[19:16:51.996] [debug]   收集 IMU [/imu/imu] 帧数: 65000
[19:16:52.260] [debug]   收集 IMU [/dji_sdk/imu] 帧数: 70000
[19:16:52.451] [debug]   收集 IMU [/imu/imu] 帧数: 70000
[19:16:52.681] [debug]   收集 IMU [/dji_sdk/imu] 帧数: 75000
[19:16:52.893] [debug]   收集 IMU [/imu/imu] 帧数: 75000
[19:16:53.120] [debug]   收集 LiDAR [/os1_cloud_node1/points] 帧数: 2000
[19:16:53.123] [debug]   收集 LiDAR [/os1_cloud_node2/points] 帧数: 2000
[19:16:53.124] [debug]   收集 IMU [/dji_sdk/imu] 帧数: 80000
[19:16:53.124] [debug]   收集 IMU [/os1_cloud_node1/imu] 帧数: 20000
[19:16:53.124] [debug]   收集 IMU [/os1_cloud_node2/imu] 帧数: 20000
[19:16:53.126] [debug]   收集相机 [/left/image_raw] 帧数: 2000
[19:16:53.127] [debug]   收集相机 [/right/image_raw] 帧数: 2000
[19:16:53.344] [debug]   收集 IMU [/imu/imu] 帧数: 80000
[19:16:53.579] [debug]   收集 IMU [/dji_sdk/imu] 帧数: 85000
[19:16:53.804] [debug]   收集 IMU [/imu/imu] 帧数: 85000
[19:16:53.995] [debug]   收集 IMU [/dji_sdk/imu] 帧数: 90000
[19:16:54.229] [debug]   收集 IMU [/imu/imu] 帧数: 90000
[19:16:54.412] [debug]   收集 IMU [/dji_sdk/imu] 帧数: 95000
[19:16:54.656] [debug]   收集 IMU [/imu/imu] 帧数: 95000
[19:16:54.823] [debug]   收集 LiDAR [/os1_cloud_node1/points] 帧数: 2500
[19:16:54.825] [debug]   收集 LiDAR [/os1_cloud_node2/points] 帧数: 2500
[19:16:54.826] [debug]   收集 IMU [/dji_sdk/imu] 帧数: 100000
[19:16:54.826] [debug]   收集 IMU [/os1_cloud_node1/imu] 帧数: 25000
[19:16:54.826] [debug]   收集 IMU [/os1_cloud_node2/imu] 帧数: 25000
[19:16:54.828] [debug]   收集相机 [/left/image_raw] 帧数: 2500
[19:16:54.829] [debug]   收集相机 [/right/image_raw] 帧数: 2500
[19:16:55.113] [debug]   收集 IMU [/imu/imu] 帧数: 100000
[19:16:55.301] [debug]   收集 IMU [/dji_sdk/imu] 帧数: 105000
[19:16:55.594] [debug]   收集 IMU [/imu/imu] 帧数: 105000
[19:16:55.741] [debug]   收集 IMU [/dji_sdk/imu] 帧数: 110000
[19:16:56.013] [debug]   收集 IMU [/imu/imu] 帧数: 110000
[19:16:56.140] [debug]   收集 IMU [/dji_sdk/imu] 帧数: 115000
[19:16:56.421] [debug]   收集 IMU [/imu/imu] 帧数: 115000
[19:16:56.559] [debug]   收集 LiDAR [/os1_cloud_node1/points] 帧数: 3000
[19:16:56.561] [debug]   收集 LiDAR [/os1_cloud_node2/points] 帧数: 3000
[19:16:56.561] [debug]   收集 IMU [/dji_sdk/imu] 帧数: 120000
[19:16:56.562] [debug]   收集 IMU [/os1_cloud_node1/imu] 帧数: 30000
[19:16:56.562] [debug]   收集 IMU [/os1_cloud_node2/imu] 帧数: 30000
[19:16:56.563] [debug]   收集相机 [/left/image_raw] 帧数: 3000
[19:16:56.563] [debug]   收集相机 [/right/image_raw] 帧数: 3000
[19:16:56.858] [debug]   收集 IMU [/imu/imu] 帧数: 120000
[19:16:57.002] [debug]   收集 IMU [/dji_sdk/imu] 帧数: 125000
[19:16:57.302] [debug]   收集 IMU [/imu/imu] 帧数: 125000
[19:16:57.416] [debug]   收集 IMU [/dji_sdk/imu] 帧数: 130000
[19:16:57.757] [debug]   收集 IMU [/imu/imu] 帧数: 130000
[19:16:57.855] [debug]   收集 IMU [/dji_sdk/imu] 帧数: 135000
[19:16:58.202] [debug]   收集 IMU [/imu/imu] 帧数: 135000
[19:16:58.301] [debug]   收集 LiDAR [/os1_cloud_node1/points] 帧数: 3500
[19:16:58.303] [debug]   收集 LiDAR [/os1_cloud_node2/points] 帧数: 3500
[19:16:58.306] [debug]   收集 IMU [/dji_sdk/imu] 帧数: 140000
[19:16:58.308] [debug]   收集 IMU [/os1_cloud_node1/imu] 帧数: 35000
[19:16:58.308] [debug]   收集 IMU [/os1_cloud_node2/imu] 帧数: 35000
[19:16:58.311] [debug]   收集相机 [/left/image_raw] 帧数: 3500
[19:16:58.312] [debug]   收集相机 [/right/image_raw] 帧数: 3500
[19:16:58.924] [debug]   收集 IMU [/imu/imu] 帧数: 140000
[19:16:59.039] [debug]   收集 IMU [/dji_sdk/imu] 帧数: 145000
[19:16:59.584] [debug]   收集 IMU [/imu/imu] 帧数: 145000
[19:16:59.656] [debug]   收集 IMU [/dji_sdk/imu] 帧数: 150000
[19:17:00.192] [debug]   收集 IMU [/imu/imu] 帧数: 150000
[19:17:00.261] [debug]   收集 IMU [/dji_sdk/imu] 帧数: 155000
[19:17:01.932] [debug]   收集 IMU [/imu/imu] 帧数: 155000
[19:17:02.287] [debug]   收集 LiDAR [/os1_cloud_node1/points] 帧数: 4000
[19:17:02.290] [debug]   收集 LiDAR [/os1_cloud_node2/points] 帧数: 4000
[19:17:02.296] [debug]   收集 IMU [/dji_sdk/imu] 帧数: 160000
[19:17:02.298] [debug]   收集 IMU [/os1_cloud_node1/imu] 帧数: 40000
[19:17:02.299] [debug]   收集 IMU [/os1_cloud_node2/imu] 帧数: 40000
[19:17:02.328] [debug]   收集相机 [/left/image_raw] 帧数: 4000
[19:17:02.331] [debug]   收集相机 [/right/image_raw] 帧数: 4000
[19:17:07.320] [debug]   收集 IMU [/imu/imu] 帧数: 160000
[19:17:07.353] [debug]   收集 IMU [/dji_sdk/imu] 帧数: 165000
[19:17:12.518] [debug]   收集 IMU [/imu/imu] 帧数: 165000
[19:17:12.522] [debug]   收集 IMU [/dji_sdk/imu] 帧数: 170000
[19:17:14.280] [info] [Ros2BagDataSource] 加载完成 (所有话题按话题名存储，可通过 sensor_id 或话题名选择):
[19:17:14.280] [info]   LiDAR [/os1_cloud_node1/points]: 4287 帧
[19:17:14.280] [info]   LiDAR [/os1_cloud_node2/points]: 4286 帧
[19:17:14.280] [info]   相机 [/left/image_raw]: 4285 帧
[19:17:14.280] [info]   相机 [/right/image_raw]: 4285 帧
[19:17:14.280] [info]   IMU [/dji_sdk/imu]: 171462 帧
[19:17:14.280] [info]   IMU [/imu/imu]: 166428 帧
[19:17:14.280] [info]   IMU [/os1_cloud_node1/imu]: 42862 帧
[19:17:14.280] [info]   IMU [/os1_cloud_node2/imu]: 42862 帧
[19:17:14.280] [info]   选用 LiDAR  lidar_front -> /os1_cloud_node1/points
[19:17:14.280] [info]   选用 相机  cam_left -> /left/image_raw
[19:17:14.280] [info]   选用 IMU    imu_0 -> /imu/imu
[19:17:14.281] [info]   时间范围: 1609045331.127 - 1609045759.771 秒
[19:17:14.281] [info] [Ros2BagDataSource] 应用采样/帧数限制...
[19:17:14.457] [info]   LiDAR /os1_cloud_node1/points 采样后: 800 帧
[19:17:14.738] [info]   LiDAR /os1_cloud_node2/points 采样后: 800 帧
[19:17:15.124] [info]   相机 /left/image_raw 采样后: 800 帧
[19:17:15.175] [info]   相机 /right/image_raw 采样后: 800 帧
[19:17:15.180] [info] [Fine-Auto/LiDAR-Cam] LiDAR 加载完成: 800 帧 (将按相机逐路取帧)
[19:17:15.181] [info] 读取相机内参: ./results/camera_intrinsic/camera_intrinsic_cam_left.yaml
[19:17:15.183] [info]   fx=384.00 fy=384.00 cx=376.00 cy=240.00 dist=4
[19:17:15.183] [info] [Fine-Auto/LiDAR-Cam] 步骤: LiDAR-Camera 标定 相机=cam_left (方法: 边缘对齐)
[19:17:15.186] [info] [CalibVisualizer] 初始化完成
[19:17:15.186] [info] [Fine-Auto/LiDAR-Cam] 可视化已启用：仅标定结束后显示一帧「图像+点云投影」叠加，不创建 3D 窗口、不泵送其他帧
[19:17:15.186] [info] [Fine-Auto/LiDAR-Cam] 使用粗标定初值 t=[0.123,0.040,-0.058]m
[19:17:15.191] [info] [Fine-Auto] 结果已保存: ./results/lidar_camera_extrinsic/lidar_cam_cam_left_extrinsic.yaml
[19:17:15.191] [info] [Viz] 即将生成投影图并保存到 ./results/lidar_camera_extrinsic/lidar_cam_cam_left_projection.png
[19:17:15.210] [info] 投影可视化保存: ./results/lidar_camera_extrinsic/lidar_cam_cam_left_projection.png
[19:17:15.210] [info] [Viz] 投影图已保存（仅使用配置初值，未做精标定）
[19:17:15.210] [info] [Fine-Auto/LiDAR-Cam] 相机 cam_left 已使用配置初值跳过精标定，直接供手动微调
[19:17:15.210] [info] [Viz/Display] 即将关闭可视化窗口 原因=用户关闭或流程结束 pangolin_running=false
[19:17:15.210] [warning] [Fine-Auto/LiDAR-Cam] 相机 cam_right 无帧，跳过
[19:17:15.210] [warning] [Fine-Auto/LiDAR-Cam] 相机 cam_front 无帧，跳过
[19:17:15.210] [warning] [Fine-Auto/LiDAR-Cam] 相机 cam_rear 无帧，跳过
[19:17:15.211] [info] [Fine-Auto/LiDAR-Cam] 精标定完成: 1 个相机  最大 RMS=0.0000 px
[19:17:15.211] [info] [STAGE=lidar_cam_fine_auto] LiDAR-Camera 精标定 完成
[19:17:15.211] [info] [Fine-Auto/LiDAR-Cam] RMS 阈值=2.00 px  最大 RMS=0.0000 px  在阈值内
[19:17:15.497] [info] ━━━━━━━━━━━━━━━━━━━━━━━━━━━━━━━━━━━━━━━━━
[19:17:15.497] [info] ■ 结束阶段: [Fine-Auto] 任务: [lidar_cam_extrin]
[19:17:15.497] [info]   结果: ✓ 成功 | 残差RMS: 0.0000 | 耗时: 29379 ms
[19:17:15.497] [info]   消息: LiDAR-Camera 精标定完成: 1 个相机, 最大 RMS=0.000000 px
[19:17:15.497] [info] [CALC] 阶段结束 stage=Fine-Auto task=lidar_cam_extrin success=true residual_rms=0.000000 elapsed_ms=29093.0 threshold=2.0000
[19:17:15.497] [info] ━━━━━━━━━━━━━━━━━━━━━━━━━━━━━━━━━━━━━━━━━
[19:17:15.507] [info] [Pipeline] 用户已启用手动校准 (--manual), 进入 6-DOF 调整
[19:17:15.507] [info] 
[19:17:15.507] [info] ━━━━━━━━━━━━━━━━━━━━━━━━━━━━━━━━━━━━━━━━━
[19:17:15.507] [info] ▶ 开始阶段: [Manual-Refine] 任务: [lidar_cam_extrin]
[19:17:15.507] [info]   描述: 手动校准: 6-DOF 交互式调整
[19:17:15.507] [info] ━━━━━━━━━━━━━━━━━━━━━━━━━━━━━━━━━━━━━━━━━
[19:17:15.507] [info] [Manual-Refine] 任务: lidar_cam_extrin
[19:17:15.507] [info] [Manual-Refine] 操作说明: Q/A Roll  W/S Pitch  E/D Yaw  R/F Tx  T/G Ty  Y/H Tz  U Undo  Enter 接受  Esc 取消
[19:17:15.507] [info] [ManualSession] 会话ID: session_2026-04-08_19-17-15
[19:17:15.507] [info] [ManualSession] 保存目录: ./results/manual_sessions
[19:17:15.507] [info] [Manual-Refine] 已打开 6-DOF 可视化调整窗口，请在本窗口内按键微调后 Enter 接受或 Esc 取消
[19:17:15.507] [info] [Manual-Refine] LiDAR-Camera 手动调整仅使用首帧匹配数据（第 0 帧点云 + 第 0 帧图像）
[19:17:15.507] [info] [ManualSession] 启动 LiDAR-Camera 手动校准
[19:17:15.507] [info] [ManualSession] 自动标定 RMS: 0.0000 px (阈值建议 < 2.0px)
[19:17:15.507] [debug] [ManualSession] 事件: lidar_cam_start | auto_rms=0.000000
[19:17:15.507] [info] [ManualAdjust] 初始外参:
[19:17:15.507] [info] [ManualAdjust] 当前外参 [lidar_front→cam_left]:
[19:17:15.507] [info]   旋转 RPY: (-58.8701, -88.5405, -31.0062) deg
[19:17:15.507] [info]   平移 XYZ: (0.1230, 0.0399, -0.0577) m
[19:17:15.507] [info] [ManualSession] ===== 手动校准操作说明 =====
[19:17:15.507] [info]   Q/A: Roll ±0.1deg   W/S: Pitch ±0.1deg   E/D: Yaw ±0.1deg
[19:17:15.507] [info]   R/F: Tx ±0.5cm   T/G: Ty ±0.5cm   Y/H: Tz ±0.5cm
[19:17:15.507] [info]   Shift+键: 10倍步长
[19:17:15.507] [info]   P: 进入点击精化模式  U: 撤销  Z: 重做
[19:17:15.507] [info]   S: 保存  ESC: 接受并退出
[19:17:15.507] [info]   点云投影质量越高 (边缘对齐越好) 表示标定越准确
[19:17:15.521] [info] [ManualAdjust] 结果已保存: ./results/lidar_camera_extrinsic/manual_extrinsic_20260408_191715_initial.yaml
[19:17:15.521] [info] [ManualCalib] 交互窗口启动前已自动保存初始状态快照（备用）:
[19:17:15.521] [info]   - 投影图: ./results/lidar_camera_extrinsic/manual_projection_20260408_191715_initial.png
[19:17:15.521] [info]   - 点云:   ./results/lidar_camera_extrinsic/manual_cloud_20260408_191715_initial.pcd
[19:17:15.521] [info]   - 外参:   ./results/lidar_camera_extrinsic/manual_extrinsic_20260408_191715_initial.yaml

(unicalib_lidar_camera:100): dbind-WARNING **: 19:17:15.561: Couldn't connect to accessibility bus: Failed to connect to socket /run/user/1000/at-spi/bus: No such file or directory
[19:17:15.615] [info] [ManualCalib] 3D 点云窗口已禁用（避免 VTK 闪退），请在 2D 投影窗口进行微调。按下 'S' 键可手动保存当前微调结果图片和点云。
[19:17:15.615] [info] [ManualCalib] 初始位姿 T_lidar_to_cam:
[19:17:15.616] [info]   - Translation: 0.1230, 0.0399, -0.0577
[19:17:15.616] [info]   - RPY (deg):   90.7545, -179.8846, 91.2509
[19:17:30.984] [debug] [ManualAdjust] 平移增量 dxyz=(0.0000, 0.0000, -0.0050)m
[19:17:30.984] [info] [ManualAdjust] 当前外参 [lidar_front→cam_left]:
[19:17:30.984] [info]   旋转 RPY: (-58.8701, -88.5405, -31.0062) deg
[19:17:30.984] [info]   平移 XYZ: (0.1230, 0.0399, -0.0627) m
[19:17:31.606] [debug] [ManualAdjust] 平移增量 dxyz=(0.0000, 0.0000, -0.0050)m
[19:17:31.606] [info] [ManualAdjust] 当前外参 [lidar_front→cam_left]:
[19:17:31.606] [info]   旋转 RPY: (-58.8701, -88.5405, -31.0062) deg
[19:17:31.606] [info]   平移 XYZ: (0.1230, 0.0399, -0.0677) m
[19:17:32.493] [debug] [ManualAdjust] 平移增量 dxyz=(0.0000, 0.0000, 0.0050)m
[19:17:32.493] [info] [ManualAdjust] 当前外参 [lidar_front→cam_left]:
[19:17:32.493] [info]   旋转 RPY: (-58.8701, -88.5405, -31.0062) deg
[19:17:32.493] [info]   平移 XYZ: (0.1230, 0.0399, -0.0627) m
[19:17:32.910] [debug] [ManualAdjust] 平移增量 dxyz=(0.0000, 0.0000, 0.0050)m
[19:17:32.910] [info] [ManualAdjust] 当前外参 [lidar_front→cam_left]:
[19:17:32.910] [info]   旋转 RPY: (-58.8701, -88.5405, -31.0062) deg
[19:17:32.910] [info]   平移 XYZ: (0.1230, 0.0399, -0.0577) m
[19:17:34.203] [debug] [ManualAdjust] 平移增量 dxyz=(0.0000, -0.0050, 0.0000)m
[19:17:34.203] [info] [ManualAdjust] 当前外参 [lidar_front→cam_left]:
[19:17:34.203] [info]   旋转 RPY: (-58.8701, -88.5405, -31.0062) deg
[19:17:34.203] [info]   平移 XYZ: (0.1230, 0.0349, -0.0577) m
[19:17:34.851] [debug] [ManualAdjust] 平移增量 dxyz=(0.0000, 0.0050, 0.0000)m
[19:17:34.852] [info] [ManualAdjust] 当前外参 [lidar_front→cam_left]:
[19:17:34.852] [info]   旋转 RPY: (-58.8701, -88.5405, -31.0062) deg
[19:17:34.852] [info]   平移 XYZ: (0.1230, 0.0399, -0.0577) m
[19:17:35.361] [debug] [ManualAdjust] 平移增量 dxyz=(0.0000, 0.0050, 0.0000)m
[19:17:35.361] [info] [ManualAdjust] 当前外参 [lidar_front→cam_left]:
[19:17:35.361] [info]   旋转 RPY: (-58.8701, -88.5405, -31.0062) deg
[19:17:35.361] [info]   平移 XYZ: (0.1230, 0.0449, -0.0577) m
[19:17:35.387] [debug] [ManualAdjust] 平移增量 dxyz=(0.0000, 0.0050, 0.0000)m
[19:17:35.387] [info] [ManualAdjust] 当前外参 [lidar_front→cam_left]:
[19:17:35.387] [info]   旋转 RPY: (-58.8701, -88.5405, -31.0062) deg
[19:17:35.387] [info]   平移 XYZ: (0.1230, 0.0499, -0.0577) m
[19:17:35.418] [debug] [ManualAdjust] 平移增量 dxyz=(0.0000, 0.0050, 0.0000)m
[19:17:35.418] [info] [ManualAdjust] 当前外参 [lidar_front→cam_left]:
[19:17:35.418] [info]   旋转 RPY: (-58.8701, -88.5405, -31.0062) deg
[19:17:35.418] [info]   平移 XYZ: (0.1230, 0.0549, -0.0577) m
[19:17:35.447] [debug] [ManualAdjust] 平移增量 dxyz=(0.0000, 0.0050, 0.0000)m
[19:17:35.447] [info] [ManualAdjust] 当前外参 [lidar_front→cam_left]:
[19:17:35.447] [info]   旋转 RPY: (-58.8701, -88.5405, -31.0062) deg
[19:17:35.447] [info]   平移 XYZ: (0.1230, 0.0599, -0.0577) m
[19:17:35.479] [debug] [ManualAdjust] 平移增量 dxyz=(0.0000, 0.0050, 0.0000)m
[19:17:35.479] [info] [ManualAdjust] 当前外参 [lidar_front→cam_left]:
[19:17:35.479] [info]   旋转 RPY: (-58.8701, -88.5405, -31.0062) deg
[19:17:35.479] [info]   平移 XYZ: (0.1230, 0.0649, -0.0577) m
[19:17:35.512] [debug] [ManualAdjust] 平移增量 dxyz=(0.0000, 0.0050, 0.0000)m
[19:17:35.512] [info] [ManualAdjust] 当前外参 [lidar_front→cam_left]:
[19:17:35.512] [info]   旋转 RPY: (-58.8701, -88.5405, -31.0062) deg
[19:17:35.512] [info]   平移 XYZ: (0.1230, 0.0699, -0.0577) m
[19:17:35.543] [debug] [ManualAdjust] 平移增量 dxyz=(0.0000, 0.0050, 0.0000)m
[19:17:35.543] [info] [ManualAdjust] 当前外参 [lidar_front→cam_left]:
[19:17:35.543] [info]   旋转 RPY: (-58.8701, -88.5405, -31.0062) deg
[19:17:35.543] [info]   平移 XYZ: (0.1230, 0.0749, -0.0577) m
[19:17:35.574] [debug] [ManualAdjust] 平移增量 dxyz=(0.0000, 0.0050, 0.0000)m
[19:17:35.574] [info] [ManualAdjust] 当前外参 [lidar_front→cam_left]:
[19:17:35.574] [info]   旋转 RPY: (-58.8701, -88.5405, -31.0062) deg
[19:17:35.574] [info]   平移 XYZ: (0.1230, 0.0799, -0.0577) m
[19:17:35.605] [debug] [ManualAdjust] 平移增量 dxyz=(0.0000, 0.0050, 0.0000)m
[19:17:35.605] [info] [ManualAdjust] 当前外参 [lidar_front→cam_left]:
[19:17:35.605] [info]   旋转 RPY: (-58.8701, -88.5405, -31.0062) deg
[19:17:35.605] [info]   平移 XYZ: (0.1230, 0.0849, -0.0577) m
[19:17:36.067] [debug] [ManualAdjust] 平移增量 dxyz=(0.0000, 0.0050, 0.0000)m
[19:17:36.067] [info] [ManualAdjust] 当前外参 [lidar_front→cam_left]:
[19:17:36.067] [info]   旋转 RPY: (-58.8701, -88.5405, -31.0062) deg
[19:17:36.067] [info]   平移 XYZ: (0.1230, 0.0899, -0.0577) m
[19:17:36.548] [debug] [ManualAdjust] 平移增量 dxyz=(0.0000, 0.0050, 0.0000)m
[19:17:36.548] [info] [ManualAdjust] 当前外参 [lidar_front→cam_left]:
[19:17:36.548] [info]   旋转 RPY: (-58.8701, -88.5405, -31.0062) deg
[19:17:36.548] [info]   平移 XYZ: (0.1230, 0.0949, -0.0577) m
[19:17:39.116] [debug] [ManualAdjust] 平移增量 dxyz=(0.0050, 0.0000, 0.0000)m
[19:17:39.116] [info] [ManualAdjust] 当前外参 [lidar_front→cam_left]:
[19:17:39.116] [info]   旋转 RPY: (-58.8701, -88.5405, -31.0062) deg
[19:17:39.116] [info]   平移 XYZ: (0.1280, 0.0949, -0.0577) m
[19:17:39.588] [debug] [ManualAdjust] 平移增量 dxyz=(-0.0050, 0.0000, 0.0000)m
[19:17:39.588] [info] [ManualAdjust] 当前外参 [lidar_front→cam_left]:
[19:17:39.588] [info]   旋转 RPY: (-58.8701, -88.5405, -31.0062) deg
[19:17:39.588] [info]   平移 XYZ: (0.1230, 0.0949, -0.0577) m
[19:17:40.059] [debug] [ManualAdjust] 平移增量 dxyz=(0.0050, 0.0000, 0.0000)m
[19:17:40.059] [info] [ManualAdjust] 当前外参 [lidar_front→cam_left]:
[19:17:40.059] [info]   旋转 RPY: (-58.8701, -88.5405, -31.0062) deg
[19:17:40.059] [info]   平移 XYZ: (0.1280, 0.0949, -0.0577) m
[19:17:40.363] [debug] [ManualAdjust] 平移增量 dxyz=(0.0050, 0.0000, 0.0000)m
[19:17:40.363] [info] [ManualAdjust] 当前外参 [lidar_front→cam_left]:
[19:17:40.363] [info]   旋转 RPY: (-58.8701, -88.5405, -31.0062) deg
[19:17:40.363] [info]   平移 XYZ: (0.1330, 0.0949, -0.0577) m
[19:17:40.646] [debug] [ManualAdjust] 平移增量 dxyz=(0.0050, 0.0000, 0.0000)m
[19:17:40.646] [info] [ManualAdjust] 当前外参 [lidar_front→cam_left]:
[19:17:40.646] [info]   旋转 RPY: (-58.8701, -88.5405, -31.0062) deg
[19:17:40.646] [info]   平移 XYZ: (0.1380, 0.0949, -0.0577) m
[19:17:40.932] [debug] [ManualAdjust] 平移增量 dxyz=(0.0050, 0.0000, 0.0000)m
[19:17:40.932] [info] [ManualAdjust] 当前外参 [lidar_front→cam_left]:
[19:17:40.932] [info]   旋转 RPY: (-58.8701, -88.5405, -31.0062) deg
[19:17:40.932] [info]   平移 XYZ: (0.1430, 0.0949, -0.0577) m
[19:17:41.307] [debug] [ManualAdjust] 平移增量 dxyz=(0.0050, 0.0000, 0.0000)m
[19:17:41.307] [info] [ManualAdjust] 当前外参 [lidar_front→cam_left]:
[19:17:41.307] [info]   旋转 RPY: (-58.8701, -88.5405, -31.0062) deg
[19:17:41.307] [info]   平移 XYZ: (0.1480, 0.0949, -0.0577) m
[19:17:41.745] [debug] [ManualAdjust] 平移增量 dxyz=(0.0050, 0.0000, 0.0000)m
[19:17:41.745] [info] [ManualAdjust] 当前外参 [lidar_front→cam_left]:
[19:17:41.745] [info]   旋转 RPY: (-58.8701, -88.5405, -31.0062) deg
[19:17:41.745] [info]   平移 XYZ: (0.1530, 0.0949, -0.0577) m
[19:17:42.388] [debug] [ManualAdjust] 平移增量 dxyz=(-0.0050, 0.0000, 0.0000)m
[19:17:42.388] [info] [ManualAdjust] 当前外参 [lidar_front→cam_left]:
[19:17:42.388] [info]   旋转 RPY: (-58.8701, -88.5405, -31.0062) deg
[19:17:42.388] [info]   平移 XYZ: (0.1480, 0.0949, -0.0577) m
[19:17:42.780] [debug] [ManualAdjust] 平移增量 dxyz=(-0.0050, 0.0000, 0.0000)m
[19:17:42.780] [info] [ManualAdjust] 当前外参 [lidar_front→cam_left]:
[19:17:42.780] [info]   旋转 RPY: (-58.8701, -88.5405, -31.0062) deg
[19:17:42.780] [info]   平移 XYZ: (0.1430, 0.0949, -0.0577) m
[19:17:43.083] [debug] [ManualAdjust] 平移增量 dxyz=(0.0050, 0.0000, 0.0000)m
[19:17:43.083] [info] [ManualAdjust] 当前外参 [lidar_front→cam_left]:
[19:17:43.083] [info]   旋转 RPY: (-58.8701, -88.5405, -31.0062) deg
[19:17:43.083] [info]   平移 XYZ: (0.1480, 0.0949, -0.0577) m
[19:17:43.324] [debug] [ManualAdjust] 平移增量 dxyz=(0.0050, 0.0000, 0.0000)m
[19:17:43.324] [info] [ManualAdjust] 当前外参 [lidar_front→cam_left]:
[19:17:43.324] [info]   旋转 RPY: (-58.8701, -88.5405, -31.0062) deg
[19:17:43.324] [info]   平移 XYZ: (0.1530, 0.0949, -0.0577) m
[19:17:43.506] [debug] [ManualAdjust] 平移增量 dxyz=(0.0050, 0.0000, 0.0000)m
[19:17:43.506] [info] [ManualAdjust] 当前外参 [lidar_front→cam_left]:
[19:17:43.506] [info]   旋转 RPY: (-58.8701, -88.5405, -31.0062) deg
[19:17:43.506] [info]   平移 XYZ: (0.1580, 0.0949, -0.0577) m
[19:17:43.700] [debug] [ManualAdjust] 平移增量 dxyz=(0.0050, 0.0000, 0.0000)m
[19:17:43.700] [info] [ManualAdjust] 当前外参 [lidar_front→cam_left]:
[19:17:43.700] [info]   旋转 RPY: (-58.8701, -88.5405, -31.0062) deg
[19:17:43.700] [info]   平移 XYZ: (0.1630, 0.0949, -0.0577) m
[19:17:45.239] [debug] [ManualAdjust] 旋转增量 RPY=(0.000, 0.000, 0.100)deg
[19:17:45.239] [info] [ManualAdjust] 当前外参 [lidar_front→cam_left]:
[19:17:45.239] [info]   旋转 RPY: (-60.7861, -88.4540, -29.0896) deg
[19:17:45.239] [info]   平移 XYZ: (0.1630, 0.0949, -0.0577) m
[19:17:45.691] [debug] [ManualAdjust] 旋转增量 RPY=(0.000, 0.000, -0.100)deg
[19:17:45.691] [info] [ManualAdjust] 当前外参 [lidar_front→cam_left]:
[19:17:45.691] [info]   旋转 RPY: (-58.8701, -88.5405, -31.0062) deg
[19:17:45.691] [info]   平移 XYZ: (0.1630, 0.0949, -0.0577) m
[19:17:46.037] [debug] [ManualAdjust] 旋转增量 RPY=(0.000, 0.000, -0.100)deg
[19:17:46.037] [info] [ManualAdjust] 当前外参 [lidar_front→cam_left]:
[19:17:46.037] [info]   旋转 RPY: (-56.7156, -88.6251, -33.1614) deg
[19:17:46.037] [info]   平移 XYZ: (0.1630, 0.0949, -0.0577) m
[19:17:46.948] [debug] [ManualAdjust] 旋转增量 RPY=(0.000, 0.000, 0.100)deg
[19:17:46.948] [info] [ManualAdjust] 当前外参 [lidar_front→cam_left]:
[19:17:46.949] [info]   旋转 RPY: (-58.8701, -88.5405, -31.0062) deg
[19:17:46.949] [info]   平移 XYZ: (0.1630, 0.0949, -0.0577) m
[19:17:47.459] [debug] [ManualAdjust] 旋转增量 RPY=(0.000, 0.000, 0.100)deg
[19:17:47.459] [info] [ManualAdjust] 当前外参 [lidar_front→cam_left]:
[19:17:47.459] [info]   旋转 RPY: (-60.7861, -88.4540, -29.0896) deg
[19:17:47.459] [info]   平移 XYZ: (0.1630, 0.0949, -0.0577) m
[19:17:47.483] [debug] [ManualAdjust] 旋转增量 RPY=(0.000, 0.000, 0.100)deg
[19:17:47.483] [info] [ManualAdjust] 当前外参 [lidar_front→cam_left]:
[19:17:47.483] [info]   旋转 RPY: (-62.4973, -88.3660, -27.3777) deg
[19:17:47.483] [info]   平移 XYZ: (0.1630, 0.0949, -0.0577) m
[19:17:47.517] [debug] [ManualAdjust] 旋转增量 RPY=(0.000, 0.000, 0.100)deg
[19:17:47.517] [info] [ManualAdjust] 当前外参 [lidar_front→cam_left]:
[19:17:47.517] [info]   旋转 RPY: (-64.0324, -88.2767, -25.8419) deg
[19:17:47.517] [info]   平移 XYZ: (0.1630, 0.0949, -0.0577) m
[19:17:47.548] [debug] [ManualAdjust] 旋转增量 RPY=(0.000, 0.000, 0.100)deg
[19:17:47.548] [info] [ManualAdjust] 当前外参 [lidar_front→cam_left]:
[19:17:47.548] [info]   旋转 RPY: (-65.4154, -88.1863, -24.4584) deg
[19:17:47.548] [info]   平移 XYZ: (0.1630, 0.0949, -0.0577) m
[19:17:47.581] [debug] [ManualAdjust] 旋转增量 RPY=(0.000, 0.000, 0.100)deg
[19:17:47.581] [info] [ManualAdjust] 当前外参 [lidar_front→cam_left]:
[19:17:47.581] [info]   旋转 RPY: (-66.6663, -88.0949, -23.2068) deg
[19:17:47.581] [info]   平移 XYZ: (0.1630, 0.0949, -0.0577) m
[19:17:47.613] [debug] [ManualAdjust] 旋转增量 RPY=(0.000, 0.000, 0.100)deg
[19:17:47.613] [info] [ManualAdjust] 当前外参 [lidar_front→cam_left]:
[19:17:47.613] [info]   旋转 RPY: (-67.8021, -88.0027, -22.0703) deg
[19:17:47.613] [info]   平移 XYZ: (0.1630, 0.0949, -0.0577) m
[19:17:47.642] [debug] [ManualAdjust] 旋转增量 RPY=(0.000, 0.000, 0.100)deg
[19:17:47.642] [info] [ManualAdjust] 当前外参 [lidar_front→cam_left]:
[19:17:47.642] [info]   旋转 RPY: (-68.8374, -87.9097, -21.0344) deg
[19:17:47.642] [info]   平移 XYZ: (0.1630, 0.0949, -0.0577) m
[19:17:47.673] [debug] [ManualAdjust] 旋转增量 RPY=(0.000, 0.000, 0.100)deg
[19:17:47.673] [info] [ManualAdjust] 当前外参 [lidar_front→cam_left]:
[19:17:47.673] [info]   旋转 RPY: (-69.7842, -87.8162, -20.0869) deg
[19:17:47.673] [info]   平移 XYZ: (0.1630, 0.0949, -0.0577) m
[19:17:47.702] [debug] [ManualAdjust] 旋转增量 RPY=(0.000, 0.000, 0.100)deg
[19:17:47.702] [info] [ManualAdjust] 当前外参 [lidar_front→cam_left]:
[19:17:47.702] [info]   旋转 RPY: (-70.6529, -87.7221, -19.2175) deg
[19:17:47.702] [info]   平移 XYZ: (0.1630, 0.0949, -0.0577) m
[19:17:47.732] [debug] [ManualAdjust] 旋转增量 RPY=(0.000, 0.000, 0.100)deg
[19:17:47.732] [info] [ManualAdjust] 当前外参 [lidar_front→cam_left]:
[19:17:47.732] [info]   旋转 RPY: (-71.4526, -87.6275, -18.4172) deg
[19:17:47.732] [info]   平移 XYZ: (0.1630, 0.0949, -0.0577) m
[19:17:47.764] [debug] [ManualAdjust] 旋转增量 RPY=(0.000, 0.000, 0.100)deg
[19:17:47.764] [info] [ManualAdjust] 当前外参 [lidar_front→cam_left]:
[19:17:47.764] [info]   旋转 RPY: (-72.1908, -87.5325, -17.6783) deg
[19:17:47.764] [info]   平移 XYZ: (0.1630, 0.0949, -0.0577) m
[19:17:47.794] [debug] [ManualAdjust] 旋转增量 RPY=(0.000, 0.000, 0.100)deg
[19:17:47.794] [info] [ManualAdjust] 当前外参 [lidar_front→cam_left]:
[19:17:47.794] [info]   旋转 RPY: (-72.8741, -87.4371, -16.9943) deg
[19:17:47.794] [info]   平移 XYZ: (0.1630, 0.0949, -0.0577) m
[19:17:47.826] [debug] [ManualAdjust] 旋转增量 RPY=(0.000, 0.000, 0.100)deg
[19:17:47.826] [info] [ManualAdjust] 当前外参 [lidar_front→cam_left]:
[19:17:47.826] [info]   旋转 RPY: (-73.5083, -87.3414, -16.3595) deg
[19:17:47.826] [info]   平移 XYZ: (0.1630, 0.0949, -0.0577) m
[19:17:47.859] [debug] [ManualAdjust] 旋转增量 RPY=(0.000, 0.000, 0.100)deg
[19:17:47.859] [info] [ManualAdjust] 当前外参 [lidar_front→cam_left]:
[19:17:47.859] [info]   旋转 RPY: (-74.0984, -87.2453, -15.7688) deg
[19:17:47.859] [info]   平移 XYZ: (0.1630, 0.0949, -0.0577) m
[19:17:48.288] [debug] [ManualAdjust] 旋转增量 RPY=(0.000, 0.000, -0.100)deg
[19:17:48.288] [info] [ManualAdjust] 当前外参 [lidar_front→cam_left]:
[19:17:48.288] [info]   旋转 RPY: (-73.5083, -87.3414, -16.3595) deg
[19:17:48.288] [info]   平移 XYZ: (0.1630, 0.0949, -0.0577) m
[19:17:48.787] [debug] [ManualAdjust] 旋转增量 RPY=(0.000, 0.000, -0.100)deg
[19:17:48.787] [info] [ManualAdjust] 当前外参 [lidar_front→cam_left]:
[19:17:48.787] [info]   旋转 RPY: (-72.8741, -87.4371, -16.9943) deg
[19:17:48.787] [info]   平移 XYZ: (0.1630, 0.0949, -0.0577) m
[19:17:48.815] [debug] [ManualAdjust] 旋转增量 RPY=(0.000, 0.000, -0.100)deg
[19:17:48.815] [info] [ManualAdjust] 当前外参 [lidar_front→cam_left]:
[19:17:48.815] [info]   旋转 RPY: (-72.1908, -87.5325, -17.6783) deg
[19:17:48.815] [info]   平移 XYZ: (0.1630, 0.0949, -0.0577) m
[19:17:48.845] [debug] [ManualAdjust] 旋转增量 RPY=(0.000, 0.000, -0.100)deg
[19:17:48.845] [info] [ManualAdjust] 当前外参 [lidar_front→cam_left]:
[19:17:48.845] [info]   旋转 RPY: (-71.4526, -87.6275, -18.4172) deg
[19:17:48.845] [info]   平移 XYZ: (0.1630, 0.0949, -0.0577) m
[19:17:48.881] [debug] [ManualAdjust] 旋转增量 RPY=(0.000, 0.000, -0.100)deg
[19:17:48.881] [info] [ManualAdjust] 当前外参 [lidar_front→cam_left]:
[19:17:48.881] [info]   旋转 RPY: (-70.6529, -87.7221, -19.2175) deg
[19:17:48.881] [info]   平移 XYZ: (0.1630, 0.0949, -0.0577) m
[19:17:48.912] [debug] [ManualAdjust] 旋转增量 RPY=(0.000, 0.000, -0.100)deg
[19:17:48.912] [info] [ManualAdjust] 当前外参 [lidar_front→cam_left]:
[19:17:48.912] [info]   旋转 RPY: (-69.7842, -87.8162, -20.0869) deg
[19:17:48.912] [info]   平移 XYZ: (0.1630, 0.0949, -0.0577) m
[19:17:48.942] [debug] [ManualAdjust] 旋转增量 RPY=(0.000, 0.000, -0.100)deg
[19:17:48.942] [info] [ManualAdjust] 当前外参 [lidar_front→cam_left]:
[19:17:48.942] [info]   旋转 RPY: (-68.8374, -87.9097, -21.0344) deg
[19:17:48.942] [info]   平移 XYZ: (0.1630, 0.0949, -0.0577) m
[19:17:48.975] [debug] [ManualAdjust] 旋转增量 RPY=(0.000, 0.000, -0.100)deg
[19:17:48.975] [info] [ManualAdjust] 当前外参 [lidar_front→cam_left]:
[19:17:48.975] [info]   旋转 RPY: (-67.8021, -88.0027, -22.0703) deg
[19:17:48.975] [info]   平移 XYZ: (0.1630, 0.0949, -0.0577) m
[19:17:49.005] [debug] [ManualAdjust] 旋转增量 RPY=(0.000, 0.000, -0.100)deg
[19:17:49.005] [info] [ManualAdjust] 当前外参 [lidar_front→cam_left]:
[19:17:49.005] [info]   旋转 RPY: (-66.6663, -88.0949, -23.2068) deg
[19:17:49.005] [info]   平移 XYZ: (0.1630, 0.0949, -0.0577) m
[19:17:49.035] [debug] [ManualAdjust] 旋转增量 RPY=(0.000, 0.000, -0.100)deg
[19:17:49.035] [info] [ManualAdjust] 当前外参 [lidar_front→cam_left]:
[19:17:49.035] [info]   旋转 RPY: (-65.4154, -88.1863, -24.4584) deg
[19:17:49.035] [info]   平移 XYZ: (0.1630, 0.0949, -0.0577) m
[19:17:49.067] [debug] [ManualAdjust] 旋转增量 RPY=(0.000, 0.000, -0.100)deg
[19:17:49.067] [info] [ManualAdjust] 当前外参 [lidar_front→cam_left]:
[19:17:49.067] [info]   旋转 RPY: (-64.0324, -88.2767, -25.8419) deg
[19:17:49.067] [info]   平移 XYZ: (0.1630, 0.0949, -0.0577) m
[19:17:49.097] [debug] [ManualAdjust] 旋转增量 RPY=(0.000, 0.000, -0.100)deg
[19:17:49.097] [info] [ManualAdjust] 当前外参 [lidar_front→cam_left]:
[19:17:49.097] [info]   旋转 RPY: (-62.4973, -88.3660, -27.3777) deg
[19:17:49.097] [info]   平移 XYZ: (0.1630, 0.0949, -0.0577) m
[19:17:49.128] [debug] [ManualAdjust] 旋转增量 RPY=(0.000, 0.000, -0.100)deg
[19:17:49.128] [info] [ManualAdjust] 当前外参 [lidar_front→cam_left]:
[19:17:49.128] [info]   旋转 RPY: (-60.7861, -88.4540, -29.0896) deg
[19:17:49.128] [info]   平移 XYZ: (0.1630, 0.0949, -0.0577) m
[19:17:49.158] [debug] [ManualAdjust] 旋转增量 RPY=(0.000, 0.000, -0.100)deg
[19:17:49.158] [info] [ManualAdjust] 当前外参 [lidar_front→cam_left]:
[19:17:49.158] [info]   旋转 RPY: (-58.8701, -88.5405, -31.0062) deg
[19:17:49.158] [info]   平移 XYZ: (0.1630, 0.0949, -0.0577) m
[19:17:49.555] [debug] [ManualAdjust] 平移增量 dxyz=(0.0050, 0.0000, 0.0000)m
[19:17:49.555] [info] [ManualAdjust] 当前外参 [lidar_front→cam_left]:
[19:17:49.555] [info]   旋转 RPY: (-58.8701, -88.5405, -31.0062) deg
[19:17:49.555] [info]   平移 XYZ: (0.1680, 0.0949, -0.0577) m
[19:17:50.055] [debug] [ManualAdjust] 平移增量 dxyz=(0.0050, 0.0000, 0.0000)m
[19:17:50.055] [info] [ManualAdjust] 当前外参 [lidar_front→cam_left]:
[19:17:50.055] [info]   旋转 RPY: (-58.8701, -88.5405, -31.0062) deg
[19:17:50.055] [info]   平移 XYZ: (0.1730, 0.0949, -0.0577) m
[19:17:50.085] [debug] [ManualAdjust] 平移增量 dxyz=(0.0050, 0.0000, 0.0000)m
[19:17:50.085] [info] [ManualAdjust] 当前外参 [lidar_front→cam_left]:
[19:17:50.085] [info]   旋转 RPY: (-58.8701, -88.5405, -31.0062) deg
[19:17:50.085] [info]   平移 XYZ: (0.1780, 0.0949, -0.0577) m
[19:17:50.114] [debug] [ManualAdjust] 平移增量 dxyz=(0.0050, 0.0000, 0.0000)m
[19:17:50.114] [info] [ManualAdjust] 当前外参 [lidar_front→cam_left]:
[19:17:50.114] [info]   旋转 RPY: (-58.8701, -88.5405, -31.0062) deg
[19:17:50.114] [info]   平移 XYZ: (0.1830, 0.0949, -0.0577) m
[19:17:50.146] [debug] [ManualAdjust] 平移增量 dxyz=(0.0050, 0.0000, 0.0000)m
[19:17:50.146] [info] [ManualAdjust] 当前外参 [lidar_front→cam_left]:
[19:17:50.146] [info]   旋转 RPY: (-58.8701, -88.5405, -31.0062) deg
[19:17:50.146] [info]   平移 XYZ: (0.1880, 0.0949, -0.0577) m
[19:17:50.176] [debug] [ManualAdjust] 平移增量 dxyz=(0.0050, 0.0000, 0.0000)m
[19:17:50.176] [info] [ManualAdjust] 当前外参 [lidar_front→cam_left]:
[19:17:50.176] [info]   旋转 RPY: (-58.8701, -88.5405, -31.0062) deg
[19:17:50.176] [info]   平移 XYZ: (0.1930, 0.0949, -0.0577) m
[19:17:50.206] [debug] [ManualAdjust] 平移增量 dxyz=(0.0050, 0.0000, 0.0000)m
[19:17:50.206] [info] [ManualAdjust] 当前外参 [lidar_front→cam_left]:
[19:17:50.206] [info]   旋转 RPY: (-58.8701, -88.5405, -31.0062) deg
[19:17:50.206] [info]   平移 XYZ: (0.1980, 0.0949, -0.0577) m
[19:17:50.484] [debug] [ManualAdjust] 平移增量 dxyz=(-0.0050, 0.0000, 0.0000)m
[19:17:50.484] [info] [ManualAdjust] 当前外参 [lidar_front→cam_left]:
[19:17:50.484] [info]   旋转 RPY: (-58.8701, -88.5405, -31.0062) deg
[19:17:50.484] [info]   平移 XYZ: (0.1930, 0.0949, -0.0577) m
[19:17:50.992] [debug] [ManualAdjust] 平移增量 dxyz=(-0.0050, 0.0000, 0.0000)m
[19:17:50.992] [info] [ManualAdjust] 当前外参 [lidar_front→cam_left]:
[19:17:50.992] [info]   旋转 RPY: (-58.8701, -88.5405, -31.0062) deg
[19:17:50.992] [info]   平移 XYZ: (0.1880, 0.0949, -0.0577) m
[19:17:51.028] [debug] [ManualAdjust] 平移增量 dxyz=(-0.0050, 0.0000, 0.0000)m
[19:17:51.028] [info] [ManualAdjust] 当前外参 [lidar_front→cam_left]:
[19:17:51.028] [info]   旋转 RPY: (-58.8701, -88.5405, -31.0062) deg
[19:17:51.028] [info]   平移 XYZ: (0.1830, 0.0949, -0.0577) m
[19:17:51.059] [debug] [ManualAdjust] 平移增量 dxyz=(-0.0050, 0.0000, 0.0000)m
[19:17:51.059] [info] [ManualAdjust] 当前外参 [lidar_front→cam_left]:
[19:17:51.059] [info]   旋转 RPY: (-58.8701, -88.5405, -31.0062) deg
[19:17:51.059] [info]   平移 XYZ: (0.1780, 0.0949, -0.0577) m
[19:17:51.089] [debug] [ManualAdjust] 平移增量 dxyz=(-0.0050, 0.0000, 0.0000)m
[19:17:51.089] [info] [ManualAdjust] 当前外参 [lidar_front→cam_left]:
[19:17:51.089] [info]   旋转 RPY: (-58.8701, -88.5405, -31.0062) deg
[19:17:51.089] [info]   平移 XYZ: (0.1730, 0.0949, -0.0577) m
[19:17:51.119] [debug] [ManualAdjust] 平移增量 dxyz=(-0.0050, 0.0000, 0.0000)m
[19:17:51.119] [info] [ManualAdjust] 当前外参 [lidar_front→cam_left]:
[19:17:51.119] [info]   旋转 RPY: (-58.8701, -88.5405, -31.0062) deg
[19:17:51.119] [info]   平移 XYZ: (0.1680, 0.0949, -0.0577) m
[19:17:51.151] [debug] [ManualAdjust] 平移增量 dxyz=(-0.0050, 0.0000, 0.0000)m
[19:17:51.151] [info] [ManualAdjust] 当前外参 [lidar_front→cam_left]:
[19:17:51.151] [info]   旋转 RPY: (-58.8701, -88.5405, -31.0062) deg
[19:17:51.151] [info]   平移 XYZ: (0.1630, 0.0949, -0.0577) m
[19:17:51.181] [debug] [ManualAdjust] 平移增量 dxyz=(-0.0050, 0.0000, 0.0000)m
[19:17:51.181] [info] [ManualAdjust] 当前外参 [lidar_front→cam_left]:
[19:17:51.181] [info]   旋转 RPY: (-58.8701, -88.5405, -31.0062) deg
[19:17:51.181] [info]   平移 XYZ: (0.1580, 0.0949, -0.0577) m
[19:17:51.213] [debug] [ManualAdjust] 平移增量 dxyz=(-0.0050, 0.0000, 0.0000)m
[19:17:51.213] [info] [ManualAdjust] 当前外参 [lidar_front→cam_left]:
[19:17:51.213] [info]   旋转 RPY: (-58.8701, -88.5405, -31.0062) deg
[19:17:51.213] [info]   平移 XYZ: (0.1530, 0.0949, -0.0577) m
[19:17:51.244] [debug] [ManualAdjust] 平移增量 dxyz=(-0.0050, 0.0000, 0.0000)m
[19:17:51.244] [info] [ManualAdjust] 当前外参 [lidar_front→cam_left]:
[19:17:51.244] [info]   旋转 RPY: (-58.8701, -88.5405, -31.0062) deg
[19:17:51.244] [info]   平移 XYZ: (0.1480, 0.0949, -0.0577) m
[19:17:51.273] [debug] [ManualAdjust] 平移增量 dxyz=(-0.0050, 0.0000, 0.0000)m
[19:17:51.273] [info] [ManualAdjust] 当前外参 [lidar_front→cam_left]:
[19:17:51.273] [info]   旋转 RPY: (-58.8701, -88.5405, -31.0062) deg
[19:17:51.273] [info]   平移 XYZ: (0.1430, 0.0949, -0.0577) m
[19:17:51.304] [debug] [ManualAdjust] 平移增量 dxyz=(-0.0050, 0.0000, 0.0000)m
[19:17:51.304] [info] [ManualAdjust] 当前外参 [lidar_front→cam_left]:
[19:17:51.304] [info]   旋转 RPY: (-58.8701, -88.5405, -31.0062) deg
[19:17:51.304] [info]   平移 XYZ: (0.1380, 0.0949, -0.0577) m
[19:17:51.334] [debug] [ManualAdjust] 平移增量 dxyz=(-0.0050, 0.0000, 0.0000)m
[19:17:51.334] [info] [ManualAdjust] 当前外参 [lidar_front→cam_left]:
[19:17:51.334] [info]   旋转 RPY: (-58.8701, -88.5405, -31.0062) deg
[19:17:51.334] [info]   平移 XYZ: (0.1330, 0.0949, -0.0577) m
[19:17:51.364] [debug] [ManualAdjust] 平移增量 dxyz=(-0.0050, 0.0000, 0.0000)m
[19:17:51.364] [info] [ManualAdjust] 当前外参 [lidar_front→cam_left]:
[19:17:51.364] [info]   旋转 RPY: (-58.8701, -88.5405, -31.0062) deg
[19:17:51.364] [info]   平移 XYZ: (0.1280, 0.0949, -0.0577) m
[19:17:51.394] [debug] [ManualAdjust] 平移增量 dxyz=(-0.0050, 0.0000, 0.0000)m
[19:17:51.394] [info] [ManualAdjust] 当前外参 [lidar_front→cam_left]:
[19:17:51.394] [info]   旋转 RPY: (-58.8701, -88.5405, -31.0062) deg
[19:17:51.394] [info]   平移 XYZ: (0.1230, 0.0949, -0.0577) m
[19:17:51.424] [debug] [ManualAdjust] 平移增量 dxyz=(-0.0050, 0.0000, 0.0000)m
[19:17:51.424] [info] [ManualAdjust] 当前外参 [lidar_front→cam_left]:
[19:17:51.424] [info]   旋转 RPY: (-58.8701, -88.5405, -31.0062) deg
[19:17:51.424] [info]   平移 XYZ: (0.1180, 0.0949, -0.0577) m
[19:17:52.364] [debug] [ManualAdjust] 旋转增量 RPY=(0.000, 0.100, 0.000)deg
[19:17:52.364] [info] [ManualAdjust] 当前外参 [lidar_front→cam_left]:
[19:17:52.364] [info]   旋转 RPY: (-55.6288, -88.4864, -34.2486) deg
[19:17:52.364] [info]   平移 XYZ: (0.1180, 0.0949, -0.0577) m
[19:17:53.124] [debug] [ManualAdjust] 旋转增量 RPY=(0.000, -0.100, 0.000)deg
[19:17:53.124] [info] [ManualAdjust] 当前外参 [lidar_front→cam_left]:
[19:17:53.124] [info]   旋转 RPY: (-58.8701, -88.5405, -31.0062) deg
[19:17:53.124] [info]   平移 XYZ: (0.1180, 0.0949, -0.0577) m
[19:17:53.145] [info] [ManualAdjust] 结果已保存: ./results/lidar_camera_extrinsic/manual_extrinsic_20260408_191753.yaml
[19:17:53.145] [info] [ManualCalib] 手动微调快照已保存:
[19:17:53.145] [info]   - 投影图: ./results/lidar_camera_extrinsic/manual_projection_20260408_191753.png
[19:17:53.145] [info]   - 点云:   ./results/lidar_camera_extrinsic/manual_cloud_20260408_191753.pcd
[19:17:53.145] [info]   - 外参:   ./results/lidar_camera_extrinsic/manual_extrinsic_20260408_191753.yaml
[19:17:53.621] [debug] [ManualAdjust] 旋转增量 RPY=(0.000, -0.100, 0.000)deg
[19:17:53.621] [info] [ManualAdjust] 当前外参 [lidar_front→cam_left]:
[19:17:53.621] [info]   旋转 RPY: (-62.3489, -88.5896, -27.5264) deg
[19:17:53.621] [info]   平移 XYZ: (0.1180, 0.0949, -0.0577) m
[19:17:53.654] [info] [ManualAdjust] 结果已保存: ./results/lidar_camera_extrinsic/manual_extrinsic_20260408_191753.yaml
[19:17:53.654] [info] [ManualCalib] 手动微调快照已保存:
[19:17:53.654] [info]   - 投影图: ./results/lidar_camera_extrinsic/manual_projection_20260408_191753.png
[19:17:53.654] [info]   - 点云:   ./results/lidar_camera_extrinsic/manual_cloud_20260408_191753.pcd
[19:17:53.654] [info]   - 外参:   ./results/lidar_camera_extrinsic/manual_extrinsic_20260408_191753.yaml
[19:17:53.655] [debug] [ManualAdjust] 旋转增量 RPY=(0.000, -0.100, 0.000)deg
[19:17:53.655] [info] [ManualAdjust] 当前外参 [lidar_front→cam_left]:
[19:17:53.655] [info]   旋转 RPY: (-66.0638, -88.6331, -23.8104) deg
[19:17:53.655] [info]   平移 XYZ: (0.1180, 0.0949, -0.0577) m
[19:17:53.663] [info] [ManualAdjust] 结果已保存: ./results/lidar_camera_extrinsic/manual_extrinsic_20260408_191753.yaml
[19:17:53.663] [info] [ManualCalib] 手动微调快照已保存:
[19:17:53.663] [info]   - 投影图: ./results/lidar_camera_extrinsic/manual_projection_20260408_191753.png
[19:17:53.663] [info]   - 点云:   ./results/lidar_camera_extrinsic/manual_cloud_20260408_191753.pcd
[19:17:53.663] [info]   - 外参:   ./results/lidar_camera_extrinsic/manual_extrinsic_20260408_191753.yaml
[19:17:53.680] [debug] [ManualAdjust] 旋转增量 RPY=(0.000, -0.100, 0.000)deg
[19:17:53.680] [info] [ManualAdjust] 当前外参 [lidar_front→cam_left]:
[19:17:53.680] [info]   旋转 RPY: (-70.0053, -88.6706, -19.8678) deg
[19:17:53.680] [info]   平移 XYZ: (0.1180, 0.0949, -0.0577) m
[19:17:53.692] [info] [ManualAdjust] 结果已保存: ./results/lidar_camera_extrinsic/manual_extrinsic_20260408_191753.yaml
[19:17:53.692] [info] [ManualCalib] 手动微调快照已保存:
[19:17:53.692] [info]   - 投影图: ./results/lidar_camera_extrinsic/manual_projection_20260408_191753.png
[19:17:53.692] [info]   - 点云:   ./results/lidar_camera_extrinsic/manual_cloud_20260408_191753.pcd
[19:17:53.692] [info]   - 外参:   ./results/lidar_camera_extrinsic/manual_extrinsic_20260408_191753.yaml
[19:17:53.711] [debug] [ManualAdjust] 旋转增量 RPY=(0.000, -0.100, 0.000)deg
[19:17:53.711] [info] [ManualAdjust] 当前外参 [lidar_front→cam_left]:
[19:17:53.711] [info]   旋转 RPY: (-74.1542, -88.7014, -15.7178) deg
[19:17:53.711] [info]   平移 XYZ: (0.1180, 0.0949, -0.0577) m
[19:17:53.722] [info] [ManualAdjust] 结果已保存: ./results/lidar_camera_extrinsic/manual_extrinsic_20260408_191753.yaml
[19:17:53.722] [info] [ManualCalib] 手动微调快照已保存:
[19:17:53.722] [info]   - 投影图: ./results/lidar_camera_extrinsic/manual_projection_20260408_191753.png
[19:17:53.722] [info]   - 点云:   ./results/lidar_camera_extrinsic/manual_cloud_20260408_191753.pcd
[19:17:53.722] [info]   - 外参:   ./results/lidar_camera_extrinsic/manual_extrinsic_20260408_191753.yaml
[19:17:53.741] [debug] [ManualAdjust] 旋转增量 RPY=(0.000, -0.100, 0.000)deg
[19:17:53.741] [info] [ManualAdjust] 当前外参 [lidar_front→cam_left]:
[19:17:53.741] [info]   旋转 RPY: (-78.4807, -88.7250, -11.3902) deg
[19:17:53.741] [info]   平移 XYZ: (0.1180, 0.0949, -0.0577) m
[19:17:53.753] [info] [ManualAdjust] 结果已保存: ./results/lidar_camera_extrinsic/manual_extrinsic_20260408_191753.yaml
[19:17:53.753] [info] [ManualCalib] 手动微调快照已保存:
[19:17:53.753] [info]   - 投影图: ./results/lidar_camera_extrinsic/manual_projection_20260408_191753.png
[19:17:53.753] [info]   - 点云:   ./results/lidar_camera_extrinsic/manual_cloud_20260408_191753.pcd
[19:17:53.753] [info]   - 外参:   ./results/lidar_camera_extrinsic/manual_extrinsic_20260408_191753.yaml
[19:17:53.771] [debug] [ManualAdjust] 旋转增量 RPY=(0.000, -0.100, 0.000)deg
[19:17:53.771] [info] [ManualAdjust] 当前外参 [lidar_front→cam_left]:
[19:17:53.771] [info]   旋转 RPY: (-82.9444, -88.7412, -6.9255) deg
[19:17:53.771] [info]   平移 XYZ: (0.1180, 0.0949, -0.0577) m
[19:17:53.780] [info] [ManualAdjust] 结果已保存: ./results/lidar_camera_extrinsic/manual_extrinsic_20260408_191753.yaml
[19:17:53.780] [info] [ManualCalib] 手动微调快照已保存:
[19:17:53.780] [info]   - 投影图: ./results/lidar_camera_extrinsic/manual_projection_20260408_191753.png
[19:17:53.780] [info]   - 点云:   ./results/lidar_camera_extrinsic/manual_cloud_20260408_191753.pcd
[19:17:53.780] [info]   - 外参:   ./results/lidar_camera_extrinsic/manual_extrinsic_20260408_191753.yaml
[19:17:54.107] [debug] [ManualAdjust] 旋转增量 RPY=(0.000, 0.100, 0.000)deg
[19:17:54.108] [info] [ManualAdjust] 当前外参 [lidar_front→cam_left]:
[19:17:54.108] [info]   旋转 RPY: (-78.4807, -88.7250, -11.3902) deg
[19:17:54.108] [info]   平移 XYZ: (0.1180, 0.0949, -0.0577) m
[19:17:54.611] [debug] [ManualAdjust] 旋转增量 RPY=(0.000, 0.100, 0.000)deg
[19:17:54.611] [info] [ManualAdjust] 当前外参 [lidar_front→cam_left]:
[19:17:54.611] [info]   旋转 RPY: (-74.1542, -88.7014, -15.7178) deg
[19:17:54.611] [info]   平移 XYZ: (0.1180, 0.0949, -0.0577) m
[19:17:54.640] [debug] [ManualAdjust] 旋转增量 RPY=(0.000, 0.100, 0.000)deg
[19:17:54.640] [info] [ManualAdjust] 当前外参 [lidar_front→cam_left]:
[19:17:54.640] [info]   旋转 RPY: (-70.0053, -88.6706, -19.8678) deg
[19:17:54.640] [info]   平移 XYZ: (0.1180, 0.0949, -0.0577) m
[19:17:54.672] [debug] [ManualAdjust] 旋转增量 RPY=(0.000, 0.100, 0.000)deg
[19:17:54.672] [info] [ManualAdjust] 当前外参 [lidar_front→cam_left]:
[19:17:54.672] [info]   旋转 RPY: (-66.0638, -88.6331, -23.8104) deg
[19:17:54.672] [info]   平移 XYZ: (0.1180, 0.0949, -0.0577) m
[19:17:54.702] [debug] [ManualAdjust] 旋转增量 RPY=(0.000, 0.100, 0.000)deg
[19:17:54.702] [info] [ManualAdjust] 当前外参 [lidar_front→cam_left]:
[19:17:54.702] [info]   旋转 RPY: (-62.3489, -88.5896, -27.5264) deg
[19:17:54.702] [info]   平移 XYZ: (0.1180, 0.0949, -0.0577) m
[19:17:54.732] [debug] [ManualAdjust] 旋转增量 RPY=(0.000, 0.100, 0.000)deg
[19:17:54.734] [info] [ManualAdjust] 当前外参 [lidar_front→cam_left]:
[19:17:54.734] [info]   旋转 RPY: (-58.8701, -88.5405, -31.0062) deg
[19:17:54.734] [info]   平移 XYZ: (0.1180, 0.0949, -0.0577) m
[19:17:59.295] [info] [ManualSession] 用户取消，保留自动标定结果
[19:17:59.295] [debug] [ManualSession] 事件: lidar_cam_end | final_rms=0.000000
[19:17:59.295] [info] [ManualSession] 会话已保存: ./results/manual_sessions/session_2026-04-08_19-17-15.yaml
[19:17:59.295] [info] ━━━━━━━━━━━━━━━━━━━━━━━━━━━━━━━━━━━━━━━━━
[19:17:59.295] [info] ■ 结束阶段: [Manual-Refine] 任务: [lidar_cam_extrin]
[19:17:59.295] [info]   结果: ✓ 成功 | 残差RMS: 0.0000 | 耗时: 43788 ms
[19:17:59.295] [info]   消息: LiDAR-Camera 手动调整完成
[19:17:59.295] [info] [CALC] 阶段结束 stage=Manual-Refine task=lidar_cam_extrin success=true residual_rms=0.000000 elapsed_ms=43788.4 threshold=-1.0000
[19:17:59.295] [info] ━━━━━━━━━━━━━━━━━━━━━━━━━━━━━━━━━━━━━━━━━
[19:17:59.295] [info] ====== Pipeline Report: pipeline_20260408_191646 ======
[19:17:59.296] [info]   Total time: 72881.4 ms
[19:17:59.296] [info]   All stages succeeded: YES
[19:17:59.296] [info]   标定质量: 各阶段 RMS 均在阈值内
[19:17:59.296] [info]   [Coarse-AI-lidar_cam_extrin] success=true rms=0.0000 time=0.0ms: 使用配置 initial_extrinsic 作为粗标定结果，精标定将以此起步
[19:17:59.296] [info]   [Fine-Auto-lidar_cam_extrin] success=true rms=0.0000 time=29093.0ms: LiDAR-Camera 精标定完成: 1 个相机, 最大 RMS=0.000000 px
[19:17:59.296] [info]   [Manual-Refine-lidar_cam_extrin] success=true rms=0.0000 time=43788.4ms: LiDAR-Camera 手动调整完成

╔══════════════════════════════════════════════════════╗
║              标定参数汇总                            ║
╠══════════════════════════════════════════════════════╣
║ 外参:
║   lidar_front->cam_left:
║     R(RPY°): [-58.87, -88.54, -31.01]
║     T(m):    [0.12, 0.04, -0.06]
║     时偏(s): 0.00
║     RMS:     0.00 ✗
╚══════════════════════════════════════════════════════╝

[19:17:59.296] [info] ================================
[19:17:59.297] [info] Pipeline report saved: ./results/pipeline_report_20260408_191646.yaml
[19:17:59.297] [info] ====== Pipeline Report: pipeline_20260408_191646 ======
[19:17:59.297] [info]   Total time: 72881.4 ms
[19:17:59.297] [info]   All stages succeeded: YES
[19:17:59.297] [info]   标定质量: 各阶段 RMS 均在阈值内
[19:17:59.297] [info]   [Coarse-AI-lidar_cam_extrin] success=true rms=0.0000 time=0.0ms: 使用配置 initial_extrinsic 作为粗标定结果，精标定将以此起步
[19:17:59.297] [info]   [Fine-Auto-lidar_cam_extrin] success=true rms=0.0000 time=29093.0ms: LiDAR-Camera 精标定完成: 1 个相机, 最大 RMS=0.000000 px
[19:17:59.297] [info]   [Manual-Refine-lidar_cam_extrin] success=true rms=0.0000 time=43788.4ms: LiDAR-Camera 手动调整完成

╔══════════════════════════════════════════════════════╗
║              标定参数汇总                            ║
╠══════════════════════════════════════════════════════╣
║ 外参:
║   lidar_front->cam_left:
║     R(RPY°): [-58.87, -88.54, -31.01]
║     T(m):    [0.12, 0.04, -0.06]
║     时偏(s): 0.00
║     RMS:     0.00 ✗
╚══════════════════════════════════════════════════════╝

[19:17:59.297] [info] ================================
[19:17:59.297] [info] ━━━━━━━━━━━━━━━━━━━━━━━━━━━━━━━━━━━━
[19:17:59.297] [info] LiDAR-Camera 标定流程完成
[19:17:59.297] [info] 结果目录: ./results
[19:17:59.297] [info] 标定流程正常退出 exit_code=0
[19:17:59.297] [info] ━━━━━━━━━━━━━━━━━━━━━━━━━━━━━━━━━━━━
