
 ╔═══════════════════════════════════════════════════════╗
 ║   UniCalib — LiDAR-Camera 外参标定                    ║
 ║   两阶段: AI粗标定(MIAS-LCEC) → 无目标边缘精标定      ║
 ║   手动校准: --manual 触发 6-DOF 交互式调整             ║
 ╚═══════════════════════════════════════════════════════╝

[2026-04-10 18:44:22.320] [info] [LiDAR-Camera] [:] ━━━━━━━━━━━━━━━━━━━━━━━━━━━━━━━━━━━━
[2026-04-10 18:44:22.320] [info] [LiDAR-Camera] [:] 配置文件: /root/calib_ws/calib_unified/config/unicalib_example.yaml
[2026-04-10 18:44:22.320] [info] [LiDAR-Camera] [:] 输出目录: /root/calib_ws/results
[2026-04-10 18:44:22.320] [info] [LiDAR-Camera] [:] 数据根目录: /root/calib_ws/data (--data-dir 或 CALIB_DATA_DIR)
[2026-04-10 18:44:22.320] [info] [LiDAR-Camera] [:] 精标定方法: edge (无目标优先=true)
[2026-04-10 18:44:22.320] [info] [LiDAR-Camera] [:] AI粗标定: true | 手动校准: true
[2026-04-10 18:44:22.320] [info] [LiDAR-Camera] [:] ━━━━━━━━━━━━━━━━━━━━━━━━━━━━━━━━━━━━
[2026-04-10 18:44:22.322] [info] [LiDAR-Camera] [:] 读取系统配置: /root/calib_ws/calib_unified/config/unicalib_example.yaml
[2026-04-10 18:44:22.323] [info] [LiDAR-Camera] [:]   IMU: 1, LiDAR: 2, Camera: 2
[2026-04-10 18:44:22.323] [info] [LiDAR-Camera] [:] ━━━━━━━━━━━━━━━━━━━━━━━━━━━━━━━━━━━━ [数据路径] ━━━━━━━━━━━━━━━━━━━━━━━━━━━━━
[2026-04-10 18:44:22.323] [info] [LiDAR-Camera] [:]   数据路径来源: 统一格式 (data.lidar.<id> / data.camera.<id>.images_dir)
[2026-04-10 18:44:22.323] [info] [LiDAR-Camera] [:]   配置原始值 — lidar:  nya_02_slam_imu_to_lidar/lidar_horz.yaml
[2026-04-10 18:44:22.323] [info] [LiDAR-Camera] [:]   配置原始值 — camera: lidar_camera_calibration-master/calibration_data/camera_calibration
[2026-04-10 18:44:22.323] [info] [LiDAR-Camera] [:]   base_data_dir:  /root/calib_ws/data
[2026-04-10 18:44:22.323] [info] [LiDAR-Camera] [:]   base 来源: 命令行 --data-dir
[2026-04-10 18:44:22.323] [info] [LiDAR-Camera] [:]   lidar_dir:      /root/calib_ws/data/nya_02_slam_imu_to_lidar/lidar_horz.yaml
[2026-04-10 18:44:22.323] [info] [LiDAR-Camera] [:]     → 相对路径，已与 base 拼接
[2026-04-10 18:44:22.323] [info] [LiDAR-Camera] [:]     → 存在: 是
[2026-04-10 18:44:22.323] [info] [LiDAR-Camera] [:]   camera_dir:     /root/calib_ws/data/lidar_camera_calibration-master/calibration_data/camera_calibration
[2026-04-10 18:44:22.323] [info] [LiDAR-Camera] [:]     → 相对路径，已与 base 拼接
[2026-04-10 18:44:22.323] [info] [LiDAR-Camera] [:]     → 存在: 是
[2026-04-10 18:44:22.323] [info] [LiDAR-Camera] [:]   【数据就绪】是 — 点云与图像目录均存在，将执行精标定
[2026-04-10 18:44:22.323] [info] [LiDAR-Camera] [:]   说明: 使用 --dataset 时请将 data.lidar/data.camera 设为相对 base 的路径（如 pcd、images），不要使用 /path/to/... 占位符
[2026-04-10 18:44:22.323] [info] [LiDAR-Camera] [:] ━━━━━━━━━━━━━━━━━━━━━━━━━━━━━━━━━━━━━━━━━━━━━━━━━━━━━━━━━━━━━━━━━━━━━━━━━━━━
[2026-04-10 18:44:22.323] [info] [LiDAR-Camera] [:] [LiDAR-Cam] use_config_extrinsic_only=true：跳过 AI 粗标定，将使用配置 initial_extrinsic 直接进入精标定/手动微调
[2026-04-10 18:44:22.323] [info] [LiDAR-Camera] [:] 读取系统配置: /root/calib_ws/calib_unified/config/unicalib_example.yaml
[2026-04-10 18:44:22.324] [info] [LiDAR-Camera] [:]   IMU: 1, LiDAR: 2, Camera: 2
[2026-04-10 18:44:22.324] [info] [LiDAR-Camera] [:] 读取系统配置: /root/calib_ws/calib_unified/config/unicalib_example.yaml
[2026-04-10 18:44:22.325] [info] [LiDAR-Camera] [:]   IMU: 1, LiDAR: 2, Camera: 2
[2026-04-10 18:44:22.325] [info] [LiDAR-Camera] [:] 配置: 使用 ROS2 bag 模式（离线标定）
[2026-04-10 18:44:22.325] [info] [LiDAR-Camera] [:]   Bag 路径: /root/calib_ws/data/nya_02_slam_imu_to_lidar/nya_02_ros2
[2026-04-10 18:44:22.325] [info] [LiDAR-Camera] [:]   LiDAR 话题: /os1_cloud_node1/points
[2026-04-10 18:44:22.325] [info] [LiDAR-Camera] [:]   相机话题: /left/image_raw
[2026-04-10 18:44:22.325] [info] [LiDAR-Camera] [:]   IMU 话题: /imu/imu
[2026-04-10 18:44:22.325] [info] [LiDAR-Camera] [:] [数据源] 类型=ROS2_BAG  path=/root/calib_ws/data/nya_02_slam_imu_to_lidar/nya_02_ros2  lidar_topic=/os1_cloud_node1/points  camera_topic=/left/image_raw
[2026-04-10 18:44:22.325] [info] [LiDAR-Camera] [:]   内参将从相机标定结果读取: ./results/camera_intrinsic/camera_intrinsic_cam_left.yaml (camera_id=cam_left)
[2026-04-10 18:44:22.325] [info] [LiDAR-Camera] [:]   内参将从相机标定结果读取: ./results/camera_intrinsic/camera_intrinsic_cam_right.yaml (camera_id=cam_right)
[2026-04-10 18:44:22.326] [info] [LiDAR-Camera] [:] [CalibPipeline] 初始化 ID=pipeline_20260410_184422
[2026-04-10 18:44:22.326] [info] [LiDAR-Camera] [:] [CalibPipeline] 输出目录: ./results
[2026-04-10 18:44:22.326] [info] [LiDAR-Camera] [:] [CalibPipeline] 无目标优先: true
[2026-04-10 18:44:22.326] [info] [LiDAR-Camera] [:] [CalibPipeline] 任务掩码: 0x10
[2026-04-10 18:44:22.326] [info] [LiDAR-Camera] [:] ▶ Stage 2: 精标定 (方法=edge)
[2026-04-10 18:44:22.326] [info] [LiDAR-Camera] [:] ▶ Stage 3: 手动校准 (manual_threshold=2.00px)
[2026-04-10 18:44:22.326] [info] [LiDAR-Camera] [:]   使用 ManualCalibSession 进行 6-DOF 交互式调整
[2026-04-10 18:44:22.326] [info] [LiDAR-Camera] [:]   调用示例:
[2026-04-10 18:44:22.326] [info] [LiDAR-Camera] [:]     ManualCalibSession::SessionConfig sess_cfg;
[2026-04-10 18:44:22.326] [info] [LiDAR-Camera] [:]     sess_cfg.save_dir = "./results/manual_sessions";
[2026-04-10 18:44:22.326] [info] [LiDAR-Camera] [:]     ManualCalibSession session(sess_cfg);
[2026-04-10 18:44:22.326] [info] [LiDAR-Camera] [:]     auto result = session.run_lidar_cam(scan, image, intrin, auto_result, auto_rms);
[2026-04-10 18:44:22.326] [info] [LiDAR-Camera] [:] 
[2026-04-10 18:44:22.326] [info] [LiDAR-Camera] [:] ╔═══════════════════════════════════════════════╗
[2026-04-10 18:44:22.326] [info] [LiDAR-Camera] [:] ║   UniCalib 两阶段标定流水线 — 开始            ║
[2026-04-10 18:44:22.326] [info] [LiDAR-Camera] [:] ║   Pipeline ID: pipeline_20260410_184422       ║
[2026-04-10 18:44:22.326] [info] [LiDAR-Camera] [:] ╚═══════════════════════════════════════════════╝
[2026-04-10 18:44:22.326] [info] [LiDAR-Camera] [:] [Coarse-AI/LiDAR-Cam] enable_coarse_lidar_cam=true → do_coarse=true
[18:44:22.326] [info] 
[18:44:22.326] [info] ━━━━━━━━━━━━━━━━━━━━━━━━━━━━━━━━━━━━━━━━━
[18:44:22.326] [info] ▶ 开始阶段: [Coarse-AI] 任务: [lidar_cam_extrin]
[18:44:22.326] [info]   描述: AI模型提供初始估计值
[18:44:22.326] [info] ━━━━━━━━━━━━━━━━━━━━━━━━━━━━━━━━━━━━━━━━━
[18:44:22.326] [info] [CALC] 粗标定阶段开始 task=lidar_cam_extrin
[18:44:22.326] [info] [Coarse-AI/LiDAR-Cam] 使用配置粗标定初值作为粗标定结果 t=[0.123,0.040,-0.058]m，精标定将以此起步
[18:44:22.326] [info] ━━━━━━━━━━━━━━━━━━━━━━━━━━━━━━━━━━━━━━━━━
[18:44:22.326] [info] ■ 结束阶段: [Coarse-AI] 任务: [lidar_cam_extrin]
[18:44:22.326] [info]   结果: ✓ 成功 | 残差RMS: 0.0000 | 耗时: 0 ms
[18:44:22.326] [info]   消息: 使用配置 initial_extrinsic 作为粗标定结果，精标定将以此起步
[18:44:22.326] [info] [CALC] 阶段结束 stage=Coarse-AI task=lidar_cam_extrin success=true residual_rms=0.000000 elapsed_ms=0.0 threshold=-1.0000
[18:44:22.326] [info] ━━━━━━━━━━━━━━━━━━━━━━━━━━━━━━━━━━━━━━━━━
[18:44:22.326] [info] 
[18:44:22.326] [info] ━━━━━━━━━━━━━━━━━━━━━━━━━━━━━━━━━━━━━━━━━
[18:44:22.326] [info] ▶ 开始阶段: [Fine-Auto] 任务: [lidar_cam_extrin]
[18:44:22.326] [info]   描述: 无目标优化
[18:44:22.326] [info] ━━━━━━━━━━━━━━━━━━━━━━━━━━━━━━━━━━━━━━━━━
[18:44:22.326] [info] [CALC] 精标定阶段开始 task=lidar_cam_extrin
[18:44:22.326] [info] [Fine-Auto] 任务: lidar_cam_extrin | 无目标优先: true
[18:44:22.326] [info] [Fine-Auto] 方法: 边缘对齐互信息 (EDGE_ALIGNMENT, 无目标)
[18:44:22.326] [info] [STAGE=lidar_cam_fine_auto] LiDAR-Camera 精标定 开始
[18:44:22.326] [info] [Fine-Auto/LiDAR-Cam] 开始执行精标定...
[18:44:22.326] [info]   [精标定数据源] 类型=ROS2_BAG  lidar_id=lidar_front
[18:44:22.326] [info]   ROS2 Bag: /root/calib_ws/data/nya_02_slam_imu_to_lidar/nya_02_ros2  LiDAR 话题: /os1_cloud_node1/points  相机话题: /left/image_raw
[18:44:22.326] [info] [Fine-Auto/LiDAR-Cam] 从 ROS2 加载数据...
[18:44:22.326] [info] [UnifiedDataLoader] 从 ROS2 加载数据...
[18:44:22.326] [info]   Bag 文件: /root/calib_ws/data/nya_02_slam_imu_to_lidar/nya_02_ros2
[18:44:22.326] [info]   实时模式: false
[18:44:22.326] [info] [Ros2BagDataSource] 打开 bag 文件: /root/calib_ws/data/nya_02_slam_imu_to_lidar/nya_02_ros2
[18:44:22.326] [info] [Ros2BagDataSource] 正在读取 metadata.yaml: /root/calib_ws/data/nya_02_slam_imu_to_lidar/nya_02_ros2/metadata.yaml
[18:44:22.327] [debug] [Ros2BagDataSource] 找到话题: /dji_sdk/imu (类型: sensor_msgs/msg/Imu, 消息数: 171462)
[18:44:22.327] [debug] [Ros2BagDataSource] 找到话题: /dji_sdk/attitude (类型: geometry_msgs/msg/QuaternionStamped, 消息数: 42866)
[18:44:22.327] [debug] [Ros2BagDataSource] 找到话题: /os1_cloud_node2/imu (类型: sensor_msgs/msg/Imu, 消息数: 42862)
[18:44:22.327] [debug] [Ros2BagDataSource] 找到话题: /os1_cloud_node1/imu (类型: sensor_msgs/msg/Imu, 消息数: 42862)
[18:44:22.327] [debug] [Ros2BagDataSource] 找到话题: /imu/imu (类型: sensor_msgs/msg/Imu, 消息数: 166428)
[18:44:22.327] [debug] [Ros2BagDataSource] 找到话题: /imu/magnetic_field (类型: sensor_msgs/msg/MagneticField, 消息数: 166428)
[18:44:22.327] [debug] [Ros2BagDataSource] 找到话题: /imu/temperature (类型: sensor_msgs/msg/Temperature, 消息数: 166428)
[18:44:22.327] [debug] [Ros2BagDataSource] 找到话题: /dji_sdk/gps_position (类型: sensor_msgs/msg/NavSatFix, 消息数: 21433)
[18:44:22.327] [debug] [Ros2BagDataSource] 找到话题: /dji_sdk/height_above_takeoff (类型: std_msgs/msg/Float32, 消息数: 21433)
[18:44:22.327] [debug] [Ros2BagDataSource] 找到话题: /dji_sdk/gps_health (类型: std_msgs/msg/UInt8, 消息数: 21433)
[18:44:22.327] [debug] [Ros2BagDataSource] 找到话题: /uwb_endorange_info (类型: uwb_driver/msg/UwbRange, 消息数: 25172)
[18:44:22.327] [debug] [Ros2BagDataSource] 找到话题: /left/image_raw (类型: sensor_msgs/msg/Image, 消息数: 4285)
[18:44:22.327] [debug] [Ros2BagDataSource] 找到话题: /right/image_raw (类型: sensor_msgs/msg/Image, 消息数: 4285)
[18:44:22.327] [debug] [Ros2BagDataSource] 找到话题: /os1_cloud_node1/points (类型: sensor_msgs/msg/PointCloud2, 消息数: 4287)
[18:44:22.327] [debug] [Ros2BagDataSource] 找到话题: /os1_cloud_node2/points (类型: sensor_msgs/msg/PointCloud2, 消息数: 4286)
[18:44:22.327] [debug] [Ros2BagDataSource] 找到话题: /uwb_exorange_info (类型: uwb_driver/msg/UwbEcho, 消息数: 2437)
[18:44:22.327] [debug] [Ros2BagDataSource] 找到话题: /node_pos_marker_sc (类型: visualization_msgs/msg/Marker, 消息数: 2437)
[18:44:22.327] [debug] [Ros2BagDataSource] 找到话题: /node_pos_sc (类型: nav_msgs/msg/Path, 消息数: 2437)
[18:44:22.327] [debug] [Ros2BagDataSource] 找到话题: /leica/pose/relative (类型: geometry_msgs/msg/PoseStamped, 消息数: 7679)
[18:44:22.327] [info] [Ros2BagDataSource] 使用配置的 LiDAR 话题: /os1_cloud_node1/points
[18:44:22.327] [info] [Ros2BagDataSource] 使用配置的相机话题: /left/image_raw
[18:44:22.327] [info] [Ros2BagDataSource] 使用配置的 IMU 话题: /imu/imu
[INFO] [1775817862.330094159] [rosbag2_storage]: Opened database '/root/calib_ws/data/nya_02_slam_imu_to_lidar/nya_02_ros2/nya_02_ros2.db3' for READ_ONLY.
[18:44:22.330] [info] [Ros2BagDataSource] Bag 已打开，开始读取消息...
[18:44:22.330] [info] [Ros2BagDataSource] 找到 19 个话题
[18:44:22.330] [info] [Ros2BagDataSource]  话题: /dji_sdk/imu  类型: sensor_msgs/msg/Imu  消息数: 171462
[18:44:22.330] [info] [Ros2BagDataSource]  话题: /dji_sdk/attitude  类型: geometry_msgs/msg/QuaternionStamped  消息数: 42866
[18:44:22.330] [info] [Ros2BagDataSource]  话题: /os1_cloud_node2/imu  类型: sensor_msgs/msg/Imu  消息数: 42862
[18:44:22.330] [info] [Ros2BagDataSource]  话题: /os1_cloud_node1/imu  类型: sensor_msgs/msg/Imu  消息数: 42862
[18:44:22.330] [info] [Ros2BagDataSource]  话题: /imu/imu  类型: sensor_msgs/msg/Imu  消息数: 166428
[18:44:22.330] [info] [Ros2BagDataSource]  话题: /imu/magnetic_field  类型: sensor_msgs/msg/MagneticField  消息数: 166428
[18:44:22.330] [info] [Ros2BagDataSource]  话题: /imu/temperature  类型: sensor_msgs/msg/Temperature  消息数: 166428
[18:44:22.330] [info] [Ros2BagDataSource]  话题: /dji_sdk/gps_position  类型: sensor_msgs/msg/NavSatFix  消息数: 21433
[18:44:22.330] [info] [Ros2BagDataSource]  话题: /dji_sdk/height_above_takeoff  类型: std_msgs/msg/Float32  消息数: 21433
[18:44:22.330] [info] [Ros2BagDataSource]  话题: /dji_sdk/gps_health  类型: std_msgs/msg/UInt8  消息数: 21433
[18:44:22.330] [info] [Ros2BagDataSource]  话题: /uwb_endorange_info  类型: uwb_driver/msg/UwbRange  消息数: 25172
[18:44:22.330] [info] [Ros2BagDataSource]  话题: /left/image_raw  类型: sensor_msgs/msg/Image  消息数: 4285
[18:44:22.330] [info] [Ros2BagDataSource]  话题: /right/image_raw  类型: sensor_msgs/msg/Image  消息数: 4285
[18:44:22.330] [info] [Ros2BagDataSource]  话题: /os1_cloud_node1/points  类型: sensor_msgs/msg/PointCloud2  消息数: 4287
[18:44:22.330] [info] [Ros2BagDataSource]  话题: /os1_cloud_node2/points  类型: sensor_msgs/msg/PointCloud2  消息数: 4286
[18:44:22.330] [info] [Ros2BagDataSource]  话题: /uwb_exorange_info  类型: uwb_driver/msg/UwbEcho  消息数: 2437
[18:44:22.330] [info] [Ros2BagDataSource]  话题: /node_pos_marker_sc  类型: visualization_msgs/msg/Marker  消息数: 2437
[18:44:22.330] [info] [Ros2BagDataSource]  话题: /node_pos_sc  类型: nav_msgs/msg/Path  消息数: 2437
[18:44:22.330] [info] [Ros2BagDataSource]  话题: /leica/pose/relative  类型: geometry_msgs/msg/PoseStamped  消息数: 7679
[18:44:22.330] [info] [Ros2BagDataSource] 将加载 bag 内所有 IMU / LiDAR / 相机话题，加载后可通过 sensor_id 或话题名选择使用
[18:44:22.759] [debug]   收集 IMU [/dji_sdk/imu] 帧数: 5000
[18:44:22.784] [debug]   收集 IMU [/imu/imu] 帧数: 5000
[18:44:23.202] [debug]   收集 IMU [/dji_sdk/imu] 帧数: 10000
[18:44:23.252] [debug]   收集 IMU [/imu/imu] 帧数: 10000
[18:44:23.628] [debug]   收集 IMU [/dji_sdk/imu] 帧数: 15000
[18:44:23.689] [debug]   收集 IMU [/imu/imu] 帧数: 15000
[18:44:24.042] [debug]   收集 LiDAR [/os1_cloud_node1/points] 帧数: 500
[18:44:24.043] [debug]   收集 LiDAR [/os1_cloud_node2/points] 帧数: 500
[18:44:24.044] [debug]   收集相机 [/left/image_raw] 帧数: 500
[18:44:24.044] [debug]   收集相机 [/right/image_raw] 帧数: 500
[18:44:24.044] [debug]   收集 IMU [/dji_sdk/imu] 帧数: 20000
[18:44:24.044] [debug]   收集 IMU [/os1_cloud_node1/imu] 帧数: 5000
[18:44:24.044] [debug]   收集 IMU [/os1_cloud_node2/imu] 帧数: 5000
[18:44:24.125] [debug]   收集 IMU [/imu/imu] 帧数: 20000
[18:44:24.505] [debug]   收集 IMU [/dji_sdk/imu] 帧数: 25000
[18:44:24.588] [debug]   收集 IMU [/imu/imu] 帧数: 25000
[18:44:24.929] [debug]   收集 IMU [/dji_sdk/imu] 帧数: 30000
[18:44:25.034] [debug]   收集 IMU [/imu/imu] 帧数: 30000
[18:44:25.365] [debug]   收集 IMU [/dji_sdk/imu] 帧数: 35000
[18:44:25.481] [debug]   收集 IMU [/imu/imu] 帧数: 35000
[18:44:25.813] [debug]   收集 LiDAR [/os1_cloud_node1/points] 帧数: 1000
[18:44:25.814] [debug]   收集 LiDAR [/os1_cloud_node2/points] 帧数: 1000
[18:44:25.814] [debug]   收集相机 [/left/image_raw] 帧数: 1000
[18:44:25.815] [debug]   收集相机 [/right/image_raw] 帧数: 1000
[18:44:25.815] [debug]   收集 IMU [/dji_sdk/imu] 帧数: 40000
[18:44:25.815] [debug]   收集 IMU [/os1_cloud_node1/imu] 帧数: 10000
[18:44:25.815] [debug]   收集 IMU [/os1_cloud_node2/imu] 帧数: 10000
[18:44:25.935] [debug]   收集 IMU [/imu/imu] 帧数: 40000
[18:44:26.241] [debug]   收集 IMU [/dji_sdk/imu] 帧数: 45000
[18:44:26.378] [debug]   收集 IMU [/imu/imu] 帧数: 45000
[18:44:26.671] [debug]   收集 IMU [/dji_sdk/imu] 帧数: 50000
[18:44:26.813] [debug]   收集 IMU [/imu/imu] 帧数: 50000
[18:44:27.104] [debug]   收集 IMU [/dji_sdk/imu] 帧数: 55000
[18:44:27.272] [debug]   收集 IMU [/imu/imu] 帧数: 55000
[18:44:27.529] [debug]   收集 LiDAR [/os1_cloud_node1/points] 帧数: 1500
[18:44:27.530] [debug]   收集 LiDAR [/os1_cloud_node2/points] 帧数: 1500
[18:44:27.530] [debug]   收集 IMU [/dji_sdk/imu] 帧数: 60000
[18:44:27.531] [debug]   收集相机 [/left/image_raw] 帧数: 1500
[18:44:27.531] [debug]   收集相机 [/right/image_raw] 帧数: 1500
[18:44:27.531] [debug]   收集 IMU [/os1_cloud_node1/imu] 帧数: 15000
[18:44:27.531] [debug]   收集 IMU [/os1_cloud_node2/imu] 帧数: 15000
[18:44:27.699] [debug]   收集 IMU [/imu/imu] 帧数: 60000
[18:44:27.949] [debug]   收集 IMU [/dji_sdk/imu] 帧数: 65000
[18:44:28.137] [debug]   收集 IMU [/imu/imu] 帧数: 65000
[18:44:28.383] [debug]   收集 IMU [/dji_sdk/imu] 帧数: 70000
[18:44:28.590] [debug]   收集 IMU [/imu/imu] 帧数: 70000
[18:44:28.852] [debug]   收集 IMU [/dji_sdk/imu] 帧数: 75000
[18:44:29.070] [debug]   收集 IMU [/imu/imu] 帧数: 75000
[18:44:29.334] [debug]   收集 LiDAR [/os1_cloud_node1/points] 帧数: 2000
[18:44:29.337] [debug]   收集 LiDAR [/os1_cloud_node2/points] 帧数: 2000
[18:44:29.337] [debug]   收集 IMU [/dji_sdk/imu] 帧数: 80000
[18:44:29.337] [debug]   收集 IMU [/os1_cloud_node1/imu] 帧数: 20000
[18:44:29.337] [debug]   收集 IMU [/os1_cloud_node2/imu] 帧数: 20000
[18:44:29.339] [debug]   收集相机 [/left/image_raw] 帧数: 2000
[18:44:29.339] [debug]   收集相机 [/right/image_raw] 帧数: 2000
[18:44:29.608] [debug]   收集 IMU [/imu/imu] 帧数: 80000
[18:44:29.818] [debug]   收集 IMU [/dji_sdk/imu] 帧数: 85000
[18:44:30.060] [debug]   收集 IMU [/imu/imu] 帧数: 85000
[18:44:30.267] [debug]   收集 IMU [/dji_sdk/imu] 帧数: 90000
[18:44:30.514] [debug]   收集 IMU [/imu/imu] 帧数: 90000
[18:44:30.702] [debug]   收集 IMU [/dji_sdk/imu] 帧数: 95000
[18:44:30.970] [debug]   收集 IMU [/imu/imu] 帧数: 95000
[18:44:31.168] [debug]   收集 LiDAR [/os1_cloud_node1/points] 帧数: 2500
[18:44:31.170] [debug]   收集 LiDAR [/os1_cloud_node2/points] 帧数: 2500
[18:44:31.171] [debug]   收集 IMU [/dji_sdk/imu] 帧数: 100000
[18:44:31.171] [debug]   收集 IMU [/os1_cloud_node1/imu] 帧数: 25000
[18:44:31.171] [debug]   收集 IMU [/os1_cloud_node2/imu] 帧数: 25000
[18:44:31.172] [debug]   收集相机 [/left/image_raw] 帧数: 2500
[18:44:31.173] [debug]   收集相机 [/right/image_raw] 帧数: 2500
[18:44:31.467] [debug]   收集 IMU [/imu/imu] 帧数: 100000
[18:44:31.634] [debug]   收集 IMU [/dji_sdk/imu] 帧数: 105000
[18:44:31.944] [debug]   收集 IMU [/imu/imu] 帧数: 105000
[18:44:32.108] [debug]   收集 IMU [/dji_sdk/imu] 帧数: 110000
[18:44:32.427] [debug]   收集 IMU [/imu/imu] 帧数: 110000
[18:44:32.562] [debug]   收集 IMU [/dji_sdk/imu] 帧数: 115000
[18:44:32.870] [debug]   收集 IMU [/imu/imu] 帧数: 115000
[18:44:32.995] [debug]   收集 LiDAR [/os1_cloud_node1/points] 帧数: 3000
[18:44:32.997] [debug]   收集 LiDAR [/os1_cloud_node2/points] 帧数: 3000
[18:44:32.997] [debug]   收集 IMU [/dji_sdk/imu] 帧数: 120000
[18:44:32.998] [debug]   收集 IMU [/os1_cloud_node1/imu] 帧数: 30000
[18:44:32.998] [debug]   收集 IMU [/os1_cloud_node2/imu] 帧数: 30000
[18:44:32.999] [debug]   收集相机 [/left/image_raw] 帧数: 3000
[18:44:33.000] [debug]   收集相机 [/right/image_raw] 帧数: 3000
[18:44:33.301] [debug]   收集 IMU [/imu/imu] 帧数: 120000
[18:44:33.423] [debug]   收集 IMU [/dji_sdk/imu] 帧数: 125000
[18:44:33.762] [debug]   收集 IMU [/imu/imu] 帧数: 125000
[18:44:33.869] [debug]   收集 IMU [/dji_sdk/imu] 帧数: 130000
[18:44:34.207] [debug]   收集 IMU [/imu/imu] 帧数: 130000
[18:44:34.296] [debug]   收集 IMU [/dji_sdk/imu] 帧数: 135000
[18:44:34.637] [debug]   收集 IMU [/imu/imu] 帧数: 135000
[18:44:34.724] [debug]   收集 LiDAR [/os1_cloud_node1/points] 帧数: 3500
[18:44:34.725] [debug]   收集 LiDAR [/os1_cloud_node2/points] 帧数: 3500
[18:44:34.726] [debug]   收集 IMU [/dji_sdk/imu] 帧数: 140000
[18:44:34.727] [debug]   收集 IMU [/os1_cloud_node1/imu] 帧数: 35000
[18:44:34.727] [debug]   收集 IMU [/os1_cloud_node2/imu] 帧数: 35000
[18:44:34.729] [debug]   收集相机 [/left/image_raw] 帧数: 3500
[18:44:34.729] [debug]   收集相机 [/right/image_raw] 帧数: 3500
[18:44:35.104] [debug]   收集 IMU [/imu/imu] 帧数: 140000
[18:44:35.166] [debug]   收集 IMU [/dji_sdk/imu] 帧数: 145000
[18:44:35.688] [debug]   收集 IMU [/imu/imu] 帧数: 145000
[18:44:35.749] [debug]   收集 IMU [/dji_sdk/imu] 帧数: 150000
[18:44:36.120] [debug]   收集 IMU [/imu/imu] 帧数: 150000
[18:44:36.159] [debug]   收集 IMU [/dji_sdk/imu] 帧数: 155000
[18:44:37.363] [debug]   收集 IMU [/imu/imu] 帧数: 155000
[18:44:37.656] [debug]   收集 LiDAR [/os1_cloud_node1/points] 帧数: 4000
[18:44:37.659] [debug]   收集 LiDAR [/os1_cloud_node2/points] 帧数: 4000
[18:44:37.662] [debug]   收集 IMU [/dji_sdk/imu] 帧数: 160000
[18:44:37.664] [debug]   收集 IMU [/os1_cloud_node1/imu] 帧数: 40000
[18:44:37.664] [debug]   收集 IMU [/os1_cloud_node2/imu] 帧数: 40000
[18:44:37.667] [debug]   收集相机 [/left/image_raw] 帧数: 4000
[18:44:37.668] [debug]   收集相机 [/right/image_raw] 帧数: 4000
[18:44:38.933] [debug]   收集 IMU [/imu/imu] 帧数: 160000
[18:44:38.946] [debug]   收集 IMU [/dji_sdk/imu] 帧数: 165000
[18:44:43.913] [debug]   收集 IMU [/imu/imu] 帧数: 165000
[18:44:43.917] [debug]   收集 IMU [/dji_sdk/imu] 帧数: 170000
[18:44:47.284] [info] [Ros2BagDataSource] 加载完成 (所有话题按话题名存储，可通过 sensor_id 或话题名选择):
[18:44:47.284] [info]   LiDAR [/os1_cloud_node1/points]: 4287 帧
[18:44:47.284] [info]   LiDAR [/os1_cloud_node2/points]: 4286 帧
[18:44:47.284] [info]   相机 [/left/image_raw]: 4285 帧
[18:44:47.284] [info]   相机 [/right/image_raw]: 4285 帧
[18:44:47.284] [info]   IMU [/dji_sdk/imu]: 171462 帧
[18:44:47.284] [info]   IMU [/imu/imu]: 166428 帧
[18:44:47.284] [info]   IMU [/os1_cloud_node1/imu]: 42862 帧
[18:44:47.284] [info]   IMU [/os1_cloud_node2/imu]: 42862 帧
[18:44:47.285] [info]   选用 LiDAR  lidar_front -> /os1_cloud_node1/points
[18:44:47.285] [info]   选用 相机  cam_left -> /left/image_raw
[18:44:47.285] [info]   选用 IMU    imu_0 -> /imu/imu
[18:44:47.286] [info]   时间范围: 1609045331.127 - 1609045759.771 秒
[18:44:47.286] [info] [Ros2BagDataSource] 应用采样/帧数限制...
[18:44:47.334] [info]   LiDAR /os1_cloud_node1/points 采样后: 800 帧
[18:44:47.365] [info]   LiDAR /os1_cloud_node2/points 采样后: 800 帧
[18:44:47.383] [info]   相机 /left/image_raw 采样后: 800 帧
[18:44:47.437] [info]   相机 /right/image_raw 采样后: 800 帧
[18:44:47.465] [info] [Fine-Auto/LiDAR-Cam] LiDAR 加载完成: 800 帧 (将按相机逐路取帧)
[18:44:47.468] [info] 读取相机内参: ./results/camera_intrinsic/camera_intrinsic_cam_left.yaml
[18:44:47.472] [info]   fx=384.00 fy=384.00 cx=376.00 cy=240.00 dist=4
[18:44:47.472] [info] [Fine-Auto/LiDAR-Cam] 步骤: LiDAR-Camera 标定 相机=cam_left (方法: 边缘对齐)
[18:44:47.557] [info] [CalibVisualizer] 初始化完成
[18:44:47.557] [info] [Fine-Auto/LiDAR-Cam] 可视化已启用：仅标定结束后显示一帧「图像+点云投影」叠加，不创建 3D 窗口、不泵送其他帧
[18:44:47.557] [info] [Fine-Auto/LiDAR-Cam] 使用粗标定初值 t=[0.123,0.040,-0.058]m
[18:44:47.607] [info] [Fine-Auto] 结果已保存: ./results/lidar_camera_extrinsic/lidar_cam_cam_left_extrinsic.yaml
[18:44:47.607] [info] [Viz] 即将生成投影图并保存到 ./results/lidar_camera_extrinsic/lidar_cam_cam_left_projection.png
[18:44:47.646] [info] 投影可视化保存: ./results/lidar_camera_extrinsic/lidar_cam_cam_left_projection.png
[18:44:47.646] [info] [Viz] 投影图已保存（仅使用配置初值，未做精标定）
[18:44:47.646] [info] [Fine-Auto/LiDAR-Cam] 相机 cam_left 已使用配置初值跳过精标定，直接供手动微调
[18:44:47.646] [info] [Viz/Display] 即将关闭可视化窗口 原因=用户关闭或流程结束 pangolin_running=false
[18:44:47.705] [warning] [Fine-Auto/LiDAR-Cam] 相机 cam_right 无帧，跳过
[18:44:47.705] [warning] [Fine-Auto/LiDAR-Cam] 相机 cam_front 无帧，跳过
[18:44:47.705] [warning] [Fine-Auto/LiDAR-Cam] 相机 cam_rear 无帧，跳过
[18:44:47.706] [info] [Fine-Auto/LiDAR-Cam] 精标定完成: 1 个相机  最大 RMS=0.0000 px
[18:44:47.706] [info] [STAGE=lidar_cam_fine_auto] LiDAR-Camera 精标定 完成
[18:44:47.706] [info] [Fine-Auto/LiDAR-Cam] RMS 阈值=2.00 px  最大 RMS=0.0000 px  在阈值内
[18:44:47.945] [info] ━━━━━━━━━━━━━━━━━━━━━━━━━━━━━━━━━━━━━━━━━
[18:44:47.945] [info] ■ 结束阶段: [Fine-Auto] 任务: [lidar_cam_extrin]
[18:44:47.945] [info]   结果: ✓ 成功 | 残差RMS: 0.0000 | 耗时: 25618 ms
[18:44:47.945] [info]   消息: LiDAR-Camera 精标定完成: 1 个相机, 最大 RMS=0.000000 px
[18:44:47.945] [info] [CALC] 阶段结束 stage=Fine-Auto task=lidar_cam_extrin success=true residual_rms=0.000000 elapsed_ms=25378.8 threshold=2.0000
[18:44:47.945] [info] ━━━━━━━━━━━━━━━━━━━━━━━━━━━━━━━━━━━━━━━━━
[18:44:47.945] [info] [Pipeline] 用户已启用手动校准 (--manual), 进入 6-DOF 调整
[18:44:47.945] [info] 
[18:44:47.945] [info] ━━━━━━━━━━━━━━━━━━━━━━━━━━━━━━━━━━━━━━━━━
[18:44:47.945] [info] ▶ 开始阶段: [Manual-Refine] 任务: [lidar_cam_extrin]
[18:44:47.945] [info]   描述: 手动校准: 6-DOF 交互式调整
[18:44:47.945] [info] ━━━━━━━━━━━━━━━━━━━━━━━━━━━━━━━━━━━━━━━━━
[18:44:47.945] [info] [Manual-Refine] 任务: lidar_cam_extrin
[18:44:47.945] [info] [Manual-Refine] 操作说明: Q/A Roll  W/S Pitch  E/D Yaw  R/F Tx  T/G Ty  Y/H Tz  U Undo  Enter 接受  Esc 取消
[18:44:47.945] [info] [ManualSession] 会话ID: session_2026-04-10_18-44-47
[18:44:47.945] [info] [ManualSession] 保存目录: ./results/manual_sessions
[18:44:47.945] [info] [Manual-Refine] 已打开 6-DOF 可视化调整窗口，请在本窗口内按键微调后 Enter 接受或 Esc 取消
[18:44:47.945] [info] [Manual-Refine] LiDAR-Camera 手动调整仅使用首帧匹配数据（第 0 帧点云 + 第 0 帧图像）
[18:44:47.956] [info] [ManualSession] 启动 LiDAR-Camera 手动校准
[18:44:47.956] [info] [ManualSession] 自动标定 RMS: 0.0000 px (阈值建议 < 2.0px)
[18:44:47.956] [debug] [ManualSession] 事件: lidar_cam_start | auto_rms=0.000000
[18:44:47.956] [info] [ManualAdjust] 初始外参:
[18:44:47.956] [info] [ManualAdjust] 当前外参 [lidar_front→cam_left]:
[18:44:47.956] [info]   旋转 RPY: (-58.8701, -88.5405, -31.0062) deg
[18:44:47.956] [info]   平移 XYZ: (0.1230, 0.0399, -0.0577) m
[18:44:47.956] [info] [ManualSession] ===== 手动校准操作说明 =====
[18:44:47.956] [info]   Q/A: Roll ±0.1deg   W/S: Pitch ±0.1deg   E/D: Yaw ±0.1deg
[18:44:47.956] [info]   R/F: Tx ±0.5cm   T/G: Ty ±0.5cm   Y/H: Tz ±0.5cm
[18:44:47.956] [info]   Shift+键: 10倍步长
[18:44:47.956] [info]   P: 进入点击精化模式  U: 撤销  Z: 重做
[18:44:47.956] [info]   S: 保存  ESC: 接受并退出
[18:44:47.956] [info]   点云投影质量越高 (边缘对齐越好) 表示标定越准确
[18:44:47.969] [info] [ManualAdjust] 结果已保存: ./results/lidar_camera_extrinsic/manual_extrinsic_20260410_184447_initial.yaml
[18:44:47.969] [info] [ManualCalib] 交互窗口启动前已自动保存初始状态快照（备用）:
[18:44:47.969] [info]   - 投影图: ./results/lidar_camera_extrinsic/manual_projection_20260410_184447_initial.png
[18:44:47.969] [info]   - 点云:   ./results/lidar_camera_extrinsic/manual_cloud_20260410_184447_initial.pcd
[18:44:47.969] [info]   - 外参:   ./results/lidar_camera_extrinsic/manual_extrinsic_20260410_184447_initial.yaml

(unicalib_lidar_camera:100): dbind-WARNING **: 18:44:48.011: Couldn't connect to accessibility bus: Failed to connect to socket /run/user/1000/at-spi/bus: No such file or directory
[18:44:48.066] [info] [ManualCalib] 3D 点云窗口已禁用（避免 VTK 闪退），请在 2D 投影窗口进行微调。按下 'S' 键可手动保存当前微调结果图片和点云。
[18:44:48.066] [info] [ManualCalib] 初始位姿 T_lidar_to_cam:
[18:44:48.066] [info]   - Translation: 0.1230, 0.0399, -0.0577
[18:44:48.066] [info]   - RPY (deg):   90.7545, -179.8846, 91.2509
[18:44:58.391] [debug] [ManualAdjust] 平移增量 dxyz=(0.0050, 0.0000, 0.0000)m
[18:44:58.392] [info] [ManualAdjust] 当前外参 [lidar_front→cam_left]:
[18:44:58.392] [info]   旋转 RPY: (-58.8701, -88.5405, -31.0062) deg
[18:44:58.392] [info]   平移 XYZ: (0.1280, 0.0399, -0.0577) m
[18:44:58.904] [debug] [ManualAdjust] 平移增量 dxyz=(0.0050, 0.0000, 0.0000)m
[18:44:58.904] [info] [ManualAdjust] 当前外参 [lidar_front→cam_left]:
[18:44:58.904] [info]   旋转 RPY: (-58.8701, -88.5405, -31.0062) deg
[18:44:58.904] [info]   平移 XYZ: (0.1330, 0.0399, -0.0577) m
[18:44:59.151] [debug] [ManualAdjust] 平移增量 dxyz=(0.0050, 0.0000, 0.0000)m
[18:44:59.151] [info] [ManualAdjust] 当前外参 [lidar_front→cam_left]:
[18:44:59.151] [info]   旋转 RPY: (-58.8701, -88.5405, -31.0062) deg
[18:44:59.151] [info]   平移 XYZ: (0.1380, 0.0399, -0.0577) m
[18:44:59.430] [debug] [ManualAdjust] 平移增量 dxyz=(0.0050, 0.0000, 0.0000)m
[18:44:59.430] [info] [ManualAdjust] 当前外参 [lidar_front→cam_left]:
[18:44:59.430] [info]   旋转 RPY: (-58.8701, -88.5405, -31.0062) deg
[18:44:59.430] [info]   平移 XYZ: (0.1430, 0.0399, -0.0577) m
[18:44:59.721] [debug] [ManualAdjust] 平移增量 dxyz=(0.0050, 0.0000, 0.0000)m
[18:44:59.721] [info] [ManualAdjust] 当前外参 [lidar_front→cam_left]:
[18:44:59.721] [info]   旋转 RPY: (-58.8701, -88.5405, -31.0062) deg
[18:44:59.721] [info]   平移 XYZ: (0.1480, 0.0399, -0.0577) m
[18:45:00.014] [debug] [ManualAdjust] 平移增量 dxyz=(0.0050, 0.0000, 0.0000)m
[18:45:00.014] [info] [ManualAdjust] 当前外参 [lidar_front→cam_left]:
[18:45:00.014] [info]   旋转 RPY: (-58.8701, -88.5405, -31.0062) deg
[18:45:00.014] [info]   平移 XYZ: (0.1530, 0.0399, -0.0577) m
[18:45:00.247] [debug] [ManualAdjust] 平移增量 dxyz=(0.0050, 0.0000, 0.0000)m
[18:45:00.247] [info] [ManualAdjust] 当前外参 [lidar_front→cam_left]:
[18:45:00.247] [info]   旋转 RPY: (-58.8701, -88.5405, -31.0062) deg
[18:45:00.247] [info]   平移 XYZ: (0.1580, 0.0399, -0.0577) m
[18:45:00.521] [debug] [ManualAdjust] 平移增量 dxyz=(0.0050, 0.0000, 0.0000)m
[18:45:00.521] [info] [ManualAdjust] 当前外参 [lidar_front→cam_left]:
[18:45:00.521] [info]   旋转 RPY: (-58.8701, -88.5405, -31.0062) deg
[18:45:00.521] [info]   平移 XYZ: (0.1630, 0.0399, -0.0577) m
[18:45:00.798] [debug] [ManualAdjust] 平移增量 dxyz=(0.0050, 0.0000, 0.0000)m
[18:45:00.798] [info] [ManualAdjust] 当前外参 [lidar_front→cam_left]:
[18:45:00.798] [info]   旋转 RPY: (-58.8701, -88.5405, -31.0062) deg
[18:45:00.798] [info]   平移 XYZ: (0.1680, 0.0399, -0.0577) m
[18:45:01.047] [debug] [ManualAdjust] 平移增量 dxyz=(0.0050, 0.0000, 0.0000)m
[18:45:01.047] [info] [ManualAdjust] 当前外参 [lidar_front→cam_left]:
[18:45:01.047] [info]   旋转 RPY: (-58.8701, -88.5405, -31.0062) deg
[18:45:01.047] [info]   平移 XYZ: (0.1730, 0.0399, -0.0577) m
[18:45:01.287] [debug] [ManualAdjust] 平移增量 dxyz=(0.0050, 0.0000, 0.0000)m
[18:45:01.287] [info] [ManualAdjust] 当前外参 [lidar_front→cam_left]:
[18:45:01.287] [info]   旋转 RPY: (-58.8701, -88.5405, -31.0062) deg
[18:45:01.287] [info]   平移 XYZ: (0.1780, 0.0399, -0.0577) m
[18:45:01.490] [debug] [ManualAdjust] 平移增量 dxyz=(0.0050, 0.0000, 0.0000)m
[18:45:01.490] [info] [ManualAdjust] 当前外参 [lidar_front→cam_left]:
[18:45:01.490] [info]   旋转 RPY: (-58.8701, -88.5405, -31.0062) deg
[18:45:01.490] [info]   平移 XYZ: (0.1830, 0.0399, -0.0577) m
[18:45:01.709] [debug] [ManualAdjust] 平移增量 dxyz=(0.0050, 0.0000, 0.0000)m
[18:45:01.709] [info] [ManualAdjust] 当前外参 [lidar_front→cam_left]:
[18:45:01.709] [info]   旋转 RPY: (-58.8701, -88.5405, -31.0062) deg
[18:45:01.709] [info]   平移 XYZ: (0.1880, 0.0399, -0.0577) m
[18:45:01.927] [debug] [ManualAdjust] 平移增量 dxyz=(0.0050, 0.0000, 0.0000)m
[18:45:01.927] [info] [ManualAdjust] 当前外参 [lidar_front→cam_left]:
[18:45:01.927] [info]   旋转 RPY: (-58.8701, -88.5405, -31.0062) deg
[18:45:01.927] [info]   平移 XYZ: (0.1930, 0.0399, -0.0577) m
[18:45:02.198] [debug] [ManualAdjust] 平移增量 dxyz=(0.0050, 0.0000, 0.0000)m
[18:45:02.198] [info] [ManualAdjust] 当前外参 [lidar_front→cam_left]:
[18:45:02.198] [info]   旋转 RPY: (-58.8701, -88.5405, -31.0062) deg
[18:45:02.198] [info]   平移 XYZ: (0.1980, 0.0399, -0.0577) m
[18:45:02.687] [debug] [ManualAdjust] 平移增量 dxyz=(0.0050, 0.0000, 0.0000)m
[18:45:02.687] [info] [ManualAdjust] 当前外参 [lidar_front→cam_left]:
[18:45:02.687] [info]   旋转 RPY: (-58.8701, -88.5405, -31.0062) deg
[18:45:02.687] [info]   平移 XYZ: (0.2030, 0.0399, -0.0577) m
[18:45:03.033] [debug] [ManualAdjust] 平移增量 dxyz=(0.0050, 0.0000, 0.0000)m
[18:45:03.033] [info] [ManualAdjust] 当前外参 [lidar_front→cam_left]:
[18:45:03.033] [info]   旋转 RPY: (-58.8701, -88.5405, -31.0062) deg
[18:45:03.033] [info]   平移 XYZ: (0.2080, 0.0399, -0.0577) m
[18:45:03.271] [debug] [ManualAdjust] 平移增量 dxyz=(0.0050, 0.0000, 0.0000)m
[18:45:03.271] [info] [ManualAdjust] 当前外参 [lidar_front→cam_left]:
[18:45:03.271] [info]   旋转 RPY: (-58.8701, -88.5405, -31.0062) deg
[18:45:03.271] [info]   平移 XYZ: (0.2130, 0.0399, -0.0577) m
[18:45:03.582] [debug] [ManualAdjust] 平移增量 dxyz=(0.0050, 0.0000, 0.0000)m
[18:45:03.582] [info] [ManualAdjust] 当前外参 [lidar_front→cam_left]:
[18:45:03.582] [info]   旋转 RPY: (-58.8701, -88.5405, -31.0062) deg
[18:45:03.582] [info]   平移 XYZ: (0.2180, 0.0399, -0.0577) m
[18:45:04.135] [debug] [ManualAdjust] 平移增量 dxyz=(0.0050, 0.0000, 0.0000)m
[18:45:04.135] [info] [ManualAdjust] 当前外参 [lidar_front→cam_left]:
[18:45:04.135] [info]   旋转 RPY: (-58.8701, -88.5405, -31.0062) deg
[18:45:04.135] [info]   平移 XYZ: (0.2230, 0.0399, -0.0577) m
[18:45:04.736] [debug] [ManualAdjust] 平移增量 dxyz=(0.0050, 0.0000, 0.0000)m
[18:45:04.736] [info] [ManualAdjust] 当前外参 [lidar_front→cam_left]:
[18:45:04.736] [info]   旋转 RPY: (-58.8701, -88.5405, -31.0062) deg
[18:45:04.736] [info]   平移 XYZ: (0.2280, 0.0399, -0.0577) m
[18:45:05.190] [debug] [ManualAdjust] 平移增量 dxyz=(0.0050, 0.0000, 0.0000)m
[18:45:05.190] [info] [ManualAdjust] 当前外参 [lidar_front→cam_left]:
[18:45:05.190] [info]   旋转 RPY: (-58.8701, -88.5405, -31.0062) deg
[18:45:05.190] [info]   平移 XYZ: (0.2330, 0.0399, -0.0577) m
[18:45:05.644] [debug] [ManualAdjust] 平移增量 dxyz=(0.0050, 0.0000, 0.0000)m
[18:45:05.644] [info] [ManualAdjust] 当前外参 [lidar_front→cam_left]:
[18:45:05.644] [info]   旋转 RPY: (-58.8701, -88.5405, -31.0062) deg
[18:45:05.644] [info]   平移 XYZ: (0.2380, 0.0399, -0.0577) m
[18:45:06.047] [debug] [ManualAdjust] 平移增量 dxyz=(0.0050, 0.0000, 0.0000)m
[18:45:06.047] [info] [ManualAdjust] 当前外参 [lidar_front→cam_left]:
[18:45:06.047] [info]   旋转 RPY: (-58.8701, -88.5405, -31.0062) deg
[18:45:06.047] [info]   平移 XYZ: (0.2430, 0.0399, -0.0577) m
[18:45:08.105] [debug] [ManualAdjust] 平移增量 dxyz=(-0.0050, 0.0000, 0.0000)m
[18:45:08.106] [info] [ManualAdjust] 当前外参 [lidar_front→cam_left]:
[18:45:08.106] [info]   旋转 RPY: (-58.8701, -88.5405, -31.0062) deg
[18:45:08.106] [info]   平移 XYZ: (0.2380, 0.0399, -0.0577) m
[18:45:08.519] [debug] [ManualAdjust] 平移增量 dxyz=(-0.0050, 0.0000, 0.0000)m
[18:45:08.519] [info] [ManualAdjust] 当前外参 [lidar_front→cam_left]:
[18:45:08.519] [info]   旋转 RPY: (-58.8701, -88.5405, -31.0062) deg
[18:45:08.519] [info]   平移 XYZ: (0.2330, 0.0399, -0.0577) m
[18:45:09.972] [debug] [ManualAdjust] 平移增量 dxyz=(0.0000, 0.0050, 0.0000)m
[18:45:09.972] [info] [ManualAdjust] 当前外参 [lidar_front→cam_left]:
[18:45:09.972] [info]   旋转 RPY: (-58.8701, -88.5405, -31.0062) deg
[18:45:09.972] [info]   平移 XYZ: (0.2330, 0.0449, -0.0577) m
[18:45:10.518] [debug] [ManualAdjust] 平移增量 dxyz=(0.0000, 0.0050, 0.0000)m
[18:45:10.518] [info] [ManualAdjust] 当前外参 [lidar_front→cam_left]:
[18:45:10.518] [info]   旋转 RPY: (-58.8701, -88.5405, -31.0062) deg
[18:45:10.518] [info]   平移 XYZ: (0.2330, 0.0499, -0.0577) m
[18:45:11.049] [debug] [ManualAdjust] 平移增量 dxyz=(0.0000, 0.0050, 0.0000)m
[18:45:11.050] [info] [ManualAdjust] 当前外参 [lidar_front→cam_left]:
[18:45:11.050] [info]   旋转 RPY: (-58.8701, -88.5405, -31.0062) deg
[18:45:11.050] [info]   平移 XYZ: (0.2330, 0.0549, -0.0577) m
[18:45:12.321] [debug] [ManualAdjust] 平移增量 dxyz=(0.0000, 0.0000, 0.0050)m
[18:45:12.321] [info] [ManualAdjust] 当前外参 [lidar_front→cam_left]:
[18:45:12.321] [info]   旋转 RPY: (-58.8701, -88.5405, -31.0062) deg
[18:45:12.321] [info]   平移 XYZ: (0.2330, 0.0549, -0.0527) m
[18:45:12.768] [debug] [ManualAdjust] 平移增量 dxyz=(0.0000, 0.0000, 0.0050)m
[18:45:12.768] [info] [ManualAdjust] 当前外参 [lidar_front→cam_left]:
[18:45:12.768] [info]   旋转 RPY: (-58.8701, -88.5405, -31.0062) deg
[18:45:12.768] [info]   平移 XYZ: (0.2330, 0.0549, -0.0477) m
[18:45:13.495] [debug] [ManualAdjust] 平移增量 dxyz=(0.0000, 0.0000, -0.0050)m
[18:45:13.495] [info] [ManualAdjust] 当前外参 [lidar_front→cam_left]:
[18:45:13.495] [info]   旋转 RPY: (-58.8701, -88.5405, -31.0062) deg
[18:45:13.495] [info]   平移 XYZ: (0.2330, 0.0549, -0.0527) m
[18:45:13.782] [debug] [ManualAdjust] 平移增量 dxyz=(0.0000, 0.0000, -0.0050)m
[18:45:13.782] [info] [ManualAdjust] 当前外参 [lidar_front→cam_left]:
[18:45:13.782] [info]   旋转 RPY: (-58.8701, -88.5405, -31.0062) deg
[18:45:13.782] [info]   平移 XYZ: (0.2330, 0.0549, -0.0577) m
[18:45:14.023] [debug] [ManualAdjust] 平移增量 dxyz=(0.0000, 0.0000, -0.0050)m
[18:45:14.023] [info] [ManualAdjust] 当前外参 [lidar_front→cam_left]:
[18:45:14.023] [info]   旋转 RPY: (-58.8701, -88.5405, -31.0062) deg
[18:45:14.023] [info]   平移 XYZ: (0.2330, 0.0549, -0.0627) m
[18:45:14.223] [debug] [ManualAdjust] 平移增量 dxyz=(0.0000, 0.0000, -0.0050)m
[18:45:14.223] [info] [ManualAdjust] 当前外参 [lidar_front→cam_left]:
[18:45:14.223] [info]   旋转 RPY: (-58.8701, -88.5405, -31.0062) deg
[18:45:14.223] [info]   平移 XYZ: (0.2330, 0.0549, -0.0677) m
[18:45:14.428] [debug] [ManualAdjust] 平移增量 dxyz=(0.0000, 0.0000, -0.0050)m
[18:45:14.428] [info] [ManualAdjust] 当前外参 [lidar_front→cam_left]:
[18:45:14.428] [info]   旋转 RPY: (-58.8701, -88.5405, -31.0062) deg
[18:45:14.428] [info]   平移 XYZ: (0.2330, 0.0549, -0.0727) m
[18:45:14.655] [debug] [ManualAdjust] 平移增量 dxyz=(0.0000, 0.0000, -0.0050)m
[18:45:14.655] [info] [ManualAdjust] 当前外参 [lidar_front→cam_left]:
[18:45:14.655] [info]   旋转 RPY: (-58.8701, -88.5405, -31.0062) deg
[18:45:14.655] [info]   平移 XYZ: (0.2330, 0.0549, -0.0777) m
[18:45:14.959] [debug] [ManualAdjust] 平移增量 dxyz=(0.0000, 0.0000, -0.0050)m
[18:45:14.959] [info] [ManualAdjust] 当前外参 [lidar_front→cam_left]:
[18:45:14.959] [info]   旋转 RPY: (-58.8701, -88.5405, -31.0062) deg
[18:45:14.959] [info]   平移 XYZ: (0.2330, 0.0549, -0.0827) m
[18:45:15.320] [debug] [ManualAdjust] 平移增量 dxyz=(0.0000, 0.0000, -0.0050)m
[18:45:15.320] [info] [ManualAdjust] 当前外参 [lidar_front→cam_left]:
[18:45:15.320] [info]   旋转 RPY: (-58.8701, -88.5405, -31.0062) deg
[18:45:15.320] [info]   平移 XYZ: (0.2330, 0.0549, -0.0877) m
[18:45:15.614] [debug] [ManualAdjust] 平移增量 dxyz=(0.0000, 0.0000, -0.0050)m
[18:45:15.614] [info] [ManualAdjust] 当前外参 [lidar_front→cam_left]:
[18:45:15.614] [info]   旋转 RPY: (-58.8701, -88.5405, -31.0062) deg
[18:45:15.614] [info]   平移 XYZ: (0.2330, 0.0549, -0.0927) m
[18:45:15.896] [debug] [ManualAdjust] 平移增量 dxyz=(0.0000, 0.0000, -0.0050)m
[18:45:15.896] [info] [ManualAdjust] 当前外参 [lidar_front→cam_left]:
[18:45:15.896] [info]   旋转 RPY: (-58.8701, -88.5405, -31.0062) deg
[18:45:15.896] [info]   平移 XYZ: (0.2330, 0.0549, -0.0977) m
[18:45:16.186] [debug] [ManualAdjust] 平移增量 dxyz=(0.0000, 0.0000, -0.0050)m
[18:45:16.186] [info] [ManualAdjust] 当前外参 [lidar_front→cam_left]:
[18:45:16.186] [info]   旋转 RPY: (-58.8701, -88.5405, -31.0062) deg
[18:45:16.186] [info]   平移 XYZ: (0.2330, 0.0549, -0.1027) m
[18:45:17.486] [debug] [ManualAdjust] 旋转增量 RPY=(0.000, 0.000, 0.100)deg
[18:45:17.486] [info] [ManualAdjust] 当前外参 [lidar_front→cam_left]:
[18:45:17.486] [info]   旋转 RPY: (-60.7861, -88.4540, -29.0896) deg
[18:45:17.486] [info]   平移 XYZ: (0.2330, 0.0549, -0.1027) m
[18:45:18.176] [debug] [ManualAdjust] 平移增量 dxyz=(0.0050, 0.0000, 0.0000)m
[18:45:18.176] [info] [ManualAdjust] 当前外参 [lidar_front→cam_left]:
[18:45:18.176] [info]   旋转 RPY: (-60.7861, -88.4540, -29.0896) deg
[18:45:18.176] [info]   平移 XYZ: (0.2380, 0.0549, -0.1027) m
[18:45:18.422] [debug] [ManualAdjust] 平移增量 dxyz=(0.0050, 0.0000, 0.0000)m
[18:45:18.422] [info] [ManualAdjust] 当前外参 [lidar_front→cam_left]:
[18:45:18.422] [info]   旋转 RPY: (-60.7861, -88.4540, -29.0896) deg
[18:45:18.422] [info]   平移 XYZ: (0.2430, 0.0549, -0.1027) m
[18:45:18.696] [debug] [ManualAdjust] 平移增量 dxyz=(0.0050, 0.0000, 0.0000)m
[18:45:18.696] [info] [ManualAdjust] 当前外参 [lidar_front→cam_left]:
[18:45:18.696] [info]   旋转 RPY: (-60.7861, -88.4540, -29.0896) deg
[18:45:18.696] [info]   平移 XYZ: (0.2480, 0.0549, -0.1027) m
[18:45:19.191] [debug] [ManualAdjust] 旋转增量 RPY=(0.000, 0.000, 0.100)deg
[18:45:19.191] [info] [ManualAdjust] 当前外参 [lidar_front→cam_left]:
[18:45:19.191] [info]   旋转 RPY: (-62.4973, -88.3660, -27.3777) deg
[18:45:19.191] [info]   平移 XYZ: (0.2480, 0.0549, -0.1027) m
[18:45:19.359] [debug] [ManualAdjust] 旋转增量 RPY=(0.000, 0.000, 0.100)deg
[18:45:19.359] [info] [ManualAdjust] 当前外参 [lidar_front→cam_left]:
[18:45:19.359] [info]   旋转 RPY: (-64.0324, -88.2767, -25.8419) deg
[18:45:19.359] [info]   平移 XYZ: (0.2480, 0.0549, -0.1027) m
[18:45:19.599] [debug] [ManualAdjust] 旋转增量 RPY=(0.000, 0.000, 0.100)deg
[18:45:19.599] [info] [ManualAdjust] 当前外参 [lidar_front→cam_left]:
[18:45:19.599] [info]   旋转 RPY: (-65.4154, -88.1863, -24.4584) deg
[18:45:19.599] [info]   平移 XYZ: (0.2480, 0.0549, -0.1027) m
[18:45:19.902] [debug] [ManualAdjust] 旋转增量 RPY=(0.000, 0.000, -0.100)deg
[18:45:19.902] [info] [ManualAdjust] 当前外参 [lidar_front→cam_left]:
[18:45:19.902] [info]   旋转 RPY: (-64.0324, -88.2767, -25.8419) deg
[18:45:19.902] [info]   平移 XYZ: (0.2480, 0.0549, -0.1027) m
[18:45:20.126] [debug] [ManualAdjust] 旋转增量 RPY=(0.000, 0.000, -0.100)deg
[18:45:20.126] [info] [ManualAdjust] 当前外参 [lidar_front→cam_left]:
[18:45:20.126] [info]   旋转 RPY: (-62.4973, -88.3660, -27.3777) deg
[18:45:20.126] [info]   平移 XYZ: (0.2480, 0.0549, -0.1027) m
[18:45:20.326] [debug] [ManualAdjust] 旋转增量 RPY=(0.000, 0.000, -0.100)deg
[18:45:20.326] [info] [ManualAdjust] 当前外参 [lidar_front→cam_left]:
[18:45:20.326] [info]   旋转 RPY: (-60.7861, -88.4540, -29.0896) deg
[18:45:20.326] [info]   平移 XYZ: (0.2480, 0.0549, -0.1027) m
[18:45:20.511] [debug] [ManualAdjust] 旋转增量 RPY=(0.000, 0.000, -0.100)deg
[18:45:20.511] [info] [ManualAdjust] 当前外参 [lidar_front→cam_left]:
[18:45:20.511] [info]   旋转 RPY: (-58.8701, -88.5405, -31.0062) deg
[18:45:20.511] [info]   平移 XYZ: (0.2480, 0.0549, -0.1027) m
[18:45:20.743] [debug] [ManualAdjust] 旋转增量 RPY=(0.000, 0.000, -0.100)deg
[18:45:20.743] [info] [ManualAdjust] 当前外参 [lidar_front→cam_left]:
[18:45:20.743] [info]   旋转 RPY: (-56.7156, -88.6251, -33.1614) deg
[18:45:20.743] [info]   平移 XYZ: (0.2480, 0.0549, -0.1027) m
[18:45:21.020] [debug] [ManualAdjust] 旋转增量 RPY=(0.000, 0.000, -0.100)deg
[18:45:21.020] [info] [ManualAdjust] 当前外参 [lidar_front→cam_left]:
[18:45:21.020] [info]   旋转 RPY: (-54.2825, -88.7076, -35.5952) deg
[18:45:21.020] [info]   平移 XYZ: (0.2480, 0.0549, -0.1027) m
[18:45:21.303] [debug] [ManualAdjust] 旋转增量 RPY=(0.000, 0.000, -0.100)deg
[18:45:21.303] [info] [ManualAdjust] 当前外参 [lidar_front→cam_left]:
[18:45:21.303] [info]   旋转 RPY: (-51.5235, -88.7873, -38.3548) deg
[18:45:21.303] [info]   平移 XYZ: (0.2480, 0.0549, -0.1027) m
[18:45:21.774] [debug] [ManualAdjust] 旋转增量 RPY=(0.000, 0.000, -0.100)deg
[18:45:21.774] [info] [ManualAdjust] 当前外参 [lidar_front→cam_left]:
[18:45:21.774] [info]   旋转 RPY: (-48.3845, -88.8639, -41.4945) deg
[18:45:21.774] [info]   平移 XYZ: (0.2480, 0.0549, -0.1027) m
[18:45:23.326] [debug] [ManualAdjust] 旋转增量 RPY=(0.000, 0.100, 0.000)deg
[18:45:23.327] [info] [ManualAdjust] 当前外参 [lidar_front→cam_left]:
[18:45:23.327] [info]   旋转 RPY: (-44.8273, -88.7952, -45.0524) deg
[18:45:23.327] [info]   平移 XYZ: (0.2480, 0.0549, -0.1027) m
[18:45:24.022] [debug] [ManualAdjust] 旋转增量 RPY=(0.000, -0.100, 0.000)deg
[18:45:24.022] [info] [ManualAdjust] 当前外参 [lidar_front→cam_left]:
[18:45:24.022] [info]   旋转 RPY: (-48.3845, -88.8639, -41.4945) deg
[18:45:24.022] [info]   平移 XYZ: (0.2480, 0.0549, -0.1027) m
[18:45:24.041] [info] [ManualAdjust] 结果已保存: ./results/lidar_camera_extrinsic/manual_extrinsic_20260410_184524.yaml
[18:45:24.041] [info] [ManualCalib] 手动微调快照已保存:
[18:45:24.041] [info]   - 投影图: ./results/lidar_camera_extrinsic/manual_projection_20260410_184524.png
[18:45:24.041] [info]   - 点云:   ./results/lidar_camera_extrinsic/manual_cloud_20260410_184524.pcd
[18:45:24.041] [info]   - 外参:   ./results/lidar_camera_extrinsic/manual_extrinsic_20260410_184524.yaml
[18:45:24.661] [debug] [ManualAdjust] 旋转增量 RPY=(0.100, 0.000, 0.000)deg
[18:45:24.661] [info] [ManualAdjust] 当前外参 [lidar_front→cam_left]:
[18:45:24.661] [info]   旋转 RPY: (-48.2845, -88.8639, -41.4945) deg
[18:45:24.661] [info]   平移 XYZ: (0.2480, 0.0549, -0.1027) m
[18:45:25.186] [debug] [ManualAdjust] 旋转增量 RPY=(-0.100, 0.000, 0.000)deg
[18:45:25.186] [info] [ManualAdjust] 当前外参 [lidar_front→cam_left]:
[18:45:25.186] [info]   旋转 RPY: (-48.3845, -88.8639, -41.4945) deg
[18:45:25.186] [info]   平移 XYZ: (0.2480, 0.0549, -0.1027) m
[18:45:26.679] [debug] [ManualAdjust] 平移增量 dxyz=(0.0050, 0.0000, 0.0000)m
[18:45:26.679] [info] [ManualAdjust] 当前外参 [lidar_front→cam_left]:
[18:45:26.679] [info]   旋转 RPY: (-48.3845, -88.8639, -41.4945) deg
[18:45:26.679] [info]   平移 XYZ: (0.2530, 0.0549, -0.1027) m
[18:45:27.087] [debug] [ManualAdjust] 平移增量 dxyz=(0.0050, 0.0000, 0.0000)m
[18:45:27.087] [info] [ManualAdjust] 当前外参 [lidar_front→cam_left]:
[18:45:27.087] [info]   旋转 RPY: (-48.3845, -88.8639, -41.4945) deg
[18:45:27.087] [info]   平移 XYZ: (0.2580, 0.0549, -0.1027) m
[18:45:27.694] [debug] [ManualAdjust] 平移增量 dxyz=(-0.0050, 0.0000, 0.0000)m
[18:45:27.694] [info] [ManualAdjust] 当前外参 [lidar_front→cam_left]:
[18:45:27.694] [info]   旋转 RPY: (-48.3845, -88.8639, -41.4945) deg
[18:45:27.694] [info]   平移 XYZ: (0.2530, 0.0549, -0.1027) m
[18:45:28.007] [debug] [ManualAdjust] 平移增量 dxyz=(-0.0050, 0.0000, 0.0000)m
[18:45:28.007] [info] [ManualAdjust] 当前外参 [lidar_front→cam_left]:
[18:45:28.007] [info]   旋转 RPY: (-48.3845, -88.8639, -41.4945) deg
[18:45:28.007] [info]   平移 XYZ: (0.2480, 0.0549, -0.1027) m
[18:45:28.628] [debug] [ManualAdjust] 平移增量 dxyz=(0.0050, 0.0000, 0.0000)m
[18:45:28.628] [info] [ManualAdjust] 当前外参 [lidar_front→cam_left]:
[18:45:28.628] [info]   旋转 RPY: (-48.3845, -88.8639, -41.4945) deg
[18:45:28.628] [info]   平移 XYZ: (0.2530, 0.0549, -0.1027) m
[18:45:30.286] [debug] [ManualAdjust] 平移增量 dxyz=(0.0000, 0.0050, 0.0000)m
[18:45:30.286] [info] [ManualAdjust] 当前外参 [lidar_front→cam_left]:
[18:45:30.286] [info]   旋转 RPY: (-48.3845, -88.8639, -41.4945) deg
[18:45:30.286] [info]   平移 XYZ: (0.2530, 0.0599, -0.1027) m
[18:45:32.191] [debug] [ManualAdjust] 旋转增量 RPY=(0.000, 0.000, -0.100)deg
[18:45:32.191] [info] [ManualAdjust] 当前外参 [lidar_front→cam_left]:
[18:45:32.191] [info]   旋转 RPY: (-44.8043, -88.9366, -45.0754) deg
[18:45:32.191] [info]   平移 XYZ: (0.2530, 0.0599, -0.1027) m
[18:45:32.830] [debug] [ManualAdjust] 旋转增量 RPY=(0.000, 0.000, 0.100)deg
[18:45:32.830] [info] [ManualAdjust] 当前外参 [lidar_front→cam_left]:
[18:45:32.830] [info]   旋转 RPY: (-48.3845, -88.8639, -41.4945) deg
[18:45:32.830] [info]   平移 XYZ: (0.2530, 0.0599, -0.1027) m
[18:45:33.638] [debug] [ManualAdjust] 平移增量 dxyz=(-0.0050, 0.0000, 0.0000)m
[18:45:33.638] [info] [ManualAdjust] 当前外参 [lidar_front→cam_left]:
[18:45:33.638] [info]   旋转 RPY: (-48.3845, -88.8639, -41.4945) deg
[18:45:33.638] [info]   平移 XYZ: (0.2480, 0.0599, -0.1027) m
[18:45:34.082] [debug] [ManualAdjust] 平移增量 dxyz=(0.0050, 0.0000, 0.0000)m
[18:45:34.082] [info] [ManualAdjust] 当前外参 [lidar_front→cam_left]:
[18:45:34.082] [info]   旋转 RPY: (-48.3845, -88.8639, -41.4945) deg
[18:45:34.082] [info]   平移 XYZ: (0.2530, 0.0599, -0.1027) m
[18:45:34.345] [debug] [ManualAdjust] 平移增量 dxyz=(0.0050, 0.0000, 0.0000)m
[18:45:34.345] [info] [ManualAdjust] 当前外参 [lidar_front→cam_left]:
[18:45:34.345] [info]   旋转 RPY: (-48.3845, -88.8639, -41.4945) deg
[18:45:34.345] [info]   平移 XYZ: (0.2580, 0.0599, -0.1027) m
[18:45:34.734] [debug] [ManualAdjust] 平移增量 dxyz=(0.0050, 0.0000, 0.0000)m
[18:45:34.734] [info] [ManualAdjust] 当前外参 [lidar_front→cam_left]:
[18:45:34.734] [info]   旋转 RPY: (-48.3845, -88.8639, -41.4945) deg
[18:45:34.734] [info]   平移 XYZ: (0.2630, 0.0599, -0.1027) m
[18:45:35.024] [debug] [ManualAdjust] 平移增量 dxyz=(0.0050, 0.0000, 0.0000)m
[18:45:35.024] [info] [ManualAdjust] 当前外参 [lidar_front→cam_left]:
[18:45:35.024] [info]   旋转 RPY: (-48.3845, -88.8639, -41.4945) deg
[18:45:35.024] [info]   平移 XYZ: (0.2680, 0.0599, -0.1027) m
[18:45:35.342] [debug] [ManualAdjust] 平移增量 dxyz=(0.0050, 0.0000, 0.0000)m
[18:45:35.342] [info] [ManualAdjust] 当前外参 [lidar_front→cam_left]:
[18:45:35.342] [info]   旋转 RPY: (-48.3845, -88.8639, -41.4945) deg
[18:45:35.342] [info]   平移 XYZ: (0.2730, 0.0599, -0.1027) m
[18:45:35.671] [debug] [ManualAdjust] 平移增量 dxyz=(0.0050, 0.0000, 0.0000)m
[18:45:35.671] [info] [ManualAdjust] 当前外参 [lidar_front→cam_left]:
[18:45:35.671] [info]   旋转 RPY: (-48.3845, -88.8639, -41.4945) deg
[18:45:35.671] [info]   平移 XYZ: (0.2780, 0.0599, -0.1027) m
[18:45:35.933] [debug] [ManualAdjust] 平移增量 dxyz=(0.0050, 0.0000, 0.0000)m
[18:45:35.933] [info] [ManualAdjust] 当前外参 [lidar_front→cam_left]:
[18:45:35.933] [info]   旋转 RPY: (-48.3845, -88.8639, -41.4945) deg
[18:45:35.933] [info]   平移 XYZ: (0.2830, 0.0599, -0.1027) m
[18:45:36.927] [debug] [ManualAdjust] 平移增量 dxyz=(-0.0050, 0.0000, 0.0000)m
[18:45:36.927] [info] [ManualAdjust] 当前外参 [lidar_front→cam_left]:
[18:45:36.927] [info]   旋转 RPY: (-48.3845, -88.8639, -41.4945) deg
[18:45:36.927] [info]   平移 XYZ: (0.2780, 0.0599, -0.1027) m
[18:45:37.414] [debug] [ManualAdjust] 平移增量 dxyz=(-0.0050, 0.0000, 0.0000)m
[18:45:37.415] [info] [ManualAdjust] 当前外参 [lidar_front→cam_left]:
[18:45:37.415] [info]   旋转 RPY: (-48.3845, -88.8639, -41.4945) deg
[18:45:37.415] [info]   平移 XYZ: (0.2730, 0.0599, -0.1027) m
[18:45:38.886] [debug] [ManualAdjust] 旋转增量 RPY=(0.100, 0.000, 0.000)deg
[18:45:38.886] [info] [ManualAdjust] 当前外参 [lidar_front→cam_left]:
[18:45:38.886] [info]   旋转 RPY: (-48.2845, -88.8639, -41.4945) deg
[18:45:38.886] [info]   平移 XYZ: (0.2730, 0.0599, -0.1027) m
[18:45:39.679] [debug] [ManualAdjust] 旋转增量 RPY=(-0.100, 0.000, 0.000)deg
[18:45:39.679] [info] [ManualAdjust] 当前外参 [lidar_front→cam_left]:
[18:45:39.679] [info]   旋转 RPY: (-48.3845, -88.8639, -41.4945) deg
[18:45:39.679] [info]   平移 XYZ: (0.2730, 0.0599, -0.1027) m
[18:45:39.929] [debug] [ManualAdjust] 旋转增量 RPY=(-0.100, 0.000, 0.000)deg
[18:45:39.929] [info] [ManualAdjust] 当前外参 [lidar_front→cam_left]:
[18:45:39.929] [info]   旋转 RPY: (-48.4845, -88.8639, -41.4945) deg
[18:45:39.929] [info]   平移 XYZ: (0.2730, 0.0599, -0.1027) m
[18:45:40.193] [debug] [ManualAdjust] 旋转增量 RPY=(-0.100, 0.000, 0.000)deg
[18:45:40.193] [info] [ManualAdjust] 当前外参 [lidar_front→cam_left]:
[18:45:40.193] [info]   旋转 RPY: (-48.5845, -88.8639, -41.4945) deg
[18:45:40.193] [info]   平移 XYZ: (0.2730, 0.0599, -0.1027) m
[18:45:40.475] [debug] [ManualAdjust] 旋转增量 RPY=(-0.100, 0.000, 0.000)deg
[18:45:40.475] [info] [ManualAdjust] 当前外参 [lidar_front→cam_left]:
[18:45:40.475] [info]   旋转 RPY: (-48.6845, -88.8639, -41.4945) deg
[18:45:40.475] [info]   平移 XYZ: (0.2730, 0.0599, -0.1027) m
[18:45:40.820] [debug] [ManualAdjust] 旋转增量 RPY=(-0.100, 0.000, 0.000)deg
[18:45:40.820] [info] [ManualAdjust] 当前外参 [lidar_front→cam_left]:
[18:45:40.820] [info]   旋转 RPY: (-48.7845, -88.8639, -41.4945) deg
[18:45:40.820] [info]   平移 XYZ: (0.2730, 0.0599, -0.1027) m
[18:45:41.118] [debug] [ManualAdjust] 旋转增量 RPY=(-0.100, 0.000, 0.000)deg
[18:45:41.118] [info] [ManualAdjust] 当前外参 [lidar_front→cam_left]:
[18:45:41.118] [info]   旋转 RPY: (-48.8845, -88.8639, -41.4945) deg
[18:45:41.118] [info]   平移 XYZ: (0.2730, 0.0599, -0.1027) m
[18:45:41.463] [debug] [ManualAdjust] 旋转增量 RPY=(-0.100, 0.000, 0.000)deg
[18:45:41.463] [info] [ManualAdjust] 当前外参 [lidar_front→cam_left]:
[18:45:41.463] [info]   旋转 RPY: (-48.9845, -88.8639, -41.4945) deg
[18:45:41.463] [info]   平移 XYZ: (0.2730, 0.0599, -0.1027) m
[18:45:42.391] [debug] [ManualAdjust] 旋转增量 RPY=(-0.100, 0.000, 0.000)deg
[18:45:42.391] [info] [ManualAdjust] 当前外参 [lidar_front→cam_left]:
[18:45:42.391] [info]   旋转 RPY: (-49.0845, -88.8639, -41.4945) deg
[18:45:42.391] [info]   平移 XYZ: (0.2730, 0.0599, -0.1027) m
[18:45:43.774] [debug] [ManualAdjust] 旋转增量 RPY=(0.000, -0.100, 0.000)deg
[18:45:43.775] [info] [ManualAdjust] 当前外参 [lidar_front→cam_left]:
[18:45:43.775] [info]   旋转 RPY: (-53.1216, -88.9268, -37.4567) deg
[18:45:43.775] [info]   平移 XYZ: (0.2730, 0.0599, -0.1027) m
[18:45:43.798] [info] [ManualAdjust] 结果已保存: ./results/lidar_camera_extrinsic/manual_extrinsic_20260410_184543.yaml
[18:45:43.798] [info] [ManualCalib] 手动微调快照已保存:
[18:45:43.798] [info]   - 投影图: ./results/lidar_camera_extrinsic/manual_projection_20260410_184543.png
[18:45:43.798] [info]   - 点云:   ./results/lidar_camera_extrinsic/manual_cloud_20260410_184543.pcd
[18:45:43.798] [info]   - 外参:   ./results/lidar_camera_extrinsic/manual_extrinsic_20260410_184543.yaml
[18:45:44.073] [debug] [ManualAdjust] 旋转增量 RPY=(0.000, -0.100, 0.000)deg
[18:45:44.073] [info] [ManualAdjust] 当前外参 [lidar_front→cam_left]:
[18:45:44.073] [info]   旋转 RPY: (-57.6350, -88.9836, -32.9425) deg
[18:45:44.073] [info]   平移 XYZ: (0.2730, 0.0599, -0.1027) m
[18:45:44.086] [info] [ManualAdjust] 结果已保存: ./results/lidar_camera_extrinsic/manual_extrinsic_20260410_184544.yaml
[18:45:44.086] [info] [ManualCalib] 手动微调快照已保存:
[18:45:44.086] [info]   - 投影图: ./results/lidar_camera_extrinsic/manual_projection_20260410_184544.png
[18:45:44.086] [info]   - 点云:   ./results/lidar_camera_extrinsic/manual_cloud_20260410_184544.pcd
[18:45:44.086] [info]   - 外参:   ./results/lidar_camera_extrinsic/manual_extrinsic_20260410_184544.yaml
[18:45:44.790] [debug] [ManualAdjust] 旋转增量 RPY=(0.000, -0.100, 0.000)deg
[18:45:44.790] [info] [ManualAdjust] 当前外参 [lidar_front→cam_left]:
[18:45:44.790] [info]   旋转 RPY: (-62.6479, -89.0335, -27.9289) deg
[18:45:44.790] [info]   平移 XYZ: (0.2730, 0.0599, -0.1027) m
[18:45:44.803] [info] [ManualAdjust] 结果已保存: ./results/lidar_camera_extrinsic/manual_extrinsic_20260410_184544.yaml
[18:45:44.803] [info] [ManualCalib] 手动微调快照已保存:
[18:45:44.803] [info]   - 投影图: ./results/lidar_camera_extrinsic/manual_projection_20260410_184544.png
[18:45:44.803] [info]   - 点云:   ./results/lidar_camera_extrinsic/manual_cloud_20260410_184544.pcd
[18:45:44.803] [info]   - 外参:   ./results/lidar_camera_extrinsic/manual_extrinsic_20260410_184544.yaml
[18:45:47.141] [info] [ManualAdjust] 结果已保存: ./results/lidar_camera_extrinsic/manual_extrinsic_20260410_184547_final.yaml
[18:45:47.141] [info] [ManualCalib] 最终微调结果已自动保存:
[18:45:47.141] [info]   - 投影图: ./results/lidar_camera_extrinsic/manual_projection_20260410_184547_final.png
[18:45:47.141] [info]   - 点云:   ./results/lidar_camera_extrinsic/manual_cloud_20260410_184547_final.pcd
[18:45:47.141] [info]   - 外参:   ./results/lidar_camera_extrinsic/manual_extrinsic_20260410_184547_final.yaml
[18:45:47.141] [info] [ManualSession] 用户接受手动调整结果
[18:45:47.141] [info] [ManualSession] Cam-Cam 最终采用外参 RMS=0.000000 (manual if available, else auto=0.000000)
[18:45:47.141] [debug] [ManualSession] 事件: lidar_cam_end | final_rms=0.000000
[18:45:47.142] [info] [ManualSession] 会话已保存: ./results/manual_sessions/session_2026-04-10_18-44-47.yaml
[18:45:47.142] [info] ━━━━━━━━━━━━━━━━━━━━━━━━━━━━━━━━━━━━━━━━━
[18:45:47.142] [info] ■ 结束阶段: [Manual-Refine] 任务: [lidar_cam_extrin]
[18:45:47.142] [info]   结果: ✓ 成功 | 残差RMS: 0.0000 | 耗时: 59196 ms
[18:45:47.142] [info]   消息: LiDAR-Camera 手动调整完成
[18:45:47.142] [info] [CALC] 阶段结束 stage=Manual-Refine task=lidar_cam_extrin success=true residual_rms=0.000000 elapsed_ms=59197.0 threshold=-1.0000
[18:45:47.142] [info] ━━━━━━━━━━━━━━━━━━━━━━━━━━━━━━━━━━━━━━━━━
[18:45:47.142] [info] ====== Pipeline Report: pipeline_20260410_184422 ======
[18:45:47.142] [info]   Total time: 84575.8 ms
[18:45:47.142] [info]   All stages succeeded: YES
[18:45:47.142] [info]   标定质量: 各阶段 RMS 均在阈值内
[18:45:47.142] [info]   [Coarse-AI-lidar_cam_extrin] success=true rms=0.0000 time=0.0ms: 使用配置 initial_extrinsic 作为粗标定结果，精标定将以此起步
[18:45:47.142] [info]   [Fine-Auto-lidar_cam_extrin] success=true rms=0.0000 time=25378.8ms: LiDAR-Camera 精标定完成: 1 个相机, 最大 RMS=0.000000 px
[18:45:47.142] [info]   [Manual-Refine-lidar_cam_extrin] success=true rms=0.0000 time=59197.0ms: LiDAR-Camera 手动调整完成

╔══════════════════════════════════════════════════════╗
║              标定参数汇总                            ║
╠══════════════════════════════════════════════════════╣
║ 外参:
║   lidar_front->cam_left:
║     R(RPY°): [-62.65, -89.03, -27.93]
║     T(m):    [0.27, 0.06, -0.10]
║     时偏(s): 0.00
║     RMS:     0.00 ✗
╚══════════════════════════════════════════════════════╝

[18:45:47.142] [info] ================================
[18:45:47.143] [info] Pipeline report saved: ./results/pipeline_report_20260410_184422.yaml
[18:45:47.143] [info] ====== Pipeline Report: pipeline_20260410_184422 ======
[18:45:47.143] [info]   Total time: 84575.8 ms
[18:45:47.143] [info]   All stages succeeded: YES
[18:45:47.143] [info]   标定质量: 各阶段 RMS 均在阈值内
[18:45:47.143] [info]   [Coarse-AI-lidar_cam_extrin] success=true rms=0.0000 time=0.0ms: 使用配置 initial_extrinsic 作为粗标定结果，精标定将以此起步
[18:45:47.143] [info]   [Fine-Auto-lidar_cam_extrin] success=true rms=0.0000 time=25378.8ms: LiDAR-Camera 精标定完成: 1 个相机, 最大 RMS=0.000000 px
[18:45:47.143] [info]   [Manual-Refine-lidar_cam_extrin] success=true rms=0.0000 time=59197.0ms: LiDAR-Camera 手动调整完成

╔══════════════════════════════════════════════════════╗
║              标定参数汇总                            ║
╠══════════════════════════════════════════════════════╣
║ 外参:
║   lidar_front->cam_left:
║     R(RPY°): [-62.65, -89.03, -27.93]
║     T(m):    [0.27, 0.06, -0.10]
║     时偏(s): 0.00
║     RMS:     0.00 ✗
╚══════════════════════════════════════════════════════╝

[18:45:47.143] [info] ================================
[18:45:47.143] [info] ━━━━━━━━━━━━━━━━━━━━━━━━━━━━━━━━━━━━
[18:45:47.143] [info] LiDAR-Camera 标定流程完成
[18:45:47.143] [info] 结果目录: ./results
[18:45:47.143] [info] 标定流程正常退出 exit_code=0
[18:45:47.143] [info] ━━━━━━━━━━━━━━━━━━━━━━━━━━━━━━━━━━━━
