
 ╔═══════════════════════════════════════════════════════╗
 ║   UniCalib — LiDAR-Camera 外参标定                    ║
 ║   两阶段: AI粗标定(MIAS-LCEC) → 无目标边缘精标定      ║
 ║   手动校准: --manual 触发 6-DOF 交互式调整             ║
 ╚═══════════════════════════════════════════════════════╝

[2026-04-27 17:33:04.906] [info] [LiDAR-Camera] [:] ━━━━━━━━━━━━━━━━━━━━━━━━━━━━━━━━━━━━
[2026-04-27 17:33:04.906] [info] [LiDAR-Camera] [:] 配置文件: /root/calib_ws/calib_unified/config/unicalib_example.yaml
[2026-04-27 17:33:04.906] [info] [LiDAR-Camera] [:] 输出目录: /root/calib_ws/results
[2026-04-27 17:33:04.906] [info] [LiDAR-Camera] [:] 数据根目录: /root/calib_ws/data (--data-dir 或 CALIB_DATA_DIR)
[2026-04-27 17:33:04.906] [info] [LiDAR-Camera] [:] 精标定方法: edge (无目标优先=true)
[2026-04-27 17:33:04.906] [info] [LiDAR-Camera] [:] AI粗标定: true | 手动校准: true
[2026-04-27 17:33:04.906] [info] [LiDAR-Camera] [:] ━━━━━━━━━━━━━━━━━━━━━━━━━━━━━━━━━━━━
[2026-04-27 17:33:04.907] [info] [LiDAR-Camera] [:] 读取系统配置: /root/calib_ws/calib_unified/config/unicalib_example.yaml
[2026-04-27 17:33:04.908] [info] [LiDAR-Camera] [:]   IMU: 1, LiDAR: 2, Camera: 2
[2026-04-27 17:33:04.909] [info] [LiDAR-Camera] [:] ━━━━━━━━━━━━━━━━━━━━━━━━━━━━━━━━━━━━ [数据路径] ━━━━━━━━━━━━━━━━━━━━━━━━━━━━━
[2026-04-27 17:33:04.909] [info] [LiDAR-Camera] [:]   数据路径来源: 统一格式 (data.lidar.<id> / data.camera.<id>.images_dir)
[2026-04-27 17:33:04.909] [info] [LiDAR-Camera] [:]   配置原始值 — lidar:  nya_02_slam_imu_to_lidar/lidar_horz.yaml
[2026-04-27 17:33:04.909] [info] [LiDAR-Camera] [:]   配置原始值 — camera: lidar_camera_calibration-master/calibration_data/camera_calibration
[2026-04-27 17:33:04.909] [info] [LiDAR-Camera] [:]   base_data_dir:  /root/calib_ws/data
[2026-04-27 17:33:04.909] [info] [LiDAR-Camera] [:]   base 来源: 命令行 --data-dir
[2026-04-27 17:33:04.909] [info] [LiDAR-Camera] [:]   lidar_dir:      /root/calib_ws/data/nya_02_slam_imu_to_lidar/lidar_horz.yaml
[2026-04-27 17:33:04.909] [info] [LiDAR-Camera] [:]     → 相对路径，已与 base 拼接
[2026-04-27 17:33:04.909] [info] [LiDAR-Camera] [:]     → 存在: 是
[2026-04-27 17:33:04.909] [info] [LiDAR-Camera] [:]   camera_dir:     /root/calib_ws/data/lidar_camera_calibration-master/calibration_data/camera_calibration
[2026-04-27 17:33:04.909] [info] [LiDAR-Camera] [:]     → 相对路径，已与 base 拼接
[2026-04-27 17:33:04.909] [info] [LiDAR-Camera] [:]     → 存在: 是
[2026-04-27 17:33:04.909] [info] [LiDAR-Camera] [:]   【数据就绪】是 — 点云与图像目录均存在，将执行精标定
[2026-04-27 17:33:04.909] [info] [LiDAR-Camera] [:]   说明: 使用 --dataset 时请将 data.lidar/data.camera 设为相对 base 的路径（如 pcd、images），不要使用 /path/to/... 占位符
[2026-04-27 17:33:04.909] [info] [LiDAR-Camera] [:] ━━━━━━━━━━━━━━━━━━━━━━━━━━━━━━━━━━━━━━━━━━━━━━━━━━━━━━━━━━━━━━━━━━━━━━━━━━━━
[2026-04-27 17:33:04.909] [info] [LiDAR-Camera] [:] [LiDAR-Cam] use_config_extrinsic_only=true：跳过 AI 粗标定，将使用配置 initial_extrinsic 直接进入精标定/手动微调
[2026-04-27 17:33:04.909] [info] [LiDAR-Camera] [:] 读取系统配置: /root/calib_ws/calib_unified/config/unicalib_example.yaml
[2026-04-27 17:33:04.910] [info] [LiDAR-Camera] [:]   IMU: 1, LiDAR: 2, Camera: 2
[2026-04-27 17:33:04.910] [info] [LiDAR-Camera] [:] 读取系统配置: /root/calib_ws/calib_unified/config/unicalib_example.yaml
[2026-04-27 17:33:04.911] [info] [LiDAR-Camera] [:]   IMU: 1, LiDAR: 2, Camera: 2
[2026-04-27 17:33:04.911] [info] [LiDAR-Camera] [:] 配置: 使用 ROS2 bag 模式（离线标定）
[2026-04-27 17:33:04.911] [info] [LiDAR-Camera] [:]   Bag 路径: /root/calib_ws/data/nya_02_slam_imu_to_lidar/nya_02_ros2
[2026-04-27 17:33:04.911] [info] [LiDAR-Camera] [:]   LiDAR 话题: /os1_cloud_node1/points
[2026-04-27 17:33:04.911] [info] [LiDAR-Camera] [:]   相机话题: /left/image_raw
[2026-04-27 17:33:04.911] [info] [LiDAR-Camera] [:]   IMU 话题: /imu/imu
[2026-04-27 17:33:04.911] [info] [LiDAR-Camera] [:] [数据源] 类型=ROS2_BAG  path=/root/calib_ws/data/nya_02_slam_imu_to_lidar/nya_02_ros2  lidar_topic=/os1_cloud_node1/points  camera_topic=/left/image_raw
[2026-04-27 17:33:04.911] [info] [LiDAR-Camera] [:]   内参将从相机标定结果读取: ./results/camera_intrinsic/camera_intrinsic_cam_left.yaml (camera_id=cam_left)
[2026-04-27 17:33:04.911] [info] [LiDAR-Camera] [:]   内参将从相机标定结果读取: ./results/camera_intrinsic/camera_intrinsic_cam_right.yaml (camera_id=cam_right)
[2026-04-27 17:33:04.911] [info] [LiDAR-Camera] [:] [CalibPipeline] 初始化 ID=pipeline_20260427_173304
[2026-04-27 17:33:04.911] [info] [LiDAR-Camera] [:] [CalibPipeline] 输出目录: ./results
[2026-04-27 17:33:04.911] [info] [LiDAR-Camera] [:] [CalibPipeline] 无目标优先: true
[2026-04-27 17:33:04.911] [info] [LiDAR-Camera] [:] [CalibPipeline] 任务掩码: 0x10
[2026-04-27 17:33:04.911] [info] [LiDAR-Camera] [:] ▶ Stage 2: 精标定 (方法=edge)
[2026-04-27 17:33:04.911] [info] [LiDAR-Camera] [:] ▶ Stage 3: 手动校准 (manual_threshold=2.00px)
[2026-04-27 17:33:04.911] [info] [LiDAR-Camera] [:]   使用 ManualCalibSession 进行 6-DOF 交互式调整
[2026-04-27 17:33:04.911] [info] [LiDAR-Camera] [:]   调用示例:
[2026-04-27 17:33:04.911] [info] [LiDAR-Camera] [:]     ManualCalibSession::SessionConfig sess_cfg;
[2026-04-27 17:33:04.911] [info] [LiDAR-Camera] [:]     sess_cfg.save_dir = "./results/manual_sessions";
[2026-04-27 17:33:04.911] [info] [LiDAR-Camera] [:]     ManualCalibSession session(sess_cfg);
[2026-04-27 17:33:04.911] [info] [LiDAR-Camera] [:]     auto result = session.run_lidar_cam(scan, image, intrin, auto_result, auto_rms);
[2026-04-27 17:33:04.911] [info] [LiDAR-Camera] [:] 
[2026-04-27 17:33:04.911] [info] [LiDAR-Camera] [:] ╔═══════════════════════════════════════════════╗
[2026-04-27 17:33:04.911] [info] [LiDAR-Camera] [:] ║   UniCalib 两阶段标定流水线 — 开始            ║
[2026-04-27 17:33:04.911] [info] [LiDAR-Camera] [:] ║   Pipeline ID: pipeline_20260427_173304       ║
[2026-04-27 17:33:04.911] [info] [LiDAR-Camera] [:] ╚═══════════════════════════════════════════════╝
[2026-04-27 17:33:04.911] [info] [LiDAR-Camera] [:] [Coarse-AI/LiDAR-Cam] enable_coarse_lidar_cam=true → do_coarse=true
[17:33:04.912] [info] 
[17:33:04.912] [info] ━━━━━━━━━━━━━━━━━━━━━━━━━━━━━━━━━━━━━━━━━
[17:33:04.912] [info] ▶ 开始阶段: [Coarse-AI] 任务: [lidar_cam_extrin]
[17:33:04.912] [info]   描述: AI模型提供初始估计值
[17:33:04.912] [info] ━━━━━━━━━━━━━━━━━━━━━━━━━━━━━━━━━━━━━━━━━
[17:33:04.912] [info] [CALC] 粗标定阶段开始 task=lidar_cam_extrin
[17:33:04.912] [info] [Coarse-AI/LiDAR-Cam] 使用配置粗标定初值作为粗标定结果 t=[0.110,0.100,-0.030]m，精标定将以此起步
[17:33:04.912] [info] ━━━━━━━━━━━━━━━━━━━━━━━━━━━━━━━━━━━━━━━━━
[17:33:04.912] [info] ■ 结束阶段: [Coarse-AI] 任务: [lidar_cam_extrin]
[17:33:04.912] [info]   结果: ✓ 成功 | 残差RMS: 0.0000 | 耗时: 0 ms
[17:33:04.912] [info]   消息: 使用配置 initial_extrinsic 作为粗标定结果，精标定将以此起步
[17:33:04.912] [info] [CALC] 阶段结束 stage=Coarse-AI task=lidar_cam_extrin success=true residual_rms=0.000000 elapsed_ms=0.0 threshold=-1.0000
[17:33:04.912] [info] ━━━━━━━━━━━━━━━━━━━━━━━━━━━━━━━━━━━━━━━━━
[17:33:04.912] [info] 
[17:33:04.912] [info] ━━━━━━━━━━━━━━━━━━━━━━━━━━━━━━━━━━━━━━━━━
[17:33:04.912] [info] ▶ 开始阶段: [Fine-Auto] 任务: [lidar_cam_extrin]
[17:33:04.912] [info]   描述: 无目标优化
[17:33:04.912] [info] ━━━━━━━━━━━━━━━━━━━━━━━━━━━━━━━━━━━━━━━━━
[17:33:04.912] [info] [CALC] 精标定阶段开始 task=lidar_cam_extrin
[17:33:04.912] [info] [Fine-Auto] 任务: lidar_cam_extrin | 无目标优先: true
[17:33:04.912] [info] [Fine-Auto] 方法: 边缘对齐互信息 (EDGE_ALIGNMENT, 无目标)
[17:33:04.912] [info] [STAGE=lidar_cam_fine_auto] LiDAR-Camera 精标定 开始
[17:33:04.912] [info] [Fine-Auto/LiDAR-Cam] 开始执行精标定...
[17:33:04.912] [info]   [精标定数据源] 类型=ROS2_BAG  lidar_id=lidar_front
[17:33:04.912] [info]   ROS2 Bag: /root/calib_ws/data/nya_02_slam_imu_to_lidar/nya_02_ros2  LiDAR 话题: /os1_cloud_node1/points  相机话题: /left/image_raw
[17:33:04.912] [info] [Fine-Auto/LiDAR-Cam] 从 ROS2 加载数据...
[17:33:04.912] [info] [UnifiedDataLoader] 从 ROS2 加载数据...
[17:33:04.912] [info]   Bag 文件: /root/calib_ws/data/nya_02_slam_imu_to_lidar/nya_02_ros2
[17:33:04.912] [info]   实时模式: false
[17:33:04.912] [info] [Ros2BagDataSource] 打开 bag 文件: /root/calib_ws/data/nya_02_slam_imu_to_lidar/nya_02_ros2
[17:33:04.912] [info] [Ros2BagDataSource] 正在读取 metadata.yaml: /root/calib_ws/data/nya_02_slam_imu_to_lidar/nya_02_ros2/metadata.yaml
[17:33:04.913] [debug] [Ros2BagDataSource] 找到话题: /dji_sdk/imu (类型: sensor_msgs/msg/Imu, 消息数: 171462)
[17:33:04.913] [debug] [Ros2BagDataSource] 找到话题: /dji_sdk/attitude (类型: geometry_msgs/msg/QuaternionStamped, 消息数: 42866)
[17:33:04.913] [debug] [Ros2BagDataSource] 找到话题: /os1_cloud_node2/imu (类型: sensor_msgs/msg/Imu, 消息数: 42862)
[17:33:04.913] [debug] [Ros2BagDataSource] 找到话题: /os1_cloud_node1/imu (类型: sensor_msgs/msg/Imu, 消息数: 42862)
[17:33:04.913] [debug] [Ros2BagDataSource] 找到话题: /imu/imu (类型: sensor_msgs/msg/Imu, 消息数: 166428)
[17:33:04.913] [debug] [Ros2BagDataSource] 找到话题: /imu/magnetic_field (类型: sensor_msgs/msg/MagneticField, 消息数: 166428)
[17:33:04.913] [debug] [Ros2BagDataSource] 找到话题: /imu/temperature (类型: sensor_msgs/msg/Temperature, 消息数: 166428)
[17:33:04.913] [debug] [Ros2BagDataSource] 找到话题: /dji_sdk/gps_position (类型: sensor_msgs/msg/NavSatFix, 消息数: 21433)
[17:33:04.913] [debug] [Ros2BagDataSource] 找到话题: /dji_sdk/height_above_takeoff (类型: std_msgs/msg/Float32, 消息数: 21433)
[17:33:04.913] [debug] [Ros2BagDataSource] 找到话题: /dji_sdk/gps_health (类型: std_msgs/msg/UInt8, 消息数: 21433)
[17:33:04.913] [debug] [Ros2BagDataSource] 找到话题: /uwb_endorange_info (类型: uwb_driver/msg/UwbRange, 消息数: 25172)
[17:33:04.913] [debug] [Ros2BagDataSource] 找到话题: /left/image_raw (类型: sensor_msgs/msg/Image, 消息数: 4285)
[17:33:04.913] [debug] [Ros2BagDataSource] 找到话题: /right/image_raw (类型: sensor_msgs/msg/Image, 消息数: 4285)
[17:33:04.913] [debug] [Ros2BagDataSource] 找到话题: /os1_cloud_node1/points (类型: sensor_msgs/msg/PointCloud2, 消息数: 4287)
[17:33:04.913] [debug] [Ros2BagDataSource] 找到话题: /os1_cloud_node2/points (类型: sensor_msgs/msg/PointCloud2, 消息数: 4286)
[17:33:04.913] [debug] [Ros2BagDataSource] 找到话题: /uwb_exorange_info (类型: uwb_driver/msg/UwbEcho, 消息数: 2437)
[17:33:04.913] [debug] [Ros2BagDataSource] 找到话题: /node_pos_marker_sc (类型: visualization_msgs/msg/Marker, 消息数: 2437)
[17:33:04.913] [debug] [Ros2BagDataSource] 找到话题: /node_pos_sc (类型: nav_msgs/msg/Path, 消息数: 2437)
[17:33:04.913] [debug] [Ros2BagDataSource] 找到话题: /leica/pose/relative (类型: geometry_msgs/msg/PoseStamped, 消息数: 7679)
[17:33:04.913] [info] [Ros2BagDataSource] 使用配置的 LiDAR 话题: /os1_cloud_node1/points
[17:33:04.913] [info] [Ros2BagDataSource] 使用配置的相机话题: /left/image_raw
[17:33:04.913] [info] [Ros2BagDataSource] 使用配置的 IMU 话题: /imu/imu
[INFO] [1777282384.916963570] [rosbag2_storage]: Opened database '/root/calib_ws/data/nya_02_slam_imu_to_lidar/nya_02_ros2/nya_02_ros2.db3' for READ_ONLY.
[17:33:04.916] [info] [Ros2BagDataSource] Bag 已打开，开始读取消息...
[17:33:04.916] [info] [Ros2BagDataSource] 找到 19 个话题
[17:33:04.916] [info] [Ros2BagDataSource]  话题: /dji_sdk/imu  类型: sensor_msgs/msg/Imu  消息数: 171462
[17:33:04.916] [info] [Ros2BagDataSource]  话题: /dji_sdk/attitude  类型: geometry_msgs/msg/QuaternionStamped  消息数: 42866
[17:33:04.916] [info] [Ros2BagDataSource]  话题: /os1_cloud_node2/imu  类型: sensor_msgs/msg/Imu  消息数: 42862
[17:33:04.916] [info] [Ros2BagDataSource]  话题: /os1_cloud_node1/imu  类型: sensor_msgs/msg/Imu  消息数: 42862
[17:33:04.916] [info] [Ros2BagDataSource]  话题: /imu/imu  类型: sensor_msgs/msg/Imu  消息数: 166428
[17:33:04.916] [info] [Ros2BagDataSource]  话题: /imu/magnetic_field  类型: sensor_msgs/msg/MagneticField  消息数: 166428
[17:33:04.916] [info] [Ros2BagDataSource]  话题: /imu/temperature  类型: sensor_msgs/msg/Temperature  消息数: 166428
[17:33:04.916] [info] [Ros2BagDataSource]  话题: /dji_sdk/gps_position  类型: sensor_msgs/msg/NavSatFix  消息数: 21433
[17:33:04.916] [info] [Ros2BagDataSource]  话题: /dji_sdk/height_above_takeoff  类型: std_msgs/msg/Float32  消息数: 21433
[17:33:04.916] [info] [Ros2BagDataSource]  话题: /dji_sdk/gps_health  类型: std_msgs/msg/UInt8  消息数: 21433
[17:33:04.916] [info] [Ros2BagDataSource]  话题: /uwb_endorange_info  类型: uwb_driver/msg/UwbRange  消息数: 25172
[17:33:04.916] [info] [Ros2BagDataSource]  话题: /left/image_raw  类型: sensor_msgs/msg/Image  消息数: 4285
[17:33:04.916] [info] [Ros2BagDataSource]  话题: /right/image_raw  类型: sensor_msgs/msg/Image  消息数: 4285
[17:33:04.916] [info] [Ros2BagDataSource]  话题: /os1_cloud_node1/points  类型: sensor_msgs/msg/PointCloud2  消息数: 4287
[17:33:04.916] [info] [Ros2BagDataSource]  话题: /os1_cloud_node2/points  类型: sensor_msgs/msg/PointCloud2  消息数: 4286
[17:33:04.917] [info] [Ros2BagDataSource]  话题: /uwb_exorange_info  类型: uwb_driver/msg/UwbEcho  消息数: 2437
[17:33:04.917] [info] [Ros2BagDataSource]  话题: /node_pos_marker_sc  类型: visualization_msgs/msg/Marker  消息数: 2437
[17:33:04.917] [info] [Ros2BagDataSource]  话题: /node_pos_sc  类型: nav_msgs/msg/Path  消息数: 2437
[17:33:04.917] [info] [Ros2BagDataSource]  话题: /leica/pose/relative  类型: geometry_msgs/msg/PoseStamped  消息数: 7679
[17:33:04.917] [info] [Ros2BagDataSource] 将加载 bag 内所有 IMU / LiDAR / 相机话题，加载后可通过 sensor_id 或话题名选择使用
[17:33:05.399] [debug]   收集 IMU [/dji_sdk/imu] 帧数: 5000
[17:33:05.440] [debug]   收集 IMU [/imu/imu] 帧数: 5000
[17:33:05.926] [debug]   收集 IMU [/dji_sdk/imu] 帧数: 10000
[17:33:05.976] [debug]   收集 IMU [/imu/imu] 帧数: 10000
[17:33:06.329] [debug]   收集 IMU [/dji_sdk/imu] 帧数: 15000
[17:33:06.378] [debug]   收集 IMU [/imu/imu] 帧数: 15000
[17:33:06.732] [debug]   收集 LiDAR [/os1_cloud_node1/points] 帧数: 500
[17:33:06.733] [debug]   收集 LiDAR [/os1_cloud_node2/points] 帧数: 500
[17:33:06.733] [debug]   收集相机 [/left/image_raw] 帧数: 500
[17:33:06.734] [debug]   收集相机 [/right/image_raw] 帧数: 500
[17:33:06.734] [debug]   收集 IMU [/dji_sdk/imu] 帧数: 20000
[17:33:06.734] [debug]   收集 IMU [/os1_cloud_node1/imu] 帧数: 5000
[17:33:06.734] [debug]   收集 IMU [/os1_cloud_node2/imu] 帧数: 5000
[17:33:06.798] [debug]   收集 IMU [/imu/imu] 帧数: 20000
[17:33:07.170] [debug]   收集 IMU [/dji_sdk/imu] 帧数: 25000
[17:33:07.256] [debug]   收集 IMU [/imu/imu] 帧数: 25000
[17:33:07.668] [debug]   收集 IMU [/dji_sdk/imu] 帧数: 30000
[17:33:07.800] [debug]   收集 IMU [/imu/imu] 帧数: 30000
[17:33:08.239] [debug]   收集 IMU [/dji_sdk/imu] 帧数: 35000
[17:33:08.359] [debug]   收集 IMU [/imu/imu] 帧数: 35000
[17:33:08.690] [debug]   收集 LiDAR [/os1_cloud_node1/points] 帧数: 1000
[17:33:08.690] [debug]   收集 LiDAR [/os1_cloud_node2/points] 帧数: 1000
[17:33:08.691] [debug]   收集相机 [/left/image_raw] 帧数: 1000
[17:33:08.692] [debug]   收集相机 [/right/image_raw] 帧数: 1000
[17:33:08.692] [debug]   收集 IMU [/dji_sdk/imu] 帧数: 40000
[17:33:08.692] [debug]   收集 IMU [/os1_cloud_node1/imu] 帧数: 10000
[17:33:08.692] [debug]   收集 IMU [/os1_cloud_node2/imu] 帧数: 10000
[17:33:08.807] [debug]   收集 IMU [/imu/imu] 帧数: 40000
[17:33:09.171] [debug]   收集 IMU [/dji_sdk/imu] 帧数: 45000
[17:33:09.293] [debug]   收集 IMU [/imu/imu] 帧数: 45000
[17:33:09.582] [debug]   收集 IMU [/dji_sdk/imu] 帧数: 50000
[17:33:09.716] [debug]   收集 IMU [/imu/imu] 帧数: 50000
[17:33:10.014] [debug]   收集 IMU [/dji_sdk/imu] 帧数: 55000
[17:33:10.157] [debug]   收集 IMU [/imu/imu] 帧数: 55000
[17:33:10.460] [debug]   收集 LiDAR [/os1_cloud_node1/points] 帧数: 1500
[17:33:10.461] [debug]   收集 LiDAR [/os1_cloud_node2/points] 帧数: 1500
[17:33:10.461] [debug]   收集 IMU [/dji_sdk/imu] 帧数: 60000
[17:33:10.461] [debug]   收集相机 [/left/image_raw] 帧数: 1500
[17:33:10.462] [debug]   收集相机 [/right/image_raw] 帧数: 1500
[17:33:10.462] [debug]   收集 IMU [/os1_cloud_node1/imu] 帧数: 15000
[17:33:10.462] [debug]   收集 IMU [/os1_cloud_node2/imu] 帧数: 15000
[17:33:10.616] [debug]   收集 IMU [/imu/imu] 帧数: 60000
[17:33:10.918] [debug]   收集 IMU [/dji_sdk/imu] 帧数: 65000
[17:33:11.111] [debug]   收集 IMU [/imu/imu] 帧数: 65000
[17:33:11.372] [debug]   收集 IMU [/dji_sdk/imu] 帧数: 70000
[17:33:11.556] [debug]   收集 IMU [/imu/imu] 帧数: 70000
[17:33:11.806] [debug]   收集 IMU [/dji_sdk/imu] 帧数: 75000
[17:33:12.048] [debug]   收集 IMU [/imu/imu] 帧数: 75000
[17:33:12.290] [debug]   收集 LiDAR [/os1_cloud_node1/points] 帧数: 2000
[17:33:12.292] [debug]   收集 LiDAR [/os1_cloud_node2/points] 帧数: 2000
[17:33:12.292] [debug]   收集 IMU [/dji_sdk/imu] 帧数: 80000
[17:33:12.292] [debug]   收集 IMU [/os1_cloud_node1/imu] 帧数: 20000
[17:33:12.292] [debug]   收集 IMU [/os1_cloud_node2/imu] 帧数: 20000
[17:33:12.294] [debug]   收集相机 [/left/image_raw] 帧数: 2000
[17:33:12.294] [debug]   收集相机 [/right/image_raw] 帧数: 2000
[17:33:12.498] [debug]   收集 IMU [/imu/imu] 帧数: 80000
[17:33:12.709] [debug]   收集 IMU [/dji_sdk/imu] 帧数: 85000
[17:33:12.932] [debug]   收集 IMU [/imu/imu] 帧数: 85000
[17:33:13.134] [debug]   收集 IMU [/dji_sdk/imu] 帧数: 90000
[17:33:13.385] [debug]   收集 IMU [/imu/imu] 帧数: 90000
[17:33:13.605] [debug]   收集 IMU [/dji_sdk/imu] 帧数: 95000
[17:33:13.869] [debug]   收集 IMU [/imu/imu] 帧数: 95000
[17:33:14.064] [debug]   收集 LiDAR [/os1_cloud_node1/points] 帧数: 2500
[17:33:14.066] [debug]   收集 LiDAR [/os1_cloud_node2/points] 帧数: 2500
[17:33:14.066] [debug]   收集 IMU [/dji_sdk/imu] 帧数: 100000
[17:33:14.066] [debug]   收集 IMU [/os1_cloud_node1/imu] 帧数: 25000
[17:33:14.066] [debug]   收集 IMU [/os1_cloud_node2/imu] 帧数: 25000
[17:33:14.068] [debug]   收集相机 [/left/image_raw] 帧数: 2500
[17:33:14.069] [debug]   收集相机 [/right/image_raw] 帧数: 2500
[17:33:14.349] [debug]   收集 IMU [/imu/imu] 帧数: 100000
[17:33:14.513] [debug]   收集 IMU [/dji_sdk/imu] 帧数: 105000
[17:33:14.906] [debug]   收集 IMU [/imu/imu] 帧数: 105000
[17:33:15.096] [debug]   收集 IMU [/dji_sdk/imu] 帧数: 110000
[17:33:15.510] [debug]   收集 IMU [/imu/imu] 帧数: 110000
[17:33:15.691] [debug]   收集 IMU [/dji_sdk/imu] 帧数: 115000
[17:33:16.117] [debug]   收集 IMU [/imu/imu] 帧数: 115000
[17:33:16.283] [debug]   收集 LiDAR [/os1_cloud_node1/points] 帧数: 3000
[17:33:16.287] [debug]   收集 LiDAR [/os1_cloud_node2/points] 帧数: 3000
[17:33:16.287] [debug]   收集 IMU [/dji_sdk/imu] 帧数: 120000
[17:33:16.289] [debug]   收集 IMU [/os1_cloud_node1/imu] 帧数: 30000
[17:33:16.289] [debug]   收集 IMU [/os1_cloud_node2/imu] 帧数: 30000
[17:33:16.290] [debug]   收集相机 [/left/image_raw] 帧数: 3000
[17:33:16.291] [debug]   收集相机 [/right/image_raw] 帧数: 3000
[17:33:16.715] [debug]   收集 IMU [/imu/imu] 帧数: 120000
[17:33:16.872] [debug]   收集 IMU [/dji_sdk/imu] 帧数: 125000
[17:33:17.358] [debug]   收集 IMU [/imu/imu] 帧数: 125000
[17:33:17.485] [debug]   收集 IMU [/dji_sdk/imu] 帧数: 130000
[17:33:18.018] [debug]   收集 IMU [/imu/imu] 帧数: 130000
[17:33:18.155] [debug]   收集 IMU [/dji_sdk/imu] 帧数: 135000
[17:33:18.728] [debug]   收集 IMU [/imu/imu] 帧数: 135000
[17:33:18.863] [debug]   收集 LiDAR [/os1_cloud_node1/points] 帧数: 3500
[17:33:18.865] [debug]   收集 LiDAR [/os1_cloud_node2/points] 帧数: 3500
[17:33:18.867] [debug]   收集 IMU [/dji_sdk/imu] 帧数: 140000
[17:33:18.869] [debug]   收集 IMU [/os1_cloud_node1/imu] 帧数: 35000
[17:33:18.869] [debug]   收集 IMU [/os1_cloud_node2/imu] 帧数: 35000
[17:33:18.872] [debug]   收集相机 [/left/image_raw] 帧数: 3500
[17:33:18.873] [debug]   收集相机 [/right/image_raw] 帧数: 3500
[17:33:19.454] [debug]   收集 IMU [/imu/imu] 帧数: 140000
[17:33:19.567] [debug]   收集 IMU [/dji_sdk/imu] 帧数: 145000
[17:33:20.066] [debug]   收集 IMU [/imu/imu] 帧数: 145000
[17:33:20.113] [debug]   收集 IMU [/dji_sdk/imu] 帧数: 150000
[17:33:20.532] [debug]   收集 IMU [/imu/imu] 帧数: 150000
[17:33:20.566] [debug]   收集 IMU [/dji_sdk/imu] 帧数: 155000
[17:33:20.998] [debug]   收集 IMU [/imu/imu] 帧数: 155000
[17:33:21.020] [debug]   收集 LiDAR [/os1_cloud_node1/points] 帧数: 4000
[17:33:21.021] [debug]   收集 LiDAR [/os1_cloud_node2/points] 帧数: 4000
[17:33:21.022] [debug]   收集 IMU [/dji_sdk/imu] 帧数: 160000
[17:33:21.023] [debug]   收集 IMU [/os1_cloud_node1/imu] 帧数: 40000
[17:33:21.023] [debug]   收集 IMU [/os1_cloud_node2/imu] 帧数: 40000
[17:33:21.025] [debug]   收集相机 [/left/image_raw] 帧数: 4000
[17:33:21.026] [debug]   收集相机 [/right/image_raw] 帧数: 4000
[17:33:21.476] [debug]   收集 IMU [/imu/imu] 帧数: 160000
[17:33:21.488] [debug]   收集 IMU [/dji_sdk/imu] 帧数: 165000
[17:33:21.973] [debug]   收集 IMU [/imu/imu] 帧数: 165000
[17:33:21.974] [debug]   收集 IMU [/dji_sdk/imu] 帧数: 170000
[17:33:22.103] [info] [Ros2BagDataSource] 加载完成 (所有话题按话题名存储，可通过 sensor_id 或话题名选择):
[17:33:22.103] [info]   LiDAR [/os1_cloud_node1/points]: 4287 帧
[17:33:22.103] [info]   LiDAR [/os1_cloud_node2/points]: 4286 帧
[17:33:22.103] [info]   相机 [/left/image_raw]: 4285 帧
[17:33:22.103] [info]   相机 [/right/image_raw]: 4285 帧
[17:33:22.103] [info]   IMU [/dji_sdk/imu]: 171462 帧
[17:33:22.103] [info]   IMU [/imu/imu]: 166428 帧
[17:33:22.103] [info]   IMU [/os1_cloud_node1/imu]: 42862 帧
[17:33:22.103] [info]   IMU [/os1_cloud_node2/imu]: 42862 帧
[17:33:22.103] [info]   选用 LiDAR  lidar_front -> /os1_cloud_node1/points
[17:33:22.103] [info]   选用 相机  cam_left -> /left/image_raw
[17:33:22.103] [info]   选用 IMU    imu_0 -> /imu/imu
[17:33:22.103] [info]   时间范围: 1609045331.127 - 1609045759.771 秒
[17:33:22.103] [info] [Ros2BagDataSource] 应用采样/帧数限制...
[17:33:22.261] [info]   LiDAR /os1_cloud_node1/points 采样后: 800 帧
[17:33:22.319] [info]   LiDAR /os1_cloud_node2/points 采样后: 800 帧
[17:33:22.409] [info]   相机 /left/image_raw 采样后: 800 帧
[17:33:22.455] [info]   相机 /right/image_raw 采样后: 800 帧
[17:33:22.458] [info] [Fine-Auto/LiDAR-Cam] LiDAR 加载完成: 800 帧 (将按相机逐路取帧)
[17:33:22.458] [info] 读取相机内参: ./results/camera_intrinsic/camera_intrinsic_cam_left.yaml
[17:33:22.459] [info]   fx=425.03 fy=426.80 cx=386.02 cy=241.91 dist=4
[17:33:22.459] [info] [Fine-Auto/LiDAR-Cam] 步骤: LiDAR-Camera 标定 相机=cam_left (方法: 边缘对齐)
[17:33:22.461] [info] [CalibVisualizer] 初始化完成
[17:33:22.461] [info] [Fine-Auto/LiDAR-Cam] 可视化已启用：仅标定结束后显示一帧「图像+点云投影」叠加，不创建 3D 窗口、不泵送其他帧
[17:33:22.461] [info] [Fine-Auto/LiDAR-Cam] 使用粗标定初值 t=[0.110,0.100,-0.030]m
[17:33:22.466] [info] [Fine-Auto] 结果已保存: ./results/lidar_camera_extrinsic/lidar_cam_cam_left_extrinsic.yaml
[17:33:22.466] [info] [Viz] 即将生成投影图并保存到 ./results/lidar_camera_extrinsic/lidar_cam_cam_left_projection.png
[17:33:22.486] [info] 投影可视化保存: ./results/lidar_camera_extrinsic/lidar_cam_cam_left_projection.png
[17:33:22.486] [info] [Viz] 投影图已保存（仅使用配置初值，未做精标定）
[17:33:22.486] [info] [Fine-Auto/LiDAR-Cam] 相机 cam_left 已使用配置初值跳过精标定，直接供手动微调
[17:33:22.486] [info] [Viz/Display] 即将关闭可视化窗口 原因=用户关闭或流程结束 pangolin_running=false
[17:33:22.486] [warning] [Fine-Auto/LiDAR-Cam] 相机 cam_right 无帧，跳过
[17:33:22.486] [warning] [Fine-Auto/LiDAR-Cam] 相机 cam_front 无帧，跳过
[17:33:22.486] [warning] [Fine-Auto/LiDAR-Cam] 相机 cam_rear 无帧，跳过
[17:33:22.486] [info] [Fine-Auto/LiDAR-Cam] 精标定完成: 1 个相机  最大 RMS=0.0000 px
[17:33:22.486] [info] [STAGE=lidar_cam_fine_auto] LiDAR-Camera 精标定 完成
[17:33:22.486] [info] [Fine-Auto/LiDAR-Cam] RMS 阈值=2.00 px  最大 RMS=0.0000 px  在阈值内
[17:33:22.674] [info] ━━━━━━━━━━━━━━━━━━━━━━━━━━━━━━━━━━━━━━━━━
[17:33:22.674] [info] ■ 结束阶段: [Fine-Auto] 任务: [lidar_cam_extrin]
[17:33:22.674] [info]   结果: ✓ 成功 | 残差RMS: 0.0000 | 耗时: 17761 ms
[17:33:22.674] [info]   消息: LiDAR-Camera 精标定完成: 1 个相机, 最大 RMS=0.000000 px
[17:33:22.674] [info] [CALC] 阶段结束 stage=Fine-Auto task=lidar_cam_extrin success=true residual_rms=0.000000 elapsed_ms=17574.3 threshold=2.0000
[17:33:22.674] [info] ━━━━━━━━━━━━━━━━━━━━━━━━━━━━━━━━━━━━━━━━━
[17:33:22.674] [info] [Pipeline] 用户已启用手动校准 (--manual), 进入 6-DOF 调整
[17:33:22.674] [info] 
[17:33:22.674] [info] ━━━━━━━━━━━━━━━━━━━━━━━━━━━━━━━━━━━━━━━━━
[17:33:22.674] [info] ▶ 开始阶段: [Manual-Refine] 任务: [lidar_cam_extrin]
[17:33:22.674] [info]   描述: 手动校准: 6-DOF 交互式调整
[17:33:22.674] [info] ━━━━━━━━━━━━━━━━━━━━━━━━━━━━━━━━━━━━━━━━━
[17:33:22.674] [info] [Manual-Refine] 任务: lidar_cam_extrin
[17:33:22.674] [info] [Manual-Refine] 操作说明: Q/A Roll  W/S Pitch  E/D Yaw  R/F Tx  T/G Ty  Y/H Tz  U Undo  Enter 接受  Esc 取消
[17:33:22.675] [info] [ManualSession] 会话ID: session_2026-04-27_17-33-22
[17:33:22.675] [info] [ManualSession] 保存目录: ./results/manual_sessions
[17:33:22.675] [info] [Manual-Refine] 已打开 6-DOF 可视化调整窗口，请在本窗口内按键微调后 Enter 接受或 Esc 取消
[17:33:22.675] [info] [Manual-Refine] LiDAR-Camera 手动调整仅使用首帧匹配数据（第 0 帧点云 + 第 0 帧图像）
[17:33:22.675] [info] [ManualSession] 启动 LiDAR-Camera 手动校准
[17:33:22.675] [info] [ManualSession] 自动标定 RMS: 0.0000 px (阈值建议 < 2.0px)
[17:33:22.675] [debug] [ManualSession] 事件: lidar_cam_start | auto_rms=0.000000
[17:33:22.675] [info] [ManualAdjust] 初始外参:
[17:33:22.675] [info] [ManualAdjust] 当前外参 [lidar_front→cam_left]:
[17:33:22.675] [info]   旋转 RPY: (4.7785, -89.5500, -95.6685) deg
[17:33:22.675] [info]   平移 XYZ: (0.1100, 0.1000, -0.0300) m
[17:33:22.675] [info] [ManualSession] ===== 手动校准操作说明 =====
[17:33:22.675] [info]   Q/A: Roll ±0.1deg   W/S: Pitch ±0.1deg   E/D: Yaw ±0.1deg
[17:33:22.675] [info]   R/F: Tx ±0.5cm   T/G: Ty ±0.5cm   Y/H: Tz ±0.5cm
[17:33:22.675] [info]   Shift+键: 10倍步长
[17:33:22.675] [info]   P: 进入点击精化模式  U: 撤销  Z: 重做
[17:33:22.675] [info]   S: 保存  ESC: 接受并退出
[17:33:22.675] [info]   点云投影质量越高 (边缘对齐越好) 表示标定越准确
[17:33:22.686] [info] [ManualAdjust] 结果已保存: ./results/lidar_camera_extrinsic/manual_extrinsic_20260427_173322_initial.yaml
[17:33:22.686] [info] [ManualCalib] 交互窗口启动前已自动保存初始状态快照（备用）:
[17:33:22.686] [info]   - 投影图: ./results/lidar_camera_extrinsic/manual_projection_20260427_173322_initial.png
[17:33:22.686] [info]   - 点云:   ./results/lidar_camera_extrinsic/manual_cloud_20260427_173322_initial.pcd
[17:33:22.686] [info]   - 外参:   ./results/lidar_camera_extrinsic/manual_extrinsic_20260427_173322_initial.yaml

(unicalib_lidar_camera:144): dbind-WARNING **: 17:33:22.713: Couldn't connect to accessibility bus: Failed to connect to socket /run/user/1000/at-spi/bus_1: No such file or directory
[17:33:22.749] [info] [ManualCalib] 3D 点云窗口已禁用（避免 VTK 闪退），请在 2D 投影窗口进行微调。按下 'S' 键可手动保存当前微调结果图片和点云。
[17:33:22.749] [info] [ManualCalib] 初始位姿 T_lidar_to_cam:
[17:33:22.749] [info]   - Translation: 0.1100, 0.1000, -0.0300
[17:33:22.749] [info]   - RPY (deg):   90.4485, 179.1102, 89.9555
[17:33:28.081] [info] [ManualSession] 用户取消，保留自动标定结果
[17:33:28.081] [debug] [ManualSession] 事件: lidar_cam_end | final_rms=0.000000
[17:33:28.082] [info] [ManualSession] 会话已保存: ./results/manual_sessions/session_2026-04-27_17-33-22.yaml
[17:33:28.082] [info] ━━━━━━━━━━━━━━━━━━━━━━━━━━━━━━━━━━━━━━━━━
[17:33:28.082] [info] ■ 结束阶段: [Manual-Refine] 任务: [lidar_cam_extrin]
[17:33:28.082] [info]   结果: ✓ 成功 | 残差RMS: 0.0000 | 耗时: 5407 ms
[17:33:28.082] [info]   消息: LiDAR-Camera 手动调整完成
[17:33:28.082] [info] [CALC] 阶段结束 stage=Manual-Refine task=lidar_cam_extrin success=true residual_rms=0.000000 elapsed_ms=5407.6 threshold=-1.0000
[17:33:28.082] [info] ━━━━━━━━━━━━━━━━━━━━━━━━━━━━━━━━━━━━━━━━━
[17:33:28.082] [info] ====== Pipeline Report: pipeline_20260427_173304 ======
[17:33:28.082] [info]   Total time: 22981.9 ms
[17:33:28.082] [info]   All stages succeeded: YES
[17:33:28.082] [info]   标定质量: 各阶段 RMS 均在阈值内
[17:33:28.082] [info]   [Coarse-AI-lidar_cam_extrin] success=true rms=0.0000 time=0.0ms: 使用配置 initial_extrinsic 作为粗标定结果，精标定将以此起步
[17:33:28.082] [info]   [Fine-Auto-lidar_cam_extrin] success=true rms=0.0000 time=17574.3ms: LiDAR-Camera 精标定完成: 1 个相机, 最大 RMS=0.000000 px
[17:33:28.082] [info]   [Manual-Refine-lidar_cam_extrin] success=true rms=0.0000 time=5407.6ms: LiDAR-Camera 手动调整完成

╔══════════════════════════════════════════════════════╗
║              标定参数汇总                            ║
╠══════════════════════════════════════════════════════╣
║ 外参:
║   lidar_front->cam_left:
║     R(RPY°): [4.78, -89.55, -95.67]
║     T(m):    [0.11, 0.10, -0.03]
║     时偏(s): 0.00
║     RMS:     0.00 ✗
╚══════════════════════════════════════════════════════╝

[17:33:28.082] [info] ================================
[17:33:28.083] [info] Pipeline report saved: ./results/pipeline_report_20260427_173304.yaml
[17:33:28.083] [info] ====== Pipeline Report: pipeline_20260427_173304 ======
[17:33:28.083] [info]   Total time: 22981.9 ms
[17:33:28.083] [info]   All stages succeeded: YES
[17:33:28.083] [info]   标定质量: 各阶段 RMS 均在阈值内
[17:33:28.083] [info]   [Coarse-AI-lidar_cam_extrin] success=true rms=0.0000 time=0.0ms: 使用配置 initial_extrinsic 作为粗标定结果，精标定将以此起步
[17:33:28.083] [info]   [Fine-Auto-lidar_cam_extrin] success=true rms=0.0000 time=17574.3ms: LiDAR-Camera 精标定完成: 1 个相机, 最大 RMS=0.000000 px
[17:33:28.083] [info]   [Manual-Refine-lidar_cam_extrin] success=true rms=0.0000 time=5407.6ms: LiDAR-Camera 手动调整完成

╔══════════════════════════════════════════════════════╗
║              标定参数汇总                            ║
╠══════════════════════════════════════════════════════╣
║ 外参:
║   lidar_front->cam_left:
║     R(RPY°): [4.78, -89.55, -95.67]
║     T(m):    [0.11, 0.10, -0.03]
║     时偏(s): 0.00
║     RMS:     0.00 ✗
╚══════════════════════════════════════════════════════╝

[17:33:28.083] [info] ================================
[17:33:28.083] [info] ━━━━━━━━━━━━━━━━━━━━━━━━━━━━━━━━━━━━
[17:33:28.083] [info] LiDAR-Camera 标定流程完成
[17:33:28.083] [info] 结果目录: ./results
[17:33:28.083] [info] 标定流程正常退出 exit_code=0
[17:33:28.083] [info] ━━━━━━━━━━━━━━━━━━━━━━━━━━━━━━━━━━━━
