
 ╔═══════════════════════════════════════════════════════╗
 ║   UniCalib — LiDAR-Camera 外参标定                    ║
 ║   两阶段: AI粗标定(MIAS-LCEC) → 无目标边缘精标定      ║
 ║   手动校准: --manual 触发 6-DOF 交互式调整             ║
 ╚═══════════════════════════════════════════════════════╝

[2026-04-21 15:58:25.929] [info] [LiDAR-Camera] [:] ━━━━━━━━━━━━━━━━━━━━━━━━━━━━━━━━━━━━
[2026-04-21 15:58:25.929] [info] [LiDAR-Camera] [:] 配置文件: /root/calib_ws/calib_unified/config/unicalib_example.yaml
[2026-04-21 15:58:25.929] [info] [LiDAR-Camera] [:] 输出目录: /root/calib_ws/results
[2026-04-21 15:58:25.929] [info] [LiDAR-Camera] [:] 数据根目录: /root/calib_ws/data (--data-dir 或 CALIB_DATA_DIR)
[2026-04-21 15:58:25.929] [info] [LiDAR-Camera] [:] 精标定方法: edge (无目标优先=true)
[2026-04-21 15:58:25.929] [info] [LiDAR-Camera] [:] AI粗标定: true | 手动校准: true
[2026-04-21 15:58:25.929] [info] [LiDAR-Camera] [:] ━━━━━━━━━━━━━━━━━━━━━━━━━━━━━━━━━━━━
[2026-04-21 15:58:25.930] [info] [LiDAR-Camera] [:] 读取系统配置: /root/calib_ws/calib_unified/config/unicalib_example.yaml
[2026-04-21 15:58:25.931] [info] [LiDAR-Camera] [:]   IMU: 0, LiDAR: 1, Camera: 1
[2026-04-21 15:58:25.931] [warning] [LiDAR-Camera] [:] 相机图像目录不存在: /root/calib_ws/data/null (请确保数据已放入此路径)
[2026-04-21 15:58:25.931] [info] [LiDAR-Camera] [:] ━━━━━━━━━━━━━━━━━━━━━━━━━━━━━━━━━━━━ [数据路径] ━━━━━━━━━━━━━━━━━━━━━━━━━━━━━
[2026-04-21 15:58:25.931] [info] [LiDAR-Camera] [:]   数据路径来源: 统一格式 (data.lidar.<id> / data.camera.<id>.images_dir)
[2026-04-21 15:58:25.931] [info] [LiDAR-Camera] [:]   配置原始值 — lidar:  Koide/livox/lidar.yaml
[2026-04-21 15:58:25.931] [info] [LiDAR-Camera] [:]   配置原始值 — camera: null
[2026-04-21 15:58:25.931] [info] [LiDAR-Camera] [:]   base_data_dir:  /root/calib_ws/data
[2026-04-21 15:58:25.931] [info] [LiDAR-Camera] [:]   base 来源: 命令行 --data-dir
[2026-04-21 15:58:25.931] [info] [LiDAR-Camera] [:]   lidar_dir:      /root/calib_ws/data/Koide/livox/lidar.yaml
[2026-04-21 15:58:25.931] [info] [LiDAR-Camera] [:]     → 相对路径，已与 base 拼接
[2026-04-21 15:58:25.931] [info] [LiDAR-Camera] [:]     → 存在: 是
[2026-04-21 15:58:25.931] [info] [LiDAR-Camera] [:]   camera_dir:     /root/calib_ws/data/null
[2026-04-21 15:58:25.931] [info] [LiDAR-Camera] [:]     → 相对路径，已与 base 拼接
[2026-04-21 15:58:25.931] [info] [LiDAR-Camera] [:]     → 存在: 否
[2026-04-21 15:58:25.931] [warning] [LiDAR-Camera] [:]     相机图像目录不存在，精标定将无法加载图像
[2026-04-21 15:58:25.931] [info] [LiDAR-Camera] [:]   【数据就绪】否 — 原因: 相机图像目录不存在: /root/calib_ws/data/null
[2026-04-21 15:58:25.931] [info] [LiDAR-Camera] [:]   说明: 使用 --dataset 时请将 data.lidar/data.camera 设为相对 base 的路径（如 pcd、images），不要使用 /path/to/... 占位符
[2026-04-21 15:58:25.931] [info] [LiDAR-Camera] [:] ━━━━━━━━━━━━━━━━━━━━━━━━━━━━━━━━━━━━━━━━━━━━━━━━━━━━━━━━━━━━━━━━━━━━━━━━━━━━
[2026-04-21 15:58:25.931] [info] [LiDAR-Camera] [:] 读取系统配置: /root/calib_ws/calib_unified/config/unicalib_example.yaml
[2026-04-21 15:58:25.932] [info] [LiDAR-Camera] [:]   IMU: 0, LiDAR: 1, Camera: 1
[2026-04-21 15:58:25.932] [info] [LiDAR-Camera] [:] 读取系统配置: /root/calib_ws/calib_unified/config/unicalib_example.yaml
[2026-04-21 15:58:25.933] [info] [LiDAR-Camera] [:]   IMU: 0, LiDAR: 1, Camera: 1
[2026-04-21 15:58:25.933] [info] [LiDAR-Camera] [:] 配置: 使用 ROS2 bag 模式（离线标定）
[2026-04-21 15:58:25.933] [info] [LiDAR-Camera] [:]   Bag 路径: /root/calib_ws/data/Koide/livox
[2026-04-21 15:58:25.933] [info] [LiDAR-Camera] [:]   LiDAR 话题: /livox/points
[2026-04-21 15:58:25.933] [info] [LiDAR-Camera] [:]   相机话题: /image
[2026-04-21 15:58:25.933] [info] [LiDAR-Camera] [:]   IMU 话题: (未设置)
[2026-04-21 15:58:25.933] [info] [LiDAR-Camera] [:] [数据源] 类型=ROS2_BAG  path=/root/calib_ws/data/Koide/livox  lidar_topic=/livox/points  camera_topic=/image
[2026-04-21 15:58:25.934] [info] [LiDAR-Camera] [:] [CalibPipeline] 初始化 ID=pipeline_20260421_155825
[2026-04-21 15:58:25.934] [info] [LiDAR-Camera] [:] [CalibPipeline] 输出目录: /home/lihongyu/Unicalib/UniCalib-OK/results
[2026-04-21 15:58:25.934] [info] [LiDAR-Camera] [:] [CalibPipeline] 无目标优先: true
[2026-04-21 15:58:25.934] [info] [LiDAR-Camera] [:] [CalibPipeline] 任务掩码: 0x10
[2026-04-21 15:58:25.934] [info] [LiDAR-Camera] [:] ▶ Stage 1: AI 粗标定 (MIAS-LCEC)
[2026-04-21 15:58:25.934] [info] [LiDAR-Camera] [:]   模型路径: /root/calib_ws/MIAS-LCEC (粗标定使用 pretrained_overlap_transformer.pth.tar)
[2026-04-21 15:58:26.736] [info] [LiDAR-Camera] [:] [AI-Calib] DM-Calib 配置的 Python 无 torch，改用已装 torch 的 Python: python3
[2026-04-21 15:58:26.736] [info] [LiDAR-Camera] [:] [AI-Calib] ===== AI 模型可用性检查 =====
[2026-04-21 15:58:26.736] [info] [LiDAR-Camera] [:] [DM-Calib] 可用性检查 失败 原因=推理脚本不存在 路径=/root/calib_ws/DM-Calib/DMCalib/tools/infer_unicalib.py
[2026-04-21 15:58:26.736] [info] [LiDAR-Camera] [:]   DM-Calib (相机内参):      ✗ 不可用
[2026-04-21 15:58:26.736] [info] [LiDAR-Camera] [:]   MIAS-LCEC (LiDAR-Cam):   ✓ 可用
[2026-04-21 15:58:26.736] [info] [LiDAR-Camera] [:] [TransformerIMU] 不可用: 脚本不存在 script=/root/calib_ws/Transformer-IMU-Calibrator/eval_unicalib.py
[2026-04-21 15:58:26.736] [info] [LiDAR-Camera] [:]   Transformer-IMU (IMU内参): ✗ 不可用
[2026-04-21 15:58:26.736] [info] [LiDAR-Camera] [:]   L2Calib (IMU-LiDAR):     ✗ 不可用
[2026-04-21 15:58:26.736] [info] [LiDAR-Camera] [:] [AI-Calib] ================================
[2026-04-21 15:58:26.736] [info] [LiDAR-Camera] [:]   [Stage 1] MIAS-LCEC 可用: 是 (粗标定支持: 1) 指定 coarse_pcd_file/coarse_image_file 2) 从当前数据源取首帧，同相机内参)
[2026-04-21 15:58:26.736] [info] [LiDAR-Camera] [:]   [Stage 1] 粗标定输入来源: 从 ROS2 数据源取首帧 (max_frames=2, lidar_id=lidar_0)
[2026-04-21 15:58:26.736] [info] [LiDAR-Camera] [:] [UnifiedDataLoader] 从 ROS2 加载数据...
[2026-04-21 15:58:26.736] [info] [LiDAR-Camera] [:]   Bag 文件: /root/calib_ws/data/Koide/livox
[2026-04-21 15:58:26.736] [info] [LiDAR-Camera] [:]   实时模式: false
[2026-04-21 15:58:26.736] [info] [LiDAR-Camera] [:] [Ros2BagDataSource] 打开 bag 文件: /root/calib_ws/data/Koide/livox
[2026-04-21 15:58:26.736] [info] [LiDAR-Camera] [:] [Ros2BagDataSource] 未找到 metadata.yaml: /root/calib_ws/data/Koide/livox/metadata.yaml
[2026-04-21 15:58:26.736] [warning] [LiDAR-Camera] [:]   [Stage 1] ROS2 加载首帧失败: 读取 metadata.yaml 失败
[2026-04-21 15:58:26.736] [warning] [LiDAR-Camera] [:]   未提供 coarse_pcd_file/coarse_image_file 且未从当前数据源取到首帧，跳过 AI 粗标定
[2026-04-21 15:58:26.736] [info] [LiDAR-Camera] [:]   说明: 粗标定支持 1) 在 config 中设置 coarse_pcd_file / coarse_image_file 2) 使用 ROS2 bag/话题或文件目录时自动取首帧（同相机内参粗标定）
[2026-04-21 15:58:26.736] [info] [LiDAR-Camera] [:]   当前: coarse_pcd_file='(未设置)' coarse_image_file='(未设置)'
[2026-04-21 15:58:26.736] [warning] [LiDAR-Camera] [:] 【粗标定未执行】精标定将使用 identity 初值。原因: (1) MIAS-LCEC 可用=是 (2) 粗标定输入已就绪=否
[2026-04-21 15:58:26.736] [info] [LiDAR-Camera] [:]   [Stage 1] 结果: 跳过 (详见上方原因)
[2026-04-21 15:58:26.736] [info] [LiDAR-Camera] [:] ▶ Stage 2: 精标定 (方法=edge)
[2026-04-21 15:58:26.736] [warning] [LiDAR-Camera] [:] 数据路径未就绪，当前运行将仅执行流水线占位阶段，不进行实际标定优化。详见上方【数据就绪】原因。
[2026-04-21 15:58:26.736] [info] [LiDAR-Camera] [:] ▶ Stage 3: 手动校准 (manual_threshold=2.00px)
[2026-04-21 15:58:26.736] [info] [LiDAR-Camera] [:]   使用 ManualCalibSession 进行 6-DOF 交互式调整
[2026-04-21 15:58:26.736] [info] [LiDAR-Camera] [:]   调用示例:
[2026-04-21 15:58:26.736] [info] [LiDAR-Camera] [:]     ManualCalibSession::SessionConfig sess_cfg;
[2026-04-21 15:58:26.736] [info] [LiDAR-Camera] [:]     sess_cfg.save_dir = "/home/lihongyu/Unicalib/UniCalib-OK/results/manual_sessions";
[2026-04-21 15:58:26.736] [info] [LiDAR-Camera] [:]     ManualCalibSession session(sess_cfg);
[2026-04-21 15:58:26.736] [info] [LiDAR-Camera] [:]     auto result = session.run_lidar_cam(scan, image, intrin, auto_result, auto_rms);
[2026-04-21 15:58:26.736] [info] [LiDAR-Camera] [:] 
[2026-04-21 15:58:26.736] [info] [LiDAR-Camera] [:] ╔═══════════════════════════════════════════════╗
[2026-04-21 15:58:26.736] [info] [LiDAR-Camera] [:] ║   UniCalib 两阶段标定流水线 — 开始            ║
[2026-04-21 15:58:26.736] [info] [LiDAR-Camera] [:] ║   Pipeline ID: pipeline_20260421_155825       ║
[2026-04-21 15:58:26.736] [info] [LiDAR-Camera] [:] ╚═══════════════════════════════════════════════╝
[2026-04-21 15:58:26.736] [info] [LiDAR-Camera] [:] [Coarse-AI/LiDAR-Cam] enable_coarse_lidar_cam=true → do_coarse=true
[15:58:26.736] [info] 
[15:58:26.736] [info] ━━━━━━━━━━━━━━━━━━━━━━━━━━━━━━━━━━━━━━━━━
[15:58:26.736] [info] ▶ 开始阶段: [Coarse-AI] 任务: [lidar_cam_extrin]
[15:58:26.736] [info]   描述: AI模型提供初始估计值
[15:58:26.736] [info] ━━━━━━━━━━━━━━━━━━━━━━━━━━━━━━━━━━━━━━━━━
[15:58:26.736] [info] [CALC] 粗标定阶段开始 task=lidar_cam_extrin
[15:58:26.736] [info] [Coarse-AI/LiDAR-Cam] 使用配置粗标定初值作为粗标定结果 t=[0.123,0.040,-0.058]m，精标定将以此起步
[15:58:26.736] [info] ━━━━━━━━━━━━━━━━━━━━━━━━━━━━━━━━━━━━━━━━━
[15:58:26.736] [info] ■ 结束阶段: [Coarse-AI] 任务: [lidar_cam_extrin]
[15:58:26.736] [info]   结果: ✓ 成功 | 残差RMS: 0.0000 | 耗时: 0 ms
[15:58:26.736] [info]   消息: 使用配置 initial_extrinsic 作为粗标定结果，精标定将以此起步
[15:58:26.736] [info] [CALC] 阶段结束 stage=Coarse-AI task=lidar_cam_extrin success=true residual_rms=0.000000 elapsed_ms=0.0 threshold=-1.0000
[15:58:26.736] [info] ━━━━━━━━━━━━━━━━━━━━━━━━━━━━━━━━━━━━━━━━━
[15:58:26.736] [info] 
[15:58:26.736] [info] ━━━━━━━━━━━━━━━━━━━━━━━━━━━━━━━━━━━━━━━━━
[15:58:26.736] [info] ▶ 开始阶段: [Fine-Auto] 任务: [lidar_cam_extrin]
[15:58:26.736] [info]   描述: 无目标优化
[15:58:26.736] [info] ━━━━━━━━━━━━━━━━━━━━━━━━━━━━━━━━━━━━━━━━━
[15:58:26.736] [info] [CALC] 精标定阶段开始 task=lidar_cam_extrin
[15:58:26.736] [info] [Fine-Auto] 任务: lidar_cam_extrin | 无目标优先: true
[15:58:26.736] [info] [Fine-Auto] 方法: 边缘对齐互信息 (EDGE_ALIGNMENT, 无目标)
[15:58:26.736] [info] [STAGE=lidar_cam_fine_auto] LiDAR-Camera 精标定 开始
[15:58:26.736] [info] [Fine-Auto/LiDAR-Cam] 开始执行精标定...
[15:58:26.736] [info]   [精标定数据源] 类型=ROS2_BAG  lidar_id=lidar_0
[15:58:26.736] [info]   ROS2 Bag: /root/calib_ws/data/Koide/livox  LiDAR 话题: /livox/points  相机话题: /image
[15:58:26.736] [info] [Fine-Auto/LiDAR-Cam] 从 ROS2 加载数据...
[15:58:26.736] [info] [UnifiedDataLoader] 从 ROS2 加载数据...
[15:58:26.736] [info]   Bag 文件: /root/calib_ws/data/Koide/livox
[15:58:26.736] [info]   实时模式: false
[15:58:26.736] [info] [Ros2BagDataSource] 打开 bag 文件: /root/calib_ws/data/Koide/livox
[15:58:26.736] [info] [Ros2BagDataSource] 未找到 metadata.yaml: /root/calib_ws/data/Koide/livox/metadata.yaml
[15:58:26.736] [info] ━━━━━━━━━━━━━━━━━━━━━━━━━━━━━━━━━━━━━━━━━
[15:58:26.736] [info] ■ 结束阶段: [Fine-Auto] 任务: [lidar_cam_extrin]
[15:58:26.736] [info]   结果: ✗ 失败 | 残差RMS: 0.0000 | 耗时: 0 ms
[15:58:26.736] [info]   消息: ROS2 数据加载失败: 读取 metadata.yaml 失败
[15:58:26.736] [info] [CALC] 阶段结束 stage=Fine-Auto task=lidar_cam_extrin success=false residual_rms=0.000000 elapsed_ms=0.0 threshold=2.0000
[15:58:26.736] [info] ━━━━━━━━━━━━━━━━━━━━━━━━━━━━━━━━━━━━━━━━━
[15:58:26.736] [info] [Pipeline] 用户已启用手动校准 (--manual), 进入 6-DOF 调整
[15:58:26.736] [info] 
[15:58:26.736] [info] ━━━━━━━━━━━━━━━━━━━━━━━━━━━━━━━━━━━━━━━━━
[15:58:26.736] [info] ▶ 开始阶段: [Manual-Refine] 任务: [lidar_cam_extrin]
[15:58:26.736] [info]   描述: 手动校准: 6-DOF 交互式调整
[15:58:26.736] [info] ━━━━━━━━━━━━━━━━━━━━━━━━━━━━━━━━━━━━━━━━━
[15:58:26.736] [info] [Manual-Refine] 任务: lidar_cam_extrin
[15:58:26.736] [info] [Manual-Refine] 操作说明: Q/A Roll  W/S Pitch  E/D Yaw  R/F Tx  T/G Ty  Y/H Tz  U Undo  Enter 接受  Esc 取消
[15:58:26.736] [info] [ManualSession] 会话ID: session_2026-04-21_15-58-26
[15:58:26.736] [info] [ManualSession] 保存目录: /home/lihongyu/Unicalib/UniCalib-OK/results/manual_sessions
[15:58:26.736] [warning] [Manual-Refine] 无 LiDAR-Camera 精标定缓存数据，无法启用手动调整（请先完成精标定）
[15:58:26.736] [info] ━━━━━━━━━━━━━━━━━━━━━━━━━━━━━━━━━━━━━━━━━
[15:58:26.736] [info] ■ 结束阶段: [Manual-Refine] 任务: [lidar_cam_extrin]
[15:58:26.736] [info]   结果: ✗ 失败 | 残差RMS: 0.0000 | 耗时: 0 ms
[15:58:26.736] [info]   消息: 无 LiDAR-Camera 精标定缓存数据，无法启用手动调整（请先完成精标定）
[15:58:26.736] [info] [CALC] 阶段结束 stage=Manual-Refine task=lidar_cam_extrin success=false residual_rms=0.000000 elapsed_ms=0.0 threshold=-1.0000
[15:58:26.736] [info] ━━━━━━━━━━━━━━━━━━━━━━━━━━━━━━━━━━━━━━━━━
[15:58:26.736] [info] ====== Pipeline Report: pipeline_20260421_155825 ======
[15:58:26.736] [info]   Total time: 0.1 ms
[15:58:26.736] [info]   All stages succeeded: NO
[15:58:26.736] [info]   标定质量: 各阶段 RMS 均在阈值内
[15:58:26.736] [info]   [Coarse-AI-lidar_cam_extrin] success=true rms=0.0000 time=0.0ms: 使用配置 initial_extrinsic 作为粗标定结果，精标定将以此起步
[15:58:26.736] [info]   [Fine-Auto-lidar_cam_extrin] success=false rms=0.0000 time=0.0ms: ROS2 数据加载失败: 读取 metadata.yaml 失败
[15:58:26.736] [info]   [Manual-Refine-lidar_cam_extrin] success=false rms=0.0000 time=0.0ms: 无 LiDAR-Camera 精标定缓存数据，无法启用手动调整（请先完成精标定）

╔══════════════════════════════════════════════════════╗
║              标定参数汇总                            ║
╠══════════════════════════════════════════════════════╣
╚══════════════════════════════════════════════════════╝

[15:58:26.736] [info] ================================
[15:58:26.736] [info] Pipeline report saved: /home/lihongyu/Unicalib/UniCalib-OK/results/pipeline_report_20260421_155825.yaml
[15:58:26.736] [info] ====== Pipeline Report: pipeline_20260421_155825 ======
[15:58:26.736] [info]   Total time: 0.1 ms
[15:58:26.736] [info]   All stages succeeded: NO
[15:58:26.736] [info]   标定质量: 各阶段 RMS 均在阈值内
[15:58:26.736] [info]   [Coarse-AI-lidar_cam_extrin] success=true rms=0.0000 time=0.0ms: 使用配置 initial_extrinsic 作为粗标定结果，精标定将以此起步
[15:58:26.736] [info]   [Fine-Auto-lidar_cam_extrin] success=false rms=0.0000 time=0.0ms: ROS2 数据加载失败: 读取 metadata.yaml 失败
[15:58:26.736] [info]   [Manual-Refine-lidar_cam_extrin] success=false rms=0.0000 time=0.0ms: 无 LiDAR-Camera 精标定缓存数据，无法启用手动调整（请先完成精标定）

╔══════════════════════════════════════════════════════╗
║              标定参数汇总                            ║
╠══════════════════════════════════════════════════════╣
╚══════════════════════════════════════════════════════╝

[15:58:26.736] [info] ================================
[15:58:26.736] [info] ━━━━━━━━━━━━━━━━━━━━━━━━━━━━━━━━━━━━
[15:58:26.736] [info] LiDAR-Camera 标定流程完成
[15:58:26.736] [info] 结果目录: /home/lihongyu/Unicalib/UniCalib-OK/results
[15:58:26.736] [info] 标定流程正常退出 exit_code=0
[15:58:26.736] [info] ━━━━━━━━━━━━━━━━━━━━━━━━━━━━━━━━━━━━
