
 ╔═══════════════════════════════════════════════════════╗
 ║   UniCalib — LiDAR-Camera 外参标定                    ║
 ║   两阶段: AI粗标定(MIAS-LCEC) → 无目标边缘精标定      ║
 ║   手动校准: --manual 触发 6-DOF 交互式调整             ║
 ╚═══════════════════════════════════════════════════════╝

[2026-04-27 17:28:25.901] [info] [LiDAR-Camera] [:] ━━━━━━━━━━━━━━━━━━━━━━━━━━━━━━━━━━━━
[2026-04-27 17:28:25.901] [info] [LiDAR-Camera] [:] 配置文件: /root/calib_ws/calib_unified/config/unicalib_example.yaml
[2026-04-27 17:28:25.901] [info] [LiDAR-Camera] [:] 输出目录: /root/calib_ws/results
[2026-04-27 17:28:25.901] [info] [LiDAR-Camera] [:] 数据根目录: /root/calib_ws/data (--data-dir 或 CALIB_DATA_DIR)
[2026-04-27 17:28:25.901] [info] [LiDAR-Camera] [:] 精标定方法: edge (无目标优先=true)
[2026-04-27 17:28:25.901] [info] [LiDAR-Camera] [:] AI粗标定: true | 手动校准: true
[2026-04-27 17:28:25.901] [info] [LiDAR-Camera] [:] ━━━━━━━━━━━━━━━━━━━━━━━━━━━━━━━━━━━━
[2026-04-27 17:28:25.903] [info] [LiDAR-Camera] [:] 读取系统配置: /root/calib_ws/calib_unified/config/unicalib_example.yaml
[2026-04-27 17:28:25.905] [info] [LiDAR-Camera] [:]   IMU: 1, LiDAR: 2, Camera: 2
[2026-04-27 17:28:25.905] [info] [LiDAR-Camera] [:] ━━━━━━━━━━━━━━━━━━━━━━━━━━━━━━━━━━━━ [数据路径] ━━━━━━━━━━━━━━━━━━━━━━━━━━━━━
[2026-04-27 17:28:25.905] [info] [LiDAR-Camera] [:]   数据路径来源: 统一格式 (data.lidar.<id> / data.camera.<id>.images_dir)
[2026-04-27 17:28:25.905] [info] [LiDAR-Camera] [:]   配置原始值 — lidar:  nya_02_slam_imu_to_lidar/lidar_horz.yaml
[2026-04-27 17:28:25.905] [info] [LiDAR-Camera] [:]   配置原始值 — camera: lidar_camera_calibration-master/calibration_data/camera_calibration
[2026-04-27 17:28:25.905] [info] [LiDAR-Camera] [:]   base_data_dir:  /root/calib_ws/data
[2026-04-27 17:28:25.905] [info] [LiDAR-Camera] [:]   base 来源: 命令行 --data-dir
[2026-04-27 17:28:25.905] [info] [LiDAR-Camera] [:]   lidar_dir:      /root/calib_ws/data/nya_02_slam_imu_to_lidar/lidar_horz.yaml
[2026-04-27 17:28:25.905] [info] [LiDAR-Camera] [:]     → 相对路径，已与 base 拼接
[2026-04-27 17:28:25.905] [info] [LiDAR-Camera] [:]     → 存在: 是
[2026-04-27 17:28:25.905] [info] [LiDAR-Camera] [:]   camera_dir:     /root/calib_ws/data/lidar_camera_calibration-master/calibration_data/camera_calibration
[2026-04-27 17:28:25.905] [info] [LiDAR-Camera] [:]     → 相对路径，已与 base 拼接
[2026-04-27 17:28:25.905] [info] [LiDAR-Camera] [:]     → 存在: 是
[2026-04-27 17:28:25.905] [info] [LiDAR-Camera] [:]   【数据就绪】是 — 点云与图像目录均存在，将执行精标定
[2026-04-27 17:28:25.905] [info] [LiDAR-Camera] [:]   说明: 使用 --dataset 时请将 data.lidar/data.camera 设为相对 base 的路径（如 pcd、images），不要使用 /path/to/... 占位符
[2026-04-27 17:28:25.905] [info] [LiDAR-Camera] [:] ━━━━━━━━━━━━━━━━━━━━━━━━━━━━━━━━━━━━━━━━━━━━━━━━━━━━━━━━━━━━━━━━━━━━━━━━━━━━
[2026-04-27 17:28:25.905] [info] [LiDAR-Camera] [:] [LiDAR-Cam] use_config_extrinsic_only=true：跳过 AI 粗标定，将使用配置 initial_extrinsic 直接进入精标定/手动微调
[2026-04-27 17:28:25.905] [info] [LiDAR-Camera] [:] 读取系统配置: /root/calib_ws/calib_unified/config/unicalib_example.yaml
[2026-04-27 17:28:25.906] [info] [LiDAR-Camera] [:]   IMU: 1, LiDAR: 2, Camera: 2
[2026-04-27 17:28:25.907] [info] [LiDAR-Camera] [:] 读取系统配置: /root/calib_ws/calib_unified/config/unicalib_example.yaml
[2026-04-27 17:28:25.908] [info] [LiDAR-Camera] [:]   IMU: 1, LiDAR: 2, Camera: 2
[2026-04-27 17:28:25.908] [info] [LiDAR-Camera] [:] 配置: 使用 ROS2 bag 模式（离线标定）
[2026-04-27 17:28:25.908] [info] [LiDAR-Camera] [:]   Bag 路径: /root/calib_ws/data/nya_02_slam_imu_to_lidar/nya_02_ros2
[2026-04-27 17:28:25.908] [info] [LiDAR-Camera] [:]   LiDAR 话题: /os1_cloud_node1/points
[2026-04-27 17:28:25.908] [info] [LiDAR-Camera] [:]   相机话题: /left/image_raw
[2026-04-27 17:28:25.908] [info] [LiDAR-Camera] [:]   IMU 话题: /imu/imu
[2026-04-27 17:28:25.908] [info] [LiDAR-Camera] [:] [数据源] 类型=ROS2_BAG  path=/root/calib_ws/data/nya_02_slam_imu_to_lidar/nya_02_ros2  lidar_topic=/os1_cloud_node1/points  camera_topic=/left/image_raw
[2026-04-27 17:28:25.908] [info] [LiDAR-Camera] [:]   内参将从相机标定结果读取: ./results/camera_intrinsic/camera_intrinsic_cam_left.yaml (camera_id=cam_left)
[2026-04-27 17:28:25.908] [info] [LiDAR-Camera] [:]   内参将从相机标定结果读取: ./results/camera_intrinsic/camera_intrinsic_cam_right.yaml (camera_id=cam_right)
[2026-04-27 17:28:25.908] [info] [LiDAR-Camera] [:] [CalibPipeline] 初始化 ID=pipeline_20260427_172825
[2026-04-27 17:28:25.908] [info] [LiDAR-Camera] [:] [CalibPipeline] 输出目录: ./results
[2026-04-27 17:28:25.908] [info] [LiDAR-Camera] [:] [CalibPipeline] 无目标优先: true
[2026-04-27 17:28:25.908] [info] [LiDAR-Camera] [:] [CalibPipeline] 任务掩码: 0x10
[2026-04-27 17:28:25.908] [info] [LiDAR-Camera] [:] ▶ Stage 2: 精标定 (方法=edge)
[2026-04-27 17:28:25.908] [info] [LiDAR-Camera] [:] ▶ Stage 3: 手动校准 (manual_threshold=2.00px)
[2026-04-27 17:28:25.908] [info] [LiDAR-Camera] [:]   使用 ManualCalibSession 进行 6-DOF 交互式调整
[2026-04-27 17:28:25.908] [info] [LiDAR-Camera] [:]   调用示例:
[2026-04-27 17:28:25.908] [info] [LiDAR-Camera] [:]     ManualCalibSession::SessionConfig sess_cfg;
[2026-04-27 17:28:25.908] [info] [LiDAR-Camera] [:]     sess_cfg.save_dir = "./results/manual_sessions";
[2026-04-27 17:28:25.908] [info] [LiDAR-Camera] [:]     ManualCalibSession session(sess_cfg);
[2026-04-27 17:28:25.908] [info] [LiDAR-Camera] [:]     auto result = session.run_lidar_cam(scan, image, intrin, auto_result, auto_rms);
[2026-04-27 17:28:25.908] [info] [LiDAR-Camera] [:] 
[2026-04-27 17:28:25.908] [info] [LiDAR-Camera] [:] ╔═══════════════════════════════════════════════╗
[2026-04-27 17:28:25.908] [info] [LiDAR-Camera] [:] ║   UniCalib 两阶段标定流水线 — 开始            ║
[2026-04-27 17:28:25.908] [info] [LiDAR-Camera] [:] ║   Pipeline ID: pipeline_20260427_172825       ║
[2026-04-27 17:28:25.908] [info] [LiDAR-Camera] [:] ╚═══════════════════════════════════════════════╝
[2026-04-27 17:28:25.908] [info] [LiDAR-Camera] [:] [Coarse-AI/LiDAR-Cam] enable_coarse_lidar_cam=true → do_coarse=true
[17:28:25.909] [info] 
[17:28:25.909] [info] ━━━━━━━━━━━━━━━━━━━━━━━━━━━━━━━━━━━━━━━━━
[17:28:25.909] [info] ▶ 开始阶段: [Coarse-AI] 任务: [lidar_cam_extrin]
[17:28:25.909] [info]   描述: AI模型提供初始估计值
[17:28:25.909] [info] ━━━━━━━━━━━━━━━━━━━━━━━━━━━━━━━━━━━━━━━━━
[17:28:25.909] [info] [CALC] 粗标定阶段开始 task=lidar_cam_extrin
[17:28:25.909] [info] [Coarse-AI/LiDAR-Cam] 使用配置粗标定初值作为粗标定结果 t=[0.123,0.040,-0.058]m，精标定将以此起步
[17:28:25.909] [info] ━━━━━━━━━━━━━━━━━━━━━━━━━━━━━━━━━━━━━━━━━
[17:28:25.909] [info] ■ 结束阶段: [Coarse-AI] 任务: [lidar_cam_extrin]
[17:28:25.909] [info]   结果: ✓ 成功 | 残差RMS: 0.0000 | 耗时: 0 ms
[17:28:25.909] [info]   消息: 使用配置 initial_extrinsic 作为粗标定结果，精标定将以此起步
[17:28:25.909] [info] [CALC] 阶段结束 stage=Coarse-AI task=lidar_cam_extrin success=true residual_rms=0.000000 elapsed_ms=0.0 threshold=-1.0000
[17:28:25.909] [info] ━━━━━━━━━━━━━━━━━━━━━━━━━━━━━━━━━━━━━━━━━
[17:28:25.909] [info] 
[17:28:25.909] [info] ━━━━━━━━━━━━━━━━━━━━━━━━━━━━━━━━━━━━━━━━━
[17:28:25.909] [info] ▶ 开始阶段: [Fine-Auto] 任务: [lidar_cam_extrin]
[17:28:25.909] [info]   描述: 无目标优化
[17:28:25.909] [info] ━━━━━━━━━━━━━━━━━━━━━━━━━━━━━━━━━━━━━━━━━
[17:28:25.909] [info] [CALC] 精标定阶段开始 task=lidar_cam_extrin
[17:28:25.909] [info] [Fine-Auto] 任务: lidar_cam_extrin | 无目标优先: true
[17:28:25.909] [info] [Fine-Auto] 方法: 边缘对齐互信息 (EDGE_ALIGNMENT, 无目标)
[17:28:25.909] [info] [STAGE=lidar_cam_fine_auto] LiDAR-Camera 精标定 开始
[17:28:25.909] [info] [Fine-Auto/LiDAR-Cam] 开始执行精标定...
[17:28:25.909] [info]   [精标定数据源] 类型=ROS2_BAG  lidar_id=lidar_front
[17:28:25.909] [info]   ROS2 Bag: /root/calib_ws/data/nya_02_slam_imu_to_lidar/nya_02_ros2  LiDAR 话题: /os1_cloud_node1/points  相机话题: /left/image_raw
[17:28:25.909] [info] [Fine-Auto/LiDAR-Cam] 从 ROS2 加载数据...
[17:28:25.909] [info] [UnifiedDataLoader] 从 ROS2 加载数据...
[17:28:25.909] [info]   Bag 文件: /root/calib_ws/data/nya_02_slam_imu_to_lidar/nya_02_ros2
[17:28:25.909] [info]   实时模式: false
[17:28:25.909] [info] [Ros2BagDataSource] 打开 bag 文件: /root/calib_ws/data/nya_02_slam_imu_to_lidar/nya_02_ros2
[17:28:25.909] [info] [Ros2BagDataSource] 正在读取 metadata.yaml: /root/calib_ws/data/nya_02_slam_imu_to_lidar/nya_02_ros2/metadata.yaml
[17:28:25.910] [debug] [Ros2BagDataSource] 找到话题: /dji_sdk/imu (类型: sensor_msgs/msg/Imu, 消息数: 171462)
[17:28:25.910] [debug] [Ros2BagDataSource] 找到话题: /dji_sdk/attitude (类型: geometry_msgs/msg/QuaternionStamped, 消息数: 42866)
[17:28:25.910] [debug] [Ros2BagDataSource] 找到话题: /os1_cloud_node2/imu (类型: sensor_msgs/msg/Imu, 消息数: 42862)
[17:28:25.910] [debug] [Ros2BagDataSource] 找到话题: /os1_cloud_node1/imu (类型: sensor_msgs/msg/Imu, 消息数: 42862)
[17:28:25.910] [debug] [Ros2BagDataSource] 找到话题: /imu/imu (类型: sensor_msgs/msg/Imu, 消息数: 166428)
[17:28:25.910] [debug] [Ros2BagDataSource] 找到话题: /imu/magnetic_field (类型: sensor_msgs/msg/MagneticField, 消息数: 166428)
[17:28:25.910] [debug] [Ros2BagDataSource] 找到话题: /imu/temperature (类型: sensor_msgs/msg/Temperature, 消息数: 166428)
[17:28:25.910] [debug] [Ros2BagDataSource] 找到话题: /dji_sdk/gps_position (类型: sensor_msgs/msg/NavSatFix, 消息数: 21433)
[17:28:25.910] [debug] [Ros2BagDataSource] 找到话题: /dji_sdk/height_above_takeoff (类型: std_msgs/msg/Float32, 消息数: 21433)
[17:28:25.910] [debug] [Ros2BagDataSource] 找到话题: /dji_sdk/gps_health (类型: std_msgs/msg/UInt8, 消息数: 21433)
[17:28:25.910] [debug] [Ros2BagDataSource] 找到话题: /uwb_endorange_info (类型: uwb_driver/msg/UwbRange, 消息数: 25172)
[17:28:25.910] [debug] [Ros2BagDataSource] 找到话题: /left/image_raw (类型: sensor_msgs/msg/Image, 消息数: 4285)
[17:28:25.910] [debug] [Ros2BagDataSource] 找到话题: /right/image_raw (类型: sensor_msgs/msg/Image, 消息数: 4285)
[17:28:25.910] [debug] [Ros2BagDataSource] 找到话题: /os1_cloud_node1/points (类型: sensor_msgs/msg/PointCloud2, 消息数: 4287)
[17:28:25.910] [debug] [Ros2BagDataSource] 找到话题: /os1_cloud_node2/points (类型: sensor_msgs/msg/PointCloud2, 消息数: 4286)
[17:28:25.910] [debug] [Ros2BagDataSource] 找到话题: /uwb_exorange_info (类型: uwb_driver/msg/UwbEcho, 消息数: 2437)
[17:28:25.910] [debug] [Ros2BagDataSource] 找到话题: /node_pos_marker_sc (类型: visualization_msgs/msg/Marker, 消息数: 2437)
[17:28:25.910] [debug] [Ros2BagDataSource] 找到话题: /node_pos_sc (类型: nav_msgs/msg/Path, 消息数: 2437)
[17:28:25.910] [debug] [Ros2BagDataSource] 找到话题: /leica/pose/relative (类型: geometry_msgs/msg/PoseStamped, 消息数: 7679)
[17:28:25.910] [info] [Ros2BagDataSource] 使用配置的 LiDAR 话题: /os1_cloud_node1/points
[17:28:25.910] [info] [Ros2BagDataSource] 使用配置的相机话题: /left/image_raw
[17:28:25.910] [info] [Ros2BagDataSource] 使用配置的 IMU 话题: /imu/imu
[INFO] [1777282105.916745491] [rosbag2_storage]: Opened database '/root/calib_ws/data/nya_02_slam_imu_to_lidar/nya_02_ros2/nya_02_ros2.db3' for READ_ONLY.
[17:28:25.916] [info] [Ros2BagDataSource] Bag 已打开，开始读取消息...
[17:28:25.916] [info] [Ros2BagDataSource] 找到 19 个话题
[17:28:25.916] [info] [Ros2BagDataSource]  话题: /dji_sdk/imu  类型: sensor_msgs/msg/Imu  消息数: 171462
[17:28:25.916] [info] [Ros2BagDataSource]  话题: /dji_sdk/attitude  类型: geometry_msgs/msg/QuaternionStamped  消息数: 42866
[17:28:25.916] [info] [Ros2BagDataSource]  话题: /os1_cloud_node2/imu  类型: sensor_msgs/msg/Imu  消息数: 42862
[17:28:25.916] [info] [Ros2BagDataSource]  话题: /os1_cloud_node1/imu  类型: sensor_msgs/msg/Imu  消息数: 42862
[17:28:25.916] [info] [Ros2BagDataSource]  话题: /imu/imu  类型: sensor_msgs/msg/Imu  消息数: 166428
[17:28:25.916] [info] [Ros2BagDataSource]  话题: /imu/magnetic_field  类型: sensor_msgs/msg/MagneticField  消息数: 166428
[17:28:25.916] [info] [Ros2BagDataSource]  话题: /imu/temperature  类型: sensor_msgs/msg/Temperature  消息数: 166428
[17:28:25.916] [info] [Ros2BagDataSource]  话题: /dji_sdk/gps_position  类型: sensor_msgs/msg/NavSatFix  消息数: 21433
[17:28:25.916] [info] [Ros2BagDataSource]  话题: /dji_sdk/height_above_takeoff  类型: std_msgs/msg/Float32  消息数: 21433
[17:28:25.916] [info] [Ros2BagDataSource]  话题: /dji_sdk/gps_health  类型: std_msgs/msg/UInt8  消息数: 21433
[17:28:25.916] [info] [Ros2BagDataSource]  话题: /uwb_endorange_info  类型: uwb_driver/msg/UwbRange  消息数: 25172
[17:28:25.916] [info] [Ros2BagDataSource]  话题: /left/image_raw  类型: sensor_msgs/msg/Image  消息数: 4285
[17:28:25.916] [info] [Ros2BagDataSource]  话题: /right/image_raw  类型: sensor_msgs/msg/Image  消息数: 4285
[17:28:25.916] [info] [Ros2BagDataSource]  话题: /os1_cloud_node1/points  类型: sensor_msgs/msg/PointCloud2  消息数: 4287
[17:28:25.916] [info] [Ros2BagDataSource]  话题: /os1_cloud_node2/points  类型: sensor_msgs/msg/PointCloud2  消息数: 4286
[17:28:25.916] [info] [Ros2BagDataSource]  话题: /uwb_exorange_info  类型: uwb_driver/msg/UwbEcho  消息数: 2437
[17:28:25.916] [info] [Ros2BagDataSource]  话题: /node_pos_marker_sc  类型: visualization_msgs/msg/Marker  消息数: 2437
[17:28:25.916] [info] [Ros2BagDataSource]  话题: /node_pos_sc  类型: nav_msgs/msg/Path  消息数: 2437
[17:28:25.916] [info] [Ros2BagDataSource]  话题: /leica/pose/relative  类型: geometry_msgs/msg/PoseStamped  消息数: 7679
[17:28:25.916] [info] [Ros2BagDataSource] 将加载 bag 内所有 IMU / LiDAR / 相机话题，加载后可通过 sensor_id 或话题名选择使用
[17:28:26.405] [debug]   收集 IMU [/dji_sdk/imu] 帧数: 5000
[17:28:26.436] [debug]   收集 IMU [/imu/imu] 帧数: 5000
[17:28:26.870] [debug]   收集 IMU [/dji_sdk/imu] 帧数: 10000
[17:28:26.923] [debug]   收集 IMU [/imu/imu] 帧数: 10000
[17:28:27.354] [debug]   收集 IMU [/dji_sdk/imu] 帧数: 15000
[17:28:27.408] [debug]   收集 IMU [/imu/imu] 帧数: 15000
[17:28:27.813] [debug]   收集 LiDAR [/os1_cloud_node1/points] 帧数: 500
[17:28:27.813] [debug]   收集 LiDAR [/os1_cloud_node2/points] 帧数: 500
[17:28:27.814] [debug]   收集相机 [/left/image_raw] 帧数: 500
[17:28:27.815] [debug]   收集相机 [/right/image_raw] 帧数: 500
[17:28:27.815] [debug]   收集 IMU [/dji_sdk/imu] 帧数: 20000
[17:28:27.815] [debug]   收集 IMU [/os1_cloud_node1/imu] 帧数: 5000
[17:28:27.815] [debug]   收集 IMU [/os1_cloud_node2/imu] 帧数: 5000
[17:28:27.887] [debug]   收集 IMU [/imu/imu] 帧数: 20000
[17:28:28.269] [debug]   收集 IMU [/dji_sdk/imu] 帧数: 25000
[17:28:28.355] [debug]   收集 IMU [/imu/imu] 帧数: 25000
[17:28:28.724] [debug]   收集 IMU [/dji_sdk/imu] 帧数: 30000
[17:28:28.821] [debug]   收集 IMU [/imu/imu] 帧数: 30000
[17:28:29.155] [debug]   收集 IMU [/dji_sdk/imu] 帧数: 35000
[17:28:29.269] [debug]   收集 IMU [/imu/imu] 帧数: 35000
[17:28:29.603] [debug]   收集 LiDAR [/os1_cloud_node1/points] 帧数: 1000
[17:28:29.604] [debug]   收集 LiDAR [/os1_cloud_node2/points] 帧数: 1000
[17:28:29.605] [debug]   收集相机 [/left/image_raw] 帧数: 1000
[17:28:29.605] [debug]   收集相机 [/right/image_raw] 帧数: 1000
[17:28:29.605] [debug]   收集 IMU [/dji_sdk/imu] 帧数: 40000
[17:28:29.605] [debug]   收集 IMU [/os1_cloud_node1/imu] 帧数: 10000
[17:28:29.605] [debug]   收集 IMU [/os1_cloud_node2/imu] 帧数: 10000
[17:28:29.733] [debug]   收集 IMU [/imu/imu] 帧数: 40000
[17:28:30.082] [debug]   收集 IMU [/dji_sdk/imu] 帧数: 45000
[17:28:30.232] [debug]   收集 IMU [/imu/imu] 帧数: 45000
[17:28:30.650] [debug]   收集 IMU [/dji_sdk/imu] 帧数: 50000
[17:28:30.844] [debug]   收集 IMU [/imu/imu] 帧数: 50000
[17:28:31.234] [debug]   收集 IMU [/dji_sdk/imu] 帧数: 55000
[17:28:31.425] [debug]   收集 IMU [/imu/imu] 帧数: 55000
[17:28:31.742] [debug]   收集 LiDAR [/os1_cloud_node1/points] 帧数: 1500
[17:28:31.743] [debug]   收集 LiDAR [/os1_cloud_node2/points] 帧数: 1500
[17:28:31.743] [debug]   收集 IMU [/dji_sdk/imu] 帧数: 60000
[17:28:31.744] [debug]   收集相机 [/left/image_raw] 帧数: 1500
[17:28:31.744] [debug]   收集相机 [/right/image_raw] 帧数: 1500
[17:28:31.745] [debug]   收集 IMU [/os1_cloud_node1/imu] 帧数: 15000
[17:28:31.745] [debug]   收集 IMU [/os1_cloud_node2/imu] 帧数: 15000
[17:28:31.911] [debug]   收集 IMU [/imu/imu] 帧数: 60000
[17:28:32.194] [debug]   收集 IMU [/dji_sdk/imu] 帧数: 65000
[17:28:32.413] [debug]   收集 IMU [/imu/imu] 帧数: 65000
[17:28:32.688] [debug]   收集 IMU [/dji_sdk/imu] 帧数: 70000
[17:28:32.892] [debug]   收集 IMU [/imu/imu] 帧数: 70000
[17:28:33.160] [debug]   收集 IMU [/dji_sdk/imu] 帧数: 75000
[17:28:33.431] [debug]   收集 IMU [/imu/imu] 帧数: 75000
[17:28:33.734] [debug]   收集 LiDAR [/os1_cloud_node1/points] 帧数: 2000
[17:28:33.738] [debug]   收集 LiDAR [/os1_cloud_node2/points] 帧数: 2000
[17:28:33.738] [debug]   收集 IMU [/dji_sdk/imu] 帧数: 80000
[17:28:33.738] [debug]   收集 IMU [/os1_cloud_node1/imu] 帧数: 20000
[17:28:33.738] [debug]   收集 IMU [/os1_cloud_node2/imu] 帧数: 20000
[17:28:33.740] [debug]   收集相机 [/left/image_raw] 帧数: 2000
[17:28:33.740] [debug]   收集相机 [/right/image_raw] 帧数: 2000
[17:28:34.130] [debug]   收集 IMU [/imu/imu] 帧数: 80000
[17:28:34.411] [debug]   收集 IMU [/dji_sdk/imu] 帧数: 85000
[17:28:34.718] [debug]   收集 IMU [/imu/imu] 帧数: 85000
[17:28:35.012] [debug]   收集 IMU [/dji_sdk/imu] 帧数: 90000
[17:28:35.374] [debug]   收集 IMU [/imu/imu] 帧数: 90000
[17:28:35.747] [debug]   收集 IMU [/dji_sdk/imu] 帧数: 95000
[17:28:36.276] [debug]   收集 IMU [/imu/imu] 帧数: 95000
[17:28:36.623] [debug]   收集 LiDAR [/os1_cloud_node1/points] 帧数: 2500
[17:28:36.626] [debug]   收集 LiDAR [/os1_cloud_node2/points] 帧数: 2500
[17:28:36.627] [debug]   收集 IMU [/dji_sdk/imu] 帧数: 100000
[17:28:36.627] [debug]   收集 IMU [/os1_cloud_node1/imu] 帧数: 25000
[17:28:36.627] [debug]   收集 IMU [/os1_cloud_node2/imu] 帧数: 25000
[17:28:36.630] [debug]   收集相机 [/left/image_raw] 帧数: 2500
[17:28:36.630] [debug]   收集相机 [/right/image_raw] 帧数: 2500
[17:28:37.094] [debug]   收集 IMU [/imu/imu] 帧数: 100000
[17:28:37.340] [debug]   收集 IMU [/dji_sdk/imu] 帧数: 105000
[17:28:37.824] [debug]   收集 IMU [/imu/imu] 帧数: 105000
[17:28:38.093] [debug]   收集 IMU [/dji_sdk/imu] 帧数: 110000
[17:28:38.516] [debug]   收集 IMU [/imu/imu] 帧数: 110000
[17:28:38.755] [debug]   收集 IMU [/dji_sdk/imu] 帧数: 115000
[17:28:39.159] [debug]   收集 IMU [/imu/imu] 帧数: 115000
[17:28:39.317] [debug]   收集 LiDAR [/os1_cloud_node1/points] 帧数: 3000
[17:28:39.319] [debug]   收集 LiDAR [/os1_cloud_node2/points] 帧数: 3000
[17:28:39.319] [debug]   收集 IMU [/dji_sdk/imu] 帧数: 120000
[17:28:39.320] [debug]   收集 IMU [/os1_cloud_node1/imu] 帧数: 30000
[17:28:39.320] [debug]   收集 IMU [/os1_cloud_node2/imu] 帧数: 30000
[17:28:39.321] [debug]   收集相机 [/left/image_raw] 帧数: 3000
[17:28:39.322] [debug]   收集相机 [/right/image_raw] 帧数: 3000
[17:28:39.635] [debug]   收集 IMU [/imu/imu] 帧数: 120000
[17:28:39.750] [debug]   收集 IMU [/dji_sdk/imu] 帧数: 125000
[17:28:40.074] [debug]   收集 IMU [/imu/imu] 帧数: 125000
[17:28:40.171] [debug]   收集 IMU [/dji_sdk/imu] 帧数: 130000
[17:28:40.560] [debug]   收集 IMU [/imu/imu] 帧数: 130000
[17:28:40.654] [debug]   收集 IMU [/dji_sdk/imu] 帧数: 135000
[17:28:41.056] [debug]   收集 IMU [/imu/imu] 帧数: 135000
[17:28:41.126] [debug]   收集 LiDAR [/os1_cloud_node1/points] 帧数: 3500
[17:28:41.127] [debug]   收集 LiDAR [/os1_cloud_node2/points] 帧数: 3500
[17:28:41.129] [debug]   收集 IMU [/dji_sdk/imu] 帧数: 140000
[17:28:41.130] [debug]   收集 IMU [/os1_cloud_node1/imu] 帧数: 35000
[17:28:41.130] [debug]   收集 IMU [/os1_cloud_node2/imu] 帧数: 35000
[17:28:41.131] [debug]   收集相机 [/left/image_raw] 帧数: 3500
[17:28:41.132] [debug]   收集相机 [/right/image_raw] 帧数: 3500
[17:28:41.548] [debug]   收集 IMU [/imu/imu] 帧数: 140000
[17:28:41.608] [debug]   收集 IMU [/dji_sdk/imu] 帧数: 145000
[17:28:41.989] [debug]   收集 IMU [/imu/imu] 帧数: 145000
[17:28:42.035] [debug]   收集 IMU [/dji_sdk/imu] 帧数: 150000
[17:28:42.421] [debug]   收集 IMU [/imu/imu] 帧数: 150000
[17:28:42.463] [debug]   收集 IMU [/dji_sdk/imu] 帧数: 155000
[17:28:42.920] [debug]   收集 IMU [/imu/imu] 帧数: 155000
[17:28:42.946] [debug]   收集 LiDAR [/os1_cloud_node1/points] 帧数: 4000
[17:28:42.947] [debug]   收集 LiDAR [/os1_cloud_node2/points] 帧数: 4000
[17:28:42.949] [debug]   收集 IMU [/dji_sdk/imu] 帧数: 160000
[17:28:42.951] [debug]   收集 IMU [/os1_cloud_node1/imu] 帧数: 40000
[17:28:42.951] [debug]   收集 IMU [/os1_cloud_node2/imu] 帧数: 40000
[17:28:42.954] [debug]   收集相机 [/left/image_raw] 帧数: 4000
[17:28:42.955] [debug]   收集相机 [/right/image_raw] 帧数: 4000
[17:28:43.418] [debug]   收集 IMU [/imu/imu] 帧数: 160000
[17:28:43.435] [debug]   收集 IMU [/dji_sdk/imu] 帧数: 165000
[17:28:43.930] [debug]   收集 IMU [/imu/imu] 帧数: 165000
[17:28:43.931] [debug]   收集 IMU [/dji_sdk/imu] 帧数: 170000
[17:28:44.071] [info] [Ros2BagDataSource] 加载完成 (所有话题按话题名存储，可通过 sensor_id 或话题名选择):
[17:28:44.071] [info]   LiDAR [/os1_cloud_node1/points]: 4287 帧
[17:28:44.071] [info]   LiDAR [/os1_cloud_node2/points]: 4286 帧
[17:28:44.071] [info]   相机 [/left/image_raw]: 4285 帧
[17:28:44.071] [info]   相机 [/right/image_raw]: 4285 帧
[17:28:44.071] [info]   IMU [/dji_sdk/imu]: 171462 帧
[17:28:44.071] [info]   IMU [/imu/imu]: 166428 帧
[17:28:44.071] [info]   IMU [/os1_cloud_node1/imu]: 42862 帧
[17:28:44.071] [info]   IMU [/os1_cloud_node2/imu]: 42862 帧
[17:28:44.071] [info]   选用 LiDAR  lidar_front -> /os1_cloud_node1/points
[17:28:44.071] [info]   选用 相机  cam_left -> /left/image_raw
[17:28:44.071] [info]   选用 IMU    imu_0 -> /imu/imu
[17:28:44.071] [info]   时间范围: 1609045331.127 - 1609045759.771 秒
[17:28:44.071] [info] [Ros2BagDataSource] 应用采样/帧数限制...
[17:28:44.184] [info]   LiDAR /os1_cloud_node1/points 采样后: 800 帧
[17:28:44.248] [info]   LiDAR /os1_cloud_node2/points 采样后: 800 帧
[17:28:44.268] [info]   相机 /left/image_raw 采样后: 800 帧
[17:28:44.302] [info]   相机 /right/image_raw 采样后: 800 帧
[17:28:44.367] [info] [Fine-Auto/LiDAR-Cam] LiDAR 加载完成: 800 帧 (将按相机逐路取帧)
[17:28:44.369] [info] 读取相机内参: ./results/camera_intrinsic/camera_intrinsic_cam_left.yaml
[17:28:44.373] [info]   fx=425.03 fy=426.80 cx=386.02 cy=241.91 dist=4
[17:28:44.373] [info] [Fine-Auto/LiDAR-Cam] 步骤: LiDAR-Camera 标定 相机=cam_left (方法: 边缘对齐)
[17:28:44.457] [info] [CalibVisualizer] 初始化完成
[17:28:44.457] [info] [Fine-Auto/LiDAR-Cam] 可视化已启用：仅标定结束后显示一帧「图像+点云投影」叠加，不创建 3D 窗口、不泵送其他帧
[17:28:44.457] [info] [Fine-Auto/LiDAR-Cam] 使用粗标定初值 t=[0.123,0.040,-0.058]m
[17:28:44.482] [info] [Fine-Auto] 结果已保存: ./results/lidar_camera_extrinsic/lidar_cam_cam_left_extrinsic.yaml
[17:28:44.482] [info] [Viz] 即将生成投影图并保存到 ./results/lidar_camera_extrinsic/lidar_cam_cam_left_projection.png
[17:28:44.515] [info] 投影可视化保存: ./results/lidar_camera_extrinsic/lidar_cam_cam_left_projection.png
[17:28:44.515] [info] [Viz] 投影图已保存（仅使用配置初值，未做精标定）
[17:28:44.515] [info] [Fine-Auto/LiDAR-Cam] 相机 cam_left 已使用配置初值跳过精标定，直接供手动微调
[17:28:44.516] [info] [Viz/Display] 即将关闭可视化窗口 原因=用户关闭或流程结束 pangolin_running=false
[17:28:44.516] [warning] [Fine-Auto/LiDAR-Cam] 相机 cam_right 无帧，跳过
[17:28:44.516] [warning] [Fine-Auto/LiDAR-Cam] 相机 cam_front 无帧，跳过
[17:28:44.516] [warning] [Fine-Auto/LiDAR-Cam] 相机 cam_rear 无帧，跳过
[17:28:44.516] [info] [Fine-Auto/LiDAR-Cam] 精标定完成: 1 个相机  最大 RMS=0.0000 px
[17:28:44.516] [info] [STAGE=lidar_cam_fine_auto] LiDAR-Camera 精标定 完成
[17:28:44.516] [info] [Fine-Auto/LiDAR-Cam] RMS 阈值=2.00 px  最大 RMS=0.0000 px  在阈值内
[17:28:44.835] [info] ━━━━━━━━━━━━━━━━━━━━━━━━━━━━━━━━━━━━━━━━━
[17:28:44.835] [info] ■ 结束阶段: [Fine-Auto] 任务: [lidar_cam_extrin]
[17:28:44.835] [info]   结果: ✓ 成功 | 残差RMS: 0.0000 | 耗时: 18926 ms
[17:28:44.835] [info]   消息: LiDAR-Camera 精标定完成: 1 个相机, 最大 RMS=0.000000 px
[17:28:44.835] [info] [CALC] 阶段结束 stage=Fine-Auto task=lidar_cam_extrin success=true residual_rms=0.000000 elapsed_ms=18606.9 threshold=2.0000
[17:28:44.835] [info] ━━━━━━━━━━━━━━━━━━━━━━━━━━━━━━━━━━━━━━━━━
[17:28:44.836] [info] [Pipeline] 用户已启用手动校准 (--manual), 进入 6-DOF 调整
[17:28:44.836] [info] 
[17:28:44.836] [info] ━━━━━━━━━━━━━━━━━━━━━━━━━━━━━━━━━━━━━━━━━
[17:28:44.836] [info] ▶ 开始阶段: [Manual-Refine] 任务: [lidar_cam_extrin]
[17:28:44.836] [info]   描述: 手动校准: 6-DOF 交互式调整
[17:28:44.836] [info] ━━━━━━━━━━━━━━━━━━━━━━━━━━━━━━━━━━━━━━━━━
[17:28:44.836] [info] [Manual-Refine] 任务: lidar_cam_extrin
[17:28:44.836] [info] [Manual-Refine] 操作说明: Q/A Roll  W/S Pitch  E/D Yaw  R/F Tx  T/G Ty  Y/H Tz  U Undo  Enter 接受  Esc 取消
[17:28:44.836] [info] [ManualSession] 会话ID: session_2026-04-27_17-28-44
[17:28:44.836] [info] [ManualSession] 保存目录: ./results/manual_sessions
[17:28:44.836] [info] [Manual-Refine] 已打开 6-DOF 可视化调整窗口，请在本窗口内按键微调后 Enter 接受或 Esc 取消
[17:28:44.836] [info] [Manual-Refine] LiDAR-Camera 手动调整仅使用首帧匹配数据（第 0 帧点云 + 第 0 帧图像）
[17:28:44.836] [info] [ManualSession] 启动 LiDAR-Camera 手动校准
[17:28:44.836] [info] [ManualSession] 自动标定 RMS: 0.0000 px (阈值建议 < 2.0px)
[17:28:44.836] [debug] [ManualSession] 事件: lidar_cam_start | auto_rms=0.000000
[17:28:44.837] [info] [ManualAdjust] 初始外参:
[17:28:44.837] [info] [ManualAdjust] 当前外参 [lidar_front→cam_left]:
[17:28:44.837] [info]   旋转 RPY: (-58.8701, -88.5405, -31.0062) deg
[17:28:44.837] [info]   平移 XYZ: (0.1230, 0.0399, -0.0577) m
[17:28:44.837] [info] [ManualSession] ===== 手动校准操作说明 =====
[17:28:44.837] [info]   Q/A: Roll ±0.1deg   W/S: Pitch ±0.1deg   E/D: Yaw ±0.1deg
[17:28:44.837] [info]   R/F: Tx ±0.5cm   T/G: Ty ±0.5cm   Y/H: Tz ±0.5cm
[17:28:44.837] [info]   Shift+键: 10倍步长
[17:28:44.837] [info]   P: 进入点击精化模式  U: 撤销  Z: 重做
[17:28:44.837] [info]   S: 保存  ESC: 接受并退出
[17:28:44.837] [info]   点云投影质量越高 (边缘对齐越好) 表示标定越准确
[17:28:44.849] [info] [ManualAdjust] 结果已保存: ./results/lidar_camera_extrinsic/manual_extrinsic_20260427_172844_initial.yaml
[17:28:44.849] [info] [ManualCalib] 交互窗口启动前已自动保存初始状态快照（备用）:
[17:28:44.849] [info]   - 投影图: ./results/lidar_camera_extrinsic/manual_projection_20260427_172844_initial.png
[17:28:44.849] [info]   - 点云:   ./results/lidar_camera_extrinsic/manual_cloud_20260427_172844_initial.pcd
[17:28:44.849] [info]   - 外参:   ./results/lidar_camera_extrinsic/manual_extrinsic_20260427_172844_initial.yaml

(unicalib_lidar_camera:144): dbind-WARNING **: 17:28:44.886: Couldn't connect to accessibility bus: Failed to connect to socket /run/user/1000/at-spi/bus_1: No such file or directory
[17:28:44.933] [info] [ManualCalib] 3D 点云窗口已禁用（避免 VTK 闪退），请在 2D 投影窗口进行微调。按下 'S' 键可手动保存当前微调结果图片和点云。
[17:28:44.933] [info] [ManualCalib] 初始位姿 T_lidar_to_cam:
[17:28:44.933] [info]   - Translation: 0.1230, 0.0399, -0.0577
[17:28:44.933] [info]   - RPY (deg):   90.7545, -179.8846, 91.2509
[17:28:54.271] [debug] [ManualAdjust] 旋转增量 RPY=(0.000, 0.000, -0.100)deg
[17:28:54.271] [info] [ManualAdjust] 当前外参 [lidar_front→cam_left]:
[17:28:54.271] [info]   旋转 RPY: (-56.7156, -88.6251, -33.1614) deg
[17:28:54.271] [info]   平移 XYZ: (0.1230, 0.0399, -0.0577) m
[17:28:54.678] [debug] [ManualAdjust] 旋转增量 RPY=(0.000, 0.000, -0.100)deg
[17:28:54.678] [info] [ManualAdjust] 当前外参 [lidar_front→cam_left]:
[17:28:54.678] [info]   旋转 RPY: (-54.2825, -88.7076, -35.5952) deg
[17:28:54.678] [info]   平移 XYZ: (0.1230, 0.0399, -0.0577) m
[17:28:54.974] [debug] [ManualAdjust] 旋转增量 RPY=(0.000, 0.000, -0.100)deg
[17:28:54.974] [info] [ManualAdjust] 当前外参 [lidar_front→cam_left]:
[17:28:54.974] [info]   旋转 RPY: (-51.5235, -88.7873, -38.3548) deg
[17:28:54.974] [info]   平移 XYZ: (0.1230, 0.0399, -0.0577) m
[17:28:55.230] [debug] [ManualAdjust] 旋转增量 RPY=(0.000, 0.000, -0.100)deg
[17:28:55.230] [info] [ManualAdjust] 当前外参 [lidar_front→cam_left]:
[17:28:55.230] [info]   旋转 RPY: (-48.3845, -88.8639, -41.4945) deg
[17:28:55.230] [info]   平移 XYZ: (0.1230, 0.0399, -0.0577) m
[17:28:55.730] [debug] [ManualAdjust] 旋转增量 RPY=(0.000, 0.000, -0.100)deg
[17:28:55.730] [info] [ManualAdjust] 当前外参 [lidar_front→cam_left]:
[17:28:55.730] [info]   旋转 RPY: (-44.8043, -88.9366, -45.0754) deg
[17:28:55.730] [info]   平移 XYZ: (0.1230, 0.0399, -0.0577) m
[17:28:55.760] [debug] [ManualAdjust] 旋转增量 RPY=(0.000, 0.000, -0.100)deg
[17:28:55.760] [info] [ManualAdjust] 当前外参 [lidar_front→cam_left]:
[17:28:55.760] [info]   旋转 RPY: (-40.7174, -89.0046, -49.1629) deg
[17:28:55.760] [info]   平移 XYZ: (0.1230, 0.0399, -0.0577) m
[17:28:55.790] [debug] [ManualAdjust] 旋转增量 RPY=(0.000, 0.000, -0.100)deg
[17:28:55.790] [info] [ManualAdjust] 当前外参 [lidar_front→cam_left]:
[17:28:55.791] [info]   旋转 RPY: (-36.0597, -89.0667, -53.8213) deg
[17:28:55.791] [info]   平移 XYZ: (0.1230, 0.0399, -0.0577) m
[17:28:55.821] [debug] [ManualAdjust] 旋转增量 RPY=(0.000, 0.000, -0.100)deg
[17:28:55.821] [info] [ManualAdjust] 当前外参 [lidar_front→cam_left]:
[17:28:55.821] [info]   旋转 RPY: (-30.7783, -89.1218, -59.1034) deg
[17:28:55.821] [info]   平移 XYZ: (0.1230, 0.0399, -0.0577) m
[17:28:56.326] [debug] [ManualAdjust] 旋转增量 RPY=(0.000, 0.000, -0.100)deg
[17:28:56.326] [info] [ManualAdjust] 当前外参 [lidar_front→cam_left]:
[17:28:56.326] [info]   旋转 RPY: (-24.8476, -89.1686, -65.0347) deg
[17:28:56.326] [info]   平移 XYZ: (0.1230, 0.0399, -0.0577) m
[17:28:56.638] [debug] [ManualAdjust] 旋转增量 RPY=(0.000, 0.000, -0.100)deg
[17:28:56.638] [info] [ManualAdjust] 当前外参 [lidar_front→cam_left]:
[17:28:56.638] [info]   旋转 RPY: (-18.2908, -89.2054, -71.5922) deg
[17:28:56.638] [info]   平移 XYZ: (0.1230, 0.0399, -0.0577) m
[17:28:56.902] [debug] [ManualAdjust] 旋转增量 RPY=(0.000, 0.000, -0.100)deg
[17:28:56.902] [info] [ManualAdjust] 当前外参 [lidar_front→cam_left]:
[17:28:56.902] [info]   旋转 RPY: (-11.2000, -89.2309, -78.6837) deg
[17:28:56.902] [info]   平移 XYZ: (0.1230, 0.0399, -0.0577) m
[17:28:57.102] [debug] [ManualAdjust] 旋转增量 RPY=(0.000, 0.000, -0.100)deg
[17:28:57.102] [info] [ManualAdjust] 当前外参 [lidar_front→cam_left]:
[17:28:57.102] [info]   旋转 RPY: (-3.7458, -89.2439, -86.1385) deg
[17:28:57.102] [info]   平移 XYZ: (0.1230, 0.0399, -0.0577) m
[17:28:57.286] [debug] [ManualAdjust] 旋转增量 RPY=(0.000, 0.000, -0.100)deg
[17:28:57.286] [info] [ManualAdjust] 当前外参 [lidar_front→cam_left]:
[17:28:57.286] [info]   旋转 RPY: (3.8369, -89.2438, -93.7218) deg
[17:28:57.286] [info]   平移 XYZ: (0.1230, 0.0399, -0.0577) m
[17:28:57.478] [debug] [ManualAdjust] 旋转增量 RPY=(0.000, 0.000, -0.100)deg
[17:28:57.478] [info] [ManualAdjust] 当前外参 [lidar_front→cam_left]:
[17:28:57.478] [info]   旋转 RPY: (11.2880, -89.2306, -101.1736) deg
[17:28:57.478] [info]   平移 XYZ: (0.1230, 0.0399, -0.0577) m
[17:28:57.678] [debug] [ManualAdjust] 旋转增量 RPY=(0.000, 0.000, -0.100)deg
[17:28:57.678] [info] [ManualAdjust] 当前外参 [lidar_front→cam_left]:
[17:28:57.678] [info]   旋转 RPY: (18.3732, -89.2050, -108.2595) deg
[17:28:57.678] [info]   平移 XYZ: (0.1230, 0.0399, -0.0577) m
[17:28:58.998] [debug] [ManualAdjust] 旋转增量 RPY=(0.000, 0.000, -0.100)deg
[17:28:58.998] [info] [ManualAdjust] 当前外参 [lidar_front→cam_left]:
[17:28:58.998] [info]   旋转 RPY: (24.9229, -89.1681, -114.8098) deg
[17:28:58.998] [info]   平移 XYZ: (0.1230, 0.0399, -0.0577) m
[17:29:01.190] [debug] [ManualAdjust] 旋转增量 RPY=(0.100, 0.000, 0.000)deg
[17:29:01.190] [info] [ManualAdjust] 当前外参 [lidar_front→cam_left]:
[17:29:01.190] [info]   旋转 RPY: (25.0229, -89.1681, -114.8098) deg
[17:29:01.190] [info]   平移 XYZ: (0.1230, 0.0399, -0.0577) m
[17:29:01.902] [debug] [ManualAdjust] 旋转增量 RPY=(0.000, 0.100, 0.000)deg
[17:29:01.902] [info] [ManualAdjust] 当前外参 [lidar_front→cam_left]:
[17:29:01.902] [info]   旋转 RPY: (22.3980, -89.0765, -112.1846) deg
[17:29:01.902] [info]   平移 XYZ: (0.1230, 0.0399, -0.0577) m
[17:29:02.174] [debug] [ManualAdjust] 旋转增量 RPY=(0.000, 0.100, 0.000)deg
[17:29:02.174] [info] [ManualAdjust] 当前外参 [lidar_front→cam_left]:
[17:29:02.174] [info]   旋转 RPY: (20.2504, -88.9833, -110.0367) deg
[17:29:02.174] [info]   平移 XYZ: (0.1230, 0.0399, -0.0577) m
[17:29:02.598] [debug] [ManualAdjust] 旋转增量 RPY=(-0.100, 0.000, 0.000)deg
[17:29:02.598] [info] [ManualAdjust] 当前外参 [lidar_front→cam_left]:
[17:29:02.598] [info]   旋转 RPY: (20.1504, -88.9833, -110.0367) deg
[17:29:02.598] [info]   平移 XYZ: (0.1230, 0.0399, -0.0577) m
[17:29:03.318] [debug] [ManualAdjust] 旋转增量 RPY=(0.000, -0.100, 0.000)deg
[17:29:03.318] [info] [ManualAdjust] 当前外参 [lidar_front→cam_left]:
[17:29:03.318] [info]   旋转 RPY: (22.2880, -89.0765, -112.1746) deg
[17:29:03.318] [info]   平移 XYZ: (0.1230, 0.0399, -0.0577) m
[17:29:03.338] [info] [ManualAdjust] 结果已保存: ./results/lidar_camera_extrinsic/manual_extrinsic_20260427_172903.yaml
[17:29:03.338] [info] [ManualCalib] 手动微调快照已保存:
[17:29:03.338] [info]   - 投影图: ./results/lidar_camera_extrinsic/manual_projection_20260427_172903.png
[17:29:03.338] [info]   - 点云:   ./results/lidar_camera_extrinsic/manual_cloud_20260427_172903.pcd
[17:29:03.338] [info]   - 外参:   ./results/lidar_camera_extrinsic/manual_extrinsic_20260427_172903.yaml
[17:29:03.646] [debug] [ManualAdjust] 旋转增量 RPY=(0.000, -0.100, 0.000)deg
[17:29:03.646] [info] [ManualAdjust] 当前外参 [lidar_front→cam_left]:
[17:29:03.646] [info]   旋转 RPY: (24.9011, -89.1682, -114.7880) deg
[17:29:03.646] [info]   平移 XYZ: (0.1230, 0.0399, -0.0577) m
[17:29:03.656] [info] [ManualAdjust] 结果已保存: ./results/lidar_camera_extrinsic/manual_extrinsic_20260427_172903.yaml
[17:29:03.656] [info] [ManualCalib] 手动微调快照已保存:
[17:29:03.656] [info]   - 投影图: ./results/lidar_camera_extrinsic/manual_projection_20260427_172903.png
[17:29:03.656] [info]   - 点云:   ./results/lidar_camera_extrinsic/manual_cloud_20260427_172903.pcd
[17:29:03.656] [info]   - 外参:   ./results/lidar_camera_extrinsic/manual_extrinsic_20260427_172903.yaml
[17:29:04.318] [debug] [ManualAdjust] 旋转增量 RPY=(-0.100, 0.000, 0.000)deg
[17:29:04.318] [info] [ManualAdjust] 当前外参 [lidar_front→cam_left]:
[17:29:04.318] [info]   旋转 RPY: (24.8011, -89.1682, -114.7880) deg
[17:29:04.318] [info]   平移 XYZ: (0.1230, 0.0399, -0.0577) m
[17:29:04.615] [debug] [ManualAdjust] 旋转增量 RPY=(-0.100, 0.000, 0.000)deg
[17:29:04.615] [info] [ManualAdjust] 当前外参 [lidar_front→cam_left]:
[17:29:04.615] [info]   旋转 RPY: (24.7011, -89.1682, -114.7880) deg
[17:29:04.615] [info]   平移 XYZ: (0.1230, 0.0399, -0.0577) m
[17:29:04.902] [debug] [ManualAdjust] 旋转增量 RPY=(-0.100, 0.000, 0.000)deg
[17:29:04.902] [info] [ManualAdjust] 当前外参 [lidar_front→cam_left]:
[17:29:04.902] [info]   旋转 RPY: (24.6011, -89.1682, -114.7880) deg
[17:29:04.902] [info]   平移 XYZ: (0.1230, 0.0399, -0.0577) m
[17:29:05.214] [debug] [ManualAdjust] 旋转增量 RPY=(-0.100, 0.000, 0.000)deg
[17:29:05.214] [info] [ManualAdjust] 当前外参 [lidar_front→cam_left]:
[17:29:05.214] [info]   旋转 RPY: (24.5011, -89.1682, -114.7880) deg
[17:29:05.214] [info]   平移 XYZ: (0.1230, 0.0399, -0.0577) m
[17:29:08.302] [debug] [ManualAdjust] 平移增量 dxyz=(0.0000, 0.0000, 0.0050)m
[17:29:08.302] [info] [ManualAdjust] 当前外参 [lidar_front→cam_left]:
[17:29:08.302] [info]   旋转 RPY: (24.5011, -89.1682, -114.7880) deg
[17:29:08.302] [info]   平移 XYZ: (0.1230, 0.0399, -0.0527) m
[17:29:08.878] [debug] [ManualAdjust] 平移增量 dxyz=(0.0000, 0.0000, 0.0050)m
[17:29:08.878] [info] [ManualAdjust] 当前外参 [lidar_front→cam_left]:
[17:29:08.878] [info]   旋转 RPY: (24.5011, -89.1682, -114.7880) deg
[17:29:08.878] [info]   平移 XYZ: (0.1230, 0.0399, -0.0477) m
[17:29:09.378] [debug] [ManualAdjust] 平移增量 dxyz=(0.0000, 0.0000, 0.0050)m
[17:29:09.378] [info] [ManualAdjust] 当前外参 [lidar_front→cam_left]:
[17:29:09.378] [info]   旋转 RPY: (24.5011, -89.1682, -114.7880) deg
[17:29:09.378] [info]   平移 XYZ: (0.1230, 0.0399, -0.0427) m
[17:29:09.408] [debug] [ManualAdjust] 平移增量 dxyz=(0.0000, 0.0000, 0.0050)m
[17:29:09.408] [info] [ManualAdjust] 当前外参 [lidar_front→cam_left]:
[17:29:09.408] [info]   旋转 RPY: (24.5011, -89.1682, -114.7880) deg
[17:29:09.408] [info]   平移 XYZ: (0.1230, 0.0399, -0.0377) m
[17:29:09.438] [debug] [ManualAdjust] 平移增量 dxyz=(0.0000, 0.0000, 0.0050)m
[17:29:09.438] [info] [ManualAdjust] 当前外参 [lidar_front→cam_left]:
[17:29:09.438] [info]   旋转 RPY: (24.5011, -89.1682, -114.7880) deg
[17:29:09.438] [info]   平移 XYZ: (0.1230, 0.0399, -0.0327) m
[17:29:09.469] [debug] [ManualAdjust] 平移增量 dxyz=(0.0000, 0.0000, 0.0050)m
[17:29:09.469] [info] [ManualAdjust] 当前外参 [lidar_front→cam_left]:
[17:29:09.469] [info]   旋转 RPY: (24.5011, -89.1682, -114.7880) deg
[17:29:09.469] [info]   平移 XYZ: (0.1230, 0.0399, -0.0277) m
[17:29:09.499] [debug] [ManualAdjust] 平移增量 dxyz=(0.0000, 0.0000, 0.0050)m
[17:29:09.499] [info] [ManualAdjust] 当前外参 [lidar_front→cam_left]:
[17:29:09.499] [info]   旋转 RPY: (24.5011, -89.1682, -114.7880) deg
[17:29:09.499] [info]   平移 XYZ: (0.1230, 0.0399, -0.0227) m
[17:29:09.529] [debug] [ManualAdjust] 平移增量 dxyz=(0.0000, 0.0000, 0.0050)m
[17:29:09.529] [info] [ManualAdjust] 当前外参 [lidar_front→cam_left]:
[17:29:09.529] [info]   旋转 RPY: (24.5011, -89.1682, -114.7880) deg
[17:29:09.529] [info]   平移 XYZ: (0.1230, 0.0399, -0.0177) m
[17:29:09.559] [debug] [ManualAdjust] 平移增量 dxyz=(0.0000, 0.0000, 0.0050)m
[17:29:09.560] [info] [ManualAdjust] 当前外参 [lidar_front→cam_left]:
[17:29:09.560] [info]   旋转 RPY: (24.5011, -89.1682, -114.7880) deg
[17:29:09.560] [info]   平移 XYZ: (0.1230, 0.0399, -0.0127) m
[17:29:09.589] [debug] [ManualAdjust] 平移增量 dxyz=(0.0000, 0.0000, 0.0050)m
[17:29:09.589] [info] [ManualAdjust] 当前外参 [lidar_front→cam_left]:
[17:29:09.589] [info]   旋转 RPY: (24.5011, -89.1682, -114.7880) deg
[17:29:09.589] [info]   平移 XYZ: (0.1230, 0.0399, -0.0077) m
[17:29:09.620] [debug] [ManualAdjust] 平移增量 dxyz=(0.0000, 0.0000, 0.0050)m
[17:29:09.620] [info] [ManualAdjust] 当前外参 [lidar_front→cam_left]:
[17:29:09.620] [info]   旋转 RPY: (24.5011, -89.1682, -114.7880) deg
[17:29:09.620] [info]   平移 XYZ: (0.1230, 0.0399, -0.0027) m
[17:29:09.650] [debug] [ManualAdjust] 平移增量 dxyz=(0.0000, 0.0000, 0.0050)m
[17:29:09.650] [info] [ManualAdjust] 当前外参 [lidar_front→cam_left]:
[17:29:09.650] [info]   旋转 RPY: (24.5011, -89.1682, -114.7880) deg
[17:29:09.650] [info]   平移 XYZ: (0.1230, 0.0399, 0.0023) m
[17:29:09.680] [debug] [ManualAdjust] 平移增量 dxyz=(0.0000, 0.0000, 0.0050)m
[17:29:09.680] [info] [ManualAdjust] 当前外参 [lidar_front→cam_left]:
[17:29:09.680] [info]   旋转 RPY: (24.5011, -89.1682, -114.7880) deg
[17:29:09.680] [info]   平移 XYZ: (0.1230, 0.0399, 0.0073) m
[17:29:09.710] [debug] [ManualAdjust] 平移增量 dxyz=(0.0000, 0.0000, 0.0050)m
[17:29:09.710] [info] [ManualAdjust] 当前外参 [lidar_front→cam_left]:
[17:29:09.710] [info]   旋转 RPY: (24.5011, -89.1682, -114.7880) deg
[17:29:09.710] [info]   平移 XYZ: (0.1230, 0.0399, 0.0123) m
[17:29:09.741] [debug] [ManualAdjust] 平移增量 dxyz=(0.0000, 0.0000, 0.0050)m
[17:29:09.741] [info] [ManualAdjust] 当前外参 [lidar_front→cam_left]:
[17:29:09.741] [info]   旋转 RPY: (24.5011, -89.1682, -114.7880) deg
[17:29:09.741] [info]   平移 XYZ: (0.1230, 0.0399, 0.0173) m
[17:29:09.771] [debug] [ManualAdjust] 平移增量 dxyz=(0.0000, 0.0000, 0.0050)m
[17:29:09.771] [info] [ManualAdjust] 当前外参 [lidar_front→cam_left]:
[17:29:09.771] [info]   旋转 RPY: (24.5011, -89.1682, -114.7880) deg
[17:29:09.771] [info]   平移 XYZ: (0.1230, 0.0399, 0.0223) m
[17:29:10.310] [debug] [ManualAdjust] 平移增量 dxyz=(0.0000, 0.0000, 0.0050)m
[17:29:10.310] [info] [ManualAdjust] 当前外参 [lidar_front→cam_left]:
[17:29:10.310] [info]   旋转 RPY: (24.5011, -89.1682, -114.7880) deg
[17:29:10.310] [info]   平移 XYZ: (0.1230, 0.0399, 0.0273) m
[17:29:10.812] [debug] [ManualAdjust] 平移增量 dxyz=(0.0000, 0.0000, 0.0050)m
[17:29:10.812] [info] [ManualAdjust] 当前外参 [lidar_front→cam_left]:
[17:29:10.812] [info]   旋转 RPY: (24.5011, -89.1682, -114.7880) deg
[17:29:10.812] [info]   平移 XYZ: (0.1230, 0.0399, 0.0323) m
[17:29:10.841] [debug] [ManualAdjust] 平移增量 dxyz=(0.0000, 0.0000, 0.0050)m
[17:29:10.841] [info] [ManualAdjust] 当前外参 [lidar_front→cam_left]:
[17:29:10.841] [info]   旋转 RPY: (24.5011, -89.1682, -114.7880) deg
[17:29:10.841] [info]   平移 XYZ: (0.1230, 0.0399, 0.0373) m
[17:29:10.871] [debug] [ManualAdjust] 平移增量 dxyz=(0.0000, 0.0000, 0.0050)m
[17:29:10.871] [info] [ManualAdjust] 当前外参 [lidar_front→cam_left]:
[17:29:10.871] [info]   旋转 RPY: (24.5011, -89.1682, -114.7880) deg
[17:29:10.871] [info]   平移 XYZ: (0.1230, 0.0399, 0.0423) m
[17:29:10.902] [debug] [ManualAdjust] 平移增量 dxyz=(0.0000, 0.0000, 0.0050)m
[17:29:10.902] [info] [ManualAdjust] 当前外参 [lidar_front→cam_left]:
[17:29:10.902] [info]   旋转 RPY: (24.5011, -89.1682, -114.7880) deg
[17:29:10.902] [info]   平移 XYZ: (0.1230, 0.0399, 0.0473) m
[17:29:10.932] [debug] [ManualAdjust] 平移增量 dxyz=(0.0000, 0.0000, 0.0050)m
[17:29:10.933] [info] [ManualAdjust] 当前外参 [lidar_front→cam_left]:
[17:29:10.933] [info]   旋转 RPY: (24.5011, -89.1682, -114.7880) deg
[17:29:10.933] [info]   平移 XYZ: (0.1230, 0.0399, 0.0523) m
[17:29:10.963] [debug] [ManualAdjust] 平移增量 dxyz=(0.0000, 0.0000, 0.0050)m
[17:29:10.963] [info] [ManualAdjust] 当前外参 [lidar_front→cam_left]:
[17:29:10.963] [info]   旋转 RPY: (24.5011, -89.1682, -114.7880) deg
[17:29:10.963] [info]   平移 XYZ: (0.1230, 0.0399, 0.0573) m
[17:29:10.993] [debug] [ManualAdjust] 平移增量 dxyz=(0.0000, 0.0000, 0.0050)m
[17:29:10.993] [info] [ManualAdjust] 当前外参 [lidar_front→cam_left]:
[17:29:10.993] [info]   旋转 RPY: (24.5011, -89.1682, -114.7880) deg
[17:29:10.993] [info]   平移 XYZ: (0.1230, 0.0399, 0.0623) m
[17:29:11.023] [debug] [ManualAdjust] 平移增量 dxyz=(0.0000, 0.0000, 0.0050)m
[17:29:11.023] [info] [ManualAdjust] 当前外参 [lidar_front→cam_left]:
[17:29:11.023] [info]   旋转 RPY: (24.5011, -89.1682, -114.7880) deg
[17:29:11.023] [info]   平移 XYZ: (0.1230, 0.0399, 0.0673) m
[17:29:11.054] [debug] [ManualAdjust] 平移增量 dxyz=(0.0000, 0.0000, 0.0050)m
[17:29:11.054] [info] [ManualAdjust] 当前外参 [lidar_front→cam_left]:
[17:29:11.054] [info]   旋转 RPY: (24.5011, -89.1682, -114.7880) deg
[17:29:11.054] [info]   平移 XYZ: (0.1230, 0.0399, 0.0723) m
[17:29:11.084] [debug] [ManualAdjust] 平移增量 dxyz=(0.0000, 0.0000, 0.0050)m
[17:29:11.084] [info] [ManualAdjust] 当前外参 [lidar_front→cam_left]:
[17:29:11.084] [info]   旋转 RPY: (24.5011, -89.1682, -114.7880) deg
[17:29:11.084] [info]   平移 XYZ: (0.1230, 0.0399, 0.0773) m
[17:29:11.114] [debug] [ManualAdjust] 平移增量 dxyz=(0.0000, 0.0000, 0.0050)m
[17:29:11.114] [info] [ManualAdjust] 当前外参 [lidar_front→cam_left]:
[17:29:11.114] [info]   旋转 RPY: (24.5011, -89.1682, -114.7880) deg
[17:29:11.114] [info]   平移 XYZ: (0.1230, 0.0399, 0.0823) m
[17:29:11.144] [debug] [ManualAdjust] 平移增量 dxyz=(0.0000, 0.0000, 0.0050)m
[17:29:11.144] [info] [ManualAdjust] 当前外参 [lidar_front→cam_left]:
[17:29:11.144] [info]   旋转 RPY: (24.5011, -89.1682, -114.7880) deg
[17:29:11.144] [info]   平移 XYZ: (0.1230, 0.0399, 0.0873) m
[17:29:11.174] [debug] [ManualAdjust] 平移增量 dxyz=(0.0000, 0.0000, 0.0050)m
[17:29:11.174] [info] [ManualAdjust] 当前外参 [lidar_front→cam_left]:
[17:29:11.174] [info]   旋转 RPY: (24.5011, -89.1682, -114.7880) deg
[17:29:11.174] [info]   平移 XYZ: (0.1230, 0.0399, 0.0923) m
[17:29:11.204] [debug] [ManualAdjust] 平移增量 dxyz=(0.0000, 0.0000, 0.0050)m
[17:29:11.205] [info] [ManualAdjust] 当前外参 [lidar_front→cam_left]:
[17:29:11.205] [info]   旋转 RPY: (24.5011, -89.1682, -114.7880) deg
[17:29:11.205] [info]   平移 XYZ: (0.1230, 0.0399, 0.0973) m
[17:29:11.234] [debug] [ManualAdjust] 平移增量 dxyz=(0.0000, 0.0000, 0.0050)m
[17:29:11.234] [info] [ManualAdjust] 当前外参 [lidar_front→cam_left]:
[17:29:11.234] [info]   旋转 RPY: (24.5011, -89.1682, -114.7880) deg
[17:29:11.234] [info]   平移 XYZ: (0.1230, 0.0399, 0.1023) m
[17:29:11.265] [debug] [ManualAdjust] 平移增量 dxyz=(0.0000, 0.0000, 0.0050)m
[17:29:11.265] [info] [ManualAdjust] 当前外参 [lidar_front→cam_left]:
[17:29:11.265] [info]   旋转 RPY: (24.5011, -89.1682, -114.7880) deg
[17:29:11.265] [info]   平移 XYZ: (0.1230, 0.0399, 0.1073) m
[17:29:11.295] [debug] [ManualAdjust] 平移增量 dxyz=(0.0000, 0.0000, 0.0050)m
[17:29:11.295] [info] [ManualAdjust] 当前外参 [lidar_front→cam_left]:
[17:29:11.295] [info]   旋转 RPY: (24.5011, -89.1682, -114.7880) deg
[17:29:11.295] [info]   平移 XYZ: (0.1230, 0.0399, 0.1123) m
[17:29:11.325] [debug] [ManualAdjust] 平移增量 dxyz=(0.0000, 0.0000, 0.0050)m
[17:29:11.325] [info] [ManualAdjust] 当前外参 [lidar_front→cam_left]:
[17:29:11.325] [info]   旋转 RPY: (24.5011, -89.1682, -114.7880) deg
[17:29:11.326] [info]   平移 XYZ: (0.1230, 0.0399, 0.1173) m
[17:29:11.355] [debug] [ManualAdjust] 平移增量 dxyz=(0.0000, 0.0000, 0.0050)m
[17:29:11.355] [info] [ManualAdjust] 当前外参 [lidar_front→cam_left]:
[17:29:11.355] [info]   旋转 RPY: (24.5011, -89.1682, -114.7880) deg
[17:29:11.355] [info]   平移 XYZ: (0.1230, 0.0399, 0.1223) m
[17:29:11.385] [debug] [ManualAdjust] 平移增量 dxyz=(0.0000, 0.0000, 0.0050)m
[17:29:11.385] [info] [ManualAdjust] 当前外参 [lidar_front→cam_left]:
[17:29:11.385] [info]   旋转 RPY: (24.5011, -89.1682, -114.7880) deg
[17:29:11.385] [info]   平移 XYZ: (0.1230, 0.0399, 0.1273) m
[17:29:11.416] [debug] [ManualAdjust] 平移增量 dxyz=(0.0000, 0.0000, 0.0050)m
[17:29:11.416] [info] [ManualAdjust] 当前外参 [lidar_front→cam_left]:
[17:29:11.416] [info]   旋转 RPY: (24.5011, -89.1682, -114.7880) deg
[17:29:11.416] [info]   平移 XYZ: (0.1230, 0.0399, 0.1323) m
[17:29:11.446] [debug] [ManualAdjust] 平移增量 dxyz=(0.0000, 0.0000, 0.0050)m
[17:29:11.446] [info] [ManualAdjust] 当前外参 [lidar_front→cam_left]:
[17:29:11.446] [info]   旋转 RPY: (24.5011, -89.1682, -114.7880) deg
[17:29:11.446] [info]   平移 XYZ: (0.1230, 0.0399, 0.1373) m
[17:29:11.476] [debug] [ManualAdjust] 平移增量 dxyz=(0.0000, 0.0000, 0.0050)m
[17:29:11.476] [info] [ManualAdjust] 当前外参 [lidar_front→cam_left]:
[17:29:11.476] [info]   旋转 RPY: (24.5011, -89.1682, -114.7880) deg
[17:29:11.476] [info]   平移 XYZ: (0.1230, 0.0399, 0.1423) m
[17:29:11.506] [debug] [ManualAdjust] 平移增量 dxyz=(0.0000, 0.0000, 0.0050)m
[17:29:11.506] [info] [ManualAdjust] 当前外参 [lidar_front→cam_left]:
[17:29:11.506] [info]   旋转 RPY: (24.5011, -89.1682, -114.7880) deg
[17:29:11.506] [info]   平移 XYZ: (0.1230, 0.0399, 0.1473) m
[17:29:11.536] [debug] [ManualAdjust] 平移增量 dxyz=(0.0000, 0.0000, 0.0050)m
[17:29:11.536] [info] [ManualAdjust] 当前外参 [lidar_front→cam_left]:
[17:29:11.536] [info]   旋转 RPY: (24.5011, -89.1682, -114.7880) deg
[17:29:11.536] [info]   平移 XYZ: (0.1230, 0.0399, 0.1523) m
[17:29:11.566] [debug] [ManualAdjust] 平移增量 dxyz=(0.0000, 0.0000, 0.0050)m
[17:29:11.566] [info] [ManualAdjust] 当前外参 [lidar_front→cam_left]:
[17:29:11.566] [info]   旋转 RPY: (24.5011, -89.1682, -114.7880) deg
[17:29:11.566] [info]   平移 XYZ: (0.1230, 0.0399, 0.1573) m
[17:29:11.597] [debug] [ManualAdjust] 平移增量 dxyz=(0.0000, 0.0000, 0.0050)m
[17:29:11.597] [info] [ManualAdjust] 当前外参 [lidar_front→cam_left]:
[17:29:11.597] [info]   旋转 RPY: (24.5011, -89.1682, -114.7880) deg
[17:29:11.597] [info]   平移 XYZ: (0.1230, 0.0399, 0.1623) m
[17:29:11.627] [debug] [ManualAdjust] 平移增量 dxyz=(0.0000, 0.0000, 0.0050)m
[17:29:11.627] [info] [ManualAdjust] 当前外参 [lidar_front→cam_left]:
[17:29:11.627] [info]   旋转 RPY: (24.5011, -89.1682, -114.7880) deg
[17:29:11.627] [info]   平移 XYZ: (0.1230, 0.0399, 0.1673) m
[17:29:11.658] [debug] [ManualAdjust] 平移增量 dxyz=(0.0000, 0.0000, 0.0050)m
[17:29:11.658] [info] [ManualAdjust] 当前外参 [lidar_front→cam_left]:
[17:29:11.658] [info]   旋转 RPY: (24.5011, -89.1682, -114.7880) deg
[17:29:11.658] [info]   平移 XYZ: (0.1230, 0.0399, 0.1723) m
[17:29:11.688] [debug] [ManualAdjust] 平移增量 dxyz=(0.0000, 0.0000, 0.0050)m
[17:29:11.688] [info] [ManualAdjust] 当前外参 [lidar_front→cam_left]:
[17:29:11.688] [info]   旋转 RPY: (24.5011, -89.1682, -114.7880) deg
[17:29:11.688] [info]   平移 XYZ: (0.1230, 0.0399, 0.1773) m
[17:29:11.719] [debug] [ManualAdjust] 平移增量 dxyz=(0.0000, 0.0000, 0.0050)m
[17:29:11.719] [info] [ManualAdjust] 当前外参 [lidar_front→cam_left]:
[17:29:11.719] [info]   旋转 RPY: (24.5011, -89.1682, -114.7880) deg
[17:29:11.719] [info]   平移 XYZ: (0.1230, 0.0399, 0.1823) m
[17:29:11.749] [debug] [ManualAdjust] 平移增量 dxyz=(0.0000, 0.0000, 0.0050)m
[17:29:11.749] [info] [ManualAdjust] 当前外参 [lidar_front→cam_left]:
[17:29:11.749] [info]   旋转 RPY: (24.5011, -89.1682, -114.7880) deg
[17:29:11.749] [info]   平移 XYZ: (0.1230, 0.0399, 0.1873) m
[17:29:11.779] [debug] [ManualAdjust] 平移增量 dxyz=(0.0000, 0.0000, 0.0050)m
[17:29:11.779] [info] [ManualAdjust] 当前外参 [lidar_front→cam_left]:
[17:29:11.779] [info]   旋转 RPY: (24.5011, -89.1682, -114.7880) deg
[17:29:11.779] [info]   平移 XYZ: (0.1230, 0.0399, 0.1923) m
[17:29:12.606] [debug] [ManualAdjust] 平移增量 dxyz=(0.0000, 0.0000, 0.0050)m
[17:29:12.606] [info] [ManualAdjust] 当前外参 [lidar_front→cam_left]:
[17:29:12.606] [info]   旋转 RPY: (24.5011, -89.1682, -114.7880) deg
[17:29:12.606] [info]   平移 XYZ: (0.1230, 0.0399, 0.1973) m
[17:29:12.862] [debug] [ManualAdjust] 平移增量 dxyz=(0.0000, 0.0000, 0.0050)m
[17:29:12.862] [info] [ManualAdjust] 当前外参 [lidar_front→cam_left]:
[17:29:12.862] [info]   旋转 RPY: (24.5011, -89.1682, -114.7880) deg
[17:29:12.862] [info]   平移 XYZ: (0.1230, 0.0399, 0.2023) m
[17:29:15.974] [debug] [ManualAdjust] 旋转增量 RPY=(0.000, 0.000, 0.100)deg
[17:29:15.975] [info] [ManualAdjust] 当前外参 [lidar_front→cam_left]:
[17:29:15.975] [info]   旋转 RPY: (17.9337, -89.2044, -108.2199) deg
[17:29:15.975] [info]   平移 XYZ: (0.1230, 0.0399, 0.2023) m
[17:29:16.366] [debug] [ManualAdjust] 旋转增量 RPY=(0.000, 0.000, 0.100)deg
[17:29:16.366] [info] [ManualAdjust] 当前外参 [lidar_front→cam_left]:
[17:29:16.366] [info]   旋转 RPY: (10.8426, -89.2293, -101.1282) deg
[17:29:16.366] [info]   平移 XYZ: (0.1230, 0.0399, 0.2023) m
[17:29:16.623] [debug] [ManualAdjust] 旋转增量 RPY=(0.000, 0.000, 0.100)deg
[17:29:16.623] [info] [ManualAdjust] 当前外参 [lidar_front→cam_left]:
[17:29:16.623] [info]   旋转 RPY: (3.4005, -89.2418, -93.6855) deg
[17:29:16.623] [info]   平移 XYZ: (0.1230, 0.0399, 0.2023) m
[17:29:17.382] [debug] [ManualAdjust] 旋转增量 RPY=(0.000, 0.000, 0.100)deg
[17:29:17.382] [info] [ManualAdjust] 当前外参 [lidar_front→cam_left]:
[17:29:17.382] [info]   旋转 RPY: (-4.1575, -89.2411, -86.1267) deg
[17:29:17.382] [info]   平移 XYZ: (0.1230, 0.0399, 0.2023) m
[17:29:17.582] [debug] [ManualAdjust] 旋转增量 RPY=(0.000, 0.000, 0.100)deg
[17:29:17.582] [info] [ManualAdjust] 当前外参 [lidar_front→cam_left]:
[17:29:17.582] [info]   旋转 RPY: (-11.5742, -89.2274, -78.7094) deg
[17:29:17.582] [info]   平移 XYZ: (0.1230, 0.0399, 0.2023) m
[17:29:17.774] [debug] [ManualAdjust] 旋转增量 RPY=(0.000, 0.000, 0.100)deg
[17:29:17.774] [info] [ManualAdjust] 当前外参 [lidar_front→cam_left]:
[17:29:17.774] [info]   旋转 RPY: (-18.6192, -89.2013, -71.6637) deg
[17:29:17.774] [info]   平移 XYZ: (0.1230, 0.0399, 0.2023) m
[17:29:17.966] [debug] [ManualAdjust] 旋转增量 RPY=(0.000, 0.000, 0.100)deg
[17:29:17.966] [info] [ManualAdjust] 当前外参 [lidar_front→cam_left]:
[17:29:17.966] [info]   旋转 RPY: (-25.1275, -89.1640, -65.1548) deg
[17:29:17.966] [info]   平移 XYZ: (0.1230, 0.0399, 0.2023) m
[17:29:18.190] [debug] [ManualAdjust] 旋转增量 RPY=(0.000, 0.000, 0.100)deg
[17:29:18.190] [info] [ManualAdjust] 当前外参 [lidar_front→cam_left]:
[17:29:18.190] [info]   旋转 RPY: (-31.0112, -89.1169, -59.2704) deg
[17:29:18.190] [info]   平移 XYZ: (0.1230, 0.0399, 0.2023) m
[17:29:18.430] [debug] [ManualAdjust] 旋转增量 RPY=(0.000, 0.000, 0.100)deg
[17:29:18.430] [info] [ManualAdjust] 当前外参 [lidar_front→cam_left]:
[17:29:18.430] [info]   旋转 RPY: (-36.2501, -89.0614, -54.0309) deg
[17:29:18.430] [info]   平移 XYZ: (0.1230, 0.0399, 0.2023) m
[17:29:18.790] [debug] [ManualAdjust] 旋转增量 RPY=(0.000, 0.000, 0.100)deg
[17:29:18.790] [info] [ManualAdjust] 当前外参 [lidar_front→cam_left]:
[17:29:18.790] [info]   旋转 RPY: (-40.8708, -88.9990, -49.4095) deg
[17:29:18.790] [info]   平移 XYZ: (0.1230, 0.0399, 0.2023) m
[17:29:19.702] [debug] [ManualAdjust] 旋转增量 RPY=(0.000, 0.000, -0.100)deg
[17:29:19.702] [info] [ManualAdjust] 当前外参 [lidar_front→cam_left]:
[17:29:19.702] [info]   旋转 RPY: (-36.2501, -89.0614, -54.0309) deg
[17:29:19.703] [info]   平移 XYZ: (0.1230, 0.0399, 0.2023) m
[17:29:19.998] [debug] [ManualAdjust] 旋转增量 RPY=(0.000, 0.000, -0.100)deg
[17:29:19.998] [info] [ManualAdjust] 当前外参 [lidar_front→cam_left]:
[17:29:19.998] [info]   旋转 RPY: (-31.0112, -89.1169, -59.2704) deg
[17:29:19.998] [info]   平移 XYZ: (0.1230, 0.0399, 0.2023) m
[17:29:21.310] [debug] [ManualAdjust] 旋转增量 RPY=(0.000, 0.000, -0.100)deg
[17:29:21.310] [info] [ManualAdjust] 当前外参 [lidar_front→cam_left]:
[17:29:21.310] [info]   旋转 RPY: (-25.1275, -89.1640, -65.1548) deg
[17:29:21.310] [info]   平移 XYZ: (0.1230, 0.0399, 0.2023) m
[17:29:21.830] [debug] [ManualAdjust] 旋转增量 RPY=(0.000, 0.000, 0.100)deg
[17:29:21.830] [info] [ManualAdjust] 当前外参 [lidar_front→cam_left]:
[17:29:21.830] [info]   旋转 RPY: (-31.0112, -89.1169, -59.2704) deg
[17:29:21.830] [info]   平移 XYZ: (0.1230, 0.0399, 0.2023) m
[17:29:24.734] [debug] [ManualAdjust] 平移增量 dxyz=(0.0050, 0.0000, 0.0000)m
[17:29:24.734] [info] [ManualAdjust] 当前外参 [lidar_front→cam_left]:
[17:29:24.734] [info]   旋转 RPY: (-31.0112, -89.1169, -59.2704) deg
[17:29:24.734] [info]   平移 XYZ: (0.1280, 0.0399, 0.2023) m
[17:29:25.182] [debug] [ManualAdjust] 平移增量 dxyz=(0.0050, 0.0000, 0.0000)m
[17:29:25.182] [info] [ManualAdjust] 当前外参 [lidar_front→cam_left]:
[17:29:25.182] [info]   旋转 RPY: (-31.0112, -89.1169, -59.2704) deg
[17:29:25.182] [info]   平移 XYZ: (0.1330, 0.0399, 0.2023) m
[17:29:25.582] [debug] [ManualAdjust] 平移增量 dxyz=(-0.0050, 0.0000, 0.0000)m
[17:29:25.582] [info] [ManualAdjust] 当前外参 [lidar_front→cam_left]:
[17:29:25.582] [info]   旋转 RPY: (-31.0112, -89.1169, -59.2704) deg
[17:29:25.582] [info]   平移 XYZ: (0.1280, 0.0399, 0.2023) m
[17:29:25.806] [debug] [ManualAdjust] 平移增量 dxyz=(-0.0050, 0.0000, 0.0000)m
[17:29:25.806] [info] [ManualAdjust] 当前外参 [lidar_front→cam_left]:
[17:29:25.806] [info]   旋转 RPY: (-31.0112, -89.1169, -59.2704) deg
[17:29:25.806] [info]   平移 XYZ: (0.1230, 0.0399, 0.2023) m
[17:29:26.254] [debug] [ManualAdjust] 平移增量 dxyz=(0.0000, 0.0050, 0.0000)m
[17:29:26.254] [info] [ManualAdjust] 当前外参 [lidar_front→cam_left]:
[17:29:26.254] [info]   旋转 RPY: (-31.0112, -89.1169, -59.2704) deg
[17:29:26.254] [info]   平移 XYZ: (0.1230, 0.0449, 0.2023) m
[17:29:26.591] [debug] [ManualAdjust] 平移增量 dxyz=(0.0000, 0.0050, 0.0000)m
[17:29:26.591] [info] [ManualAdjust] 当前外参 [lidar_front→cam_left]:
[17:29:26.591] [info]   旋转 RPY: (-31.0112, -89.1169, -59.2704) deg
[17:29:26.591] [info]   平移 XYZ: (0.1230, 0.0499, 0.2023) m
[17:29:26.990] [debug] [ManualAdjust] 平移增量 dxyz=(0.0000, 0.0050, 0.0000)m
[17:29:26.990] [info] [ManualAdjust] 当前外参 [lidar_front→cam_left]:
[17:29:26.990] [info]   旋转 RPY: (-31.0112, -89.1169, -59.2704) deg
[17:29:26.990] [info]   平移 XYZ: (0.1230, 0.0549, 0.2023) m
[17:29:27.230] [debug] [ManualAdjust] 平移增量 dxyz=(0.0000, 0.0050, 0.0000)m
[17:29:27.230] [info] [ManualAdjust] 当前外参 [lidar_front→cam_left]:
[17:29:27.230] [info]   旋转 RPY: (-31.0112, -89.1169, -59.2704) deg
[17:29:27.230] [info]   平移 XYZ: (0.1230, 0.0599, 0.2023) m
[17:29:27.462] [debug] [ManualAdjust] 平移增量 dxyz=(0.0000, 0.0050, 0.0000)m
[17:29:27.462] [info] [ManualAdjust] 当前外参 [lidar_front→cam_left]:
[17:29:27.462] [info]   旋转 RPY: (-31.0112, -89.1169, -59.2704) deg
[17:29:27.462] [info]   平移 XYZ: (0.1230, 0.0649, 0.2023) m
[17:29:27.964] [debug] [ManualAdjust] 平移增量 dxyz=(0.0000, 0.0050, 0.0000)m
[17:29:27.964] [info] [ManualAdjust] 当前外参 [lidar_front→cam_left]:
[17:29:27.964] [info]   旋转 RPY: (-31.0112, -89.1169, -59.2704) deg
[17:29:27.964] [info]   平移 XYZ: (0.1230, 0.0699, 0.2023) m
[17:29:27.993] [debug] [ManualAdjust] 平移增量 dxyz=(0.0000, 0.0050, 0.0000)m
[17:29:27.993] [info] [ManualAdjust] 当前外参 [lidar_front→cam_left]:
[17:29:27.993] [info]   旋转 RPY: (-31.0112, -89.1169, -59.2704) deg
[17:29:27.993] [info]   平移 XYZ: (0.1230, 0.0749, 0.2023) m
[17:29:28.023] [debug] [ManualAdjust] 平移增量 dxyz=(0.0000, 0.0050, 0.0000)m
[17:29:28.023] [info] [ManualAdjust] 当前外参 [lidar_front→cam_left]:
[17:29:28.023] [info]   旋转 RPY: (-31.0112, -89.1169, -59.2704) deg
[17:29:28.023] [info]   平移 XYZ: (0.1230, 0.0799, 0.2023) m
[17:29:28.054] [debug] [ManualAdjust] 平移增量 dxyz=(0.0000, 0.0050, 0.0000)m
[17:29:28.054] [info] [ManualAdjust] 当前外参 [lidar_front→cam_left]:
[17:29:28.054] [info]   旋转 RPY: (-31.0112, -89.1169, -59.2704) deg
[17:29:28.054] [info]   平移 XYZ: (0.1230, 0.0849, 0.2023) m
[17:29:28.084] [debug] [ManualAdjust] 平移增量 dxyz=(0.0000, 0.0050, 0.0000)m
[17:29:28.084] [info] [ManualAdjust] 当前外参 [lidar_front→cam_left]:
[17:29:28.084] [info]   旋转 RPY: (-31.0112, -89.1169, -59.2704) deg
[17:29:28.084] [info]   平移 XYZ: (0.1230, 0.0899, 0.2023) m
[17:29:28.115] [debug] [ManualAdjust] 平移增量 dxyz=(0.0000, 0.0050, 0.0000)m
[17:29:28.115] [info] [ManualAdjust] 当前外参 [lidar_front→cam_left]:
[17:29:28.115] [info]   旋转 RPY: (-31.0112, -89.1169, -59.2704) deg
[17:29:28.115] [info]   平移 XYZ: (0.1230, 0.0949, 0.2023) m
[17:29:28.145] [debug] [ManualAdjust] 平移增量 dxyz=(0.0000, 0.0050, 0.0000)m
[17:29:28.145] [info] [ManualAdjust] 当前外参 [lidar_front→cam_left]:
[17:29:28.145] [info]   旋转 RPY: (-31.0112, -89.1169, -59.2704) deg
[17:29:28.145] [info]   平移 XYZ: (0.1230, 0.0999, 0.2023) m
[17:29:28.175] [debug] [ManualAdjust] 平移增量 dxyz=(0.0000, 0.0050, 0.0000)m
[17:29:28.175] [info] [ManualAdjust] 当前外参 [lidar_front→cam_left]:
[17:29:28.175] [info]   旋转 RPY: (-31.0112, -89.1169, -59.2704) deg
[17:29:28.175] [info]   平移 XYZ: (0.1230, 0.1049, 0.2023) m
[17:29:28.206] [debug] [ManualAdjust] 平移增量 dxyz=(0.0000, 0.0050, 0.0000)m
[17:29:28.206] [info] [ManualAdjust] 当前外参 [lidar_front→cam_left]:
[17:29:28.206] [info]   旋转 RPY: (-31.0112, -89.1169, -59.2704) deg
[17:29:28.206] [info]   平移 XYZ: (0.1230, 0.1099, 0.2023) m
[17:29:28.502] [debug] [ManualAdjust] 平移增量 dxyz=(0.0000, 0.0050, 0.0000)m
[17:29:28.502] [info] [ManualAdjust] 当前外参 [lidar_front→cam_left]:
[17:29:28.502] [info]   旋转 RPY: (-31.0112, -89.1169, -59.2704) deg
[17:29:28.502] [info]   平移 XYZ: (0.1230, 0.1149, 0.2023) m
[17:29:29.003] [debug] [ManualAdjust] 平移增量 dxyz=(0.0000, 0.0050, 0.0000)m
[17:29:29.003] [info] [ManualAdjust] 当前外参 [lidar_front→cam_left]:
[17:29:29.003] [info]   旋转 RPY: (-31.0112, -89.1169, -59.2704) deg
[17:29:29.003] [info]   平移 XYZ: (0.1230, 0.1199, 0.2023) m
[17:29:29.033] [debug] [ManualAdjust] 平移增量 dxyz=(0.0000, 0.0050, 0.0000)m
[17:29:29.033] [info] [ManualAdjust] 当前外参 [lidar_front→cam_left]:
[17:29:29.033] [info]   旋转 RPY: (-31.0112, -89.1169, -59.2704) deg
[17:29:29.033] [info]   平移 XYZ: (0.1230, 0.1249, 0.2023) m
[17:29:29.062] [debug] [ManualAdjust] 平移增量 dxyz=(0.0000, 0.0050, 0.0000)m
[17:29:29.062] [info] [ManualAdjust] 当前外参 [lidar_front→cam_left]:
[17:29:29.062] [info]   旋转 RPY: (-31.0112, -89.1169, -59.2704) deg
[17:29:29.062] [info]   平移 XYZ: (0.1230, 0.1299, 0.2023) m
[17:29:29.092] [debug] [ManualAdjust] 平移增量 dxyz=(0.0000, 0.0050, 0.0000)m
[17:29:29.092] [info] [ManualAdjust] 当前外参 [lidar_front→cam_left]:
[17:29:29.092] [info]   旋转 RPY: (-31.0112, -89.1169, -59.2704) deg
[17:29:29.092] [info]   平移 XYZ: (0.1230, 0.1349, 0.2023) m
[17:29:29.122] [debug] [ManualAdjust] 平移增量 dxyz=(0.0000, 0.0050, 0.0000)m
[17:29:29.122] [info] [ManualAdjust] 当前外参 [lidar_front→cam_left]:
[17:29:29.122] [info]   旋转 RPY: (-31.0112, -89.1169, -59.2704) deg
[17:29:29.122] [info]   平移 XYZ: (0.1230, 0.1399, 0.2023) m
[17:29:29.152] [debug] [ManualAdjust] 平移增量 dxyz=(0.0000, 0.0050, 0.0000)m
[17:29:29.152] [info] [ManualAdjust] 当前外参 [lidar_front→cam_left]:
[17:29:29.152] [info]   旋转 RPY: (-31.0112, -89.1169, -59.2704) deg
[17:29:29.152] [info]   平移 XYZ: (0.1230, 0.1449, 0.2023) m
[17:29:29.182] [debug] [ManualAdjust] 平移增量 dxyz=(0.0000, 0.0050, 0.0000)m
[17:29:29.182] [info] [ManualAdjust] 当前外参 [lidar_front→cam_left]:
[17:29:29.182] [info]   旋转 RPY: (-31.0112, -89.1169, -59.2704) deg
[17:29:29.182] [info]   平移 XYZ: (0.1230, 0.1499, 0.2023) m
[17:29:29.213] [debug] [ManualAdjust] 平移增量 dxyz=(0.0000, 0.0050, 0.0000)m
[17:29:29.213] [info] [ManualAdjust] 当前外参 [lidar_front→cam_left]:
[17:29:29.213] [info]   旋转 RPY: (-31.0112, -89.1169, -59.2704) deg
[17:29:29.213] [info]   平移 XYZ: (0.1230, 0.1549, 0.2023) m
[17:29:29.243] [debug] [ManualAdjust] 平移增量 dxyz=(0.0000, 0.0050, 0.0000)m
[17:29:29.243] [info] [ManualAdjust] 当前外参 [lidar_front→cam_left]:
[17:29:29.243] [info]   旋转 RPY: (-31.0112, -89.1169, -59.2704) deg
[17:29:29.243] [info]   平移 XYZ: (0.1230, 0.1599, 0.2023) m
[17:29:29.574] [debug] [ManualAdjust] 平移增量 dxyz=(0.0000, 0.0050, 0.0000)m
[17:29:29.574] [info] [ManualAdjust] 当前外参 [lidar_front→cam_left]:
[17:29:29.574] [info]   旋转 RPY: (-31.0112, -89.1169, -59.2704) deg
[17:29:29.574] [info]   平移 XYZ: (0.1230, 0.1649, 0.2023) m
[17:29:30.074] [debug] [ManualAdjust] 平移增量 dxyz=(0.0000, 0.0050, 0.0000)m
[17:29:30.074] [info] [ManualAdjust] 当前外参 [lidar_front→cam_left]:
[17:29:30.074] [info]   旋转 RPY: (-31.0112, -89.1169, -59.2704) deg
[17:29:30.074] [info]   平移 XYZ: (0.1230, 0.1699, 0.2023) m
[17:29:30.104] [debug] [ManualAdjust] 平移增量 dxyz=(0.0000, 0.0050, 0.0000)m
[17:29:30.104] [info] [ManualAdjust] 当前外参 [lidar_front→cam_left]:
[17:29:30.104] [info]   旋转 RPY: (-31.0112, -89.1169, -59.2704) deg
[17:29:30.104] [info]   平移 XYZ: (0.1230, 0.1749, 0.2023) m
[17:29:30.438] [debug] [ManualAdjust] 平移增量 dxyz=(0.0000, 0.0050, 0.0000)m
[17:29:30.438] [info] [ManualAdjust] 当前外参 [lidar_front→cam_left]:
[17:29:30.438] [info]   旋转 RPY: (-31.0112, -89.1169, -59.2704) deg
[17:29:30.438] [info]   平移 XYZ: (0.1230, 0.1799, 0.2023) m
[17:29:32.462] [debug] [ManualAdjust] 平移增量 dxyz=(0.0000, 0.0000, 0.0050)m
[17:29:32.462] [info] [ManualAdjust] 当前外参 [lidar_front→cam_left]:
[17:29:32.462] [info]   旋转 RPY: (-31.0112, -89.1169, -59.2704) deg
[17:29:32.462] [info]   平移 XYZ: (0.1230, 0.1799, 0.2073) m
[17:29:33.294] [debug] [ManualAdjust] 平移增量 dxyz=(0.0000, 0.0000, -0.0050)m
[17:29:33.294] [info] [ManualAdjust] 当前外参 [lidar_front→cam_left]:
[17:29:33.294] [info]   旋转 RPY: (-31.0112, -89.1169, -59.2704) deg
[17:29:33.294] [info]   平移 XYZ: (0.1230, 0.1799, 0.2023) m
[17:29:33.795] [debug] [ManualAdjust] 平移增量 dxyz=(0.0000, 0.0000, -0.0050)m
[17:29:33.795] [info] [ManualAdjust] 当前外参 [lidar_front→cam_left]:
[17:29:33.795] [info]   旋转 RPY: (-31.0112, -89.1169, -59.2704) deg
[17:29:33.795] [info]   平移 XYZ: (0.1230, 0.1799, 0.1973) m
[17:29:33.825] [debug] [ManualAdjust] 平移增量 dxyz=(0.0000, 0.0000, -0.0050)m
[17:29:33.825] [info] [ManualAdjust] 当前外参 [lidar_front→cam_left]:
[17:29:33.825] [info]   旋转 RPY: (-31.0112, -89.1169, -59.2704) deg
[17:29:33.825] [info]   平移 XYZ: (0.1230, 0.1799, 0.1923) m
[17:29:34.143] [debug] [ManualAdjust] 平移增量 dxyz=(0.0000, 0.0000, 0.0050)m
[17:29:34.143] [info] [ManualAdjust] 当前外参 [lidar_front→cam_left]:
[17:29:34.143] [info]   旋转 RPY: (-31.0112, -89.1169, -59.2704) deg
[17:29:34.143] [info]   平移 XYZ: (0.1230, 0.1799, 0.1973) m
[17:29:34.642] [debug] [ManualAdjust] 平移增量 dxyz=(0.0000, 0.0000, 0.0050)m
[17:29:34.642] [info] [ManualAdjust] 当前外参 [lidar_front→cam_left]:
[17:29:34.642] [info]   旋转 RPY: (-31.0112, -89.1169, -59.2704) deg
[17:29:34.642] [info]   平移 XYZ: (0.1230, 0.1799, 0.2023) m
[17:29:34.672] [debug] [ManualAdjust] 平移增量 dxyz=(0.0000, 0.0000, 0.0050)m
[17:29:34.672] [info] [ManualAdjust] 当前外参 [lidar_front→cam_left]:
[17:29:34.672] [info]   旋转 RPY: (-31.0112, -89.1169, -59.2704) deg
[17:29:34.672] [info]   平移 XYZ: (0.1230, 0.1799, 0.2073) m
[17:29:34.703] [debug] [ManualAdjust] 平移增量 dxyz=(0.0000, 0.0000, 0.0050)m
[17:29:34.703] [info] [ManualAdjust] 当前外参 [lidar_front→cam_left]:
[17:29:34.703] [info]   旋转 RPY: (-31.0112, -89.1169, -59.2704) deg
[17:29:34.703] [info]   平移 XYZ: (0.1230, 0.1799, 0.2123) m
[17:29:34.733] [debug] [ManualAdjust] 平移增量 dxyz=(0.0000, 0.0000, 0.0050)m
[17:29:34.733] [info] [ManualAdjust] 当前外参 [lidar_front→cam_left]:
[17:29:34.733] [info]   旋转 RPY: (-31.0112, -89.1169, -59.2704) deg
[17:29:34.733] [info]   平移 XYZ: (0.1230, 0.1799, 0.2173) m
[17:29:34.763] [debug] [ManualAdjust] 平移增量 dxyz=(0.0000, 0.0000, 0.0050)m
[17:29:34.763] [info] [ManualAdjust] 当前外参 [lidar_front→cam_left]:
[17:29:34.763] [info]   旋转 RPY: (-31.0112, -89.1169, -59.2704) deg
[17:29:34.763] [info]   平移 XYZ: (0.1230, 0.1799, 0.2223) m
[17:29:34.793] [debug] [ManualAdjust] 平移增量 dxyz=(0.0000, 0.0000, 0.0050)m
[17:29:34.793] [info] [ManualAdjust] 当前外参 [lidar_front→cam_left]:
[17:29:34.793] [info]   旋转 RPY: (-31.0112, -89.1169, -59.2704) deg
[17:29:34.793] [info]   平移 XYZ: (0.1230, 0.1799, 0.2273) m
[17:29:34.823] [debug] [ManualAdjust] 平移增量 dxyz=(0.0000, 0.0000, 0.0050)m
[17:29:34.823] [info] [ManualAdjust] 当前外参 [lidar_front→cam_left]:
[17:29:34.823] [info]   旋转 RPY: (-31.0112, -89.1169, -59.2704) deg
[17:29:34.823] [info]   平移 XYZ: (0.1230, 0.1799, 0.2323) m
[17:29:35.454] [debug] [ManualAdjust] 平移增量 dxyz=(0.0000, 0.0000, -0.0050)m
[17:29:35.454] [info] [ManualAdjust] 当前外参 [lidar_front→cam_left]:
[17:29:35.454] [info]   旋转 RPY: (-31.0112, -89.1169, -59.2704) deg
[17:29:35.454] [info]   平移 XYZ: (0.1230, 0.1799, 0.2273) m
[17:29:35.954] [debug] [ManualAdjust] 平移增量 dxyz=(0.0000, 0.0000, -0.0050)m
[17:29:35.954] [info] [ManualAdjust] 当前外参 [lidar_front→cam_left]:
[17:29:35.954] [info]   旋转 RPY: (-31.0112, -89.1169, -59.2704) deg
[17:29:35.954] [info]   平移 XYZ: (0.1230, 0.1799, 0.2223) m
[17:29:35.984] [debug] [ManualAdjust] 平移增量 dxyz=(0.0000, 0.0000, -0.0050)m
[17:29:35.984] [info] [ManualAdjust] 当前外参 [lidar_front→cam_left]:
[17:29:35.984] [info]   旋转 RPY: (-31.0112, -89.1169, -59.2704) deg
[17:29:35.984] [info]   平移 XYZ: (0.1230, 0.1799, 0.2173) m
[17:29:36.014] [debug] [ManualAdjust] 平移增量 dxyz=(0.0000, 0.0000, -0.0050)m
[17:29:36.014] [info] [ManualAdjust] 当前外参 [lidar_front→cam_left]:
[17:29:36.014] [info]   旋转 RPY: (-31.0112, -89.1169, -59.2704) deg
[17:29:36.014] [info]   平移 XYZ: (0.1230, 0.1799, 0.2123) m
[17:29:36.044] [debug] [ManualAdjust] 平移增量 dxyz=(0.0000, 0.0000, -0.0050)m
[17:29:36.044] [info] [ManualAdjust] 当前外参 [lidar_front→cam_left]:
[17:29:36.044] [info]   旋转 RPY: (-31.0112, -89.1169, -59.2704) deg
[17:29:36.044] [info]   平移 XYZ: (0.1230, 0.1799, 0.2073) m
[17:29:36.074] [debug] [ManualAdjust] 平移增量 dxyz=(0.0000, 0.0000, -0.0050)m
[17:29:36.074] [info] [ManualAdjust] 当前外参 [lidar_front→cam_left]:
[17:29:36.074] [info]   旋转 RPY: (-31.0112, -89.1169, -59.2704) deg
[17:29:36.074] [info]   平移 XYZ: (0.1230, 0.1799, 0.2023) m
[17:29:36.104] [debug] [ManualAdjust] 平移增量 dxyz=(0.0000, 0.0000, -0.0050)m
[17:29:36.104] [info] [ManualAdjust] 当前外参 [lidar_front→cam_left]:
[17:29:36.104] [info]   旋转 RPY: (-31.0112, -89.1169, -59.2704) deg
[17:29:36.104] [info]   平移 XYZ: (0.1230, 0.1799, 0.1973) m
[17:29:36.134] [debug] [ManualAdjust] 平移增量 dxyz=(0.0000, 0.0000, -0.0050)m
[17:29:36.134] [info] [ManualAdjust] 当前外参 [lidar_front→cam_left]:
[17:29:36.134] [info]   旋转 RPY: (-31.0112, -89.1169, -59.2704) deg
[17:29:36.134] [info]   平移 XYZ: (0.1230, 0.1799, 0.1923) m
[17:29:36.164] [debug] [ManualAdjust] 平移增量 dxyz=(0.0000, 0.0000, -0.0050)m
[17:29:36.164] [info] [ManualAdjust] 当前外参 [lidar_front→cam_left]:
[17:29:36.164] [info]   旋转 RPY: (-31.0112, -89.1169, -59.2704) deg
[17:29:36.164] [info]   平移 XYZ: (0.1230, 0.1799, 0.1873) m
[17:29:36.194] [debug] [ManualAdjust] 平移增量 dxyz=(0.0000, 0.0000, -0.0050)m
[17:29:36.194] [info] [ManualAdjust] 当前外参 [lidar_front→cam_left]:
[17:29:36.194] [info]   旋转 RPY: (-31.0112, -89.1169, -59.2704) deg
[17:29:36.194] [info]   平移 XYZ: (0.1230, 0.1799, 0.1823) m
[17:29:36.224] [debug] [ManualAdjust] 平移增量 dxyz=(0.0000, 0.0000, -0.0050)m
[17:29:36.224] [info] [ManualAdjust] 当前外参 [lidar_front→cam_left]:
[17:29:36.224] [info]   旋转 RPY: (-31.0112, -89.1169, -59.2704) deg
[17:29:36.224] [info]   平移 XYZ: (0.1230, 0.1799, 0.1773) m
[17:29:36.255] [debug] [ManualAdjust] 平移增量 dxyz=(0.0000, 0.0000, -0.0050)m
[17:29:36.255] [info] [ManualAdjust] 当前外参 [lidar_front→cam_left]:
[17:29:36.255] [info]   旋转 RPY: (-31.0112, -89.1169, -59.2704) deg
[17:29:36.255] [info]   平移 XYZ: (0.1230, 0.1799, 0.1723) m
[17:29:36.284] [debug] [ManualAdjust] 平移增量 dxyz=(0.0000, 0.0000, -0.0050)m
[17:29:36.284] [info] [ManualAdjust] 当前外参 [lidar_front→cam_left]:
[17:29:36.284] [info]   旋转 RPY: (-31.0112, -89.1169, -59.2704) deg
[17:29:36.284] [info]   平移 XYZ: (0.1230, 0.1799, 0.1673) m
[17:29:36.314] [debug] [ManualAdjust] 平移增量 dxyz=(0.0000, 0.0000, -0.0050)m
[17:29:36.314] [info] [ManualAdjust] 当前外参 [lidar_front→cam_left]:
[17:29:36.314] [info]   旋转 RPY: (-31.0112, -89.1169, -59.2704) deg
[17:29:36.314] [info]   平移 XYZ: (0.1230, 0.1799, 0.1623) m
[17:29:36.344] [debug] [ManualAdjust] 平移增量 dxyz=(0.0000, 0.0000, -0.0050)m
[17:29:36.344] [info] [ManualAdjust] 当前外参 [lidar_front→cam_left]:
[17:29:36.344] [info]   旋转 RPY: (-31.0112, -89.1169, -59.2704) deg
[17:29:36.344] [info]   平移 XYZ: (0.1230, 0.1799, 0.1573) m
[17:29:36.374] [debug] [ManualAdjust] 平移增量 dxyz=(0.0000, 0.0000, -0.0050)m
[17:29:36.374] [info] [ManualAdjust] 当前外参 [lidar_front→cam_left]:
[17:29:36.374] [info]   旋转 RPY: (-31.0112, -89.1169, -59.2704) deg
[17:29:36.374] [info]   平移 XYZ: (0.1230, 0.1799, 0.1523) m
[17:29:36.405] [debug] [ManualAdjust] 平移增量 dxyz=(0.0000, 0.0000, -0.0050)m
[17:29:36.405] [info] [ManualAdjust] 当前外参 [lidar_front→cam_left]:
[17:29:36.405] [info]   旋转 RPY: (-31.0112, -89.1169, -59.2704) deg
[17:29:36.405] [info]   平移 XYZ: (0.1230, 0.1799, 0.1473) m
[17:29:36.434] [debug] [ManualAdjust] 平移增量 dxyz=(0.0000, 0.0000, -0.0050)m
[17:29:36.434] [info] [ManualAdjust] 当前外参 [lidar_front→cam_left]:
[17:29:36.434] [info]   旋转 RPY: (-31.0112, -89.1169, -59.2704) deg
[17:29:36.434] [info]   平移 XYZ: (0.1230, 0.1799, 0.1423) m
[17:29:36.465] [debug] [ManualAdjust] 平移增量 dxyz=(0.0000, 0.0000, -0.0050)m
[17:29:36.465] [info] [ManualAdjust] 当前外参 [lidar_front→cam_left]:
[17:29:36.465] [info]   旋转 RPY: (-31.0112, -89.1169, -59.2704) deg
[17:29:36.465] [info]   平移 XYZ: (0.1230, 0.1799, 0.1373) m
[17:29:40.854] [debug] [ManualAdjust] 平移增量 dxyz=(0.0050, 0.0000, 0.0000)m
[17:29:40.854] [info] [ManualAdjust] 当前外参 [lidar_front→cam_left]:
[17:29:40.854] [info]   旋转 RPY: (-31.0112, -89.1169, -59.2704) deg
[17:29:40.854] [info]   平移 XYZ: (0.1280, 0.1799, 0.1373) m
[17:29:41.356] [debug] [ManualAdjust] 平移增量 dxyz=(0.0050, 0.0000, 0.0000)m
[17:29:41.356] [info] [ManualAdjust] 当前外参 [lidar_front→cam_left]:
[17:29:41.356] [info]   旋转 RPY: (-31.0112, -89.1169, -59.2704) deg
[17:29:41.356] [info]   平移 XYZ: (0.1330, 0.1799, 0.1373) m
[17:29:41.384] [debug] [ManualAdjust] 平移增量 dxyz=(0.0050, 0.0000, 0.0000)m
[17:29:41.384] [info] [ManualAdjust] 当前外参 [lidar_front→cam_left]:
[17:29:41.385] [info]   旋转 RPY: (-31.0112, -89.1169, -59.2704) deg
[17:29:41.385] [info]   平移 XYZ: (0.1380, 0.1799, 0.1373) m
[17:29:41.415] [debug] [ManualAdjust] 平移增量 dxyz=(0.0050, 0.0000, 0.0000)m
[17:29:41.415] [info] [ManualAdjust] 当前外参 [lidar_front→cam_left]:
[17:29:41.415] [info]   旋转 RPY: (-31.0112, -89.1169, -59.2704) deg
[17:29:41.415] [info]   平移 XYZ: (0.1430, 0.1799, 0.1373) m
[17:29:41.445] [debug] [ManualAdjust] 平移增量 dxyz=(0.0050, 0.0000, 0.0000)m
[17:29:41.445] [info] [ManualAdjust] 当前外参 [lidar_front→cam_left]:
[17:29:41.445] [info]   旋转 RPY: (-31.0112, -89.1169, -59.2704) deg
[17:29:41.445] [info]   平移 XYZ: (0.1480, 0.1799, 0.1373) m
[17:29:41.476] [debug] [ManualAdjust] 平移增量 dxyz=(0.0050, 0.0000, 0.0000)m
[17:29:41.476] [info] [ManualAdjust] 当前外参 [lidar_front→cam_left]:
[17:29:41.476] [info]   旋转 RPY: (-31.0112, -89.1169, -59.2704) deg
[17:29:41.476] [info]   平移 XYZ: (0.1530, 0.1799, 0.1373) m
[17:29:42.350] [debug] [ManualAdjust] 平移增量 dxyz=(-0.0050, 0.0000, 0.0000)m
[17:29:42.350] [info] [ManualAdjust] 当前外参 [lidar_front→cam_left]:
[17:29:42.350] [info]   旋转 RPY: (-31.0112, -89.1169, -59.2704) deg
[17:29:42.350] [info]   平移 XYZ: (0.1480, 0.1799, 0.1373) m
[17:29:42.852] [debug] [ManualAdjust] 平移增量 dxyz=(-0.0050, 0.0000, 0.0000)m
[17:29:42.852] [info] [ManualAdjust] 当前外参 [lidar_front→cam_left]:
[17:29:42.852] [info]   旋转 RPY: (-31.0112, -89.1169, -59.2704) deg
[17:29:42.852] [info]   平移 XYZ: (0.1430, 0.1799, 0.1373) m
[17:29:43.272] [debug] [ManualAdjust] 平移增量 dxyz=(-0.0050, 0.0000, 0.0000)m
[17:29:43.272] [info] [ManualAdjust] 当前外参 [lidar_front→cam_left]:
[17:29:43.272] [info]   旋转 RPY: (-31.0112, -89.1169, -59.2704) deg
[17:29:43.272] [info]   平移 XYZ: (0.1380, 0.1799, 0.1373) m
[17:29:43.454] [debug] [ManualAdjust] 平移增量 dxyz=(-0.0050, 0.0000, 0.0000)m
[17:29:43.454] [info] [ManualAdjust] 当前外参 [lidar_front→cam_left]:
[17:29:43.454] [info]   旋转 RPY: (-31.0112, -89.1169, -59.2704) deg
[17:29:43.454] [info]   平移 XYZ: (0.1330, 0.1799, 0.1373) m
[17:29:43.838] [debug] [ManualAdjust] 平移增量 dxyz=(0.0000, 0.0050, 0.0000)m
[17:29:43.838] [info] [ManualAdjust] 当前外参 [lidar_front→cam_left]:
[17:29:43.838] [info]   旋转 RPY: (-31.0112, -89.1169, -59.2704) deg
[17:29:43.838] [info]   平移 XYZ: (0.1330, 0.1849, 0.1373) m
[17:29:44.257] [debug] [ManualAdjust] 平移增量 dxyz=(0.0000, 0.0050, 0.0000)m
[17:29:44.257] [info] [ManualAdjust] 当前外参 [lidar_front→cam_left]:
[17:29:44.257] [info]   旋转 RPY: (-31.0112, -89.1169, -59.2704) deg
[17:29:44.257] [info]   平移 XYZ: (0.1330, 0.1899, 0.1373) m
[17:29:44.598] [debug] [ManualAdjust] 平移增量 dxyz=(0.0000, -0.0050, 0.0000)m
[17:29:44.598] [info] [ManualAdjust] 当前外参 [lidar_front→cam_left]:
[17:29:44.598] [info]   旋转 RPY: (-31.0112, -89.1169, -59.2704) deg
[17:29:44.598] [info]   平移 XYZ: (0.1330, 0.1849, 0.1373) m
[17:29:44.838] [debug] [ManualAdjust] 平移增量 dxyz=(0.0000, -0.0050, 0.0000)m
[17:29:44.838] [info] [ManualAdjust] 当前外参 [lidar_front→cam_left]:
[17:29:44.838] [info]   旋转 RPY: (-31.0112, -89.1169, -59.2704) deg
[17:29:44.838] [info]   平移 XYZ: (0.1330, 0.1799, 0.1373) m
[17:29:45.038] [debug] [ManualAdjust] 平移增量 dxyz=(0.0000, -0.0050, 0.0000)m
[17:29:45.038] [info] [ManualAdjust] 当前外参 [lidar_front→cam_left]:
[17:29:45.038] [info]   旋转 RPY: (-31.0112, -89.1169, -59.2704) deg
[17:29:45.038] [info]   平移 XYZ: (0.1330, 0.1749, 0.1373) m
[17:29:45.230] [debug] [ManualAdjust] 平移增量 dxyz=(0.0000, -0.0050, 0.0000)m
[17:29:45.230] [info] [ManualAdjust] 当前外参 [lidar_front→cam_left]:
[17:29:45.230] [info]   旋转 RPY: (-31.0112, -89.1169, -59.2704) deg
[17:29:45.230] [info]   平移 XYZ: (0.1330, 0.1699, 0.1373) m
[17:29:45.438] [debug] [ManualAdjust] 平移增量 dxyz=(0.0000, -0.0050, 0.0000)m
[17:29:45.438] [info] [ManualAdjust] 当前外参 [lidar_front→cam_left]:
[17:29:45.438] [info]   旋转 RPY: (-31.0112, -89.1169, -59.2704) deg
[17:29:45.438] [info]   平移 XYZ: (0.1330, 0.1649, 0.1373) m
[17:29:45.646] [debug] [ManualAdjust] 平移增量 dxyz=(0.0000, -0.0050, 0.0000)m
[17:29:45.646] [info] [ManualAdjust] 当前外参 [lidar_front→cam_left]:
[17:29:45.646] [info]   旋转 RPY: (-31.0112, -89.1169, -59.2704) deg
[17:29:45.646] [info]   平移 XYZ: (0.1330, 0.1599, 0.1373) m
[17:29:45.870] [debug] [ManualAdjust] 平移增量 dxyz=(0.0000, -0.0050, 0.0000)m
[17:29:45.870] [info] [ManualAdjust] 当前外参 [lidar_front→cam_left]:
[17:29:45.870] [info]   旋转 RPY: (-31.0112, -89.1169, -59.2704) deg
[17:29:45.870] [info]   平移 XYZ: (0.1330, 0.1549, 0.1373) m
[17:29:46.054] [debug] [ManualAdjust] 平移增量 dxyz=(0.0000, -0.0050, 0.0000)m
[17:29:46.054] [info] [ManualAdjust] 当前外参 [lidar_front→cam_left]:
[17:29:46.054] [info]   旋转 RPY: (-31.0112, -89.1169, -59.2704) deg
[17:29:46.054] [info]   平移 XYZ: (0.1330, 0.1499, 0.1373) m
[17:29:46.406] [debug] [ManualAdjust] 平移增量 dxyz=(0.0000, -0.0050, 0.0000)m
[17:29:46.406] [info] [ManualAdjust] 当前外参 [lidar_front→cam_left]:
[17:29:46.406] [info]   旋转 RPY: (-31.0112, -89.1169, -59.2704) deg
[17:29:46.406] [info]   平移 XYZ: (0.1330, 0.1449, 0.1373) m
[17:29:46.462] [debug] [ManualAdjust] 平移增量 dxyz=(0.0000, -0.0050, 0.0000)m
[17:29:46.462] [info] [ManualAdjust] 当前外参 [lidar_front→cam_left]:
[17:29:46.462] [info]   旋转 RPY: (-31.0112, -89.1169, -59.2704) deg
[17:29:46.462] [info]   平移 XYZ: (0.1330, 0.1399, 0.1373) m
[17:29:47.047] [debug] [ManualAdjust] 平移增量 dxyz=(0.0000, -0.0050, 0.0000)m
[17:29:47.047] [info] [ManualAdjust] 当前外参 [lidar_front→cam_left]:
[17:29:47.047] [info]   旋转 RPY: (-31.0112, -89.1169, -59.2704) deg
[17:29:47.047] [info]   平移 XYZ: (0.1330, 0.1349, 0.1373) m
[17:29:47.546] [debug] [ManualAdjust] 平移增量 dxyz=(0.0000, -0.0050, 0.0000)m
[17:29:47.546] [info] [ManualAdjust] 当前外参 [lidar_front→cam_left]:
[17:29:47.546] [info]   旋转 RPY: (-31.0112, -89.1169, -59.2704) deg
[17:29:47.546] [info]   平移 XYZ: (0.1330, 0.1299, 0.1373) m
[17:29:47.576] [debug] [ManualAdjust] 平移增量 dxyz=(0.0000, -0.0050, 0.0000)m
[17:29:47.576] [info] [ManualAdjust] 当前外参 [lidar_front→cam_left]:
[17:29:47.576] [info]   旋转 RPY: (-31.0112, -89.1169, -59.2704) deg
[17:29:47.576] [info]   平移 XYZ: (0.1330, 0.1249, 0.1373) m
[17:29:47.607] [debug] [ManualAdjust] 平移增量 dxyz=(0.0000, -0.0050, 0.0000)m
[17:29:47.607] [info] [ManualAdjust] 当前外参 [lidar_front→cam_left]:
[17:29:47.607] [info]   旋转 RPY: (-31.0112, -89.1169, -59.2704) deg
[17:29:47.607] [info]   平移 XYZ: (0.1330, 0.1199, 0.1373) m
[17:29:47.637] [debug] [ManualAdjust] 平移增量 dxyz=(0.0000, -0.0050, 0.0000)m
[17:29:47.637] [info] [ManualAdjust] 当前外参 [lidar_front→cam_left]:
[17:29:47.637] [info]   旋转 RPY: (-31.0112, -89.1169, -59.2704) deg
[17:29:47.637] [info]   平移 XYZ: (0.1330, 0.1149, 0.1373) m
[17:29:47.667] [debug] [ManualAdjust] 平移增量 dxyz=(0.0000, -0.0050, 0.0000)m
[17:29:47.667] [info] [ManualAdjust] 当前外参 [lidar_front→cam_left]:
[17:29:47.667] [info]   旋转 RPY: (-31.0112, -89.1169, -59.2704) deg
[17:29:47.667] [info]   平移 XYZ: (0.1330, 0.1099, 0.1373) m
[17:29:47.697] [debug] [ManualAdjust] 平移增量 dxyz=(0.0000, -0.0050, 0.0000)m
[17:29:47.697] [info] [ManualAdjust] 当前外参 [lidar_front→cam_left]:
[17:29:47.697] [info]   旋转 RPY: (-31.0112, -89.1169, -59.2704) deg
[17:29:47.697] [info]   平移 XYZ: (0.1330, 0.1049, 0.1373) m
[17:29:47.728] [debug] [ManualAdjust] 平移增量 dxyz=(0.0000, -0.0050, 0.0000)m
[17:29:47.728] [info] [ManualAdjust] 当前外参 [lidar_front→cam_left]:
[17:29:47.728] [info]   旋转 RPY: (-31.0112, -89.1169, -59.2704) deg
[17:29:47.728] [info]   平移 XYZ: (0.1330, 0.0999, 0.1373) m
[17:29:47.758] [debug] [ManualAdjust] 平移增量 dxyz=(0.0000, -0.0050, 0.0000)m
[17:29:47.758] [info] [ManualAdjust] 当前外参 [lidar_front→cam_left]:
[17:29:47.758] [info]   旋转 RPY: (-31.0112, -89.1169, -59.2704) deg
[17:29:47.758] [info]   平移 XYZ: (0.1330, 0.0949, 0.1373) m
[17:29:47.789] [debug] [ManualAdjust] 平移增量 dxyz=(0.0000, -0.0050, 0.0000)m
[17:29:47.789] [info] [ManualAdjust] 当前外参 [lidar_front→cam_left]:
[17:29:47.789] [info]   旋转 RPY: (-31.0112, -89.1169, -59.2704) deg
[17:29:47.789] [info]   平移 XYZ: (0.1330, 0.0899, 0.1373) m
[17:29:47.818] [debug] [ManualAdjust] 平移增量 dxyz=(0.0000, -0.0050, 0.0000)m
[17:29:47.818] [info] [ManualAdjust] 当前外参 [lidar_front→cam_left]:
[17:29:47.818] [info]   旋转 RPY: (-31.0112, -89.1169, -59.2704) deg
[17:29:47.818] [info]   平移 XYZ: (0.1330, 0.0849, 0.1373) m
[17:29:47.849] [debug] [ManualAdjust] 平移增量 dxyz=(0.0000, -0.0050, 0.0000)m
[17:29:47.849] [info] [ManualAdjust] 当前外参 [lidar_front→cam_left]:
[17:29:47.849] [info]   旋转 RPY: (-31.0112, -89.1169, -59.2704) deg
[17:29:47.849] [info]   平移 XYZ: (0.1330, 0.0799, 0.1373) m
[17:29:47.880] [debug] [ManualAdjust] 平移增量 dxyz=(0.0000, -0.0050, 0.0000)m
[17:29:47.880] [info] [ManualAdjust] 当前外参 [lidar_front→cam_left]:
[17:29:47.880] [info]   旋转 RPY: (-31.0112, -89.1169, -59.2704) deg
[17:29:47.880] [info]   平移 XYZ: (0.1330, 0.0749, 0.1373) m
[17:29:47.911] [debug] [ManualAdjust] 平移增量 dxyz=(0.0000, -0.0050, 0.0000)m
[17:29:47.911] [info] [ManualAdjust] 当前外参 [lidar_front→cam_left]:
[17:29:47.911] [info]   旋转 RPY: (-31.0112, -89.1169, -59.2704) deg
[17:29:47.911] [info]   平移 XYZ: (0.1330, 0.0699, 0.1373) m
[17:29:47.941] [debug] [ManualAdjust] 平移增量 dxyz=(0.0000, -0.0050, 0.0000)m
[17:29:47.941] [info] [ManualAdjust] 当前外参 [lidar_front→cam_left]:
[17:29:47.941] [info]   旋转 RPY: (-31.0112, -89.1169, -59.2704) deg
[17:29:47.941] [info]   平移 XYZ: (0.1330, 0.0649, 0.1373) m
[17:29:47.971] [debug] [ManualAdjust] 平移增量 dxyz=(0.0000, -0.0050, 0.0000)m
[17:29:47.971] [info] [ManualAdjust] 当前外参 [lidar_front→cam_left]:
[17:29:47.971] [info]   旋转 RPY: (-31.0112, -89.1169, -59.2704) deg
[17:29:47.971] [info]   平移 XYZ: (0.1330, 0.0599, 0.1373) m
[17:29:48.001] [debug] [ManualAdjust] 平移增量 dxyz=(0.0000, -0.0050, 0.0000)m
[17:29:48.001] [info] [ManualAdjust] 当前外参 [lidar_front→cam_left]:
[17:29:48.001] [info]   旋转 RPY: (-31.0112, -89.1169, -59.2704) deg
[17:29:48.001] [info]   平移 XYZ: (0.1330, 0.0549, 0.1373) m
[17:29:48.031] [debug] [ManualAdjust] 平移增量 dxyz=(0.0000, -0.0050, 0.0000)m
[17:29:48.031] [info] [ManualAdjust] 当前外参 [lidar_front→cam_left]:
[17:29:48.031] [info]   旋转 RPY: (-31.0112, -89.1169, -59.2704) deg
[17:29:48.031] [info]   平移 XYZ: (0.1330, 0.0499, 0.1373) m
[17:29:48.061] [debug] [ManualAdjust] 平移增量 dxyz=(0.0000, -0.0050, 0.0000)m
[17:29:48.061] [info] [ManualAdjust] 当前外参 [lidar_front→cam_left]:
[17:29:48.061] [info]   旋转 RPY: (-31.0112, -89.1169, -59.2704) deg
[17:29:48.061] [info]   平移 XYZ: (0.1330, 0.0449, 0.1373) m
[17:29:48.091] [debug] [ManualAdjust] 平移增量 dxyz=(0.0000, -0.0050, 0.0000)m
[17:29:48.091] [info] [ManualAdjust] 当前外参 [lidar_front→cam_left]:
[17:29:48.091] [info]   旋转 RPY: (-31.0112, -89.1169, -59.2704) deg
[17:29:48.091] [info]   平移 XYZ: (0.1330, 0.0399, 0.1373) m
[17:29:48.121] [debug] [ManualAdjust] 平移增量 dxyz=(0.0000, -0.0050, 0.0000)m
[17:29:48.121] [info] [ManualAdjust] 当前外参 [lidar_front→cam_left]:
[17:29:48.121] [info]   旋转 RPY: (-31.0112, -89.1169, -59.2704) deg
[17:29:48.121] [info]   平移 XYZ: (0.1330, 0.0349, 0.1373) m
[17:29:48.151] [debug] [ManualAdjust] 平移增量 dxyz=(0.0000, -0.0050, 0.0000)m
[17:29:48.151] [info] [ManualAdjust] 当前外参 [lidar_front→cam_left]:
[17:29:48.151] [info]   旋转 RPY: (-31.0112, -89.1169, -59.2704) deg
[17:29:48.151] [info]   平移 XYZ: (0.1330, 0.0299, 0.1373) m
[17:29:48.182] [debug] [ManualAdjust] 平移增量 dxyz=(0.0000, -0.0050, 0.0000)m
[17:29:48.182] [info] [ManualAdjust] 当前外参 [lidar_front→cam_left]:
[17:29:48.182] [info]   旋转 RPY: (-31.0112, -89.1169, -59.2704) deg
[17:29:48.182] [info]   平移 XYZ: (0.1330, 0.0249, 0.1373) m
[17:29:48.212] [debug] [ManualAdjust] 平移增量 dxyz=(0.0000, -0.0050, 0.0000)m
[17:29:48.213] [info] [ManualAdjust] 当前外参 [lidar_front→cam_left]:
[17:29:48.213] [info]   旋转 RPY: (-31.0112, -89.1169, -59.2704) deg
[17:29:48.213] [info]   平移 XYZ: (0.1330, 0.0199, 0.1373) m
[17:29:48.243] [debug] [ManualAdjust] 平移增量 dxyz=(0.0000, -0.0050, 0.0000)m
[17:29:48.243] [info] [ManualAdjust] 当前外参 [lidar_front→cam_left]:
[17:29:48.243] [info]   旋转 RPY: (-31.0112, -89.1169, -59.2704) deg
[17:29:48.243] [info]   平移 XYZ: (0.1330, 0.0149, 0.1373) m
[17:29:48.273] [debug] [ManualAdjust] 平移增量 dxyz=(0.0000, -0.0050, 0.0000)m
[17:29:48.273] [info] [ManualAdjust] 当前外参 [lidar_front→cam_left]:
[17:29:48.273] [info]   旋转 RPY: (-31.0112, -89.1169, -59.2704) deg
[17:29:48.273] [info]   平移 XYZ: (0.1330, 0.0099, 0.1373) m
[17:29:53.135] [info] [ManualSession] 用户取消，保留自动标定结果
[17:29:53.135] [debug] [ManualSession] 事件: lidar_cam_end | final_rms=0.000000
[17:29:53.136] [info] [ManualSession] 会话已保存: ./results/manual_sessions/session_2026-04-27_17-28-44.yaml
[17:29:53.136] [info] ━━━━━━━━━━━━━━━━━━━━━━━━━━━━━━━━━━━━━━━━━
[17:29:53.136] [info] ■ 结束阶段: [Manual-Refine] 任务: [lidar_cam_extrin]
[17:29:53.136] [info]   结果: ✓ 成功 | 残差RMS: 0.0000 | 耗时: 68300 ms
[17:29:53.136] [info]   消息: LiDAR-Camera 手动调整完成
[17:29:53.136] [info] [CALC] 阶段结束 stage=Manual-Refine task=lidar_cam_extrin success=true residual_rms=0.000000 elapsed_ms=68300.2 threshold=-1.0000
[17:29:53.136] [info] ━━━━━━━━━━━━━━━━━━━━━━━━━━━━━━━━━━━━━━━━━
[17:29:53.136] [info] ====== Pipeline Report: pipeline_20260427_172825 ======
[17:29:53.137] [info]   Total time: 86907.1 ms
[17:29:53.137] [info]   All stages succeeded: YES
[17:29:53.137] [info]   标定质量: 各阶段 RMS 均在阈值内
[17:29:53.137] [info]   [Coarse-AI-lidar_cam_extrin] success=true rms=0.0000 time=0.0ms: 使用配置 initial_extrinsic 作为粗标定结果，精标定将以此起步
[17:29:53.137] [info]   [Fine-Auto-lidar_cam_extrin] success=true rms=0.0000 time=18606.9ms: LiDAR-Camera 精标定完成: 1 个相机, 最大 RMS=0.000000 px
[17:29:53.137] [info]   [Manual-Refine-lidar_cam_extrin] success=true rms=0.0000 time=68300.2ms: LiDAR-Camera 手动调整完成

╔══════════════════════════════════════════════════════╗
║              标定参数汇总                            ║
╠══════════════════════════════════════════════════════╣
║ 外参:
║   lidar_front->cam_left:
║     R(RPY°): [-58.87, -88.54, -31.01]
║     T(m):    [0.12, 0.04, -0.06]
║     时偏(s): 0.00
║     RMS:     0.00 ✗
╚══════════════════════════════════════════════════════╝

[17:29:53.137] [info] ================================
[17:29:53.137] [info] Pipeline report saved: ./results/pipeline_report_20260427_172825.yaml
[17:29:53.138] [info] ====== Pipeline Report: pipeline_20260427_172825 ======
[17:29:53.138] [info]   Total time: 86907.1 ms
[17:29:53.138] [info]   All stages succeeded: YES
[17:29:53.138] [info]   标定质量: 各阶段 RMS 均在阈值内
[17:29:53.138] [info]   [Coarse-AI-lidar_cam_extrin] success=true rms=0.0000 time=0.0ms: 使用配置 initial_extrinsic 作为粗标定结果，精标定将以此起步
[17:29:53.138] [info]   [Fine-Auto-lidar_cam_extrin] success=true rms=0.0000 time=18606.9ms: LiDAR-Camera 精标定完成: 1 个相机, 最大 RMS=0.000000 px
[17:29:53.138] [info]   [Manual-Refine-lidar_cam_extrin] success=true rms=0.0000 time=68300.2ms: LiDAR-Camera 手动调整完成

╔══════════════════════════════════════════════════════╗
║              标定参数汇总                            ║
╠══════════════════════════════════════════════════════╣
║ 外参:
║   lidar_front->cam_left:
║     R(RPY°): [-58.87, -88.54, -31.01]
║     T(m):    [0.12, 0.04, -0.06]
║     时偏(s): 0.00
║     RMS:     0.00 ✗
╚══════════════════════════════════════════════════════╝

[17:29:53.138] [info] ================================
[17:29:53.138] [info] ━━━━━━━━━━━━━━━━━━━━━━━━━━━━━━━━━━━━
[17:29:53.138] [info] LiDAR-Camera 标定流程完成
[17:29:53.138] [info] 结果目录: ./results
[17:29:53.138] [info] 标定流程正常退出 exit_code=0
[17:29:53.138] [info] ━━━━━━━━━━━━━━━━━━━━━━━━━━━━━━━━━━━━
