
 ╔═══════════════════════════════════════════════════════╗
 ║   UniCalib — LiDAR-Camera 外参标定                    ║
 ║   两阶段: AI粗标定(MIAS-LCEC) → 无目标边缘精标定      ║
 ║   手动校准: --manual 触发 6-DOF 交互式调整             ║
 ╚═══════════════════════════════════════════════════════╝

[2026-04-14 15:09:00.053] [info] [LiDAR-Camera] [:] ━━━━━━━━━━━━━━━━━━━━━━━━━━━━━━━━━━━━
[2026-04-14 15:09:00.053] [info] [LiDAR-Camera] [:] 配置文件: /root/calib_ws/calib_unified/config/unicalib_example.yaml
[2026-04-14 15:09:00.053] [info] [LiDAR-Camera] [:] 输出目录: /root/calib_ws/results
[2026-04-14 15:09:00.053] [info] [LiDAR-Camera] [:] 数据根目录: /root/calib_ws/data (--data-dir 或 CALIB_DATA_DIR)
[2026-04-14 15:09:00.053] [info] [LiDAR-Camera] [:] 精标定方法: edge (无目标优先=true)
[2026-04-14 15:09:00.053] [info] [LiDAR-Camera] [:] AI粗标定: true | 手动校准: false
[2026-04-14 15:09:00.053] [info] [LiDAR-Camera] [:] ━━━━━━━━━━━━━━━━━━━━━━━━━━━━━━━━━━━━
[2026-04-14 15:09:00.054] [info] [LiDAR-Camera] [:] 读取系统配置: /root/calib_ws/calib_unified/config/unicalib_example.yaml
[2026-04-14 15:09:00.055] [info] [LiDAR-Camera] [:]   IMU: 1, LiDAR: 1, Camera: 2
[2026-04-14 15:09:00.055] [info] [LiDAR-Camera] [:] ━━━━━━━━━━━━━━━━━━━━━━━━━━━━━━━━━━━━ [数据路径] ━━━━━━━━━━━━━━━━━━━━━━━━━━━━━
[2026-04-14 15:09:00.055] [info] [LiDAR-Camera] [:]   数据路径来源: 统一格式 (data.lidar.<id> / data.camera.<id>.images_dir)
[2026-04-14 15:09:00.055] [info] [LiDAR-Camera] [:]   配置原始值 — lidar:  testdata/lidar_pcd
[2026-04-14 15:09:00.055] [info] [LiDAR-Camera] [:]   配置原始值 — camera: testdata/Image/img0
[2026-04-14 15:09:00.055] [info] [LiDAR-Camera] [:]   base_data_dir:  /root/calib_ws/data
[2026-04-14 15:09:00.055] [info] [LiDAR-Camera] [:]   base 来源: 命令行 --data-dir
[2026-04-14 15:09:00.055] [info] [LiDAR-Camera] [:]   lidar_dir:      /root/calib_ws/data/testdata/lidar_pcd
[2026-04-14 15:09:00.055] [info] [LiDAR-Camera] [:]     → 相对路径，已与 base 拼接
[2026-04-14 15:09:00.055] [info] [LiDAR-Camera] [:]     → 存在: 是
[2026-04-14 15:09:00.055] [info] [LiDAR-Camera] [:]   camera_dir:     /root/calib_ws/data/testdata/Image/img0
[2026-04-14 15:09:00.055] [info] [LiDAR-Camera] [:]     → 相对路径，已与 base 拼接
[2026-04-14 15:09:00.055] [info] [LiDAR-Camera] [:]     → 存在: 是
[2026-04-14 15:09:00.055] [info] [LiDAR-Camera] [:]   【数据就绪】是 — 点云与图像目录均存在，将执行精标定
[2026-04-14 15:09:00.055] [info] [LiDAR-Camera] [:]   说明: 使用 --dataset 时请将 data.lidar/data.camera 设为相对 base 的路径（如 pcd、images），不要使用 /path/to/... 占位符
[2026-04-14 15:09:00.055] [info] [LiDAR-Camera] [:] ━━━━━━━━━━━━━━━━━━━━━━━━━━━━━━━━━━━━━━━━━━━━━━━━━━━━━━━━━━━━━━━━━━━━━━━━━━━━
[2026-04-14 15:09:00.055] [info] [LiDAR-Camera] [:] 读取系统配置: /root/calib_ws/calib_unified/config/unicalib_example.yaml
[2026-04-14 15:09:00.056] [info] [LiDAR-Camera] [:]   IMU: 1, LiDAR: 1, Camera: 2
[2026-04-14 15:09:00.056] [info] [LiDAR-Camera] [:] 读取系统配置: /root/calib_ws/calib_unified/config/unicalib_example.yaml
[2026-04-14 15:09:00.057] [info] [LiDAR-Camera] [:]   IMU: 1, LiDAR: 1, Camera: 2
[2026-04-14 15:09:00.057] [info] [LiDAR-Camera] [:] [数据源] 类型=FILES  lidar_dir=/root/calib_ws/data/testdata/lidar_pcd  camera_dir=/root/calib_ws/data/testdata/Image/img0
[2026-04-14 15:09:00.057] [info] [LiDAR-Camera] [:]   内参将从相机标定结果读取: ./results/camera_intrinsic/camera_intrinsic_cam_left.yaml (camera_id=cam_left)
[2026-04-14 15:09:00.057] [info] [LiDAR-Camera] [:]   内参将从相机标定结果读取: ./results/camera_intrinsic/camera_intrinsic_cam_right.yaml (camera_id=cam_right)
[2026-04-14 15:09:00.057] [info] [LiDAR-Camera] [:] [CalibPipeline] 初始化 ID=pipeline_20260414_150900
[2026-04-14 15:09:00.058] [info] [LiDAR-Camera] [:] [CalibPipeline] 输出目录: ./results
[2026-04-14 15:09:00.058] [info] [LiDAR-Camera] [:] [CalibPipeline] 无目标优先: true
[2026-04-14 15:09:00.058] [info] [LiDAR-Camera] [:] [CalibPipeline] 任务掩码: 0x10
[2026-04-14 15:09:00.058] [info] [LiDAR-Camera] [:] ▶ Stage 1: AI 粗标定 (MIAS-LCEC)
[2026-04-14 15:09:00.058] [info] [LiDAR-Camera] [:]   模型路径: /root/calib_ws/MIAS-LCEC (粗标定使用 pretrained_overlap_transformer.pth.tar)
[2026-04-14 15:09:00.880] [info] [LiDAR-Camera] [:] [AI-Calib] DM-Calib 配置的 Python 无 torch，改用已装 torch 的 Python: python3
[2026-04-14 15:09:00.880] [info] [LiDAR-Camera] [:] [AI-Calib] ===== AI 模型可用性检查 =====
[2026-04-14 15:09:00.880] [info] [LiDAR-Camera] [:] [DM-Calib] 可用性检查 失败 原因=推理脚本不存在 路径=/root/calib_ws/DM-Calib/DMCalib/tools/infer_unicalib.py
[2026-04-14 15:09:00.880] [info] [LiDAR-Camera] [:]   DM-Calib (相机内参):      ✗ 不可用
[2026-04-14 15:09:00.880] [info] [LiDAR-Camera] [:]   MIAS-LCEC (LiDAR-Cam):   ✓ 可用
[2026-04-14 15:09:00.880] [info] [LiDAR-Camera] [:] [TransformerIMU] 不可用: 脚本不存在 script=/root/calib_ws/Transformer-IMU-Calibrator/eval_unicalib.py
[2026-04-14 15:09:00.880] [info] [LiDAR-Camera] [:]   Transformer-IMU (IMU内参): ✗ 不可用
[2026-04-14 15:09:00.880] [info] [LiDAR-Camera] [:]   L2Calib (IMU-LiDAR):     ✗ 不可用
[2026-04-14 15:09:00.880] [info] [LiDAR-Camera] [:] [AI-Calib] ================================
[2026-04-14 15:09:00.880] [info] [LiDAR-Camera] [:]   [Stage 1] MIAS-LCEC 可用: 是 (粗标定支持: 1) 指定 coarse_pcd_file/coarse_image_file 2) 从当前数据源取首帧，同相机内参)
[2026-04-14 15:09:00.880] [info] [LiDAR-Camera] [:]   内参: fx=384.0 fy=384.0 cx=376.0 cy=240.0 尺寸=752x480 (来自 ./results/camera_intrinsic/camera_intrinsic_cam_left.yaml)
[2026-04-14 15:09:00.889] [warning] [LiDAR-Camera] [:]   [Stage 1] 文件目录无可用首帧: PCD 数=6009  图像数=0 (dirs: /root/calib_ws/data/testdata/lidar_pcd / /root/calib_ws/data/testdata/Image/img0)
[2026-04-14 15:09:00.889] [warning] [LiDAR-Camera] [:]   未提供 coarse_pcd_file/coarse_image_file 且未从当前数据源取到首帧，跳过 AI 粗标定
[2026-04-14 15:09:00.889] [info] [LiDAR-Camera] [:]   说明: 粗标定支持 1) 在 config 中设置 coarse_pcd_file / coarse_image_file 2) 使用 ROS2 bag/话题或文件目录时自动取首帧（同相机内参粗标定）
[2026-04-14 15:09:00.889] [info] [LiDAR-Camera] [:]   当前: coarse_pcd_file='(未设置)' coarse_image_file='(未设置)'
[2026-04-14 15:09:00.889] [warning] [LiDAR-Camera] [:] 【粗标定未执行】精标定将使用 identity 初值。原因: (1) MIAS-LCEC 可用=是 (2) 粗标定输入已就绪=否
[2026-04-14 15:09:00.889] [info] [LiDAR-Camera] [:]   [Stage 1] 结果: 跳过 (详见上方原因)
[2026-04-14 15:09:00.889] [info] [LiDAR-Camera] [:] ▶ Stage 2: 精标定 (方法=edge)
[2026-04-14 15:09:00.889] [info] [LiDAR-Camera] [:] 
[2026-04-14 15:09:00.889] [info] [LiDAR-Camera] [:] ╔═══════════════════════════════════════════════╗
[2026-04-14 15:09:00.889] [info] [LiDAR-Camera] [:] ║   UniCalib 两阶段标定流水线 — 开始            ║
[2026-04-14 15:09:00.889] [info] [LiDAR-Camera] [:] ║   Pipeline ID: pipeline_20260414_150900       ║
[2026-04-14 15:09:00.889] [info] [LiDAR-Camera] [:] ╚═══════════════════════════════════════════════╝
[2026-04-14 15:09:00.889] [info] [LiDAR-Camera] [:] [Coarse-AI/LiDAR-Cam] enable_coarse_lidar_cam=true → do_coarse=true
[15:09:00.889] [info] 
[15:09:00.889] [info] ━━━━━━━━━━━━━━━━━━━━━━━━━━━━━━━━━━━━━━━━━
[15:09:00.889] [info] ▶ 开始阶段: [Coarse-AI] 任务: [lidar_cam_extrin]
[15:09:00.889] [info]   描述: AI模型提供初始估计值
[15:09:00.889] [info] ━━━━━━━━━━━━━━━━━━━━━━━━━━━━━━━━━━━━━━━━━
[15:09:00.889] [info] [CALC] 粗标定阶段开始 task=lidar_cam_extrin
[15:09:00.889] [info] [Coarse-AI/LiDAR-Cam] 使用配置粗标定初值作为粗标定结果 t=[0.123,0.040,-0.058]m，精标定将以此起步
[15:09:00.889] [info] ━━━━━━━━━━━━━━━━━━━━━━━━━━━━━━━━━━━━━━━━━
[15:09:00.889] [info] ■ 结束阶段: [Coarse-AI] 任务: [lidar_cam_extrin]
[15:09:00.889] [info]   结果: ✓ 成功 | 残差RMS: 0.0000 | 耗时: 0 ms
[15:09:00.889] [info]   消息: 使用配置 initial_extrinsic 作为粗标定结果，精标定将以此起步
[15:09:00.889] [info] [CALC] 阶段结束 stage=Coarse-AI task=lidar_cam_extrin success=true residual_rms=0.000000 elapsed_ms=0.0 threshold=-1.0000
[15:09:00.889] [info] ━━━━━━━━━━━━━━━━━━━━━━━━━━━━━━━━━━━━━━━━━
[15:09:00.889] [info] 
[15:09:00.889] [info] ━━━━━━━━━━━━━━━━━━━━━━━━━━━━━━━━━━━━━━━━━
[15:09:00.889] [info] ▶ 开始阶段: [Fine-Auto] 任务: [lidar_cam_extrin]
[15:09:00.889] [info]   描述: 无目标优化
[15:09:00.889] [info] ━━━━━━━━━━━━━━━━━━━━━━━━━━━━━━━━━━━━━━━━━
[15:09:00.889] [info] [CALC] 精标定阶段开始 task=lidar_cam_extrin
[15:09:00.889] [info] [Fine-Auto] 任务: lidar_cam_extrin | 无目标优先: true
[15:09:00.889] [info] [Fine-Auto] 方法: 边缘对齐互信息 (EDGE_ALIGNMENT, 无目标)
[15:09:00.889] [info] [STAGE=lidar_cam_fine_auto] LiDAR-Camera 精标定 开始
[15:09:00.889] [info] [Fine-Auto/LiDAR-Cam] 开始执行精标定...
[15:09:00.889] [info]   [精标定数据源] 类型=FILES  lidar_id=lidar_front
[15:09:00.889] [info]   文件目录: lidar=/root/calib_ws/data/testdata/lidar_pcd  camera=/root/calib_ws/data/testdata/Image/img0
[15:09:00.889] [info] [Fine-Auto/LiDAR-Cam] 步骤: 从文件加载点云
Failed to find match for field 'intensity'.
Failed to find match for field 'intensity'.
Failed to find match for field 'intensity'.
Failed to find match for field 'intensity'.
Failed to find match for field 'intensity'.
Failed to find match for field 'intensity'.
Failed to find match for field 'intensity'.
Failed to find match for field 'intensity'.
Failed to find match for field 'intensity'.
Failed to find match for field 'intensity'.
Failed to find match for field 'intensity'.
Failed to find match for field 'intensity'.
Failed to find match for field 'intensity'.
Failed to find match for field 'intensity'.
Failed to find match for field 'intensity'.
Failed to find match for field 'intensity'.
Failed to find match for field 'intensity'.
Failed to find match for field 'intensity'.
Failed to find match for field 'intensity'.
Failed to find match for field 'intensity'.
Failed to find match for field 'intensity'.
Failed to find match for field 'intensity'.
Failed to find match for field 'intensity'.
Failed to find match for field 'intensity'.
Failed to find match for field 'intensity'.
Failed to find match for field 'intensity'.
Failed to find match for field 'intensity'.
Failed to find match for field 'intensity'.
Failed to find match for field 'intensity'.
Failed to find match for field 'intensity'.
Failed to find match for field 'intensity'.
Failed to find match for field 'intensity'.
Failed to find match for field 'intensity'.
Failed to find match for field 'intensity'.
Failed to find match for field 'intensity'.
Failed to find match for field 'intensity'.
Failed to find match for field 'intensity'.
Failed to find match for field 'intensity'.
Failed to find match for field 'intensity'.
Failed to find match for field 'intensity'.
Failed to find match for field 'intensity'.
Failed to find match for field 'intensity'.
Failed to find match for field 'intensity'.
Failed to find match for field 'intensity'.
Failed to find match for field 'intensity'.
Failed to find match for field 'intensity'.
Failed to find match for field 'intensity'.
Failed to find match for field 'intensity'.
Failed to find match for field 'intensity'.
Failed to find match for field 'intensity'.
Failed to find match for field 'intensity'.
Failed to find match for field 'intensity'.
Failed to find match for field 'intensity'.
Failed to find match for field 'intensity'.
Failed to find match for field 'intensity'.
Failed to find match for field 'intensity'.
Failed to find match for field 'intensity'.
Failed to find match for field 'intensity'.
Failed to find match for field 'intensity'.
Failed to find match for field 'intensity'.
Failed to find match for field 'intensity'.
Failed to find match for field 'intensity'.
Failed to find match for field 'intensity'.
Failed to find match for field 'intensity'.
Failed to find match for field 'intensity'.
Failed to find match for field 'intensity'.
Failed to find match for field 'intensity'.
Failed to find match for field 'intensity'.
Failed to find match for field 'intensity'.
Failed to find match for field 'intensity'.
Failed to find match for field 'intensity'.
Failed to find match for field 'intensity'.
Failed to find match for field 'intensity'.
Failed to find match for field 'intensity'.
Failed to find match for field 'intensity'.
Failed to find match for field 'intensity'.
Failed to find match for field 'intensity'.
Failed to find match for field 'intensity'.
Failed to find match for field 'intensity'.
Failed to find match for field 'intensity'.
Failed to find match for field 'intensity'.
Failed to find match for field 'intensity'.
Failed to find match for field 'intensity'.
Failed to find match for field 'intensity'.
Failed to find match for field 'intensity'.
Failed to find match for field 'intensity'.
Failed to find match for field 'intensity'.
Failed to find match for field 'intensity'.
Failed to find match for field 'intensity'.
Failed to find match for field 'intensity'.
Failed to find match for field 'intensity'.
Failed to find match for field 'intensity'.
Failed to find match for field 'intensity'.
Failed to find match for field 'intensity'.
Failed to find match for field 'intensity'.
Failed to find match for field 'intensity'.
Failed to find match for field 'intensity'.
Failed to find match for field 'intensity'.
Failed to find match for field 'intensity'.
Failed to find match for field 'intensity'.
[15:09:03.066] [info] [Fine-Auto/LiDAR-Cam] 点云加载完成 — 100 帧
[15:09:03.067] [warning] [Fine-Auto/LiDAR-Cam] 相机 cam_left 无图像: /root/calib_ws/data/testdata/Image/img0
[15:09:03.363] [info] 读取相机内参: ./results/camera_intrinsic/camera_intrinsic_cam_right.yaml
[15:09:03.364] [info]   fx=384.00 fy=384.00 cx=376.00 cy=240.00 dist=4
[15:09:03.364] [info] [Fine-Auto/LiDAR-Cam] 步骤: LiDAR-Camera 标定 相机=cam_right (方法: 边缘对齐)
[15:09:03.366] [info] [CalibVisualizer] 初始化完成
[15:09:03.366] [info] [Fine-Auto/LiDAR-Cam] 可视化已启用：仅标定结束后显示一帧「图像+点云投影」叠加，不创建 3D 窗口、不泵送其他帧
[15:09:03.366] [info] [Fine-Auto/LiDAR-Cam] 使用粗标定初值 t=[0.123,0.040,-0.058]m
[15:09:03.366] [info] [Fine-Auto/LiDAR-Cam] 执行标定 相机=cam_right: 点云 100 帧  图像 100 帧
[15:09:03.367] [info] ╔══════════════════════════════════════════════════════════════════╗
[15:09:03.367] [info] ║         LiDAR-Camera 两阶段标定 - 详细日志                  ║
[15:09:03.367] [info] ╚══════════════════════════════════════════════════════════════════╝
[15:09:03.367] [info] ┌────────────────────────────────────────────────────────────────┐
[15:09:03.367] [info] │ 输入参数:
[15:09:03.367] [info] │   - LiDAR ID: lidar_front  图像 ID: cam_right
[15:09:03.367] [info] │   - 点云帧数: 100  图像帧数: 100
[15:09:03.367] [info] │   - 图像尺寸: 752x480
[15:09:03.367] [info] │   - 相机内参: fx=384.00 fy=384.00 cx=376.00 cy=240.00
[15:09:03.367] [info] │   - 优先无目标方法: 是(边缘对齐)
[15:09:03.367] [info] │   - 粗标定初值: 已提供
[15:09:03.367] [info] │   - 初始平移: [0.1230, 0.0399, -0.0577] m
[15:09:03.367] [info] └────────────────────────────────────────────────────────────────┘
[15:09:03.367] [info] 
[15:09:03.367] [info] ┌────────────────────────────────────────────────────────────────┐
[15:09:03.367] [info] │ [Stage 1] 粗标定阶段
[15:09:03.367] [info] └────────────────────────────────────────────────────────────────┘
[15:09:03.367] [info] │ [Coarse] 使用提供的初始值:
[15:09:03.367] [info] │   - 平移向量: [0.1230, 0.0399, -0.0577] m
[15:09:03.367] [info] │   - 旋转角度: [90.75, -179.88, 91.25] deg (RPY)
[15:09:03.367] [info] │   - 变换范数: 0.1416
[15:09:03.367] [info] └────────────────────────────────────────────────────────────────┘
[15:09:03.367] [info] 
[15:09:03.367] [info] ┌────────────────────────────────────────────────────────────────┐
[15:09:03.367] [info] │ [Stage 2] 精标定阶段
[15:09:03.367] [info] └────────────────────────────────────────────────────────────────┘
[15:09:03.367] [info] │ [Fine] 执行边缘对齐优化...
[15:09:03.367] [info] │ 配置: NCC阈值=0.050 帧同步阈值=0.500s 时间偏移搜索范围=±0.500s
[15:09:03.367] [info] ┌────────────────────────────────────────────────────────────────┐
[15:09:03.367] [info] │ [精标定] 边缘对齐法 (Edge Alignment)                        │
[15:09:03.367] [info] ├────────────────────────────────────────────────────────────────┤
[15:09:03.367] [info] │ 初始值: 粗标定提供 (identity=false)
[15:09:03.367] [info] │   平移: [0.1230, 0.0399, -0.0577] m
[15:09:03.367] [info] │   旋转: [90.75, -179.88, 91.25] deg
[15:09:03.367] [info] │ 数据: 点云帧=100 图像帧=100 采样=30 尺寸=752x480
[15:09:03.367] [info] │ 时间: 图像[1603764571900000000.000-1603764576849999872.000]s LiDAR[1603764571917030144.000-1603765171025190144.000]s
[15:09:03.367] [info] │ 配置: 同步阈值=0.500s 边缘Canny(50, 150) NCC阈值=0.050
[15:09:03.367] [info] │ 特征权重: edge=0.50 corner=0.30 intensity=0.20
[15:09:03.367] [info] └────────────────────────────────────────────────────────────────┘
[15:09:03.367] [info] │ [时间偏移搜索] 最佳偏移=+0.0000s 最佳NCC=-1000000000.0000
[15:09:03.367] [info]   初值 NCC=N/A(无有效帧)  有效帧数=0  (候选帧数=0，未评估任何帧；请检查 LiDAR/相机时间戳与数据)
[15:09:03.367] [warning]   [精标定] 有效帧不足  有效帧数=0  候选帧数=0  NCC阈值=0.050  最大NCC=-1000000000.0000  → 跳过 Ceres，返回初值
[15:09:03.367] [warning]   诊断: 投影与图像边缘重叠不足(NCC 均<=阈值)。建议: 1) 查看 [MIAS-LCEC]/[PnP] 粗标定是否给出非 identity 2) 确认 LiDAR/相机 FOV 与时间同步 3) 检查内参 width/height 与图像一致
[15:09:03.367] [info] │
[15:09:03.367] [info] │ ★ 标定结果:
[15:09:03.367] [info] │   - 平移: [0.1230, 0.0399, -0.0577] m
[15:09:03.367] [info] │   - RMS: 1.0000 px
[15:09:03.367] [info] │   - 收敛: 否
[15:09:03.367] [info] └────────────────────────────────────────────────────────────────┘
[15:09:03.368] [info] [Fine-Auto] 结果已保存: ./results/lidar_camera_extrinsic/lidar_cam_cam_right_extrinsic.yaml
[15:09:03.368] [info] [Viz] 即将生成投影图并保存到 ./results/lidar_camera_extrinsic/lidar_cam_cam_right_projection.png
[15:09:03.387] [info] 投影可视化保存: ./results/lidar_camera_extrinsic/lidar_cam_cam_right_projection.png
[15:09:03.387] [info] [Viz] 投影图已保存（当前未将结果点云回显到 3D 窗口，仅保存 PNG）
[15:09:03.387] [info] [Fine-Auto/LiDAR-Cam] 相机 cam_right 完成, RMS=1.0000 px  收敛=否
[15:09:03.387] [warning] [Fine-Auto/LiDAR-Cam] 精标定未收敛 (NCC 未达 0.3 或 RMS 偏高)，建议: 1) 确保粗标定提供非 identity 初值 2) 检查 LiDAR/相机 FOV 与时间同步 3) 查看上方 [精标定] 质量结论与 NCC 统计
[15:09:03.387] [info] [Viz/Display] 即将关闭可视化窗口 原因=用户关闭或流程结束 pangolin_running=false
[15:09:03.392] [info] [Fine-Auto/LiDAR-Cam] 精标定完成: 1 个相机  最大 RMS=1.0000 px
[15:09:03.392] [info] [STAGE=lidar_cam_fine_auto] LiDAR-Camera 精标定 完成
[15:09:03.392] [info] [Fine-Auto/LiDAR-Cam] RMS 阈值=2.00 px  最大 RMS=1.0000 px  在阈值内
[15:09:03.394] [info] ━━━━━━━━━━━━━━━━━━━━━━━━━━━━━━━━━━━━━━━━━
[15:09:03.394] [info] ■ 结束阶段: [Fine-Auto] 任务: [lidar_cam_extrin]
[15:09:03.394] [info]   结果: ✓ 成功 | 残差RMS: 1.0000 | 耗时: 2504 ms
[15:09:03.394] [info]   消息: LiDAR-Camera 精标定完成: 1 个相机, 最大 RMS=1.000000 px
[15:09:03.394] [info] [CALC] 阶段结束 stage=Fine-Auto task=lidar_cam_extrin success=true residual_rms=1.000000 elapsed_ms=2502.1 threshold=2.0000
[15:09:03.394] [info] ━━━━━━━━━━━━━━━━━━━━━━━━━━━━━━━━━━━━━━━━━
[15:09:03.394] [info] ====== Pipeline Report: pipeline_20260414_150900 ======
[15:09:03.394] [info]   Total time: 2502.1 ms
[15:09:03.394] [info]   All stages succeeded: YES
[15:09:03.394] [info]   标定质量: 各阶段 RMS 均在阈值内
[15:09:03.394] [info]   [Coarse-AI-lidar_cam_extrin] success=true rms=0.0000 time=0.0ms: 使用配置 initial_extrinsic 作为粗标定结果，精标定将以此起步
[15:09:03.394] [info]   [Fine-Auto-lidar_cam_extrin] success=true rms=1.0000 time=2502.1ms: LiDAR-Camera 精标定完成: 1 个相机, 最大 RMS=1.000000 px

╔══════════════════════════════════════════════════════╗
║              标定参数汇总                            ║
╠══════════════════════════════════════════════════════╣
║ 外参:
║   lidar_front->cam_right:
║     R(RPY°): [-58.87, -88.54, -31.01]
║     T(m):    [0.12, 0.04, -0.06]
║     时偏(s): 0.00
║     RMS:     1.00 ✗
╚══════════════════════════════════════════════════════╝

[15:09:03.394] [info] ================================
[15:09:03.395] [info] Pipeline report saved: ./results/pipeline_report_20260414_150900.yaml
[15:09:03.395] [info] ====== Pipeline Report: pipeline_20260414_150900 ======
[15:09:03.395] [info]   Total time: 2502.1 ms
[15:09:03.395] [info]   All stages succeeded: YES
[15:09:03.395] [info]   标定质量: 各阶段 RMS 均在阈值内
[15:09:03.395] [info]   [Coarse-AI-lidar_cam_extrin] success=true rms=0.0000 time=0.0ms: 使用配置 initial_extrinsic 作为粗标定结果，精标定将以此起步
[15:09:03.395] [info]   [Fine-Auto-lidar_cam_extrin] success=true rms=1.0000 time=2502.1ms: LiDAR-Camera 精标定完成: 1 个相机, 最大 RMS=1.000000 px

╔══════════════════════════════════════════════════════╗
║              标定参数汇总                            ║
╠══════════════════════════════════════════════════════╣
║ 外参:
║   lidar_front->cam_right:
║     R(RPY°): [-58.87, -88.54, -31.01]
║     T(m):    [0.12, 0.04, -0.06]
║     时偏(s): 0.00
║     RMS:     1.00 ✗
╚══════════════════════════════════════════════════════╝

[15:09:03.395] [info] ================================
[15:09:03.395] [info] ━━━━━━━━━━━━━━━━━━━━━━━━━━━━━━━━━━━━
[15:09:03.395] [info] LiDAR-Camera 标定流程完成
[15:09:03.395] [info] 结果目录: ./results
[15:09:03.395] [info] 标定流程正常退出 exit_code=0
[15:09:03.395] [info] ━━━━━━━━━━━━━━━━━━━━━━━━━━━━━━━━━━━━
