
 ╔═══════════════════════════════════════════════════════╗
 ║   UniCalib — LiDAR-Camera 外参标定                    ║
 ║   两阶段: AI粗标定(MIAS-LCEC) → 无目标边缘精标定      ║
 ║   手动校准: --manual 触发 6-DOF 交互式调整             ║
 ╚═══════════════════════════════════════════════════════╝

[2026-04-07 19:49:59.339] [info] [LiDAR-Camera] [:] ━━━━━━━━━━━━━━━━━━━━━━━━━━━━━━━━━━━━
[2026-04-07 19:49:59.339] [info] [LiDAR-Camera] [:] 配置文件: /root/calib_ws/calib_unified/config/unicalib_example.yaml
[2026-04-07 19:49:59.339] [info] [LiDAR-Camera] [:] 输出目录: /root/calib_ws/results
[2026-04-07 19:49:59.339] [info] [LiDAR-Camera] [:] 数据根目录: /root/calib_ws/data (--data-dir 或 CALIB_DATA_DIR)
[2026-04-07 19:49:59.339] [info] [LiDAR-Camera] [:] 精标定方法: edge (无目标优先=true)
[2026-04-07 19:49:59.339] [info] [LiDAR-Camera] [:] AI粗标定: true | 手动校准: true
[2026-04-07 19:49:59.339] [info] [LiDAR-Camera] [:] ━━━━━━━━━━━━━━━━━━━━━━━━━━━━━━━━━━━━
[2026-04-07 19:49:59.342] [info] [LiDAR-Camera] [:] 读取系统配置: /root/calib_ws/calib_unified/config/unicalib_example.yaml
[2026-04-07 19:49:59.344] [info] [LiDAR-Camera] [:]   IMU: 1, LiDAR: 2, Camera: 2
[2026-04-07 19:49:59.344] [info] [LiDAR-Camera] [:] ━━━━━━━━━━━━━━━━━━━━━━━━━━━━━━━━━━━━ [数据路径] ━━━━━━━━━━━━━━━━━━━━━━━━━━━━━
[2026-04-07 19:49:59.344] [info] [LiDAR-Camera] [:]   数据路径来源: 统一格式 (data.lidar.<id> / data.camera.<id>.images_dir)
[2026-04-07 19:49:59.344] [info] [LiDAR-Camera] [:]   配置原始值 — lidar:  nya_02_slam_imu_to_lidar/lidar_horz.yaml
[2026-04-07 19:49:59.344] [info] [LiDAR-Camera] [:]   配置原始值 — camera: lidar_camera_calibration-master/calibration_data/camera_calibration
[2026-04-07 19:49:59.344] [info] [LiDAR-Camera] [:]   base_data_dir:  /root/calib_ws/data
[2026-04-07 19:49:59.344] [info] [LiDAR-Camera] [:]   base 来源: 命令行 --data-dir
[2026-04-07 19:49:59.344] [info] [LiDAR-Camera] [:]   lidar_dir:      /root/calib_ws/data/nya_02_slam_imu_to_lidar/lidar_horz.yaml
[2026-04-07 19:49:59.344] [info] [LiDAR-Camera] [:]     → 相对路径，已与 base 拼接
[2026-04-07 19:49:59.344] [info] [LiDAR-Camera] [:]     → 存在: 是
[2026-04-07 19:49:59.344] [info] [LiDAR-Camera] [:]   camera_dir:     /root/calib_ws/data/lidar_camera_calibration-master/calibration_data/camera_calibration
[2026-04-07 19:49:59.344] [info] [LiDAR-Camera] [:]     → 相对路径，已与 base 拼接
[2026-04-07 19:49:59.344] [info] [LiDAR-Camera] [:]     → 存在: 是
[2026-04-07 19:49:59.344] [info] [LiDAR-Camera] [:]   【数据就绪】是 — 点云与图像目录均存在，将执行精标定
[2026-04-07 19:49:59.344] [info] [LiDAR-Camera] [:]   说明: 使用 --dataset 时请将 data.lidar/data.camera 设为相对 base 的路径（如 pcd、images），不要使用 /path/to/... 占位符
[2026-04-07 19:49:59.344] [info] [LiDAR-Camera] [:] ━━━━━━━━━━━━━━━━━━━━━━━━━━━━━━━━━━━━━━━━━━━━━━━━━━━━━━━━━━━━━━━━━━━━━━━━━━━━
[2026-04-07 19:49:59.344] [info] [LiDAR-Camera] [:] [LiDAR-Cam] use_config_extrinsic_only=true：跳过 AI 粗标定，将使用配置 initial_extrinsic 直接进入精标定/手动微调
[2026-04-07 19:49:59.344] [info] [LiDAR-Camera] [:] 读取系统配置: /root/calib_ws/calib_unified/config/unicalib_example.yaml
[2026-04-07 19:49:59.346] [info] [LiDAR-Camera] [:]   IMU: 1, LiDAR: 2, Camera: 2
[2026-04-07 19:49:59.346] [info] [LiDAR-Camera] [:] 读取系统配置: /root/calib_ws/calib_unified/config/unicalib_example.yaml
[2026-04-07 19:49:59.348] [info] [LiDAR-Camera] [:]   IMU: 1, LiDAR: 2, Camera: 2
[2026-04-07 19:49:59.348] [info] [LiDAR-Camera] [:] 配置: 使用 ROS2 bag 模式（离线标定）
[2026-04-07 19:49:59.348] [info] [LiDAR-Camera] [:]   Bag 路径: /root/calib_ws/data/nya_02_slam_imu_to_lidar/nya_02_ros2
[2026-04-07 19:49:59.348] [info] [LiDAR-Camera] [:]   LiDAR 话题: /os1_cloud_node1/points
[2026-04-07 19:49:59.348] [info] [LiDAR-Camera] [:]   相机话题: /left/image_raw
[2026-04-07 19:49:59.348] [info] [LiDAR-Camera] [:]   IMU 话题: /imu/imu
[2026-04-07 19:49:59.348] [info] [LiDAR-Camera] [:] [数据源] 类型=ROS2_BAG  path=/root/calib_ws/data/nya_02_slam_imu_to_lidar/nya_02_ros2  lidar_topic=/os1_cloud_node1/points  camera_topic=/left/image_raw
[2026-04-07 19:49:59.348] [info] [LiDAR-Camera] [:] [CalibPipeline] 初始化 ID=pipeline_20260407_194959
[2026-04-07 19:49:59.348] [info] [LiDAR-Camera] [:] [CalibPipeline] 输出目录: ./results
[2026-04-07 19:49:59.348] [info] [LiDAR-Camera] [:] [CalibPipeline] 无目标优先: true
[2026-04-07 19:49:59.348] [info] [LiDAR-Camera] [:] [CalibPipeline] 任务掩码: 0x10
[2026-04-07 19:49:59.348] [info] [LiDAR-Camera] [:] ▶ Stage 2: 精标定 (方法=edge)
[2026-04-07 19:49:59.348] [info] [LiDAR-Camera] [:] ▶ Stage 3: 手动校准 (manual_threshold=2.00px)
[2026-04-07 19:49:59.348] [info] [LiDAR-Camera] [:]   使用 ManualCalibSession 进行 6-DOF 交互式调整
[2026-04-07 19:49:59.348] [info] [LiDAR-Camera] [:]   调用示例:
[2026-04-07 19:49:59.348] [info] [LiDAR-Camera] [:]     ManualCalibSession::SessionConfig sess_cfg;
[2026-04-07 19:49:59.348] [info] [LiDAR-Camera] [:]     sess_cfg.save_dir = "./results/manual_sessions";
[2026-04-07 19:49:59.348] [info] [LiDAR-Camera] [:]     ManualCalibSession session(sess_cfg);
[2026-04-07 19:49:59.348] [info] [LiDAR-Camera] [:]     auto result = session.run_lidar_cam(scan, image, intrin, auto_result, auto_rms);
[2026-04-07 19:49:59.348] [info] [LiDAR-Camera] [:] 
[2026-04-07 19:49:59.348] [info] [LiDAR-Camera] [:] ╔═══════════════════════════════════════════════╗
[2026-04-07 19:49:59.348] [info] [LiDAR-Camera] [:] ║   UniCalib 两阶段标定流水线 — 开始            ║
[2026-04-07 19:49:59.348] [info] [LiDAR-Camera] [:] ║   Pipeline ID: pipeline_20260407_194959       ║
[2026-04-07 19:49:59.348] [info] [LiDAR-Camera] [:] ╚═══════════════════════════════════════════════╝
[2026-04-07 19:49:59.348] [info] [LiDAR-Camera] [:] [Coarse-AI/LiDAR-Cam] enable_coarse_lidar_cam=true → do_coarse=true
[19:49:59.348] [info] 
[19:49:59.348] [info] ━━━━━━━━━━━━━━━━━━━━━━━━━━━━━━━━━━━━━━━━━
[19:49:59.348] [info] ▶ 开始阶段: [Coarse-AI] 任务: [lidar_cam_extrin]
[19:49:59.348] [info]   描述: AI模型提供初始估计值
[19:49:59.348] [info] ━━━━━━━━━━━━━━━━━━━━━━━━━━━━━━━━━━━━━━━━━
[19:49:59.348] [info] [CALC] 粗标定阶段开始 task=lidar_cam_extrin
[19:49:59.348] [info] [Coarse-AI/LiDAR-Cam] 使用配置粗标定初值作为粗标定结果 t=[0.123,0.040,-0.058]m，精标定将以此起步
[19:49:59.348] [info] ━━━━━━━━━━━━━━━━━━━━━━━━━━━━━━━━━━━━━━━━━
[19:49:59.348] [info] ■ 结束阶段: [Coarse-AI] 任务: [lidar_cam_extrin]
[19:49:59.348] [info]   结果: ✓ 成功 | 残差RMS: 0.0000 | 耗时: 0 ms
[19:49:59.348] [info]   消息: 使用配置 initial_extrinsic 作为粗标定结果，精标定将以此起步
[19:49:59.348] [info] [CALC] 阶段结束 stage=Coarse-AI task=lidar_cam_extrin success=true residual_rms=0.000000 elapsed_ms=0.0 threshold=-1.0000
[19:49:59.348] [info] ━━━━━━━━━━━━━━━━━━━━━━━━━━━━━━━━━━━━━━━━━
[19:49:59.348] [info] 
[19:49:59.348] [info] ━━━━━━━━━━━━━━━━━━━━━━━━━━━━━━━━━━━━━━━━━
[19:49:59.348] [info] ▶ 开始阶段: [Fine-Auto] 任务: [lidar_cam_extrin]
[19:49:59.348] [info]   描述: 无目标优化
[19:49:59.348] [info] ━━━━━━━━━━━━━━━━━━━━━━━━━━━━━━━━━━━━━━━━━
[19:49:59.348] [info] [CALC] 精标定阶段开始 task=lidar_cam_extrin
[19:49:59.348] [info] [Fine-Auto] 任务: lidar_cam_extrin | 无目标优先: true
[19:49:59.348] [info] [Fine-Auto] 方法: 边缘对齐互信息 (EDGE_ALIGNMENT, 无目标)
[19:49:59.348] [info] [STAGE=lidar_cam_fine_auto] LiDAR-Camera 精标定 开始
[19:49:59.348] [info] [Fine-Auto/LiDAR-Cam] 开始执行精标定...
[19:49:59.348] [info]   [精标定数据源] 类型=ROS2_BAG  lidar_id=lidar_front
[19:49:59.348] [info]   ROS2 Bag: /root/calib_ws/data/nya_02_slam_imu_to_lidar/nya_02_ros2  LiDAR 话题: /os1_cloud_node1/points  相机话题: /left/image_raw
[19:49:59.348] [info] [Fine-Auto/LiDAR-Cam] 从 ROS2 加载数据...
[19:49:59.348] [info] [UnifiedDataLoader] 从 ROS2 加载数据...
[19:49:59.348] [info]   Bag 文件: /root/calib_ws/data/nya_02_slam_imu_to_lidar/nya_02_ros2
[19:49:59.348] [info]   实时模式: false
[19:49:59.348] [info] [Ros2BagDataSource] 打开 bag 文件: /root/calib_ws/data/nya_02_slam_imu_to_lidar/nya_02_ros2
[19:49:59.348] [info] [Ros2BagDataSource] 正在读取 metadata.yaml: /root/calib_ws/data/nya_02_slam_imu_to_lidar/nya_02_ros2/metadata.yaml
[19:49:59.349] [debug] [Ros2BagDataSource] 找到话题: /dji_sdk/imu (类型: sensor_msgs/msg/Imu, 消息数: 171462)
[19:49:59.349] [debug] [Ros2BagDataSource] 找到话题: /dji_sdk/attitude (类型: geometry_msgs/msg/QuaternionStamped, 消息数: 42866)
[19:49:59.349] [debug] [Ros2BagDataSource] 找到话题: /os1_cloud_node2/imu (类型: sensor_msgs/msg/Imu, 消息数: 42862)
[19:49:59.349] [debug] [Ros2BagDataSource] 找到话题: /os1_cloud_node1/imu (类型: sensor_msgs/msg/Imu, 消息数: 42862)
[19:49:59.349] [debug] [Ros2BagDataSource] 找到话题: /imu/imu (类型: sensor_msgs/msg/Imu, 消息数: 166428)
[19:49:59.349] [debug] [Ros2BagDataSource] 找到话题: /imu/magnetic_field (类型: sensor_msgs/msg/MagneticField, 消息数: 166428)
[19:49:59.349] [debug] [Ros2BagDataSource] 找到话题: /imu/temperature (类型: sensor_msgs/msg/Temperature, 消息数: 166428)
[19:49:59.349] [debug] [Ros2BagDataSource] 找到话题: /dji_sdk/gps_position (类型: sensor_msgs/msg/NavSatFix, 消息数: 21433)
[19:49:59.349] [debug] [Ros2BagDataSource] 找到话题: /dji_sdk/height_above_takeoff (类型: std_msgs/msg/Float32, 消息数: 21433)
[19:49:59.349] [debug] [Ros2BagDataSource] 找到话题: /dji_sdk/gps_health (类型: std_msgs/msg/UInt8, 消息数: 21433)
[19:49:59.349] [debug] [Ros2BagDataSource] 找到话题: /uwb_endorange_info (类型: uwb_driver/msg/UwbRange, 消息数: 25172)
[19:49:59.349] [debug] [Ros2BagDataSource] 找到话题: /left/image_raw (类型: sensor_msgs/msg/Image, 消息数: 4285)
[19:49:59.349] [debug] [Ros2BagDataSource] 找到话题: /right/image_raw (类型: sensor_msgs/msg/Image, 消息数: 4285)
[19:49:59.349] [debug] [Ros2BagDataSource] 找到话题: /os1_cloud_node1/points (类型: sensor_msgs/msg/PointCloud2, 消息数: 4287)
[19:49:59.349] [debug] [Ros2BagDataSource] 找到话题: /os1_cloud_node2/points (类型: sensor_msgs/msg/PointCloud2, 消息数: 4286)
[19:49:59.349] [debug] [Ros2BagDataSource] 找到话题: /uwb_exorange_info (类型: uwb_driver/msg/UwbEcho, 消息数: 2437)
[19:49:59.349] [debug] [Ros2BagDataSource] 找到话题: /node_pos_marker_sc (类型: visualization_msgs/msg/Marker, 消息数: 2437)
[19:49:59.349] [debug] [Ros2BagDataSource] 找到话题: /node_pos_sc (类型: nav_msgs/msg/Path, 消息数: 2437)
[19:49:59.349] [debug] [Ros2BagDataSource] 找到话题: /leica/pose/relative (类型: geometry_msgs/msg/PoseStamped, 消息数: 7679)
[19:49:59.349] [info] [Ros2BagDataSource] 使用配置的 LiDAR 话题: /os1_cloud_node1/points
[19:49:59.349] [info] [Ros2BagDataSource] 使用配置的相机话题: /left/image_raw
[19:49:59.349] [info] [Ros2BagDataSource] 使用配置的 IMU 话题: /imu/imu
[INFO] [1775562599.354104654] [rosbag2_storage]: Opened database '/root/calib_ws/data/nya_02_slam_imu_to_lidar/nya_02_ros2/nya_02_ros2.db3' for READ_ONLY.
[19:49:59.354] [info] [Ros2BagDataSource] Bag 已打开，开始读取消息...
[19:49:59.354] [info] [Ros2BagDataSource] 找到 19 个话题
[19:49:59.354] [info] [Ros2BagDataSource]  话题: /dji_sdk/imu  类型: sensor_msgs/msg/Imu  消息数: 171462
[19:49:59.354] [info] [Ros2BagDataSource]  话题: /dji_sdk/attitude  类型: geometry_msgs/msg/QuaternionStamped  消息数: 42866
[19:49:59.354] [info] [Ros2BagDataSource]  话题: /os1_cloud_node2/imu  类型: sensor_msgs/msg/Imu  消息数: 42862
[19:49:59.354] [info] [Ros2BagDataSource]  话题: /os1_cloud_node1/imu  类型: sensor_msgs/msg/Imu  消息数: 42862
[19:49:59.354] [info] [Ros2BagDataSource]  话题: /imu/imu  类型: sensor_msgs/msg/Imu  消息数: 166428
[19:49:59.354] [info] [Ros2BagDataSource]  话题: /imu/magnetic_field  类型: sensor_msgs/msg/MagneticField  消息数: 166428
[19:49:59.354] [info] [Ros2BagDataSource]  话题: /imu/temperature  类型: sensor_msgs/msg/Temperature  消息数: 166428
[19:49:59.354] [info] [Ros2BagDataSource]  话题: /dji_sdk/gps_position  类型: sensor_msgs/msg/NavSatFix  消息数: 21433
[19:49:59.354] [info] [Ros2BagDataSource]  话题: /dji_sdk/height_above_takeoff  类型: std_msgs/msg/Float32  消息数: 21433
[19:49:59.354] [info] [Ros2BagDataSource]  话题: /dji_sdk/gps_health  类型: std_msgs/msg/UInt8  消息数: 21433
[19:49:59.354] [info] [Ros2BagDataSource]  话题: /uwb_endorange_info  类型: uwb_driver/msg/UwbRange  消息数: 25172
[19:49:59.354] [info] [Ros2BagDataSource]  话题: /left/image_raw  类型: sensor_msgs/msg/Image  消息数: 4285
[19:49:59.354] [info] [Ros2BagDataSource]  话题: /right/image_raw  类型: sensor_msgs/msg/Image  消息数: 4285
[19:49:59.354] [info] [Ros2BagDataSource]  话题: /os1_cloud_node1/points  类型: sensor_msgs/msg/PointCloud2  消息数: 4287
[19:49:59.354] [info] [Ros2BagDataSource]  话题: /os1_cloud_node2/points  类型: sensor_msgs/msg/PointCloud2  消息数: 4286
[19:49:59.354] [info] [Ros2BagDataSource]  话题: /uwb_exorange_info  类型: uwb_driver/msg/UwbEcho  消息数: 2437
[19:49:59.354] [info] [Ros2BagDataSource]  话题: /node_pos_marker_sc  类型: visualization_msgs/msg/Marker  消息数: 2437
[19:49:59.354] [info] [Ros2BagDataSource]  话题: /node_pos_sc  类型: nav_msgs/msg/Path  消息数: 2437
[19:49:59.354] [info] [Ros2BagDataSource]  话题: /leica/pose/relative  类型: geometry_msgs/msg/PoseStamped  消息数: 7679
[19:49:59.354] [info] [Ros2BagDataSource] 将加载 bag 内所有 IMU / LiDAR / 相机话题，加载后可通过 sensor_id 或话题名选择使用
[19:49:59.871] [debug]   收集 IMU [/dji_sdk/imu] 帧数: 5000
[19:49:59.907] [debug]   收集 IMU [/imu/imu] 帧数: 5000
[19:50:00.398] [debug]   收集 IMU [/dji_sdk/imu] 帧数: 10000
[19:50:00.452] [debug]   收集 IMU [/imu/imu] 帧数: 10000
[19:50:00.878] [debug]   收集 IMU [/dji_sdk/imu] 帧数: 15000
[19:50:00.932] [debug]   收集 IMU [/imu/imu] 帧数: 15000
[19:50:01.348] [debug]   收集 LiDAR [/os1_cloud_node1/points] 帧数: 500
[19:50:01.350] [debug]   收集 LiDAR [/os1_cloud_node2/points] 帧数: 500
[19:50:01.351] [debug]   收集相机 [/left/image_raw] 帧数: 500
[19:50:01.351] [debug]   收集相机 [/right/image_raw] 帧数: 500
[19:50:01.352] [debug]   收集 IMU [/dji_sdk/imu] 帧数: 20000
[19:50:01.352] [debug]   收集 IMU [/os1_cloud_node1/imu] 帧数: 5000
[19:50:01.352] [debug]   收集 IMU [/os1_cloud_node2/imu] 帧数: 5000
[19:50:01.438] [debug]   收集 IMU [/imu/imu] 帧数: 20000
[19:50:01.855] [debug]   收集 IMU [/dji_sdk/imu] 帧数: 25000
[19:50:01.951] [debug]   收集 IMU [/imu/imu] 帧数: 25000
[19:50:02.371] [debug]   收集 IMU [/dji_sdk/imu] 帧数: 30000
[19:50:02.480] [debug]   收集 IMU [/imu/imu] 帧数: 30000
[19:50:02.866] [debug]   收集 IMU [/dji_sdk/imu] 帧数: 35000
[19:50:02.986] [debug]   收集 IMU [/imu/imu] 帧数: 35000
[19:50:03.376] [debug]   收集 LiDAR [/os1_cloud_node1/points] 帧数: 1000
[19:50:03.377] [debug]   收集 LiDAR [/os1_cloud_node2/points] 帧数: 1000
[19:50:03.377] [debug]   收集相机 [/left/image_raw] 帧数: 1000
[19:50:03.378] [debug]   收集相机 [/right/image_raw] 帧数: 1000
[19:50:03.378] [debug]   收集 IMU [/dji_sdk/imu] 帧数: 40000
[19:50:03.378] [debug]   收集 IMU [/os1_cloud_node1/imu] 帧数: 10000
[19:50:03.378] [debug]   收集 IMU [/os1_cloud_node2/imu] 帧数: 10000
[19:50:03.497] [debug]   收集 IMU [/imu/imu] 帧数: 40000
[19:50:03.883] [debug]   收集 IMU [/dji_sdk/imu] 帧数: 45000
[19:50:04.045] [debug]   收集 IMU [/imu/imu] 帧数: 45000
[19:50:04.399] [debug]   收集 IMU [/dji_sdk/imu] 帧数: 50000
[19:50:04.560] [debug]   收集 IMU [/imu/imu] 帧数: 50000
[19:50:04.901] [debug]   收集 IMU [/dji_sdk/imu] 帧数: 55000
[19:50:05.092] [debug]   收集 IMU [/imu/imu] 帧数: 55000
[19:50:05.408] [debug]   收集 LiDAR [/os1_cloud_node1/points] 帧数: 1500
[19:50:05.409] [debug]   收集 LiDAR [/os1_cloud_node2/points] 帧数: 1500
[19:50:05.409] [debug]   收集 IMU [/dji_sdk/imu] 帧数: 60000
[19:50:05.410] [debug]   收集相机 [/left/image_raw] 帧数: 1500
[19:50:05.410] [debug]   收集相机 [/right/image_raw] 帧数: 1500
[19:50:05.410] [debug]   收集 IMU [/os1_cloud_node1/imu] 帧数: 15000
[19:50:05.410] [debug]   收集 IMU [/os1_cloud_node2/imu] 帧数: 15000
[19:50:05.591] [debug]   收集 IMU [/imu/imu] 帧数: 60000
[19:50:05.893] [debug]   收集 IMU [/dji_sdk/imu] 帧数: 65000
[19:50:06.112] [debug]   收集 IMU [/imu/imu] 帧数: 65000
[19:50:06.382] [debug]   收集 IMU [/dji_sdk/imu] 帧数: 70000
[19:50:06.602] [debug]   收集 IMU [/imu/imu] 帧数: 70000
[19:50:06.848] [debug]   收集 IMU [/dji_sdk/imu] 帧数: 75000
[19:50:07.086] [debug]   收集 IMU [/imu/imu] 帧数: 75000
[19:50:07.332] [debug]   收集 LiDAR [/os1_cloud_node1/points] 帧数: 2000
[19:50:07.335] [debug]   收集 LiDAR [/os1_cloud_node2/points] 帧数: 2000
[19:50:07.335] [debug]   收集 IMU [/dji_sdk/imu] 帧数: 80000
[19:50:07.335] [debug]   收集 IMU [/os1_cloud_node1/imu] 帧数: 20000
[19:50:07.335] [debug]   收集 IMU [/os1_cloud_node2/imu] 帧数: 20000
[19:50:07.338] [debug]   收集相机 [/left/image_raw] 帧数: 2000
[19:50:07.338] [debug]   收集相机 [/right/image_raw] 帧数: 2000
[19:50:07.577] [debug]   收集 IMU [/imu/imu] 帧数: 80000
[19:50:07.853] [debug]   收集 IMU [/dji_sdk/imu] 帧数: 85000
[19:50:08.127] [debug]   收集 IMU [/imu/imu] 帧数: 85000
[19:50:08.347] [debug]   收集 IMU [/dji_sdk/imu] 帧数: 90000
[19:50:08.627] [debug]   收集 IMU [/imu/imu] 帧数: 90000
[19:50:08.850] [debug]   收集 IMU [/dji_sdk/imu] 帧数: 95000
[19:50:09.147] [debug]   收集 IMU [/imu/imu] 帧数: 95000
[19:50:09.347] [debug]   收集 LiDAR [/os1_cloud_node1/points] 帧数: 2500
[19:50:09.350] [debug]   收集 LiDAR [/os1_cloud_node2/points] 帧数: 2500
[19:50:09.350] [debug]   收集 IMU [/dji_sdk/imu] 帧数: 100000
[19:50:09.350] [debug]   收集 IMU [/os1_cloud_node1/imu] 帧数: 25000
[19:50:09.350] [debug]   收集 IMU [/os1_cloud_node2/imu] 帧数: 25000
[19:50:09.352] [debug]   收集相机 [/left/image_raw] 帧数: 2500
[19:50:09.353] [debug]   收集相机 [/right/image_raw] 帧数: 2500
[19:50:09.658] [debug]   收集 IMU [/imu/imu] 帧数: 100000
[19:50:09.836] [debug]   收集 IMU [/dji_sdk/imu] 帧数: 105000
[19:50:10.169] [debug]   收集 IMU [/imu/imu] 帧数: 105000
[19:50:10.350] [debug]   收集 IMU [/dji_sdk/imu] 帧数: 110000
[19:50:10.712] [debug]   收集 IMU [/imu/imu] 帧数: 110000
[19:50:10.901] [debug]   收集 IMU [/dji_sdk/imu] 帧数: 115000
[19:50:11.245] [debug]   收集 IMU [/imu/imu] 帧数: 115000
[19:50:11.392] [debug]   收集 LiDAR [/os1_cloud_node1/points] 帧数: 3000
[19:50:11.394] [debug]   收集 LiDAR [/os1_cloud_node2/points] 帧数: 3000
[19:50:11.394] [debug]   收集 IMU [/dji_sdk/imu] 帧数: 120000
[19:50:11.395] [debug]   收集 IMU [/os1_cloud_node1/imu] 帧数: 30000
[19:50:11.395] [debug]   收集 IMU [/os1_cloud_node2/imu] 帧数: 30000
[19:50:11.396] [debug]   收集相机 [/left/image_raw] 帧数: 3000
[19:50:11.396] [debug]   收集相机 [/right/image_raw] 帧数: 3000
[19:50:11.765] [debug]   收集 IMU [/imu/imu] 帧数: 120000
[19:50:11.902] [debug]   收集 IMU [/dji_sdk/imu] 帧数: 125000
[19:50:12.274] [debug]   收集 IMU [/imu/imu] 帧数: 125000
[19:50:12.377] [debug]   收集 IMU [/dji_sdk/imu] 帧数: 130000
[19:50:12.781] [debug]   收集 IMU [/imu/imu] 帧数: 130000
[19:50:12.885] [debug]   收集 IMU [/dji_sdk/imu] 帧数: 135000
[19:50:13.334] [debug]   收集 IMU [/imu/imu] 帧数: 135000
[19:50:13.419] [debug]   收集 LiDAR [/os1_cloud_node1/points] 帧数: 3500
[19:50:13.420] [debug]   收集 LiDAR [/os1_cloud_node2/points] 帧数: 3500
[19:50:13.422] [debug]   收集 IMU [/dji_sdk/imu] 帧数: 140000
[19:50:13.423] [debug]   收集 IMU [/os1_cloud_node1/imu] 帧数: 35000
[19:50:13.423] [debug]   收集 IMU [/os1_cloud_node2/imu] 帧数: 35000
[19:50:13.428] [debug]   收集相机 [/left/image_raw] 帧数: 3500
[19:50:13.429] [debug]   收集相机 [/right/image_raw] 帧数: 3500
[19:50:13.843] [debug]   收集 IMU [/imu/imu] 帧数: 140000
[19:50:13.908] [debug]   收集 IMU [/dji_sdk/imu] 帧数: 145000
[19:50:14.363] [debug]   收集 IMU [/imu/imu] 帧数: 145000
[19:50:14.433] [debug]   收集 IMU [/dji_sdk/imu] 帧数: 150000
[19:50:14.912] [debug]   收集 IMU [/imu/imu] 帧数: 150000
[19:50:14.964] [debug]   收集 IMU [/dji_sdk/imu] 帧数: 155000
[19:50:15.512] [debug]   收集 IMU [/imu/imu] 帧数: 155000
[19:50:15.554] [debug]   收集 LiDAR [/os1_cloud_node1/points] 帧数: 4000
[19:50:15.555] [debug]   收集 LiDAR [/os1_cloud_node2/points] 帧数: 4000
[19:50:15.557] [debug]   收集 IMU [/dji_sdk/imu] 帧数: 160000
[19:50:15.558] [debug]   收集 IMU [/os1_cloud_node1/imu] 帧数: 40000
[19:50:15.558] [debug]   收集 IMU [/os1_cloud_node2/imu] 帧数: 40000
[19:50:15.561] [debug]   收集相机 [/left/image_raw] 帧数: 4000
[19:50:15.561] [debug]   收集相机 [/right/image_raw] 帧数: 4000
[19:50:16.338] [debug]   收集 IMU [/imu/imu] 帧数: 160000
[19:50:16.361] [debug]   收集 IMU [/dji_sdk/imu] 帧数: 165000
[19:50:17.217] [debug]   收集 IMU [/imu/imu] 帧数: 165000
[19:50:17.219] [debug]   收集 IMU [/dji_sdk/imu] 帧数: 170000
[19:50:17.452] [info] [Ros2BagDataSource] 加载完成 (所有话题按话题名存储，可通过 sensor_id 或话题名选择):
[19:50:17.452] [info]   LiDAR [/os1_cloud_node1/points]: 4287 帧
[19:50:17.452] [info]   LiDAR [/os1_cloud_node2/points]: 4286 帧
[19:50:17.452] [info]   相机 [/left/image_raw]: 4285 帧
[19:50:17.452] [info]   相机 [/right/image_raw]: 4285 帧
[19:50:17.452] [info]   IMU [/dji_sdk/imu]: 171462 帧
[19:50:17.452] [info]   IMU [/imu/imu]: 166428 帧
[19:50:17.452] [info]   IMU [/os1_cloud_node1/imu]: 42862 帧
[19:50:17.452] [info]   IMU [/os1_cloud_node2/imu]: 42862 帧
[19:50:17.452] [info]   选用 LiDAR  lidar_front -> /os1_cloud_node1/points
[19:50:17.452] [info]   选用 相机  cam_left -> /left/image_raw
[19:50:17.452] [info]   选用 IMU    imu_0 -> /imu/imu
[19:50:17.453] [info]   时间范围: 1609045331.127 - 1609045759.771 秒
[19:50:17.453] [info] [Ros2BagDataSource] 应用采样/帧数限制...
[19:50:17.549] [info]   LiDAR /os1_cloud_node1/points 采样后: 800 帧
[19:50:17.583] [info]   LiDAR /os1_cloud_node2/points 采样后: 800 帧
[19:50:17.624] [info]   相机 /left/image_raw 采样后: 800 帧
[19:50:17.683] [info]   相机 /right/image_raw 采样后: 800 帧
[19:50:17.779] [info] [Fine-Auto/LiDAR-Cam] LiDAR 加载完成: 800 帧 (将按相机逐路取帧)
[19:50:17.780] [info] [Fine-Auto] 推断内参: 752x480 fx=676.8 fy=676.8
[19:50:17.780] [info] [Fine-Auto/LiDAR-Cam] 步骤: LiDAR-Camera 标定 相机=cam_left (方法: 边缘对齐)
[19:50:17.782] [info] [CalibVisualizer] 初始化完成
[19:50:17.782] [info] [Fine-Auto/LiDAR-Cam] 可视化已启用：仅标定结束后显示一帧「图像+点云投影」叠加，不创建 3D 窗口、不泵送其他帧
[19:50:17.782] [info] [Fine-Auto/LiDAR-Cam] 使用粗标定初值 t=[0.123,0.040,-0.058]m
[19:50:17.792] [info] [Fine-Auto] 结果已保存: ./results/lidar_camera_extrinsic/lidar_cam_cam_left_extrinsic.yaml
[19:50:17.792] [info] [Viz] 即将生成投影图并保存到 ./results/lidar_camera_extrinsic/lidar_cam_cam_left_projection.png
[19:50:17.814] [info] 投影可视化保存: ./results/lidar_camera_extrinsic/lidar_cam_cam_left_projection.png
[19:50:17.814] [info] [Viz] 投影图已保存（仅使用配置初值，未做精标定）
[19:50:17.814] [info] [Fine-Auto/LiDAR-Cam] 相机 cam_left 已使用配置初值跳过精标定，直接供手动微调
[19:50:17.814] [info] [Viz/Display] 即将关闭可视化窗口 原因=用户关闭或流程结束 pangolin_running=false
[19:50:17.814] [warning] [Fine-Auto/LiDAR-Cam] 相机 cam_right 无帧，跳过
[19:50:17.814] [warning] [Fine-Auto/LiDAR-Cam] 相机 cam_front 无帧，跳过
[19:50:17.814] [warning] [Fine-Auto/LiDAR-Cam] 相机 cam_rear 无帧，跳过
[19:50:17.815] [info] [Fine-Auto/LiDAR-Cam] 精标定完成: 1 个相机  最大 RMS=0.0000 px
[19:50:17.815] [info] [STAGE=lidar_cam_fine_auto] LiDAR-Camera 精标定 完成
[19:50:17.815] [info] [Fine-Auto/LiDAR-Cam] RMS 阈值=2.00 px  最大 RMS=0.0000 px  在阈值内
[19:50:18.181] [info] ━━━━━━━━━━━━━━━━━━━━━━━━━━━━━━━━━━━━━━━━━
[19:50:18.181] [info] ■ 结束阶段: [Fine-Auto] 任务: [lidar_cam_extrin]
[19:50:18.181] [info]   结果: ✓ 成功 | 残差RMS: 0.0000 | 耗时: 18832 ms
[19:50:18.181] [info]   消息: LiDAR-Camera 精标定完成: 1 个相机, 最大 RMS=0.000000 px
[19:50:18.181] [info] [CALC] 阶段结束 stage=Fine-Auto task=lidar_cam_extrin success=true residual_rms=0.000000 elapsed_ms=18466.0 threshold=2.0000
[19:50:18.181] [info] ━━━━━━━━━━━━━━━━━━━━━━━━━━━━━━━━━━━━━━━━━
[19:50:18.181] [info] [Pipeline] 用户已启用手动校准 (--manual), 进入 6-DOF 调整
[19:50:18.181] [info] 
[19:50:18.181] [info] ━━━━━━━━━━━━━━━━━━━━━━━━━━━━━━━━━━━━━━━━━
[19:50:18.181] [info] ▶ 开始阶段: [Manual-Refine] 任务: [lidar_cam_extrin]
[19:50:18.181] [info]   描述: 手动校准: 6-DOF 交互式调整
[19:50:18.181] [info] ━━━━━━━━━━━━━━━━━━━━━━━━━━━━━━━━━━━━━━━━━
[19:50:18.181] [info] [Manual-Refine] 任务: lidar_cam_extrin
[19:50:18.181] [info] [Manual-Refine] 操作说明: Q/A Roll  W/S Pitch  E/D Yaw  R/F Tx  T/G Ty  Y/H Tz  U Undo  Enter 接受  Esc 取消
[19:50:18.181] [info] [ManualSession] 会话ID: session_2026-04-07_19-50-18
[19:50:18.181] [info] [ManualSession] 保存目录: ./results/manual_sessions
[19:50:18.181] [info] [Manual-Refine] 已打开 6-DOF 可视化调整窗口，请在本窗口内按键微调后 Enter 接受或 Esc 取消
[19:50:18.181] [info] [Manual-Refine] LiDAR-Camera 手动调整仅使用首帧匹配数据（第 0 帧点云 + 第 0 帧图像）
[19:50:18.182] [info] [ManualSession] 启动 LiDAR-Camera 手动校准
[19:50:18.182] [info] [ManualSession] 自动标定 RMS: 0.0000 px (阈值建议 < 2.0px)
[19:50:18.182] [debug] [ManualSession] 事件: lidar_cam_start | auto_rms=0.000000
[19:50:18.182] [info] [ManualAdjust] 初始外参:
[19:50:18.182] [info] [ManualAdjust] 当前外参 [lidar_front→cam_left]:
[19:50:18.182] [info]   旋转 RPY: (-58.8701, -88.5405, -31.0062) deg
[19:50:18.182] [info]   平移 XYZ: (0.1230, 0.0399, -0.0577) m
[19:50:18.182] [info] [ManualSession] ===== 手动校准操作说明 =====
[19:50:18.182] [info]   Q/A: Roll ±0.1deg   W/S: Pitch ±0.1deg   E/D: Yaw ±0.1deg
[19:50:18.182] [info]   R/F: Tx ±0.5cm   T/G: Ty ±0.5cm   Y/H: Tz ±0.5cm
[19:50:18.182] [info]   Shift+键: 10倍步长
[19:50:18.182] [info]   P: 进入点击精化模式  U: 撤销  Z: 重做
[19:50:18.182] [info]   S: 保存  ESC: 接受并退出
[19:50:18.182] [info]   点云投影质量越高 (边缘对齐越好) 表示标定越准确
[19:50:18.198] [info] [ManualAdjust] 结果已保存: ./results/lidar_camera_extrinsic/manual_extrinsic_20260407_195018_initial.yaml
[19:50:18.198] [info] [ManualCalib] 交互窗口启动前已自动保存初始状态快照（备用）:
[19:50:18.198] [info]   - 投影图: ./results/lidar_camera_extrinsic/manual_projection_20260407_195018_initial.png
[19:50:18.198] [info]   - 点云:   ./results/lidar_camera_extrinsic/manual_cloud_20260407_195018_initial.pcd
[19:50:18.198] [info]   - 外参:   ./results/lidar_camera_extrinsic/manual_extrinsic_20260407_195018_initial.yaml

(unicalib_lidar_camera:100): dbind-WARNING **: 19:50:18.218: Couldn't connect to accessibility bus: Failed to connect to socket /run/user/1000/at-spi/bus: No such file or directory
[19:50:18.284] [info] [ManualCalib] 3D 点云窗口已禁用（避免 VTK 闪退），请在 2D 投影窗口进行微调。按下 'S' 键可手动保存当前微调结果图片和点云。
[19:50:18.284] [info] [ManualCalib] 初始位姿 T_lidar_to_cam:
[19:50:18.284] [info]   - Translation: 0.1230, 0.0399, -0.0577
[19:50:18.284] [info]   - RPY (deg):   90.7545, -179.8846, 91.2509
