
 ╔═══════════════════════════════════════════════════════╗
 ║   UniCalib — LiDAR-Camera 外参标定                    ║
 ║   两阶段: AI粗标定(MIAS-LCEC) → 无目标边缘精标定      ║
 ║   手动校准: --manual 触发 6-DOF 交互式调整             ║
 ╚═══════════════════════════════════════════════════════╝

[2026-04-28 20:59:44.050] [info] [LiDAR-Camera] [:] ━━━━━━━━━━━━━━━━━━━━━━━━━━━━━━━━━━━━
[2026-04-28 20:59:44.050] [info] [LiDAR-Camera] [:] 配置文件: /root/calib_ws/calib_unified/config/unicalib_example.yaml
[2026-04-28 20:59:44.050] [info] [LiDAR-Camera] [:] 输出目录: /root/calib_ws/results
[2026-04-28 20:59:44.050] [info] [LiDAR-Camera] [:] 数据根目录: /root/calib_ws/data (--data-dir 或 CALIB_DATA_DIR)
[2026-04-28 20:59:44.050] [info] [LiDAR-Camera] [:] 精标定方法: edge (无目标优先=true)
[2026-04-28 20:59:44.050] [info] [LiDAR-Camera] [:] AI粗标定: true | 手动校准: true
[2026-04-28 20:59:44.050] [info] [LiDAR-Camera] [:] ━━━━━━━━━━━━━━━━━━━━━━━━━━━━━━━━━━━━
[2026-04-28 20:59:44.052] [info] [LiDAR-Camera] [:] 读取系统配置: /root/calib_ws/calib_unified/config/unicalib_example.yaml
[2026-04-28 20:59:44.054] [info] [LiDAR-Camera] [:]   IMU: 1, LiDAR: 1, Camera: 1
[2026-04-28 20:59:44.054] [info] [LiDAR-Camera] [:] ━━━━━━━━━━━━━━━━━━━━━━━━━━━━━━━━━━━━ [数据路径] ━━━━━━━━━━━━━━━━━━━━━━━━━━━━━
[2026-04-28 20:59:44.054] [info] [LiDAR-Camera] [:]   数据路径来源: 统一格式 (data.lidar.<id> / data.camera.<id>.images_dir)
[2026-04-28 20:59:44.054] [info] [LiDAR-Camera] [:]   配置原始值 — lidar:  /root/calib_ws/data/testdata/lidar_pcd
[2026-04-28 20:59:44.054] [info] [LiDAR-Camera] [:]   配置原始值 — camera: /root/calib_ws/data/testdata/Image/img0_png
[2026-04-28 20:59:44.054] [info] [LiDAR-Camera] [:]   base_data_dir:  /root/calib_ws/data
[2026-04-28 20:59:44.054] [info] [LiDAR-Camera] [:]   base 来源: 命令行 --data-dir
[2026-04-28 20:59:44.054] [info] [LiDAR-Camera] [:]   lidar_dir:      /root/calib_ws/data/testdata/lidar_pcd
[2026-04-28 20:59:44.054] [info] [LiDAR-Camera] [:]     → 配置为绝对路径，未与 base 拼接（若为 /path/to/... 占位符则不会指向实际数据）
[2026-04-28 20:59:44.054] [info] [LiDAR-Camera] [:]     → 存在: 是
[2026-04-28 20:59:44.054] [info] [LiDAR-Camera] [:]   camera_dir:     /root/calib_ws/data/testdata/Image/img0_png
[2026-04-28 20:59:44.054] [info] [LiDAR-Camera] [:]     → 配置为绝对路径，未与 base 拼接（若为 /path/to/... 占位符则不会指向实际数据）
[2026-04-28 20:59:44.054] [info] [LiDAR-Camera] [:]     → 存在: 是
[2026-04-28 20:59:44.054] [info] [LiDAR-Camera] [:]   【数据就绪】是 — 点云与图像目录均存在，将执行精标定
[2026-04-28 20:59:44.054] [info] [LiDAR-Camera] [:]   说明: 使用 --dataset 时请将 data.lidar/data.camera 设为相对 base 的路径（如 pcd、images），不要使用 /path/to/... 占位符
[2026-04-28 20:59:44.054] [info] [LiDAR-Camera] [:] ━━━━━━━━━━━━━━━━━━━━━━━━━━━━━━━━━━━━━━━━━━━━━━━━━━━━━━━━━━━━━━━━━━━━━━━━━━━━
[2026-04-28 20:59:44.054] [info] [LiDAR-Camera] [:] [LiDAR-Cam] use_config_extrinsic_only=true：跳过 AI 粗标定，将使用配置 initial_extrinsic 直接进入精标定/手动微调
[2026-04-28 20:59:44.054] [info] [LiDAR-Camera] [:] 读取系统配置: /root/calib_ws/calib_unified/config/unicalib_example.yaml
[2026-04-28 20:59:44.055] [info] [LiDAR-Camera] [:]   IMU: 1, LiDAR: 1, Camera: 1
[2026-04-28 20:59:44.055] [info] [LiDAR-Camera] [:] 读取系统配置: /root/calib_ws/calib_unified/config/unicalib_example.yaml
[2026-04-28 20:59:44.056] [info] [LiDAR-Camera] [:]   IMU: 1, LiDAR: 1, Camera: 1
[2026-04-28 20:59:44.056] [info] [LiDAR-Camera] [:] [数据源] 类型=FILES  lidar_dir=/root/calib_ws/data/testdata/lidar_pcd  camera_dir=/root/calib_ws/data/testdata/Image/img0_png
[2026-04-28 20:59:44.056] [info] [LiDAR-Camera] [:]   内参将从相机标定结果读取: ./results/camera_intrinsic/camera_intrinsic_cam_left.yaml (camera_id=cam_left)
[2026-04-28 20:59:44.056] [info] [LiDAR-Camera] [:]   内参将从相机标定结果读取: ./results/camera_intrinsic/camera_intrinsic_cam_right.yaml (camera_id=cam_right)
[2026-04-28 20:59:44.057] [info] [LiDAR-Camera] [:] [CalibPipeline] 初始化 ID=pipeline_20260428_205944
[2026-04-28 20:59:44.057] [info] [LiDAR-Camera] [:] [CalibPipeline] 输出目录: ./results
[2026-04-28 20:59:44.057] [info] [LiDAR-Camera] [:] [CalibPipeline] 无目标优先: true
[2026-04-28 20:59:44.057] [info] [LiDAR-Camera] [:] [CalibPipeline] 任务掩码: 0x10
[2026-04-28 20:59:44.057] [info] [LiDAR-Camera] [:] ▶ Stage 2: 精标定 (方法=edge)
[2026-04-28 20:59:44.057] [info] [LiDAR-Camera] [:] ▶ Stage 3: 手动校准 (manual_threshold=2.00px)
[2026-04-28 20:59:44.057] [info] [LiDAR-Camera] [:]   使用 ManualCalibSession 进行 6-DOF 交互式调整
[2026-04-28 20:59:44.057] [info] [LiDAR-Camera] [:]   调用示例:
[2026-04-28 20:59:44.057] [info] [LiDAR-Camera] [:]     ManualCalibSession::SessionConfig sess_cfg;
[2026-04-28 20:59:44.057] [info] [LiDAR-Camera] [:]     sess_cfg.save_dir = "./results/manual_sessions";
[2026-04-28 20:59:44.057] [info] [LiDAR-Camera] [:]     ManualCalibSession session(sess_cfg);
[2026-04-28 20:59:44.057] [info] [LiDAR-Camera] [:]     auto result = session.run_lidar_cam(scan, image, intrin, auto_result, auto_rms);
[2026-04-28 20:59:44.057] [info] [LiDAR-Camera] [:] 
[2026-04-28 20:59:44.057] [info] [LiDAR-Camera] [:] ╔═══════════════════════════════════════════════╗
[2026-04-28 20:59:44.057] [info] [LiDAR-Camera] [:] ║   UniCalib 两阶段标定流水线 — 开始            ║
[2026-04-28 20:59:44.057] [info] [LiDAR-Camera] [:] ║   Pipeline ID: pipeline_20260428_205944       ║
[2026-04-28 20:59:44.057] [info] [LiDAR-Camera] [:] ╚═══════════════════════════════════════════════╝
[2026-04-28 20:59:44.057] [info] [LiDAR-Camera] [:] [Coarse-AI/LiDAR-Cam] enable_coarse_lidar_cam=true → do_coarse=true
[20:59:44.057] [info] 
[20:59:44.057] [info] ━━━━━━━━━━━━━━━━━━━━━━━━━━━━━━━━━━━━━━━━━
[20:59:44.057] [info] ▶ 开始阶段: [Coarse-AI] 任务: [lidar_cam_extrin]
[20:59:44.058] [info]   描述: AI模型提供初始估计值
[20:59:44.058] [info] ━━━━━━━━━━━━━━━━━━━━━━━━━━━━━━━━━━━━━━━━━
[20:59:44.058] [info] [CALC] 粗标定阶段开始 task=lidar_cam_extrin
[20:59:44.058] [info] [Coarse-AI/LiDAR-Cam] 使用配置粗标定初值作为粗标定结果 t=[0.110,0.100,-0.030]m，精标定将以此起步
[20:59:44.058] [info] ━━━━━━━━━━━━━━━━━━━━━━━━━━━━━━━━━━━━━━━━━
[20:59:44.058] [info] ■ 结束阶段: [Coarse-AI] 任务: [lidar_cam_extrin]
[20:59:44.058] [info]   结果: ✓ 成功 | 残差RMS: 0.0000 | 耗时: 0 ms
[20:59:44.058] [info]   消息: 使用配置 initial_extrinsic 作为粗标定结果，精标定将以此起步
[20:59:44.058] [info] [CALC] 阶段结束 stage=Coarse-AI task=lidar_cam_extrin success=true residual_rms=0.000000 elapsed_ms=0.0 threshold=-1.0000
[20:59:44.058] [info] ━━━━━━━━━━━━━━━━━━━━━━━━━━━━━━━━━━━━━━━━━
[20:59:44.058] [info] 
[20:59:44.058] [info] ━━━━━━━━━━━━━━━━━━━━━━━━━━━━━━━━━━━━━━━━━
[20:59:44.058] [info] ▶ 开始阶段: [Fine-Auto] 任务: [lidar_cam_extrin]
[20:59:44.058] [info]   描述: 无目标优化
[20:59:44.058] [info] ━━━━━━━━━━━━━━━━━━━━━━━━━━━━━━━━━━━━━━━━━
[20:59:44.058] [info] [CALC] 精标定阶段开始 task=lidar_cam_extrin
[20:59:44.058] [info] [Fine-Auto] 任务: lidar_cam_extrin | 无目标优先: true
[20:59:44.058] [info] [Fine-Auto] 方法: 边缘对齐互信息 (EDGE_ALIGNMENT, 无目标)
[20:59:44.058] [info] [STAGE=lidar_cam_fine_auto] LiDAR-Camera 精标定 开始
[20:59:44.058] [info] [Fine-Auto/LiDAR-Cam] 开始执行精标定...
[20:59:44.058] [info]   [精标定数据源] 类型=FILES  lidar_id=lidar_0
[20:59:44.058] [info]   文件目录: lidar=/root/calib_ws/data/testdata/lidar_pcd  camera=/root/calib_ws/data/testdata/Image/img0_png
[20:59:44.058] [info] [Fine-Auto/LiDAR-Cam] 步骤: 从文件加载点云
Failed to find match for field 'intensity'.
Failed to find match for field 'intensity'.
Failed to find match for field 'intensity'.
Failed to find match for field 'intensity'.
Failed to find match for field 'intensity'.
Failed to find match for field 'intensity'.
Failed to find match for field 'intensity'.
Failed to find match for field 'intensity'.
Failed to find match for field 'intensity'.
Failed to find match for field 'intensity'.
Failed to find match for field 'intensity'.
Failed to find match for field 'intensity'.
Failed to find match for field 'intensity'.
Failed to find match for field 'intensity'.
Failed to find match for field 'intensity'.
Failed to find match for field 'intensity'.
Failed to find match for field 'intensity'.
Failed to find match for field 'intensity'.
Failed to find match for field 'intensity'.
Failed to find match for field 'intensity'.
Failed to find match for field 'intensity'.
Failed to find match for field 'intensity'.
Failed to find match for field 'intensity'.
Failed to find match for field 'intensity'.
Failed to find match for field 'intensity'.
Failed to find match for field 'intensity'.
Failed to find match for field 'intensity'.
Failed to find match for field 'intensity'.
Failed to find match for field 'intensity'.
Failed to find match for field 'intensity'.
Failed to find match for field 'intensity'.
Failed to find match for field 'intensity'.
Failed to find match for field 'intensity'.
Failed to find match for field 'intensity'.
Failed to find match for field 'intensity'.
Failed to find match for field 'intensity'.
Failed to find match for field 'intensity'.
Failed to find match for field 'intensity'.
Failed to find match for field 'intensity'.
Failed to find match for field 'intensity'.
Failed to find match for field 'intensity'.
Failed to find match for field 'intensity'.
Failed to find match for field 'intensity'.
Failed to find match for field 'intensity'.
Failed to find match for field 'intensity'.
Failed to find match for field 'intensity'.
Failed to find match for field 'intensity'.
Failed to find match for field 'intensity'.
Failed to find match for field 'intensity'.
Failed to find match for field 'intensity'.
Failed to find match for field 'intensity'.
Failed to find match for field 'intensity'.
Failed to find match for field 'intensity'.
Failed to find match for field 'intensity'.
Failed to find match for field 'intensity'.
Failed to find match for field 'intensity'.
Failed to find match for field 'intensity'.
Failed to find match for field 'intensity'.
Failed to find match for field 'intensity'.
Failed to find match for field 'intensity'.
Failed to find match for field 'intensity'.
Failed to find match for field 'intensity'.
Failed to find match for field 'intensity'.
Failed to find match for field 'intensity'.
Failed to find match for field 'intensity'.
Failed to find match for field 'intensity'.
Failed to find match for field 'intensity'.
Failed to find match for field 'intensity'.
Failed to find match for field 'intensity'.
Failed to find match for field 'intensity'.
Failed to find match for field 'intensity'.
Failed to find match for field 'intensity'.
Failed to find match for field 'intensity'.
Failed to find match for field 'intensity'.
Failed to find match for field 'intensity'.
Failed to find match for field 'intensity'.
Failed to find match for field 'intensity'.
Failed to find match for field 'intensity'.
Failed to find match for field 'intensity'.
Failed to find match for field 'intensity'.
Failed to find match for field 'intensity'.
Failed to find match for field 'intensity'.
Failed to find match for field 'intensity'.
Failed to find match for field 'intensity'.
Failed to find match for field 'intensity'.
Failed to find match for field 'intensity'.
Failed to find match for field 'intensity'.
Failed to find match for field 'intensity'.
Failed to find match for field 'intensity'.
Failed to find match for field 'intensity'.
Failed to find match for field 'intensity'.
Failed to find match for field 'intensity'.
Failed to find match for field 'intensity'.
Failed to find match for field 'intensity'.
Failed to find match for field 'intensity'.
Failed to find match for field 'intensity'.
Failed to find match for field 'intensity'.
Failed to find match for field 'intensity'.
Failed to find match for field 'intensity'.
Failed to find match for field 'intensity'.
[20:59:46.246] [info] [Fine-Auto/LiDAR-Cam] 点云加载完成 — 100 帧
[20:59:46.899] [info] 读取相机内参: ./results/camera_intrinsic/camera_intrinsic_cam_left.yaml
[20:59:46.899] [info]   fx=425.03 fy=426.80 cx=386.02 cy=241.91 dist=4
[20:59:46.899] [info] [Fine-Auto/LiDAR-Cam] 步骤: LiDAR-Camera 标定 相机=cam_left (方法: 边缘对齐)
[20:59:46.901] [info] [CalibVisualizer] 初始化完成
[20:59:46.901] [info] [Fine-Auto/LiDAR-Cam] 可视化已启用：仅标定结束后显示一帧「图像+点云投影」叠加，不创建 3D 窗口、不泵送其他帧
[20:59:46.901] [info] [Fine-Auto/LiDAR-Cam] 使用粗标定初值 t=[0.110,0.100,-0.030]m
[20:59:46.904] [info] [Fine-Auto] 结果已保存: ./results/lidar_camera_extrinsic/lidar_cam_cam_left_extrinsic.yaml
[20:59:46.904] [info] [Viz] 即将生成投影图并保存到 ./results/lidar_camera_extrinsic/lidar_cam_cam_left_projection.png
[20:59:46.924] [info] 投影可视化保存: ./results/lidar_camera_extrinsic/lidar_cam_cam_left_projection.png
[20:59:46.924] [info] [Viz] 投影图已保存（仅使用配置初值，未做精标定）
[20:59:46.924] [info] [Fine-Auto/LiDAR-Cam] 相机 cam_left 已使用配置初值跳过精标定，直接供手动微调
[20:59:46.924] [info] [Viz/Display] 即将关闭可视化窗口 原因=用户关闭或流程结束 pangolin_running=false
[20:59:47.589] [info] 读取相机内参: ./results/camera_intrinsic/camera_intrinsic_cam_right.yaml
[20:59:47.589] [info]   fx=384.00 fy=384.00 cx=376.00 cy=240.00 dist=4
[20:59:47.589] [info] [Fine-Auto/LiDAR-Cam] 步骤: LiDAR-Camera 标定 相机=cam_right (方法: 边缘对齐)
[20:59:47.589] [info] [CalibVisualizer] 初始化完成
[20:59:47.589] [info] [Fine-Auto/LiDAR-Cam] 可视化已启用：仅标定结束后显示一帧「图像+点云投影」叠加，不创建 3D 窗口、不泵送其他帧
[20:59:47.589] [info] [Fine-Auto/LiDAR-Cam] 使用粗标定初值 t=[0.110,0.100,-0.030]m
[20:59:47.590] [info] [Fine-Auto] 结果已保存: ./results/lidar_camera_extrinsic/lidar_cam_cam_right_extrinsic.yaml
[20:59:47.590] [info] [Viz] 即将生成投影图并保存到 ./results/lidar_camera_extrinsic/lidar_cam_cam_right_projection.png
[20:59:47.607] [info] 投影可视化保存: ./results/lidar_camera_extrinsic/lidar_cam_cam_right_projection.png
[20:59:47.607] [info] [Viz] 投影图已保存（仅使用配置初值，未做精标定）
[20:59:47.607] [info] [Fine-Auto/LiDAR-Cam] 相机 cam_right 已使用配置初值跳过精标定，直接供手动微调
[20:59:47.607] [info] [Viz/Display] 即将关闭可视化窗口 原因=用户关闭或流程结束 pangolin_running=false
[20:59:48.251] [info] [Fine-Auto] 推断内参: 1024x768 fx=921.6 fy=921.6
[20:59:48.251] [info] [Fine-Auto/LiDAR-Cam] 步骤: LiDAR-Camera 标定 相机=cam_front (方法: 边缘对齐)
[20:59:48.251] [info] [CalibVisualizer] 初始化完成
[20:59:48.251] [info] [Fine-Auto/LiDAR-Cam] 可视化已启用：仅标定结束后显示一帧「图像+点云投影」叠加，不创建 3D 窗口、不泵送其他帧
[20:59:48.251] [info] [Fine-Auto/LiDAR-Cam] 使用粗标定初值 t=[0.110,0.100,-0.030]m
[20:59:48.251] [info] [Fine-Auto] 结果已保存: ./results/lidar_camera_extrinsic/lidar_cam_cam_front_extrinsic.yaml
[20:59:48.251] [info] [Viz] 即将生成投影图并保存到 ./results/lidar_camera_extrinsic/lidar_cam_cam_front_projection.png
[20:59:48.269] [info] 投影可视化保存: ./results/lidar_camera_extrinsic/lidar_cam_cam_front_projection.png
[20:59:48.269] [info] [Viz] 投影图已保存（仅使用配置初值，未做精标定）
[20:59:48.269] [info] [Fine-Auto/LiDAR-Cam] 相机 cam_front 已使用配置初值跳过精标定，直接供手动微调
[20:59:48.269] [info] [Viz/Display] 即将关闭可视化窗口 原因=用户关闭或流程结束 pangolin_running=false
[20:59:48.912] [info] [Fine-Auto] 推断内参: 1024x768 fx=921.6 fy=921.6
[20:59:48.912] [info] [Fine-Auto/LiDAR-Cam] 步骤: LiDAR-Camera 标定 相机=cam_rear (方法: 边缘对齐)
[20:59:48.912] [info] [CalibVisualizer] 初始化完成
[20:59:48.912] [info] [Fine-Auto/LiDAR-Cam] 可视化已启用：仅标定结束后显示一帧「图像+点云投影」叠加，不创建 3D 窗口、不泵送其他帧
[20:59:48.912] [info] [Fine-Auto/LiDAR-Cam] 使用粗标定初值 t=[0.110,0.100,-0.030]m
[20:59:48.912] [info] [Fine-Auto] 结果已保存: ./results/lidar_camera_extrinsic/lidar_cam_cam_rear_extrinsic.yaml
[20:59:48.912] [info] [Viz] 即将生成投影图并保存到 ./results/lidar_camera_extrinsic/lidar_cam_cam_rear_projection.png
[20:59:48.930] [info] 投影可视化保存: ./results/lidar_camera_extrinsic/lidar_cam_cam_rear_projection.png
[20:59:48.930] [info] [Viz] 投影图已保存（仅使用配置初值，未做精标定）
[20:59:48.930] [info] [Fine-Auto/LiDAR-Cam] 相机 cam_rear 已使用配置初值跳过精标定，直接供手动微调
[20:59:48.930] [info] [Viz/Display] 即将关闭可视化窗口 原因=用户关闭或流程结束 pangolin_running=false
[20:59:48.939] [info] [Fine-Auto/LiDAR-Cam] 精标定完成: 4 个相机  最大 RMS=0.0000 px
[20:59:48.939] [info] [STAGE=lidar_cam_fine_auto] LiDAR-Camera 精标定 完成
[20:59:48.939] [info] [Fine-Auto/LiDAR-Cam] RMS 阈值=2.00 px  最大 RMS=0.0000 px  在阈值内
[20:59:48.943] [info] ━━━━━━━━━━━━━━━━━━━━━━━━━━━━━━━━━━━━━━━━━
[20:59:48.943] [info] ■ 结束阶段: [Fine-Auto] 任务: [lidar_cam_extrin]
[20:59:48.943] [info]   结果: ✓ 成功 | 残差RMS: 0.0000 | 耗时: 4885 ms
[20:59:48.943] [info]   消息: LiDAR-Camera 精标定完成: 4 个相机, 最大 RMS=0.000000 px
[20:59:48.943] [info] [CALC] 阶段结束 stage=Fine-Auto task=lidar_cam_extrin success=true residual_rms=0.000000 elapsed_ms=4881.2 threshold=2.0000
[20:59:48.943] [info] ━━━━━━━━━━━━━━━━━━━━━━━━━━━━━━━━━━━━━━━━━
[20:59:48.943] [info] [Pipeline] 用户已启用手动校准 (--manual), 进入 6-DOF 调整
[20:59:48.943] [info] 
[20:59:48.943] [info] ━━━━━━━━━━━━━━━━━━━━━━━━━━━━━━━━━━━━━━━━━
[20:59:48.943] [info] ▶ 开始阶段: [Manual-Refine] 任务: [lidar_cam_extrin]
[20:59:48.943] [info]   描述: 手动校准: 6-DOF 交互式调整
[20:59:48.943] [info] ━━━━━━━━━━━━━━━━━━━━━━━━━━━━━━━━━━━━━━━━━
[20:59:48.943] [info] [Manual-Refine] 任务: lidar_cam_extrin
[20:59:48.943] [info] [Manual-Refine] 操作说明: Q/A Roll  W/S Pitch  E/D Yaw  R/F Tx  T/G Ty  Y/H Tz  U Undo  Enter 接受  Esc 取消
[20:59:48.943] [info] [ManualSession] 会话ID: session_2026-04-28_20-59-48
[20:59:48.943] [info] [ManualSession] 保存目录: ./results/manual_sessions
[20:59:48.943] [info] [Manual-Refine] 已打开 6-DOF 可视化调整窗口，请在本窗口内按键微调后 Enter 接受或 Esc 取消
[20:59:48.943] [info] [Manual-Refine] LiDAR-Camera 手动调整仅使用首帧匹配数据（第 0 帧点云 + 第 0 帧图像）
[20:59:48.944] [info] [ManualSession] 启动 LiDAR-Camera 手动校准
[20:59:48.944] [info] [ManualSession] 自动标定 RMS: 0.0000 px (阈值建议 < 2.0px)
[20:59:48.944] [debug] [ManualSession] 事件: lidar_cam_start | auto_rms=0.000000
[20:59:48.944] [info] [ManualAdjust] 初始外参:
[20:59:48.944] [info] [ManualAdjust] 当前外参 [lidar_0→cam_left]:
[20:59:48.944] [info]   旋转 RPY: (4.7785, -89.5500, -95.6685) deg
[20:59:48.944] [info]   平移 XYZ: (0.1100, 0.1000, -0.0300) m
[20:59:48.944] [info] [ManualSession] ===== 手动校准操作说明 =====
[20:59:48.944] [info]   Q/A: Roll ±0.1deg   W/S: Pitch ±0.1deg   E/D: Yaw ±0.1deg
[20:59:48.944] [info]   R/F: Tx ±0.5cm   T/G: Ty ±0.5cm   Y/H: Tz ±0.5cm
[20:59:48.944] [info]   Shift+键: 10倍步长
[20:59:48.944] [info]   P: 进入点击精化模式  U: 撤销  Z: 重做
[20:59:48.944] [info]   S: 保存  ESC: 接受并退出
[20:59:48.944] [info]   点云投影质量越高 (边缘对齐越好) 表示标定越准确
[20:59:48.961] [info] [ManualAdjust] 结果已保存: ./results/lidar_camera_extrinsic/manual_extrinsic_20260428_205948_initial.yaml
[20:59:48.961] [info] [ManualCalib] 交互窗口启动前已自动保存初始状态快照（备用）:
[20:59:48.961] [info]   - 投影图: ./results/lidar_camera_extrinsic/manual_projection_20260428_205948_initial.png
[20:59:48.961] [info]   - 点云:   ./results/lidar_camera_extrinsic/manual_cloud_20260428_205948_initial.pcd
[20:59:48.961] [info]   - 外参:   ./results/lidar_camera_extrinsic/manual_extrinsic_20260428_205948_initial.yaml

(unicalib_lidar_camera:144): dbind-WARNING **: 20:59:48.982: Couldn't connect to accessibility bus: Failed to connect to socket /run/user/1000/at-spi/bus_1: No such file or directory
[20:59:49.005] [info] [ManualCalib] 3D 点云窗口已禁用（避免 VTK 闪退），请在 2D 投影窗口进行微调。按下 'S' 键可手动保存当前微调结果图片和点云。
[20:59:49.005] [info] [ManualCalib] 初始位姿 T_lidar_to_cam:
[20:59:49.005] [info]   - Translation: 0.1100, 0.1000, -0.0300
[20:59:49.005] [info]   - RPY (deg):   90.4485, 179.1102, 89.9555
[21:00:00.561] [info] [ManualSession] 用户取消，保留自动标定结果
[21:00:00.561] [debug] [ManualSession] 事件: lidar_cam_end | final_rms=0.000000
[21:00:00.561] [info] [ManualSession] 会话已保存: ./results/manual_sessions/session_2026-04-28_20-59-48.yaml
[21:00:00.561] [info] ━━━━━━━━━━━━━━━━━━━━━━━━━━━━━━━━━━━━━━━━━
[21:00:00.561] [info] ■ 结束阶段: [Manual-Refine] 任务: [lidar_cam_extrin]
[21:00:00.561] [info]   结果: ✓ 成功 | 残差RMS: 0.0000 | 耗时: 11618 ms
[21:00:00.561] [info]   消息: LiDAR-Camera 手动调整完成
[21:00:00.561] [info] [CALC] 阶段结束 stage=Manual-Refine task=lidar_cam_extrin success=true residual_rms=0.000000 elapsed_ms=11618.1 threshold=-1.0000
[21:00:00.561] [info] ━━━━━━━━━━━━━━━━━━━━━━━━━━━━━━━━━━━━━━━━━
[21:00:00.561] [info] ====== Pipeline Report: pipeline_20260428_205944 ======
[21:00:00.562] [info]   Total time: 16499.3 ms
[21:00:00.562] [info]   All stages succeeded: YES
[21:00:00.562] [info]   标定质量: 各阶段 RMS 均在阈值内
[21:00:00.562] [info]   [Coarse-AI-lidar_cam_extrin] success=true rms=0.0000 time=0.0ms: 使用配置 initial_extrinsic 作为粗标定结果，精标定将以此起步
[21:00:00.562] [info]   [Fine-Auto-lidar_cam_extrin] success=true rms=0.0000 time=4881.2ms: LiDAR-Camera 精标定完成: 4 个相机, 最大 RMS=0.000000 px
[21:00:00.562] [info]   [Manual-Refine-lidar_cam_extrin] success=true rms=0.0000 time=11618.1ms: LiDAR-Camera 手动调整完成

╔══════════════════════════════════════════════════════╗
║              标定参数汇总                            ║
╠══════════════════════════════════════════════════════╣
║ 外参:
║   lidar_0->cam_front:
║     R(RPY°): [4.78, -89.55, -95.67]
║     T(m):    [0.11, 0.10, -0.03]
║     时偏(s): 0.00
║     RMS:     0.00 ✗
║   lidar_0->cam_left:
║     R(RPY°): [4.78, -89.55, -95.67]
║     T(m):    [0.11, 0.10, -0.03]
║     时偏(s): 0.00
║     RMS:     0.00 ✗
║   lidar_0->cam_rear:
║     R(RPY°): [4.78, -89.55, -95.67]
║     T(m):    [0.11, 0.10, -0.03]
║     时偏(s): 0.00
║     RMS:     0.00 ✗
║   lidar_0->cam_right:
║     R(RPY°): [4.78, -89.55, -95.67]
║     T(m):    [0.11, 0.10, -0.03]
║     时偏(s): 0.00
║     RMS:     0.00 ✗
╚══════════════════════════════════════════════════════╝

[21:00:00.562] [info] ================================
[21:00:00.563] [info] Pipeline report saved: ./results/pipeline_report_20260428_205944.yaml
[21:00:00.564] [info] ====== Pipeline Report: pipeline_20260428_205944 ======
[21:00:00.564] [info]   Total time: 16499.3 ms
[21:00:00.564] [info]   All stages succeeded: YES
[21:00:00.564] [info]   标定质量: 各阶段 RMS 均在阈值内
[21:00:00.564] [info]   [Coarse-AI-lidar_cam_extrin] success=true rms=0.0000 time=0.0ms: 使用配置 initial_extrinsic 作为粗标定结果，精标定将以此起步
[21:00:00.564] [info]   [Fine-Auto-lidar_cam_extrin] success=true rms=0.0000 time=4881.2ms: LiDAR-Camera 精标定完成: 4 个相机, 最大 RMS=0.000000 px
[21:00:00.564] [info]   [Manual-Refine-lidar_cam_extrin] success=true rms=0.0000 time=11618.1ms: LiDAR-Camera 手动调整完成

╔══════════════════════════════════════════════════════╗
║              标定参数汇总                            ║
╠══════════════════════════════════════════════════════╣
║ 外参:
║   lidar_0->cam_front:
║     R(RPY°): [4.78, -89.55, -95.67]
║     T(m):    [0.11, 0.10, -0.03]
║     时偏(s): 0.00
║     RMS:     0.00 ✗
║   lidar_0->cam_left:
║     R(RPY°): [4.78, -89.55, -95.67]
║     T(m):    [0.11, 0.10, -0.03]
║     时偏(s): 0.00
║     RMS:     0.00 ✗
║   lidar_0->cam_rear:
║     R(RPY°): [4.78, -89.55, -95.67]
║     T(m):    [0.11, 0.10, -0.03]
║     时偏(s): 0.00
║     RMS:     0.00 ✗
║   lidar_0->cam_right:
║     R(RPY°): [4.78, -89.55, -95.67]
║     T(m):    [0.11, 0.10, -0.03]
║     时偏(s): 0.00
║     RMS:     0.00 ✗
╚══════════════════════════════════════════════════════╝

[21:00:00.564] [info] ================================
[21:00:00.564] [info] ━━━━━━━━━━━━━━━━━━━━━━━━━━━━━━━━━━━━
[21:00:00.564] [info] LiDAR-Camera 标定流程完成
[21:00:00.564] [info] 结果目录: ./results
[21:00:00.564] [info] 标定流程正常退出 exit_code=0
[21:00:00.564] [info] ━━━━━━━━━━━━━━━━━━━━━━━━━━━━━━━━━━━━
