
 ╔═══════════════════════════════════════════════════════╗
 ║   UniCalib — LiDAR-Camera 外参标定                    ║
 ║   两阶段: AI粗标定(MIAS-LCEC) → 无目标边缘精标定      ║
 ║   手动校准: --manual 触发 6-DOF 交互式调整             ║
 ╚═══════════════════════════════════════════════════════╝

[2026-05-07 11:38:12.074] [info] [LiDAR-Camera] [:] ━━━━━━━━━━━━━━━━━━━━━━━━━━━━━━━━━━━━
[2026-05-07 11:38:12.074] [info] [LiDAR-Camera] [:] 配置文件: /root/calib_ws/calib_unified/config/unicalib_example.yaml
[2026-05-07 11:38:12.074] [info] [LiDAR-Camera] [:] 输出目录: /root/calib_ws/results
[2026-05-07 11:38:12.074] [info] [LiDAR-Camera] [:] 数据根目录: /root/calib_ws/data (--data-dir 或 CALIB_DATA_DIR)
[2026-05-07 11:38:12.074] [info] [LiDAR-Camera] [:] 精标定方法: edge (无目标优先=true)
[2026-05-07 11:38:12.074] [info] [LiDAR-Camera] [:] AI粗标定: true | 手动校准: true
[2026-05-07 11:38:12.074] [info] [LiDAR-Camera] [:] ━━━━━━━━━━━━━━━━━━━━━━━━━━━━━━━━━━━━
[2026-05-07 11:38:12.076] [info] [LiDAR-Camera] [:] 读取系统配置: /root/calib_ws/calib_unified/config/unicalib_example.yaml
[2026-05-07 11:38:12.077] [info] [LiDAR-Camera] [:]   IMU: 1, LiDAR: 2, Camera: 2
[2026-05-07 11:38:12.077] [info] [LiDAR-Camera] [:] ━━━━━━━━━━━━━━━━━━━━━━━━━━━━━━━━━━━━ [数据路径] ━━━━━━━━━━━━━━━━━━━━━━━━━━━━━
[2026-05-07 11:38:12.077] [info] [LiDAR-Camera] [:]   数据路径来源: 统一格式 (data.lidar.<id> / data.camera.<id>.images_dir)
[2026-05-07 11:38:12.077] [info] [LiDAR-Camera] [:]   配置原始值 — lidar:  nya_02_slam_imu_to_lidar/lidar_horz.yaml
[2026-05-07 11:38:12.077] [info] [LiDAR-Camera] [:]   配置原始值 — camera: lidar_camera_calibration-master/calibration_data/camera_calibration
[2026-05-07 11:38:12.077] [info] [LiDAR-Camera] [:]   base_data_dir:  /root/calib_ws/data
[2026-05-07 11:38:12.077] [info] [LiDAR-Camera] [:]   base 来源: 命令行 --data-dir
[2026-05-07 11:38:12.077] [info] [LiDAR-Camera] [:]   lidar_dir:      /root/calib_ws/data/nya_02_slam_imu_to_lidar/lidar_horz.yaml
[2026-05-07 11:38:12.077] [info] [LiDAR-Camera] [:]     → 相对路径，已与 base 拼接
[2026-05-07 11:38:12.077] [info] [LiDAR-Camera] [:]     → 存在: 是
[2026-05-07 11:38:12.077] [info] [LiDAR-Camera] [:]   camera_dir:     /root/calib_ws/data/lidar_camera_calibration-master/calibration_data/camera_calibration
[2026-05-07 11:38:12.077] [info] [LiDAR-Camera] [:]     → 相对路径，已与 base 拼接
[2026-05-07 11:38:12.077] [info] [LiDAR-Camera] [:]     → 存在: 是
[2026-05-07 11:38:12.077] [info] [LiDAR-Camera] [:]   【数据就绪】是 — 点云与图像目录均存在，将执行精标定
[2026-05-07 11:38:12.077] [info] [LiDAR-Camera] [:]   说明: 使用 --dataset 时请将 data.lidar/data.camera 设为相对 base 的路径（如 pcd、images），不要使用 /path/to/... 占位符
[2026-05-07 11:38:12.077] [info] [LiDAR-Camera] [:] ━━━━━━━━━━━━━━━━━━━━━━━━━━━━━━━━━━━━━━━━━━━━━━━━━━━━━━━━━━━━━━━━━━━━━━━━━━━━
[2026-05-07 11:38:12.077] [info] [LiDAR-Camera] [:] [LiDAR-Cam] use_config_extrinsic_only=true：跳过 AI 粗标定，将使用配置 initial_extrinsic 直接进入精标定/手动微调
[2026-05-07 11:38:12.077] [info] [LiDAR-Camera] [:] 读取系统配置: /root/calib_ws/calib_unified/config/unicalib_example.yaml
[2026-05-07 11:38:12.078] [info] [LiDAR-Camera] [:]   IMU: 1, LiDAR: 2, Camera: 2
[2026-05-07 11:38:12.078] [info] [LiDAR-Camera] [:] 读取系统配置: /root/calib_ws/calib_unified/config/unicalib_example.yaml
[2026-05-07 11:38:12.079] [info] [LiDAR-Camera] [:]   IMU: 1, LiDAR: 2, Camera: 2
[2026-05-07 11:38:12.079] [info] [LiDAR-Camera] [:] 配置: 使用 ROS2 bag 模式（离线标定）
[2026-05-07 11:38:12.079] [info] [LiDAR-Camera] [:]   Bag 路径: /root/calib_ws/data/nya_02_slam_imu_to_lidar/nya_02_ros2
[2026-05-07 11:38:12.079] [info] [LiDAR-Camera] [:]   LiDAR 话题: /os1_cloud_node1/points
[2026-05-07 11:38:12.079] [info] [LiDAR-Camera] [:]   相机话题: /left/image_raw
[2026-05-07 11:38:12.079] [info] [LiDAR-Camera] [:]   IMU 话题: /imu/imu
[2026-05-07 11:38:12.079] [info] [LiDAR-Camera] [:] [数据源] 类型=ROS2_BAG  path=/root/calib_ws/data/nya_02_slam_imu_to_lidar/nya_02_ros2  lidar_topic=/os1_cloud_node1/points  camera_topic=/left/image_raw
[2026-05-07 11:38:12.079] [info] [LiDAR-Camera] [:]   内参将从相机标定结果读取: ./results/camera_intrinsic/camera_intrinsic_cam_left.yaml (camera_id=cam_left)
[2026-05-07 11:38:12.080] [info] [LiDAR-Camera] [:]   内参将从相机标定结果读取: ./results/camera_intrinsic/camera_intrinsic_cam_right.yaml (camera_id=cam_right)
[2026-05-07 11:38:12.080] [info] [LiDAR-Camera] [:] [CalibPipeline] 初始化 ID=pipeline_20260507_113812
[2026-05-07 11:38:12.080] [info] [LiDAR-Camera] [:] [CalibPipeline] 输出目录: ./results
[2026-05-07 11:38:12.080] [info] [LiDAR-Camera] [:] [CalibPipeline] 无目标优先: true
[2026-05-07 11:38:12.080] [info] [LiDAR-Camera] [:] [CalibPipeline] 任务掩码: 0x10
[2026-05-07 11:38:12.080] [info] [LiDAR-Camera] [:] ▶ Stage 2: 精标定 (方法=edge)
[2026-05-07 11:38:12.080] [info] [LiDAR-Camera] [:] ▶ Stage 3: 手动校准 (manual_threshold=2.00px)
[2026-05-07 11:38:12.080] [info] [LiDAR-Camera] [:]   使用 ManualCalibSession 进行 6-DOF 交互式调整
[2026-05-07 11:38:12.080] [info] [LiDAR-Camera] [:]   调用示例:
[2026-05-07 11:38:12.080] [info] [LiDAR-Camera] [:]     ManualCalibSession::SessionConfig sess_cfg;
[2026-05-07 11:38:12.080] [info] [LiDAR-Camera] [:]     sess_cfg.save_dir = "./results/manual_sessions";
[2026-05-07 11:38:12.080] [info] [LiDAR-Camera] [:]     ManualCalibSession session(sess_cfg);
[2026-05-07 11:38:12.080] [info] [LiDAR-Camera] [:]     auto result = session.run_lidar_cam(scan, image, intrin, auto_result, auto_rms);
[2026-05-07 11:38:12.080] [info] [LiDAR-Camera] [:] 
[2026-05-07 11:38:12.080] [info] [LiDAR-Camera] [:] ╔═══════════════════════════════════════════════╗
[2026-05-07 11:38:12.080] [info] [LiDAR-Camera] [:] ║   UniCalib 两阶段标定流水线 — 开始            ║
[2026-05-07 11:38:12.080] [info] [LiDAR-Camera] [:] ║   Pipeline ID: pipeline_20260507_113812       ║
[2026-05-07 11:38:12.080] [info] [LiDAR-Camera] [:] ╚═══════════════════════════════════════════════╝
[2026-05-07 11:38:12.080] [info] [LiDAR-Camera] [:] [Coarse-AI/LiDAR-Cam] enable_coarse_lidar_cam=true → do_coarse=true
[11:38:12.080] [info] 
[11:38:12.080] [info] ━━━━━━━━━━━━━━━━━━━━━━━━━━━━━━━━━━━━━━━━━
[11:38:12.080] [info] ▶ 开始阶段: [Coarse-AI] 任务: [lidar_cam_extrin]
[11:38:12.080] [info]   描述: AI模型提供初始估计值
[11:38:12.080] [info] ━━━━━━━━━━━━━━━━━━━━━━━━━━━━━━━━━━━━━━━━━
[11:38:12.080] [info] [CALC] 粗标定阶段开始 task=lidar_cam_extrin
[11:38:12.080] [info] [Coarse-AI/LiDAR-Cam] 使用配置粗标定初值作为粗标定结果 t=[0.116,-0.018,0.097]m，精标定将以此起步
[11:38:12.080] [info] ━━━━━━━━━━━━━━━━━━━━━━━━━━━━━━━━━━━━━━━━━
[11:38:12.080] [info] ■ 结束阶段: [Coarse-AI] 任务: [lidar_cam_extrin]
[11:38:12.080] [info]   结果: ✓ 成功 | 残差RMS: 0.0000 | 耗时: 0 ms
[11:38:12.080] [info]   消息: 使用配置 initial_extrinsic 作为粗标定结果，精标定将以此起步
[11:38:12.080] [info] [CALC] 阶段结束 stage=Coarse-AI task=lidar_cam_extrin success=true residual_rms=0.000000 elapsed_ms=0.0 threshold=-1.0000
[11:38:12.080] [info] ━━━━━━━━━━━━━━━━━━━━━━━━━━━━━━━━━━━━━━━━━
[11:38:12.080] [info] 
[11:38:12.080] [info] ━━━━━━━━━━━━━━━━━━━━━━━━━━━━━━━━━━━━━━━━━
[11:38:12.080] [info] ▶ 开始阶段: [Fine-Auto] 任务: [lidar_cam_extrin]
[11:38:12.080] [info]   描述: 无目标优化
[11:38:12.080] [info] ━━━━━━━━━━━━━━━━━━━━━━━━━━━━━━━━━━━━━━━━━
[11:38:12.080] [info] [CALC] 精标定阶段开始 task=lidar_cam_extrin
[11:38:12.080] [info] [Fine-Auto] 任务: lidar_cam_extrin | 无目标优先: true
[11:38:12.080] [info] [Fine-Auto] 方法: 边缘对齐互信息 (EDGE_ALIGNMENT, 无目标)
[11:38:12.080] [info] [STAGE=lidar_cam_fine_auto] LiDAR-Camera 精标定 开始
[11:38:12.080] [info] [Fine-Auto/LiDAR-Cam] 开始执行精标定...
[11:38:12.080] [info]   [精标定数据源] 类型=ROS2_BAG  lidar_id=lidar_front
[11:38:12.080] [info]   ROS2 Bag: /root/calib_ws/data/nya_02_slam_imu_to_lidar/nya_02_ros2  LiDAR 话题: /os1_cloud_node1/points  相机话题: /left/image_raw
[11:38:12.080] [info] [Fine-Auto/LiDAR-Cam] 从 ROS2 加载数据...
[11:38:12.080] [info] [UnifiedDataLoader] 从 ROS2 加载数据...
[11:38:12.080] [info]   Bag 文件: /root/calib_ws/data/nya_02_slam_imu_to_lidar/nya_02_ros2
[11:38:12.080] [info]   实时模式: false
[11:38:12.080] [info] [Ros2BagDataSource] 打开 bag 文件: /root/calib_ws/data/nya_02_slam_imu_to_lidar/nya_02_ros2
[11:38:12.080] [info] [Ros2BagDataSource] 正在读取 metadata.yaml: /root/calib_ws/data/nya_02_slam_imu_to_lidar/nya_02_ros2/metadata.yaml
[11:38:12.081] [debug] [Ros2BagDataSource] 找到话题: /dji_sdk/imu (类型: sensor_msgs/msg/Imu, 消息数: 171462)
[11:38:12.081] [debug] [Ros2BagDataSource] 找到话题: /dji_sdk/attitude (类型: geometry_msgs/msg/QuaternionStamped, 消息数: 42866)
[11:38:12.081] [debug] [Ros2BagDataSource] 找到话题: /os1_cloud_node2/imu (类型: sensor_msgs/msg/Imu, 消息数: 42862)
[11:38:12.081] [debug] [Ros2BagDataSource] 找到话题: /os1_cloud_node1/imu (类型: sensor_msgs/msg/Imu, 消息数: 42862)
[11:38:12.081] [debug] [Ros2BagDataSource] 找到话题: /imu/imu (类型: sensor_msgs/msg/Imu, 消息数: 166428)
[11:38:12.081] [debug] [Ros2BagDataSource] 找到话题: /imu/magnetic_field (类型: sensor_msgs/msg/MagneticField, 消息数: 166428)
[11:38:12.081] [debug] [Ros2BagDataSource] 找到话题: /imu/temperature (类型: sensor_msgs/msg/Temperature, 消息数: 166428)
[11:38:12.081] [debug] [Ros2BagDataSource] 找到话题: /dji_sdk/gps_position (类型: sensor_msgs/msg/NavSatFix, 消息数: 21433)
[11:38:12.081] [debug] [Ros2BagDataSource] 找到话题: /dji_sdk/height_above_takeoff (类型: std_msgs/msg/Float32, 消息数: 21433)
[11:38:12.081] [debug] [Ros2BagDataSource] 找到话题: /dji_sdk/gps_health (类型: std_msgs/msg/UInt8, 消息数: 21433)
[11:38:12.081] [debug] [Ros2BagDataSource] 找到话题: /uwb_endorange_info (类型: uwb_driver/msg/UwbRange, 消息数: 25172)
[11:38:12.081] [debug] [Ros2BagDataSource] 找到话题: /left/image_raw (类型: sensor_msgs/msg/Image, 消息数: 4285)
[11:38:12.081] [debug] [Ros2BagDataSource] 找到话题: /right/image_raw (类型: sensor_msgs/msg/Image, 消息数: 4285)
[11:38:12.081] [debug] [Ros2BagDataSource] 找到话题: /os1_cloud_node1/points (类型: sensor_msgs/msg/PointCloud2, 消息数: 4287)
[11:38:12.081] [debug] [Ros2BagDataSource] 找到话题: /os1_cloud_node2/points (类型: sensor_msgs/msg/PointCloud2, 消息数: 4286)
[11:38:12.081] [debug] [Ros2BagDataSource] 找到话题: /uwb_exorange_info (类型: uwb_driver/msg/UwbEcho, 消息数: 2437)
[11:38:12.081] [debug] [Ros2BagDataSource] 找到话题: /node_pos_marker_sc (类型: visualization_msgs/msg/Marker, 消息数: 2437)
[11:38:12.081] [debug] [Ros2BagDataSource] 找到话题: /node_pos_sc (类型: nav_msgs/msg/Path, 消息数: 2437)
[11:38:12.081] [debug] [Ros2BagDataSource] 找到话题: /leica/pose/relative (类型: geometry_msgs/msg/PoseStamped, 消息数: 7679)
[11:38:12.081] [info] [Ros2BagDataSource] 使用配置的 LiDAR 话题: /os1_cloud_node1/points
[11:38:12.081] [info] [Ros2BagDataSource] 使用配置的相机话题: /left/image_raw
[11:38:12.081] [info] [Ros2BagDataSource] 使用配置的 IMU 话题: /imu/imu
[INFO] [1778125092.085561733] [rosbag2_storage]: Opened database '/root/calib_ws/data/nya_02_slam_imu_to_lidar/nya_02_ros2/nya_02_ros2.db3' for READ_ONLY.
[11:38:12.085] [info] [Ros2BagDataSource] Bag 已打开，开始读取消息...
[11:38:12.085] [info] [Ros2BagDataSource] 找到 19 个话题
[11:38:12.085] [info] [Ros2BagDataSource]  话题: /dji_sdk/imu  类型: sensor_msgs/msg/Imu  消息数: 171462
[11:38:12.085] [info] [Ros2BagDataSource]  话题: /dji_sdk/attitude  类型: geometry_msgs/msg/QuaternionStamped  消息数: 42866
[11:38:12.085] [info] [Ros2BagDataSource]  话题: /os1_cloud_node2/imu  类型: sensor_msgs/msg/Imu  消息数: 42862
[11:38:12.085] [info] [Ros2BagDataSource]  话题: /os1_cloud_node1/imu  类型: sensor_msgs/msg/Imu  消息数: 42862
[11:38:12.085] [info] [Ros2BagDataSource]  话题: /imu/imu  类型: sensor_msgs/msg/Imu  消息数: 166428
[11:38:12.085] [info] [Ros2BagDataSource]  话题: /imu/magnetic_field  类型: sensor_msgs/msg/MagneticField  消息数: 166428
[11:38:12.085] [info] [Ros2BagDataSource]  话题: /imu/temperature  类型: sensor_msgs/msg/Temperature  消息数: 166428
[11:38:12.085] [info] [Ros2BagDataSource]  话题: /dji_sdk/gps_position  类型: sensor_msgs/msg/NavSatFix  消息数: 21433
[11:38:12.085] [info] [Ros2BagDataSource]  话题: /dji_sdk/height_above_takeoff  类型: std_msgs/msg/Float32  消息数: 21433
[11:38:12.085] [info] [Ros2BagDataSource]  话题: /dji_sdk/gps_health  类型: std_msgs/msg/UInt8  消息数: 21433
[11:38:12.085] [info] [Ros2BagDataSource]  话题: /uwb_endorange_info  类型: uwb_driver/msg/UwbRange  消息数: 25172
[11:38:12.085] [info] [Ros2BagDataSource]  话题: /left/image_raw  类型: sensor_msgs/msg/Image  消息数: 4285
[11:38:12.085] [info] [Ros2BagDataSource]  话题: /right/image_raw  类型: sensor_msgs/msg/Image  消息数: 4285
[11:38:12.085] [info] [Ros2BagDataSource]  话题: /os1_cloud_node1/points  类型: sensor_msgs/msg/PointCloud2  消息数: 4287
[11:38:12.085] [info] [Ros2BagDataSource]  话题: /os1_cloud_node2/points  类型: sensor_msgs/msg/PointCloud2  消息数: 4286
[11:38:12.085] [info] [Ros2BagDataSource]  话题: /uwb_exorange_info  类型: uwb_driver/msg/UwbEcho  消息数: 2437
[11:38:12.085] [info] [Ros2BagDataSource]  话题: /node_pos_marker_sc  类型: visualization_msgs/msg/Marker  消息数: 2437
[11:38:12.085] [info] [Ros2BagDataSource]  话题: /node_pos_sc  类型: nav_msgs/msg/Path  消息数: 2437
[11:38:12.085] [info] [Ros2BagDataSource]  话题: /leica/pose/relative  类型: geometry_msgs/msg/PoseStamped  消息数: 7679
[11:38:12.085] [info] [Ros2BagDataSource] 将加载 bag 内所有 IMU / LiDAR / 相机话题，加载后可通过 sensor_id 或话题名选择使用
[11:38:12.530] [debug]   收集 IMU [/dji_sdk/imu] 帧数: 5000
[11:38:12.565] [debug]   收集 IMU [/imu/imu] 帧数: 5000
[11:38:12.936] [debug]   收集 IMU [/dji_sdk/imu] 帧数: 10000
[11:38:12.980] [debug]   收集 IMU [/imu/imu] 帧数: 10000
[11:38:13.337] [debug]   收集 IMU [/dji_sdk/imu] 帧数: 15000
[11:38:13.386] [debug]   收集 IMU [/imu/imu] 帧数: 15000
[11:38:13.800] [debug]   收集 LiDAR [/os1_cloud_node1/points] 帧数: 500
[11:38:13.801] [debug]   收集 LiDAR [/os1_cloud_node2/points] 帧数: 500
[11:38:13.802] [debug]   收集相机 [/left/image_raw] 帧数: 500
[11:38:13.802] [debug]   收集相机 [/right/image_raw] 帧数: 500
[11:38:13.802] [debug]   收集 IMU [/dji_sdk/imu] 帧数: 20000
[11:38:13.802] [debug]   收集 IMU [/os1_cloud_node1/imu] 帧数: 5000
[11:38:13.802] [debug]   收集 IMU [/os1_cloud_node2/imu] 帧数: 5000
[11:38:13.894] [debug]   收集 IMU [/imu/imu] 帧数: 20000
[11:38:14.308] [debug]   收集 IMU [/dji_sdk/imu] 帧数: 25000
[11:38:14.409] [debug]   收集 IMU [/imu/imu] 帧数: 25000
[11:38:14.866] [debug]   收集 IMU [/dji_sdk/imu] 帧数: 30000
[11:38:14.954] [debug]   收集 IMU [/imu/imu] 帧数: 30000
[11:38:15.534] [debug]   收集 IMU [/dji_sdk/imu] 帧数: 35000
[11:38:15.631] [debug]   收集 IMU [/imu/imu] 帧数: 35000
[11:38:16.070] [debug]   收集 LiDAR [/os1_cloud_node1/points] 帧数: 1000
[11:38:16.071] [debug]   收集 LiDAR [/os1_cloud_node2/points] 帧数: 1000
[11:38:16.071] [debug]   收集相机 [/left/image_raw] 帧数: 1000
[11:38:16.072] [debug]   收集相机 [/right/image_raw] 帧数: 1000
[11:38:16.072] [debug]   收集 IMU [/dji_sdk/imu] 帧数: 40000
[11:38:16.072] [debug]   收集 IMU [/os1_cloud_node1/imu] 帧数: 10000
[11:38:16.072] [debug]   收集 IMU [/os1_cloud_node2/imu] 帧数: 10000
[11:38:16.190] [debug]   收集 IMU [/imu/imu] 帧数: 40000
[11:38:16.694] [debug]   收集 IMU [/dji_sdk/imu] 帧数: 45000
[11:38:16.819] [debug]   收集 IMU [/imu/imu] 帧数: 45000
[11:38:17.244] [debug]   收集 IMU [/dji_sdk/imu] 帧数: 50000
[11:38:17.542] [debug]   收集 IMU [/imu/imu] 帧数: 50000
[11:38:17.846] [debug]   收集 IMU [/dji_sdk/imu] 帧数: 55000
[11:38:17.995] [debug]   收集 IMU [/imu/imu] 帧数: 55000
[11:38:18.625] [debug]   收集 LiDAR [/os1_cloud_node1/points] 帧数: 1500
[11:38:18.626] [debug]   收集 LiDAR [/os1_cloud_node2/points] 帧数: 1500
[11:38:18.626] [debug]   收集 IMU [/dji_sdk/imu] 帧数: 60000
[11:38:18.626] [debug]   收集相机 [/left/image_raw] 帧数: 1500
[11:38:18.627] [debug]   收集相机 [/right/image_raw] 帧数: 1500
[11:38:18.627] [debug]   收集 IMU [/os1_cloud_node1/imu] 帧数: 15000
[11:38:18.627] [debug]   收集 IMU [/os1_cloud_node2/imu] 帧数: 15000
[11:38:18.993] [debug]   收集 IMU [/imu/imu] 帧数: 60000
[11:38:19.628] [debug]   收集 IMU [/dji_sdk/imu] 帧数: 65000
[11:38:19.806] [debug]   收集 IMU [/imu/imu] 帧数: 65000
[11:38:20.120] [debug]   收集 IMU [/dji_sdk/imu] 帧数: 70000
[11:38:20.311] [debug]   收集 IMU [/imu/imu] 帧数: 70000
[11:38:20.644] [debug]   收集 IMU [/dji_sdk/imu] 帧数: 75000
[11:38:20.842] [debug]   收集 IMU [/imu/imu] 帧数: 75000
[11:38:21.069] [debug]   收集 LiDAR [/os1_cloud_node1/points] 帧数: 2000
[11:38:21.071] [debug]   收集 LiDAR [/os1_cloud_node2/points] 帧数: 2000
[11:38:21.072] [debug]   收集 IMU [/dji_sdk/imu] 帧数: 80000
[11:38:21.072] [debug]   收集 IMU [/os1_cloud_node1/imu] 帧数: 20000
[11:38:21.072] [debug]   收集 IMU [/os1_cloud_node2/imu] 帧数: 20000
[11:38:21.073] [debug]   收集相机 [/left/image_raw] 帧数: 2000
[11:38:21.074] [debug]   收集相机 [/right/image_raw] 帧数: 2000
[11:38:21.307] [debug]   收集 IMU [/imu/imu] 帧数: 80000
[11:38:21.862] [debug]   收集 IMU [/dji_sdk/imu] 帧数: 85000
[11:38:22.081] [debug]   收集 IMU [/imu/imu] 帧数: 85000
[11:38:22.262] [debug]   收集 IMU [/dji_sdk/imu] 帧数: 90000
[11:38:22.613] [debug]   收集 IMU [/imu/imu] 帧数: 90000
[11:38:22.792] [debug]   收集 IMU [/dji_sdk/imu] 帧数: 95000
[11:38:23.129] [debug]   收集 IMU [/imu/imu] 帧数: 95000
[11:38:23.462] [debug]   收集 LiDAR [/os1_cloud_node1/points] 帧数: 2500
[11:38:23.464] [debug]   收集 LiDAR [/os1_cloud_node2/points] 帧数: 2500
[11:38:23.465] [debug]   收集 IMU [/dji_sdk/imu] 帧数: 100000
[11:38:23.465] [debug]   收集 IMU [/os1_cloud_node1/imu] 帧数: 25000
[11:38:23.465] [debug]   收集 IMU [/os1_cloud_node2/imu] 帧数: 25000
[11:38:23.466] [debug]   收集相机 [/left/image_raw] 帧数: 2500
[11:38:23.467] [debug]   收集相机 [/right/image_raw] 帧数: 2500
[11:38:23.729] [debug]   收集 IMU [/imu/imu] 帧数: 100000
[11:38:23.919] [debug]   收集 IMU [/dji_sdk/imu] 帧数: 105000
[11:38:24.442] [debug]   收集 IMU [/imu/imu] 帧数: 105000
[11:38:24.636] [debug]   收集 IMU [/dji_sdk/imu] 帧数: 110000
[11:38:24.981] [debug]   收集 IMU [/imu/imu] 帧数: 110000
[11:38:25.107] [debug]   收集 IMU [/dji_sdk/imu] 帧数: 115000
[11:38:32.977] [debug]   收集 IMU [/imu/imu] 帧数: 115000
[11:38:37.980] [debug]   收集 LiDAR [/os1_cloud_node1/points] 帧数: 3000
[11:38:37.982] [debug]   收集 LiDAR [/os1_cloud_node2/points] 帧数: 3000
[11:38:37.982] [debug]   收集 IMU [/dji_sdk/imu] 帧数: 120000
[11:38:37.983] [debug]   收集 IMU [/os1_cloud_node1/imu] 帧数: 30000
[11:38:37.983] [debug]   收集 IMU [/os1_cloud_node2/imu] 帧数: 30000
[11:38:37.984] [debug]   收集相机 [/left/image_raw] 帧数: 3000
[11:38:37.984] [debug]   收集相机 [/right/image_raw] 帧数: 3000
[11:38:38.356] [debug]   收集 IMU [/imu/imu] 帧数: 120000
[11:38:38.506] [debug]   收集 IMU [/dji_sdk/imu] 帧数: 125000
[11:38:38.951] [debug]   收集 IMU [/imu/imu] 帧数: 125000
[11:38:39.078] [debug]   收集 IMU [/dji_sdk/imu] 帧数: 130000
[11:38:39.559] [debug]   收集 IMU [/imu/imu] 帧数: 130000
[11:38:39.687] [debug]   收集 IMU [/dji_sdk/imu] 帧数: 135000
[11:38:40.183] [debug]   收集 IMU [/imu/imu] 帧数: 135000
[11:38:40.287] [debug]   收集 LiDAR [/os1_cloud_node1/points] 帧数: 3500
[11:38:40.289] [debug]   收集 LiDAR [/os1_cloud_node2/points] 帧数: 3500
[11:38:40.291] [debug]   收集 IMU [/dji_sdk/imu] 帧数: 140000
[11:38:40.292] [debug]   收集 IMU [/os1_cloud_node1/imu] 帧数: 35000
[11:38:40.292] [debug]   收集 IMU [/os1_cloud_node2/imu] 帧数: 35000
[11:38:40.295] [debug]   收集相机 [/left/image_raw] 帧数: 3500
[11:38:40.295] [debug]   收集相机 [/right/image_raw] 帧数: 3500
[11:38:40.796] [debug]   收集 IMU [/imu/imu] 帧数: 140000
[11:38:40.881] [debug]   收集 IMU [/dji_sdk/imu] 帧数: 145000
[11:38:41.454] [debug]   收集 IMU [/imu/imu] 帧数: 145000
[11:38:41.535] [debug]   收集 IMU [/dji_sdk/imu] 帧数: 150000
[11:38:42.133] [debug]   收集 IMU [/imu/imu] 帧数: 150000
[11:38:42.193] [debug]   收集 IMU [/dji_sdk/imu] 帧数: 155000
[11:38:42.853] [debug]   收集 IMU [/imu/imu] 帧数: 155000
[11:38:42.893] [debug]   收集 LiDAR [/os1_cloud_node1/points] 帧数: 4000
[11:38:42.895] [debug]   收集 LiDAR [/os1_cloud_node2/points] 帧数: 4000
[11:38:42.897] [debug]   收集 IMU [/dji_sdk/imu] 帧数: 160000
[11:38:42.899] [debug]   收集 IMU [/os1_cloud_node1/imu] 帧数: 40000
[11:38:42.899] [debug]   收集 IMU [/os1_cloud_node2/imu] 帧数: 40000
[11:38:42.904] [debug]   收集相机 [/left/image_raw] 帧数: 4000
[11:38:42.905] [debug]   收集相机 [/right/image_raw] 帧数: 4000
[11:38:46.116] [debug]   收集 IMU [/imu/imu] 帧数: 160000
[11:38:46.131] [debug]   收集 IMU [/dji_sdk/imu] 帧数: 165000
[11:38:51.965] [debug]   收集 IMU [/imu/imu] 帧数: 165000
[11:38:51.966] [debug]   收集 IMU [/dji_sdk/imu] 帧数: 170000
[11:38:52.123] [info] [Ros2BagDataSource] 加载完成 (所有话题按话题名存储，可通过 sensor_id 或话题名选择):
[11:38:52.123] [info]   LiDAR [/os1_cloud_node1/points]: 4287 帧
[11:38:52.123] [info]   LiDAR [/os1_cloud_node2/points]: 4286 帧
[11:38:52.123] [info]   相机 [/left/image_raw]: 4285 帧
[11:38:52.123] [info]   相机 [/right/image_raw]: 4285 帧
[11:38:52.123] [info]   IMU [/dji_sdk/imu]: 171462 帧
[11:38:52.123] [info]   IMU [/imu/imu]: 166428 帧
[11:38:52.123] [info]   IMU [/os1_cloud_node1/imu]: 42862 帧
[11:38:52.123] [info]   IMU [/os1_cloud_node2/imu]: 42862 帧
[11:38:52.124] [info]   选用 LiDAR  lidar_front -> /os1_cloud_node1/points
[11:38:52.124] [info]   选用 相机  cam_left -> /left/image_raw
[11:38:52.124] [info]   选用 IMU    imu_0 -> /imu/imu
[11:38:52.124] [info]   时间范围: 1609045331.127 - 1609045759.771 秒
[11:38:52.124] [info] [Ros2BagDataSource] 应用采样/帧数限制...
[11:38:52.307] [info]   LiDAR /os1_cloud_node1/points 采样后: 800 帧
[11:38:52.385] [info]   LiDAR /os1_cloud_node2/points 采样后: 800 帧
[11:38:52.481] [info]   相机 /left/image_raw 采样后: 800 帧
[11:38:52.535] [info]   相机 /right/image_raw 采样后: 800 帧
[11:38:52.547] [info] [Fine-Auto/LiDAR-Cam] LiDAR 加载完成: 800 帧 (将按相机逐路取帧)
[11:38:52.548] [info] 读取相机内参: ./results/camera_intrinsic/camera_intrinsic_cam_left.yaml
[11:38:52.549] [info]   fx=425.03 fy=426.80 cx=386.02 cy=241.91 dist=4
[11:38:52.549] [info] [Fine-Auto/LiDAR-Cam] 步骤: LiDAR-Camera 标定 相机=cam_left (方法: 边缘对齐)
[11:38:52.551] [info] [CalibVisualizer] 初始化完成
[11:38:52.551] [info] [Fine-Auto/LiDAR-Cam] 可视化已启用：仅标定结束后显示一帧「图像+点云投影」叠加，不创建 3D 窗口、不泵送其他帧
[11:38:52.551] [info] [Fine-Auto/LiDAR-Cam] 使用粗标定初值 t=[0.116,-0.018,0.097]m
[11:38:52.557] [info] [Fine-Auto] 结果已保存: ./results/lidar_camera_extrinsic/lidar_cam_cam_left_extrinsic.yaml
[11:38:52.557] [info] [Viz] 即将生成投影图并保存到 ./results/lidar_camera_extrinsic/lidar_cam_cam_left_projection.png
[11:38:52.572] [info] 投影可视化保存: ./results/lidar_camera_extrinsic/lidar_cam_cam_left_projection.png
[11:38:52.572] [info] [Viz] 投影图已保存（仅使用配置初值，未做精标定）
[11:38:52.572] [info] [Fine-Auto/LiDAR-Cam] 相机 cam_left 已使用配置初值跳过精标定，直接供手动微调
[11:38:52.572] [info] [Viz/Display] 即将关闭可视化窗口 原因=用户关闭或流程结束 pangolin_running=false
[11:38:52.572] [warning] [Fine-Auto/LiDAR-Cam] 相机 cam_right 无帧，跳过
[11:38:52.572] [warning] [Fine-Auto/LiDAR-Cam] 相机 cam_front 无帧，跳过
[11:38:52.572] [warning] [Fine-Auto/LiDAR-Cam] 相机 cam_rear 无帧，跳过
[11:38:52.573] [info] [Fine-Auto/LiDAR-Cam] 精标定完成: 1 个相机  最大 RMS=0.0000 px
[11:38:52.573] [info] [STAGE=lidar_cam_fine_auto] LiDAR-Camera 精标定 完成
[11:38:52.573] [info] [Fine-Auto/LiDAR-Cam] RMS 阈值=2.00 px  最大 RMS=0.0000 px  在阈值内
[11:38:52.750] [info] ━━━━━━━━━━━━━━━━━━━━━━━━━━━━━━━━━━━━━━━━━
[11:38:52.750] [info] ■ 结束阶段: [Fine-Auto] 任务: [lidar_cam_extrin]
[11:38:52.750] [info]   结果: ✓ 成功 | 残差RMS: 0.0000 | 耗时: 40670 ms
[11:38:52.750] [info]   消息: LiDAR-Camera 精标定完成: 1 个相机, 最大 RMS=0.000000 px
[11:38:52.750] [info] [CALC] 阶段结束 stage=Fine-Auto task=lidar_cam_extrin success=true residual_rms=0.000000 elapsed_ms=40492.5 threshold=2.0000
[11:38:52.750] [info] ━━━━━━━━━━━━━━━━━━━━━━━━━━━━━━━━━━━━━━━━━
[11:38:52.760] [info] [Pipeline] 用户已启用手动校准 (--manual), 进入 6-DOF 调整
[11:38:52.760] [info] 
[11:38:52.760] [info] ━━━━━━━━━━━━━━━━━━━━━━━━━━━━━━━━━━━━━━━━━
[11:38:52.760] [info] ▶ 开始阶段: [Manual-Refine] 任务: [lidar_cam_extrin]
[11:38:52.760] [info]   描述: 手动校准: 6-DOF 交互式调整
[11:38:52.760] [info] ━━━━━━━━━━━━━━━━━━━━━━━━━━━━━━━━━━━━━━━━━
[11:38:52.760] [info] [Manual-Refine] 任务: lidar_cam_extrin
[11:38:52.760] [info] [Manual-Refine] 操作说明: Q/A Roll  W/S Pitch  E/D Yaw  R/F Tx  T/G Ty  Y/H Tz  U Undo  Enter 接受  Esc 取消
[11:38:52.760] [info] [ManualSession] 会话ID: session_2026-05-07_11-38-52
[11:38:52.760] [info] [ManualSession] 保存目录: ./results/manual_sessions
[11:38:52.760] [info] [Manual-Refine] 已打开 6-DOF 可视化调整窗口，请在本窗口内按键微调后 Enter 接受或 Esc 取消
[11:38:52.760] [info] [Manual-Refine] LiDAR-Camera 手动调整仅使用首帧匹配数据（第 0 帧点云 + 第 0 帧图像）
[11:38:52.760] [info] [ManualSession] 启动 LiDAR-Camera 手动校准
[11:38:52.760] [info] [ManualSession] 自动标定 RMS: 0.0000 px (阈值建议 < 2.0px)
[11:38:52.760] [debug] [ManualSession] 事件: lidar_cam_start | auto_rms=0.000000
[11:38:52.760] [info] [ManualAdjust] 初始外参:
[11:38:52.760] [info] [ManualAdjust] 当前外参 [lidar_front→cam_left]:
[11:38:52.760] [info]   旋转 RPY: (-6.6552, -87.7610, -84.5373) deg
[11:38:52.760] [info]   平移 XYZ: (0.1158, -0.0177, 0.0974) m
[11:38:52.760] [info] [ManualSession] ===== 手动校准操作说明 =====
[11:38:52.760] [info]   Q/A: Roll ±0.1deg   W/S: Pitch ±0.1deg   E/D: Yaw ±0.1deg
[11:38:52.760] [info]   R/F: Tx ±0.5cm   T/G: Ty ±0.5cm   Y/H: Tz ±0.5cm
[11:38:52.760] [info]   Shift+键: 10倍步长
[11:38:52.760] [info]   P: 进入点击精化模式  U: 撤销  Z: 重做
[11:38:52.760] [info]   S: 保存  ESC: 接受并退出
[11:38:52.760] [info]   点云投影质量越高 (边缘对齐越好) 表示标定越准确
[11:38:52.771] [info] [ManualAdjust] 结果已保存: ./results/lidar_camera_extrinsic/manual_extrinsic_20260507_113852_initial.yaml
[11:38:52.771] [info] [ManualCalib] 交互窗口启动前已自动保存初始状态快照（备用）:
[11:38:52.771] [info]   - 投影图: ./results/lidar_camera_extrinsic/manual_projection_20260507_113852_initial.png
[11:38:52.771] [info]   - 点云:   ./results/lidar_camera_extrinsic/manual_cloud_20260507_113852_initial.pcd
[11:38:52.771] [info]   - 外参:   ./results/lidar_camera_extrinsic/manual_extrinsic_20260507_113852_initial.yaml

(unicalib_lidar_camera:144): dbind-WARNING **: 11:38:52.837: Couldn't connect to accessibility bus: Failed to connect to socket /run/user/1000/at-spi/bus_1: No such file or directory
[11:38:52.899] [info] [ManualCalib] 3D 点云窗口已禁用（避免 VTK 闪退），请在 2D 投影窗口进行微调。按下 'S' 键可手动保存当前微调结果图片和点云。
[11:38:52.899] [info] [ManualCalib] 初始位姿 T_lidar_to_cam:
[11:38:52.899] [info]   - Translation: 0.1158, -0.0177, 0.0974
[11:38:52.899] [info]   - RPY (deg):   92.2244, 178.8033, 90.2131
[11:44:10.982] [info] [ManualAdjust] 结果已保存: ./results/lidar_camera_extrinsic/manual_extrinsic_20260507_114410_final.yaml
[11:44:10.982] [info] [ManualCalib] 最终微调结果已自动保存:
[11:44:10.982] [info]   - 投影图: ./results/lidar_camera_extrinsic/manual_projection_20260507_114410_final.png
[11:44:10.982] [info]   - 点云:   ./results/lidar_camera_extrinsic/manual_cloud_20260507_114410_final.pcd
[11:44:10.982] [info]   - 外参:   ./results/lidar_camera_extrinsic/manual_extrinsic_20260507_114410_final.yaml
[11:44:10.982] [info] [ManualSession] 用户接受手动调整结果
[11:44:10.982] [info] [ManualSession] Cam-Cam 最终采用外参 RMS=0.000000 (manual if available, else auto=0.000000)
[11:44:10.982] [debug] [ManualSession] 事件: lidar_cam_end | final_rms=0.000000
[11:44:10.983] [info] [ManualSession] 会话已保存: ./results/manual_sessions/session_2026-05-07_11-38-52.yaml
[11:44:10.983] [info] ━━━━━━━━━━━━━━━━━━━━━━━━━━━━━━━━━━━━━━━━━
[11:44:10.983] [info] ■ 结束阶段: [Manual-Refine] 任务: [lidar_cam_extrin]
[11:44:10.983] [info]   结果: ✓ 成功 | 残差RMS: 0.0000 | 耗时: 318222 ms
[11:44:10.983] [info]   消息: LiDAR-Camera 手动调整完成
[11:44:10.983] [info] [CALC] 阶段结束 stage=Manual-Refine task=lidar_cam_extrin success=true residual_rms=0.000000 elapsed_ms=318222.6 threshold=-1.0000
[11:44:10.983] [info] ━━━━━━━━━━━━━━━━━━━━━━━━━━━━━━━━━━━━━━━━━
[11:44:10.983] [info] ====== Pipeline Report: pipeline_20260507_113812 ======
[11:44:10.983] [info]   Total time: 358715.1 ms
[11:44:10.983] [info]   All stages succeeded: YES
[11:44:10.983] [info]   标定质量: 各阶段 RMS 均在阈值内
[11:44:10.983] [info]   [Coarse-AI-lidar_cam_extrin] success=true rms=0.0000 time=0.0ms: 使用配置 initial_extrinsic 作为粗标定结果，精标定将以此起步
[11:44:10.983] [info]   [Fine-Auto-lidar_cam_extrin] success=true rms=0.0000 time=40492.5ms: LiDAR-Camera 精标定完成: 1 个相机, 最大 RMS=0.000000 px
[11:44:10.983] [info]   [Manual-Refine-lidar_cam_extrin] success=true rms=0.0000 time=318222.6ms: LiDAR-Camera 手动调整完成

╔══════════════════════════════════════════════════════╗
║              标定参数汇总                            ║
╠══════════════════════════════════════════════════════╣
║ 外参:
║   lidar_front->cam_left:
║     R(RPY°): [-6.66, -87.76, -84.54]
║     T(m):    [0.12, -0.02, 0.10]
║     时偏(s): 0.00
║     RMS:     0.00 ✗
╚══════════════════════════════════════════════════════╝

[11:44:10.983] [info] ================================
[11:44:10.983] [info] Pipeline report saved: ./results/pipeline_report_20260507_113812.yaml
[11:44:10.983] [info] ====== Pipeline Report: pipeline_20260507_113812 ======
[11:44:10.983] [info]   Total time: 358715.1 ms
[11:44:10.983] [info]   All stages succeeded: YES
[11:44:10.983] [info]   标定质量: 各阶段 RMS 均在阈值内
[11:44:10.983] [info]   [Coarse-AI-lidar_cam_extrin] success=true rms=0.0000 time=0.0ms: 使用配置 initial_extrinsic 作为粗标定结果，精标定将以此起步
[11:44:10.983] [info]   [Fine-Auto-lidar_cam_extrin] success=true rms=0.0000 time=40492.5ms: LiDAR-Camera 精标定完成: 1 个相机, 最大 RMS=0.000000 px
[11:44:10.983] [info]   [Manual-Refine-lidar_cam_extrin] success=true rms=0.0000 time=318222.6ms: LiDAR-Camera 手动调整完成

╔══════════════════════════════════════════════════════╗
║              标定参数汇总                            ║
╠══════════════════════════════════════════════════════╣
║ 外参:
║   lidar_front->cam_left:
║     R(RPY°): [-6.66, -87.76, -84.54]
║     T(m):    [0.12, -0.02, 0.10]
║     时偏(s): 0.00
║     RMS:     0.00 ✗
╚══════════════════════════════════════════════════════╝

[11:44:10.983] [info] ================================
[11:44:10.983] [info] ━━━━━━━━━━━━━━━━━━━━━━━━━━━━━━━━━━━━
[11:44:10.983] [info] LiDAR-Camera 标定流程完成
[11:44:10.983] [info] 结果目录: ./results
[11:44:10.983] [info] 标定流程正常退出 exit_code=0
[11:44:10.983] [info] ━━━━━━━━━━━━━━━━━━━━━━━━━━━━━━━━━━━━
