
 ╔═══════════════════════════════════════════════════════╗
 ║   UniCalib — LiDAR-Camera 外参标定                    ║
 ║   两阶段: AI粗标定(MIAS-LCEC) → 无目标边缘精标定      ║
 ║   手动校准: --manual 触发 6-DOF 交互式调整             ║
 ╚═══════════════════════════════════════════════════════╝

[2026-04-21 15:51:40.453] [info] [LiDAR-Camera] [:] ━━━━━━━━━━━━━━━━━━━━━━━━━━━━━━━━━━━━
[2026-04-21 15:51:40.453] [info] [LiDAR-Camera] [:] 配置文件: /root/calib_ws/calib_unified/config/unicalib_example.yaml
[2026-04-21 15:51:40.453] [info] [LiDAR-Camera] [:] 输出目录: /root/calib_ws/results
[2026-04-21 15:51:40.453] [info] [LiDAR-Camera] [:] 数据根目录: /root/calib_ws/data (--data-dir 或 CALIB_DATA_DIR)
[2026-04-21 15:51:40.453] [info] [LiDAR-Camera] [:] 精标定方法: edge (无目标优先=true)
[2026-04-21 15:51:40.453] [info] [LiDAR-Camera] [:] AI粗标定: true | 手动校准: true
[2026-04-21 15:51:40.453] [info] [LiDAR-Camera] [:] ━━━━━━━━━━━━━━━━━━━━━━━━━━━━━━━━━━━━
[2026-04-21 15:51:40.455] [info] [LiDAR-Camera] [:] 读取系统配置: /root/calib_ws/calib_unified/config/unicalib_example.yaml
[2026-04-21 15:51:40.458] [info] [LiDAR-Camera] [:]   IMU: 1, LiDAR: 1, Camera: 2
[2026-04-21 15:51:40.466] [info] [LiDAR-Camera] [:] 已自动创建 LiDAR 数据目录: /home/lihongyu/Unicalib/UniCalib-OK/data/data421/Lidar/lidar.yaml
[2026-04-21 15:51:40.466] [warning] [LiDAR-Camera] [:] 相机图像目录不存在: /home/lihongyu/Unicalib/UniCalib-OK/data/data421/Image/cam_left (请确保数据已放入此路径)
[2026-04-21 15:51:40.466] [info] [LiDAR-Camera] [:] ━━━━━━━━━━━━━━━━━━━━━━━━━━━━━━━━━━━━ [数据路径] ━━━━━━━━━━━━━━━━━━━━━━━━━━━━━
[2026-04-21 15:51:40.466] [info] [LiDAR-Camera] [:]   数据路径来源: 统一格式 (data.lidar.<id> / data.camera.<id>.images_dir)
[2026-04-21 15:51:40.466] [info] [LiDAR-Camera] [:]   配置原始值 — lidar:  /home/lihongyu/Unicalib/UniCalib-OK/data/data421/Lidar/lidar.yaml
[2026-04-21 15:51:40.466] [info] [LiDAR-Camera] [:]   配置原始值 — camera: /home/lihongyu/Unicalib/UniCalib-OK/data/data421/Image/cam_left
[2026-04-21 15:51:40.466] [info] [LiDAR-Camera] [:]   base_data_dir:  /root/calib_ws/data
[2026-04-21 15:51:40.466] [info] [LiDAR-Camera] [:]   base 来源: 命令行 --data-dir
[2026-04-21 15:51:40.466] [info] [LiDAR-Camera] [:]   lidar_dir:      /home/lihongyu/Unicalib/UniCalib-OK/data/data421/Lidar/lidar.yaml
[2026-04-21 15:51:40.466] [info] [LiDAR-Camera] [:]     → 配置为绝对路径，未与 base 拼接（若为 /path/to/... 占位符则不会指向实际数据）
[2026-04-21 15:51:40.466] [info] [LiDAR-Camera] [:]     → 存在: 是
[2026-04-21 15:51:40.466] [info] [LiDAR-Camera] [:]   camera_dir:     /home/lihongyu/Unicalib/UniCalib-OK/data/data421/Image/cam_left
[2026-04-21 15:51:40.466] [info] [LiDAR-Camera] [:]     → 配置为绝对路径，未与 base 拼接（若为 /path/to/... 占位符则不会指向实际数据）
[2026-04-21 15:51:40.466] [info] [LiDAR-Camera] [:]     → 存在: 否
[2026-04-21 15:51:40.466] [warning] [LiDAR-Camera] [:]     相机图像目录不存在，精标定将无法加载图像
[2026-04-21 15:51:40.466] [info] [LiDAR-Camera] [:]   【数据就绪】否 — 原因: 相机图像目录不存在: /home/lihongyu/Unicalib/UniCalib-OK/data/data421/Image/cam_left
[2026-04-21 15:51:40.466] [info] [LiDAR-Camera] [:]   说明: 使用 --dataset 时请将 data.lidar/data.camera 设为相对 base 的路径（如 pcd、images），不要使用 /path/to/... 占位符
[2026-04-21 15:51:40.466] [info] [LiDAR-Camera] [:] ━━━━━━━━━━━━━━━━━━━━━━━━━━━━━━━━━━━━━━━━━━━━━━━━━━━━━━━━━━━━━━━━━━━━━━━━━━━━
[2026-04-21 15:51:40.466] [info] [LiDAR-Camera] [:] 读取系统配置: /root/calib_ws/calib_unified/config/unicalib_example.yaml
[2026-04-21 15:51:40.468] [info] [LiDAR-Camera] [:]   IMU: 1, LiDAR: 1, Camera: 2
[2026-04-21 15:51:40.468] [info] [LiDAR-Camera] [:] 读取系统配置: /root/calib_ws/calib_unified/config/unicalib_example.yaml
[2026-04-21 15:51:40.471] [info] [LiDAR-Camera] [:]   IMU: 1, LiDAR: 1, Camera: 2
[2026-04-21 15:51:40.471] [info] [LiDAR-Camera] [:] 配置: 使用 ROS2 bag 模式（离线标定）
[2026-04-21 15:51:40.471] [info] [LiDAR-Camera] [:]   Bag 路径: /root/calib_ws/data/Koide/livox/rosbag2_2023_03_09-13_42_46
[2026-04-21 15:51:40.471] [info] [LiDAR-Camera] [:]   LiDAR 话题: /os1_cloud_node1/points
[2026-04-21 15:51:40.471] [info] [LiDAR-Camera] [:]   相机话题: /left/image_raw
[2026-04-21 15:51:40.471] [info] [LiDAR-Camera] [:]   IMU 话题: /imu/imu
[2026-04-21 15:51:40.471] [info] [LiDAR-Camera] [:] [数据源] 类型=ROS2_BAG  path=/root/calib_ws/data/Koide/livox/rosbag2_2023_03_09-13_42_46  lidar_topic=/os1_cloud_node1/points  camera_topic=/left/image_raw
[2026-04-21 15:51:40.472] [info] [LiDAR-Camera] [:] [CalibPipeline] 初始化 ID=pipeline_20260421_155140
[2026-04-21 15:51:40.472] [info] [LiDAR-Camera] [:] [CalibPipeline] 输出目录: /home/lihongyu/Unicalib/UniCalib-OK/results
[2026-04-21 15:51:40.472] [info] [LiDAR-Camera] [:] [CalibPipeline] 无目标优先: true
[2026-04-21 15:51:40.472] [info] [LiDAR-Camera] [:] [CalibPipeline] 任务掩码: 0x10
[2026-04-21 15:51:40.472] [info] [LiDAR-Camera] [:] ▶ Stage 1: AI 粗标定 (MIAS-LCEC)
[2026-04-21 15:51:40.472] [info] [LiDAR-Camera] [:]   模型路径: /root/calib_ws/MIAS-LCEC (粗标定使用 pretrained_overlap_transformer.pth.tar)
[2026-04-21 15:51:41.284] [info] [LiDAR-Camera] [:] [AI-Calib] DM-Calib 配置的 Python 无 torch，改用已装 torch 的 Python: python3
[2026-04-21 15:51:41.284] [info] [LiDAR-Camera] [:] [AI-Calib] ===== AI 模型可用性检查 =====
[2026-04-21 15:51:41.284] [info] [LiDAR-Camera] [:] [DM-Calib] 可用性检查 失败 原因=推理脚本不存在 路径=/root/calib_ws/DM-Calib/DMCalib/tools/infer_unicalib.py
[2026-04-21 15:51:41.284] [info] [LiDAR-Camera] [:]   DM-Calib (相机内参):      ✗ 不可用
[2026-04-21 15:51:41.284] [info] [LiDAR-Camera] [:]   MIAS-LCEC (LiDAR-Cam):   ✓ 可用
[2026-04-21 15:51:41.284] [info] [LiDAR-Camera] [:] [TransformerIMU] 不可用: 脚本不存在 script=/root/calib_ws/Transformer-IMU-Calibrator/eval_unicalib.py
[2026-04-21 15:51:41.284] [info] [LiDAR-Camera] [:]   Transformer-IMU (IMU内参): ✗ 不可用
[2026-04-21 15:51:41.284] [info] [LiDAR-Camera] [:]   L2Calib (IMU-LiDAR):     ✗ 不可用
[2026-04-21 15:51:41.284] [info] [LiDAR-Camera] [:] [AI-Calib] ================================
[2026-04-21 15:51:41.284] [info] [LiDAR-Camera] [:]   [Stage 1] MIAS-LCEC 可用: 是 (粗标定支持: 1) 指定 coarse_pcd_file/coarse_image_file 2) 从当前数据源取首帧，同相机内参)
[2026-04-21 15:51:41.284] [info] [LiDAR-Camera] [:]   [Stage 1] 粗标定输入来源: 从 ROS2 数据源取首帧 (max_frames=2, lidar_id=lidar_front)
[2026-04-21 15:51:41.285] [info] [LiDAR-Camera] [:] [UnifiedDataLoader] 从 ROS2 加载数据...
[2026-04-21 15:51:41.285] [info] [LiDAR-Camera] [:]   Bag 文件: /root/calib_ws/data/Koide/livox/rosbag2_2023_03_09-13_42_46
[2026-04-21 15:51:41.285] [info] [LiDAR-Camera] [:]   实时模式: false
[2026-04-21 15:51:41.285] [info] [LiDAR-Camera] [:] [Ros2BagDataSource] 打开 bag 文件: /root/calib_ws/data/Koide/livox/rosbag2_2023_03_09-13_42_46
[2026-04-21 15:51:41.285] [info] [LiDAR-Camera] [:] [Ros2BagDataSource] 正在读取 metadata.yaml: /root/calib_ws/data/Koide/livox/rosbag2_2023_03_09-13_42_46/metadata.yaml
[2026-04-21 15:51:41.285] [info] [LiDAR-Camera] [:] [Ros2BagDataSource] 使用配置的 LiDAR 话题: /os1_cloud_node1/points
[2026-04-21 15:51:41.285] [info] [LiDAR-Camera] [:] [Ros2BagDataSource] 使用配置的相机话题: /left/image_raw
[2026-04-21 15:51:41.285] [info] [LiDAR-Camera] [:] [Ros2BagDataSource] 使用配置的 IMU 话题: /imu/imu
[INFO] [1776757901.293829766] [rosbag2_storage]: Opened database '/root/calib_ws/data/Koide/livox/rosbag2_2023_03_09-13_42_46/rosbag2_2023_03_09-13_42_46_0.db3' for READ_ONLY.
[2026-04-21 15:51:41.293] [info] [LiDAR-Camera] [:] [Ros2BagDataSource] Bag 已打开，开始读取消息...
[2026-04-21 15:51:41.293] [info] [LiDAR-Camera] [:] [Ros2BagDataSource] 找到 5 个话题
[2026-04-21 15:51:41.293] [info] [LiDAR-Camera] [:] [Ros2BagDataSource]  话题: /livox/points  类型: sensor_msgs/msg/PointCloud2  消息数: 157
[2026-04-21 15:51:41.293] [info] [LiDAR-Camera] [:] [Ros2BagDataSource]  话题: /livox/imu  类型: sensor_msgs/msg/Imu  消息数: 2597
[2026-04-21 15:51:41.293] [info] [LiDAR-Camera] [:] [Ros2BagDataSource]  话题: /livox/lidar  类型: livox_interfaces/msg/CustomMsg  消息数: 157
[2026-04-21 15:51:41.293] [info] [LiDAR-Camera] [:] [Ros2BagDataSource]  话题: /image  类型: sensor_msgs/msg/Image  消息数: 30
[2026-04-21 15:51:41.293] [info] [LiDAR-Camera] [:] [Ros2BagDataSource]  话题: /camera_info  类型: sensor_msgs/msg/CameraInfo  消息数: 31
[2026-04-21 15:51:41.293] [info] [LiDAR-Camera] [:] [Ros2BagDataSource] 将加载 bag 内所有 IMU / LiDAR / 相机话题，加载后可通过 sensor_id 或话题名选择使用
[2026-04-21 15:51:41.742] [error] [LiDAR-Camera] [:] [Ros2BagDataSource] 以配置文件为准：以下配置话题在 bag 中无数据，请使配置与 bag 一致（或设置 ros2.strict_topic_match: false 允许自动回退）。 LiDAR[lidar_front: /os1_cloud_node1/points] 相机[cam_left: /left/image_raw] IMU[imu_0: /imu/imu]
[2026-04-21 15:51:41.742] [warning] [LiDAR-Camera] [:]   [Stage 1] ROS2 加载首帧失败: [Ros2BagDataSource] 以配置文件为准：以下配置话题在 bag 中无数据，请使配置与 bag 一致（或设置 ros2.strict_topic_match: false 允许自动回退）。 LiDAR[lidar_front: /os1_cloud_node1/points] 相机[cam_left: /left/image_raw] IMU[imu_0: /imu/imu]
[2026-04-21 15:51:41.757] [warning] [LiDAR-Camera] [:]   未提供 coarse_pcd_file/coarse_image_file 且未从当前数据源取到首帧，跳过 AI 粗标定
[2026-04-21 15:51:41.757] [info] [LiDAR-Camera] [:]   说明: 粗标定支持 1) 在 config 中设置 coarse_pcd_file / coarse_image_file 2) 使用 ROS2 bag/话题或文件目录时自动取首帧（同相机内参粗标定）
[2026-04-21 15:51:41.757] [info] [LiDAR-Camera] [:]   当前: coarse_pcd_file='(未设置)' coarse_image_file='(未设置)'
[2026-04-21 15:51:41.757] [warning] [LiDAR-Camera] [:] 【粗标定未执行】精标定将使用 identity 初值。原因: (1) MIAS-LCEC 可用=是 (2) 粗标定输入已就绪=否
[2026-04-21 15:51:41.757] [info] [LiDAR-Camera] [:]   [Stage 1] 结果: 跳过 (详见上方原因)
[2026-04-21 15:51:41.757] [info] [LiDAR-Camera] [:] ▶ Stage 2: 精标定 (方法=edge)
[2026-04-21 15:51:41.757] [warning] [LiDAR-Camera] [:] 数据路径未就绪，当前运行将仅执行流水线占位阶段，不进行实际标定优化。详见上方【数据就绪】原因。
[2026-04-21 15:51:41.757] [info] [LiDAR-Camera] [:] ▶ Stage 3: 手动校准 (manual_threshold=2.00px)
[2026-04-21 15:51:41.757] [info] [LiDAR-Camera] [:]   使用 ManualCalibSession 进行 6-DOF 交互式调整
[2026-04-21 15:51:41.757] [info] [LiDAR-Camera] [:]   调用示例:
[2026-04-21 15:51:41.757] [info] [LiDAR-Camera] [:]     ManualCalibSession::SessionConfig sess_cfg;
[2026-04-21 15:51:41.757] [info] [LiDAR-Camera] [:]     sess_cfg.save_dir = "/home/lihongyu/Unicalib/UniCalib-OK/results/manual_sessions";
[2026-04-21 15:51:41.757] [info] [LiDAR-Camera] [:]     ManualCalibSession session(sess_cfg);
[2026-04-21 15:51:41.757] [info] [LiDAR-Camera] [:]     auto result = session.run_lidar_cam(scan, image, intrin, auto_result, auto_rms);
[2026-04-21 15:51:41.757] [info] [LiDAR-Camera] [:] 
[2026-04-21 15:51:41.757] [info] [LiDAR-Camera] [:] ╔═══════════════════════════════════════════════╗
[2026-04-21 15:51:41.757] [info] [LiDAR-Camera] [:] ║   UniCalib 两阶段标定流水线 — 开始            ║
[2026-04-21 15:51:41.757] [info] [LiDAR-Camera] [:] ║   Pipeline ID: pipeline_20260421_155140       ║
[2026-04-21 15:51:41.757] [info] [LiDAR-Camera] [:] ╚═══════════════════════════════════════════════╝
[2026-04-21 15:51:41.757] [info] [LiDAR-Camera] [:] [Coarse-AI/LiDAR-Cam] enable_coarse_lidar_cam=true → do_coarse=true
[15:51:41.757] [info] 
[15:51:41.757] [info] ━━━━━━━━━━━━━━━━━━━━━━━━━━━━━━━━━━━━━━━━━
[15:51:41.757] [info] ▶ 开始阶段: [Coarse-AI] 任务: [lidar_cam_extrin]
[15:51:41.757] [info]   描述: AI模型提供初始估计值
[15:51:41.757] [info] ━━━━━━━━━━━━━━━━━━━━━━━━━━━━━━━━━━━━━━━━━
[15:51:41.757] [info] [CALC] 粗标定阶段开始 task=lidar_cam_extrin
[15:51:41.757] [info] [Coarse-AI/LiDAR-Cam] 使用配置粗标定初值作为粗标定结果 t=[0.123,0.040,-0.058]m，精标定将以此起步
[15:51:41.757] [info] ━━━━━━━━━━━━━━━━━━━━━━━━━━━━━━━━━━━━━━━━━
[15:51:41.757] [info] ■ 结束阶段: [Coarse-AI] 任务: [lidar_cam_extrin]
[15:51:41.757] [info]   结果: ✓ 成功 | 残差RMS: 0.0000 | 耗时: 0 ms
[15:51:41.757] [info]   消息: 使用配置 initial_extrinsic 作为粗标定结果，精标定将以此起步
[15:51:41.757] [info] [CALC] 阶段结束 stage=Coarse-AI task=lidar_cam_extrin success=true residual_rms=0.000000 elapsed_ms=0.0 threshold=-1.0000
[15:51:41.757] [info] ━━━━━━━━━━━━━━━━━━━━━━━━━━━━━━━━━━━━━━━━━
[15:51:41.757] [info] 
[15:51:41.757] [info] ━━━━━━━━━━━━━━━━━━━━━━━━━━━━━━━━━━━━━━━━━
[15:51:41.757] [info] ▶ 开始阶段: [Fine-Auto] 任务: [lidar_cam_extrin]
[15:51:41.757] [info]   描述: 无目标优化
[15:51:41.757] [info] ━━━━━━━━━━━━━━━━━━━━━━━━━━━━━━━━━━━━━━━━━
[15:51:41.757] [info] [CALC] 精标定阶段开始 task=lidar_cam_extrin
[15:51:41.757] [info] [Fine-Auto] 任务: lidar_cam_extrin | 无目标优先: true
[15:51:41.757] [info] [Fine-Auto] 方法: 边缘对齐互信息 (EDGE_ALIGNMENT, 无目标)
[15:51:41.757] [info] [STAGE=lidar_cam_fine_auto] LiDAR-Camera 精标定 开始
[15:51:41.757] [info] [Fine-Auto/LiDAR-Cam] 开始执行精标定...
[15:51:41.757] [info]   [精标定数据源] 类型=ROS2_BAG  lidar_id=lidar_front
[15:51:41.757] [info]   ROS2 Bag: /root/calib_ws/data/Koide/livox/rosbag2_2023_03_09-13_42_46  LiDAR 话题: /os1_cloud_node1/points  相机话题: /left/image_raw
[15:51:41.757] [info] [Fine-Auto/LiDAR-Cam] 从 ROS2 加载数据...
[15:51:41.757] [info] [UnifiedDataLoader] 从 ROS2 加载数据...
[15:51:41.757] [info]   Bag 文件: /root/calib_ws/data/Koide/livox/rosbag2_2023_03_09-13_42_46
[15:51:41.757] [info]   实时模式: false
[15:51:41.757] [info] [Ros2BagDataSource] 打开 bag 文件: /root/calib_ws/data/Koide/livox/rosbag2_2023_03_09-13_42_46
[15:51:41.757] [info] [Ros2BagDataSource] 正在读取 metadata.yaml: /root/calib_ws/data/Koide/livox/rosbag2_2023_03_09-13_42_46/metadata.yaml
[15:51:41.757] [debug] [Ros2BagDataSource] 找到话题: /livox/points (类型: sensor_msgs/msg/PointCloud2, 消息数: 157)
[15:51:41.757] [debug] [Ros2BagDataSource] 找到话题: /livox/imu (类型: sensor_msgs/msg/Imu, 消息数: 2597)
[15:51:41.757] [debug] [Ros2BagDataSource] 找到话题: /livox/lidar (类型: livox_interfaces/msg/CustomMsg, 消息数: 157)
[15:51:41.757] [debug] [Ros2BagDataSource] 找到话题: /image (类型: sensor_msgs/msg/Image, 消息数: 30)
[15:51:41.757] [debug] [Ros2BagDataSource] 找到话题: /camera_info (类型: sensor_msgs/msg/CameraInfo, 消息数: 31)
[15:51:41.757] [info] [Ros2BagDataSource] 使用配置的 LiDAR 话题: /os1_cloud_node1/points
[15:51:41.757] [info] [Ros2BagDataSource] 使用配置的相机话题: /left/image_raw
[15:51:41.757] [info] [Ros2BagDataSource] 使用配置的 IMU 话题: /imu/imu
[INFO] [1776757901.759223644] [rosbag2_storage]: Opened database '/root/calib_ws/data/Koide/livox/rosbag2_2023_03_09-13_42_46/rosbag2_2023_03_09-13_42_46_0.db3' for READ_ONLY.
[15:51:41.759] [info] [Ros2BagDataSource] Bag 已打开，开始读取消息...
[15:51:41.759] [info] [Ros2BagDataSource] 找到 5 个话题
[15:51:41.759] [info] [Ros2BagDataSource]  话题: /livox/points  类型: sensor_msgs/msg/PointCloud2  消息数: 157
[15:51:41.759] [info] [Ros2BagDataSource]  话题: /livox/imu  类型: sensor_msgs/msg/Imu  消息数: 2597
[15:51:41.759] [info] [Ros2BagDataSource]  话题: /livox/lidar  类型: livox_interfaces/msg/CustomMsg  消息数: 157
[15:51:41.759] [info] [Ros2BagDataSource]  话题: /image  类型: sensor_msgs/msg/Image  消息数: 30
[15:51:41.759] [info] [Ros2BagDataSource]  话题: /camera_info  类型: sensor_msgs/msg/CameraInfo  消息数: 31
[15:51:41.759] [info] [Ros2BagDataSource] 将加载 bag 内所有 IMU / LiDAR / 相机话题，加载后可通过 sensor_id 或话题名选择使用
[15:51:42.157] [error] [Ros2BagDataSource] 以配置文件为准：以下配置话题在 bag 中无数据，请使配置与 bag 一致（或设置 ros2.strict_topic_match: false 允许自动回退）。 LiDAR[lidar_front: /os1_cloud_node1/points] 相机[cam_left: /left/image_raw] IMU[imu_0: /imu/imu]
[15:51:42.171] [info] ━━━━━━━━━━━━━━━━━━━━━━━━━━━━━━━━━━━━━━━━━
[15:51:42.171] [info] ■ 结束阶段: [Fine-Auto] 任务: [lidar_cam_extrin]
[15:51:42.171] [info]   结果: ✗ 失败 | 残差RMS: 0.0000 | 耗时: 414 ms
[15:51:42.171] [info]   消息: ROS2 数据加载失败: [Ros2BagDataSource] 以配置文件为准：以下配置话题在 bag 中无数据，请使配置与 bag 一致（或设置 ros2.strict_topic_match: false 允许自动回退）。 LiDAR[lidar_front: /os1_cloud_node1/points] 相机[cam_left: /left/image_raw] IMU[imu_0: /imu/imu]
[15:51:42.171] [info] [CALC] 阶段结束 stage=Fine-Auto task=lidar_cam_extrin success=false residual_rms=0.000000 elapsed_ms=399.8 threshold=2.0000
[15:51:42.171] [info] ━━━━━━━━━━━━━━━━━━━━━━━━━━━━━━━━━━━━━━━━━
[15:51:42.171] [info] [Pipeline] 用户已启用手动校准 (--manual), 进入 6-DOF 调整
[15:51:42.171] [info] 
[15:51:42.171] [info] ━━━━━━━━━━━━━━━━━━━━━━━━━━━━━━━━━━━━━━━━━
[15:51:42.171] [info] ▶ 开始阶段: [Manual-Refine] 任务: [lidar_cam_extrin]
[15:51:42.171] [info]   描述: 手动校准: 6-DOF 交互式调整
[15:51:42.171] [info] ━━━━━━━━━━━━━━━━━━━━━━━━━━━━━━━━━━━━━━━━━
[15:51:42.171] [info] [Manual-Refine] 任务: lidar_cam_extrin
[15:51:42.171] [info] [Manual-Refine] 操作说明: Q/A Roll  W/S Pitch  E/D Yaw  R/F Tx  T/G Ty  Y/H Tz  U Undo  Enter 接受  Esc 取消
[15:51:42.171] [info] [ManualSession] 会话ID: session_2026-04-21_15-51-42
[15:51:42.171] [info] [ManualSession] 保存目录: /home/lihongyu/Unicalib/UniCalib-OK/results/manual_sessions
[15:51:42.171] [warning] [Manual-Refine] 无 LiDAR-Camera 精标定缓存数据，无法启用手动调整（请先完成精标定）
[15:51:42.171] [info] ━━━━━━━━━━━━━━━━━━━━━━━━━━━━━━━━━━━━━━━━━
[15:51:42.171] [info] ■ 结束阶段: [Manual-Refine] 任务: [lidar_cam_extrin]
[15:51:42.171] [info]   结果: ✗ 失败 | 残差RMS: 0.0000 | 耗时: 0 ms
[15:51:42.171] [info]   消息: 无 LiDAR-Camera 精标定缓存数据，无法启用手动调整（请先完成精标定）
[15:51:42.171] [info] [CALC] 阶段结束 stage=Manual-Refine task=lidar_cam_extrin success=false residual_rms=0.000000 elapsed_ms=0.1 threshold=-1.0000
[15:51:42.171] [info] ━━━━━━━━━━━━━━━━━━━━━━━━━━━━━━━━━━━━━━━━━
[15:51:42.171] [info] ====== Pipeline Report: pipeline_20260421_155140 ======
[15:51:42.172] [info]   Total time: 399.9 ms
[15:51:42.172] [info]   All stages succeeded: NO
[15:51:42.172] [info]   标定质量: 各阶段 RMS 均在阈值内
[15:51:42.172] [info]   [Coarse-AI-lidar_cam_extrin] success=true rms=0.0000 time=0.0ms: 使用配置 initial_extrinsic 作为粗标定结果，精标定将以此起步
[15:51:42.172] [info]   [Fine-Auto-lidar_cam_extrin] success=false rms=0.0000 time=399.8ms: ROS2 数据加载失败: [Ros2BagDataSource] 以配置文件为准：以下配置话题在 bag 中无数据，请使配置与 bag 一致（或设置 ros2.strict_topic_match: false 允许自动回退）。 LiDAR[lidar_front: /os1_cloud_node1/points] 相机[cam_left: /left/image_raw] IMU[imu_0: /imu/imu]
[15:51:42.172] [info]   [Manual-Refine-lidar_cam_extrin] success=false rms=0.0000 time=0.1ms: 无 LiDAR-Camera 精标定缓存数据，无法启用手动调整（请先完成精标定）

╔══════════════════════════════════════════════════════╗
║              标定参数汇总                            ║
╠══════════════════════════════════════════════════════╣
╚══════════════════════════════════════════════════════╝

[15:51:42.172] [info] ================================
[15:51:42.172] [info] Pipeline report saved: /home/lihongyu/Unicalib/UniCalib-OK/results/pipeline_report_20260421_155140.yaml
[15:51:42.172] [info] ====== Pipeline Report: pipeline_20260421_155140 ======
[15:51:42.172] [info]   Total time: 399.9 ms
[15:51:42.172] [info]   All stages succeeded: NO
[15:51:42.172] [info]   标定质量: 各阶段 RMS 均在阈值内
[15:51:42.172] [info]   [Coarse-AI-lidar_cam_extrin] success=true rms=0.0000 time=0.0ms: 使用配置 initial_extrinsic 作为粗标定结果，精标定将以此起步
[15:51:42.172] [info]   [Fine-Auto-lidar_cam_extrin] success=false rms=0.0000 time=399.8ms: ROS2 数据加载失败: [Ros2BagDataSource] 以配置文件为准：以下配置话题在 bag 中无数据，请使配置与 bag 一致（或设置 ros2.strict_topic_match: false 允许自动回退）。 LiDAR[lidar_front: /os1_cloud_node1/points] 相机[cam_left: /left/image_raw] IMU[imu_0: /imu/imu]
[15:51:42.172] [info]   [Manual-Refine-lidar_cam_extrin] success=false rms=0.0000 time=0.1ms: 无 LiDAR-Camera 精标定缓存数据，无法启用手动调整（请先完成精标定）

╔══════════════════════════════════════════════════════╗
║              标定参数汇总                            ║
╠══════════════════════════════════════════════════════╣
╚══════════════════════════════════════════════════════╝

[15:51:42.172] [info] ================================
[15:51:42.172] [info] ━━━━━━━━━━━━━━━━━━━━━━━━━━━━━━━━━━━━
[15:51:42.172] [info] LiDAR-Camera 标定流程完成
[15:51:42.172] [info] 结果目录: /home/lihongyu/Unicalib/UniCalib-OK/results
[15:51:42.172] [info] 标定流程正常退出 exit_code=0
[15:51:42.172] [info] ━━━━━━━━━━━━━━━━━━━━━━━━━━━━━━━━━━━━
