
 ╔═══════════════════════════════════════════════════════╗
 ║   UniCalib — LiDAR-Camera 外参标定                    ║
 ║   两阶段: AI粗标定(MIAS-LCEC) → 无目标边缘精标定      ║
 ║   手动校准: --manual 触发 6-DOF 交互式调整             ║
 ╚═══════════════════════════════════════════════════════╝

[2026-04-21 16:02:53.631] [info] [LiDAR-Camera] [:] ━━━━━━━━━━━━━━━━━━━━━━━━━━━━━━━━━━━━
[2026-04-21 16:02:53.631] [info] [LiDAR-Camera] [:] 配置文件: /root/calib_ws/calib_unified/config/unicalib_example.yaml
[2026-04-21 16:02:53.631] [info] [LiDAR-Camera] [:] 输出目录: /root/calib_ws/results
[2026-04-21 16:02:53.631] [info] [LiDAR-Camera] [:] 数据根目录: /root/calib_ws/data (--data-dir 或 CALIB_DATA_DIR)
[2026-04-21 16:02:53.631] [info] [LiDAR-Camera] [:] 精标定方法: edge (无目标优先=true)
[2026-04-21 16:02:53.631] [info] [LiDAR-Camera] [:] AI粗标定: true | 手动校准: false
[2026-04-21 16:02:53.631] [info] [LiDAR-Camera] [:] ━━━━━━━━━━━━━━━━━━━━━━━━━━━━━━━━━━━━
[2026-04-21 16:02:53.633] [info] [LiDAR-Camera] [:] 读取系统配置: /root/calib_ws/calib_unified/config/unicalib_example.yaml
[2026-04-21 16:02:53.634] [info] [LiDAR-Camera] [:]   IMU: 0, LiDAR: 1, Camera: 1
[2026-04-21 16:02:53.634] [warning] [LiDAR-Camera] [:] 相机图像目录不存在: /root/calib_ws/data/null (请确保数据已放入此路径)
[2026-04-21 16:02:53.634] [info] [LiDAR-Camera] [:] ━━━━━━━━━━━━━━━━━━━━━━━━━━━━━━━━━━━━ [数据路径] ━━━━━━━━━━━━━━━━━━━━━━━━━━━━━
[2026-04-21 16:02:53.634] [info] [LiDAR-Camera] [:]   数据路径来源: 统一格式 (data.lidar.<id> / data.camera.<id>.images_dir)
[2026-04-21 16:02:53.634] [info] [LiDAR-Camera] [:]   配置原始值 — lidar:  Koide/livox/lidar.yaml
[2026-04-21 16:02:53.634] [info] [LiDAR-Camera] [:]   配置原始值 — camera: null
[2026-04-21 16:02:53.634] [info] [LiDAR-Camera] [:]   base_data_dir:  /root/calib_ws/data
[2026-04-21 16:02:53.634] [info] [LiDAR-Camera] [:]   base 来源: 命令行 --data-dir
[2026-04-21 16:02:53.634] [info] [LiDAR-Camera] [:]   lidar_dir:      /root/calib_ws/data/Koide/livox/lidar.yaml
[2026-04-21 16:02:53.634] [info] [LiDAR-Camera] [:]     → 相对路径，已与 base 拼接
[2026-04-21 16:02:53.634] [info] [LiDAR-Camera] [:]     → 存在: 是
[2026-04-21 16:02:53.634] [info] [LiDAR-Camera] [:]   camera_dir:     /root/calib_ws/data/null
[2026-04-21 16:02:53.634] [info] [LiDAR-Camera] [:]     → 相对路径，已与 base 拼接
[2026-04-21 16:02:53.634] [info] [LiDAR-Camera] [:]     → 存在: 否
[2026-04-21 16:02:53.634] [warning] [LiDAR-Camera] [:]     相机图像目录不存在，精标定将无法加载图像
[2026-04-21 16:02:53.634] [info] [LiDAR-Camera] [:]   【数据就绪】否 — 原因: 相机图像目录不存在: /root/calib_ws/data/null
[2026-04-21 16:02:53.634] [info] [LiDAR-Camera] [:]   说明: 使用 --dataset 时请将 data.lidar/data.camera 设为相对 base 的路径（如 pcd、images），不要使用 /path/to/... 占位符
[2026-04-21 16:02:53.634] [info] [LiDAR-Camera] [:] ━━━━━━━━━━━━━━━━━━━━━━━━━━━━━━━━━━━━━━━━━━━━━━━━━━━━━━━━━━━━━━━━━━━━━━━━━━━━
[2026-04-21 16:02:53.635] [info] [LiDAR-Camera] [:] 读取系统配置: /root/calib_ws/calib_unified/config/unicalib_example.yaml
[2026-04-21 16:02:53.636] [info] [LiDAR-Camera] [:]   IMU: 0, LiDAR: 1, Camera: 1
[2026-04-21 16:02:53.636] [info] [LiDAR-Camera] [:] 读取系统配置: /root/calib_ws/calib_unified/config/unicalib_example.yaml
[2026-04-21 16:02:53.637] [info] [LiDAR-Camera] [:]   IMU: 0, LiDAR: 1, Camera: 1
[2026-04-21 16:02:53.637] [info] [LiDAR-Camera] [:] 配置: 使用 ROS2 bag 模式（离线标定）
[2026-04-21 16:02:53.637] [info] [LiDAR-Camera] [:]   Bag 路径: /root/calib_ws/data/Koide/livox/rosbag2_2023_03_09-13_42_46
[2026-04-21 16:02:53.637] [info] [LiDAR-Camera] [:]   LiDAR 话题: /livox/points
[2026-04-21 16:02:53.637] [info] [LiDAR-Camera] [:]   相机话题: /image
[2026-04-21 16:02:53.637] [info] [LiDAR-Camera] [:]   IMU 话题: (未设置)
[2026-04-21 16:02:53.637] [info] [LiDAR-Camera] [:] [数据源] 类型=ROS2_BAG  path=/root/calib_ws/data/Koide/livox/rosbag2_2023_03_09-13_42_46  lidar_topic=/livox/points  camera_topic=/image
[2026-04-21 16:02:53.638] [info] [LiDAR-Camera] [:] [CalibPipeline] 初始化 ID=pipeline_20260421_160253
[2026-04-21 16:02:53.638] [info] [LiDAR-Camera] [:] [CalibPipeline] 输出目录: /home/lihongyu/Unicalib/UniCalib-OK/results
[2026-04-21 16:02:53.638] [info] [LiDAR-Camera] [:] [CalibPipeline] 无目标优先: true
[2026-04-21 16:02:53.638] [info] [LiDAR-Camera] [:] [CalibPipeline] 任务掩码: 0x10
[2026-04-21 16:02:53.638] [info] [LiDAR-Camera] [:] ▶ Stage 1: AI 粗标定 (MIAS-LCEC)
[2026-04-21 16:02:53.638] [info] [LiDAR-Camera] [:]   模型路径: /root/calib_ws/MIAS-LCEC (粗标定使用 pretrained_overlap_transformer.pth.tar)
[2026-04-21 16:02:54.440] [info] [LiDAR-Camera] [:] [AI-Calib] DM-Calib 配置的 Python 无 torch，改用已装 torch 的 Python: python3
[2026-04-21 16:02:54.440] [info] [LiDAR-Camera] [:] [AI-Calib] ===== AI 模型可用性检查 =====
[2026-04-21 16:02:54.440] [info] [LiDAR-Camera] [:] [DM-Calib] 可用性检查 失败 原因=推理脚本不存在 路径=/root/calib_ws/DM-Calib/DMCalib/tools/infer_unicalib.py
[2026-04-21 16:02:54.440] [info] [LiDAR-Camera] [:]   DM-Calib (相机内参):      ✗ 不可用
[2026-04-21 16:02:54.440] [info] [LiDAR-Camera] [:]   MIAS-LCEC (LiDAR-Cam):   ✓ 可用
[2026-04-21 16:02:54.440] [info] [LiDAR-Camera] [:] [TransformerIMU] 不可用: 脚本不存在 script=/root/calib_ws/Transformer-IMU-Calibrator/eval_unicalib.py
[2026-04-21 16:02:54.440] [info] [LiDAR-Camera] [:]   Transformer-IMU (IMU内参): ✗ 不可用
[2026-04-21 16:02:54.440] [info] [LiDAR-Camera] [:]   L2Calib (IMU-LiDAR):     ✗ 不可用
[2026-04-21 16:02:54.440] [info] [LiDAR-Camera] [:] [AI-Calib] ================================
[2026-04-21 16:02:54.440] [info] [LiDAR-Camera] [:]   [Stage 1] MIAS-LCEC 可用: 是 (粗标定支持: 1) 指定 coarse_pcd_file/coarse_image_file 2) 从当前数据源取首帧，同相机内参)
[2026-04-21 16:02:54.440] [info] [LiDAR-Camera] [:]   [Stage 1] 粗标定输入来源: 从 ROS2 数据源取首帧 (max_frames=2, lidar_id=lidar_0)
[2026-04-21 16:02:54.440] [info] [LiDAR-Camera] [:] [UnifiedDataLoader] 从 ROS2 加载数据...
[2026-04-21 16:02:54.440] [info] [LiDAR-Camera] [:]   Bag 文件: /root/calib_ws/data/Koide/livox/rosbag2_2023_03_09-13_42_46
[2026-04-21 16:02:54.440] [info] [LiDAR-Camera] [:]   实时模式: false
[2026-04-21 16:02:54.440] [info] [LiDAR-Camera] [:] [Ros2BagDataSource] 打开 bag 文件: /root/calib_ws/data/Koide/livox/rosbag2_2023_03_09-13_42_46
[2026-04-21 16:02:54.440] [info] [LiDAR-Camera] [:] [Ros2BagDataSource] 正在读取 metadata.yaml: /root/calib_ws/data/Koide/livox/rosbag2_2023_03_09-13_42_46/metadata.yaml
[2026-04-21 16:02:54.440] [info] [LiDAR-Camera] [:] [Ros2BagDataSource] 使用配置的 LiDAR 话题: /livox/points
[2026-04-21 16:02:54.440] [info] [LiDAR-Camera] [:] [Ros2BagDataSource] 使用配置的相机话题: /image
[2026-04-21 16:02:54.440] [info] [LiDAR-Camera] [:] [Ros2BagDataSource] 使用配置的 IMU 话题 (来自 sensors): 
[INFO] [1776758574.441979408] [rosbag2_storage]: Opened database '/root/calib_ws/data/Koide/livox/rosbag2_2023_03_09-13_42_46/rosbag2_2023_03_09-13_42_46_0.db3' for READ_ONLY.
[2026-04-21 16:02:54.441] [info] [LiDAR-Camera] [:] [Ros2BagDataSource] Bag 已打开，开始读取消息...
[2026-04-21 16:02:54.442] [info] [LiDAR-Camera] [:] [Ros2BagDataSource] 找到 5 个话题
[2026-04-21 16:02:54.442] [info] [LiDAR-Camera] [:] [Ros2BagDataSource]  话题: /livox/points  类型: sensor_msgs/msg/PointCloud2  消息数: 157
[2026-04-21 16:02:54.442] [info] [LiDAR-Camera] [:] [Ros2BagDataSource]  话题: /livox/imu  类型: sensor_msgs/msg/Imu  消息数: 2597
[2026-04-21 16:02:54.442] [info] [LiDAR-Camera] [:] [Ros2BagDataSource]  话题: /livox/lidar  类型: livox_interfaces/msg/CustomMsg  消息数: 157
[2026-04-21 16:02:54.442] [info] [LiDAR-Camera] [:] [Ros2BagDataSource]  话题: /image  类型: sensor_msgs/msg/Image  消息数: 30
[2026-04-21 16:02:54.442] [info] [LiDAR-Camera] [:] [Ros2BagDataSource]  话题: /camera_info  类型: sensor_msgs/msg/CameraInfo  消息数: 31
[2026-04-21 16:02:54.442] [info] [LiDAR-Camera] [:] [Ros2BagDataSource] 将加载 bag 内所有 IMU / LiDAR / 相机话题，加载后可通过 sensor_id 或话题名选择使用
[2026-04-21 16:02:54.879] [info] [LiDAR-Camera] [:] [Ros2BagDataSource] 加载完成 (所有话题按话题名存储，可通过 sensor_id 或话题名选择):
[2026-04-21 16:02:54.879] [info] [LiDAR-Camera] [:]   LiDAR [/livox/points]: 157 帧
[2026-04-21 16:02:54.879] [info] [LiDAR-Camera] [:]   相机 [/image]: 30 帧
[2026-04-21 16:02:54.879] [info] [LiDAR-Camera] [:]   IMU [/livox/imu]: 2597 帧
[2026-04-21 16:02:54.879] [info] [LiDAR-Camera] [:]   选用 LiDAR  lidar_0 -> /livox/points
[2026-04-21 16:02:54.879] [info] [LiDAR-Camera] [:]   选用 相机  cam_0 -> /image
[2026-04-21 16:02:54.879] [info] [LiDAR-Camera] [:]   选用 IMU    imu_0 -> /livox/imu
[2026-04-21 16:02:54.879] [info] [LiDAR-Camera] [:]   时间范围: 545.614 - 582.547 秒
[2026-04-21 16:02:54.879] [info] [LiDAR-Camera] [:] [Ros2BagDataSource] 应用采样/帧数限制...
[2026-04-21 16:02:54.879] [info] [LiDAR-Camera] [:]   LiDAR /livox/points 采样后: 2 帧
[2026-04-21 16:02:54.885] [info] [LiDAR-Camera] [:]   相机 /image 采样后: 2 帧
[2026-04-21 16:02:54.885] [info] [LiDAR-Camera] [:]   [Stage 1] ROS2 加载结果: LiDAR 2 帧  相机 2 帧 (sensor_id=cam_0)
[2026-04-21 16:02:54.997] [info] [LiDAR-Camera] [:]   [Stage 1] 已写入首帧到: PCD=/home/lihongyu/Unicalib/UniCalib-OK/results/coarse_input/coarse_first.pcd  image=/home/lihongyu/Unicalib/UniCalib-OK/results/coarse_input/coarse_first.png (ASCII PCD 供 Python 兼容)
[2026-04-21 16:02:54.997] [info] [LiDAR-Camera] [:]   [Stage 1] 内参未配置，从首帧推断: 2448x2048  fx=1958.4  cx=1224.0  cy=1024.0
[2026-04-21 16:02:55.003] [info] [LiDAR-Camera] [:]   [Stage 1] 标定对: lidar_id=lidar_0  camera_id=cam_0
[2026-04-21 16:02:55.003] [info] [LiDAR-Camera] [:]   [Stage 1] 调用粗标定: pcd=/home/lihongyu/Unicalib/UniCalib-OK/results/coarse_input/coarse_first.pcd  image=/home/lihongyu/Unicalib/UniCalib-OK/results/coarse_input/coarse_first.png 内参: fx=1958.4 尺寸=2448x2048
[2026-04-21 16:02:55.003] [info] [LiDAR-Camera] [:] [AI-Calib] LiDAR-Cam 粗估 (MIAS-LCEC) lidar_0→cam_0
[2026-04-21 16:02:55.003] [info] [LiDAR-Camera] [:] [MIAS-LCEC] 仓库: /root/calib_ws/calib_unified 脚本: scripts/run_lidar_cam_coarse.py 实际传入模型路径: /root/calib_ws/MIAS-LCEC/model/mobile_sam.pt
[2026-04-21 16:02:55.003] [info] [LiDAR-Camera] [:] [MIAS-LCEC] 子进程 Python: python3 (已绕过 wrapper)
[2026-04-21 16:02:55.003] [info] [LiDAR-Camera] [:] [MIAS-LCEC] 粗标定尝试 1/2  (首次), 超时=180s
[2026-04-21 16:02:55.003] [info] [LiDAR-Camera] [:] [MIAS-LCEC] 执行命令 (python3+PYTHONPATH): python3 /root/calib_ws/calib_unified/scripts/run_lidar_cam_coarse.py --pcd /home/lihongyu/Unicalib/UniCalib-OK/results/coarse_input/coarse_first.pcd --image /home/lihongyu/Unicalib/UniCalib-OK/results/coarse_input/coarse_first.png --sensor_config /tmp/mias_work/sensor_config.yaml --output_dir /tmp/mias_work/output --quality-ncc-good 0.300000 --quality-ncc-acceptable 0.200000 --quality-rms-good-px 2.000000 --quality-rms-acceptable-px 5.000000 --quality-inlier-ratio-good 0.600000 --quality-inlier-ratio-acceptable 0.400000 --model_path /root/calib_ws/MIAS-LCEC/model/mobile_sam.pt --mias_repo /root/calib_ws/calib_unified --no-require-model
[2026-04-21 16:02:55.060] [info] [LiDAR-Camera] [:] [MIAS-LCEC] 子进程: [2026-04-21 16:02:55.060] [INFO] 环境: numpy=2.2.6
[2026-04-21 16:02:55.060] [info] [LiDAR-Camera] [:] [MIAS-LCEC] 子进程: [2026-04-21 16:02:55.060] [INFO] ======== 粗标定开始 ========
[2026-04-21 16:02:55.060] [info] [LiDAR-Camera] [:] [MIAS-LCEC] 子进程: [2026-04-21 16:02:55.060] [INFO] 输入: pcd=/home/lihongyu/Unicalib/UniCalib-OK/results/coarse_input/coarse_first.pcd  image=/home/lihongyu/Unicalib/UniCalib-OK/results/coarse_input/coarse_first.png  sensor_config=/tmp/mias_work/sensor_config.yaml  output_dir=/tmp/mias_work/output
[2026-04-21 16:02:55.060] [info] [LiDAR-Camera] [:] [MIAS-LCEC] 子进程: [2026-04-21 16:02:55.060] [INFO] [步骤 1/4] 读取 sensor_config...
[2026-04-21 16:02:55.068] [info] [LiDAR-Camera] [:] [MIAS-LCEC] 子进程: [2026-04-21 16:02:55.068] [INFO] 读取 sensor_config: /tmp/mias_work/sensor_config.yaml
[2026-04-21 16:02:55.069] [info] [LiDAR-Camera] [:] [MIAS-LCEC] 子进程: [2026-04-21 16:02:55.069] [INFO] 相机内参: fx=1958.40 fy=1958.40 cx=1224.00 cy=1024.00 width=2448 height=2048
[2026-04-21 16:02:55.069] [info] [LiDAR-Camera] [:] [MIAS-LCEC] 子进程: [2026-04-21 16:02:55.069] [INFO] [步骤 2/4] 读取 PCD...
[2026-04-21 16:02:55.086] [info] [LiDAR-Camera] [:] [MIAS-LCEC] 子进程: [2026-04-21 16:02:55.086] [INFO] PCD 加载方式: ASCII (优先，避免 Open3D/NumPy 2.x 兼容问题)  路径=/home/lihongyu/Unicalib/UniCalib-OK/results/coarse_input/coarse_first.pcd
[2026-04-21 16:02:55.087] [info] [LiDAR-Camera] [:] [MIAS-LCEC] 子进程: [2026-04-21 16:02:55.087] [INFO] 点云规模: 20210 点  范围 X[1.05, 82.09] Y[-57.22, 16.86] Z[-5.77, 24.91]
[2026-04-21 16:02:55.087] [info] [LiDAR-Camera] [:] [MIAS-LCEC] 子进程: [2026-04-21 16:02:55.087] [INFO] [步骤 2/4] PCD 读取完成  点数=20210
[2026-04-21 16:02:55.087] [info] [LiDAR-Camera] [:] [MIAS-LCEC] 子进程: [2026-04-21 16:02:55.087] [INFO] [步骤 3/4] 读取图像 (优先 Pillow，避免 NumPy 2.x 下 cv2 崩溃)...
[2026-04-21 16:02:55.188] [info] [LiDAR-Camera] [:] [MIAS-LCEC] 子进程: [2026-04-21 16:02:55.188] [INFO] 图像加载: Pillow  路径=/home/lihongyu/Unicalib/UniCalib-OK/results/coarse_input/coarse_first.png  尺寸=2448x2048 (避免 NumPy 2.x 下 cv2 崩溃)
[2026-04-21 16:02:55.188] [info] [LiDAR-Camera] [:] [MIAS-LCEC] 子进程: [2026-04-21 16:02:55.188] [INFO] [步骤 3/4] 图像读取完成  尺寸=2448x2048
[2026-04-21 16:02:55.188] [info] [LiDAR-Camera] [:] [MIAS-LCEC] 子进程: [2026-04-21 16:02:55.188] [INFO] [粗标定] ===== 尝试深度模型推理 =====
[2026-04-21 16:02:55.188] [info] [LiDAR-Camera] [:] [MIAS-LCEC] 子进程: [2026-04-21 16:02:55.188] [INFO] [粗标定] 配置: model_path=/root/calib_ws/MIAS-LCEC/model/mobile_sam.pt
[2026-04-21 16:02:55.188] [info] [LiDAR-Camera] [:] [MIAS-LCEC] 子进程: [2026-04-21 16:02:55.188] [INFO] [粗标定] 配置: mias_repo=/root/calib_ws/calib_unified
[2026-04-21 16:02:55.188] [info] [LiDAR-Camera] [:] [MIAS-LCEC] 子进程: [2026-04-21 16:02:55.188] [INFO] [粗标定] require_model=False
[2026-04-21 16:02:55.189] [info] [LiDAR-Camera] [:] [MIAS-LCEC] 子进程: [2026-04-21 16:02:55.189] [INFO] [粗标定] mias_lcec_infer 导入成功
[2026-04-21 16:02:55.189] [info] [LiDAR-Camera] [:] [MIAS-LCEC] 子进程: [2026-04-21 16:02:55.189] [INFO] [粗标定] 开始调用深度模型推理...
[2026-04-21 16:02:55.189] [info] [LiDAR-Camera] [:] [MIAS-LCEC] 子进程: [2026-04-21 16:02:55.189] [INFO] [粗标定] 输入: pcd=/home/lihongyu/Unicalib/UniCalib-OK/results/coarse_input/coarse_first.pcd image=/home/lihongyu/Unicalib/UniCalib-OK/results/coarse_input/coarse_first.png
[2026-04-21 16:02:55.189] [info] [LiDAR-Camera] [:] [MIAS-LCEC] 子进程: [MIAS_LCEC_INFER 2026-04-21 16:02:55.189] [WARNING] [MIAS-LCEC 推理] 未使用深度模型: 模型文件不存在或未配置 model_path=/root/calib_ws/MIAS-LCEC/model/mobile_sam.pt
[2026-04-21 16:02:55.189] [info] [LiDAR-Camera] [:] [MIAS-LCEC] 子进程: [2026-04-21 16:02:55.189] [INFO] [粗标定] 推理完成，返回值类型: None
[2026-04-21 16:02:55.189] [info] [LiDAR-Camera] [:] [MIAS-LCEC] 子进程: [2026-04-21 16:02:55.189] [WARNING] [粗标定] 深度模型未返回结果 (require_model=false)，将回退 PnP 几何初值；请检查: 1) MIAS-LCEC 仓库是否有 infer_unicalib.py 或 LcMatch_CApi 2) Python 版本是否为 3.10 (LcMatch_CApi 需要) 3) model_path 是否正确
[2026-04-21 16:02:55.189] [info] [LiDAR-Camera] [:] [MIAS-LCEC] 子进程: [2026-04-21 16:02:55.189] [WARNING] [粗标定] ★ 结论: 未使用深度模型，将回退 PnP；原因见上方 [MIAS_LCEC_INFER] 错误日志（如 Read-only file system、ImportError 等）
[2026-04-21 16:02:55.274] [info] [LiDAR-Camera] [:] [MIAS-LCEC] 子进程: A module that was compiled using NumPy 1.x cannot be run in
[2026-04-21 16:02:55.274] [info] [LiDAR-Camera] [:] [MIAS-LCEC] 子进程: NumPy 2.2.6 as it may crash. To support both 1.x and 2.x
[2026-04-21 16:02:55.274] [info] [LiDAR-Camera] [:] [MIAS-LCEC] 子进程: versions of NumPy, modules must be compiled with NumPy 2.0.
[2026-04-21 16:02:55.274] [info] [LiDAR-Camera] [:] [MIAS-LCEC] 子进程: Some module may need to rebuild instead e.g. with 'pybind11>=2.12'.
[2026-04-21 16:02:55.274] [info] [LiDAR-Camera] [:] [MIAS-LCEC] 子进程: If you are a user of the module, the easiest solution will be to
[2026-04-21 16:02:55.274] [info] [LiDAR-Camera] [:] [MIAS-LCEC] 子进程: downgrade to 'numpy<2' or try to upgrade the affected module.
[2026-04-21 16:02:55.274] [info] [LiDAR-Camera] [:] [MIAS-LCEC] 子进程: We expect that some modules will need time to support NumPy 2.
[2026-04-21 16:02:55.274] [info] [LiDAR-Camera] [:] [MIAS-LCEC] 子进程: Traceback (most recent call last):  File "/root/calib_ws/calib_unified/scripts/run_lidar_cam_coarse.py", line 698, in <module>
[2026-04-21 16:02:55.274] [info] [LiDAR-Camera] [:] [MIAS-LCEC] 子进程:     sys.exit(main_with_traceback())
[2026-04-21 16:02:55.274] [info] [LiDAR-Camera] [:] [MIAS-LCEC] 子进程:   File "/root/calib_ws/calib_unified/scripts/run_lidar_cam_coarse.py", line 689, in main_with_traceback
[2026-04-21 16:02:55.274] [info] [LiDAR-Camera] [:] [MIAS-LCEC] 子进程:     return main()
[2026-04-21 16:02:55.274] [info] [LiDAR-Camera] [:] [MIAS-LCEC] 子进程:   File "/root/calib_ws/calib_unified/scripts/run_lidar_cam_coarse.py", line 567, in main
[2026-04-21 16:02:55.274] [info] [LiDAR-Camera] [:] [MIAS-LCEC] 子进程:     if not _check_cv2_available():
[2026-04-21 16:02:55.274] [info] [LiDAR-Camera] [:] [MIAS-LCEC] 子进程:   File "/root/calib_ws/calib_unified/scripts/run_lidar_cam_coarse.py", line 259, in _check_cv2_available
[2026-04-21 16:02:55.274] [info] [LiDAR-Camera] [:] [MIAS-LCEC] 子进程:     import cv2  # noqa: F401
[2026-04-21 16:02:55.274] [info] [LiDAR-Camera] [:] [MIAS-LCEC] 子进程:   File "/usr/local/lib/python3.10/dist-packages/cv2/__init__.py", line 181, in <module>
[2026-04-21 16:02:55.274] [info] [LiDAR-Camera] [:] [MIAS-LCEC] 子进程:     bootstrap()
[2026-04-21 16:02:55.274] [info] [LiDAR-Camera] [:] [MIAS-LCEC] 子进程:   File "/usr/local/lib/python3.10/dist-packages/cv2/__init__.py", line 153, in bootstrap
[2026-04-21 16:02:55.274] [info] [LiDAR-Camera] [:] [MIAS-LCEC] 子进程:     native_module = importlib.import_module("cv2")
[2026-04-21 16:02:55.274] [info] [LiDAR-Camera] [:] [MIAS-LCEC] 子进程:   File "/usr/lib/python3.10/importlib/__init__.py", line 126, in import_module
[2026-04-21 16:02:55.274] [info] [LiDAR-Camera] [:] [MIAS-LCEC] 子进程:     return _bootstrap._gcd_import(name[level:], package, level)
[2026-04-21 16:02:55.274] [info] [LiDAR-Camera] [:] [MIAS-LCEC] 子进程: AttributeError: _ARRAY_API not found
[2026-04-21 16:02:55.274] [info] [LiDAR-Camera] [:] [MIAS-LCEC] 子进程: [2026-04-21 16:02:55.273] [WARNING] [粗标定] cv2 不可用 (ImportError)，跳过 PnP，将输出 identity。原因: numpy.core.multiarray failed to import
[2026-04-21 16:02:55.274] [info] [LiDAR-Camera] [:] [MIAS-LCEC] 子进程: [2026-04-21 16:02:55.274] [WARNING] [粗标定] cv2 不可用，不调用 PnP，输出 identity；精标定可能无法收敛，建议修复环境后重试
[2026-04-21 16:02:55.274] [info] [LiDAR-Camera] [:] [MIAS-LCEC] 子进程: [2026-04-21 16:02:55.274] [INFO] [粗标定] 方法=identity  输出 t=[0, 0, 0]  (精标定可能无法收敛，建议检查 PnP 或深度模型)
[2026-04-21 16:02:55.274] [info] [LiDAR-Camera] [:] [MIAS-LCEC] 子进程: [2026-04-21 16:02:55.274] [INFO] [步骤 4/5] 写入 extrinsic_result.yaml...
[2026-04-21 16:02:55.274] [info] [LiDAR-Camera] [:] [MIAS-LCEC] 子进程: [2026-04-21 16:02:55.274] [INFO] 已写出 extrinsic_result.yaml: /tmp/mias_work/output/extrinsic_result.yaml  translation=[0.0000, 0.0000, 0.0000]
[2026-04-21 16:02:55.274] [info] [LiDAR-Camera] [:] [MIAS-LCEC] 子进程: [2026-04-21 16:02:55.274] [INFO] [步骤 5/5] 生成 quality_report.yaml...
[2026-04-21 16:02:55.499] [info] [LiDAR-Camera] [:] [MIAS-LCEC] 子进程: A module that was compiled using NumPy 1.x cannot be run in
[2026-04-21 16:02:55.499] [info] [LiDAR-Camera] [:] [MIAS-LCEC] 子进程: NumPy 2.2.6 as it may crash. To support both 1.x and 2.x
[2026-04-21 16:02:55.499] [info] [LiDAR-Camera] [:] [MIAS-LCEC] 子进程: versions of NumPy, modules must be compiled with NumPy 2.0.
[2026-04-21 16:02:55.499] [info] [LiDAR-Camera] [:] [MIAS-LCEC] 子进程: Some module may need to rebuild instead e.g. with 'pybind11>=2.12'.
[2026-04-21 16:02:55.499] [info] [LiDAR-Camera] [:] [MIAS-LCEC] 子进程: If you are a user of the module, the easiest solution will be to
[2026-04-21 16:02:55.499] [info] [LiDAR-Camera] [:] [MIAS-LCEC] 子进程: downgrade to 'numpy<2' or try to upgrade the affected module.
[2026-04-21 16:02:55.499] [info] [LiDAR-Camera] [:] [MIAS-LCEC] 子进程: We expect that some modules will need time to support NumPy 2.
[2026-04-21 16:02:55.499] [info] [LiDAR-Camera] [:] [MIAS-LCEC] 子进程: Traceback (most recent call last):  File "/root/calib_ws/calib_unified/scripts/run_lidar_cam_coarse.py", line 698, in <module>
[2026-04-21 16:02:55.499] [info] [LiDAR-Camera] [:] [MIAS-LCEC] 子进程:     sys.exit(main_with_traceback())
[2026-04-21 16:02:55.499] [info] [LiDAR-Camera] [:] [MIAS-LCEC] 子进程:   File "/root/calib_ws/calib_unified/scripts/run_lidar_cam_coarse.py", line 689, in main_with_traceback
[2026-04-21 16:02:55.499] [info] [LiDAR-Camera] [:] [MIAS-LCEC] 子进程:     return main()
[2026-04-21 16:02:55.499] [info] [LiDAR-Camera] [:] [MIAS-LCEC] 子进程:   File "/root/calib_ws/calib_unified/scripts/run_lidar_cam_coarse.py", line 636, in main
[2026-04-21 16:02:55.499] [info] [LiDAR-Camera] [:] [MIAS-LCEC] 子进程:     from mias_lcec_pytorch.quality_assessment import assess_calibration_quality
[2026-04-21 16:02:55.499] [info] [LiDAR-Camera] [:] [MIAS-LCEC] 子进程:   File "/root/calib_ws/calib_unified/scripts/mias_lcec_pytorch/__init__.py", line 17, in <module>
[2026-04-21 16:02:55.499] [info] [LiDAR-Camera] [:] [MIAS-LCEC] 子进程:     from .coarse_calib import MIASLCECCoarseCalib
[2026-04-21 16:02:55.499] [info] [LiDAR-Camera] [:] [MIAS-LCEC] 子进程:   File "/root/calib_ws/calib_unified/scripts/mias_lcec_pytorch/coarse_calib.py", line 26, in <module>
[2026-04-21 16:02:55.499] [info] [LiDAR-Camera] [:] [MIAS-LCEC] 子进程:     import torch
[2026-04-21 16:02:55.499] [info] [LiDAR-Camera] [:] [MIAS-LCEC] 子进程:   File "/usr/local/lib/python3.10/dist-packages/torch/__init__.py", line 1382, in <module>
[2026-04-21 16:02:55.499] [info] [LiDAR-Camera] [:] [MIAS-LCEC] 子进程:     from .functional import *  # noqa: F403
[2026-04-21 16:02:55.499] [info] [LiDAR-Camera] [:] [MIAS-LCEC] 子进程:   File "/usr/local/lib/python3.10/dist-packages/torch/functional.py", line 7, in <module>
[2026-04-21 16:02:55.499] [info] [LiDAR-Camera] [:] [MIAS-LCEC] 子进程:     import torch.nn.functional as F
[2026-04-21 16:02:55.499] [info] [LiDAR-Camera] [:] [MIAS-LCEC] 子进程:   File "/usr/local/lib/python3.10/dist-packages/torch/nn/__init__.py", line 1, in <module>
[2026-04-21 16:02:55.499] [info] [LiDAR-Camera] [:] [MIAS-LCEC] 子进程:     from .modules import *  # noqa: F403
[2026-04-21 16:02:55.499] [info] [LiDAR-Camera] [:] [MIAS-LCEC] 子进程:   File "/usr/local/lib/python3.10/dist-packages/torch/nn/modules/__init__.py", line 35, in <module>
[2026-04-21 16:02:55.499] [info] [LiDAR-Camera] [:] [MIAS-LCEC] 子进程:     from .transformer import TransformerEncoder, TransformerDecoder, \
[2026-04-21 16:02:55.499] [info] [LiDAR-Camera] [:] [MIAS-LCEC] 子进程:   File "/usr/local/lib/python3.10/dist-packages/torch/nn/modules/transformer.py", line 20, in <module>
[2026-04-21 16:02:55.499] [info] [LiDAR-Camera] [:] [MIAS-LCEC] 子进程:     device: torch.device = torch.device(torch._C._get_default_device()),  # torch.device('cpu'),
[2026-04-21 16:02:55.499] [info] [LiDAR-Camera] [:] [MIAS-LCEC] 子进程: /usr/local/lib/python3.10/dist-packages/torch/nn/modules/transformer.py:20: UserWarning: Failed to initialize NumPy: _ARRAY_API not found (Triggered internally at ../torch/csrc/utils/tensor_numpy.cpp:84.)
[2026-04-21 16:02:55.499] [info] [LiDAR-Camera] [:] [MIAS-LCEC] 子进程:   device: torch.device = torch.device(torch._C._get_default_device()),  # torch.device('cpu'),
[2026-04-21 16:02:56.613] [info] [LiDAR-Camera] [:] [MIAS-LCEC] 子进程: /usr/local/lib/python3.10/dist-packages/timm/models/layers/__init__.py:49: FutureWarning: Importing from timm.models.layers is deprecated, please import via timm.layers
[2026-04-21 16:02:56.613] [info] [LiDAR-Camera] [:] [MIAS-LCEC] 子进程:   warnings.warn(f"Importing from {__name__} is deprecated, please import via timm.layers", FutureWarning)
[2026-04-21 16:02:56.613] [info] [LiDAR-Camera] [:] [MIAS-LCEC] 子进程: /usr/local/lib/python3.10/dist-packages/timm/models/registry.py:4: FutureWarning: Importing from timm.models.registry is deprecated, please import via timm.models
[2026-04-21 16:02:56.613] [info] [LiDAR-Camera] [:] [MIAS-LCEC] 子进程:   warnings.warn(f"Importing from {__name__} is deprecated, please import via timm.models", FutureWarning)
[2026-04-21 16:02:56.613] [info] [LiDAR-Camera] [:] [MIAS-LCEC] 子进程: /root/calib_ws/calib_unified/thirdparty/MobileSAM/mobile_sam/modeling/tiny_vit_sam.py:656: UserWarning: Overwriting tiny_vit_5m_224 in registry with mobile_sam.modeling.tiny_vit_sam.tiny_vit_5m_224. This is because the name being registered conflicts with an existing name. Please check if this is not expected.
[2026-04-21 16:02:56.613] [info] [LiDAR-Camera] [:] [MIAS-LCEC] 子进程:   return register_model(fn_wrapper)
[2026-04-21 16:02:56.613] [info] [LiDAR-Camera] [:] [MIAS-LCEC] 子进程: /root/calib_ws/calib_unified/thirdparty/MobileSAM/mobile_sam/modeling/tiny_vit_sam.py:656: UserWarning: Overwriting tiny_vit_11m_224 in registry with mobile_sam.modeling.tiny_vit_sam.tiny_vit_11m_224. This is because the name being registered conflicts with an existing name. Please check if this is not expected.
[2026-04-21 16:02:56.613] [info] [LiDAR-Camera] [:] [MIAS-LCEC] 子进程:   return register_model(fn_wrapper)
[2026-04-21 16:02:56.613] [info] [LiDAR-Camera] [:] [MIAS-LCEC] 子进程: /root/calib_ws/calib_unified/thirdparty/MobileSAM/mobile_sam/modeling/tiny_vit_sam.py:656: UserWarning: Overwriting tiny_vit_21m_224 in registry with mobile_sam.modeling.tiny_vit_sam.tiny_vit_21m_224. This is because the name being registered conflicts with an existing name. Please check if this is not expected.
[2026-04-21 16:02:56.613] [info] [LiDAR-Camera] [:] [MIAS-LCEC] 子进程:   return register_model(fn_wrapper)
[2026-04-21 16:02:56.613] [info] [LiDAR-Camera] [:] [MIAS-LCEC] 子进程: /root/calib_ws/calib_unified/thirdparty/MobileSAM/mobile_sam/modeling/tiny_vit_sam.py:656: UserWarning: Overwriting tiny_vit_21m_384 in registry with mobile_sam.modeling.tiny_vit_sam.tiny_vit_21m_384. This is because the name being registered conflicts with an existing name. Please check if this is not expected.
[2026-04-21 16:02:56.613] [info] [LiDAR-Camera] [:] [MIAS-LCEC] 子进程:   return register_model(fn_wrapper)
[2026-04-21 16:02:56.613] [info] [LiDAR-Camera] [:] [MIAS-LCEC] 子进程: /root/calib_ws/calib_unified/thirdparty/MobileSAM/mobile_sam/modeling/tiny_vit_sam.py:656: UserWarning: Overwriting tiny_vit_21m_512 in registry with mobile_sam.modeling.tiny_vit_sam.tiny_vit_21m_512. This is because the name being registered conflicts with an existing name. Please check if this is not expected.
[2026-04-21 16:02:56.613] [info] [LiDAR-Camera] [:] [MIAS-LCEC] 子进程:   return register_model(fn_wrapper)
[2026-04-21 16:02:56.618] [info] [LiDAR-Camera] [:] [MIAS-LCEC] 子进程: [2026-04-21 16:02:56.618] [INFO] 已写出 quality_report.yaml: /tmp/mias_work/output/quality_report.yaml
[2026-04-21 16:02:56.618] [info] [LiDAR-Camera] [:] [MIAS-LCEC] 子进程: [2026-04-21 16:02:56.618] [INFO] 粗标定完成  方法=identity  耗时=1.59s  输出=/tmp/mias_work/output/extrinsic_result.yaml
[2026-04-21 16:02:56.618] [info] [LiDAR-Camera] [:] [MIAS-LCEC] 子进程: [2026-04-21 16:02:56.618] [INFO] [粗标定] ★ 最终: 使用恒等外参 (identity)，未使用深度模型
[2026-04-21 16:02:56.618] [info] [LiDAR-Camera] [:] [MIAS-LCEC] 子进程: [2026-04-21 16:02:56.618] [INFO] ======== 粗标定结束 ========
[2026-04-21 16:02:56.618] [info] [LiDAR-Camera] [:] [MIAS-LCEC] 子进程: [2026-04-21 16:02:56.618] [WARNING] [粗标定] 诊断摘要: 未使用深度模型 (method=identity)，详见上方 [MIAS_LCEC_INFER] 错误与修复建议
[2026-04-21 16:02:56.618] [info] [LiDAR-Camera] [:] [MIAS-LCEC] 子进程: [run_lidar_cam_coarse] OK  method=identity  output=/tmp/mias_work/output/extrinsic_result.yaml  elapsed_s=1.59
[2026-04-21 16:02:57.006] [info] [LiDAR-Camera] [:] [AI-Exec] 子进程完整输出已保存到: /tmp/mias_work/subprocess_1776758575.log
[2026-04-21 16:02:57.007] [info] [LiDAR-Camera] [:] [MIAS-LCEC] 子进程结束  exit_code=0  elapsed_ms=2003  output_exists=yes
[2026-04-21 16:02:57.007] [info] [LiDAR-Camera] [:] [MIAS-LCEC] 粗标定方法: identity)，详见上方 (由子进程 stdout 解析)
[2026-04-21 16:02:57.007] [warning] [LiDAR-Camera] [:] [MIAS-LCEC] ★ 粗标定未使用深度模型，结果来自几何回退(identity)，详见上方)；原因见上方子进程日志或 子进程完整输出
[2026-04-21 16:02:57.007] [info] [LiDAR-Camera] [:] [MIAS-LCEC] 解析结果  t=[0.0000, 0.0000, 0.0000]  is_identity=true
[2026-04-21 16:02:57.007] [warning] [LiDAR-Camera] [:] [MIAS-LCEC] 粗标定结果为 identity，重试  attempt=2/2  显式附加 --use_pnp
[2026-04-21 16:02:57.007] [info] [LiDAR-Camera] [:] [MIAS-LCEC] 粗标定尝试 2/2  (identity 后重试), 超时=180s
[2026-04-21 16:02:57.007] [info] [LiDAR-Camera] [:] [MIAS-LCEC] 执行命令 (python3+PYTHONPATH): python3 /root/calib_ws/calib_unified/scripts/run_lidar_cam_coarse.py --pcd /home/lihongyu/Unicalib/UniCalib-OK/results/coarse_input/coarse_first.pcd --image /home/lihongyu/Unicalib/UniCalib-OK/results/coarse_input/coarse_first.png --sensor_config /tmp/mias_work/sensor_config.yaml --output_dir /tmp/mias_work/output --quality-ncc-good 0.300000 --quality-ncc-acceptable 0.200000 --quality-rms-good-px 2.000000 --quality-rms-acceptable-px 5.000000 --quality-inlier-ratio-good 0.600000 --quality-inlier-ratio-acceptable 0.400000 --model_path /root/calib_ws/MIAS-LCEC/model/mobile_sam.pt --mias_repo /root/calib_ws/calib_unified --no-require-model --use_pnp
[2026-04-21 16:02:57.074] [info] [LiDAR-Camera] [:] [MIAS-LCEC] 子进程: [2026-04-21 16:02:57.074] [INFO] 环境: numpy=2.2.6
[2026-04-21 16:02:57.074] [info] [LiDAR-Camera] [:] [MIAS-LCEC] 子进程: [2026-04-21 16:02:57.074] [INFO] ======== 粗标定开始 ========
[2026-04-21 16:02:57.074] [info] [LiDAR-Camera] [:] [MIAS-LCEC] 子进程: [2026-04-21 16:02:57.074] [INFO] 输入: pcd=/home/lihongyu/Unicalib/UniCalib-OK/results/coarse_input/coarse_first.pcd  image=/home/lihongyu/Unicalib/UniCalib-OK/results/coarse_input/coarse_first.png  sensor_config=/tmp/mias_work/sensor_config.yaml  output_dir=/tmp/mias_work/output
[2026-04-21 16:02:57.074] [info] [LiDAR-Camera] [:] [MIAS-LCEC] 子进程: [2026-04-21 16:02:57.074] [INFO] [步骤 1/4] 读取 sensor_config...
[2026-04-21 16:02:57.082] [info] [LiDAR-Camera] [:] [MIAS-LCEC] 子进程: [2026-04-21 16:02:57.082] [INFO] 读取 sensor_config: /tmp/mias_work/sensor_config.yaml
[2026-04-21 16:02:57.083] [info] [LiDAR-Camera] [:] [MIAS-LCEC] 子进程: [2026-04-21 16:02:57.083] [INFO] 相机内参: fx=1958.40 fy=1958.40 cx=1224.00 cy=1024.00 width=2448 height=2048
[2026-04-21 16:02:57.083] [info] [LiDAR-Camera] [:] [MIAS-LCEC] 子进程: [2026-04-21 16:02:57.083] [INFO] [步骤 2/4] 读取 PCD...
[2026-04-21 16:02:57.101] [info] [LiDAR-Camera] [:] [MIAS-LCEC] 子进程: [2026-04-21 16:02:57.101] [INFO] PCD 加载方式: ASCII (优先，避免 Open3D/NumPy 2.x 兼容问题)  路径=/home/lihongyu/Unicalib/UniCalib-OK/results/coarse_input/coarse_first.pcd
[2026-04-21 16:02:57.102] [info] [LiDAR-Camera] [:] [MIAS-LCEC] 子进程: [2026-04-21 16:02:57.102] [INFO] 点云规模: 20210 点  范围 X[1.05, 82.09] Y[-57.22, 16.86] Z[-5.77, 24.91]
[2026-04-21 16:02:57.102] [info] [LiDAR-Camera] [:] [MIAS-LCEC] 子进程: [2026-04-21 16:02:57.102] [INFO] [步骤 2/4] PCD 读取完成  点数=20210
[2026-04-21 16:02:57.102] [info] [LiDAR-Camera] [:] [MIAS-LCEC] 子进程: [2026-04-21 16:02:57.102] [INFO] [步骤 3/4] 读取图像 (优先 Pillow，避免 NumPy 2.x 下 cv2 崩溃)...
[2026-04-21 16:02:57.204] [info] [LiDAR-Camera] [:] [MIAS-LCEC] 子进程: [2026-04-21 16:02:57.204] [INFO] 图像加载: Pillow  路径=/home/lihongyu/Unicalib/UniCalib-OK/results/coarse_input/coarse_first.png  尺寸=2448x2048 (避免 NumPy 2.x 下 cv2 崩溃)
[2026-04-21 16:02:57.204] [info] [LiDAR-Camera] [:] [MIAS-LCEC] 子进程: [2026-04-21 16:02:57.204] [INFO] [步骤 3/4] 图像读取完成  尺寸=2448x2048
[2026-04-21 16:02:57.204] [info] [LiDAR-Camera] [:] [MIAS-LCEC] 子进程: [2026-04-21 16:02:57.204] [INFO] [粗标定] ===== 尝试深度模型推理 =====
[2026-04-21 16:02:57.204] [info] [LiDAR-Camera] [:] [MIAS-LCEC] 子进程: [2026-04-21 16:02:57.204] [INFO] [粗标定] 配置: model_path=/root/calib_ws/MIAS-LCEC/model/mobile_sam.pt
[2026-04-21 16:02:57.204] [info] [LiDAR-Camera] [:] [MIAS-LCEC] 子进程: [2026-04-21 16:02:57.204] [INFO] [粗标定] 配置: mias_repo=/root/calib_ws/calib_unified
[2026-04-21 16:02:57.204] [info] [LiDAR-Camera] [:] [MIAS-LCEC] 子进程: [2026-04-21 16:02:57.204] [INFO] [粗标定] require_model=False
[2026-04-21 16:02:57.205] [info] [LiDAR-Camera] [:] [MIAS-LCEC] 子进程: [2026-04-21 16:02:57.205] [INFO] [粗标定] mias_lcec_infer 导入成功
[2026-04-21 16:02:57.205] [info] [LiDAR-Camera] [:] [MIAS-LCEC] 子进程: [2026-04-21 16:02:57.205] [INFO] [粗标定] 开始调用深度模型推理...
[2026-04-21 16:02:57.205] [info] [LiDAR-Camera] [:] [MIAS-LCEC] 子进程: [2026-04-21 16:02:57.205] [INFO] [粗标定] 输入: pcd=/home/lihongyu/Unicalib/UniCalib-OK/results/coarse_input/coarse_first.pcd image=/home/lihongyu/Unicalib/UniCalib-OK/results/coarse_input/coarse_first.png
[2026-04-21 16:02:57.205] [info] [LiDAR-Camera] [:] [MIAS-LCEC] 子进程: [MIAS_LCEC_INFER 2026-04-21 16:02:57.205] [WARNING] [MIAS-LCEC 推理] 未使用深度模型: 模型文件不存在或未配置 model_path=/root/calib_ws/MIAS-LCEC/model/mobile_sam.pt
[2026-04-21 16:02:57.205] [info] [LiDAR-Camera] [:] [MIAS-LCEC] 子进程: [2026-04-21 16:02:57.205] [INFO] [粗标定] 推理完成，返回值类型: None
[2026-04-21 16:02:57.205] [info] [LiDAR-Camera] [:] [MIAS-LCEC] 子进程: [2026-04-21 16:02:57.205] [WARNING] [粗标定] 深度模型未返回结果 (require_model=false)，将回退 PnP 几何初值；请检查: 1) MIAS-LCEC 仓库是否有 infer_unicalib.py 或 LcMatch_CApi 2) Python 版本是否为 3.10 (LcMatch_CApi 需要) 3) model_path 是否正确
[2026-04-21 16:02:57.205] [info] [LiDAR-Camera] [:] [MIAS-LCEC] 子进程: [2026-04-21 16:02:57.205] [WARNING] [粗标定] ★ 结论: 未使用深度模型，将回退 PnP；原因见上方 [MIAS_LCEC_INFER] 错误日志（如 Read-only file system、ImportError 等）
[2026-04-21 16:02:57.289] [info] [LiDAR-Camera] [:] [MIAS-LCEC] 子进程: A module that was compiled using NumPy 1.x cannot be run in
[2026-04-21 16:02:57.289] [info] [LiDAR-Camera] [:] [MIAS-LCEC] 子进程: NumPy 2.2.6 as it may crash. To support both 1.x and 2.x
[2026-04-21 16:02:57.289] [info] [LiDAR-Camera] [:] [MIAS-LCEC] 子进程: versions of NumPy, modules must be compiled with NumPy 2.0.
[2026-04-21 16:02:57.289] [info] [LiDAR-Camera] [:] [MIAS-LCEC] 子进程: Some module may need to rebuild instead e.g. with 'pybind11>=2.12'.
[2026-04-21 16:02:57.289] [info] [LiDAR-Camera] [:] [MIAS-LCEC] 子进程: If you are a user of the module, the easiest solution will be to
[2026-04-21 16:02:57.289] [info] [LiDAR-Camera] [:] [MIAS-LCEC] 子进程: downgrade to 'numpy<2' or try to upgrade the affected module.
[2026-04-21 16:02:57.289] [info] [LiDAR-Camera] [:] [MIAS-LCEC] 子进程: We expect that some modules will need time to support NumPy 2.
[2026-04-21 16:02:57.289] [info] [LiDAR-Camera] [:] [MIAS-LCEC] 子进程: Traceback (most recent call last):  File "/root/calib_ws/calib_unified/scripts/run_lidar_cam_coarse.py", line 698, in <module>
[2026-04-21 16:02:57.289] [info] [LiDAR-Camera] [:] [MIAS-LCEC] 子进程:     sys.exit(main_with_traceback())
[2026-04-21 16:02:57.289] [info] [LiDAR-Camera] [:] [MIAS-LCEC] 子进程:   File "/root/calib_ws/calib_unified/scripts/run_lidar_cam_coarse.py", line 689, in main_with_traceback
[2026-04-21 16:02:57.289] [info] [LiDAR-Camera] [:] [MIAS-LCEC] 子进程:     return main()
[2026-04-21 16:02:57.289] [info] [LiDAR-Camera] [:] [MIAS-LCEC] 子进程:   File "/root/calib_ws/calib_unified/scripts/run_lidar_cam_coarse.py", line 567, in main
[2026-04-21 16:02:57.289] [info] [LiDAR-Camera] [:] [MIAS-LCEC] 子进程:     if not _check_cv2_available():
[2026-04-21 16:02:57.289] [info] [LiDAR-Camera] [:] [MIAS-LCEC] 子进程:   File "/root/calib_ws/calib_unified/scripts/run_lidar_cam_coarse.py", line 259, in _check_cv2_available
[2026-04-21 16:02:57.289] [info] [LiDAR-Camera] [:] [MIAS-LCEC] 子进程:     import cv2  # noqa: F401
[2026-04-21 16:02:57.289] [info] [LiDAR-Camera] [:] [MIAS-LCEC] 子进程:   File "/usr/local/lib/python3.10/dist-packages/cv2/__init__.py", line 181, in <module>
[2026-04-21 16:02:57.289] [info] [LiDAR-Camera] [:] [MIAS-LCEC] 子进程:     bootstrap()
[2026-04-21 16:02:57.289] [info] [LiDAR-Camera] [:] [MIAS-LCEC] 子进程:   File "/usr/local/lib/python3.10/dist-packages/cv2/__init__.py", line 153, in bootstrap
[2026-04-21 16:02:57.289] [info] [LiDAR-Camera] [:] [MIAS-LCEC] 子进程:     native_module = importlib.import_module("cv2")
[2026-04-21 16:02:57.289] [info] [LiDAR-Camera] [:] [MIAS-LCEC] 子进程:   File "/usr/lib/python3.10/importlib/__init__.py", line 126, in import_module
[2026-04-21 16:02:57.289] [info] [LiDAR-Camera] [:] [MIAS-LCEC] 子进程:     return _bootstrap._gcd_import(name[level:], package, level)
[2026-04-21 16:02:57.289] [info] [LiDAR-Camera] [:] [MIAS-LCEC] 子进程: AttributeError: _ARRAY_API not found
[2026-04-21 16:02:57.289] [info] [LiDAR-Camera] [:] [MIAS-LCEC] 子进程: [2026-04-21 16:02:57.289] [WARNING] [粗标定] cv2 不可用 (ImportError)，跳过 PnP，将输出 identity。原因: numpy.core.multiarray failed to import
[2026-04-21 16:02:57.289] [info] [LiDAR-Camera] [:] [MIAS-LCEC] 子进程: [2026-04-21 16:02:57.289] [WARNING] [粗标定] cv2 不可用，不调用 PnP，输出 identity；精标定可能无法收敛，建议修复环境后重试
[2026-04-21 16:02:57.289] [info] [LiDAR-Camera] [:] [MIAS-LCEC] 子进程: [2026-04-21 16:02:57.289] [INFO] [粗标定] 方法=identity  输出 t=[0, 0, 0]  (精标定可能无法收敛，建议检查 PnP 或深度模型)
[2026-04-21 16:02:57.289] [info] [LiDAR-Camera] [:] [MIAS-LCEC] 子进程: [2026-04-21 16:02:57.289] [INFO] [步骤 4/5] 写入 extrinsic_result.yaml...
[2026-04-21 16:02:57.289] [info] [LiDAR-Camera] [:] [MIAS-LCEC] 子进程: [2026-04-21 16:02:57.289] [INFO] 已写出 extrinsic_result.yaml: /tmp/mias_work/output/extrinsic_result.yaml  translation=[0.0000, 0.0000, 0.0000]
[2026-04-21 16:02:57.289] [info] [LiDAR-Camera] [:] [MIAS-LCEC] 子进程: [2026-04-21 16:02:57.289] [INFO] [步骤 5/5] 生成 quality_report.yaml...
[2026-04-21 16:02:57.516] [info] [LiDAR-Camera] [:] [MIAS-LCEC] 子进程: A module that was compiled using NumPy 1.x cannot be run in
[2026-04-21 16:02:57.516] [info] [LiDAR-Camera] [:] [MIAS-LCEC] 子进程: NumPy 2.2.6 as it may crash. To support both 1.x and 2.x
[2026-04-21 16:02:57.516] [info] [LiDAR-Camera] [:] [MIAS-LCEC] 子进程: versions of NumPy, modules must be compiled with NumPy 2.0.
[2026-04-21 16:02:57.516] [info] [LiDAR-Camera] [:] [MIAS-LCEC] 子进程: Some module may need to rebuild instead e.g. with 'pybind11>=2.12'.
[2026-04-21 16:02:57.516] [info] [LiDAR-Camera] [:] [MIAS-LCEC] 子进程: If you are a user of the module, the easiest solution will be to
[2026-04-21 16:02:57.516] [info] [LiDAR-Camera] [:] [MIAS-LCEC] 子进程: downgrade to 'numpy<2' or try to upgrade the affected module.
[2026-04-21 16:02:57.516] [info] [LiDAR-Camera] [:] [MIAS-LCEC] 子进程: We expect that some modules will need time to support NumPy 2.
[2026-04-21 16:02:57.516] [info] [LiDAR-Camera] [:] [MIAS-LCEC] 子进程: Traceback (most recent call last):  File "/root/calib_ws/calib_unified/scripts/run_lidar_cam_coarse.py", line 698, in <module>
[2026-04-21 16:02:57.516] [info] [LiDAR-Camera] [:] [MIAS-LCEC] 子进程:     sys.exit(main_with_traceback())
[2026-04-21 16:02:57.516] [info] [LiDAR-Camera] [:] [MIAS-LCEC] 子进程:   File "/root/calib_ws/calib_unified/scripts/run_lidar_cam_coarse.py", line 689, in main_with_traceback
[2026-04-21 16:02:57.516] [info] [LiDAR-Camera] [:] [MIAS-LCEC] 子进程:     return main()
[2026-04-21 16:02:57.516] [info] [LiDAR-Camera] [:] [MIAS-LCEC] 子进程:   File "/root/calib_ws/calib_unified/scripts/run_lidar_cam_coarse.py", line 636, in main
[2026-04-21 16:02:57.516] [info] [LiDAR-Camera] [:] [MIAS-LCEC] 子进程:     from mias_lcec_pytorch.quality_assessment import assess_calibration_quality
[2026-04-21 16:02:57.516] [info] [LiDAR-Camera] [:] [MIAS-LCEC] 子进程:   File "/root/calib_ws/calib_unified/scripts/mias_lcec_pytorch/__init__.py", line 17, in <module>
[2026-04-21 16:02:57.516] [info] [LiDAR-Camera] [:] [MIAS-LCEC] 子进程:     from .coarse_calib import MIASLCECCoarseCalib
[2026-04-21 16:02:57.516] [info] [LiDAR-Camera] [:] [MIAS-LCEC] 子进程:   File "/root/calib_ws/calib_unified/scripts/mias_lcec_pytorch/coarse_calib.py", line 26, in <module>
[2026-04-21 16:02:57.516] [info] [LiDAR-Camera] [:] [MIAS-LCEC] 子进程:     import torch
[2026-04-21 16:02:57.516] [info] [LiDAR-Camera] [:] [MIAS-LCEC] 子进程:   File "/usr/local/lib/python3.10/dist-packages/torch/__init__.py", line 1382, in <module>
[2026-04-21 16:02:57.516] [info] [LiDAR-Camera] [:] [MIAS-LCEC] 子进程:     from .functional import *  # noqa: F403
[2026-04-21 16:02:57.516] [info] [LiDAR-Camera] [:] [MIAS-LCEC] 子进程:   File "/usr/local/lib/python3.10/dist-packages/torch/functional.py", line 7, in <module>
[2026-04-21 16:02:57.516] [info] [LiDAR-Camera] [:] [MIAS-LCEC] 子进程:     import torch.nn.functional as F
[2026-04-21 16:02:57.516] [info] [LiDAR-Camera] [:] [MIAS-LCEC] 子进程:   File "/usr/local/lib/python3.10/dist-packages/torch/nn/__init__.py", line 1, in <module>
[2026-04-21 16:02:57.516] [info] [LiDAR-Camera] [:] [MIAS-LCEC] 子进程:     from .modules import *  # noqa: F403
[2026-04-21 16:02:57.516] [info] [LiDAR-Camera] [:] [MIAS-LCEC] 子进程:   File "/usr/local/lib/python3.10/dist-packages/torch/nn/modules/__init__.py", line 35, in <module>
[2026-04-21 16:02:57.516] [info] [LiDAR-Camera] [:] [MIAS-LCEC] 子进程:     from .transformer import TransformerEncoder, TransformerDecoder, \
[2026-04-21 16:02:57.516] [info] [LiDAR-Camera] [:] [MIAS-LCEC] 子进程:   File "/usr/local/lib/python3.10/dist-packages/torch/nn/modules/transformer.py", line 20, in <module>
[2026-04-21 16:02:57.516] [info] [LiDAR-Camera] [:] [MIAS-LCEC] 子进程:     device: torch.device = torch.device(torch._C._get_default_device()),  # torch.device('cpu'),
[2026-04-21 16:02:57.516] [info] [LiDAR-Camera] [:] [MIAS-LCEC] 子进程: /usr/local/lib/python3.10/dist-packages/torch/nn/modules/transformer.py:20: UserWarning: Failed to initialize NumPy: _ARRAY_API not found (Triggered internally at ../torch/csrc/utils/tensor_numpy.cpp:84.)
[2026-04-21 16:02:57.516] [info] [LiDAR-Camera] [:] [MIAS-LCEC] 子进程:   device: torch.device = torch.device(torch._C._get_default_device()),  # torch.device('cpu'),
[2026-04-21 16:02:58.616] [info] [LiDAR-Camera] [:] [MIAS-LCEC] 子进程: /usr/local/lib/python3.10/dist-packages/timm/models/layers/__init__.py:49: FutureWarning: Importing from timm.models.layers is deprecated, please import via timm.layers
[2026-04-21 16:02:58.616] [info] [LiDAR-Camera] [:] [MIAS-LCEC] 子进程:   warnings.warn(f"Importing from {__name__} is deprecated, please import via timm.layers", FutureWarning)
[2026-04-21 16:02:58.616] [info] [LiDAR-Camera] [:] [MIAS-LCEC] 子进程: /usr/local/lib/python3.10/dist-packages/timm/models/registry.py:4: FutureWarning: Importing from timm.models.registry is deprecated, please import via timm.models
[2026-04-21 16:02:58.616] [info] [LiDAR-Camera] [:] [MIAS-LCEC] 子进程:   warnings.warn(f"Importing from {__name__} is deprecated, please import via timm.models", FutureWarning)
[2026-04-21 16:02:58.616] [info] [LiDAR-Camera] [:] [MIAS-LCEC] 子进程: /root/calib_ws/calib_unified/thirdparty/MobileSAM/mobile_sam/modeling/tiny_vit_sam.py:656: UserWarning: Overwriting tiny_vit_5m_224 in registry with mobile_sam.modeling.tiny_vit_sam.tiny_vit_5m_224. This is because the name being registered conflicts with an existing name. Please check if this is not expected.
[2026-04-21 16:02:58.616] [info] [LiDAR-Camera] [:] [MIAS-LCEC] 子进程:   return register_model(fn_wrapper)
[2026-04-21 16:02:58.616] [info] [LiDAR-Camera] [:] [MIAS-LCEC] 子进程: /root/calib_ws/calib_unified/thirdparty/MobileSAM/mobile_sam/modeling/tiny_vit_sam.py:656: UserWarning: Overwriting tiny_vit_11m_224 in registry with mobile_sam.modeling.tiny_vit_sam.tiny_vit_11m_224. This is because the name being registered conflicts with an existing name. Please check if this is not expected.
[2026-04-21 16:02:58.616] [info] [LiDAR-Camera] [:] [MIAS-LCEC] 子进程:   return register_model(fn_wrapper)
[2026-04-21 16:02:58.616] [info] [LiDAR-Camera] [:] [MIAS-LCEC] 子进程: /root/calib_ws/calib_unified/thirdparty/MobileSAM/mobile_sam/modeling/tiny_vit_sam.py:656: UserWarning: Overwriting tiny_vit_21m_224 in registry with mobile_sam.modeling.tiny_vit_sam.tiny_vit_21m_224. This is because the name being registered conflicts with an existing name. Please check if this is not expected.
[2026-04-21 16:02:58.616] [info] [LiDAR-Camera] [:] [MIAS-LCEC] 子进程:   return register_model(fn_wrapper)
[2026-04-21 16:02:58.616] [info] [LiDAR-Camera] [:] [MIAS-LCEC] 子进程: /root/calib_ws/calib_unified/thirdparty/MobileSAM/mobile_sam/modeling/tiny_vit_sam.py:656: UserWarning: Overwriting tiny_vit_21m_384 in registry with mobile_sam.modeling.tiny_vit_sam.tiny_vit_21m_384. This is because the name being registered conflicts with an existing name. Please check if this is not expected.
[2026-04-21 16:02:58.616] [info] [LiDAR-Camera] [:] [MIAS-LCEC] 子进程:   return register_model(fn_wrapper)
[2026-04-21 16:02:58.616] [info] [LiDAR-Camera] [:] [MIAS-LCEC] 子进程: /root/calib_ws/calib_unified/thirdparty/MobileSAM/mobile_sam/modeling/tiny_vit_sam.py:656: UserWarning: Overwriting tiny_vit_21m_512 in registry with mobile_sam.modeling.tiny_vit_sam.tiny_vit_21m_512. This is because the name being registered conflicts with an existing name. Please check if this is not expected.
[2026-04-21 16:02:58.616] [info] [LiDAR-Camera] [:] [MIAS-LCEC] 子进程:   return register_model(fn_wrapper)
[2026-04-21 16:02:58.621] [info] [LiDAR-Camera] [:] [MIAS-LCEC] 子进程: [2026-04-21 16:02:58.621] [INFO] 已写出 quality_report.yaml: /tmp/mias_work/output/quality_report.yaml
[2026-04-21 16:02:58.621] [info] [LiDAR-Camera] [:] [MIAS-LCEC] 子进程: [2026-04-21 16:02:58.621] [INFO] 粗标定完成  方法=identity  耗时=1.58s  输出=/tmp/mias_work/output/extrinsic_result.yaml
[2026-04-21 16:02:58.621] [info] [LiDAR-Camera] [:] [MIAS-LCEC] 子进程: [2026-04-21 16:02:58.621] [INFO] [粗标定] ★ 最终: 使用恒等外参 (identity)，未使用深度模型
[2026-04-21 16:02:58.621] [info] [LiDAR-Camera] [:] [MIAS-LCEC] 子进程: [2026-04-21 16:02:58.621] [INFO] ======== 粗标定结束 ========
[2026-04-21 16:02:58.621] [info] [LiDAR-Camera] [:] [MIAS-LCEC] 子进程: [2026-04-21 16:02:58.621] [WARNING] [粗标定] 诊断摘要: 未使用深度模型 (method=identity)，详见上方 [MIAS_LCEC_INFER] 错误与修复建议
[2026-04-21 16:02:58.621] [info] [LiDAR-Camera] [:] [MIAS-LCEC] 子进程: [run_lidar_cam_coarse] OK  method=identity  output=/tmp/mias_work/output/extrinsic_result.yaml  elapsed_s=1.58
[2026-04-21 16:02:59.014] [info] [LiDAR-Camera] [:] [AI-Exec] 子进程完整输出已保存到: /tmp/mias_work/subprocess_1776758577.log
[2026-04-21 16:02:59.014] [info] [LiDAR-Camera] [:] [MIAS-LCEC] 子进程结束  exit_code=0  elapsed_ms=2006  output_exists=yes
[2026-04-21 16:02:59.014] [info] [LiDAR-Camera] [:] [MIAS-LCEC] 粗标定方法: identity)，详见上方 (由子进程 stdout 解析)
[2026-04-21 16:02:59.014] [warning] [LiDAR-Camera] [:] [MIAS-LCEC] ★ 粗标定未使用深度模型，结果来自几何回退(identity)，详见上方)；原因见上方子进程日志或 子进程完整输出
[2026-04-21 16:02:59.015] [info] [LiDAR-Camera] [:] [MIAS-LCEC] 解析结果  t=[0.0000, 0.0000, 0.0000]  is_identity=true
[2026-04-21 16:02:59.015] [info] [LiDAR-Camera] [:] [MIAS-LCEC] 第 2 次尝试仍为 identity，使用该结果
[2026-04-21 16:02:59.015] [info] [LiDAR-Camera] [:] [MIAS-LCEC] 粗估外参 最终: t=[0.0000, 0.0000, 0.0000]m  is_identity=true  output=/tmp/mias_work/output/extrinsic_result.yaml (重试后)
[2026-04-21 16:02:59.015] [info] [LiDAR-Camera] [:] [MIAS-LCEC] 粗标定结果来源: identity)，详见上方 (mias_lcec=深度模型, pnp=几何回退, identity=恒等)
[2026-04-21 16:02:59.015] [warning] [LiDAR-Camera] [:] [MIAS-LCEC] 粗标定输出为 identity；精标定可能无法收敛。建议: 1) 查看上方 [PnP] 日志确认网格/回退是否成功 2) 配置 model_path 尝试深度模型 3) 检查内参与数据
[2026-04-21 16:02:59.015] [info] [LiDAR-Camera] [:]   ✓ AI粗标定成功: t=[0.000,0.000,0.000]m
[2026-04-21 16:02:59.015] [info] [LiDAR-Camera] [:]   [Stage 1] 结果: 成功  初值将用于精标定
[2026-04-21 16:02:59.015] [info] [LiDAR-Camera] [:]   [Stage 1] 结果: 成功  精标定初值已就绪
[2026-04-21 16:02:59.015] [info] [LiDAR-Camera] [:] ▶ Stage 2: 精标定 (方法=edge)
[2026-04-21 16:02:59.015] [warning] [LiDAR-Camera] [:] 数据路径未就绪，当前运行将仅执行流水线占位阶段，不进行实际标定优化。详见上方【数据就绪】原因。
[2026-04-21 16:02:59.015] [info] [LiDAR-Camera] [:] 
[2026-04-21 16:02:59.015] [info] [LiDAR-Camera] [:] ╔═══════════════════════════════════════════════╗
[2026-04-21 16:02:59.015] [info] [LiDAR-Camera] [:] ║   UniCalib 两阶段标定流水线 — 开始            ║
[2026-04-21 16:02:59.015] [info] [LiDAR-Camera] [:] ║   Pipeline ID: pipeline_20260421_160253       ║
[2026-04-21 16:02:59.015] [info] [LiDAR-Camera] [:] ╚═══════════════════════════════════════════════╝
[2026-04-21 16:02:59.015] [info] [LiDAR-Camera] [:] [Coarse-AI/LiDAR-Cam] enable_coarse_lidar_cam=true → do_coarse=true
[16:02:59.015] [info] 
[16:02:59.015] [info] ━━━━━━━━━━━━━━━━━━━━━━━━━━━━━━━━━━━━━━━━━
[16:02:59.015] [info] ▶ 开始阶段: [Coarse-AI] 任务: [lidar_cam_extrin]
[16:02:59.015] [info]   描述: AI模型提供初始估计值
[16:02:59.015] [info] ━━━━━━━━━━━━━━━━━━━━━━━━━━━━━━━━━━━━━━━━━
[16:02:59.015] [info] [CALC] 粗标定阶段开始 task=lidar_cam_extrin
[16:02:59.015] [info] [Coarse-AI/LiDAR-Cam] 使用主程序已注入的粗标定结果 t=[0.000,0.000,0.000]m，精标定将以此起步
[16:02:59.015] [info] ━━━━━━━━━━━━━━━━━━━━━━━━━━━━━━━━━━━━━━━━━
[16:02:59.015] [info] ■ 结束阶段: [Coarse-AI] 任务: [lidar_cam_extrin]
[16:02:59.015] [info]   结果: ✓ 成功 | 残差RMS: 0.0000 | 耗时: 0 ms
[16:02:59.015] [info]   消息: 使用主程序 Stage1 粗标定结果，作为精标定初值
[16:02:59.015] [info] [CALC] 阶段结束 stage=Coarse-AI task=lidar_cam_extrin success=true residual_rms=0.000000 elapsed_ms=0.0 threshold=-1.0000
[16:02:59.016] [info] ━━━━━━━━━━━━━━━━━━━━━━━━━━━━━━━━━━━━━━━━━
[16:02:59.016] [info] 
[16:02:59.016] [info] ━━━━━━━━━━━━━━━━━━━━━━━━━━━━━━━━━━━━━━━━━
[16:02:59.016] [info] ▶ 开始阶段: [Fine-Auto] 任务: [lidar_cam_extrin]
[16:02:59.016] [info]   描述: 无目标优化
[16:02:59.016] [info] ━━━━━━━━━━━━━━━━━━━━━━━━━━━━━━━━━━━━━━━━━
[16:02:59.016] [info] [CALC] 精标定阶段开始 task=lidar_cam_extrin
[16:02:59.016] [info] [Fine-Auto] 任务: lidar_cam_extrin | 无目标优先: true
[16:02:59.016] [info] [Fine-Auto] 方法: 边缘对齐互信息 (EDGE_ALIGNMENT, 无目标)
[16:02:59.016] [info] [STAGE=lidar_cam_fine_auto] LiDAR-Camera 精标定 开始
[16:02:59.016] [info] [Fine-Auto/LiDAR-Cam] 开始执行精标定...
[16:02:59.016] [info]   [精标定数据源] 类型=ROS2_BAG  lidar_id=lidar_0
[16:02:59.016] [info]   ROS2 Bag: /root/calib_ws/data/Koide/livox/rosbag2_2023_03_09-13_42_46  LiDAR 话题: /livox/points  相机话题: /image
[16:02:59.016] [info] [Fine-Auto/LiDAR-Cam] 从 ROS2 加载数据...
[16:02:59.016] [info] [UnifiedDataLoader] 从 ROS2 加载数据...
[16:02:59.016] [info]   Bag 文件: /root/calib_ws/data/Koide/livox/rosbag2_2023_03_09-13_42_46
[16:02:59.016] [info]   实时模式: false
[16:02:59.016] [info] [Ros2BagDataSource] 打开 bag 文件: /root/calib_ws/data/Koide/livox/rosbag2_2023_03_09-13_42_46
[16:02:59.016] [info] [Ros2BagDataSource] 正在读取 metadata.yaml: /root/calib_ws/data/Koide/livox/rosbag2_2023_03_09-13_42_46/metadata.yaml
[16:02:59.017] [debug] [Ros2BagDataSource] 找到话题: /livox/points (类型: sensor_msgs/msg/PointCloud2, 消息数: 157)
[16:02:59.017] [debug] [Ros2BagDataSource] 找到话题: /livox/imu (类型: sensor_msgs/msg/Imu, 消息数: 2597)
[16:02:59.017] [debug] [Ros2BagDataSource] 找到话题: /livox/lidar (类型: livox_interfaces/msg/CustomMsg, 消息数: 157)
[16:02:59.017] [debug] [Ros2BagDataSource] 找到话题: /image (类型: sensor_msgs/msg/Image, 消息数: 30)
[16:02:59.017] [debug] [Ros2BagDataSource] 找到话题: /camera_info (类型: sensor_msgs/msg/CameraInfo, 消息数: 31)
[16:02:59.017] [info] [Ros2BagDataSource] 使用配置的 LiDAR 话题: /livox/points
[16:02:59.017] [info] [Ros2BagDataSource] 使用配置的相机话题: /image
[16:02:59.017] [debug] [Ros2BagDataSource] 匹配 IMU 话题: /livox/imu (关键词: imu)
[16:02:59.017] [info] [Ros2BagDataSource] 自动检测 IMU 话题: /livox/imu
[INFO] [1776758579.022188407] [rosbag2_storage]: Opened database '/root/calib_ws/data/Koide/livox/rosbag2_2023_03_09-13_42_46/rosbag2_2023_03_09-13_42_46_0.db3' for READ_ONLY.
[16:02:59.022] [info] [Ros2BagDataSource] Bag 已打开，开始读取消息...
[16:02:59.022] [info] [Ros2BagDataSource] 找到 5 个话题
[16:02:59.022] [info] [Ros2BagDataSource]  话题: /livox/points  类型: sensor_msgs/msg/PointCloud2  消息数: 157
[16:02:59.022] [info] [Ros2BagDataSource]  话题: /livox/imu  类型: sensor_msgs/msg/Imu  消息数: 2597
[16:02:59.022] [info] [Ros2BagDataSource]  话题: /livox/lidar  类型: livox_interfaces/msg/CustomMsg  消息数: 157
[16:02:59.022] [info] [Ros2BagDataSource]  话题: /image  类型: sensor_msgs/msg/Image  消息数: 30
[16:02:59.022] [info] [Ros2BagDataSource]  话题: /camera_info  类型: sensor_msgs/msg/CameraInfo  消息数: 31
[16:02:59.022] [info] [Ros2BagDataSource] 将加载 bag 内所有 IMU / LiDAR / 相机话题，加载后可通过 sensor_id 或话题名选择使用
[16:02:59.468] [info] [Ros2BagDataSource] 加载完成 (所有话题按话题名存储，可通过 sensor_id 或话题名选择):
[16:02:59.468] [info]   LiDAR [/livox/points]: 157 帧
[16:02:59.468] [info]   相机 [/image]: 30 帧
[16:02:59.468] [info]   IMU [/livox/imu]: 2597 帧
[16:02:59.468] [info]   选用 LiDAR  lidar_0 -> /livox/points
[16:02:59.468] [info]   选用 相机  cam_0 -> /image
[16:02:59.468] [info]   选用 IMU    imu_0 -> /livox/imu
[16:02:59.468] [info]   时间范围: 545.614 - 582.547 秒
[16:02:59.468] [info] [Ros2BagDataSource] 应用采样/帧数限制...
[16:02:59.468] [info] [Fine-Auto/LiDAR-Cam] LiDAR 加载完成: 157 帧 (将按相机逐路取帧)
[16:02:59.468] [info] [Fine-Auto] 推断内参: 2448x2048 fx=2203.2 fy=2203.2
[16:02:59.468] [info] [Fine-Auto/LiDAR-Cam] 步骤: LiDAR-Camera 标定 相机=cam_0 (方法: 边缘对齐)
[16:02:59.470] [info] [CalibVisualizer] 初始化完成
[16:02:59.470] [info] [Fine-Auto/LiDAR-Cam] 可视化已启用：仅标定结束后显示一帧「图像+点云投影」叠加，不创建 3D 窗口、不泵送其他帧
[16:02:59.470] [info] [Fine-Auto/LiDAR-Cam] 使用粗标定初值 t=[0.000,0.000,0.000]m
[16:02:59.470] [info] [Fine-Auto/LiDAR-Cam] 执行标定 相机=cam_0: 点云 157 帧  图像 30 帧
[16:02:59.470] [info] ╔══════════════════════════════════════════════════════════════════╗
[16:02:59.470] [info] ║         LiDAR-Camera 两阶段标定 - 详细日志                  ║
[16:02:59.470] [info] ╚══════════════════════════════════════════════════════════════════╝
[16:02:59.470] [info] ┌────────────────────────────────────────────────────────────────┐
[16:02:59.470] [info] │ 输入参数:
[16:02:59.470] [info] │   - LiDAR ID: lidar_0  图像 ID: cam_0
[16:02:59.470] [info] │   - 点云帧数: 157  图像帧数: 30
[16:02:59.470] [info] │   - 图像尺寸: 2448x2048
[16:02:59.470] [info] │   - 相机内参: fx=2203.20 fy=2203.20 cx=1224.00 cy=1024.00
[16:02:59.470] [info] │   - 优先无目标方法: 是(边缘对齐)
[16:02:59.470] [info] │   - 粗标定初值: 已提供
[16:02:59.470] [info] │   - 初始平移: [0.0000, 0.0000, 0.0000] m
[16:02:59.470] [info] └────────────────────────────────────────────────────────────────┘
[16:02:59.470] [info] 
[16:02:59.470] [info] ┌────────────────────────────────────────────────────────────────┐
[16:02:59.470] [info] │ [Stage 1] 粗标定阶段
[16:02:59.470] [info] └────────────────────────────────────────────────────────────────┘
[16:02:59.470] [info] │ [Coarse] 使用提供的初始值:
[16:02:59.470] [info] │   - 平移向量: [0.0000, 0.0000, 0.0000] m
[16:02:59.470] [info] │   - 旋转角度: [-0.00, 0.00, -0.00] deg (RPY)
[16:02:59.470] [info] │   - 变换范数: 0.0000
[16:02:59.470] [info] └────────────────────────────────────────────────────────────────┘
[16:02:59.470] [info] 
[16:02:59.470] [info] ┌────────────────────────────────────────────────────────────────┐
[16:02:59.470] [info] │ [Stage 2] 精标定阶段
[16:02:59.470] [info] └────────────────────────────────────────────────────────────────┘
[16:02:59.470] [info] │ [Fine] 执行边缘对齐优化...
[16:02:59.470] [info] │ 配置: NCC阈值=0.050 帧同步阈值=0.500s 时间偏移搜索范围=±0.500s
[16:02:59.470] [info] ┌────────────────────────────────────────────────────────────────┐
[16:02:59.470] [info] │ [精标定] 边缘对齐法 (Edge Alignment)                        │
[16:02:59.470] [info] ├────────────────────────────────────────────────────────────────┤
[16:02:59.470] [info] │ 初始值: identity (identity=true)
[16:02:59.470] [info] │ 数据: 点云帧=157 图像帧=30 采样=30 尺寸=2448x2048
[16:02:59.470] [info] │ 时间: 图像[545.614-560.115]s LiDAR[566.800-582.400]s
[16:02:59.470] [info] │ 配置: 同步阈值=0.500s 边缘Canny(50, 150) NCC阈值=0.050
[16:02:59.470] [info] │ 特征权重: edge=0.50 corner=0.30 intensity=0.20
[16:02:59.470] [info] └────────────────────────────────────────────────────────────────┘
[16:02:59.470] [info] │ [时间偏移搜索] 最佳偏移=+0.0000s 最佳NCC=-1000000000.0000
[16:02:59.470] [info]   初值 NCC=N/A(无有效帧)  有效帧数=0  (候选帧数=0，未评估任何帧；请检查 LiDAR/相机时间戳与数据)
[16:02:59.470] [warning]   [精标定] 有效帧不足  有效帧数=0  候选帧数=0  NCC阈值=0.050  最大NCC=-1000000000.0000  → 跳过 Ceres，返回初值
[16:02:59.470] [warning]   诊断: 投影与图像边缘重叠不足(NCC 均<=阈值)。建议: 1) 查看 [MIAS-LCEC]/[PnP] 粗标定是否给出非 identity 2) 确认 LiDAR/相机 FOV 与时间同步 3) 检查内参 width/height 与图像一致
[16:02:59.470] [info] │
[16:02:59.470] [info] │ ★ 标定结果:
[16:02:59.470] [info] │   - 平移: [0.0000, 0.0000, 0.0000] m
[16:02:59.470] [info] │   - RMS: 1.0000 px
[16:02:59.470] [info] │   - 收敛: 否
[16:02:59.470] [info] └────────────────────────────────────────────────────────────────┘
[16:02:59.471] [info] [Fine-Auto] 结果已保存: /home/lihongyu/Unicalib/UniCalib-OK/results/lidar_cam_cam_0_extrinsic.yaml
[16:02:59.471] [info] [Viz] 即将生成投影图并保存到 /home/lihongyu/Unicalib/UniCalib-OK/results/lidar_cam_cam_0_projection.png
[16:02:59.569] [info] 投影可视化保存: /home/lihongyu/Unicalib/UniCalib-OK/results/lidar_cam_cam_0_projection.png
[16:02:59.569] [info] [Viz] 投影图已保存（当前未将结果点云回显到 3D 窗口，仅保存 PNG）
[16:02:59.569] [info] [Fine-Auto/LiDAR-Cam] 相机 cam_0 完成, RMS=1.0000 px  收敛=否
[16:02:59.569] [warning] [Fine-Auto/LiDAR-Cam] 精标定未收敛 (NCC 未达 0.3 或 RMS 偏高)，建议: 1) 确保粗标定提供非 identity 初值 2) 检查 LiDAR/相机 FOV 与时间同步 3) 查看上方 [精标定] 质量结论与 NCC 统计
[16:02:59.569] [info] [Viz/Display] 即将关闭可视化窗口 原因=用户关闭或流程结束 pangolin_running=false
[16:02:59.569] [info] [Fine-Auto/LiDAR-Cam] 精标定完成: 1 个相机  最大 RMS=1.0000 px
[16:02:59.569] [info] [STAGE=lidar_cam_fine_auto] LiDAR-Camera 精标定 完成
[16:02:59.569] [info] [Fine-Auto/LiDAR-Cam] RMS 阈值=2.00 px  最大 RMS=1.0000 px  在阈值内
[16:02:59.581] [info] ━━━━━━━━━━━━━━━━━━━━━━━━━━━━━━━━━━━━━━━━━
[16:02:59.581] [info] ■ 结束阶段: [Fine-Auto] 任务: [lidar_cam_extrin]
[16:02:59.581] [info]   结果: ✓ 成功 | 残差RMS: 1.0000 | 耗时: 565 ms
[16:02:59.581] [info]   消息: LiDAR-Camera 精标定完成: 1 个相机, 最大 RMS=1.000000 px
[16:02:59.581] [info] [CALC] 阶段结束 stage=Fine-Auto task=lidar_cam_extrin success=true residual_rms=1.000000 elapsed_ms=553.7 threshold=2.0000
[16:02:59.581] [info] ━━━━━━━━━━━━━━━━━━━━━━━━━━━━━━━━━━━━━━━━━
[16:02:59.581] [info] ====== Pipeline Report: pipeline_20260421_160253 ======
[16:02:59.581] [info]   Total time: 553.7 ms
[16:02:59.581] [info]   All stages succeeded: YES
[16:02:59.581] [info]   标定质量: 各阶段 RMS 均在阈值内
[16:02:59.581] [info]   [Coarse-AI-lidar_cam_extrin] success=true rms=0.0000 time=0.0ms: 使用主程序 Stage1 粗标定结果，作为精标定初值
[16:02:59.581] [info]   [Fine-Auto-lidar_cam_extrin] success=true rms=1.0000 time=553.7ms: LiDAR-Camera 精标定完成: 1 个相机, 最大 RMS=1.000000 px

╔══════════════════════════════════════════════════════╗
║              标定参数汇总                            ║
╠══════════════════════════════════════════════════════╣
║ 外参:
║   lidar_0->cam_0:
║     R(RPY°): [0.00, 0.00, 0.00]
║     T(m):    [0.00, 0.00, 0.00]
║     时偏(s): 0.00
║     RMS:     1.00 ✗
╚══════════════════════════════════════════════════════╝

[16:02:59.581] [info] ================================
[16:02:59.581] [info] Pipeline report saved: /home/lihongyu/Unicalib/UniCalib-OK/results/pipeline_report_20260421_160253.yaml
[16:02:59.581] [info] ====== Pipeline Report: pipeline_20260421_160253 ======
[16:02:59.581] [info]   Total time: 553.7 ms
[16:02:59.581] [info]   All stages succeeded: YES
[16:02:59.581] [info]   标定质量: 各阶段 RMS 均在阈值内
[16:02:59.581] [info]   [Coarse-AI-lidar_cam_extrin] success=true rms=0.0000 time=0.0ms: 使用主程序 Stage1 粗标定结果，作为精标定初值
[16:02:59.581] [info]   [Fine-Auto-lidar_cam_extrin] success=true rms=1.0000 time=553.7ms: LiDAR-Camera 精标定完成: 1 个相机, 最大 RMS=1.000000 px

╔══════════════════════════════════════════════════════╗
║              标定参数汇总                            ║
╠══════════════════════════════════════════════════════╣
║ 外参:
║   lidar_0->cam_0:
║     R(RPY°): [0.00, 0.00, 0.00]
║     T(m):    [0.00, 0.00, 0.00]
║     时偏(s): 0.00
║     RMS:     1.00 ✗
╚══════════════════════════════════════════════════════╝

[16:02:59.581] [info] ================================
[16:02:59.581] [info] ━━━━━━━━━━━━━━━━━━━━━━━━━━━━━━━━━━━━
[16:02:59.581] [info] LiDAR-Camera 标定流程完成
[16:02:59.581] [info] 结果目录: /home/lihongyu/Unicalib/UniCalib-OK/results
[16:02:59.581] [info] 标定流程正常退出 exit_code=0
[16:02:59.581] [info] ━━━━━━━━━━━━━━━━━━━━━━━━━━━━━━━━━━━━
