
 ╔═══════════════════════════════════════════════════════╗
 ║   UniCalib — LiDAR-Camera 外参标定                    ║
 ║   两阶段: AI粗标定(MIAS-LCEC) → 无目标边缘精标定      ║
 ║   手动校准: --manual 触发 6-DOF 交互式调整             ║
 ╚═══════════════════════════════════════════════════════╝

[2026-04-08 13:54:32.115] [info] [LiDAR-Camera] [:] ━━━━━━━━━━━━━━━━━━━━━━━━━━━━━━━━━━━━
[2026-04-08 13:54:32.115] [info] [LiDAR-Camera] [:] 配置文件: /root/calib_ws/calib_unified/config/unicalib_example.yaml
[2026-04-08 13:54:32.115] [info] [LiDAR-Camera] [:] 输出目录: /root/calib_ws/results
[2026-04-08 13:54:32.115] [info] [LiDAR-Camera] [:] 数据根目录: /root/calib_ws/data (--data-dir 或 CALIB_DATA_DIR)
[2026-04-08 13:54:32.115] [info] [LiDAR-Camera] [:] 精标定方法: edge (无目标优先=true)
[2026-04-08 13:54:32.115] [info] [LiDAR-Camera] [:] AI粗标定: true | 手动校准: false
[2026-04-08 13:54:32.115] [info] [LiDAR-Camera] [:] ━━━━━━━━━━━━━━━━━━━━━━━━━━━━━━━━━━━━
[2026-04-08 13:54:32.116] [info] [LiDAR-Camera] [:] 读取系统配置: /root/calib_ws/calib_unified/config/unicalib_example.yaml
[2026-04-08 13:54:32.117] [info] [LiDAR-Camera] [:]   IMU: 1, LiDAR: 2, Camera: 2
[2026-04-08 13:54:32.117] [info] [LiDAR-Camera] [:] ━━━━━━━━━━━━━━━━━━━━━━━━━━━━━━━━━━━━ [数据路径] ━━━━━━━━━━━━━━━━━━━━━━━━━━━━━
[2026-04-08 13:54:32.117] [info] [LiDAR-Camera] [:]   数据路径来源: 统一格式 (data.lidar.<id> / data.camera.<id>.images_dir)
[2026-04-08 13:54:32.117] [info] [LiDAR-Camera] [:]   配置原始值 — lidar:  nuscenes_trainval06/lidar_top_pcd
[2026-04-08 13:54:32.117] [info] [LiDAR-Camera] [:]   配置原始值 — camera: nuscenes_trainval06/cam_front
[2026-04-08 13:54:32.117] [info] [LiDAR-Camera] [:]   base_data_dir:  /root/calib_ws/data
[2026-04-08 13:54:32.117] [info] [LiDAR-Camera] [:]   base 来源: 命令行 --data-dir
[2026-04-08 13:54:32.117] [info] [LiDAR-Camera] [:]   lidar_dir:      /root/calib_ws/data/nuscenes_trainval06/lidar_top_pcd
[2026-04-08 13:54:32.117] [info] [LiDAR-Camera] [:]     → 相对路径，已与 base 拼接
[2026-04-08 13:54:32.117] [info] [LiDAR-Camera] [:]     → 存在: 是
[2026-04-08 13:54:32.117] [info] [LiDAR-Camera] [:]   camera_dir:     /root/calib_ws/data/nuscenes_trainval06/cam_front
[2026-04-08 13:54:32.117] [info] [LiDAR-Camera] [:]     → 相对路径，已与 base 拼接
[2026-04-08 13:54:32.117] [info] [LiDAR-Camera] [:]     → 存在: 是
[2026-04-08 13:54:32.117] [info] [LiDAR-Camera] [:]   【数据就绪】是 — 点云与图像目录均存在，将执行精标定
[2026-04-08 13:54:32.117] [info] [LiDAR-Camera] [:]   说明: 使用 --dataset 时请将 data.lidar/data.camera 设为相对 base 的路径（如 pcd、images），不要使用 /path/to/... 占位符
[2026-04-08 13:54:32.117] [info] [LiDAR-Camera] [:] ━━━━━━━━━━━━━━━━━━━━━━━━━━━━━━━━━━━━━━━━━━━━━━━━━━━━━━━━━━━━━━━━━━━━━━━━━━━━
[2026-04-08 13:54:32.118] [info] [LiDAR-Camera] [:] 读取系统配置: /root/calib_ws/calib_unified/config/unicalib_example.yaml
[2026-04-08 13:54:32.119] [info] [LiDAR-Camera] [:]   IMU: 1, LiDAR: 2, Camera: 2
[2026-04-08 13:54:32.119] [info] [LiDAR-Camera] [:] 读取系统配置: /root/calib_ws/calib_unified/config/unicalib_example.yaml
[2026-04-08 13:54:32.120] [info] [LiDAR-Camera] [:]   IMU: 1, LiDAR: 2, Camera: 2
[2026-04-08 13:54:32.120] [info] [LiDAR-Camera] [:] 配置: 使用 ROS2 bag 模式（离线标定）
[2026-04-08 13:54:32.120] [info] [LiDAR-Camera] [:]   Bag 路径: /root/calib_ws/data/nya_02_slam_imu_to_lidar/nya_02_ros2
[2026-04-08 13:54:32.120] [info] [LiDAR-Camera] [:]   LiDAR 话题: /os1_cloud_node1/points
[2026-04-08 13:54:32.120] [info] [LiDAR-Camera] [:]   相机话题: /left/image_raw
[2026-04-08 13:54:32.120] [info] [LiDAR-Camera] [:]   IMU 话题: /imu/imu
[2026-04-08 13:54:32.120] [info] [LiDAR-Camera] [:] [数据源] 类型=ROS2_BAG  path=/root/calib_ws/data/nya_02_slam_imu_to_lidar/nya_02_ros2  lidar_topic=/os1_cloud_node1/points  camera_topic=/left/image_raw
[2026-04-08 13:54:32.120] [info] [LiDAR-Camera] [:]   内参将从相机标定结果读取: ./results/camera_intrinsic/camera_intrinsic_cam_left.yaml (camera_id=cam_left)
[2026-04-08 13:54:32.120] [info] [LiDAR-Camera] [:] [CalibPipeline] 初始化 ID=pipeline_20260408_135432
[2026-04-08 13:54:32.120] [info] [LiDAR-Camera] [:] [CalibPipeline] 输出目录: ./results
[2026-04-08 13:54:32.120] [info] [LiDAR-Camera] [:] [CalibPipeline] 无目标优先: true
[2026-04-08 13:54:32.120] [info] [LiDAR-Camera] [:] [CalibPipeline] 任务掩码: 0x10
[2026-04-08 13:54:32.120] [info] [LiDAR-Camera] [:] ▶ Stage 1: AI 粗标定 (MIAS-LCEC)
[2026-04-08 13:54:32.120] [info] [LiDAR-Camera] [:]   模型路径: /root/calib_ws/MIAS-LCEC (粗标定使用 pretrained_overlap_transformer.pth.tar)
[2026-04-08 13:54:33.174] [info] [LiDAR-Camera] [:] [AI-Calib] DM-Calib 配置的 Python 无 torch，改用已装 torch 的 Python: python3
[2026-04-08 13:54:33.174] [info] [LiDAR-Camera] [:] [AI-Calib] ===== AI 模型可用性检查 =====
[2026-04-08 13:54:33.175] [info] [LiDAR-Camera] [:] [DM-Calib] 可用性检查 失败 原因=推理脚本不存在 路径=/root/calib_ws/DM-Calib/DMCalib/tools/infer_unicalib.py
[2026-04-08 13:54:33.175] [info] [LiDAR-Camera] [:]   DM-Calib (相机内参):      ✗ 不可用
[2026-04-08 13:54:33.175] [info] [LiDAR-Camera] [:]   MIAS-LCEC (LiDAR-Cam):   ✓ 可用
[2026-04-08 13:54:33.175] [info] [LiDAR-Camera] [:] [TransformerIMU] 不可用: 脚本不存在 script=/root/calib_ws/Transformer-IMU-Calibrator/eval_unicalib.py
[2026-04-08 13:54:33.175] [info] [LiDAR-Camera] [:]   Transformer-IMU (IMU内参): ✗ 不可用
[2026-04-08 13:54:33.175] [info] [LiDAR-Camera] [:]   L2Calib (IMU-LiDAR):     ✗ 不可用
[2026-04-08 13:54:33.175] [info] [LiDAR-Camera] [:] [AI-Calib] ================================
[2026-04-08 13:54:33.175] [info] [LiDAR-Camera] [:]   [Stage 1] MIAS-LCEC 可用: 是 (粗标定支持: 1) 指定 coarse_pcd_file/coarse_image_file 2) 从当前数据源取首帧，同相机内参)
[2026-04-08 13:54:33.175] [info] [LiDAR-Camera] [:]   内参: fx=384.0 fy=384.0 cx=376.0 cy=240.0 尺寸=752x480 (来自 ./results/camera_intrinsic/camera_intrinsic_cam_left.yaml)
[2026-04-08 13:54:33.175] [info] [LiDAR-Camera] [:]   [Stage 1] 粗标定输入来源: 从 ROS2 数据源取首帧 (max_frames=2, lidar_id=lidar_front)
[2026-04-08 13:54:33.175] [info] [LiDAR-Camera] [:] [UnifiedDataLoader] 从 ROS2 加载数据...
[2026-04-08 13:54:33.175] [info] [LiDAR-Camera] [:]   Bag 文件: /root/calib_ws/data/nya_02_slam_imu_to_lidar/nya_02_ros2
[2026-04-08 13:54:33.175] [info] [LiDAR-Camera] [:]   实时模式: false
[2026-04-08 13:54:33.175] [info] [LiDAR-Camera] [:] [Ros2BagDataSource] 打开 bag 文件: /root/calib_ws/data/nya_02_slam_imu_to_lidar/nya_02_ros2
[2026-04-08 13:54:33.175] [info] [LiDAR-Camera] [:] [Ros2BagDataSource] 正在读取 metadata.yaml: /root/calib_ws/data/nya_02_slam_imu_to_lidar/nya_02_ros2/metadata.yaml
[2026-04-08 13:54:33.176] [info] [LiDAR-Camera] [:] [Ros2BagDataSource] 使用配置的 LiDAR 话题: /os1_cloud_node1/points
[2026-04-08 13:54:33.176] [info] [LiDAR-Camera] [:] [Ros2BagDataSource] 使用配置的相机话题: /left/image_raw
[2026-04-08 13:54:33.176] [info] [LiDAR-Camera] [:] [Ros2BagDataSource] 使用配置的 IMU 话题: /imu/imu
[INFO] [1775627673.180157280] [rosbag2_storage]: Opened database '/root/calib_ws/data/nya_02_slam_imu_to_lidar/nya_02_ros2/nya_02_ros2.db3' for READ_ONLY.
[2026-04-08 13:54:33.180] [info] [LiDAR-Camera] [:] [Ros2BagDataSource] Bag 已打开，开始读取消息...
[2026-04-08 13:54:33.180] [info] [LiDAR-Camera] [:] [Ros2BagDataSource] 找到 19 个话题
[2026-04-08 13:54:33.180] [info] [LiDAR-Camera] [:] [Ros2BagDataSource]  话题: /dji_sdk/imu  类型: sensor_msgs/msg/Imu  消息数: 171462
[2026-04-08 13:54:33.180] [info] [LiDAR-Camera] [:] [Ros2BagDataSource]  话题: /dji_sdk/attitude  类型: geometry_msgs/msg/QuaternionStamped  消息数: 42866
[2026-04-08 13:54:33.180] [info] [LiDAR-Camera] [:] [Ros2BagDataSource]  话题: /os1_cloud_node2/imu  类型: sensor_msgs/msg/Imu  消息数: 42862
[2026-04-08 13:54:33.180] [info] [LiDAR-Camera] [:] [Ros2BagDataSource]  话题: /os1_cloud_node1/imu  类型: sensor_msgs/msg/Imu  消息数: 42862
[2026-04-08 13:54:33.180] [info] [LiDAR-Camera] [:] [Ros2BagDataSource]  话题: /imu/imu  类型: sensor_msgs/msg/Imu  消息数: 166428
[2026-04-08 13:54:33.180] [info] [LiDAR-Camera] [:] [Ros2BagDataSource]  话题: /imu/magnetic_field  类型: sensor_msgs/msg/MagneticField  消息数: 166428
[2026-04-08 13:54:33.180] [info] [LiDAR-Camera] [:] [Ros2BagDataSource]  话题: /imu/temperature  类型: sensor_msgs/msg/Temperature  消息数: 166428
[2026-04-08 13:54:33.180] [info] [LiDAR-Camera] [:] [Ros2BagDataSource]  话题: /dji_sdk/gps_position  类型: sensor_msgs/msg/NavSatFix  消息数: 21433
[2026-04-08 13:54:33.180] [info] [LiDAR-Camera] [:] [Ros2BagDataSource]  话题: /dji_sdk/height_above_takeoff  类型: std_msgs/msg/Float32  消息数: 21433
[2026-04-08 13:54:33.180] [info] [LiDAR-Camera] [:] [Ros2BagDataSource]  话题: /dji_sdk/gps_health  类型: std_msgs/msg/UInt8  消息数: 21433
[2026-04-08 13:54:33.180] [info] [LiDAR-Camera] [:] [Ros2BagDataSource]  话题: /uwb_endorange_info  类型: uwb_driver/msg/UwbRange  消息数: 25172
[2026-04-08 13:54:33.180] [info] [LiDAR-Camera] [:] [Ros2BagDataSource]  话题: /left/image_raw  类型: sensor_msgs/msg/Image  消息数: 4285
[2026-04-08 13:54:33.180] [info] [LiDAR-Camera] [:] [Ros2BagDataSource]  话题: /right/image_raw  类型: sensor_msgs/msg/Image  消息数: 4285
[2026-04-08 13:54:33.180] [info] [LiDAR-Camera] [:] [Ros2BagDataSource]  话题: /os1_cloud_node1/points  类型: sensor_msgs/msg/PointCloud2  消息数: 4287
[2026-04-08 13:54:33.180] [info] [LiDAR-Camera] [:] [Ros2BagDataSource]  话题: /os1_cloud_node2/points  类型: sensor_msgs/msg/PointCloud2  消息数: 4286
[2026-04-08 13:54:33.180] [info] [LiDAR-Camera] [:] [Ros2BagDataSource]  话题: /uwb_exorange_info  类型: uwb_driver/msg/UwbEcho  消息数: 2437
[2026-04-08 13:54:33.180] [info] [LiDAR-Camera] [:] [Ros2BagDataSource]  话题: /node_pos_marker_sc  类型: visualization_msgs/msg/Marker  消息数: 2437
[2026-04-08 13:54:33.180] [info] [LiDAR-Camera] [:] [Ros2BagDataSource]  话题: /node_pos_sc  类型: nav_msgs/msg/Path  消息数: 2437
[2026-04-08 13:54:33.180] [info] [LiDAR-Camera] [:] [Ros2BagDataSource]  话题: /leica/pose/relative  类型: geometry_msgs/msg/PoseStamped  消息数: 7679
[2026-04-08 13:54:33.180] [info] [LiDAR-Camera] [:] [Ros2BagDataSource] 将加载 bag 内所有 IMU / LiDAR / 相机话题，加载后可通过 sensor_id 或话题名选择使用
[2026-04-08 13:54:52.934] [info] [LiDAR-Camera] [:] [Ros2BagDataSource] 加载完成 (所有话题按话题名存储，可通过 sensor_id 或话题名选择):
[2026-04-08 13:54:52.937] [info] [LiDAR-Camera] [:]   LiDAR [/os1_cloud_node1/points]: 4287 帧
[2026-04-08 13:54:52.937] [info] [LiDAR-Camera] [:]   LiDAR [/os1_cloud_node2/points]: 4286 帧
[2026-04-08 13:54:52.937] [info] [LiDAR-Camera] [:]   相机 [/left/image_raw]: 4285 帧
[2026-04-08 13:54:52.937] [info] [LiDAR-Camera] [:]   相机 [/right/image_raw]: 4285 帧
[2026-04-08 13:54:52.937] [info] [LiDAR-Camera] [:]   IMU [/dji_sdk/imu]: 171462 帧
[2026-04-08 13:54:52.937] [info] [LiDAR-Camera] [:]   IMU [/imu/imu]: 166428 帧
[2026-04-08 13:54:52.938] [info] [LiDAR-Camera] [:]   IMU [/os1_cloud_node1/imu]: 42862 帧
[2026-04-08 13:54:52.938] [info] [LiDAR-Camera] [:]   IMU [/os1_cloud_node2/imu]: 42862 帧
[2026-04-08 13:54:52.938] [info] [LiDAR-Camera] [:]   选用 LiDAR  lidar_front -> /os1_cloud_node1/points
[2026-04-08 13:54:52.938] [info] [LiDAR-Camera] [:]   选用 相机  cam_left -> /left/image_raw
[2026-04-08 13:54:52.938] [info] [LiDAR-Camera] [:]   选用 IMU    imu_0 -> /imu/imu
[2026-04-08 13:54:52.938] [info] [LiDAR-Camera] [:]   时间范围: 1609045331.127 - 1609045759.771 秒
[2026-04-08 13:54:52.939] [info] [LiDAR-Camera] [:] [Ros2BagDataSource] 应用采样/帧数限制...
[2026-04-08 13:54:53.207] [info] [LiDAR-Camera] [:]   LiDAR /os1_cloud_node1/points 采样后: 2 帧
[2026-04-08 13:54:53.307] [info] [LiDAR-Camera] [:]   LiDAR /os1_cloud_node2/points 采样后: 2 帧
[2026-04-08 13:54:53.418] [info] [LiDAR-Camera] [:]   相机 /left/image_raw 采样后: 2 帧
[2026-04-08 13:54:53.502] [info] [LiDAR-Camera] [:]   相机 /right/image_raw 采样后: 2 帧
[2026-04-08 13:54:53.504] [info] [LiDAR-Camera] [:]   [Stage 1] ROS2 加载结果: LiDAR 2 帧  相机 2 帧 (sensor_id=cam_left)
[2026-04-08 13:54:53.538] [info] [LiDAR-Camera] [:]   [Stage 1] 已写入首帧到: PCD=./results/coarse_input/coarse_first.pcd  image=./results/coarse_input/coarse_first.png (ASCII PCD 供 Python 兼容)
[2026-04-08 13:54:53.710] [info] [LiDAR-Camera] [:]   [Stage 1] 标定对: lidar_id=lidar_front  camera_id=cam_left
[2026-04-08 13:54:53.710] [info] [LiDAR-Camera] [:]   [Stage 1] 调用粗标定: pcd=./results/coarse_input/coarse_first.pcd  image=./results/coarse_input/coarse_first.png 内参: fx=384.0 尺寸=752x480
[2026-04-08 13:54:53.710] [info] [LiDAR-Camera] [:] [AI-Calib] LiDAR-Cam 粗估 (MIAS-LCEC) lidar_0→cam_0
[2026-04-08 13:54:53.711] [info] [LiDAR-Camera] [:] [MIAS-LCEC] 仓库: /root/calib_ws/calib_unified 脚本: scripts/run_lidar_cam_coarse.py 实际传入模型路径: /root/calib_ws/MIAS-LCEC/model/mobile_sam.pt
[2026-04-08 13:54:53.712] [info] [LiDAR-Camera] [:] [MIAS-LCEC] 子进程 Python: python3 (已绕过 wrapper)
[2026-04-08 13:54:53.712] [info] [LiDAR-Camera] [:] [MIAS-LCEC] 粗标定尝试 1/2  (首次), 超时=180s
[2026-04-08 13:54:53.712] [info] [LiDAR-Camera] [:] [MIAS-LCEC] 执行命令 (python3+PYTHONPATH): python3 /root/calib_ws/calib_unified/scripts/run_lidar_cam_coarse.py --pcd ./results/coarse_input/coarse_first.pcd --image ./results/coarse_input/coarse_first.png --sensor_config /tmp/mias_work/sensor_config.yaml --output_dir /tmp/mias_work/output --quality-ncc-good 0.300000 --quality-ncc-acceptable 0.200000 --quality-rms-good-px 2.000000 --quality-rms-acceptable-px 5.000000 --quality-inlier-ratio-good 0.600000 --quality-inlier-ratio-acceptable 0.400000 --model_path /root/calib_ws/MIAS-LCEC/model/mobile_sam.pt --mias_repo /root/calib_ws/calib_unified --no-require-model
[2026-04-08 13:54:53.912] [info] [LiDAR-Camera] [:] [MIAS-LCEC] 子进程: [2026-04-08 13:54:53.912] [INFO] 环境: numpy=2.2.6
[2026-04-08 13:54:53.912] [info] [LiDAR-Camera] [:] [MIAS-LCEC] 子进程: [2026-04-08 13:54:53.912] [INFO] ======== 粗标定开始 ========
[2026-04-08 13:54:53.912] [info] [LiDAR-Camera] [:] [MIAS-LCEC] 子进程: [2026-04-08 13:54:53.912] [INFO] 输入: pcd=./results/coarse_input/coarse_first.pcd  image=./results/coarse_input/coarse_first.png  sensor_config=/tmp/mias_work/sensor_config.yaml  output_dir=/tmp/mias_work/output
[2026-04-08 13:54:53.912] [info] [LiDAR-Camera] [:] [MIAS-LCEC] 子进程: [2026-04-08 13:54:53.912] [INFO] [步骤 1/4] 读取 sensor_config...
[2026-04-08 13:54:53.929] [info] [LiDAR-Camera] [:] [MIAS-LCEC] 子进程: [2026-04-08 13:54:53.929] [INFO] 读取 sensor_config: /tmp/mias_work/sensor_config.yaml
[2026-04-08 13:54:53.930] [info] [LiDAR-Camera] [:] [MIAS-LCEC] 子进程: [2026-04-08 13:54:53.930] [INFO] 相机内参: fx=384.00 fy=384.00 cx=376.00 cy=240.00 width=752 height=480
[2026-04-08 13:54:53.930] [info] [LiDAR-Camera] [:] [MIAS-LCEC] 子进程: [2026-04-08 13:54:53.930] [INFO] [步骤 2/4] 读取 PCD...
[2026-04-08 13:54:53.939] [info] [LiDAR-Camera] [:] [MIAS-LCEC] 子进程: [2026-04-08 13:54:53.938] [INFO] PCD 加载方式: ASCII (优先，避免 Open3D/NumPy 2.x 兼容问题)  路径=./results/coarse_input/coarse_first.pcd
[2026-04-08 13:54:53.939] [info] [LiDAR-Camera] [:] [MIAS-LCEC] 子进程: [2026-04-08 13:54:53.939] [INFO] 点云规模: 12609 点  范围 X[-32.52, 49.52] Y[-28.54, 43.99] Z[-7.83, 1.22]
[2026-04-08 13:54:53.939] [info] [LiDAR-Camera] [:] [MIAS-LCEC] 子进程: [2026-04-08 13:54:53.939] [INFO] [步骤 2/4] PCD 读取完成  点数=12609
[2026-04-08 13:54:53.939] [info] [LiDAR-Camera] [:] [MIAS-LCEC] 子进程: [2026-04-08 13:54:53.939] [INFO] [步骤 3/4] 读取图像 (优先 Pillow，避免 NumPy 2.x 下 cv2 崩溃)...
[2026-04-08 13:54:53.970] [info] [LiDAR-Camera] [:] [MIAS-LCEC] 子进程: [2026-04-08 13:54:53.970] [INFO] 图像加载: Pillow  路径=./results/coarse_input/coarse_first.png  尺寸=752x480 (避免 NumPy 2.x 下 cv2 崩溃)
[2026-04-08 13:54:53.970] [info] [LiDAR-Camera] [:] [MIAS-LCEC] 子进程: [2026-04-08 13:54:53.970] [INFO] [步骤 3/4] 图像读取完成  尺寸=752x480
[2026-04-08 13:54:53.970] [info] [LiDAR-Camera] [:] [MIAS-LCEC] 子进程: [2026-04-08 13:54:53.970] [INFO] [粗标定] ===== 尝试深度模型推理 =====
[2026-04-08 13:54:53.970] [info] [LiDAR-Camera] [:] [MIAS-LCEC] 子进程: [2026-04-08 13:54:53.970] [INFO] [粗标定] 配置: model_path=/root/calib_ws/MIAS-LCEC/model/mobile_sam.pt
[2026-04-08 13:54:53.970] [info] [LiDAR-Camera] [:] [MIAS-LCEC] 子进程: [2026-04-08 13:54:53.970] [INFO] [粗标定] 配置: mias_repo=/root/calib_ws/calib_unified
[2026-04-08 13:54:53.970] [info] [LiDAR-Camera] [:] [MIAS-LCEC] 子进程: [2026-04-08 13:54:53.970] [INFO] [粗标定] require_model=False
[2026-04-08 13:54:53.970] [info] [LiDAR-Camera] [:] [MIAS-LCEC] 子进程: [2026-04-08 13:54:53.970] [INFO] [粗标定] mias_lcec_infer 导入成功
[2026-04-08 13:54:53.970] [info] [LiDAR-Camera] [:] [MIAS-LCEC] 子进程: [2026-04-08 13:54:53.970] [INFO] [粗标定] 开始调用深度模型推理...
[2026-04-08 13:54:53.970] [info] [LiDAR-Camera] [:] [MIAS-LCEC] 子进程: [2026-04-08 13:54:53.970] [INFO] [粗标定] 输入: pcd=./results/coarse_input/coarse_first.pcd image=./results/coarse_input/coarse_first.png
[2026-04-08 13:54:53.970] [info] [LiDAR-Camera] [:] [MIAS-LCEC] 子进程: [MIAS_LCEC_INFER 2026-04-08 13:54:53.970] [WARNING] [MIAS-LCEC 推理] 未使用深度模型: 模型文件不存在或未配置 model_path=/root/calib_ws/MIAS-LCEC/model/mobile_sam.pt
[2026-04-08 13:54:53.970] [info] [LiDAR-Camera] [:] [MIAS-LCEC] 子进程: [2026-04-08 13:54:53.970] [INFO] [粗标定] 推理完成，返回值类型: None
[2026-04-08 13:54:53.970] [info] [LiDAR-Camera] [:] [MIAS-LCEC] 子进程: [2026-04-08 13:54:53.970] [WARNING] [粗标定] 深度模型未返回结果 (require_model=false)，将回退 PnP 几何初值；请检查: 1) MIAS-LCEC 仓库是否有 infer_unicalib.py 或 LcMatch_CApi 2) Python 版本是否为 3.10 (LcMatch_CApi 需要) 3) model_path 是否正确
[2026-04-08 13:54:53.970] [info] [LiDAR-Camera] [:] [MIAS-LCEC] 子进程: [2026-04-08 13:54:53.970] [WARNING] [粗标定] ★ 结论: 未使用深度模型，将回退 PnP；原因见上方 [MIAS_LCEC_INFER] 错误日志（如 Read-only file system、ImportError 等）
[2026-04-08 13:54:54.269] [info] [LiDAR-Camera] [:] [MIAS-LCEC] 子进程: A module that was compiled using NumPy 1.x cannot be run in
[2026-04-08 13:54:54.270] [info] [LiDAR-Camera] [:] [MIAS-LCEC] 子进程: NumPy 2.2.6 as it may crash. To support both 1.x and 2.x
[2026-04-08 13:54:54.270] [info] [LiDAR-Camera] [:] [MIAS-LCEC] 子进程: versions of NumPy, modules must be compiled with NumPy 2.0.
[2026-04-08 13:54:54.270] [info] [LiDAR-Camera] [:] [MIAS-LCEC] 子进程: Some module may need to rebuild instead e.g. with 'pybind11>=2.12'.
[2026-04-08 13:54:54.270] [info] [LiDAR-Camera] [:] [MIAS-LCEC] 子进程: If you are a user of the module, the easiest solution will be to
[2026-04-08 13:54:54.270] [info] [LiDAR-Camera] [:] [MIAS-LCEC] 子进程: downgrade to 'numpy<2' or try to upgrade the affected module.
[2026-04-08 13:54:54.270] [info] [LiDAR-Camera] [:] [MIAS-LCEC] 子进程: We expect that some modules will need time to support NumPy 2.
[2026-04-08 13:54:54.270] [info] [LiDAR-Camera] [:] [MIAS-LCEC] 子进程: Traceback (most recent call last):  File "/root/calib_ws/calib_unified/scripts/run_lidar_cam_coarse.py", line 698, in <module>
[2026-04-08 13:54:54.270] [info] [LiDAR-Camera] [:] [MIAS-LCEC] 子进程:     sys.exit(main_with_traceback())
[2026-04-08 13:54:54.270] [info] [LiDAR-Camera] [:] [MIAS-LCEC] 子进程:   File "/root/calib_ws/calib_unified/scripts/run_lidar_cam_coarse.py", line 689, in main_with_traceback
[2026-04-08 13:54:54.270] [info] [LiDAR-Camera] [:] [MIAS-LCEC] 子进程:     return main()
[2026-04-08 13:54:54.270] [info] [LiDAR-Camera] [:] [MIAS-LCEC] 子进程:   File "/root/calib_ws/calib_unified/scripts/run_lidar_cam_coarse.py", line 567, in main
[2026-04-08 13:54:54.270] [info] [LiDAR-Camera] [:] [MIAS-LCEC] 子进程:     if not _check_cv2_available():
[2026-04-08 13:54:54.270] [info] [LiDAR-Camera] [:] [MIAS-LCEC] 子进程:   File "/root/calib_ws/calib_unified/scripts/run_lidar_cam_coarse.py", line 259, in _check_cv2_available
[2026-04-08 13:54:54.270] [info] [LiDAR-Camera] [:] [MIAS-LCEC] 子进程:     import cv2  # noqa: F401
[2026-04-08 13:54:54.270] [info] [LiDAR-Camera] [:] [MIAS-LCEC] 子进程:   File "/usr/local/lib/python3.10/dist-packages/cv2/__init__.py", line 181, in <module>
[2026-04-08 13:54:54.270] [info] [LiDAR-Camera] [:] [MIAS-LCEC] 子进程:     bootstrap()
[2026-04-08 13:54:54.270] [info] [LiDAR-Camera] [:] [MIAS-LCEC] 子进程:   File "/usr/local/lib/python3.10/dist-packages/cv2/__init__.py", line 153, in bootstrap
[2026-04-08 13:54:54.270] [info] [LiDAR-Camera] [:] [MIAS-LCEC] 子进程:     native_module = importlib.import_module("cv2")
[2026-04-08 13:54:54.270] [info] [LiDAR-Camera] [:] [MIAS-LCEC] 子进程:   File "/usr/lib/python3.10/importlib/__init__.py", line 126, in import_module
[2026-04-08 13:54:54.270] [info] [LiDAR-Camera] [:] [MIAS-LCEC] 子进程:     return _bootstrap._gcd_import(name[level:], package, level)
[2026-04-08 13:54:54.270] [info] [LiDAR-Camera] [:] [MIAS-LCEC] 子进程: AttributeError: _ARRAY_API not found
[2026-04-08 13:54:54.270] [info] [LiDAR-Camera] [:] [MIAS-LCEC] 子进程: [2026-04-08 13:54:54.269] [WARNING] [粗标定] cv2 不可用 (ImportError)，跳过 PnP，将输出 identity。原因: numpy.core.multiarray failed to import
[2026-04-08 13:54:54.270] [info] [LiDAR-Camera] [:] [MIAS-LCEC] 子进程: [2026-04-08 13:54:54.270] [WARNING] [粗标定] cv2 不可用，不调用 PnP，输出 identity；精标定可能无法收敛，建议修复环境后重试
[2026-04-08 13:54:54.270] [info] [LiDAR-Camera] [:] [MIAS-LCEC] 子进程: [2026-04-08 13:54:54.270] [INFO] [粗标定] 方法=identity  输出 t=[0, 0, 0]  (精标定可能无法收敛，建议检查 PnP 或深度模型)
[2026-04-08 13:54:54.270] [info] [LiDAR-Camera] [:] [MIAS-LCEC] 子进程: [2026-04-08 13:54:54.270] [INFO] [步骤 4/5] 写入 extrinsic_result.yaml...
[2026-04-08 13:54:54.271] [info] [LiDAR-Camera] [:] [MIAS-LCEC] 子进程: [2026-04-08 13:54:54.271] [INFO] 已写出 extrinsic_result.yaml: /tmp/mias_work/output/extrinsic_result.yaml  translation=[0.0000, 0.0000, 0.0000]
[2026-04-08 13:54:54.271] [info] [LiDAR-Camera] [:] [MIAS-LCEC] 子进程: [2026-04-08 13:54:54.271] [INFO] [步骤 5/5] 生成 quality_report.yaml...
[2026-04-08 13:54:54.558] [info] [LiDAR-Camera] [:] [MIAS-LCEC] 子进程: A module that was compiled using NumPy 1.x cannot be run in
[2026-04-08 13:54:54.558] [info] [LiDAR-Camera] [:] [MIAS-LCEC] 子进程: NumPy 2.2.6 as it may crash. To support both 1.x and 2.x
[2026-04-08 13:54:54.558] [info] [LiDAR-Camera] [:] [MIAS-LCEC] 子进程: versions of NumPy, modules must be compiled with NumPy 2.0.
[2026-04-08 13:54:54.558] [info] [LiDAR-Camera] [:] [MIAS-LCEC] 子进程: Some module may need to rebuild instead e.g. with 'pybind11>=2.12'.
[2026-04-08 13:54:54.558] [info] [LiDAR-Camera] [:] [MIAS-LCEC] 子进程: If you are a user of the module, the easiest solution will be to
[2026-04-08 13:54:54.558] [info] [LiDAR-Camera] [:] [MIAS-LCEC] 子进程: downgrade to 'numpy<2' or try to upgrade the affected module.
[2026-04-08 13:54:54.558] [info] [LiDAR-Camera] [:] [MIAS-LCEC] 子进程: We expect that some modules will need time to support NumPy 2.
[2026-04-08 13:54:54.558] [info] [LiDAR-Camera] [:] [MIAS-LCEC] 子进程: Traceback (most recent call last):  File "/root/calib_ws/calib_unified/scripts/run_lidar_cam_coarse.py", line 698, in <module>
[2026-04-08 13:54:54.558] [info] [LiDAR-Camera] [:] [MIAS-LCEC] 子进程:     sys.exit(main_with_traceback())
[2026-04-08 13:54:54.558] [info] [LiDAR-Camera] [:] [MIAS-LCEC] 子进程:   File "/root/calib_ws/calib_unified/scripts/run_lidar_cam_coarse.py", line 689, in main_with_traceback
[2026-04-08 13:54:54.558] [info] [LiDAR-Camera] [:] [MIAS-LCEC] 子进程:     return main()
[2026-04-08 13:54:54.558] [info] [LiDAR-Camera] [:] [MIAS-LCEC] 子进程:   File "/root/calib_ws/calib_unified/scripts/run_lidar_cam_coarse.py", line 636, in main
[2026-04-08 13:54:54.558] [info] [LiDAR-Camera] [:] [MIAS-LCEC] 子进程:     from mias_lcec_pytorch.quality_assessment import assess_calibration_quality
[2026-04-08 13:54:54.558] [info] [LiDAR-Camera] [:] [MIAS-LCEC] 子进程:   File "/root/calib_ws/calib_unified/scripts/mias_lcec_pytorch/__init__.py", line 17, in <module>
[2026-04-08 13:54:54.558] [info] [LiDAR-Camera] [:] [MIAS-LCEC] 子进程:     from .coarse_calib import MIASLCECCoarseCalib
[2026-04-08 13:54:54.558] [info] [LiDAR-Camera] [:] [MIAS-LCEC] 子进程:   File "/root/calib_ws/calib_unified/scripts/mias_lcec_pytorch/coarse_calib.py", line 26, in <module>
[2026-04-08 13:54:54.558] [info] [LiDAR-Camera] [:] [MIAS-LCEC] 子进程:     import torch
[2026-04-08 13:54:54.558] [info] [LiDAR-Camera] [:] [MIAS-LCEC] 子进程:   File "/usr/local/lib/python3.10/dist-packages/torch/__init__.py", line 1382, in <module>
[2026-04-08 13:54:54.558] [info] [LiDAR-Camera] [:] [MIAS-LCEC] 子进程:     from .functional import *  # noqa: F403
[2026-04-08 13:54:54.558] [info] [LiDAR-Camera] [:] [MIAS-LCEC] 子进程:   File "/usr/local/lib/python3.10/dist-packages/torch/functional.py", line 7, in <module>
[2026-04-08 13:54:54.558] [info] [LiDAR-Camera] [:] [MIAS-LCEC] 子进程:     import torch.nn.functional as F
[2026-04-08 13:54:54.558] [info] [LiDAR-Camera] [:] [MIAS-LCEC] 子进程:   File "/usr/local/lib/python3.10/dist-packages/torch/nn/__init__.py", line 1, in <module>
[2026-04-08 13:54:54.558] [info] [LiDAR-Camera] [:] [MIAS-LCEC] 子进程:     from .modules import *  # noqa: F403
[2026-04-08 13:54:54.558] [info] [LiDAR-Camera] [:] [MIAS-LCEC] 子进程:   File "/usr/local/lib/python3.10/dist-packages/torch/nn/modules/__init__.py", line 35, in <module>
[2026-04-08 13:54:54.558] [info] [LiDAR-Camera] [:] [MIAS-LCEC] 子进程:     from .transformer import TransformerEncoder, TransformerDecoder, \
[2026-04-08 13:54:54.558] [info] [LiDAR-Camera] [:] [MIAS-LCEC] 子进程:   File "/usr/local/lib/python3.10/dist-packages/torch/nn/modules/transformer.py", line 20, in <module>
[2026-04-08 13:54:54.558] [info] [LiDAR-Camera] [:] [MIAS-LCEC] 子进程:     device: torch.device = torch.device(torch._C._get_default_device()),  # torch.device('cpu'),
[2026-04-08 13:54:54.558] [info] [LiDAR-Camera] [:] [MIAS-LCEC] 子进程: /usr/local/lib/python3.10/dist-packages/torch/nn/modules/transformer.py:20: UserWarning: Failed to initialize NumPy: _ARRAY_API not found (Triggered internally at ../torch/csrc/utils/tensor_numpy.cpp:84.)
[2026-04-08 13:54:54.558] [info] [LiDAR-Camera] [:] [MIAS-LCEC] 子进程:   device: torch.device = torch.device(torch._C._get_default_device()),  # torch.device('cpu'),
[2026-04-08 13:54:56.001] [info] [LiDAR-Camera] [:] [MIAS-LCEC] 子进程: /usr/local/lib/python3.10/dist-packages/timm/models/layers/__init__.py:49: FutureWarning: Importing from timm.models.layers is deprecated, please import via timm.layers
[2026-04-08 13:54:56.001] [info] [LiDAR-Camera] [:] [MIAS-LCEC] 子进程:   warnings.warn(f"Importing from {__name__} is deprecated, please import via timm.layers", FutureWarning)
[2026-04-08 13:54:56.002] [info] [LiDAR-Camera] [:] [MIAS-LCEC] 子进程: /usr/local/lib/python3.10/dist-packages/timm/models/registry.py:4: FutureWarning: Importing from timm.models.registry is deprecated, please import via timm.models
[2026-04-08 13:54:56.002] [info] [LiDAR-Camera] [:] [MIAS-LCEC] 子进程:   warnings.warn(f"Importing from {__name__} is deprecated, please import via timm.models", FutureWarning)
[2026-04-08 13:54:56.002] [info] [LiDAR-Camera] [:] [MIAS-LCEC] 子进程: /root/calib_ws/calib_unified/thirdparty/MobileSAM/mobile_sam/modeling/tiny_vit_sam.py:656: UserWarning: Overwriting tiny_vit_5m_224 in registry with mobile_sam.modeling.tiny_vit_sam.tiny_vit_5m_224. This is because the name being registered conflicts with an existing name. Please check if this is not expected.
[2026-04-08 13:54:56.002] [info] [LiDAR-Camera] [:] [MIAS-LCEC] 子进程:   return register_model(fn_wrapper)
[2026-04-08 13:54:56.002] [info] [LiDAR-Camera] [:] [MIAS-LCEC] 子进程: /root/calib_ws/calib_unified/thirdparty/MobileSAM/mobile_sam/modeling/tiny_vit_sam.py:656: UserWarning: Overwriting tiny_vit_11m_224 in registry with mobile_sam.modeling.tiny_vit_sam.tiny_vit_11m_224. This is because the name being registered conflicts with an existing name. Please check if this is not expected.
[2026-04-08 13:54:56.002] [info] [LiDAR-Camera] [:] [MIAS-LCEC] 子进程:   return register_model(fn_wrapper)
[2026-04-08 13:54:56.002] [info] [LiDAR-Camera] [:] [MIAS-LCEC] 子进程: /root/calib_ws/calib_unified/thirdparty/MobileSAM/mobile_sam/modeling/tiny_vit_sam.py:656: UserWarning: Overwriting tiny_vit_21m_224 in registry with mobile_sam.modeling.tiny_vit_sam.tiny_vit_21m_224. This is because the name being registered conflicts with an existing name. Please check if this is not expected.
[2026-04-08 13:54:56.002] [info] [LiDAR-Camera] [:] [MIAS-LCEC] 子进程:   return register_model(fn_wrapper)
[2026-04-08 13:54:56.002] [info] [LiDAR-Camera] [:] [MIAS-LCEC] 子进程: /root/calib_ws/calib_unified/thirdparty/MobileSAM/mobile_sam/modeling/tiny_vit_sam.py:656: UserWarning: Overwriting tiny_vit_21m_384 in registry with mobile_sam.modeling.tiny_vit_sam.tiny_vit_21m_384. This is because the name being registered conflicts with an existing name. Please check if this is not expected.
[2026-04-08 13:54:56.002] [info] [LiDAR-Camera] [:] [MIAS-LCEC] 子进程:   return register_model(fn_wrapper)
[2026-04-08 13:54:56.002] [info] [LiDAR-Camera] [:] [MIAS-LCEC] 子进程: /root/calib_ws/calib_unified/thirdparty/MobileSAM/mobile_sam/modeling/tiny_vit_sam.py:656: UserWarning: Overwriting tiny_vit_21m_512 in registry with mobile_sam.modeling.tiny_vit_sam.tiny_vit_21m_512. This is because the name being registered conflicts with an existing name. Please check if this is not expected.
[2026-04-08 13:54:56.002] [info] [LiDAR-Camera] [:] [MIAS-LCEC] 子进程:   return register_model(fn_wrapper)
[2026-04-08 13:54:56.010] [info] [LiDAR-Camera] [:] [MIAS-LCEC] 子进程: [2026-04-08 13:54:56.010] [INFO] 已写出 quality_report.yaml: /tmp/mias_work/output/quality_report.yaml
[2026-04-08 13:54:56.011] [info] [LiDAR-Camera] [:] [MIAS-LCEC] 子进程: [2026-04-08 13:54:56.010] [INFO] 粗标定完成  方法=identity  耗时=2.20s  输出=/tmp/mias_work/output/extrinsic_result.yaml
[2026-04-08 13:54:56.011] [info] [LiDAR-Camera] [:] [MIAS-LCEC] 子进程: [2026-04-08 13:54:56.010] [INFO] [粗标定] ★ 最终: 使用恒等外参 (identity)，未使用深度模型
[2026-04-08 13:54:56.011] [info] [LiDAR-Camera] [:] [MIAS-LCEC] 子进程: [2026-04-08 13:54:56.010] [INFO] ======== 粗标定结束 ========
[2026-04-08 13:54:56.011] [info] [LiDAR-Camera] [:] [MIAS-LCEC] 子进程: [2026-04-08 13:54:56.011] [WARNING] [粗标定] 诊断摘要: 未使用深度模型 (method=identity)，详见上方 [MIAS_LCEC_INFER] 错误与修复建议
[2026-04-08 13:54:56.011] [info] [LiDAR-Camera] [:] [MIAS-LCEC] 子进程: [run_lidar_cam_coarse] OK  method=identity  output=/tmp/mias_work/output/extrinsic_result.yaml  elapsed_s=2.20
[2026-04-08 13:54:56.758] [info] [LiDAR-Camera] [:] [AI-Exec] 子进程完整输出已保存到: /tmp/mias_work/subprocess_1775627693.log
[2026-04-08 13:54:56.758] [info] [LiDAR-Camera] [:] [MIAS-LCEC] 子进程结束  exit_code=0  elapsed_ms=3044  output_exists=yes
[2026-04-08 13:54:56.758] [info] [LiDAR-Camera] [:] [MIAS-LCEC] 粗标定方法: identity)，详见上方 (由子进程 stdout 解析)
[2026-04-08 13:54:56.758] [warning] [LiDAR-Camera] [:] [MIAS-LCEC] ★ 粗标定未使用深度模型，结果来自几何回退(identity)，详见上方)；原因见上方子进程日志或 子进程完整输出
[2026-04-08 13:54:56.759] [info] [LiDAR-Camera] [:] [MIAS-LCEC] 解析结果  t=[0.0000, 0.0000, 0.0000]  is_identity=true
[2026-04-08 13:54:56.759] [warning] [LiDAR-Camera] [:] [MIAS-LCEC] 粗标定结果为 identity，重试  attempt=2/2  显式附加 --use_pnp
[2026-04-08 13:54:56.759] [info] [LiDAR-Camera] [:] [MIAS-LCEC] 粗标定尝试 2/2  (identity 后重试), 超时=180s
[2026-04-08 13:54:56.759] [info] [LiDAR-Camera] [:] [MIAS-LCEC] 执行命令 (python3+PYTHONPATH): python3 /root/calib_ws/calib_unified/scripts/run_lidar_cam_coarse.py --pcd ./results/coarse_input/coarse_first.pcd --image ./results/coarse_input/coarse_first.png --sensor_config /tmp/mias_work/sensor_config.yaml --output_dir /tmp/mias_work/output --quality-ncc-good 0.300000 --quality-ncc-acceptable 0.200000 --quality-rms-good-px 2.000000 --quality-rms-acceptable-px 5.000000 --quality-inlier-ratio-good 0.600000 --quality-inlier-ratio-acceptable 0.400000 --model_path /root/calib_ws/MIAS-LCEC/model/mobile_sam.pt --mias_repo /root/calib_ws/calib_unified --no-require-model --use_pnp
[2026-04-08 13:54:56.869] [info] [LiDAR-Camera] [:] [MIAS-LCEC] 子进程: [2026-04-08 13:54:56.868] [INFO] 环境: numpy=2.2.6
[2026-04-08 13:54:56.869] [info] [LiDAR-Camera] [:] [MIAS-LCEC] 子进程: [2026-04-08 13:54:56.868] [INFO] ======== 粗标定开始 ========
[2026-04-08 13:54:56.869] [info] [LiDAR-Camera] [:] [MIAS-LCEC] 子进程: [2026-04-08 13:54:56.868] [INFO] 输入: pcd=./results/coarse_input/coarse_first.pcd  image=./results/coarse_input/coarse_first.png  sensor_config=/tmp/mias_work/sensor_config.yaml  output_dir=/tmp/mias_work/output
[2026-04-08 13:54:56.869] [info] [LiDAR-Camera] [:] [MIAS-LCEC] 子进程: [2026-04-08 13:54:56.868] [INFO] [步骤 1/4] 读取 sensor_config...
[2026-04-08 13:54:56.876] [info] [LiDAR-Camera] [:] [MIAS-LCEC] 子进程: [2026-04-08 13:54:56.876] [INFO] 读取 sensor_config: /tmp/mias_work/sensor_config.yaml
[2026-04-08 13:54:56.877] [info] [LiDAR-Camera] [:] [MIAS-LCEC] 子进程: [2026-04-08 13:54:56.877] [INFO] 相机内参: fx=384.00 fy=384.00 cx=376.00 cy=240.00 width=752 height=480
[2026-04-08 13:54:56.877] [info] [LiDAR-Camera] [:] [MIAS-LCEC] 子进程: [2026-04-08 13:54:56.877] [INFO] [步骤 2/4] 读取 PCD...
[2026-04-08 13:54:56.888] [info] [LiDAR-Camera] [:] [MIAS-LCEC] 子进程: [2026-04-08 13:54:56.888] [INFO] PCD 加载方式: ASCII (优先，避免 Open3D/NumPy 2.x 兼容问题)  路径=./results/coarse_input/coarse_first.pcd
[2026-04-08 13:54:56.888] [info] [LiDAR-Camera] [:] [MIAS-LCEC] 子进程: [2026-04-08 13:54:56.888] [INFO] 点云规模: 12609 点  范围 X[-32.52, 49.52] Y[-28.54, 43.99] Z[-7.83, 1.22]
[2026-04-08 13:54:56.888] [info] [LiDAR-Camera] [:] [MIAS-LCEC] 子进程: [2026-04-08 13:54:56.888] [INFO] [步骤 2/4] PCD 读取完成  点数=12609
[2026-04-08 13:54:56.888] [info] [LiDAR-Camera] [:] [MIAS-LCEC] 子进程: [2026-04-08 13:54:56.888] [INFO] [步骤 3/4] 读取图像 (优先 Pillow，避免 NumPy 2.x 下 cv2 崩溃)...
[2026-04-08 13:54:56.908] [info] [LiDAR-Camera] [:] [MIAS-LCEC] 子进程: [2026-04-08 13:54:56.908] [INFO] 图像加载: Pillow  路径=./results/coarse_input/coarse_first.png  尺寸=752x480 (避免 NumPy 2.x 下 cv2 崩溃)
[2026-04-08 13:54:56.908] [info] [LiDAR-Camera] [:] [MIAS-LCEC] 子进程: [2026-04-08 13:54:56.908] [INFO] [步骤 3/4] 图像读取完成  尺寸=752x480
[2026-04-08 13:54:56.908] [info] [LiDAR-Camera] [:] [MIAS-LCEC] 子进程: [2026-04-08 13:54:56.908] [INFO] [粗标定] ===== 尝试深度模型推理 =====
[2026-04-08 13:54:56.908] [info] [LiDAR-Camera] [:] [MIAS-LCEC] 子进程: [2026-04-08 13:54:56.908] [INFO] [粗标定] 配置: model_path=/root/calib_ws/MIAS-LCEC/model/mobile_sam.pt
[2026-04-08 13:54:56.908] [info] [LiDAR-Camera] [:] [MIAS-LCEC] 子进程: [2026-04-08 13:54:56.908] [INFO] [粗标定] 配置: mias_repo=/root/calib_ws/calib_unified
[2026-04-08 13:54:56.908] [info] [LiDAR-Camera] [:] [MIAS-LCEC] 子进程: [2026-04-08 13:54:56.908] [INFO] [粗标定] require_model=False
[2026-04-08 13:54:56.909] [info] [LiDAR-Camera] [:] [MIAS-LCEC] 子进程: [2026-04-08 13:54:56.909] [INFO] [粗标定] mias_lcec_infer 导入成功
[2026-04-08 13:54:56.909] [info] [LiDAR-Camera] [:] [MIAS-LCEC] 子进程: [2026-04-08 13:54:56.909] [INFO] [粗标定] 开始调用深度模型推理...
[2026-04-08 13:54:56.909] [info] [LiDAR-Camera] [:] [MIAS-LCEC] 子进程: [2026-04-08 13:54:56.909] [INFO] [粗标定] 输入: pcd=./results/coarse_input/coarse_first.pcd image=./results/coarse_input/coarse_first.png
[2026-04-08 13:54:56.909] [info] [LiDAR-Camera] [:] [MIAS-LCEC] 子进程: [MIAS_LCEC_INFER 2026-04-08 13:54:56.909] [WARNING] [MIAS-LCEC 推理] 未使用深度模型: 模型文件不存在或未配置 model_path=/root/calib_ws/MIAS-LCEC/model/mobile_sam.pt
[2026-04-08 13:54:56.909] [info] [LiDAR-Camera] [:] [MIAS-LCEC] 子进程: [2026-04-08 13:54:56.909] [INFO] [粗标定] 推理完成，返回值类型: None
[2026-04-08 13:54:56.909] [info] [LiDAR-Camera] [:] [MIAS-LCEC] 子进程: [2026-04-08 13:54:56.909] [WARNING] [粗标定] 深度模型未返回结果 (require_model=false)，将回退 PnP 几何初值；请检查: 1) MIAS-LCEC 仓库是否有 infer_unicalib.py 或 LcMatch_CApi 2) Python 版本是否为 3.10 (LcMatch_CApi 需要) 3) model_path 是否正确
[2026-04-08 13:54:56.909] [info] [LiDAR-Camera] [:] [MIAS-LCEC] 子进程: [2026-04-08 13:54:56.909] [WARNING] [粗标定] ★ 结论: 未使用深度模型，将回退 PnP；原因见上方 [MIAS_LCEC_INFER] 错误日志（如 Read-only file system、ImportError 等）
[2026-04-08 13:54:56.996] [info] [LiDAR-Camera] [:] [MIAS-LCEC] 子进程: A module that was compiled using NumPy 1.x cannot be run in
[2026-04-08 13:54:56.996] [info] [LiDAR-Camera] [:] [MIAS-LCEC] 子进程: NumPy 2.2.6 as it may crash. To support both 1.x and 2.x
[2026-04-08 13:54:56.996] [info] [LiDAR-Camera] [:] [MIAS-LCEC] 子进程: versions of NumPy, modules must be compiled with NumPy 2.0.
[2026-04-08 13:54:56.996] [info] [LiDAR-Camera] [:] [MIAS-LCEC] 子进程: Some module may need to rebuild instead e.g. with 'pybind11>=2.12'.
[2026-04-08 13:54:56.996] [info] [LiDAR-Camera] [:] [MIAS-LCEC] 子进程: If you are a user of the module, the easiest solution will be to
[2026-04-08 13:54:56.996] [info] [LiDAR-Camera] [:] [MIAS-LCEC] 子进程: downgrade to 'numpy<2' or try to upgrade the affected module.
[2026-04-08 13:54:56.996] [info] [LiDAR-Camera] [:] [MIAS-LCEC] 子进程: We expect that some modules will need time to support NumPy 2.
[2026-04-08 13:54:56.996] [info] [LiDAR-Camera] [:] [MIAS-LCEC] 子进程: Traceback (most recent call last):  File "/root/calib_ws/calib_unified/scripts/run_lidar_cam_coarse.py", line 698, in <module>
[2026-04-08 13:54:56.996] [info] [LiDAR-Camera] [:] [MIAS-LCEC] 子进程:     sys.exit(main_with_traceback())
[2026-04-08 13:54:56.996] [info] [LiDAR-Camera] [:] [MIAS-LCEC] 子进程:   File "/root/calib_ws/calib_unified/scripts/run_lidar_cam_coarse.py", line 689, in main_with_traceback
[2026-04-08 13:54:56.996] [info] [LiDAR-Camera] [:] [MIAS-LCEC] 子进程:     return main()
[2026-04-08 13:54:56.996] [info] [LiDAR-Camera] [:] [MIAS-LCEC] 子进程:   File "/root/calib_ws/calib_unified/scripts/run_lidar_cam_coarse.py", line 567, in main
[2026-04-08 13:54:56.996] [info] [LiDAR-Camera] [:] [MIAS-LCEC] 子进程:     if not _check_cv2_available():
[2026-04-08 13:54:56.996] [info] [LiDAR-Camera] [:] [MIAS-LCEC] 子进程:   File "/root/calib_ws/calib_unified/scripts/run_lidar_cam_coarse.py", line 259, in _check_cv2_available
[2026-04-08 13:54:56.996] [info] [LiDAR-Camera] [:] [MIAS-LCEC] 子进程:     import cv2  # noqa: F401
[2026-04-08 13:54:56.996] [info] [LiDAR-Camera] [:] [MIAS-LCEC] 子进程:   File "/usr/local/lib/python3.10/dist-packages/cv2/__init__.py", line 181, in <module>
[2026-04-08 13:54:56.996] [info] [LiDAR-Camera] [:] [MIAS-LCEC] 子进程:     bootstrap()
[2026-04-08 13:54:56.996] [info] [LiDAR-Camera] [:] [MIAS-LCEC] 子进程:   File "/usr/local/lib/python3.10/dist-packages/cv2/__init__.py", line 153, in bootstrap
[2026-04-08 13:54:56.996] [info] [LiDAR-Camera] [:] [MIAS-LCEC] 子进程:     native_module = importlib.import_module("cv2")
[2026-04-08 13:54:56.996] [info] [LiDAR-Camera] [:] [MIAS-LCEC] 子进程:   File "/usr/lib/python3.10/importlib/__init__.py", line 126, in import_module
[2026-04-08 13:54:56.996] [info] [LiDAR-Camera] [:] [MIAS-LCEC] 子进程:     return _bootstrap._gcd_import(name[level:], package, level)
[2026-04-08 13:54:56.996] [info] [LiDAR-Camera] [:] [MIAS-LCEC] 子进程: AttributeError: _ARRAY_API not found
[2026-04-08 13:54:56.996] [info] [LiDAR-Camera] [:] [MIAS-LCEC] 子进程: [2026-04-08 13:54:56.996] [WARNING] [粗标定] cv2 不可用 (ImportError)，跳过 PnP，将输出 identity。原因: numpy.core.multiarray failed to import
[2026-04-08 13:54:56.996] [info] [LiDAR-Camera] [:] [MIAS-LCEC] 子进程: [2026-04-08 13:54:56.996] [WARNING] [粗标定] cv2 不可用，不调用 PnP，输出 identity；精标定可能无法收敛，建议修复环境后重试
[2026-04-08 13:54:56.996] [info] [LiDAR-Camera] [:] [MIAS-LCEC] 子进程: [2026-04-08 13:54:56.996] [INFO] [粗标定] 方法=identity  输出 t=[0, 0, 0]  (精标定可能无法收敛，建议检查 PnP 或深度模型)
[2026-04-08 13:54:56.996] [info] [LiDAR-Camera] [:] [MIAS-LCEC] 子进程: [2026-04-08 13:54:56.996] [INFO] [步骤 4/5] 写入 extrinsic_result.yaml...
[2026-04-08 13:54:56.996] [info] [LiDAR-Camera] [:] [MIAS-LCEC] 子进程: [2026-04-08 13:54:56.996] [INFO] 已写出 extrinsic_result.yaml: /tmp/mias_work/output/extrinsic_result.yaml  translation=[0.0000, 0.0000, 0.0000]
[2026-04-08 13:54:56.996] [info] [LiDAR-Camera] [:] [MIAS-LCEC] 子进程: [2026-04-08 13:54:56.996] [INFO] [步骤 5/5] 生成 quality_report.yaml...
[2026-04-08 13:54:57.225] [info] [LiDAR-Camera] [:] [MIAS-LCEC] 子进程: A module that was compiled using NumPy 1.x cannot be run in
[2026-04-08 13:54:57.225] [info] [LiDAR-Camera] [:] [MIAS-LCEC] 子进程: NumPy 2.2.6 as it may crash. To support both 1.x and 2.x
[2026-04-08 13:54:57.225] [info] [LiDAR-Camera] [:] [MIAS-LCEC] 子进程: versions of NumPy, modules must be compiled with NumPy 2.0.
[2026-04-08 13:54:57.225] [info] [LiDAR-Camera] [:] [MIAS-LCEC] 子进程: Some module may need to rebuild instead e.g. with 'pybind11>=2.12'.
[2026-04-08 13:54:57.225] [info] [LiDAR-Camera] [:] [MIAS-LCEC] 子进程: If you are a user of the module, the easiest solution will be to
[2026-04-08 13:54:57.225] [info] [LiDAR-Camera] [:] [MIAS-LCEC] 子进程: downgrade to 'numpy<2' or try to upgrade the affected module.
[2026-04-08 13:54:57.225] [info] [LiDAR-Camera] [:] [MIAS-LCEC] 子进程: We expect that some modules will need time to support NumPy 2.
[2026-04-08 13:54:57.225] [info] [LiDAR-Camera] [:] [MIAS-LCEC] 子进程: Traceback (most recent call last):  File "/root/calib_ws/calib_unified/scripts/run_lidar_cam_coarse.py", line 698, in <module>
[2026-04-08 13:54:57.225] [info] [LiDAR-Camera] [:] [MIAS-LCEC] 子进程:     sys.exit(main_with_traceback())
[2026-04-08 13:54:57.225] [info] [LiDAR-Camera] [:] [MIAS-LCEC] 子进程:   File "/root/calib_ws/calib_unified/scripts/run_lidar_cam_coarse.py", line 689, in main_with_traceback
[2026-04-08 13:54:57.225] [info] [LiDAR-Camera] [:] [MIAS-LCEC] 子进程:     return main()
[2026-04-08 13:54:57.225] [info] [LiDAR-Camera] [:] [MIAS-LCEC] 子进程:   File "/root/calib_ws/calib_unified/scripts/run_lidar_cam_coarse.py", line 636, in main
[2026-04-08 13:54:57.225] [info] [LiDAR-Camera] [:] [MIAS-LCEC] 子进程:     from mias_lcec_pytorch.quality_assessment import assess_calibration_quality
[2026-04-08 13:54:57.225] [info] [LiDAR-Camera] [:] [MIAS-LCEC] 子进程:   File "/root/calib_ws/calib_unified/scripts/mias_lcec_pytorch/__init__.py", line 17, in <module>
[2026-04-08 13:54:57.225] [info] [LiDAR-Camera] [:] [MIAS-LCEC] 子进程:     from .coarse_calib import MIASLCECCoarseCalib
[2026-04-08 13:54:57.225] [info] [LiDAR-Camera] [:] [MIAS-LCEC] 子进程:   File "/root/calib_ws/calib_unified/scripts/mias_lcec_pytorch/coarse_calib.py", line 26, in <module>
[2026-04-08 13:54:57.225] [info] [LiDAR-Camera] [:] [MIAS-LCEC] 子进程:     import torch
[2026-04-08 13:54:57.225] [info] [LiDAR-Camera] [:] [MIAS-LCEC] 子进程:   File "/usr/local/lib/python3.10/dist-packages/torch/__init__.py", line 1382, in <module>
[2026-04-08 13:54:57.225] [info] [LiDAR-Camera] [:] [MIAS-LCEC] 子进程:     from .functional import *  # noqa: F403
[2026-04-08 13:54:57.225] [info] [LiDAR-Camera] [:] [MIAS-LCEC] 子进程:   File "/usr/local/lib/python3.10/dist-packages/torch/functional.py", line 7, in <module>
[2026-04-08 13:54:57.225] [info] [LiDAR-Camera] [:] [MIAS-LCEC] 子进程:     import torch.nn.functional as F
[2026-04-08 13:54:57.225] [info] [LiDAR-Camera] [:] [MIAS-LCEC] 子进程:   File "/usr/local/lib/python3.10/dist-packages/torch/nn/__init__.py", line 1, in <module>
[2026-04-08 13:54:57.225] [info] [LiDAR-Camera] [:] [MIAS-LCEC] 子进程:     from .modules import *  # noqa: F403
[2026-04-08 13:54:57.225] [info] [LiDAR-Camera] [:] [MIAS-LCEC] 子进程:   File "/usr/local/lib/python3.10/dist-packages/torch/nn/modules/__init__.py", line 35, in <module>
[2026-04-08 13:54:57.225] [info] [LiDAR-Camera] [:] [MIAS-LCEC] 子进程:     from .transformer import TransformerEncoder, TransformerDecoder, \
[2026-04-08 13:54:57.225] [info] [LiDAR-Camera] [:] [MIAS-LCEC] 子进程:   File "/usr/local/lib/python3.10/dist-packages/torch/nn/modules/transformer.py", line 20, in <module>
[2026-04-08 13:54:57.225] [info] [LiDAR-Camera] [:] [MIAS-LCEC] 子进程:     device: torch.device = torch.device(torch._C._get_default_device()),  # torch.device('cpu'),
[2026-04-08 13:54:57.225] [info] [LiDAR-Camera] [:] [MIAS-LCEC] 子进程: /usr/local/lib/python3.10/dist-packages/torch/nn/modules/transformer.py:20: UserWarning: Failed to initialize NumPy: _ARRAY_API not found (Triggered internally at ../torch/csrc/utils/tensor_numpy.cpp:84.)
[2026-04-08 13:54:57.225] [info] [LiDAR-Camera] [:] [MIAS-LCEC] 子进程:   device: torch.device = torch.device(torch._C._get_default_device()),  # torch.device('cpu'),
[2026-04-08 13:54:58.287] [info] [LiDAR-Camera] [:] [MIAS-LCEC] 子进程: /usr/local/lib/python3.10/dist-packages/timm/models/layers/__init__.py:49: FutureWarning: Importing from timm.models.layers is deprecated, please import via timm.layers
[2026-04-08 13:54:58.287] [info] [LiDAR-Camera] [:] [MIAS-LCEC] 子进程:   warnings.warn(f"Importing from {__name__} is deprecated, please import via timm.layers", FutureWarning)
[2026-04-08 13:54:58.287] [info] [LiDAR-Camera] [:] [MIAS-LCEC] 子进程: /usr/local/lib/python3.10/dist-packages/timm/models/registry.py:4: FutureWarning: Importing from timm.models.registry is deprecated, please import via timm.models
[2026-04-08 13:54:58.287] [info] [LiDAR-Camera] [:] [MIAS-LCEC] 子进程:   warnings.warn(f"Importing from {__name__} is deprecated, please import via timm.models", FutureWarning)
[2026-04-08 13:54:58.287] [info] [LiDAR-Camera] [:] [MIAS-LCEC] 子进程: /root/calib_ws/calib_unified/thirdparty/MobileSAM/mobile_sam/modeling/tiny_vit_sam.py:656: UserWarning: Overwriting tiny_vit_5m_224 in registry with mobile_sam.modeling.tiny_vit_sam.tiny_vit_5m_224. This is because the name being registered conflicts with an existing name. Please check if this is not expected.
[2026-04-08 13:54:58.287] [info] [LiDAR-Camera] [:] [MIAS-LCEC] 子进程:   return register_model(fn_wrapper)
[2026-04-08 13:54:58.287] [info] [LiDAR-Camera] [:] [MIAS-LCEC] 子进程: /root/calib_ws/calib_unified/thirdparty/MobileSAM/mobile_sam/modeling/tiny_vit_sam.py:656: UserWarning: Overwriting tiny_vit_11m_224 in registry with mobile_sam.modeling.tiny_vit_sam.tiny_vit_11m_224. This is because the name being registered conflicts with an existing name. Please check if this is not expected.
[2026-04-08 13:54:58.287] [info] [LiDAR-Camera] [:] [MIAS-LCEC] 子进程:   return register_model(fn_wrapper)
[2026-04-08 13:54:58.287] [info] [LiDAR-Camera] [:] [MIAS-LCEC] 子进程: /root/calib_ws/calib_unified/thirdparty/MobileSAM/mobile_sam/modeling/tiny_vit_sam.py:656: UserWarning: Overwriting tiny_vit_21m_224 in registry with mobile_sam.modeling.tiny_vit_sam.tiny_vit_21m_224. This is because the name being registered conflicts with an existing name. Please check if this is not expected.
[2026-04-08 13:54:58.287] [info] [LiDAR-Camera] [:] [MIAS-LCEC] 子进程:   return register_model(fn_wrapper)
[2026-04-08 13:54:58.287] [info] [LiDAR-Camera] [:] [MIAS-LCEC] 子进程: /root/calib_ws/calib_unified/thirdparty/MobileSAM/mobile_sam/modeling/tiny_vit_sam.py:656: UserWarning: Overwriting tiny_vit_21m_384 in registry with mobile_sam.modeling.tiny_vit_sam.tiny_vit_21m_384. This is because the name being registered conflicts with an existing name. Please check if this is not expected.
[2026-04-08 13:54:58.287] [info] [LiDAR-Camera] [:] [MIAS-LCEC] 子进程:   return register_model(fn_wrapper)
[2026-04-08 13:54:58.287] [info] [LiDAR-Camera] [:] [MIAS-LCEC] 子进程: /root/calib_ws/calib_unified/thirdparty/MobileSAM/mobile_sam/modeling/tiny_vit_sam.py:656: UserWarning: Overwriting tiny_vit_21m_512 in registry with mobile_sam.modeling.tiny_vit_sam.tiny_vit_21m_512. This is because the name being registered conflicts with an existing name. Please check if this is not expected.
[2026-04-08 13:54:58.287] [info] [LiDAR-Camera] [:] [MIAS-LCEC] 子进程:   return register_model(fn_wrapper)
[2026-04-08 13:54:58.295] [info] [LiDAR-Camera] [:] [MIAS-LCEC] 子进程: [2026-04-08 13:54:58.294] [INFO] 已写出 quality_report.yaml: /tmp/mias_work/output/quality_report.yaml
[2026-04-08 13:54:58.295] [info] [LiDAR-Camera] [:] [MIAS-LCEC] 子进程: [2026-04-08 13:54:58.295] [INFO] 粗标定完成  方法=identity  耗时=1.46s  输出=/tmp/mias_work/output/extrinsic_result.yaml
[2026-04-08 13:54:58.295] [info] [LiDAR-Camera] [:] [MIAS-LCEC] 子进程: [2026-04-08 13:54:58.295] [INFO] [粗标定] ★ 最终: 使用恒等外参 (identity)，未使用深度模型
[2026-04-08 13:54:58.295] [info] [LiDAR-Camera] [:] [MIAS-LCEC] 子进程: [2026-04-08 13:54:58.295] [INFO] ======== 粗标定结束 ========
[2026-04-08 13:54:58.295] [info] [LiDAR-Camera] [:] [MIAS-LCEC] 子进程: [2026-04-08 13:54:58.295] [WARNING] [粗标定] 诊断摘要: 未使用深度模型 (method=identity)，详见上方 [MIAS_LCEC_INFER] 错误与修复建议
[2026-04-08 13:54:58.295] [info] [LiDAR-Camera] [:] [MIAS-LCEC] 子进程: [run_lidar_cam_coarse] OK  method=identity  output=/tmp/mias_work/output/extrinsic_result.yaml  elapsed_s=1.46
[2026-04-08 13:54:58.789] [info] [LiDAR-Camera] [:] [AI-Exec] 子进程完整输出已保存到: /tmp/mias_work/subprocess_1775627696.log
[2026-04-08 13:54:58.789] [info] [LiDAR-Camera] [:] [MIAS-LCEC] 子进程结束  exit_code=0  elapsed_ms=2029  output_exists=yes
[2026-04-08 13:54:58.789] [info] [LiDAR-Camera] [:] [MIAS-LCEC] 粗标定方法: identity)，详见上方 (由子进程 stdout 解析)
[2026-04-08 13:54:58.789] [warning] [LiDAR-Camera] [:] [MIAS-LCEC] ★ 粗标定未使用深度模型，结果来自几何回退(identity)，详见上方)；原因见上方子进程日志或 子进程完整输出
[2026-04-08 13:54:58.790] [info] [LiDAR-Camera] [:] [MIAS-LCEC] 解析结果  t=[0.0000, 0.0000, 0.0000]  is_identity=true
[2026-04-08 13:54:58.790] [info] [LiDAR-Camera] [:] [MIAS-LCEC] 第 2 次尝试仍为 identity，使用该结果
[2026-04-08 13:54:58.790] [info] [LiDAR-Camera] [:] [MIAS-LCEC] 粗估外参 最终: t=[0.0000, 0.0000, 0.0000]m  is_identity=true  output=/tmp/mias_work/output/extrinsic_result.yaml (重试后)
[2026-04-08 13:54:58.790] [info] [LiDAR-Camera] [:] [MIAS-LCEC] 粗标定结果来源: identity)，详见上方 (mias_lcec=深度模型, pnp=几何回退, identity=恒等)
[2026-04-08 13:54:58.790] [warning] [LiDAR-Camera] [:] [MIAS-LCEC] 粗标定输出为 identity；精标定可能无法收敛。建议: 1) 查看上方 [PnP] 日志确认网格/回退是否成功 2) 配置 model_path 尝试深度模型 3) 检查内参与数据
[2026-04-08 13:54:58.790] [info] [LiDAR-Camera] [:]   ✓ AI粗标定成功: t=[0.000,0.000,0.000]m
[2026-04-08 13:54:58.790] [info] [LiDAR-Camera] [:]   [Stage 1] 结果: 成功  初值将用于精标定
[2026-04-08 13:54:58.790] [info] [LiDAR-Camera] [:]   [Stage 1] 结果: 成功  精标定初值已就绪
[2026-04-08 13:54:58.790] [info] [LiDAR-Camera] [:] ▶ Stage 2: 精标定 (方法=edge)
[2026-04-08 13:54:58.795] [info] [LiDAR-Camera] [:] 
[2026-04-08 13:54:58.795] [info] [LiDAR-Camera] [:] ╔═══════════════════════════════════════════════╗
[2026-04-08 13:54:58.795] [info] [LiDAR-Camera] [:] ║   UniCalib 两阶段标定流水线 — 开始            ║
[2026-04-08 13:54:58.795] [info] [LiDAR-Camera] [:] ║   Pipeline ID: pipeline_20260408_135432       ║
[2026-04-08 13:54:58.795] [info] [LiDAR-Camera] [:] ╚═══════════════════════════════════════════════╝
[2026-04-08 13:54:58.795] [info] [LiDAR-Camera] [:] [Coarse-AI/LiDAR-Cam] enable_coarse_lidar_cam=true → do_coarse=true
[13:54:58.795] [info] 
[13:54:58.795] [info] ━━━━━━━━━━━━━━━━━━━━━━━━━━━━━━━━━━━━━━━━━
[13:54:58.795] [info] ▶ 开始阶段: [Coarse-AI] 任务: [lidar_cam_extrin]
[13:54:58.795] [info]   描述: AI模型提供初始估计值
[13:54:58.795] [info] ━━━━━━━━━━━━━━━━━━━━━━━━━━━━━━━━━━━━━━━━━
[13:54:58.795] [info] [CALC] 粗标定阶段开始 task=lidar_cam_extrin
[13:54:58.795] [info] [Coarse-AI/LiDAR-Cam] 使用主程序已注入的粗标定结果 t=[0.000,0.000,0.000]m，精标定将以此起步
[13:54:58.795] [info] ━━━━━━━━━━━━━━━━━━━━━━━━━━━━━━━━━━━━━━━━━
[13:54:58.795] [info] ■ 结束阶段: [Coarse-AI] 任务: [lidar_cam_extrin]
[13:54:58.795] [info]   结果: ✓ 成功 | 残差RMS: 0.0000 | 耗时: 0 ms
[13:54:58.795] [info]   消息: 使用主程序 Stage1 粗标定结果，作为精标定初值
[13:54:58.795] [info] [CALC] 阶段结束 stage=Coarse-AI task=lidar_cam_extrin success=true residual_rms=0.000000 elapsed_ms=0.0 threshold=-1.0000
[13:54:58.795] [info] ━━━━━━━━━━━━━━━━━━━━━━━━━━━━━━━━━━━━━━━━━
[13:54:58.796] [info] 
[13:54:58.796] [info] ━━━━━━━━━━━━━━━━━━━━━━━━━━━━━━━━━━━━━━━━━
[13:54:58.796] [info] ▶ 开始阶段: [Fine-Auto] 任务: [lidar_cam_extrin]
[13:54:58.796] [info]   描述: 无目标优化
[13:54:58.796] [info] ━━━━━━━━━━━━━━━━━━━━━━━━━━━━━━━━━━━━━━━━━
[13:54:58.796] [info] [CALC] 精标定阶段开始 task=lidar_cam_extrin
[13:54:58.796] [info] [Fine-Auto] 任务: lidar_cam_extrin | 无目标优先: true
[13:54:58.796] [info] [Fine-Auto] 方法: 边缘对齐互信息 (EDGE_ALIGNMENT, 无目标)
[13:54:58.796] [info] [STAGE=lidar_cam_fine_auto] LiDAR-Camera 精标定 开始
[13:54:58.796] [info] [Fine-Auto/LiDAR-Cam] 开始执行精标定...
[13:54:58.796] [info]   [精标定数据源] 类型=ROS2_BAG  lidar_id=lidar_front
[13:54:58.796] [info]   ROS2 Bag: /root/calib_ws/data/nya_02_slam_imu_to_lidar/nya_02_ros2  LiDAR 话题: /os1_cloud_node1/points  相机话题: /left/image_raw
[13:54:58.796] [info] [Fine-Auto/LiDAR-Cam] 从 ROS2 加载数据...
[13:54:58.796] [info] [UnifiedDataLoader] 从 ROS2 加载数据...
[13:54:58.796] [info]   Bag 文件: /root/calib_ws/data/nya_02_slam_imu_to_lidar/nya_02_ros2
[13:54:58.796] [info]   实时模式: false
[13:54:58.796] [info] [Ros2BagDataSource] 打开 bag 文件: /root/calib_ws/data/nya_02_slam_imu_to_lidar/nya_02_ros2
[13:54:58.796] [info] [Ros2BagDataSource] 正在读取 metadata.yaml: /root/calib_ws/data/nya_02_slam_imu_to_lidar/nya_02_ros2/metadata.yaml
[13:54:58.799] [debug] [Ros2BagDataSource] 找到话题: /dji_sdk/imu (类型: sensor_msgs/msg/Imu, 消息数: 171462)
[13:54:58.799] [debug] [Ros2BagDataSource] 找到话题: /dji_sdk/attitude (类型: geometry_msgs/msg/QuaternionStamped, 消息数: 42866)
[13:54:58.799] [debug] [Ros2BagDataSource] 找到话题: /os1_cloud_node2/imu (类型: sensor_msgs/msg/Imu, 消息数: 42862)
[13:54:58.799] [debug] [Ros2BagDataSource] 找到话题: /os1_cloud_node1/imu (类型: sensor_msgs/msg/Imu, 消息数: 42862)
[13:54:58.799] [debug] [Ros2BagDataSource] 找到话题: /imu/imu (类型: sensor_msgs/msg/Imu, 消息数: 166428)
[13:54:58.799] [debug] [Ros2BagDataSource] 找到话题: /imu/magnetic_field (类型: sensor_msgs/msg/MagneticField, 消息数: 166428)
[13:54:58.799] [debug] [Ros2BagDataSource] 找到话题: /imu/temperature (类型: sensor_msgs/msg/Temperature, 消息数: 166428)
[13:54:58.799] [debug] [Ros2BagDataSource] 找到话题: /dji_sdk/gps_position (类型: sensor_msgs/msg/NavSatFix, 消息数: 21433)
[13:54:58.799] [debug] [Ros2BagDataSource] 找到话题: /dji_sdk/height_above_takeoff (类型: std_msgs/msg/Float32, 消息数: 21433)
[13:54:58.799] [debug] [Ros2BagDataSource] 找到话题: /dji_sdk/gps_health (类型: std_msgs/msg/UInt8, 消息数: 21433)
[13:54:58.799] [debug] [Ros2BagDataSource] 找到话题: /uwb_endorange_info (类型: uwb_driver/msg/UwbRange, 消息数: 25172)
[13:54:58.799] [debug] [Ros2BagDataSource] 找到话题: /left/image_raw (类型: sensor_msgs/msg/Image, 消息数: 4285)
[13:54:58.799] [debug] [Ros2BagDataSource] 找到话题: /right/image_raw (类型: sensor_msgs/msg/Image, 消息数: 4285)
[13:54:58.799] [debug] [Ros2BagDataSource] 找到话题: /os1_cloud_node1/points (类型: sensor_msgs/msg/PointCloud2, 消息数: 4287)
[13:54:58.799] [debug] [Ros2BagDataSource] 找到话题: /os1_cloud_node2/points (类型: sensor_msgs/msg/PointCloud2, 消息数: 4286)
[13:54:58.799] [debug] [Ros2BagDataSource] 找到话题: /uwb_exorange_info (类型: uwb_driver/msg/UwbEcho, 消息数: 2437)
[13:54:58.799] [debug] [Ros2BagDataSource] 找到话题: /node_pos_marker_sc (类型: visualization_msgs/msg/Marker, 消息数: 2437)
[13:54:58.799] [debug] [Ros2BagDataSource] 找到话题: /node_pos_sc (类型: nav_msgs/msg/Path, 消息数: 2437)
[13:54:58.799] [debug] [Ros2BagDataSource] 找到话题: /leica/pose/relative (类型: geometry_msgs/msg/PoseStamped, 消息数: 7679)
[13:54:58.799] [info] [Ros2BagDataSource] 使用配置的 LiDAR 话题: /os1_cloud_node1/points
[13:54:58.799] [info] [Ros2BagDataSource] 使用配置的相机话题: /left/image_raw
[13:54:58.799] [info] [Ros2BagDataSource] 使用配置的 IMU 话题: /imu/imu
[INFO] [1775627698.809081744] [rosbag2_storage]: Opened database '/root/calib_ws/data/nya_02_slam_imu_to_lidar/nya_02_ros2/nya_02_ros2.db3' for READ_ONLY.
[13:54:58.809] [info] [Ros2BagDataSource] Bag 已打开，开始读取消息...
[13:54:58.809] [info] [Ros2BagDataSource] 找到 19 个话题
[13:54:58.809] [info] [Ros2BagDataSource]  话题: /dji_sdk/imu  类型: sensor_msgs/msg/Imu  消息数: 171462
[13:54:58.809] [info] [Ros2BagDataSource]  话题: /dji_sdk/attitude  类型: geometry_msgs/msg/QuaternionStamped  消息数: 42866
[13:54:58.809] [info] [Ros2BagDataSource]  话题: /os1_cloud_node2/imu  类型: sensor_msgs/msg/Imu  消息数: 42862
[13:54:58.809] [info] [Ros2BagDataSource]  话题: /os1_cloud_node1/imu  类型: sensor_msgs/msg/Imu  消息数: 42862
[13:54:58.809] [info] [Ros2BagDataSource]  话题: /imu/imu  类型: sensor_msgs/msg/Imu  消息数: 166428
[13:54:58.809] [info] [Ros2BagDataSource]  话题: /imu/magnetic_field  类型: sensor_msgs/msg/MagneticField  消息数: 166428
[13:54:58.809] [info] [Ros2BagDataSource]  话题: /imu/temperature  类型: sensor_msgs/msg/Temperature  消息数: 166428
[13:54:58.809] [info] [Ros2BagDataSource]  话题: /dji_sdk/gps_position  类型: sensor_msgs/msg/NavSatFix  消息数: 21433
[13:54:58.809] [info] [Ros2BagDataSource]  话题: /dji_sdk/height_above_takeoff  类型: std_msgs/msg/Float32  消息数: 21433
[13:54:58.809] [info] [Ros2BagDataSource]  话题: /dji_sdk/gps_health  类型: std_msgs/msg/UInt8  消息数: 21433
[13:54:58.809] [info] [Ros2BagDataSource]  话题: /uwb_endorange_info  类型: uwb_driver/msg/UwbRange  消息数: 25172
[13:54:58.809] [info] [Ros2BagDataSource]  话题: /left/image_raw  类型: sensor_msgs/msg/Image  消息数: 4285
[13:54:58.809] [info] [Ros2BagDataSource]  话题: /right/image_raw  类型: sensor_msgs/msg/Image  消息数: 4285
[13:54:58.809] [info] [Ros2BagDataSource]  话题: /os1_cloud_node1/points  类型: sensor_msgs/msg/PointCloud2  消息数: 4287
[13:54:58.809] [info] [Ros2BagDataSource]  话题: /os1_cloud_node2/points  类型: sensor_msgs/msg/PointCloud2  消息数: 4286
[13:54:58.809] [info] [Ros2BagDataSource]  话题: /uwb_exorange_info  类型: uwb_driver/msg/UwbEcho  消息数: 2437
[13:54:58.809] [info] [Ros2BagDataSource]  话题: /node_pos_marker_sc  类型: visualization_msgs/msg/Marker  消息数: 2437
[13:54:58.809] [info] [Ros2BagDataSource]  话题: /node_pos_sc  类型: nav_msgs/msg/Path  消息数: 2437
[13:54:58.809] [info] [Ros2BagDataSource]  话题: /leica/pose/relative  类型: geometry_msgs/msg/PoseStamped  消息数: 7679
[13:54:58.809] [info] [Ros2BagDataSource] 将加载 bag 内所有 IMU / LiDAR / 相机话题，加载后可通过 sensor_id 或话题名选择使用
[13:55:00.253] [debug]   收集 IMU [/dji_sdk/imu] 帧数: 5000
[13:55:00.314] [debug]   收集 IMU [/imu/imu] 帧数: 5000
[13:55:01.614] [debug]   收集 IMU [/dji_sdk/imu] 帧数: 10000
[13:55:01.746] [debug]   收集 IMU [/imu/imu] 帧数: 10000
[13:55:02.980] [debug]   收集 IMU [/dji_sdk/imu] 帧数: 15000
[13:55:03.114] [debug]   收集 IMU [/imu/imu] 帧数: 15000
[13:55:04.321] [debug]   收集 LiDAR [/os1_cloud_node1/points] 帧数: 500
[13:55:04.323] [debug]   收集 LiDAR [/os1_cloud_node2/points] 帧数: 500
[13:55:04.329] [debug]   收集相机 [/left/image_raw] 帧数: 500
[13:55:04.333] [debug]   收集相机 [/right/image_raw] 帧数: 500
[13:55:04.334] [debug]   收集 IMU [/dji_sdk/imu] 帧数: 20000
[13:55:04.334] [debug]   收集 IMU [/os1_cloud_node1/imu] 帧数: 5000
[13:55:04.334] [debug]   收集 IMU [/os1_cloud_node2/imu] 帧数: 5000
[13:55:04.590] [debug]   收集 IMU [/imu/imu] 帧数: 20000
[13:55:05.701] [debug]   收集 IMU [/dji_sdk/imu] 帧数: 25000
[13:55:05.948] [debug]   收集 IMU [/imu/imu] 帧数: 25000
[13:55:07.124] [debug]   收集 IMU [/dji_sdk/imu] 帧数: 30000
[13:55:07.456] [debug]   收集 IMU [/imu/imu] 帧数: 30000
[13:55:08.612] [debug]   收集 IMU [/dji_sdk/imu] 帧数: 35000
[13:55:08.993] [debug]   收集 IMU [/imu/imu] 帧数: 35000
[13:55:10.038] [debug]   收集 LiDAR [/os1_cloud_node1/points] 帧数: 1000
[13:55:10.039] [debug]   收集 LiDAR [/os1_cloud_node2/points] 帧数: 1000
[13:55:10.043] [debug]   收集相机 [/left/image_raw] 帧数: 1000
[13:55:10.046] [debug]   收集相机 [/right/image_raw] 帧数: 1000
[13:55:10.046] [debug]   收集 IMU [/dji_sdk/imu] 帧数: 40000
[13:55:10.046] [debug]   收集 IMU [/os1_cloud_node1/imu] 帧数: 10000
[13:55:10.046] [debug]   收集 IMU [/os1_cloud_node2/imu] 帧数: 10000
[13:55:10.422] [debug]   收集 IMU [/imu/imu] 帧数: 40000
[13:55:11.170] [debug]   收集 IMU [/dji_sdk/imu] 帧数: 45000
[13:55:11.360] [debug]   收集 IMU [/imu/imu] 帧数: 45000
[13:55:11.760] [debug]   收集 IMU [/dji_sdk/imu] 帧数: 50000
[13:55:11.939] [debug]   收集 IMU [/imu/imu] 帧数: 50000
[13:55:12.320] [debug]   收集 IMU [/dji_sdk/imu] 帧数: 55000
[13:55:12.839] [debug]   收集 IMU [/imu/imu] 帧数: 55000
[13:55:13.608] [debug]   收集 LiDAR [/os1_cloud_node1/points] 帧数: 1500
[13:55:13.609] [debug]   收集 LiDAR [/os1_cloud_node2/points] 帧数: 1500
[13:55:13.610] [debug]   收集 IMU [/dji_sdk/imu] 帧数: 60000
[13:55:13.614] [debug]   收集相机 [/left/image_raw] 帧数: 1500
[13:55:13.618] [debug]   收集相机 [/right/image_raw] 帧数: 1500
[13:55:13.618] [debug]   收集 IMU [/os1_cloud_node1/imu] 帧数: 15000
[13:55:13.618] [debug]   收集 IMU [/os1_cloud_node2/imu] 帧数: 15000
[13:55:14.157] [debug]   收集 IMU [/imu/imu] 帧数: 60000
[13:55:14.893] [debug]   收集 IMU [/dji_sdk/imu] 帧数: 65000
[13:55:15.502] [debug]   收集 IMU [/imu/imu] 帧数: 65000
[13:55:16.339] [debug]   收集 IMU [/dji_sdk/imu] 帧数: 70000
[13:55:16.968] [debug]   收集 IMU [/imu/imu] 帧数: 70000
[13:55:17.795] [debug]   收集 IMU [/dji_sdk/imu] 帧数: 75000
[13:55:18.584] [debug]   收集 IMU [/imu/imu] 帧数: 75000
[13:55:19.255] [debug]   收集 LiDAR [/os1_cloud_node1/points] 帧数: 2000
[13:55:19.267] [debug]   收集 LiDAR [/os1_cloud_node2/points] 帧数: 2000
[13:55:19.268] [debug]   收集 IMU [/dji_sdk/imu] 帧数: 80000
[13:55:19.268] [debug]   收集 IMU [/os1_cloud_node1/imu] 帧数: 20000
[13:55:19.268] [debug]   收集 IMU [/os1_cloud_node2/imu] 帧数: 20000
[13:55:19.277] [debug]   收集相机 [/left/image_raw] 帧数: 2000
[13:55:19.281] [debug]   收集相机 [/right/image_raw] 帧数: 2000
[13:55:19.784] [debug]   收集 IMU [/imu/imu] 帧数: 80000
[13:55:20.068] [debug]   收集 IMU [/dji_sdk/imu] 帧数: 85000
[13:55:20.368] [debug]   收集 IMU [/imu/imu] 帧数: 85000
[13:55:20.635] [debug]   收集 IMU [/dji_sdk/imu] 帧数: 90000
[13:55:20.977] [debug]   收集 IMU [/imu/imu] 帧数: 90000
[13:55:21.228] [debug]   收集 IMU [/dji_sdk/imu] 帧数: 95000
[13:55:21.544] [debug]   收集 IMU [/imu/imu] 帧数: 95000
[13:55:21.736] [debug]   收集 LiDAR [/os1_cloud_node1/points] 帧数: 2500
[13:55:21.739] [debug]   收集 LiDAR [/os1_cloud_node2/points] 帧数: 2500
[13:55:21.739] [debug]   收集 IMU [/dji_sdk/imu] 帧数: 100000
[13:55:21.739] [debug]   收集 IMU [/os1_cloud_node1/imu] 帧数: 25000
[13:55:21.739] [debug]   收集 IMU [/os1_cloud_node2/imu] 帧数: 25000
[13:55:21.742] [debug]   收集相机 [/left/image_raw] 帧数: 2500
[13:55:21.743] [debug]   收集相机 [/right/image_raw] 帧数: 2500
[13:55:22.137] [debug]   收集 IMU [/imu/imu] 帧数: 100000
[13:55:22.413] [debug]   收集 IMU [/dji_sdk/imu] 帧数: 105000
[13:55:22.784] [debug]   收集 IMU [/imu/imu] 帧数: 105000
[13:55:23.040] [debug]   收集 IMU [/dji_sdk/imu] 帧数: 110000
[13:55:23.516] [debug]   收集 IMU [/imu/imu] 帧数: 110000
[13:55:23.670] [debug]   收集 IMU [/dji_sdk/imu] 帧数: 115000
[13:55:24.127] [debug]   收集 IMU [/imu/imu] 帧数: 115000
[13:55:24.303] [debug]   收集 LiDAR [/os1_cloud_node1/points] 帧数: 3000
[13:55:24.308] [debug]   收集 LiDAR [/os1_cloud_node2/points] 帧数: 3000
[13:55:24.309] [debug]   收集 IMU [/dji_sdk/imu] 帧数: 120000
[13:55:24.312] [debug]   收集 IMU [/os1_cloud_node1/imu] 帧数: 30000
[13:55:24.312] [debug]   收集 IMU [/os1_cloud_node2/imu] 帧数: 30000
[13:55:24.315] [debug]   收集相机 [/left/image_raw] 帧数: 3000
[13:55:24.316] [debug]   收集相机 [/right/image_raw] 帧数: 3000
[13:55:24.766] [debug]   收集 IMU [/imu/imu] 帧数: 120000
[13:55:24.905] [debug]   收集 IMU [/dji_sdk/imu] 帧数: 125000
[13:55:25.279] [debug]   收集 IMU [/imu/imu] 帧数: 125000
[13:55:25.436] [debug]   收集 IMU [/dji_sdk/imu] 帧数: 130000
[13:55:25.915] [debug]   收集 IMU [/imu/imu] 帧数: 130000
[13:55:26.038] [debug]   收集 IMU [/dji_sdk/imu] 帧数: 135000
[13:55:26.681] [debug]   收集 IMU [/imu/imu] 帧数: 135000
[13:55:26.861] [debug]   收集 LiDAR [/os1_cloud_node1/points] 帧数: 3500
[13:55:26.862] [debug]   收集 LiDAR [/os1_cloud_node2/points] 帧数: 3500
[13:55:26.864] [debug]   收集 IMU [/dji_sdk/imu] 帧数: 140000
[13:55:26.865] [debug]   收集 IMU [/os1_cloud_node1/imu] 帧数: 35000
[13:55:26.865] [debug]   收集 IMU [/os1_cloud_node2/imu] 帧数: 35000
[13:55:26.868] [debug]   收集相机 [/left/image_raw] 帧数: 3500
[13:55:26.869] [debug]   收集相机 [/right/image_raw] 帧数: 3500
[13:55:27.283] [debug]   收集 IMU [/imu/imu] 帧数: 140000
[13:55:27.367] [debug]   收集 IMU [/dji_sdk/imu] 帧数: 145000
[13:55:27.828] [debug]   收集 IMU [/imu/imu] 帧数: 145000
[13:55:27.887] [debug]   收集 IMU [/dji_sdk/imu] 帧数: 150000
[13:55:28.399] [debug]   收集 IMU [/imu/imu] 帧数: 150000
[13:55:28.445] [debug]   收集 IMU [/dji_sdk/imu] 帧数: 155000
[13:55:29.165] [debug]   收集 IMU [/imu/imu] 帧数: 155000
[13:55:29.214] [debug]   收集 LiDAR [/os1_cloud_node1/points] 帧数: 4000
[13:55:29.215] [debug]   收集 LiDAR [/os1_cloud_node2/points] 帧数: 4000
[13:55:29.216] [debug]   收集 IMU [/dji_sdk/imu] 帧数: 160000
[13:55:29.217] [debug]   收集 IMU [/os1_cloud_node1/imu] 帧数: 40000
[13:55:29.217] [debug]   收集 IMU [/os1_cloud_node2/imu] 帧数: 40000
[13:55:29.219] [debug]   收集相机 [/left/image_raw] 帧数: 4000
[13:55:29.220] [debug]   收集相机 [/right/image_raw] 帧数: 4000
[13:55:29.975] [debug]   收集 IMU [/imu/imu] 帧数: 160000
[13:55:29.986] [debug]   收集 IMU [/dji_sdk/imu] 帧数: 165000
[13:55:30.752] [debug]   收集 IMU [/imu/imu] 帧数: 165000
[13:55:30.753] [debug]   收集 IMU [/dji_sdk/imu] 帧数: 170000
[13:55:30.959] [info] [Ros2BagDataSource] 加载完成 (所有话题按话题名存储，可通过 sensor_id 或话题名选择):
[13:55:30.959] [info]   LiDAR [/os1_cloud_node1/points]: 4287 帧
[13:55:30.959] [info]   LiDAR [/os1_cloud_node2/points]: 4286 帧
[13:55:30.959] [info]   相机 [/left/image_raw]: 4285 帧
[13:55:30.959] [info]   相机 [/right/image_raw]: 4285 帧
[13:55:30.959] [info]   IMU [/dji_sdk/imu]: 171462 帧
[13:55:30.959] [info]   IMU [/imu/imu]: 166428 帧
[13:55:30.959] [info]   IMU [/os1_cloud_node1/imu]: 42862 帧
[13:55:30.959] [info]   IMU [/os1_cloud_node2/imu]: 42862 帧
[13:55:30.959] [info]   选用 LiDAR  lidar_front -> /os1_cloud_node1/points
[13:55:30.959] [info]   选用 相机  cam_left -> /left/image_raw
[13:55:30.959] [info]   选用 IMU    imu_0 -> /imu/imu
[13:55:30.960] [info]   时间范围: 1609045331.127 - 1609045759.771 秒
[13:55:30.960] [info] [Ros2BagDataSource] 应用采样/帧数限制...
[13:55:31.010] [info]   LiDAR /os1_cloud_node1/points 采样后: 800 帧
[13:55:31.031] [info]   LiDAR /os1_cloud_node2/points 采样后: 800 帧
[13:55:31.063] [info]   相机 /left/image_raw 采样后: 800 帧
[13:55:31.096] [info]   相机 /right/image_raw 采样后: 800 帧
[13:55:31.101] [info] [Fine-Auto/LiDAR-Cam] LiDAR 加载完成: 800 帧 (将按相机逐路取帧)
[13:55:31.102] [info] 读取相机内参: ./results/camera_intrinsic/camera_intrinsic_cam_left.yaml
[13:55:31.104] [info]   fx=384.00 fy=384.00 cx=376.00 cy=240.00 dist=4
[13:55:31.104] [info] [Fine-Auto/LiDAR-Cam] 步骤: LiDAR-Camera 标定 相机=cam_left (方法: 边缘对齐)
[13:55:31.109] [info] [CalibVisualizer] 初始化完成
[13:55:31.109] [info] [Fine-Auto/LiDAR-Cam] 可视化已启用：仅标定结束后显示一帧「图像+点云投影」叠加，不创建 3D 窗口、不泵送其他帧
[13:55:31.110] [info] [Fine-Auto/LiDAR-Cam] 使用粗标定初值 t=[0.000,0.000,0.000]m
[13:55:31.110] [info] [Fine-Auto/LiDAR-Cam] 执行标定 相机=cam_left: 点云 800 帧  图像 800 帧
[13:55:31.110] [info] ╔══════════════════════════════════════════════════════════════════╗
[13:55:31.110] [info] ║         LiDAR-Camera 两阶段标定 - 详细日志                  ║
[13:55:31.110] [info] ╚══════════════════════════════════════════════════════════════════╝
[13:55:31.110] [info] ┌────────────────────────────────────────────────────────────────┐
[13:55:31.110] [info] │ 输入参数:
[13:55:31.110] [info] │   - LiDAR ID: lidar_front  图像 ID: cam_left
[13:55:31.110] [info] │   - 点云帧数: 800  图像帧数: 800
[13:55:31.110] [info] │   - 图像尺寸: 752x480
[13:55:31.110] [info] │   - 相机内参: fx=384.00 fy=384.00 cx=376.00 cy=240.00
[13:55:31.110] [info] │   - 优先无目标方法: 是(边缘对齐)
[13:55:31.110] [info] │   - 粗标定初值: 已提供
[13:55:31.110] [info] │   - 初始平移: [0.0000, 0.0000, 0.0000] m
[13:55:31.110] [info] └────────────────────────────────────────────────────────────────┘
[13:55:31.110] [info] 
[13:55:31.110] [info] ┌────────────────────────────────────────────────────────────────┐
[13:55:31.110] [info] │ [Stage 1] 粗标定阶段
[13:55:31.110] [info] └────────────────────────────────────────────────────────────────┘
[13:55:31.111] [info] │ [Coarse] 使用提供的初始值:
[13:55:31.111] [info] │   - 平移向量: [0.0000, 0.0000, 0.0000] m
[13:55:31.111] [info] │   - 旋转角度: [-0.00, 0.00, -0.00] deg (RPY)
[13:55:31.111] [info] │   - 变换范数: 0.0000
[13:55:31.111] [info] └────────────────────────────────────────────────────────────────┘
[13:55:31.111] [info] 
[13:55:31.111] [info] ┌────────────────────────────────────────────────────────────────┐
[13:55:31.111] [info] │ [Stage 2] 精标定阶段
[13:55:31.111] [info] └────────────────────────────────────────────────────────────────┘
[13:55:31.111] [info] │ [Fine] 执行边缘对齐优化...
[13:55:31.111] [info] │ 配置: NCC阈值=0.050 帧同步阈值=0.500s 时间偏移搜索范围=±0.500s
[13:55:31.112] [info] ┌────────────────────────────────────────────────────────────────┐
[13:55:31.112] [info] │ [精标定] 边缘对齐法 (Edge Alignment)                        │
[13:55:31.112] [info] ├────────────────────────────────────────────────────────────────┤
[13:55:31.112] [info] │ 初始值: identity (identity=true)
[13:55:31.112] [info] │ 数据: 点云帧=800 图像帧=800 采样=30 尺寸=752x480
[13:55:31.112] [info] │ 时间: 图像[1609045331.179-1609045730.796]s LiDAR[1609045331.148-1609045730.640]s
[13:55:31.112] [info] │ 配置: 同步阈值=0.500s 边缘Canny(50, 150) NCC阈值=0.050
[13:55:31.112] [info] │ 特征权重: edge=0.50 corner=0.30 intensity=0.20
[13:55:31.112] [info] └────────────────────────────────────────────────────────────────┘
[13:55:31.525] [info] │ [时间偏移搜索] 最佳偏移=+0.0000s 最佳NCC=-1000000000.0000
[13:55:31.543] [info]   [精标定] 有效帧数=0 (<3)  当前阈值=0.050  候选帧最大NCC=-1000000000.0000
[13:55:31.543] [info]   [精标定] 最大NCC=-1000000000.0000 未超过放宽阈值 0.000，不进行放宽重试
[13:55:31.543] [warning]   [精标定] 检测到异常 NCC 值(占位 -1e9)，部分候选帧投影/边缘失败已排除；建议检查 LiDAR/相机 FOV、时间同步与内参
[13:55:31.543] [info]   初值 NCC=N/A(无有效帧)  有效帧数=0  (候选帧数=30  NCC范围=[-1000000000.0000,-1000000000.0000] 均值=-1000000000.0000)
[13:55:31.543] [warning]   [精标定] 有效帧不足  有效帧数=0  候选帧数=30  NCC阈值=0.050  最大NCC=-1000000000.0000  → 跳过 Ceres，返回初值
[13:55:31.543] [warning]   诊断: 投影与图像边缘重叠不足(NCC 均<=阈值)。建议: 1) 查看 [MIAS-LCEC]/[PnP] 粗标定是否给出非 identity 2) 确认 LiDAR/相机 FOV 与时间同步 3) 检查内参 width/height 与图像一致
[13:55:31.543] [info] │
[13:55:31.543] [info] │ ★ 标定结果:
[13:55:31.543] [info] │   - 平移: [0.0000, 0.0000, 0.0000] m
[13:55:31.543] [info] │   - RMS: 1.0000 px
[13:55:31.543] [info] │   - 收敛: 否
[13:55:31.543] [info] └────────────────────────────────────────────────────────────────┘
[13:55:31.548] [info] [Fine-Auto] 结果已保存: ./results/lidar_cam_cam_left_extrinsic.yaml
[13:55:31.548] [info] [Viz] 即将生成投影图并保存到 ./results/lidar_cam_cam_left_projection.png
[13:55:31.556] [info] 投影可视化保存: ./results/lidar_cam_cam_left_projection.png
[13:55:31.556] [info] [Viz] 投影图已保存（当前未将结果点云回显到 3D 窗口，仅保存 PNG）
[13:55:31.556] [info] [Fine-Auto/LiDAR-Cam] 相机 cam_left 完成, RMS=1.0000 px  收敛=否
[13:55:31.556] [warning] [Fine-Auto/LiDAR-Cam] 精标定未收敛 (NCC 未达 0.3 或 RMS 偏高)，建议: 1) 确保粗标定提供非 identity 初值 2) 检查 LiDAR/相机 FOV 与时间同步 3) 查看上方 [精标定] 质量结论与 NCC 统计
[13:55:31.556] [info] [Viz/Display] 即将关闭可视化窗口 原因=用户关闭或流程结束 pangolin_running=false
[13:55:31.557] [info] [Fine-Auto/LiDAR-Cam] 精标定完成: 1 个相机  最大 RMS=1.0000 px
[13:55:31.557] [info] [STAGE=lidar_cam_fine_auto] LiDAR-Camera 精标定 完成
[13:55:31.557] [info] [Fine-Auto/LiDAR-Cam] RMS 阈值=2.00 px  最大 RMS=1.0000 px  在阈值内
[13:55:31.761] [info] ━━━━━━━━━━━━━━━━━━━━━━━━━━━━━━━━━━━━━━━━━
[13:55:31.761] [info] ■ 结束阶段: [Fine-Auto] 任务: [lidar_cam_extrin]
[13:55:31.761] [info]   结果: ✓ 成功 | 残差RMS: 1.0000 | 耗时: 32965 ms
[13:55:31.761] [info]   消息: LiDAR-Camera 精标定完成: 1 个相机, 最大 RMS=1.000000 px
[13:55:31.761] [info] [CALC] 阶段结束 stage=Fine-Auto task=lidar_cam_extrin success=true residual_rms=1.000000 elapsed_ms=32760.5 threshold=2.0000
[13:55:31.761] [info] ━━━━━━━━━━━━━━━━━━━━━━━━━━━━━━━━━━━━━━━━━
[13:55:31.761] [info] ====== Pipeline Report: pipeline_20260408_135432 ======
[13:55:31.761] [info]   Total time: 32760.5 ms
[13:55:31.761] [info]   All stages succeeded: YES
[13:55:31.761] [info]   标定质量: 各阶段 RMS 均在阈值内
[13:55:31.761] [info]   [Coarse-AI-lidar_cam_extrin] success=true rms=0.0000 time=0.0ms: 使用主程序 Stage1 粗标定结果，作为精标定初值
[13:55:31.761] [info]   [Fine-Auto-lidar_cam_extrin] success=true rms=1.0000 time=32760.5ms: LiDAR-Camera 精标定完成: 1 个相机, 最大 RMS=1.000000 px

╔══════════════════════════════════════════════════════╗
║              标定参数汇总                            ║
╠══════════════════════════════════════════════════════╣
║ 外参:
║   lidar_front->cam_left:
║     R(RPY°): [0.00, 0.00, 0.00]
║     T(m):    [0.00, 0.00, 0.00]
║     时偏(s): 0.00
║     RMS:     1.00 ✗
╚══════════════════════════════════════════════════════╝

[13:55:31.761] [info] ================================
[13:55:31.761] [info] Pipeline report saved: ./results/pipeline_report_20260408_135432.yaml
[13:55:31.761] [info] ====== Pipeline Report: pipeline_20260408_135432 ======
[13:55:31.761] [info]   Total time: 32760.5 ms
[13:55:31.761] [info]   All stages succeeded: YES
[13:55:31.761] [info]   标定质量: 各阶段 RMS 均在阈值内
[13:55:31.761] [info]   [Coarse-AI-lidar_cam_extrin] success=true rms=0.0000 time=0.0ms: 使用主程序 Stage1 粗标定结果，作为精标定初值
[13:55:31.761] [info]   [Fine-Auto-lidar_cam_extrin] success=true rms=1.0000 time=32760.5ms: LiDAR-Camera 精标定完成: 1 个相机, 最大 RMS=1.000000 px

╔══════════════════════════════════════════════════════╗
║              标定参数汇总                            ║
╠══════════════════════════════════════════════════════╣
║ 外参:
║   lidar_front->cam_left:
║     R(RPY°): [0.00, 0.00, 0.00]
║     T(m):    [0.00, 0.00, 0.00]
║     时偏(s): 0.00
║     RMS:     1.00 ✗
╚══════════════════════════════════════════════════════╝

[13:55:31.761] [info] ================================
[13:55:31.762] [info] ━━━━━━━━━━━━━━━━━━━━━━━━━━━━━━━━━━━━
[13:55:31.762] [info] LiDAR-Camera 标定流程完成
[13:55:31.762] [info] 结果目录: ./results
[13:55:31.762] [info] 标定流程正常退出 exit_code=0
[13:55:31.762] [info] ━━━━━━━━━━━━━━━━━━━━━━━━━━━━━━━━━━━━
