
 ╔═══════════════════════════════════════════════════════╗
 ║   UniCalib — LiDAR-Camera 外参标定                    ║
 ║   两阶段: AI粗标定(MIAS-LCEC) → 无目标边缘精标定      ║
 ║   手动校准: --manual 触发 6-DOF 交互式调整             ║
 ╚═══════════════════════════════════════════════════════╝

[2026-04-21 16:54:06.457] [info] [LiDAR-Camera] [:] ━━━━━━━━━━━━━━━━━━━━━━━━━━━━━━━━━━━━
[2026-04-21 16:54:06.457] [info] [LiDAR-Camera] [:] 配置文件: /root/calib_ws/calib_unified/config/unicalib_example.yaml
[2026-04-21 16:54:06.457] [info] [LiDAR-Camera] [:] 输出目录: /root/calib_ws/results
[2026-04-21 16:54:06.457] [info] [LiDAR-Camera] [:] 数据根目录: /root/calib_ws/data (--data-dir 或 CALIB_DATA_DIR)
[2026-04-21 16:54:06.457] [info] [LiDAR-Camera] [:] 精标定方法: edge (无目标优先=true)
[2026-04-21 16:54:06.457] [info] [LiDAR-Camera] [:] AI粗标定: true | 手动校准: true
[2026-04-21 16:54:06.457] [info] [LiDAR-Camera] [:] ━━━━━━━━━━━━━━━━━━━━━━━━━━━━━━━━━━━━
[2026-04-21 16:54:06.458] [info] [LiDAR-Camera] [:] 读取系统配置: /root/calib_ws/calib_unified/config/unicalib_example.yaml
[2026-04-21 16:54:06.459] [info] [LiDAR-Camera] [:]   IMU: 0, LiDAR: 1, Camera: 1
[2026-04-21 16:54:06.459] [info] [LiDAR-Camera] [:] ━━━━━━━━━━━━━━━━━━━━━━━━━━━━━━━━━━━━ [数据路径] ━━━━━━━━━━━━━━━━━━━━━━━━━━━━━
[2026-04-21 16:54:06.459] [info] [LiDAR-Camera] [:]   数据路径来源: 统一格式 (data.lidar.<id> / data.camera.<id>.images_dir)
[2026-04-21 16:54:06.459] [info] [LiDAR-Camera] [:]   配置原始值 — lidar:  null
[2026-04-21 16:54:06.459] [info] [LiDAR-Camera] [:]   配置原始值 — camera: null
[2026-04-21 16:54:06.459] [info] [LiDAR-Camera] [:]   base_data_dir:  /root/calib_ws/data
[2026-04-21 16:54:06.459] [info] [LiDAR-Camera] [:]   base 来源: 命令行 --data-dir
[2026-04-21 16:54:06.459] [info] [LiDAR-Camera] [:]   lidar_dir:      /root/calib_ws/data/null
[2026-04-21 16:54:06.459] [info] [LiDAR-Camera] [:]     → 相对路径，已与 base 拼接
[2026-04-21 16:54:06.459] [info] [LiDAR-Camera] [:]     → 存在: 是
[2026-04-21 16:54:06.459] [info] [LiDAR-Camera] [:]   camera_dir:     /root/calib_ws/data/null
[2026-04-21 16:54:06.459] [info] [LiDAR-Camera] [:]     → 相对路径，已与 base 拼接
[2026-04-21 16:54:06.459] [info] [LiDAR-Camera] [:]     → 存在: 是
[2026-04-21 16:54:06.459] [info] [LiDAR-Camera] [:]   【数据就绪】是 — 点云与图像目录均存在，将执行精标定
[2026-04-21 16:54:06.459] [info] [LiDAR-Camera] [:]   说明: 使用 --dataset 时请将 data.lidar/data.camera 设为相对 base 的路径（如 pcd、images），不要使用 /path/to/... 占位符
[2026-04-21 16:54:06.459] [info] [LiDAR-Camera] [:] ━━━━━━━━━━━━━━━━━━━━━━━━━━━━━━━━━━━━━━━━━━━━━━━━━━━━━━━━━━━━━━━━━━━━━━━━━━━━
[2026-04-21 16:54:06.459] [info] [LiDAR-Camera] [:] 读取系统配置: /root/calib_ws/calib_unified/config/unicalib_example.yaml
[2026-04-21 16:54:06.460] [info] [LiDAR-Camera] [:]   IMU: 0, LiDAR: 1, Camera: 1
[2026-04-21 16:54:06.460] [info] [LiDAR-Camera] [:] 读取系统配置: /root/calib_ws/calib_unified/config/unicalib_example.yaml
[2026-04-21 16:54:06.461] [info] [LiDAR-Camera] [:]   IMU: 0, LiDAR: 1, Camera: 1
[2026-04-21 16:54:06.461] [info] [LiDAR-Camera] [:] 配置: 使用 ROS2 bag 模式（离线标定）
[2026-04-21 16:54:06.461] [info] [LiDAR-Camera] [:]   Bag 路径: /root/calib_ws/data/Koide/ouster/rosbag2_2023_03_28-16_25_54_fixed
[2026-04-21 16:54:06.461] [info] [LiDAR-Camera] [:]   LiDAR 话题: /points
[2026-04-21 16:54:06.461] [info] [LiDAR-Camera] [:]   相机话题: /image
[2026-04-21 16:54:06.461] [info] [LiDAR-Camera] [:]   IMU 话题: (未设置)
[2026-04-21 16:54:06.461] [info] [LiDAR-Camera] [:] [数据源] 类型=ROS2_BAG  path=/root/calib_ws/data/Koide/ouster/rosbag2_2023_03_28-16_25_54_fixed  lidar_topic=/points  camera_topic=/image
[2026-04-21 16:54:06.461] [info] [LiDAR-Camera] [:] [CalibPipeline] 初始化 ID=pipeline_20260421_165406
[2026-04-21 16:54:06.461] [info] [LiDAR-Camera] [:] [CalibPipeline] 输出目录: ./results
[2026-04-21 16:54:06.461] [info] [LiDAR-Camera] [:] [CalibPipeline] 无目标优先: true
[2026-04-21 16:54:06.461] [info] [LiDAR-Camera] [:] [CalibPipeline] 任务掩码: 0x10
[2026-04-21 16:54:06.461] [info] [LiDAR-Camera] [:] ▶ Stage 1: AI 粗标定 (MIAS-LCEC)
[2026-04-21 16:54:06.461] [info] [LiDAR-Camera] [:]   模型路径: /root/calib_ws/MIAS-LCEC (粗标定使用 pretrained_overlap_transformer.pth.tar)
[2026-04-21 16:54:07.282] [info] [LiDAR-Camera] [:] [AI-Calib] DM-Calib 配置的 Python 无 torch，改用已装 torch 的 Python: python3
[2026-04-21 16:54:07.282] [info] [LiDAR-Camera] [:] [AI-Calib] ===== AI 模型可用性检查 =====
[2026-04-21 16:54:07.282] [info] [LiDAR-Camera] [:] [DM-Calib] 可用性检查 失败 原因=推理脚本不存在 路径=/root/calib_ws/DM-Calib/DMCalib/tools/infer_unicalib.py
[2026-04-21 16:54:07.282] [info] [LiDAR-Camera] [:]   DM-Calib (相机内参):      ✗ 不可用
[2026-04-21 16:54:07.282] [info] [LiDAR-Camera] [:]   MIAS-LCEC (LiDAR-Cam):   ✓ 可用
[2026-04-21 16:54:07.282] [info] [LiDAR-Camera] [:] [TransformerIMU] 不可用: 脚本不存在 script=/root/calib_ws/Transformer-IMU-Calibrator/eval_unicalib.py
[2026-04-21 16:54:07.282] [info] [LiDAR-Camera] [:]   Transformer-IMU (IMU内参): ✗ 不可用
[2026-04-21 16:54:07.282] [info] [LiDAR-Camera] [:]   L2Calib (IMU-LiDAR):     ✗ 不可用
[2026-04-21 16:54:07.282] [info] [LiDAR-Camera] [:] [AI-Calib] ================================
[2026-04-21 16:54:07.282] [info] [LiDAR-Camera] [:]   [Stage 1] MIAS-LCEC 可用: 是 (粗标定支持: 1) 指定 coarse_pcd_file/coarse_image_file 2) 从当前数据源取首帧，同相机内参)
[2026-04-21 16:54:07.283] [info] [LiDAR-Camera] [:]   内参: fx=0.0 fy=0.0 cx=0.0 cy=0.0 尺寸=2448x2048 (来自 /root/calib_ws/data/Koide/ouster/camera_intrinsic_cam_0.yaml)
[2026-04-21 16:54:07.283] [info] [LiDAR-Camera] [:]   [Stage 1] 粗标定输入来源: 从 ROS2 数据源取首帧 (max_frames=2, lidar_id=lidar_0)
[2026-04-21 16:54:07.283] [info] [LiDAR-Camera] [:] [UnifiedDataLoader] 从 ROS2 加载数据...
[2026-04-21 16:54:07.283] [info] [LiDAR-Camera] [:]   Bag 文件: /root/calib_ws/data/Koide/ouster/rosbag2_2023_03_28-16_25_54_fixed
[2026-04-21 16:54:07.283] [info] [LiDAR-Camera] [:]   实时模式: false
[2026-04-21 16:54:07.283] [info] [LiDAR-Camera] [:] [Ros2BagDataSource] 打开 bag 文件: /root/calib_ws/data/Koide/ouster/rosbag2_2023_03_28-16_25_54_fixed
[2026-04-21 16:54:07.283] [info] [LiDAR-Camera] [:] [Ros2BagDataSource] 正在读取 metadata.yaml: /root/calib_ws/data/Koide/ouster/rosbag2_2023_03_28-16_25_54_fixed/metadata.yaml
[2026-04-21 16:54:07.283] [info] [LiDAR-Camera] [:] [Ros2BagDataSource] 使用配置的 LiDAR 话题: /points
[2026-04-21 16:54:07.283] [info] [LiDAR-Camera] [:] [Ros2BagDataSource] 使用配置的相机话题: /image
[2026-04-21 16:54:07.283] [info] [LiDAR-Camera] [:] [Ros2BagDataSource] 使用配置的 IMU 话题 (来自 sensors): 
[INFO] [1776761647.284874610] [rosbag2_storage]: Opened database '/root/calib_ws/data/Koide/ouster/rosbag2_2023_03_28-16_25_54_fixed/rosbag2_2023_03_28-16_25_54_fixed_0.db3' for READ_ONLY.
[2026-04-21 16:54:07.284] [info] [LiDAR-Camera] [:] [Ros2BagDataSource] Bag 已打开，开始读取消息...
[2026-04-21 16:54:07.284] [info] [LiDAR-Camera] [:] [Ros2BagDataSource] 找到 3 个话题
[2026-04-21 16:54:07.284] [info] [LiDAR-Camera] [:] [Ros2BagDataSource]  话题: /camera_info  类型: sensor_msgs/msg/CameraInfo  消息数: 58
[2026-04-21 16:54:07.284] [info] [LiDAR-Camera] [:] [Ros2BagDataSource]  话题: /image  类型: sensor_msgs/msg/Image  消息数: 58
[2026-04-21 16:54:07.284] [info] [LiDAR-Camera] [:] [Ros2BagDataSource]  话题: /points  类型: sensor_msgs/msg/PointCloud2  消息数: 291
[2026-04-21 16:54:07.284] [info] [LiDAR-Camera] [:] [Ros2BagDataSource] 将加载 bag 内所有 IMU / LiDAR / 相机话题，加载后可通过 sensor_id 或话题名选择使用
[2026-04-21 16:54:08.144] [info] [LiDAR-Camera] [:] [Ros2BagDataSource] 加载完成 (所有话题按话题名存储，可通过 sensor_id 或话题名选择):
[2026-04-21 16:54:08.144] [info] [LiDAR-Camera] [:]   LiDAR [/points]: 291 帧
[2026-04-21 16:54:08.144] [info] [LiDAR-Camera] [:]   相机 [/image]: 58 帧
[2026-04-21 16:54:08.144] [info] [LiDAR-Camera] [:]   选用 LiDAR  lidar_0 -> /points
[2026-04-21 16:54:08.144] [info] [LiDAR-Camera] [:]   选用 相机  cam_0 -> /image
[2026-04-21 16:54:08.144] [info] [LiDAR-Camera] [:]   时间范围: 1743.854 - 1772.955 秒
[2026-04-21 16:54:08.144] [info] [LiDAR-Camera] [:] [Ros2BagDataSource] 应用采样/帧数限制...
[2026-04-21 16:54:08.144] [info] [LiDAR-Camera] [:]   LiDAR /points 采样后: 2 帧
[2026-04-21 16:54:08.154] [info] [LiDAR-Camera] [:]   相机 /image 采样后: 2 帧
[2026-04-21 16:54:08.154] [info] [LiDAR-Camera] [:]   [Stage 1] ROS2 加载结果: LiDAR 2 帧  相机 2 帧 (sensor_id=cam_0)
[2026-04-21 16:54:08.379] [info] [LiDAR-Camera] [:]   [Stage 1] 已写入首帧到: PCD=./results/coarse_input/coarse_first.pcd  image=./results/coarse_input/coarse_first.png (ASCII PCD 供 Python 兼容)
[2026-04-21 16:54:08.379] [info] [LiDAR-Camera] [:]   [Stage 1] 内参未配置，从首帧推断: 2448x2048  fx=1958.4  cx=1224.0  cy=1024.0
[2026-04-21 16:54:08.385] [info] [LiDAR-Camera] [:]   [Stage 1] 标定对: lidar_id=lidar_0  camera_id=cam_0
[2026-04-21 16:54:08.385] [info] [LiDAR-Camera] [:]   [Stage 1] 调用粗标定: pcd=./results/coarse_input/coarse_first.pcd  image=./results/coarse_input/coarse_first.png 内参: fx=1958.4 尺寸=2448x2048
[2026-04-21 16:54:08.385] [info] [LiDAR-Camera] [:] [AI-Calib] LiDAR-Cam 粗估 (MIAS-LCEC) lidar_0→cam_0
[2026-04-21 16:54:08.385] [info] [LiDAR-Camera] [:] [MIAS-LCEC] 仓库: /root/calib_ws/calib_unified 脚本: scripts/run_lidar_cam_coarse.py 实际传入模型路径: /root/calib_ws/MIAS-LCEC/model/mobile_sam.pt
[2026-04-21 16:54:08.385] [info] [LiDAR-Camera] [:] [MIAS-LCEC] 子进程 Python: python3 (已绕过 wrapper)
[2026-04-21 16:54:08.385] [info] [LiDAR-Camera] [:] [MIAS-LCEC] 粗标定尝试 1/2  (首次), 超时=180s
[2026-04-21 16:54:08.385] [info] [LiDAR-Camera] [:] [MIAS-LCEC] 执行命令 (python3+PYTHONPATH): python3 /root/calib_ws/calib_unified/scripts/run_lidar_cam_coarse.py --pcd ./results/coarse_input/coarse_first.pcd --image ./results/coarse_input/coarse_first.png --sensor_config /tmp/mias_work/sensor_config.yaml --output_dir /tmp/mias_work/output --quality-ncc-good 0.300000 --quality-ncc-acceptable 0.200000 --quality-rms-good-px 2.000000 --quality-rms-acceptable-px 5.000000 --quality-inlier-ratio-good 0.600000 --quality-inlier-ratio-acceptable 0.400000 --model_path /root/calib_ws/MIAS-LCEC/model/mobile_sam.pt --mias_repo /root/calib_ws/calib_unified --no-require-model
[2026-04-21 16:54:08.469] [info] [LiDAR-Camera] [:] [MIAS-LCEC] 子进程: [2026-04-21 16:54:08.469] [INFO] 环境: numpy=2.2.6
[2026-04-21 16:54:08.469] [info] [LiDAR-Camera] [:] [MIAS-LCEC] 子进程: [2026-04-21 16:54:08.469] [INFO] ======== 粗标定开始 ========
[2026-04-21 16:54:08.469] [info] [LiDAR-Camera] [:] [MIAS-LCEC] 子进程: [2026-04-21 16:54:08.469] [INFO] 输入: pcd=./results/coarse_input/coarse_first.pcd  image=./results/coarse_input/coarse_first.png  sensor_config=/tmp/mias_work/sensor_config.yaml  output_dir=/tmp/mias_work/output
[2026-04-21 16:54:08.469] [info] [LiDAR-Camera] [:] [MIAS-LCEC] 子进程: [2026-04-21 16:54:08.469] [INFO] [步骤 1/4] 读取 sensor_config...
[2026-04-21 16:54:08.477] [info] [LiDAR-Camera] [:] [MIAS-LCEC] 子进程: [2026-04-21 16:54:08.477] [INFO] 读取 sensor_config: /tmp/mias_work/sensor_config.yaml
[2026-04-21 16:54:08.478] [info] [LiDAR-Camera] [:] [MIAS-LCEC] 子进程: [2026-04-21 16:54:08.478] [INFO] 相机内参: fx=1958.40 fy=1958.40 cx=1224.00 cy=1024.00 width=2448 height=2048
[2026-04-21 16:54:08.479] [info] [LiDAR-Camera] [:] [MIAS-LCEC] 子进程: [2026-04-21 16:54:08.479] [INFO] [步骤 2/4] 读取 PCD...
[2026-04-21 16:54:08.497] [info] [LiDAR-Camera] [:] [MIAS-LCEC] 子进程: [2026-04-21 16:54:08.497] [INFO] PCD 加载方式: ASCII (优先，避免 Open3D/NumPy 2.x 兼容问题)  路径=./results/coarse_input/coarse_first.pcd
[2026-04-21 16:54:08.497] [info] [LiDAR-Camera] [:] [MIAS-LCEC] 子进程: [2026-04-21 16:54:08.497] [INFO] 点云规模: 19555 点  范围 X[-54.20, 34.61] Y[-37.07, 54.16] Z[-4.17, 20.88]
[2026-04-21 16:54:08.498] [info] [LiDAR-Camera] [:] [MIAS-LCEC] 子进程: [2026-04-21 16:54:08.498] [INFO] [步骤 2/4] PCD 读取完成  点数=19555
[2026-04-21 16:54:08.498] [info] [LiDAR-Camera] [:] [MIAS-LCEC] 子进程: [2026-04-21 16:54:08.498] [INFO] [步骤 3/4] 读取图像 (优先 Pillow，避免 NumPy 2.x 下 cv2 崩溃)...
[2026-04-21 16:54:08.599] [info] [LiDAR-Camera] [:] [MIAS-LCEC] 子进程: [2026-04-21 16:54:08.599] [INFO] 图像加载: Pillow  路径=./results/coarse_input/coarse_first.png  尺寸=2448x2048 (避免 NumPy 2.x 下 cv2 崩溃)
[2026-04-21 16:54:08.600] [info] [LiDAR-Camera] [:] [MIAS-LCEC] 子进程: [2026-04-21 16:54:08.600] [INFO] [步骤 3/4] 图像读取完成  尺寸=2448x2048
[2026-04-21 16:54:08.600] [info] [LiDAR-Camera] [:] [MIAS-LCEC] 子进程: [2026-04-21 16:54:08.600] [INFO] [粗标定] ===== 尝试深度模型推理 =====
[2026-04-21 16:54:08.600] [info] [LiDAR-Camera] [:] [MIAS-LCEC] 子进程: [2026-04-21 16:54:08.600] [INFO] [粗标定] 配置: model_path=/root/calib_ws/MIAS-LCEC/model/mobile_sam.pt
[2026-04-21 16:54:08.600] [info] [LiDAR-Camera] [:] [MIAS-LCEC] 子进程: [2026-04-21 16:54:08.600] [INFO] [粗标定] 配置: mias_repo=/root/calib_ws/calib_unified
[2026-04-21 16:54:08.600] [info] [LiDAR-Camera] [:] [MIAS-LCEC] 子进程: [2026-04-21 16:54:08.600] [INFO] [粗标定] require_model=False
[2026-04-21 16:54:08.600] [info] [LiDAR-Camera] [:] [MIAS-LCEC] 子进程: [2026-04-21 16:54:08.600] [INFO] [粗标定] mias_lcec_infer 导入成功
[2026-04-21 16:54:08.600] [info] [LiDAR-Camera] [:] [MIAS-LCEC] 子进程: [2026-04-21 16:54:08.600] [INFO] [粗标定] 开始调用深度模型推理...
[2026-04-21 16:54:08.600] [info] [LiDAR-Camera] [:] [MIAS-LCEC] 子进程: [2026-04-21 16:54:08.600] [INFO] [粗标定] 输入: pcd=./results/coarse_input/coarse_first.pcd image=./results/coarse_input/coarse_first.png
[2026-04-21 16:54:08.600] [info] [LiDAR-Camera] [:] [MIAS-LCEC] 子进程: [MIAS_LCEC_INFER 2026-04-21 16:54:08.600] [WARNING] [MIAS-LCEC 推理] 未使用深度模型: 模型文件不存在或未配置 model_path=/root/calib_ws/MIAS-LCEC/model/mobile_sam.pt
[2026-04-21 16:54:08.601] [info] [LiDAR-Camera] [:] [MIAS-LCEC] 子进程: [2026-04-21 16:54:08.600] [INFO] [粗标定] 推理完成，返回值类型: None
[2026-04-21 16:54:08.601] [info] [LiDAR-Camera] [:] [MIAS-LCEC] 子进程: [2026-04-21 16:54:08.601] [WARNING] [粗标定] 深度模型未返回结果 (require_model=false)，将回退 PnP 几何初值；请检查: 1) MIAS-LCEC 仓库是否有 infer_unicalib.py 或 LcMatch_CApi 2) Python 版本是否为 3.10 (LcMatch_CApi 需要) 3) model_path 是否正确
[2026-04-21 16:54:08.601] [info] [LiDAR-Camera] [:] [MIAS-LCEC] 子进程: [2026-04-21 16:54:08.601] [WARNING] [粗标定] ★ 结论: 未使用深度模型，将回退 PnP；原因见上方 [MIAS_LCEC_INFER] 错误日志（如 Read-only file system、ImportError 等）
[2026-04-21 16:54:08.685] [info] [LiDAR-Camera] [:] [MIAS-LCEC] 子进程: A module that was compiled using NumPy 1.x cannot be run in
[2026-04-21 16:54:08.685] [info] [LiDAR-Camera] [:] [MIAS-LCEC] 子进程: NumPy 2.2.6 as it may crash. To support both 1.x and 2.x
[2026-04-21 16:54:08.685] [info] [LiDAR-Camera] [:] [MIAS-LCEC] 子进程: versions of NumPy, modules must be compiled with NumPy 2.0.
[2026-04-21 16:54:08.685] [info] [LiDAR-Camera] [:] [MIAS-LCEC] 子进程: Some module may need to rebuild instead e.g. with 'pybind11>=2.12'.
[2026-04-21 16:54:08.685] [info] [LiDAR-Camera] [:] [MIAS-LCEC] 子进程: If you are a user of the module, the easiest solution will be to
[2026-04-21 16:54:08.685] [info] [LiDAR-Camera] [:] [MIAS-LCEC] 子进程: downgrade to 'numpy<2' or try to upgrade the affected module.
[2026-04-21 16:54:08.685] [info] [LiDAR-Camera] [:] [MIAS-LCEC] 子进程: We expect that some modules will need time to support NumPy 2.
[2026-04-21 16:54:08.685] [info] [LiDAR-Camera] [:] [MIAS-LCEC] 子进程: Traceback (most recent call last):  File "/root/calib_ws/calib_unified/scripts/run_lidar_cam_coarse.py", line 698, in <module>
[2026-04-21 16:54:08.685] [info] [LiDAR-Camera] [:] [MIAS-LCEC] 子进程:     sys.exit(main_with_traceback())
[2026-04-21 16:54:08.685] [info] [LiDAR-Camera] [:] [MIAS-LCEC] 子进程:   File "/root/calib_ws/calib_unified/scripts/run_lidar_cam_coarse.py", line 689, in main_with_traceback
[2026-04-21 16:54:08.685] [info] [LiDAR-Camera] [:] [MIAS-LCEC] 子进程:     return main()
[2026-04-21 16:54:08.685] [info] [LiDAR-Camera] [:] [MIAS-LCEC] 子进程:   File "/root/calib_ws/calib_unified/scripts/run_lidar_cam_coarse.py", line 567, in main
[2026-04-21 16:54:08.685] [info] [LiDAR-Camera] [:] [MIAS-LCEC] 子进程:     if not _check_cv2_available():
[2026-04-21 16:54:08.685] [info] [LiDAR-Camera] [:] [MIAS-LCEC] 子进程:   File "/root/calib_ws/calib_unified/scripts/run_lidar_cam_coarse.py", line 259, in _check_cv2_available
[2026-04-21 16:54:08.685] [info] [LiDAR-Camera] [:] [MIAS-LCEC] 子进程:     import cv2  # noqa: F401
[2026-04-21 16:54:08.685] [info] [LiDAR-Camera] [:] [MIAS-LCEC] 子进程:   File "/usr/local/lib/python3.10/dist-packages/cv2/__init__.py", line 181, in <module>
[2026-04-21 16:54:08.685] [info] [LiDAR-Camera] [:] [MIAS-LCEC] 子进程:     bootstrap()
[2026-04-21 16:54:08.685] [info] [LiDAR-Camera] [:] [MIAS-LCEC] 子进程:   File "/usr/local/lib/python3.10/dist-packages/cv2/__init__.py", line 153, in bootstrap
[2026-04-21 16:54:08.685] [info] [LiDAR-Camera] [:] [MIAS-LCEC] 子进程:     native_module = importlib.import_module("cv2")
[2026-04-21 16:54:08.685] [info] [LiDAR-Camera] [:] [MIAS-LCEC] 子进程:   File "/usr/lib/python3.10/importlib/__init__.py", line 126, in import_module
[2026-04-21 16:54:08.685] [info] [LiDAR-Camera] [:] [MIAS-LCEC] 子进程:     return _bootstrap._gcd_import(name[level:], package, level)
[2026-04-21 16:54:08.685] [info] [LiDAR-Camera] [:] [MIAS-LCEC] 子进程: AttributeError: _ARRAY_API not found
[2026-04-21 16:54:08.685] [info] [LiDAR-Camera] [:] [MIAS-LCEC] 子进程: [2026-04-21 16:54:08.685] [WARNING] [粗标定] cv2 不可用 (ImportError)，跳过 PnP，将输出 identity。原因: numpy.core.multiarray failed to import
[2026-04-21 16:54:08.685] [info] [LiDAR-Camera] [:] [MIAS-LCEC] 子进程: [2026-04-21 16:54:08.685] [WARNING] [粗标定] cv2 不可用，不调用 PnP，输出 identity；精标定可能无法收敛，建议修复环境后重试
[2026-04-21 16:54:08.685] [info] [LiDAR-Camera] [:] [MIAS-LCEC] 子进程: [2026-04-21 16:54:08.685] [INFO] [粗标定] 方法=identity  输出 t=[0, 0, 0]  (精标定可能无法收敛，建议检查 PnP 或深度模型)
[2026-04-21 16:54:08.685] [info] [LiDAR-Camera] [:] [MIAS-LCEC] 子进程: [2026-04-21 16:54:08.685] [INFO] [步骤 4/5] 写入 extrinsic_result.yaml...
[2026-04-21 16:54:08.686] [info] [LiDAR-Camera] [:] [MIAS-LCEC] 子进程: [2026-04-21 16:54:08.686] [INFO] 已写出 extrinsic_result.yaml: /tmp/mias_work/output/extrinsic_result.yaml  translation=[0.0000, 0.0000, 0.0000]
[2026-04-21 16:54:08.686] [info] [LiDAR-Camera] [:] [MIAS-LCEC] 子进程: [2026-04-21 16:54:08.686] [INFO] [步骤 5/5] 生成 quality_report.yaml...
[2026-04-21 16:54:08.906] [info] [LiDAR-Camera] [:] [MIAS-LCEC] 子进程: A module that was compiled using NumPy 1.x cannot be run in
[2026-04-21 16:54:08.906] [info] [LiDAR-Camera] [:] [MIAS-LCEC] 子进程: NumPy 2.2.6 as it may crash. To support both 1.x and 2.x
[2026-04-21 16:54:08.906] [info] [LiDAR-Camera] [:] [MIAS-LCEC] 子进程: versions of NumPy, modules must be compiled with NumPy 2.0.
[2026-04-21 16:54:08.906] [info] [LiDAR-Camera] [:] [MIAS-LCEC] 子进程: Some module may need to rebuild instead e.g. with 'pybind11>=2.12'.
[2026-04-21 16:54:08.906] [info] [LiDAR-Camera] [:] [MIAS-LCEC] 子进程: If you are a user of the module, the easiest solution will be to
[2026-04-21 16:54:08.906] [info] [LiDAR-Camera] [:] [MIAS-LCEC] 子进程: downgrade to 'numpy<2' or try to upgrade the affected module.
[2026-04-21 16:54:08.906] [info] [LiDAR-Camera] [:] [MIAS-LCEC] 子进程: We expect that some modules will need time to support NumPy 2.
[2026-04-21 16:54:08.906] [info] [LiDAR-Camera] [:] [MIAS-LCEC] 子进程: Traceback (most recent call last):  File "/root/calib_ws/calib_unified/scripts/run_lidar_cam_coarse.py", line 698, in <module>
[2026-04-21 16:54:08.906] [info] [LiDAR-Camera] [:] [MIAS-LCEC] 子进程:     sys.exit(main_with_traceback())
[2026-04-21 16:54:08.906] [info] [LiDAR-Camera] [:] [MIAS-LCEC] 子进程:   File "/root/calib_ws/calib_unified/scripts/run_lidar_cam_coarse.py", line 689, in main_with_traceback
[2026-04-21 16:54:08.906] [info] [LiDAR-Camera] [:] [MIAS-LCEC] 子进程:     return main()
[2026-04-21 16:54:08.906] [info] [LiDAR-Camera] [:] [MIAS-LCEC] 子进程:   File "/root/calib_ws/calib_unified/scripts/run_lidar_cam_coarse.py", line 636, in main
[2026-04-21 16:54:08.906] [info] [LiDAR-Camera] [:] [MIAS-LCEC] 子进程:     from mias_lcec_pytorch.quality_assessment import assess_calibration_quality
[2026-04-21 16:54:08.906] [info] [LiDAR-Camera] [:] [MIAS-LCEC] 子进程:   File "/root/calib_ws/calib_unified/scripts/mias_lcec_pytorch/__init__.py", line 17, in <module>
[2026-04-21 16:54:08.906] [info] [LiDAR-Camera] [:] [MIAS-LCEC] 子进程:     from .coarse_calib import MIASLCECCoarseCalib
[2026-04-21 16:54:08.906] [info] [LiDAR-Camera] [:] [MIAS-LCEC] 子进程:   File "/root/calib_ws/calib_unified/scripts/mias_lcec_pytorch/coarse_calib.py", line 26, in <module>
[2026-04-21 16:54:08.906] [info] [LiDAR-Camera] [:] [MIAS-LCEC] 子进程:     import torch
[2026-04-21 16:54:08.906] [info] [LiDAR-Camera] [:] [MIAS-LCEC] 子进程:   File "/usr/local/lib/python3.10/dist-packages/torch/__init__.py", line 1382, in <module>
[2026-04-21 16:54:08.906] [info] [LiDAR-Camera] [:] [MIAS-LCEC] 子进程:     from .functional import *  # noqa: F403
[2026-04-21 16:54:08.906] [info] [LiDAR-Camera] [:] [MIAS-LCEC] 子进程:   File "/usr/local/lib/python3.10/dist-packages/torch/functional.py", line 7, in <module>
[2026-04-21 16:54:08.906] [info] [LiDAR-Camera] [:] [MIAS-LCEC] 子进程:     import torch.nn.functional as F
[2026-04-21 16:54:08.906] [info] [LiDAR-Camera] [:] [MIAS-LCEC] 子进程:   File "/usr/local/lib/python3.10/dist-packages/torch/nn/__init__.py", line 1, in <module>
[2026-04-21 16:54:08.906] [info] [LiDAR-Camera] [:] [MIAS-LCEC] 子进程:     from .modules import *  # noqa: F403
[2026-04-21 16:54:08.906] [info] [LiDAR-Camera] [:] [MIAS-LCEC] 子进程:   File "/usr/local/lib/python3.10/dist-packages/torch/nn/modules/__init__.py", line 35, in <module>
[2026-04-21 16:54:08.906] [info] [LiDAR-Camera] [:] [MIAS-LCEC] 子进程:     from .transformer import TransformerEncoder, TransformerDecoder, \
[2026-04-21 16:54:08.906] [info] [LiDAR-Camera] [:] [MIAS-LCEC] 子进程:   File "/usr/local/lib/python3.10/dist-packages/torch/nn/modules/transformer.py", line 20, in <module>
[2026-04-21 16:54:08.906] [info] [LiDAR-Camera] [:] [MIAS-LCEC] 子进程:     device: torch.device = torch.device(torch._C._get_default_device()),  # torch.device('cpu'),
[2026-04-21 16:54:08.906] [info] [LiDAR-Camera] [:] [MIAS-LCEC] 子进程: /usr/local/lib/python3.10/dist-packages/torch/nn/modules/transformer.py:20: UserWarning: Failed to initialize NumPy: _ARRAY_API not found (Triggered internally at ../torch/csrc/utils/tensor_numpy.cpp:84.)
[2026-04-21 16:54:08.906] [info] [LiDAR-Camera] [:] [MIAS-LCEC] 子进程:   device: torch.device = torch.device(torch._C._get_default_device()),  # torch.device('cpu'),
[2026-04-21 16:54:09.985] [info] [LiDAR-Camera] [:] [MIAS-LCEC] 子进程: /usr/local/lib/python3.10/dist-packages/timm/models/layers/__init__.py:49: FutureWarning: Importing from timm.models.layers is deprecated, please import via timm.layers
[2026-04-21 16:54:09.985] [info] [LiDAR-Camera] [:] [MIAS-LCEC] 子进程:   warnings.warn(f"Importing from {__name__} is deprecated, please import via timm.layers", FutureWarning)
[2026-04-21 16:54:09.985] [info] [LiDAR-Camera] [:] [MIAS-LCEC] 子进程: /usr/local/lib/python3.10/dist-packages/timm/models/registry.py:4: FutureWarning: Importing from timm.models.registry is deprecated, please import via timm.models
[2026-04-21 16:54:09.985] [info] [LiDAR-Camera] [:] [MIAS-LCEC] 子进程:   warnings.warn(f"Importing from {__name__} is deprecated, please import via timm.models", FutureWarning)
[2026-04-21 16:54:09.985] [info] [LiDAR-Camera] [:] [MIAS-LCEC] 子进程: /root/calib_ws/calib_unified/thirdparty/MobileSAM/mobile_sam/modeling/tiny_vit_sam.py:656: UserWarning: Overwriting tiny_vit_5m_224 in registry with mobile_sam.modeling.tiny_vit_sam.tiny_vit_5m_224. This is because the name being registered conflicts with an existing name. Please check if this is not expected.
[2026-04-21 16:54:09.985] [info] [LiDAR-Camera] [:] [MIAS-LCEC] 子进程:   return register_model(fn_wrapper)
[2026-04-21 16:54:09.985] [info] [LiDAR-Camera] [:] [MIAS-LCEC] 子进程: /root/calib_ws/calib_unified/thirdparty/MobileSAM/mobile_sam/modeling/tiny_vit_sam.py:656: UserWarning: Overwriting tiny_vit_11m_224 in registry with mobile_sam.modeling.tiny_vit_sam.tiny_vit_11m_224. This is because the name being registered conflicts with an existing name. Please check if this is not expected.
[2026-04-21 16:54:09.985] [info] [LiDAR-Camera] [:] [MIAS-LCEC] 子进程:   return register_model(fn_wrapper)
[2026-04-21 16:54:09.985] [info] [LiDAR-Camera] [:] [MIAS-LCEC] 子进程: /root/calib_ws/calib_unified/thirdparty/MobileSAM/mobile_sam/modeling/tiny_vit_sam.py:656: UserWarning: Overwriting tiny_vit_21m_224 in registry with mobile_sam.modeling.tiny_vit_sam.tiny_vit_21m_224. This is because the name being registered conflicts with an existing name. Please check if this is not expected.
[2026-04-21 16:54:09.985] [info] [LiDAR-Camera] [:] [MIAS-LCEC] 子进程:   return register_model(fn_wrapper)
[2026-04-21 16:54:09.985] [info] [LiDAR-Camera] [:] [MIAS-LCEC] 子进程: /root/calib_ws/calib_unified/thirdparty/MobileSAM/mobile_sam/modeling/tiny_vit_sam.py:656: UserWarning: Overwriting tiny_vit_21m_384 in registry with mobile_sam.modeling.tiny_vit_sam.tiny_vit_21m_384. This is because the name being registered conflicts with an existing name. Please check if this is not expected.
[2026-04-21 16:54:09.985] [info] [LiDAR-Camera] [:] [MIAS-LCEC] 子进程:   return register_model(fn_wrapper)
[2026-04-21 16:54:09.985] [info] [LiDAR-Camera] [:] [MIAS-LCEC] 子进程: /root/calib_ws/calib_unified/thirdparty/MobileSAM/mobile_sam/modeling/tiny_vit_sam.py:656: UserWarning: Overwriting tiny_vit_21m_512 in registry with mobile_sam.modeling.tiny_vit_sam.tiny_vit_21m_512. This is because the name being registered conflicts with an existing name. Please check if this is not expected.
[2026-04-21 16:54:09.985] [info] [LiDAR-Camera] [:] [MIAS-LCEC] 子进程:   return register_model(fn_wrapper)
[2026-04-21 16:54:09.990] [info] [LiDAR-Camera] [:] [MIAS-LCEC] 子进程: [2026-04-21 16:54:09.990] [INFO] 已写出 quality_report.yaml: /tmp/mias_work/output/quality_report.yaml
[2026-04-21 16:54:09.990] [info] [LiDAR-Camera] [:] [MIAS-LCEC] 子进程: [2026-04-21 16:54:09.990] [INFO] 粗标定完成  方法=identity  耗时=1.57s  输出=/tmp/mias_work/output/extrinsic_result.yaml
[2026-04-21 16:54:09.990] [info] [LiDAR-Camera] [:] [MIAS-LCEC] 子进程: [2026-04-21 16:54:09.990] [INFO] [粗标定] ★ 最终: 使用恒等外参 (identity)，未使用深度模型
[2026-04-21 16:54:09.990] [info] [LiDAR-Camera] [:] [MIAS-LCEC] 子进程: [2026-04-21 16:54:09.990] [INFO] ======== 粗标定结束 ========
[2026-04-21 16:54:09.990] [info] [LiDAR-Camera] [:] [MIAS-LCEC] 子进程: [2026-04-21 16:54:09.990] [WARNING] [粗标定] 诊断摘要: 未使用深度模型 (method=identity)，详见上方 [MIAS_LCEC_INFER] 错误与修复建议
[2026-04-21 16:54:09.990] [info] [LiDAR-Camera] [:] [MIAS-LCEC] 子进程: [run_lidar_cam_coarse] OK  method=identity  output=/tmp/mias_work/output/extrinsic_result.yaml  elapsed_s=1.57
[2026-04-21 16:54:10.393] [info] [LiDAR-Camera] [:] [AI-Exec] 子进程完整输出已保存到: /tmp/mias_work/subprocess_1776761648.log
[2026-04-21 16:54:10.393] [info] [LiDAR-Camera] [:] [MIAS-LCEC] 子进程结束  exit_code=0  elapsed_ms=2006  output_exists=yes
[2026-04-21 16:54:10.393] [info] [LiDAR-Camera] [:] [MIAS-LCEC] 粗标定方法: identity)，详见上方 (由子进程 stdout 解析)
[2026-04-21 16:54:10.393] [warning] [LiDAR-Camera] [:] [MIAS-LCEC] ★ 粗标定未使用深度模型，结果来自几何回退(identity)，详见上方)；原因见上方子进程日志或 子进程完整输出
[2026-04-21 16:54:10.393] [info] [LiDAR-Camera] [:] [MIAS-LCEC] 解析结果  t=[0.0000, 0.0000, 0.0000]  is_identity=true
[2026-04-21 16:54:10.393] [warning] [LiDAR-Camera] [:] [MIAS-LCEC] 粗标定结果为 identity，重试  attempt=2/2  显式附加 --use_pnp
[2026-04-21 16:54:10.393] [info] [LiDAR-Camera] [:] [MIAS-LCEC] 粗标定尝试 2/2  (identity 后重试), 超时=180s
[2026-04-21 16:54:10.393] [info] [LiDAR-Camera] [:] [MIAS-LCEC] 执行命令 (python3+PYTHONPATH): python3 /root/calib_ws/calib_unified/scripts/run_lidar_cam_coarse.py --pcd ./results/coarse_input/coarse_first.pcd --image ./results/coarse_input/coarse_first.png --sensor_config /tmp/mias_work/sensor_config.yaml --output_dir /tmp/mias_work/output --quality-ncc-good 0.300000 --quality-ncc-acceptable 0.200000 --quality-rms-good-px 2.000000 --quality-rms-acceptable-px 5.000000 --quality-inlier-ratio-good 0.600000 --quality-inlier-ratio-acceptable 0.400000 --model_path /root/calib_ws/MIAS-LCEC/model/mobile_sam.pt --mias_repo /root/calib_ws/calib_unified --no-require-model --use_pnp
[2026-04-21 16:54:10.495] [info] [LiDAR-Camera] [:] [MIAS-LCEC] 子进程: [2026-04-21 16:54:10.495] [INFO] 环境: numpy=2.2.6
[2026-04-21 16:54:10.495] [info] [LiDAR-Camera] [:] [MIAS-LCEC] 子进程: [2026-04-21 16:54:10.495] [INFO] ======== 粗标定开始 ========
[2026-04-21 16:54:10.495] [info] [LiDAR-Camera] [:] [MIAS-LCEC] 子进程: [2026-04-21 16:54:10.495] [INFO] 输入: pcd=./results/coarse_input/coarse_first.pcd  image=./results/coarse_input/coarse_first.png  sensor_config=/tmp/mias_work/sensor_config.yaml  output_dir=/tmp/mias_work/output
[2026-04-21 16:54:10.495] [info] [LiDAR-Camera] [:] [MIAS-LCEC] 子进程: [2026-04-21 16:54:10.495] [INFO] [步骤 1/4] 读取 sensor_config...
[2026-04-21 16:54:10.503] [info] [LiDAR-Camera] [:] [MIAS-LCEC] 子进程: [2026-04-21 16:54:10.503] [INFO] 读取 sensor_config: /tmp/mias_work/sensor_config.yaml
[2026-04-21 16:54:10.504] [info] [LiDAR-Camera] [:] [MIAS-LCEC] 子进程: [2026-04-21 16:54:10.504] [INFO] 相机内参: fx=1958.40 fy=1958.40 cx=1224.00 cy=1024.00 width=2448 height=2048
[2026-04-21 16:54:10.504] [info] [LiDAR-Camera] [:] [MIAS-LCEC] 子进程: [2026-04-21 16:54:10.504] [INFO] [步骤 2/4] 读取 PCD...
[2026-04-21 16:54:10.521] [info] [LiDAR-Camera] [:] [MIAS-LCEC] 子进程: [2026-04-21 16:54:10.521] [INFO] PCD 加载方式: ASCII (优先，避免 Open3D/NumPy 2.x 兼容问题)  路径=./results/coarse_input/coarse_first.pcd
[2026-04-21 16:54:10.522] [info] [LiDAR-Camera] [:] [MIAS-LCEC] 子进程: [2026-04-21 16:54:10.521] [INFO] 点云规模: 19555 点  范围 X[-54.20, 34.61] Y[-37.07, 54.16] Z[-4.17, 20.88]
[2026-04-21 16:54:10.522] [info] [LiDAR-Camera] [:] [MIAS-LCEC] 子进程: [2026-04-21 16:54:10.522] [INFO] [步骤 2/4] PCD 读取完成  点数=19555
[2026-04-21 16:54:10.522] [info] [LiDAR-Camera] [:] [MIAS-LCEC] 子进程: [2026-04-21 16:54:10.522] [INFO] [步骤 3/4] 读取图像 (优先 Pillow，避免 NumPy 2.x 下 cv2 崩溃)...
[2026-04-21 16:54:10.622] [info] [LiDAR-Camera] [:] [MIAS-LCEC] 子进程: [2026-04-21 16:54:10.622] [INFO] 图像加载: Pillow  路径=./results/coarse_input/coarse_first.png  尺寸=2448x2048 (避免 NumPy 2.x 下 cv2 崩溃)
[2026-04-21 16:54:10.623] [info] [LiDAR-Camera] [:] [MIAS-LCEC] 子进程: [2026-04-21 16:54:10.623] [INFO] [步骤 3/4] 图像读取完成  尺寸=2448x2048
[2026-04-21 16:54:10.623] [info] [LiDAR-Camera] [:] [MIAS-LCEC] 子进程: [2026-04-21 16:54:10.623] [INFO] [粗标定] ===== 尝试深度模型推理 =====
[2026-04-21 16:54:10.623] [info] [LiDAR-Camera] [:] [MIAS-LCEC] 子进程: [2026-04-21 16:54:10.623] [INFO] [粗标定] 配置: model_path=/root/calib_ws/MIAS-LCEC/model/mobile_sam.pt
[2026-04-21 16:54:10.623] [info] [LiDAR-Camera] [:] [MIAS-LCEC] 子进程: [2026-04-21 16:54:10.623] [INFO] [粗标定] 配置: mias_repo=/root/calib_ws/calib_unified
[2026-04-21 16:54:10.623] [info] [LiDAR-Camera] [:] [MIAS-LCEC] 子进程: [2026-04-21 16:54:10.623] [INFO] [粗标定] require_model=False
[2026-04-21 16:54:10.623] [info] [LiDAR-Camera] [:] [MIAS-LCEC] 子进程: [2026-04-21 16:54:10.623] [INFO] [粗标定] mias_lcec_infer 导入成功
[2026-04-21 16:54:10.623] [info] [LiDAR-Camera] [:] [MIAS-LCEC] 子进程: [2026-04-21 16:54:10.623] [INFO] [粗标定] 开始调用深度模型推理...
[2026-04-21 16:54:10.623] [info] [LiDAR-Camera] [:] [MIAS-LCEC] 子进程: [2026-04-21 16:54:10.623] [INFO] [粗标定] 输入: pcd=./results/coarse_input/coarse_first.pcd image=./results/coarse_input/coarse_first.png
[2026-04-21 16:54:10.623] [info] [LiDAR-Camera] [:] [MIAS-LCEC] 子进程: [MIAS_LCEC_INFER 2026-04-21 16:54:10.623] [WARNING] [MIAS-LCEC 推理] 未使用深度模型: 模型文件不存在或未配置 model_path=/root/calib_ws/MIAS-LCEC/model/mobile_sam.pt
[2026-04-21 16:54:10.623] [info] [LiDAR-Camera] [:] [MIAS-LCEC] 子进程: [2026-04-21 16:54:10.623] [INFO] [粗标定] 推理完成，返回值类型: None
[2026-04-21 16:54:10.623] [info] [LiDAR-Camera] [:] [MIAS-LCEC] 子进程: [2026-04-21 16:54:10.623] [WARNING] [粗标定] 深度模型未返回结果 (require_model=false)，将回退 PnP 几何初值；请检查: 1) MIAS-LCEC 仓库是否有 infer_unicalib.py 或 LcMatch_CApi 2) Python 版本是否为 3.10 (LcMatch_CApi 需要) 3) model_path 是否正确
[2026-04-21 16:54:10.623] [info] [LiDAR-Camera] [:] [MIAS-LCEC] 子进程: [2026-04-21 16:54:10.623] [WARNING] [粗标定] ★ 结论: 未使用深度模型，将回退 PnP；原因见上方 [MIAS_LCEC_INFER] 错误日志（如 Read-only file system、ImportError 等）
[2026-04-21 16:54:10.707] [info] [LiDAR-Camera] [:] [MIAS-LCEC] 子进程: A module that was compiled using NumPy 1.x cannot be run in
[2026-04-21 16:54:10.707] [info] [LiDAR-Camera] [:] [MIAS-LCEC] 子进程: NumPy 2.2.6 as it may crash. To support both 1.x and 2.x
[2026-04-21 16:54:10.707] [info] [LiDAR-Camera] [:] [MIAS-LCEC] 子进程: versions of NumPy, modules must be compiled with NumPy 2.0.
[2026-04-21 16:54:10.707] [info] [LiDAR-Camera] [:] [MIAS-LCEC] 子进程: Some module may need to rebuild instead e.g. with 'pybind11>=2.12'.
[2026-04-21 16:54:10.707] [info] [LiDAR-Camera] [:] [MIAS-LCEC] 子进程: If you are a user of the module, the easiest solution will be to
[2026-04-21 16:54:10.707] [info] [LiDAR-Camera] [:] [MIAS-LCEC] 子进程: downgrade to 'numpy<2' or try to upgrade the affected module.
[2026-04-21 16:54:10.707] [info] [LiDAR-Camera] [:] [MIAS-LCEC] 子进程: We expect that some modules will need time to support NumPy 2.
[2026-04-21 16:54:10.707] [info] [LiDAR-Camera] [:] [MIAS-LCEC] 子进程: Traceback (most recent call last):  File "/root/calib_ws/calib_unified/scripts/run_lidar_cam_coarse.py", line 698, in <module>
[2026-04-21 16:54:10.707] [info] [LiDAR-Camera] [:] [MIAS-LCEC] 子进程:     sys.exit(main_with_traceback())
[2026-04-21 16:54:10.707] [info] [LiDAR-Camera] [:] [MIAS-LCEC] 子进程:   File "/root/calib_ws/calib_unified/scripts/run_lidar_cam_coarse.py", line 689, in main_with_traceback
[2026-04-21 16:54:10.707] [info] [LiDAR-Camera] [:] [MIAS-LCEC] 子进程:     return main()
[2026-04-21 16:54:10.707] [info] [LiDAR-Camera] [:] [MIAS-LCEC] 子进程:   File "/root/calib_ws/calib_unified/scripts/run_lidar_cam_coarse.py", line 567, in main
[2026-04-21 16:54:10.707] [info] [LiDAR-Camera] [:] [MIAS-LCEC] 子进程:     if not _check_cv2_available():
[2026-04-21 16:54:10.707] [info] [LiDAR-Camera] [:] [MIAS-LCEC] 子进程:   File "/root/calib_ws/calib_unified/scripts/run_lidar_cam_coarse.py", line 259, in _check_cv2_available
[2026-04-21 16:54:10.707] [info] [LiDAR-Camera] [:] [MIAS-LCEC] 子进程:     import cv2  # noqa: F401
[2026-04-21 16:54:10.707] [info] [LiDAR-Camera] [:] [MIAS-LCEC] 子进程:   File "/usr/local/lib/python3.10/dist-packages/cv2/__init__.py", line 181, in <module>
[2026-04-21 16:54:10.707] [info] [LiDAR-Camera] [:] [MIAS-LCEC] 子进程:     bootstrap()
[2026-04-21 16:54:10.707] [info] [LiDAR-Camera] [:] [MIAS-LCEC] 子进程:   File "/usr/local/lib/python3.10/dist-packages/cv2/__init__.py", line 153, in bootstrap
[2026-04-21 16:54:10.707] [info] [LiDAR-Camera] [:] [MIAS-LCEC] 子进程:     native_module = importlib.import_module("cv2")
[2026-04-21 16:54:10.707] [info] [LiDAR-Camera] [:] [MIAS-LCEC] 子进程:   File "/usr/lib/python3.10/importlib/__init__.py", line 126, in import_module
[2026-04-21 16:54:10.707] [info] [LiDAR-Camera] [:] [MIAS-LCEC] 子进程:     return _bootstrap._gcd_import(name[level:], package, level)
[2026-04-21 16:54:10.707] [info] [LiDAR-Camera] [:] [MIAS-LCEC] 子进程: AttributeError: _ARRAY_API not found
[2026-04-21 16:54:10.707] [info] [LiDAR-Camera] [:] [MIAS-LCEC] 子进程: [2026-04-21 16:54:10.707] [WARNING] [粗标定] cv2 不可用 (ImportError)，跳过 PnP，将输出 identity。原因: numpy.core.multiarray failed to import
[2026-04-21 16:54:10.707] [info] [LiDAR-Camera] [:] [MIAS-LCEC] 子进程: [2026-04-21 16:54:10.707] [WARNING] [粗标定] cv2 不可用，不调用 PnP，输出 identity；精标定可能无法收敛，建议修复环境后重试
[2026-04-21 16:54:10.707] [info] [LiDAR-Camera] [:] [MIAS-LCEC] 子进程: [2026-04-21 16:54:10.707] [INFO] [粗标定] 方法=identity  输出 t=[0, 0, 0]  (精标定可能无法收敛，建议检查 PnP 或深度模型)
[2026-04-21 16:54:10.707] [info] [LiDAR-Camera] [:] [MIAS-LCEC] 子进程: [2026-04-21 16:54:10.707] [INFO] [步骤 4/5] 写入 extrinsic_result.yaml...
[2026-04-21 16:54:10.707] [info] [LiDAR-Camera] [:] [MIAS-LCEC] 子进程: [2026-04-21 16:54:10.707] [INFO] 已写出 extrinsic_result.yaml: /tmp/mias_work/output/extrinsic_result.yaml  translation=[0.0000, 0.0000, 0.0000]
[2026-04-21 16:54:10.707] [info] [LiDAR-Camera] [:] [MIAS-LCEC] 子进程: [2026-04-21 16:54:10.707] [INFO] [步骤 5/5] 生成 quality_report.yaml...
[2026-04-21 16:54:10.927] [info] [LiDAR-Camera] [:] [MIAS-LCEC] 子进程: A module that was compiled using NumPy 1.x cannot be run in
[2026-04-21 16:54:10.927] [info] [LiDAR-Camera] [:] [MIAS-LCEC] 子进程: NumPy 2.2.6 as it may crash. To support both 1.x and 2.x
[2026-04-21 16:54:10.927] [info] [LiDAR-Camera] [:] [MIAS-LCEC] 子进程: versions of NumPy, modules must be compiled with NumPy 2.0.
[2026-04-21 16:54:10.927] [info] [LiDAR-Camera] [:] [MIAS-LCEC] 子进程: Some module may need to rebuild instead e.g. with 'pybind11>=2.12'.
[2026-04-21 16:54:10.927] [info] [LiDAR-Camera] [:] [MIAS-LCEC] 子进程: If you are a user of the module, the easiest solution will be to
[2026-04-21 16:54:10.927] [info] [LiDAR-Camera] [:] [MIAS-LCEC] 子进程: downgrade to 'numpy<2' or try to upgrade the affected module.
[2026-04-21 16:54:10.927] [info] [LiDAR-Camera] [:] [MIAS-LCEC] 子进程: We expect that some modules will need time to support NumPy 2.
[2026-04-21 16:54:10.927] [info] [LiDAR-Camera] [:] [MIAS-LCEC] 子进程: Traceback (most recent call last):  File "/root/calib_ws/calib_unified/scripts/run_lidar_cam_coarse.py", line 698, in <module>
[2026-04-21 16:54:10.927] [info] [LiDAR-Camera] [:] [MIAS-LCEC] 子进程:     sys.exit(main_with_traceback())
[2026-04-21 16:54:10.927] [info] [LiDAR-Camera] [:] [MIAS-LCEC] 子进程:   File "/root/calib_ws/calib_unified/scripts/run_lidar_cam_coarse.py", line 689, in main_with_traceback
[2026-04-21 16:54:10.927] [info] [LiDAR-Camera] [:] [MIAS-LCEC] 子进程:     return main()
[2026-04-21 16:54:10.927] [info] [LiDAR-Camera] [:] [MIAS-LCEC] 子进程:   File "/root/calib_ws/calib_unified/scripts/run_lidar_cam_coarse.py", line 636, in main
[2026-04-21 16:54:10.927] [info] [LiDAR-Camera] [:] [MIAS-LCEC] 子进程:     from mias_lcec_pytorch.quality_assessment import assess_calibration_quality
[2026-04-21 16:54:10.927] [info] [LiDAR-Camera] [:] [MIAS-LCEC] 子进程:   File "/root/calib_ws/calib_unified/scripts/mias_lcec_pytorch/__init__.py", line 17, in <module>
[2026-04-21 16:54:10.927] [info] [LiDAR-Camera] [:] [MIAS-LCEC] 子进程:     from .coarse_calib import MIASLCECCoarseCalib
[2026-04-21 16:54:10.927] [info] [LiDAR-Camera] [:] [MIAS-LCEC] 子进程:   File "/root/calib_ws/calib_unified/scripts/mias_lcec_pytorch/coarse_calib.py", line 26, in <module>
[2026-04-21 16:54:10.927] [info] [LiDAR-Camera] [:] [MIAS-LCEC] 子进程:     import torch
[2026-04-21 16:54:10.927] [info] [LiDAR-Camera] [:] [MIAS-LCEC] 子进程:   File "/usr/local/lib/python3.10/dist-packages/torch/__init__.py", line 1382, in <module>
[2026-04-21 16:54:10.927] [info] [LiDAR-Camera] [:] [MIAS-LCEC] 子进程:     from .functional import *  # noqa: F403
[2026-04-21 16:54:10.927] [info] [LiDAR-Camera] [:] [MIAS-LCEC] 子进程:   File "/usr/local/lib/python3.10/dist-packages/torch/functional.py", line 7, in <module>
[2026-04-21 16:54:10.927] [info] [LiDAR-Camera] [:] [MIAS-LCEC] 子进程:     import torch.nn.functional as F
[2026-04-21 16:54:10.927] [info] [LiDAR-Camera] [:] [MIAS-LCEC] 子进程:   File "/usr/local/lib/python3.10/dist-packages/torch/nn/__init__.py", line 1, in <module>
[2026-04-21 16:54:10.927] [info] [LiDAR-Camera] [:] [MIAS-LCEC] 子进程:     from .modules import *  # noqa: F403
[2026-04-21 16:54:10.927] [info] [LiDAR-Camera] [:] [MIAS-LCEC] 子进程:   File "/usr/local/lib/python3.10/dist-packages/torch/nn/modules/__init__.py", line 35, in <module>
[2026-04-21 16:54:10.927] [info] [LiDAR-Camera] [:] [MIAS-LCEC] 子进程:     from .transformer import TransformerEncoder, TransformerDecoder, \
[2026-04-21 16:54:10.927] [info] [LiDAR-Camera] [:] [MIAS-LCEC] 子进程:   File "/usr/local/lib/python3.10/dist-packages/torch/nn/modules/transformer.py", line 20, in <module>
[2026-04-21 16:54:10.927] [info] [LiDAR-Camera] [:] [MIAS-LCEC] 子进程:     device: torch.device = torch.device(torch._C._get_default_device()),  # torch.device('cpu'),
[2026-04-21 16:54:10.927] [info] [LiDAR-Camera] [:] [MIAS-LCEC] 子进程: /usr/local/lib/python3.10/dist-packages/torch/nn/modules/transformer.py:20: UserWarning: Failed to initialize NumPy: _ARRAY_API not found (Triggered internally at ../torch/csrc/utils/tensor_numpy.cpp:84.)
[2026-04-21 16:54:10.927] [info] [LiDAR-Camera] [:] [MIAS-LCEC] 子进程:   device: torch.device = torch.device(torch._C._get_default_device()),  # torch.device('cpu'),
[2026-04-21 16:54:12.002] [info] [LiDAR-Camera] [:] [MIAS-LCEC] 子进程: /usr/local/lib/python3.10/dist-packages/timm/models/layers/__init__.py:49: FutureWarning: Importing from timm.models.layers is deprecated, please import via timm.layers
[2026-04-21 16:54:12.002] [info] [LiDAR-Camera] [:] [MIAS-LCEC] 子进程:   warnings.warn(f"Importing from {__name__} is deprecated, please import via timm.layers", FutureWarning)
[2026-04-21 16:54:12.002] [info] [LiDAR-Camera] [:] [MIAS-LCEC] 子进程: /usr/local/lib/python3.10/dist-packages/timm/models/registry.py:4: FutureWarning: Importing from timm.models.registry is deprecated, please import via timm.models
[2026-04-21 16:54:12.002] [info] [LiDAR-Camera] [:] [MIAS-LCEC] 子进程:   warnings.warn(f"Importing from {__name__} is deprecated, please import via timm.models", FutureWarning)
[2026-04-21 16:54:12.002] [info] [LiDAR-Camera] [:] [MIAS-LCEC] 子进程: /root/calib_ws/calib_unified/thirdparty/MobileSAM/mobile_sam/modeling/tiny_vit_sam.py:656: UserWarning: Overwriting tiny_vit_5m_224 in registry with mobile_sam.modeling.tiny_vit_sam.tiny_vit_5m_224. This is because the name being registered conflicts with an existing name. Please check if this is not expected.
[2026-04-21 16:54:12.002] [info] [LiDAR-Camera] [:] [MIAS-LCEC] 子进程:   return register_model(fn_wrapper)
[2026-04-21 16:54:12.002] [info] [LiDAR-Camera] [:] [MIAS-LCEC] 子进程: /root/calib_ws/calib_unified/thirdparty/MobileSAM/mobile_sam/modeling/tiny_vit_sam.py:656: UserWarning: Overwriting tiny_vit_11m_224 in registry with mobile_sam.modeling.tiny_vit_sam.tiny_vit_11m_224. This is because the name being registered conflicts with an existing name. Please check if this is not expected.
[2026-04-21 16:54:12.002] [info] [LiDAR-Camera] [:] [MIAS-LCEC] 子进程:   return register_model(fn_wrapper)
[2026-04-21 16:54:12.002] [info] [LiDAR-Camera] [:] [MIAS-LCEC] 子进程: /root/calib_ws/calib_unified/thirdparty/MobileSAM/mobile_sam/modeling/tiny_vit_sam.py:656: UserWarning: Overwriting tiny_vit_21m_224 in registry with mobile_sam.modeling.tiny_vit_sam.tiny_vit_21m_224. This is because the name being registered conflicts with an existing name. Please check if this is not expected.
[2026-04-21 16:54:12.002] [info] [LiDAR-Camera] [:] [MIAS-LCEC] 子进程:   return register_model(fn_wrapper)
[2026-04-21 16:54:12.002] [info] [LiDAR-Camera] [:] [MIAS-LCEC] 子进程: /root/calib_ws/calib_unified/thirdparty/MobileSAM/mobile_sam/modeling/tiny_vit_sam.py:656: UserWarning: Overwriting tiny_vit_21m_384 in registry with mobile_sam.modeling.tiny_vit_sam.tiny_vit_21m_384. This is because the name being registered conflicts with an existing name. Please check if this is not expected.
[2026-04-21 16:54:12.002] [info] [LiDAR-Camera] [:] [MIAS-LCEC] 子进程:   return register_model(fn_wrapper)
[2026-04-21 16:54:12.002] [info] [LiDAR-Camera] [:] [MIAS-LCEC] 子进程: /root/calib_ws/calib_unified/thirdparty/MobileSAM/mobile_sam/modeling/tiny_vit_sam.py:656: UserWarning: Overwriting tiny_vit_21m_512 in registry with mobile_sam.modeling.tiny_vit_sam.tiny_vit_21m_512. This is because the name being registered conflicts with an existing name. Please check if this is not expected.
[2026-04-21 16:54:12.002] [info] [LiDAR-Camera] [:] [MIAS-LCEC] 子进程:   return register_model(fn_wrapper)
[2026-04-21 16:54:12.007] [info] [LiDAR-Camera] [:] [MIAS-LCEC] 子进程: [2026-04-21 16:54:12.006] [INFO] 已写出 quality_report.yaml: /tmp/mias_work/output/quality_report.yaml
[2026-04-21 16:54:12.007] [info] [LiDAR-Camera] [:] [MIAS-LCEC] 子进程: [2026-04-21 16:54:12.007] [INFO] 粗标定完成  方法=identity  耗时=1.56s  输出=/tmp/mias_work/output/extrinsic_result.yaml
[2026-04-21 16:54:12.007] [info] [LiDAR-Camera] [:] [MIAS-LCEC] 子进程: [2026-04-21 16:54:12.007] [INFO] [粗标定] ★ 最终: 使用恒等外参 (identity)，未使用深度模型
[2026-04-21 16:54:12.007] [info] [LiDAR-Camera] [:] [MIAS-LCEC] 子进程: [2026-04-21 16:54:12.007] [INFO] ======== 粗标定结束 ========
[2026-04-21 16:54:12.007] [info] [LiDAR-Camera] [:] [MIAS-LCEC] 子进程: [2026-04-21 16:54:12.007] [WARNING] [粗标定] 诊断摘要: 未使用深度模型 (method=identity)，详见上方 [MIAS_LCEC_INFER] 错误与修复建议
[2026-04-21 16:54:12.007] [info] [LiDAR-Camera] [:] [MIAS-LCEC] 子进程: [run_lidar_cam_coarse] OK  method=identity  output=/tmp/mias_work/output/extrinsic_result.yaml  elapsed_s=1.56
[2026-04-21 16:54:12.406] [info] [LiDAR-Camera] [:] [AI-Exec] 子进程完整输出已保存到: /tmp/mias_work/subprocess_1776761650.log
[2026-04-21 16:54:12.406] [info] [LiDAR-Camera] [:] [MIAS-LCEC] 子进程结束  exit_code=0  elapsed_ms=2012  output_exists=yes
[2026-04-21 16:54:12.406] [info] [LiDAR-Camera] [:] [MIAS-LCEC] 粗标定方法: identity)，详见上方 (由子进程 stdout 解析)
[2026-04-21 16:54:12.407] [warning] [LiDAR-Camera] [:] [MIAS-LCEC] ★ 粗标定未使用深度模型，结果来自几何回退(identity)，详见上方)；原因见上方子进程日志或 子进程完整输出
[2026-04-21 16:54:12.407] [info] [LiDAR-Camera] [:] [MIAS-LCEC] 解析结果  t=[0.0000, 0.0000, 0.0000]  is_identity=true
[2026-04-21 16:54:12.407] [info] [LiDAR-Camera] [:] [MIAS-LCEC] 第 2 次尝试仍为 identity，使用该结果
[2026-04-21 16:54:12.407] [info] [LiDAR-Camera] [:] [MIAS-LCEC] 粗估外参 最终: t=[0.0000, 0.0000, 0.0000]m  is_identity=true  output=/tmp/mias_work/output/extrinsic_result.yaml (重试后)
[2026-04-21 16:54:12.407] [info] [LiDAR-Camera] [:] [MIAS-LCEC] 粗标定结果来源: identity)，详见上方 (mias_lcec=深度模型, pnp=几何回退, identity=恒等)
[2026-04-21 16:54:12.407] [warning] [LiDAR-Camera] [:] [MIAS-LCEC] 粗标定输出为 identity；精标定可能无法收敛。建议: 1) 查看上方 [PnP] 日志确认网格/回退是否成功 2) 配置 model_path 尝试深度模型 3) 检查内参与数据
[2026-04-21 16:54:12.407] [info] [LiDAR-Camera] [:]   ✓ AI粗标定成功: t=[0.000,0.000,0.000]m
[2026-04-21 16:54:12.407] [info] [LiDAR-Camera] [:]   [Stage 1] 结果: 成功  初值将用于精标定
[2026-04-21 16:54:12.407] [info] [LiDAR-Camera] [:]   [Stage 1] 结果: 成功  精标定初值已就绪
[2026-04-21 16:54:12.407] [info] [LiDAR-Camera] [:] ▶ Stage 2: 精标定 (方法=edge)
[2026-04-21 16:54:12.407] [info] [LiDAR-Camera] [:] ▶ Stage 3: 手动校准 (manual_threshold=2.00px)
[2026-04-21 16:54:12.407] [info] [LiDAR-Camera] [:]   使用 ManualCalibSession 进行 6-DOF 交互式调整
[2026-04-21 16:54:12.407] [info] [LiDAR-Camera] [:]   调用示例:
[2026-04-21 16:54:12.407] [info] [LiDAR-Camera] [:]     ManualCalibSession::SessionConfig sess_cfg;
[2026-04-21 16:54:12.407] [info] [LiDAR-Camera] [:]     sess_cfg.save_dir = "./results/manual_sessions";
[2026-04-21 16:54:12.408] [info] [LiDAR-Camera] [:]     ManualCalibSession session(sess_cfg);
[2026-04-21 16:54:12.408] [info] [LiDAR-Camera] [:]     auto result = session.run_lidar_cam(scan, image, intrin, auto_result, auto_rms);
[2026-04-21 16:54:12.408] [info] [LiDAR-Camera] [:] 
[2026-04-21 16:54:12.408] [info] [LiDAR-Camera] [:] ╔═══════════════════════════════════════════════╗
[2026-04-21 16:54:12.408] [info] [LiDAR-Camera] [:] ║   UniCalib 两阶段标定流水线 — 开始            ║
[2026-04-21 16:54:12.408] [info] [LiDAR-Camera] [:] ║   Pipeline ID: pipeline_20260421_165406       ║
[2026-04-21 16:54:12.408] [info] [LiDAR-Camera] [:] ╚═══════════════════════════════════════════════╝
[2026-04-21 16:54:12.408] [info] [LiDAR-Camera] [:] [Coarse-AI/LiDAR-Cam] enable_coarse_lidar_cam=true → do_coarse=true
[16:54:12.408] [info] 
[16:54:12.408] [info] ━━━━━━━━━━━━━━━━━━━━━━━━━━━━━━━━━━━━━━━━━
[16:54:12.408] [info] ▶ 开始阶段: [Coarse-AI] 任务: [lidar_cam_extrin]
[16:54:12.408] [info]   描述: AI模型提供初始估计值
[16:54:12.408] [info] ━━━━━━━━━━━━━━━━━━━━━━━━━━━━━━━━━━━━━━━━━
[16:54:12.408] [info] [CALC] 粗标定阶段开始 task=lidar_cam_extrin
[16:54:12.408] [info] [Coarse-AI/LiDAR-Cam] 使用主程序已注入的粗标定结果 t=[0.000,0.000,0.000]m，精标定将以此起步
[16:54:12.408] [info] ━━━━━━━━━━━━━━━━━━━━━━━━━━━━━━━━━━━━━━━━━
[16:54:12.408] [info] ■ 结束阶段: [Coarse-AI] 任务: [lidar_cam_extrin]
[16:54:12.408] [info]   结果: ✓ 成功 | 残差RMS: 0.0000 | 耗时: 0 ms
[16:54:12.408] [info]   消息: 使用主程序 Stage1 粗标定结果，作为精标定初值
[16:54:12.408] [info] [CALC] 阶段结束 stage=Coarse-AI task=lidar_cam_extrin success=true residual_rms=0.000000 elapsed_ms=0.0 threshold=-1.0000
[16:54:12.408] [info] ━━━━━━━━━━━━━━━━━━━━━━━━━━━━━━━━━━━━━━━━━
[16:54:12.408] [info] 
[16:54:12.408] [info] ━━━━━━━━━━━━━━━━━━━━━━━━━━━━━━━━━━━━━━━━━
[16:54:12.408] [info] ▶ 开始阶段: [Fine-Auto] 任务: [lidar_cam_extrin]
[16:54:12.408] [info]   描述: 无目标优化
[16:54:12.408] [info] ━━━━━━━━━━━━━━━━━━━━━━━━━━━━━━━━━━━━━━━━━
[16:54:12.408] [info] [CALC] 精标定阶段开始 task=lidar_cam_extrin
[16:54:12.408] [info] [Fine-Auto] 任务: lidar_cam_extrin | 无目标优先: true
[16:54:12.408] [info] [Fine-Auto] 方法: 边缘对齐互信息 (EDGE_ALIGNMENT, 无目标)
[16:54:12.408] [info] [STAGE=lidar_cam_fine_auto] LiDAR-Camera 精标定 开始
[16:54:12.408] [info] [Fine-Auto/LiDAR-Cam] 开始执行精标定...
[16:54:12.408] [info]   [精标定数据源] 类型=ROS2_BAG  lidar_id=lidar_0
[16:54:12.408] [info]   ROS2 Bag: /root/calib_ws/data/Koide/ouster/rosbag2_2023_03_28-16_25_54_fixed  LiDAR 话题: /points  相机话题: /image
[16:54:12.408] [info] [Fine-Auto/LiDAR-Cam] 从 ROS2 加载数据...
[16:54:12.408] [info] [UnifiedDataLoader] 从 ROS2 加载数据...
[16:54:12.408] [info]   Bag 文件: /root/calib_ws/data/Koide/ouster/rosbag2_2023_03_28-16_25_54_fixed
[16:54:12.408] [info]   实时模式: false
[16:54:12.408] [info] [Ros2BagDataSource] 打开 bag 文件: /root/calib_ws/data/Koide/ouster/rosbag2_2023_03_28-16_25_54_fixed
[16:54:12.408] [info] [Ros2BagDataSource] 正在读取 metadata.yaml: /root/calib_ws/data/Koide/ouster/rosbag2_2023_03_28-16_25_54_fixed/metadata.yaml
[16:54:12.409] [debug] [Ros2BagDataSource] 找到话题: /camera_info (类型: sensor_msgs/msg/CameraInfo, 消息数: 58)
[16:54:12.409] [debug] [Ros2BagDataSource] 找到话题: /image (类型: sensor_msgs/msg/Image, 消息数: 58)
[16:54:12.409] [debug] [Ros2BagDataSource] 找到话题: /points (类型: sensor_msgs/msg/PointCloud2, 消息数: 291)
[16:54:12.409] [info] [Ros2BagDataSource] 使用配置的 LiDAR 话题: /points
[16:54:12.409] [info] [Ros2BagDataSource] 使用配置的相机话题: /image
[INFO] [1776761652.414261154] [rosbag2_storage]: Opened database '/root/calib_ws/data/Koide/ouster/rosbag2_2023_03_28-16_25_54_fixed/rosbag2_2023_03_28-16_25_54_fixed_0.db3' for READ_ONLY.
[16:54:12.414] [info] [Ros2BagDataSource] Bag 已打开，开始读取消息...
[16:54:12.414] [info] [Ros2BagDataSource] 找到 3 个话题
[16:54:12.414] [info] [Ros2BagDataSource]  话题: /camera_info  类型: sensor_msgs/msg/CameraInfo  消息数: 58
[16:54:12.414] [info] [Ros2BagDataSource]  话题: /image  类型: sensor_msgs/msg/Image  消息数: 58
[16:54:12.414] [info] [Ros2BagDataSource]  话题: /points  类型: sensor_msgs/msg/PointCloud2  消息数: 291
[16:54:12.414] [info] [Ros2BagDataSource] 将加载 bag 内所有 IMU / LiDAR / 相机话题，加载后可通过 sensor_id 或话题名选择使用
[16:54:13.244] [info] [Ros2BagDataSource] 加载完成 (所有话题按话题名存储，可通过 sensor_id 或话题名选择):
[16:54:13.244] [info]   LiDAR [/points]: 291 帧
[16:54:13.244] [info]   相机 [/image]: 58 帧
[16:54:13.244] [info]   选用 LiDAR  lidar_0 -> /points
[16:54:13.244] [info]   选用 相机  cam_0 -> /image
[16:54:13.244] [info]   时间范围: 1743.854 - 1772.955 秒
[16:54:13.244] [info] [Ros2BagDataSource] 应用采样/帧数限制...
[16:54:13.244] [info] [Fine-Auto/LiDAR-Cam] LiDAR 加载完成: 291 帧 (将按相机逐路取帧)
[16:54:13.244] [info] 读取相机内参: /root/calib_ws/data/Koide/ouster/camera_intrinsic_cam_0.yaml
[16:54:13.244] [info]   fx=0.00 fy=0.00 cx=0.00 cy=0.00 dist=0
[16:54:13.244] [info] [Fine-Auto/LiDAR-Cam] 步骤: LiDAR-Camera 标定 相机=cam_0 (方法: 边缘对齐)
[16:54:13.246] [info] [CalibVisualizer] 初始化完成
[16:54:13.246] [info] [Fine-Auto/LiDAR-Cam] 可视化已启用：仅标定结束后显示一帧「图像+点云投影」叠加，不创建 3D 窗口、不泵送其他帧
[16:54:13.246] [info] [Fine-Auto/LiDAR-Cam] 使用粗标定初值 t=[0.000,0.000,0.000]m
[16:54:13.246] [info] [Fine-Auto/LiDAR-Cam] 执行标定 相机=cam_0: 点云 291 帧  图像 58 帧
[16:54:13.246] [info] ╔══════════════════════════════════════════════════════════════════╗
[16:54:13.246] [info] ║         LiDAR-Camera 两阶段标定 - 详细日志                  ║
[16:54:13.246] [info] ╚══════════════════════════════════════════════════════════════════╝
[16:54:13.246] [info] ┌────────────────────────────────────────────────────────────────┐
[16:54:13.246] [info] │ 输入参数:
[16:54:13.246] [info] │   - LiDAR ID: lidar_0  图像 ID: cam_0
[16:54:13.246] [info] │   - 点云帧数: 291  图像帧数: 58
[16:54:13.246] [info] │   - 图像尺寸: 0x0
[16:54:13.246] [info] │   - 相机内参: fx=0.00 fy=0.00 cx=0.00 cy=0.00
[16:54:13.246] [info] │   - 优先无目标方法: 是(边缘对齐)
[16:54:13.246] [info] │   - 粗标定初值: 已提供
[16:54:13.246] [info] │   - 初始平移: [0.0000, 0.0000, 0.0000] m
[16:54:13.246] [info] └────────────────────────────────────────────────────────────────┘
[16:54:13.246] [info] 
[16:54:13.246] [info] ┌────────────────────────────────────────────────────────────────┐
[16:54:13.246] [info] │ [Stage 1] 粗标定阶段
[16:54:13.246] [info] └────────────────────────────────────────────────────────────────┘
[16:54:13.246] [info] │ [Coarse] 使用提供的初始值:
[16:54:13.246] [info] │   - 平移向量: [0.0000, 0.0000, 0.0000] m
[16:54:13.246] [info] │   - 旋转角度: [-0.00, 0.00, -0.00] deg (RPY)
[16:54:13.246] [info] │   - 变换范数: 0.0000
[16:54:13.246] [info] └────────────────────────────────────────────────────────────────┘
[16:54:13.246] [info] 
[16:54:13.246] [info] ┌────────────────────────────────────────────────────────────────┐
[16:54:13.246] [info] │ [Stage 2] 精标定阶段
[16:54:13.246] [info] └────────────────────────────────────────────────────────────────┘
[16:54:13.246] [info] │ [Fine] 执行边缘对齐优化...
[16:54:13.246] [info] │ 配置: NCC阈值=0.050 帧同步阈值=0.500s 时间偏移搜索范围=±0.500s
[16:54:13.246] [info] ┌────────────────────────────────────────────────────────────────┐
[16:54:13.246] [info] │ [精标定] 边缘对齐法 (Edge Alignment)                        │
[16:54:13.246] [info] ├────────────────────────────────────────────────────────────────┤
[16:54:13.246] [info] │ 初始值: identity (identity=true)
[16:54:13.246] [info] │ 数据: 点云帧=291 图像帧=58 采样=30 尺寸=0x0
[16:54:13.246] [info] │ 时间: 图像[1744.220-1772.722]s LiDAR[1743.854-1772.955]s
[16:54:13.246] [info] │ 配置: 同步阈值=0.500s 边缘Canny(50, 150) NCC阈值=0.050
[16:54:13.246] [info] │ 特征权重: edge=0.50 corner=0.30 intensity=0.20
[16:54:13.246] [info] └────────────────────────────────────────────────────────────────┘
[16:54:14.651] [info] │ [时间偏移搜索] 最佳偏移=+0.0000s 最佳NCC=-1000000000.0000
[16:54:14.719] [info]   [精标定] 有效帧数=0 (<3)  当前阈值=0.050  候选帧最大NCC=-1000000000.0000
[16:54:14.719] [info]   [精标定] 最大NCC=-1000000000.0000 未超过放宽阈值 0.000，不进行放宽重试
[16:54:14.719] [warning]   [精标定] 检测到异常 NCC 值(占位 -1e9)，部分候选帧投影/边缘失败已排除；建议检查 LiDAR/相机 FOV、时间同步与内参
[16:54:14.719] [info]   初值 NCC=N/A(无有效帧)  有效帧数=0  (候选帧数=30  NCC范围=[-1000000000.0000,-1000000000.0000] 均值=-1000000000.0000)
[16:54:14.719] [warning]   [精标定] 有效帧不足  有效帧数=0  候选帧数=30  NCC阈值=0.050  最大NCC=-1000000000.0000  → 跳过 Ceres，返回初值
[16:54:14.719] [warning]   诊断: 投影与图像边缘重叠不足(NCC 均<=阈值)。建议: 1) 查看 [MIAS-LCEC]/[PnP] 粗标定是否给出非 identity 2) 确认 LiDAR/相机 FOV 与时间同步 3) 检查内参 width/height 与图像一致
[16:54:14.719] [info] │
[16:54:14.719] [info] │ ★ 标定结果:
[16:54:14.719] [info] │   - 平移: [0.0000, 0.0000, 0.0000] m
[16:54:14.719] [info] │   - RMS: 1.0000 px
[16:54:14.719] [info] │   - 收敛: 否
[16:54:14.719] [info] └────────────────────────────────────────────────────────────────┘
[16:54:14.720] [info] [Fine-Auto] 结果已保存: ./results/lidar_cam_cam_0_extrinsic.yaml
[16:54:14.720] [info] [Viz] 即将生成投影图并保存到 ./results/lidar_cam_cam_0_projection.png
[16:54:15.012] [info] 投影可视化保存: ./results/lidar_cam_cam_0_projection.png
[16:54:15.012] [info] [Viz] 投影图已保存（当前未将结果点云回显到 3D 窗口，仅保存 PNG）
[16:54:15.012] [info] [Fine-Auto/LiDAR-Cam] 相机 cam_0 完成, RMS=1.0000 px  收敛=否
[16:54:15.012] [warning] [Fine-Auto/LiDAR-Cam] 精标定未收敛 (NCC 未达 0.3 或 RMS 偏高)，建议: 1) 确保粗标定提供非 identity 初值 2) 检查 LiDAR/相机 FOV 与时间同步 3) 查看上方 [精标定] 质量结论与 NCC 统计
[16:54:15.012] [info] [Viz/Display] 即将关闭可视化窗口 原因=用户关闭或流程结束 pangolin_running=false
[16:54:15.012] [info] [Fine-Auto/LiDAR-Cam] 精标定完成: 1 个相机  最大 RMS=1.0000 px
[16:54:15.012] [info] [STAGE=lidar_cam_fine_auto] LiDAR-Camera 精标定 完成
[16:54:15.012] [info] [Fine-Auto/LiDAR-Cam] RMS 阈值=2.00 px  最大 RMS=1.0000 px  在阈值内
[16:54:15.023] [info] ━━━━━━━━━━━━━━━━━━━━━━━━━━━━━━━━━━━━━━━━━
[16:54:15.023] [info] ■ 结束阶段: [Fine-Auto] 任务: [lidar_cam_extrin]
[16:54:15.023] [info]   结果: ✓ 成功 | 残差RMS: 1.0000 | 耗时: 2615 ms
[16:54:15.023] [info]   消息: LiDAR-Camera 精标定完成: 1 个相机, 最大 RMS=1.000000 px
[16:54:15.023] [info] [CALC] 阶段结束 stage=Fine-Auto task=lidar_cam_extrin success=true residual_rms=1.000000 elapsed_ms=2603.7 threshold=2.0000
[16:54:15.023] [info] ━━━━━━━━━━━━━━━━━━━━━━━━━━━━━━━━━━━━━━━━━
[16:54:15.023] [info] [Pipeline] 用户已启用手动校准 (--manual), 进入 6-DOF 调整
[16:54:15.023] [info] 
[16:54:15.023] [info] ━━━━━━━━━━━━━━━━━━━━━━━━━━━━━━━━━━━━━━━━━
[16:54:15.023] [info] ▶ 开始阶段: [Manual-Refine] 任务: [lidar_cam_extrin]
[16:54:15.023] [info]   描述: 手动校准: 6-DOF 交互式调整
[16:54:15.023] [info] ━━━━━━━━━━━━━━━━━━━━━━━━━━━━━━━━━━━━━━━━━
[16:54:15.023] [info] [Manual-Refine] 任务: lidar_cam_extrin
[16:54:15.023] [info] [Manual-Refine] 操作说明: Q/A Roll  W/S Pitch  E/D Yaw  R/F Tx  T/G Ty  Y/H Tz  U Undo  Enter 接受  Esc 取消
[16:54:15.023] [info] [ManualSession] 会话ID: session_2026-04-21_16-54-15
[16:54:15.023] [info] [ManualSession] 保存目录: ./results/manual_sessions
[16:54:15.023] [info] [Manual-Refine] 已打开 6-DOF 可视化调整窗口，请在本窗口内按键微调后 Enter 接受或 Esc 取消
[16:54:15.023] [info] [Manual-Refine] LiDAR-Camera 手动调整仅使用首帧匹配数据（第 0 帧点云 + 第 0 帧图像）
[16:54:15.031] [info] [ManualSession] 启动 LiDAR-Camera 手动校准
[16:54:15.031] [info] [ManualSession] 自动标定 RMS: 1.0000 px (阈值建议 < 2.0px)
[16:54:15.032] [debug] [ManualSession] 事件: lidar_cam_start | auto_rms=1.000000
[16:54:15.032] [info] [ManualAdjust] 初始外参:
[16:54:15.032] [info] [ManualAdjust] 当前外参 [lidar_0→cam_0]:
[16:54:15.032] [info]   旋转 RPY: (0.0000, 0.0000, 0.0000) deg
[16:54:15.032] [info]   平移 XYZ: (0.0000, 0.0000, 0.0000) m
[16:54:15.032] [info] [ManualSession] ===== 手动校准操作说明 =====
[16:54:15.032] [info]   Q/A: Roll ±0.1deg   W/S: Pitch ±0.1deg   E/D: Yaw ±0.1deg
[16:54:15.032] [info]   R/F: Tx ±0.5cm   T/G: Ty ±0.5cm   Y/H: Tz ±0.5cm
[16:54:15.032] [info]   Shift+键: 10倍步长
[16:54:15.032] [info]   P: 进入点击精化模式  U: 撤销  Z: 重做
[16:54:15.032] [info]   S: 保存  ESC: 接受并退出
[16:54:15.032] [info]   点云投影质量越高 (边缘对齐越好) 表示标定越准确
[16:54:15.147] [info] [ManualAdjust] 结果已保存: ./results/lidar_camera_extrinsic/manual_extrinsic_20260421_165415_initial.yaml
[16:54:15.147] [info] [ManualCalib] 交互窗口启动前已自动保存初始状态快照（备用）:
[16:54:15.147] [info]   - 投影图: ./results/lidar_camera_extrinsic/manual_projection_20260421_165415_initial.png
[16:54:15.147] [info]   - 点云:   ./results/lidar_camera_extrinsic/manual_cloud_20260421_165415_initial.pcd
[16:54:15.147] [info]   - 外参:   ./results/lidar_camera_extrinsic/manual_extrinsic_20260421_165415_initial.yaml

(unicalib_lidar_camera:143): dbind-WARNING **: 16:54:15.161: Couldn't connect to accessibility bus: Failed to connect to socket /run/user/1000/at-spi/bus_1: No such file or directory
[16:54:15.201] [info] [ManualCalib] 3D 点云窗口已禁用（避免 VTK 闪退），请在 2D 投影窗口进行微调。按下 'S' 键可手动保存当前微调结果图片和点云。
[16:54:15.201] [info] [ManualCalib] 初始位姿 T_lidar_to_cam:
[16:54:15.201] [info]   - Translation: 0.0000, 0.0000, 0.0000
[16:54:15.201] [info]   - RPY (deg):   -0.0000, 0.0000, -0.0000
[16:54:31.423] [info] [ManualAdjust] 结果已保存: ./results/lidar_camera_extrinsic/manual_extrinsic_20260421_165431_final.yaml
[16:54:31.423] [info] [ManualCalib] 最终微调结果已自动保存:
[16:54:31.423] [info]   - 投影图: ./results/lidar_camera_extrinsic/manual_projection_20260421_165431_final.png
[16:54:31.423] [info]   - 点云:   ./results/lidar_camera_extrinsic/manual_cloud_20260421_165431_final.pcd
[16:54:31.423] [info]   - 外参:   ./results/lidar_camera_extrinsic/manual_extrinsic_20260421_165431_final.yaml
[16:54:31.423] [info] [ManualSession] 用户接受手动调整结果
[16:54:31.423] [info] [ManualSession] Cam-Cam 最终采用外参 RMS=1.000000 (manual if available, else auto=1.000000)
[16:54:31.423] [debug] [ManualSession] 事件: lidar_cam_end | final_rms=1.000000
[16:54:31.423] [info] [ManualSession] 会话已保存: ./results/manual_sessions/session_2026-04-21_16-54-15.yaml
[16:54:31.423] [info] ━━━━━━━━━━━━━━━━━━━━━━━━━━━━━━━━━━━━━━━━━
[16:54:31.423] [info] ■ 结束阶段: [Manual-Refine] 任务: [lidar_cam_extrin]
[16:54:31.423] [info]   结果: ✓ 成功 | 残差RMS: 1.0000 | 耗时: 16399 ms
[16:54:31.423] [info]   消息: LiDAR-Camera 手动调整完成
[16:54:31.423] [info] [CALC] 阶段结束 stage=Manual-Refine task=lidar_cam_extrin success=true residual_rms=1.000000 elapsed_ms=16399.7 threshold=-1.0000
[16:54:31.423] [info] ━━━━━━━━━━━━━━━━━━━━━━━━━━━━━━━━━━━━━━━━━
[16:54:31.423] [info] ====== Pipeline Report: pipeline_20260421_165406 ======
[16:54:31.423] [info]   Total time: 19003.3 ms
[16:54:31.423] [info]   All stages succeeded: YES
[16:54:31.423] [info]   标定质量: 各阶段 RMS 均在阈值内
[16:54:31.423] [info]   [Coarse-AI-lidar_cam_extrin] success=true rms=0.0000 time=0.0ms: 使用主程序 Stage1 粗标定结果，作为精标定初值
[16:54:31.423] [info]   [Fine-Auto-lidar_cam_extrin] success=true rms=1.0000 time=2603.7ms: LiDAR-Camera 精标定完成: 1 个相机, 最大 RMS=1.000000 px
[16:54:31.423] [info]   [Manual-Refine-lidar_cam_extrin] success=true rms=1.0000 time=16399.7ms: LiDAR-Camera 手动调整完成

╔══════════════════════════════════════════════════════╗
║              标定参数汇总                            ║
╠══════════════════════════════════════════════════════╣
║ 外参:
║   lidar_0->cam_0:
║     R(RPY°): [0.00, 0.00, 0.00]
║     T(m):    [0.00, 0.00, 0.00]
║     时偏(s): 0.00
║     RMS:     1.00 ✗
╚══════════════════════════════════════════════════════╝

[16:54:31.423] [info] ================================
[16:54:31.423] [info] Pipeline report saved: ./results/pipeline_report_20260421_165406.yaml
[16:54:31.423] [info] ====== Pipeline Report: pipeline_20260421_165406 ======
[16:54:31.423] [info]   Total time: 19003.3 ms
[16:54:31.423] [info]   All stages succeeded: YES
[16:54:31.423] [info]   标定质量: 各阶段 RMS 均在阈值内
[16:54:31.423] [info]   [Coarse-AI-lidar_cam_extrin] success=true rms=0.0000 time=0.0ms: 使用主程序 Stage1 粗标定结果，作为精标定初值
[16:54:31.423] [info]   [Fine-Auto-lidar_cam_extrin] success=true rms=1.0000 time=2603.7ms: LiDAR-Camera 精标定完成: 1 个相机, 最大 RMS=1.000000 px
[16:54:31.423] [info]   [Manual-Refine-lidar_cam_extrin] success=true rms=1.0000 time=16399.7ms: LiDAR-Camera 手动调整完成

╔══════════════════════════════════════════════════════╗
║              标定参数汇总                            ║
╠══════════════════════════════════════════════════════╣
║ 外参:
║   lidar_0->cam_0:
║     R(RPY°): [0.00, 0.00, 0.00]
║     T(m):    [0.00, 0.00, 0.00]
║     时偏(s): 0.00
║     RMS:     1.00 ✗
╚══════════════════════════════════════════════════════╝

[16:54:31.423] [info] ================================
[16:54:31.423] [info] ━━━━━━━━━━━━━━━━━━━━━━━━━━━━━━━━━━━━
[16:54:31.423] [info] LiDAR-Camera 标定流程完成
[16:54:31.423] [info] 结果目录: ./results
[16:54:31.423] [info] 标定流程正常退出 exit_code=0
[16:54:31.423] [info] ━━━━━━━━━━━━━━━━━━━━━━━━━━━━━━━━━━━━
