
 ╔═══════════════════════════════════════════════════════╗
 ║   UniCalib — LiDAR-Camera 外参标定                    ║
 ║   两阶段: AI粗标定(MIAS-LCEC) → 无目标边缘精标定      ║
 ║   手动校准: --manual 触发 6-DOF 交互式调整             ║
 ╚═══════════════════════════════════════════════════════╝

[2026-04-08 11:41:50.010] [info] [LiDAR-Camera] [:] ━━━━━━━━━━━━━━━━━━━━━━━━━━━━━━━━━━━━
[2026-04-08 11:41:50.010] [info] [LiDAR-Camera] [:] 配置文件: /root/calib_ws/calib_unified/config/unicalib_example.yaml
[2026-04-08 11:41:50.010] [info] [LiDAR-Camera] [:] 输出目录: /root/calib_ws/results
[2026-04-08 11:41:50.010] [info] [LiDAR-Camera] [:] 数据根目录: /root/calib_ws/data (--data-dir 或 CALIB_DATA_DIR)
[2026-04-08 11:41:50.010] [info] [LiDAR-Camera] [:] 精标定方法: edge (无目标优先=true)
[2026-04-08 11:41:50.010] [info] [LiDAR-Camera] [:] AI粗标定: true | 手动校准: false
[2026-04-08 11:41:50.010] [info] [LiDAR-Camera] [:] ━━━━━━━━━━━━━━━━━━━━━━━━━━━━━━━━━━━━
[2026-04-08 11:41:50.011] [info] [LiDAR-Camera] [:] 读取系统配置: /root/calib_ws/calib_unified/config/unicalib_example.yaml
[2026-04-08 11:41:50.013] [info] [LiDAR-Camera] [:]   IMU: 1, LiDAR: 1, Camera: 2
[2026-04-08 11:41:50.013] [info] [LiDAR-Camera] [:] ━━━━━━━━━━━━━━━━━━━━━━━━━━━━━━━━━━━━ [数据路径] ━━━━━━━━━━━━━━━━━━━━━━━━━━━━━
[2026-04-08 11:41:50.013] [info] [LiDAR-Camera] [:]   数据路径来源: 统一格式 (data.lidar.<id> / data.camera.<id>.images_dir)
[2026-04-08 11:41:50.013] [info] [LiDAR-Camera] [:]   配置原始值 — lidar:  kitti_drive_0084/velodyne_points_pcd
[2026-04-08 11:41:50.013] [info] [LiDAR-Camera] [:]   配置原始值 — camera: kitti_drive_0084/image_00
[2026-04-08 11:41:50.013] [info] [LiDAR-Camera] [:]   base_data_dir:  /root/calib_ws/data
[2026-04-08 11:41:50.013] [info] [LiDAR-Camera] [:]   base 来源: 命令行 --data-dir
[2026-04-08 11:41:50.013] [info] [LiDAR-Camera] [:]   lidar_dir:      /root/calib_ws/data/kitti_drive_0084/velodyne_points_pcd
[2026-04-08 11:41:50.013] [info] [LiDAR-Camera] [:]     → 相对路径，已与 base 拼接
[2026-04-08 11:41:50.013] [info] [LiDAR-Camera] [:]     → 存在: 是
[2026-04-08 11:41:50.013] [info] [LiDAR-Camera] [:]   camera_dir:     /root/calib_ws/data/kitti_drive_0084/image_00
[2026-04-08 11:41:50.013] [info] [LiDAR-Camera] [:]     → 相对路径，已与 base 拼接
[2026-04-08 11:41:50.013] [info] [LiDAR-Camera] [:]     → 存在: 是
[2026-04-08 11:41:50.013] [info] [LiDAR-Camera] [:]   【数据就绪】是 — 点云与图像目录均存在，将执行精标定
[2026-04-08 11:41:50.013] [info] [LiDAR-Camera] [:]   说明: 使用 --dataset 时请将 data.lidar/data.camera 设为相对 base 的路径（如 pcd、images），不要使用 /path/to/... 占位符
[2026-04-08 11:41:50.013] [info] [LiDAR-Camera] [:] ━━━━━━━━━━━━━━━━━━━━━━━━━━━━━━━━━━━━━━━━━━━━━━━━━━━━━━━━━━━━━━━━━━━━━━━━━━━━
[2026-04-08 11:41:50.013] [info] [LiDAR-Camera] [:] 读取系统配置: /root/calib_ws/calib_unified/config/unicalib_example.yaml
[2026-04-08 11:41:50.014] [info] [LiDAR-Camera] [:]   IMU: 1, LiDAR: 1, Camera: 2
[2026-04-08 11:41:50.014] [info] [LiDAR-Camera] [:] 读取系统配置: /root/calib_ws/calib_unified/config/unicalib_example.yaml
[2026-04-08 11:41:50.015] [info] [LiDAR-Camera] [:]   IMU: 1, LiDAR: 1, Camera: 2
[2026-04-08 11:41:50.015] [info] [LiDAR-Camera] [:] [数据源] 类型=FILES  lidar_dir=/root/calib_ws/data/kitti_drive_0084/velodyne_points_pcd  camera_dir=/root/calib_ws/data/kitti_drive_0084/image_00
[2026-04-08 11:41:50.015] [info] [LiDAR-Camera] [:]   内参将从相机标定结果读取: ./results/camera_intrinsic/camera_intrinsic_cam_left.yaml (camera_id=cam_left)
[2026-04-08 11:41:50.015] [info] [LiDAR-Camera] [:]   内参将从相机标定结果读取: ./results/camera_intrinsic/camera_intrinsic_cam_right.yaml (camera_id=cam_right)
[2026-04-08 11:41:50.015] [info] [LiDAR-Camera] [:] [CalibPipeline] 初始化 ID=pipeline_20260408_114150
[2026-04-08 11:41:50.015] [info] [LiDAR-Camera] [:] [CalibPipeline] 输出目录: ./results
[2026-04-08 11:41:50.015] [info] [LiDAR-Camera] [:] [CalibPipeline] 无目标优先: true
[2026-04-08 11:41:50.015] [info] [LiDAR-Camera] [:] [CalibPipeline] 任务掩码: 0x10
[2026-04-08 11:41:50.015] [info] [LiDAR-Camera] [:] ▶ Stage 1: AI 粗标定 (MIAS-LCEC)
[2026-04-08 11:41:50.015] [info] [LiDAR-Camera] [:]   模型路径: /root/calib_ws/MIAS-LCEC (粗标定使用 pretrained_overlap_transformer.pth.tar)
[2026-04-08 11:41:51.180] [info] [LiDAR-Camera] [:] [AI-Calib] DM-Calib 配置的 Python 无 torch，改用已装 torch 的 Python: python3
[2026-04-08 11:41:51.180] [info] [LiDAR-Camera] [:] [AI-Calib] ===== AI 模型可用性检查 =====
[2026-04-08 11:41:51.180] [info] [LiDAR-Camera] [:] [DM-Calib] 可用性检查 失败 原因=推理脚本不存在 路径=/root/calib_ws/DM-Calib/DMCalib/tools/infer_unicalib.py
[2026-04-08 11:41:51.180] [info] [LiDAR-Camera] [:]   DM-Calib (相机内参):      ✗ 不可用
[2026-04-08 11:41:51.180] [info] [LiDAR-Camera] [:]   MIAS-LCEC (LiDAR-Cam):   ✓ 可用
[2026-04-08 11:41:51.180] [info] [LiDAR-Camera] [:] [TransformerIMU] 不可用: 脚本不存在 script=/root/calib_ws/Transformer-IMU-Calibrator/eval_unicalib.py
[2026-04-08 11:41:51.180] [info] [LiDAR-Camera] [:]   Transformer-IMU (IMU内参): ✗ 不可用
[2026-04-08 11:41:51.180] [info] [LiDAR-Camera] [:]   L2Calib (IMU-LiDAR):     ✗ 不可用
[2026-04-08 11:41:51.180] [info] [LiDAR-Camera] [:] [AI-Calib] ================================
[2026-04-08 11:41:51.180] [info] [LiDAR-Camera] [:]   [Stage 1] MIAS-LCEC 可用: 是 (粗标定支持: 1) 指定 coarse_pcd_file/coarse_image_file 2) 从当前数据源取首帧，同相机内参)
[2026-04-08 11:41:51.181] [info] [LiDAR-Camera] [:]   内参: fx=384.0 fy=384.0 cx=376.0 cy=240.0 尺寸=752x480 (来自 ./results/camera_intrinsic/camera_intrinsic_cam_left.yaml)
[2026-04-08 11:41:51.182] [info] [LiDAR-Camera] [:]   [Stage 1] 粗标定输入来源: 文件目录首帧  PCD=/root/calib_ws/data/kitti_drive_0084/velodyne_points_pcd/0000000000.pcd  图像=/root/calib_ws/data/kitti_drive_0084/image_00/0000000000.png
[2026-04-08 11:41:51.182] [info] [LiDAR-Camera] [:]   [Stage 1] 标定对: lidar_id=lidar_0  camera_id=cam_left
[2026-04-08 11:41:51.182] [info] [LiDAR-Camera] [:]   [Stage 1] 调用粗标定: pcd=/root/calib_ws/data/kitti_drive_0084/velodyne_points_pcd/0000000000.pcd  image=/root/calib_ws/data/kitti_drive_0084/image_00/0000000000.png 内参: fx=384.0 尺寸=752x480
[2026-04-08 11:41:51.182] [info] [LiDAR-Camera] [:] [AI-Calib] LiDAR-Cam 粗估 (MIAS-LCEC) lidar_0→cam_0
[2026-04-08 11:41:51.182] [info] [LiDAR-Camera] [:] [MIAS-LCEC] 仓库: /root/calib_ws/calib_unified 脚本: scripts/run_lidar_cam_coarse.py 实际传入模型路径: /root/calib_ws/MIAS-LCEC/model/mobile_sam.pt
[2026-04-08 11:41:51.183] [info] [LiDAR-Camera] [:] [MIAS-LCEC] 子进程 Python: python3 (已绕过 wrapper)
[2026-04-08 11:41:51.183] [info] [LiDAR-Camera] [:] [MIAS-LCEC] 粗标定尝试 1/2  (首次), 超时=180s
[2026-04-08 11:41:51.183] [info] [LiDAR-Camera] [:] [MIAS-LCEC] 执行命令 (python3+PYTHONPATH): python3 /root/calib_ws/calib_unified/scripts/run_lidar_cam_coarse.py --pcd /root/calib_ws/data/kitti_drive_0084/velodyne_points_pcd/0000000000.pcd --image /root/calib_ws/data/kitti_drive_0084/image_00/0000000000.png --sensor_config /tmp/mias_work/sensor_config.yaml --output_dir /tmp/mias_work/output --quality-ncc-good 0.300000 --quality-ncc-acceptable 0.200000 --quality-rms-good-px 2.000000 --quality-rms-acceptable-px 5.000000 --quality-inlier-ratio-good 0.600000 --quality-inlier-ratio-acceptable 0.400000 --model_path /root/calib_ws/MIAS-LCEC/model/mobile_sam.pt --mias_repo /root/calib_ws/calib_unified --no-require-model
[2026-04-08 11:41:51.316] [info] [LiDAR-Camera] [:] [MIAS-LCEC] 子进程: [2026-04-08 11:41:51.316] [INFO] 环境: numpy=2.2.6
[2026-04-08 11:41:51.316] [info] [LiDAR-Camera] [:] [MIAS-LCEC] 子进程: [2026-04-08 11:41:51.316] [INFO] ======== 粗标定开始 ========
[2026-04-08 11:41:51.316] [info] [LiDAR-Camera] [:] [MIAS-LCEC] 子进程: [2026-04-08 11:41:51.316] [INFO] 输入: pcd=/root/calib_ws/data/kitti_drive_0084/velodyne_points_pcd/0000000000.pcd  image=/root/calib_ws/data/kitti_drive_0084/image_00/0000000000.png  sensor_config=/tmp/mias_work/sensor_config.yaml  output_dir=/tmp/mias_work/output
[2026-04-08 11:41:51.316] [info] [LiDAR-Camera] [:] [MIAS-LCEC] 子进程: [2026-04-08 11:41:51.316] [INFO] [步骤 1/4] 读取 sensor_config...
[2026-04-08 11:41:51.326] [info] [LiDAR-Camera] [:] [MIAS-LCEC] 子进程: [2026-04-08 11:41:51.325] [INFO] 读取 sensor_config: /tmp/mias_work/sensor_config.yaml
[2026-04-08 11:41:51.327] [info] [LiDAR-Camera] [:] [MIAS-LCEC] 子进程: [2026-04-08 11:41:51.327] [INFO] 相机内参: fx=384.00 fy=384.00 cx=376.00 cy=240.00 width=752 height=480
[2026-04-08 11:41:51.327] [info] [LiDAR-Camera] [:] [MIAS-LCEC] 子进程: [2026-04-08 11:41:51.327] [INFO] [步骤 2/4] 读取 PCD...
[2026-04-08 11:41:51.454] [info] [LiDAR-Camera] [:] [MIAS-LCEC] 子进程: [2026-04-08 11:41:51.454] [INFO] PCD 加载方式: ASCII (优先，避免 Open3D/NumPy 2.x 兼容问题)  路径=/root/calib_ws/data/kitti_drive_0084/velodyne_points_pcd/0000000000.pcd
[2026-04-08 11:41:51.455] [info] [LiDAR-Camera] [:] [MIAS-LCEC] 子进程: [2026-04-08 11:41:51.455] [INFO] 点云规模: 112022 点  范围 X[-79.53, 78.21] Y[-36.29, 70.07] Z[-16.61, 2.91]
[2026-04-08 11:41:51.455] [info] [LiDAR-Camera] [:] [MIAS-LCEC] 子进程: [2026-04-08 11:41:51.455] [INFO] [步骤 2/4] PCD 读取完成  点数=112022
[2026-04-08 11:41:51.455] [info] [LiDAR-Camera] [:] [MIAS-LCEC] 子进程: [2026-04-08 11:41:51.455] [INFO] [步骤 3/4] 读取图像 (优先 Pillow，避免 NumPy 2.x 下 cv2 崩溃)...
[2026-04-08 11:41:51.463] [info] [LiDAR-Camera] [:] [MIAS-LCEC] 子进程: [2026-04-08 11:41:51.462] [ERROR] 读取图像失败: 图像不存在: /root/calib_ws/data/kitti_drive_0084/image_00/0000000000.png
[2026-04-08 11:41:51.463] [info] [LiDAR-Camera] [:] [MIAS-LCEC] 子进程: [2026-04-08 11:41:51.463] [ERROR] traceback: Traceback (most recent call last):
[2026-04-08 11:41:51.463] [info] [LiDAR-Camera] [:] [MIAS-LCEC] 子进程:   File "/root/calib_ws/calib_unified/scripts/run_lidar_cam_coarse.py", line 516, in main
[2026-04-08 11:41:51.463] [info] [LiDAR-Camera] [:] [MIAS-LCEC] 子进程:     image = load_image_safe(args.image)
[2026-04-08 11:41:51.463] [info] [LiDAR-Camera] [:] [MIAS-LCEC] 子进程:   File "/root/calib_ws/calib_unified/scripts/run_lidar_cam_coarse.py", line 159, in load_image_safe
[2026-04-08 11:41:51.463] [info] [LiDAR-Camera] [:] [MIAS-LCEC] 子进程:     raise FileNotFoundError(f"图像不存在: {image_path}")
[2026-04-08 11:41:51.463] [info] [LiDAR-Camera] [:] [MIAS-LCEC] 子进程: FileNotFoundError: 图像不存在: /root/calib_ws/data/kitti_drive_0084/image_00/0000000000.png
[2026-04-08 11:41:52.187] [info] [LiDAR-Camera] [:] [AI-Exec] 子进程完整输出已保存到: /tmp/mias_work/subprocess_1775619711.log
[2026-04-08 11:41:52.187] [info] [LiDAR-Camera] [:] [MIAS-LCEC] 子进程结束  exit_code=1  elapsed_ms=1003  output_exists=no
[2026-04-08 11:41:52.188] [error] [LiDAR-Camera] [:] [MIAS-LCEC] MIAS-LCEC 失败 (exit=1)
[2026-04-08 11:41:52.188] [warning] [LiDAR-Camera] [:] [MIAS-LCEC] 可能原因: 1) sensor_config 内参为 0 → 配置 camera_intrinsic_file 或确保 C++ 从首帧推断 2) PCD/图像读取失败 3) Python 环境 NumPy/OpenCV 版本不兼容(见下方) 4) 见下方子进程完整输出
[2026-04-08 11:41:52.188] [error] [LiDAR-Camera] [:] [MIAS-LCEC] 子进程 stdout/stderr (完整):
[2026-04-08 11:41:51.316] [INFO] 环境: numpy=2.2.6
[2026-04-08 11:41:51.316] [INFO] ======== 粗标定开始 ========
[2026-04-08 11:41:51.316] [INFO] 输入: pcd=/root/calib_ws/data/kitti_drive_0084/velodyne_points_pcd/0000000000.pcd  image=/root/calib_ws/data/kitti_drive_0084/image_00/0000000000.png  sensor_config=/tmp/mias_work/sensor_config.yaml  output_dir=/tmp/mias_work/output
[2026-04-08 11:41:51.316] [INFO] [步骤 1/4] 读取 sensor_config...
[2026-04-08 11:41:51.325] [INFO] 读取 sensor_config: /tmp/mias_work/sensor_config.yaml
[2026-04-08 11:41:51.327] [INFO] 相机内参: fx=384.00 fy=384.00 cx=376.00 cy=240.00 width=752 height=480
[2026-04-08 11:41:51.327] [INFO] [步骤 2/4] 读取 PCD...
[2026-04-08 11:41:51.454] [INFO] PCD 加载方式: ASCII (优先，避免 Open3D/NumPy 2.x 兼容问题)  路径=/root/calib_ws/data/kitti_drive_0084/velodyne_points_pcd/0000000000.pcd
[2026-04-08 11:41:51.455] [INFO] 点云规模: 112022 点  范围 X[-79.53, 78.21] Y[-36.29, 70.07] Z[-16.61, 2.91]
[2026-04-08 11:41:51.455] [INFO] [步骤 2/4] PCD 读取完成  点数=112022
[2026-04-08 11:41:51.455] [INFO] [步骤 3/4] 读取图像 (优先 Pillow，避免 NumPy 2.x 下 cv2 崩溃)...
[2026-04-08 11:41:51.462] [ERROR] 读取图像失败: 图像不存在: /root/calib_ws/data/kitti_drive_0084/image_00/0000000000.png
[2026-04-08 11:41:51.463] [ERROR] traceback: Traceback (most recent call last):
  File "/root/calib_ws/calib_unified/scripts/run_lidar_cam_coarse.py", line 516, in main
    image = load_image_safe(args.image)
  File "/root/calib_ws/calib_unified/scripts/run_lidar_cam_coarse.py", line 159, in load_image_safe
    raise FileNotFoundError(f"图像不存在: {image_path}")
FileNotFoundError: 图像不存在: /root/calib_ws/data/kitti_drive_0084/image_00/0000000000.png


[2026-04-08 11:41:52.188] [warning] [LiDAR-Camera] [:] [MIAS-LCEC] 检测到 NumPy 版本冲突: 当前环境为 NumPy 2.x，子进程依赖（如 opencv）可能为 NumPy 1.x 编译。建议: 1) 在子进程环境中安装 numpy<2 或 2) 升级 opencv-python 到支持 NumPy 2 的版本 3) 粗标定脚本已支持优先 Pillow 读图、仅 identity 初值时不依赖 cv2，请确保已更新脚本并安装 Pillow
[2026-04-08 11:41:52.188] [warning] [LiDAR-Camera] [:] [AI-Calib] MIAS-LCEC 置信度不足
[2026-04-08 11:41:52.188] [warning] [LiDAR-Camera] [:]   ✗ AI粗标定失败, 使用 identity 初始化
[2026-04-08 11:41:52.188] [info] [LiDAR-Camera] [:]   [Stage 1] 结果: 失败 (MIAS-LCEC 返回空，见上方错误)
[2026-04-08 11:41:52.188] [warning] [LiDAR-Camera] [:] 【粗标定未执行】精标定将使用 identity 初值。原因: (1) MIAS-LCEC 可用=是 (2) 粗标定输入已就绪=是
[2026-04-08 11:41:52.188] [info] [LiDAR-Camera] [:]   [Stage 1] 结果: 跳过 (详见上方原因)
[2026-04-08 11:41:52.188] [info] [LiDAR-Camera] [:] ▶ Stage 2: 精标定 (方法=edge)
[2026-04-08 11:41:52.188] [info] [LiDAR-Camera] [:] 
[2026-04-08 11:41:52.188] [info] [LiDAR-Camera] [:] ╔═══════════════════════════════════════════════╗
[2026-04-08 11:41:52.188] [info] [LiDAR-Camera] [:] ║   UniCalib 两阶段标定流水线 — 开始            ║
[2026-04-08 11:41:52.188] [info] [LiDAR-Camera] [:] ║   Pipeline ID: pipeline_20260408_114150       ║
[2026-04-08 11:41:52.188] [info] [LiDAR-Camera] [:] ╚═══════════════════════════════════════════════╝
[2026-04-08 11:41:52.188] [info] [LiDAR-Camera] [:] [Coarse-AI/LiDAR-Cam] enable_coarse_lidar_cam=true → do_coarse=true
[11:41:52.188] [info] 
[11:41:52.188] [info] ━━━━━━━━━━━━━━━━━━━━━━━━━━━━━━━━━━━━━━━━━
[11:41:52.188] [info] ▶ 开始阶段: [Coarse-AI] 任务: [lidar_cam_extrin]
[11:41:52.188] [info]   描述: AI模型提供初始估计值
[11:41:52.188] [info] ━━━━━━━━━━━━━━━━━━━━━━━━━━━━━━━━━━━━━━━━━
[11:41:52.188] [info] [CALC] 粗标定阶段开始 task=lidar_cam_extrin
[11:41:53.277] [info] [AI-Calib] DM-Calib 配置的 Python 无 torch，改用已装 torch 的 Python: python3
[11:41:53.277] [warning] [Coarse-AI/LiDAR-Cam] 粗标定无输入 (未配置数据或首帧不可用)，精标定将使用 identity  pcd_empty=true  image_empty=true
[11:41:53.277] [info] ━━━━━━━━━━━━━━━━━━━━━━━━━━━━━━━━━━━━━━━━━
[11:41:53.277] [info] ■ 结束阶段: [Coarse-AI] 任务: [lidar_cam_extrin]
[11:41:53.277] [info]   结果: ✗ 失败 | 残差RMS: 0.0000 | 耗时: 1088 ms
[11:41:53.277] [info]   消息: 粗标定无输入 (未配置数据或首帧不可用)，精标定将使用 identity
[11:41:53.277] [info] [CALC] 阶段结束 stage=Coarse-AI task=lidar_cam_extrin success=false residual_rms=0.000000 elapsed_ms=1088.5 threshold=-1.0000
[11:41:53.277] [info] ━━━━━━━━━━━━━━━━━━━━━━━━━━━━━━━━━━━━━━━━━
[11:41:53.277] [info] [Pipeline] 粗标定未成功，精标定将使用传统方法初始化
[11:41:53.277] [info] 
[11:41:53.277] [info] ━━━━━━━━━━━━━━━━━━━━━━━━━━━━━━━━━━━━━━━━━
[11:41:53.277] [info] ▶ 开始阶段: [Fine-Auto] 任务: [lidar_cam_extrin]
[11:41:53.277] [info]   描述: 无目标优化
[11:41:53.277] [info] ━━━━━━━━━━━━━━━━━━━━━━━━━━━━━━━━━━━━━━━━━
[11:41:53.277] [info] [CALC] 精标定阶段开始 task=lidar_cam_extrin
[11:41:53.277] [info] [Fine-Auto] 任务: lidar_cam_extrin | 无目标优先: true
[11:41:53.277] [info] [Fine-Auto] 方法: 边缘对齐互信息 (EDGE_ALIGNMENT, 无目标)
[11:41:53.277] [info] [STAGE=lidar_cam_fine_auto] LiDAR-Camera 精标定 开始
[11:41:53.277] [info] [Fine-Auto/LiDAR-Cam] 开始执行精标定...
[11:41:53.277] [info]   [精标定数据源] 类型=FILES  lidar_id=lidar_0
[11:41:53.277] [info]   文件目录: lidar=/root/calib_ws/data/kitti_drive_0084/velodyne_points_pcd  camera=/root/calib_ws/data/kitti_drive_0084/image_00
[11:41:53.277] [error] [Fine-Auto/LiDAR-Cam] 相机图像目录未配置或不存在 (camera=cam_left): kitti_drive_0084/image_00
[11:41:53.277] [info] ━━━━━━━━━━━━━━━━━━━━━━━━━━━━━━━━━━━━━━━━━
[11:41:53.277] [info] ■ 结束阶段: [Fine-Auto] 任务: [lidar_cam_extrin]
[11:41:53.277] [info]   结果: ✗ 失败 | 残差RMS: 0.0000 | 耗时: 0 ms
[11:41:53.277] [info]   消息: 相机图像目录未配置或不存在 (camera=cam_left): kitti_drive_0084/image_00
[11:41:53.277] [info] [CALC] 阶段结束 stage=Fine-Auto task=lidar_cam_extrin success=false residual_rms=0.000000 elapsed_ms=0.0 threshold=2.0000
[11:41:53.277] [info] ━━━━━━━━━━━━━━━━━━━━━━━━━━━━━━━━━━━━━━━━━
[11:41:53.277] [info] ====== Pipeline Report: pipeline_20260408_114150 ======
[11:41:53.277] [info]   Total time: 1088.5 ms
[11:41:53.277] [info]   All stages succeeded: NO
[11:41:53.277] [info]   标定质量: 各阶段 RMS 均在阈值内
[11:41:53.277] [info]   [Coarse-AI-lidar_cam_extrin] success=false rms=0.0000 time=1088.5ms: 粗标定无输入 (未配置数据或首帧不可用)，精标定将使用 identity
[11:41:53.277] [info]   [Fine-Auto-lidar_cam_extrin] success=false rms=0.0000 time=0.0ms: 相机图像目录未配置或不存在 (camera=cam_left): kitti_drive_0084/image_00

╔══════════════════════════════════════════════════════╗
║              标定参数汇总                            ║
╠══════════════════════════════════════════════════════╣
╚══════════════════════════════════════════════════════╝

[11:41:53.277] [info] ================================
[11:41:53.277] [info] Pipeline report saved: ./results/pipeline_report_20260408_114150.yaml
[11:41:53.277] [info] ====== Pipeline Report: pipeline_20260408_114150 ======
[11:41:53.277] [info]   Total time: 1088.5 ms
[11:41:53.277] [info]   All stages succeeded: NO
[11:41:53.277] [info]   标定质量: 各阶段 RMS 均在阈值内
[11:41:53.277] [info]   [Coarse-AI-lidar_cam_extrin] success=false rms=0.0000 time=1088.5ms: 粗标定无输入 (未配置数据或首帧不可用)，精标定将使用 identity
[11:41:53.277] [info]   [Fine-Auto-lidar_cam_extrin] success=false rms=0.0000 time=0.0ms: 相机图像目录未配置或不存在 (camera=cam_left): kitti_drive_0084/image_00

╔══════════════════════════════════════════════════════╗
║              标定参数汇总                            ║
╠══════════════════════════════════════════════════════╣
╚══════════════════════════════════════════════════════╝

[11:41:53.277] [info] ================================
[11:41:53.277] [info] ━━━━━━━━━━━━━━━━━━━━━━━━━━━━━━━━━━━━
[11:41:53.277] [info] LiDAR-Camera 标定流程完成
[11:41:53.277] [info] 结果目录: ./results
[11:41:53.277] [info] 标定流程正常退出 exit_code=0
[11:41:53.277] [info] ━━━━━━━━━━━━━━━━━━━━━━━━━━━━━━━━━━━━
