
 ╔═══════════════════════════════════════════════════════╗
 ║   UniCalib — Camera-Camera 外参标定                   ║
 ║   两阶段: 特征匹配初始化 → BA精化(无目标优先)          ║
 ║   手动校准: --manual 触发 click-calib 对应点精化       ║
 ╚═══════════════════════════════════════════════════════╝

[2026-04-21 17:20:17.454] [info] [Cam-Cam] [:] 读取系统配置: /root/calib_ws/calib_unified/config/unicalib_example.yaml
[2026-04-21 17:20:17.455] [info] [Cam-Cam] [:]   IMU: 0, LiDAR: 1, Camera: 1
[2026-04-21 17:20:17.455] [info] [Cam-Cam] [:] ━━━━━━━━━━━━━━━━━━━━━━━━━━━━━━━━━━━━
[2026-04-21 17:20:17.455] [info] [Cam-Cam] [:] 配置: /root/calib_ws/calib_unified/config/unicalib_example.yaml
[2026-04-21 17:20:17.455] [info] [Cam-Cam] [:] 精标定方法: ba | 无目标优先: true
[2026-04-21 17:20:17.455] [info] [Cam-Cam] [:] 手动校准: true (阈值=1.50px)
[2026-04-21 17:20:17.455] [info] [Cam-Cam] [:] ━━━━━━━━━━━━━━━━━━━━━━━━━━━━━━━━━━━━
[2026-04-21 17:20:17.455] [info] [Cam-Cam] [:] [Cam-Cam] 已从配置读取 1 对标定对
[2026-04-21 17:20:17.455] [info] [Cam-Cam] [:] [Cam-Cam] 数据源: ROS2 bag  path=/root/calib_ws/data/Koide/ouster/rosbag2_2023_03_28-16_25_54_fixed
[2026-04-21 17:20:17.455] [info] [Cam-Cam] [:] [Cam-Cam]   相机 cam_0 -> /image
[2026-04-21 17:20:17.455] [info] [Cam-Cam] [:] [CalibPipeline] 初始化 ID=pipeline_20260421_172017
[2026-04-21 17:20:17.455] [info] [Cam-Cam] [:] [CalibPipeline] 输出目录: ./results
[2026-04-21 17:20:17.455] [info] [Cam-Cam] [:] [CalibPipeline] 无目标优先: true
[2026-04-21 17:20:17.455] [info] [Cam-Cam] [:] [CalibPipeline] 任务掩码: 0x20
[2026-04-21 17:20:17.455] [info] [Cam-Cam] [:] ▶ Stage 1 (粗标定): 特征点匹配 + 本质矩阵
[2026-04-21 17:20:17.455] [info] [Cam-Cam] [:]   图像: 从 ROS2 bag 按 camera_topics / sensors 加载
[2026-04-21 17:20:17.455] [info] [Cam-Cam] [:] ▶ Stage 2 (精标定): ba (无目标=true)
[2026-04-21 17:20:17.455] [info] [Cam-Cam] [:] ▶ Stage 3 (手动校准): click-calib 双目对应点精化
[2026-04-21 17:20:17.456] [info] [Cam-Cam] [:]   阈值: 1.50px 超过则提示手动校准
[2026-04-21 17:20:17.456] [info] [Cam-Cam] [:]   使用 ManualClickRefiner::refine_cam_cam() 进行精化
[2026-04-21 17:20:17.456] [info] [Cam-Cam] [:] 
[2026-04-21 17:20:17.456] [info] [Cam-Cam] [:] ╔═══════════════════════════════════════════════╗
[2026-04-21 17:20:17.456] [info] [Cam-Cam] [:] ║   UniCalib 两阶段标定流水线 — 开始            ║
[2026-04-21 17:20:17.456] [info] [Cam-Cam] [:] ║   Pipeline ID: pipeline_20260421_172017       ║
[2026-04-21 17:20:17.456] [info] [Cam-Cam] [:] ╚═══════════════════════════════════════════════╝
[17:20:17.456] [info] 
[17:20:17.456] [info] ━━━━━━━━━━━━━━━━━━━━━━━━━━━━━━━━━━━━━━━━━
[17:20:17.456] [info] ▶ 开始阶段: [Fine-Auto] 任务: [cam_cam_extrin]
[17:20:17.456] [info]   描述: 无目标优化
[17:20:17.456] [info] ━━━━━━━━━━━━━━━━━━━━━━━━━━━━━━━━━━━━━━━━━
[17:20:17.456] [info] [CALC] 精标定阶段开始 task=cam_cam_extrin
[17:20:17.456] [info] [Fine-Auto] 任务: cam_cam_extrin | 无目标优先: true
[17:20:17.456] [info] [Fine-Auto] 方法: 特征匹配 + Bundle Adjustment (无目标)
[17:20:17.456] [info] [UnifiedDataLoader] 从 ROS2 加载数据...
[17:20:17.456] [info]   Bag 文件: /root/calib_ws/data/Koide/ouster/rosbag2_2023_03_28-16_25_54_fixed
[17:20:17.456] [info]   实时模式: false
[17:20:17.456] [info] [Ros2BagDataSource] 打开 bag 文件: /root/calib_ws/data/Koide/ouster/rosbag2_2023_03_28-16_25_54_fixed
[17:20:17.456] [info] [Ros2BagDataSource] 正在读取 metadata.yaml: /root/calib_ws/data/Koide/ouster/rosbag2_2023_03_28-16_25_54_fixed/metadata.yaml
[17:20:17.456] [info] [Ros2BagDataSource] 自动检测 LiDAR 话题: /points
[17:20:17.456] [info] [Ros2BagDataSource] 使用配置的相机话题 (来自 sensors): /image
[INFO] [1776763217.457846057] [rosbag2_storage]: Opened database '/root/calib_ws/data/Koide/ouster/rosbag2_2023_03_28-16_25_54_fixed/rosbag2_2023_03_28-16_25_54_fixed_0.db3' for READ_ONLY.
[17:20:17.457] [info] [Ros2BagDataSource] Bag 已打开，开始读取消息...
[17:20:17.457] [info] [Ros2BagDataSource] 找到 3 个话题
[17:20:17.457] [info] [Ros2BagDataSource]  话题: /camera_info  类型: sensor_msgs/msg/CameraInfo  消息数: 58
[17:20:17.457] [info] [Ros2BagDataSource]  话题: /image  类型: sensor_msgs/msg/Image  消息数: 58
[17:20:17.457] [info] [Ros2BagDataSource]  话题: /points  类型: sensor_msgs/msg/PointCloud2  消息数: 291
[17:20:17.457] [info] [Ros2BagDataSource] 将加载 bag 内所有 IMU / LiDAR / 相机话题，加载后可通过 sensor_id 或话题名选择使用
[17:20:18.387] [info] [Ros2BagDataSource] 加载完成 (所有话题按话题名存储，可通过 sensor_id 或话题名选择):
[17:20:18.387] [info]   LiDAR [/points]: 291 帧
[17:20:18.387] [info]   相机 [/image]: 58 帧
[17:20:18.387] [info]   选用 LiDAR  lidar_0 -> /points
[17:20:18.387] [info]   选用 相机  cam_0 -> /image
[17:20:18.387] [info]   时间范围: 1743.854 - 1772.955 秒
[17:20:18.387] [info] [Ros2BagDataSource] 应用采样/帧数限制...
[17:20:18.388] [warning] [Fine-Auto/Cam-Cam] Camera-Camera 标定需要至少 2 个相机，当前: 1
[17:20:18.408] [info] ━━━━━━━━━━━━━━━━━━━━━━━━━━━━━━━━━━━━━━━━━
[17:20:18.408] [info] ■ 结束阶段: [Fine-Auto] 任务: [cam_cam_extrin]
[17:20:18.408] [info]   结果: ✓ 成功 | 残差RMS: 0.0000 | 耗时: 952 ms
[17:20:18.408] [info]   消息: Camera-Camera 标定需要至少 2 个相机，当前: 1
[17:20:18.408] [info] [CALC] 阶段结束 stage=Fine-Auto task=cam_cam_extrin success=true residual_rms=0.000000 elapsed_ms=932.1 threshold=1.5000
[17:20:18.408] [info] ━━━━━━━━━━━━━━━━━━━━━━━━━━━━━━━━━━━━━━━━━
[17:20:18.408] [info] [Pipeline] 用户已启用手动校准 (--manual), 进入 6-DOF 调整
[17:20:18.408] [info] 
[17:20:18.408] [info] ━━━━━━━━━━━━━━━━━━━━━━━━━━━━━━━━━━━━━━━━━
[17:20:18.408] [info] ▶ 开始阶段: [Manual-Refine] 任务: [cam_cam_extrin]
[17:20:18.408] [info]   描述: 手动校准: 6-DOF 交互式调整
[17:20:18.408] [info] ━━━━━━━━━━━━━━━━━━━━━━━━━━━━━━━━━━━━━━━━━
[17:20:18.408] [info] [Manual-Refine] 任务: cam_cam_extrin
[17:20:18.408] [info] [Manual-Refine] 操作说明: Q/A Roll  W/S Pitch  E/D Yaw  R/F Tx  T/G Ty  Y/H Tz  U Undo  Enter 接受  Esc 取消
[17:20:18.408] [info] [ManualSession] 会话ID: session_2026-04-21_17-20-18
[17:20:18.408] [info] [ManualSession] 保存目录: ./results/manual_sessions
[17:20:18.408] [warning] [Manual-Refine] 无 Camera-Camera 精标定缓存数据，无法启用手动调整
[17:20:18.408] [info] ━━━━━━━━━━━━━━━━━━━━━━━━━━━━━━━━━━━━━━━━━
[17:20:18.408] [info] ■ 结束阶段: [Manual-Refine] 任务: [cam_cam_extrin]
[17:20:18.408] [info]   结果: ✗ 失败 | 残差RMS: 0.0000 | 耗时: 0 ms
[17:20:18.408] [info]   消息: 无 Camera-Camera 精标定缓存数据，无法启用手动调整
[17:20:18.408] [info] [CALC] 阶段结束 stage=Manual-Refine task=cam_cam_extrin success=false residual_rms=0.000000 elapsed_ms=0.0 threshold=-1.0000
[17:20:18.408] [info] ━━━━━━━━━━━━━━━━━━━━━━━━━━━━━━━━━━━━━━━━━
[17:20:18.408] [info] ====== Pipeline Report: pipeline_20260421_172017 ======
[17:20:18.408] [info]   Total time: 932.1 ms
[17:20:18.408] [info]   All stages succeeded: NO
[17:20:18.408] [info]   标定质量: 各阶段 RMS 均在阈值内
[17:20:18.408] [info]   [Fine-Auto-cam_cam_extrin] success=true rms=0.0000 time=932.1ms: Camera-Camera 标定需要至少 2 个相机，当前: 1
[17:20:18.408] [info]   [Manual-Refine-cam_cam_extrin] success=false rms=0.0000 time=0.0ms: 无 Camera-Camera 精标定缓存数据，无法启用手动调整

╔══════════════════════════════════════════════════════╗
║              标定参数汇总                            ║
╠══════════════════════════════════════════════════════╣
╚══════════════════════════════════════════════════════╝

[17:20:18.408] [info] ================================
[17:20:18.408] [info] Pipeline report saved: ./results/pipeline_report_20260421_172017.yaml
[17:20:18.409] [info] ====== Pipeline Report: pipeline_20260421_172017 ======
[17:20:18.409] [info]   Total time: 932.1 ms
[17:20:18.409] [info]   All stages succeeded: NO
[17:20:18.409] [info]   标定质量: 各阶段 RMS 均在阈值内
[17:20:18.409] [info]   [Fine-Auto-cam_cam_extrin] success=true rms=0.0000 time=932.1ms: Camera-Camera 标定需要至少 2 个相机，当前: 1
[17:20:18.409] [info]   [Manual-Refine-cam_cam_extrin] success=false rms=0.0000 time=0.0ms: 无 Camera-Camera 精标定缓存数据，无法启用手动调整

╔══════════════════════════════════════════════════════╗
║              标定参数汇总                            ║
╠══════════════════════════════════════════════════════╣
╚══════════════════════════════════════════════════════╝

[17:20:18.409] [info] ================================
[17:20:18.409] [info] Cam-Cam 标定完成 | 结果: ./results
