
 ╔═══════════════════════════════════════════════════════╗
 ║   UniCalib — Camera-Camera 外参标定                   ║
 ║   两阶段: 特征匹配初始化 → BA精化(无目标优先)          ║
 ║   手动校准: --manual 触发 click-calib 对应点精化       ║
 ╚═══════════════════════════════════════════════════════╝

[2026-04-27 17:52:53.081] [info] [Cam-Cam] [:] 读取系统配置: /root/calib_ws/calib_unified/config/unicalib_example.yaml
[2026-04-27 17:52:53.086] [info] [Cam-Cam] [:]   IMU: 1, LiDAR: 2, Camera: 2
[2026-04-27 17:52:53.086] [info] [Cam-Cam] [:] ━━━━━━━━━━━━━━━━━━━━━━━━━━━━━━━━━━━━
[2026-04-27 17:52:53.086] [info] [Cam-Cam] [:] 配置: /root/calib_ws/calib_unified/config/unicalib_example.yaml
[2026-04-27 17:52:53.086] [info] [Cam-Cam] [:] 精标定方法: ba | 无目标优先: true
[2026-04-27 17:52:53.086] [info] [Cam-Cam] [:] 手动校准: true (阈值=1.50px)
[2026-04-27 17:52:53.086] [info] [Cam-Cam] [:] ━━━━━━━━━━━━━━━━━━━━━━━━━━━━━━━━━━━━
[2026-04-27 17:52:53.087] [info] [Cam-Cam] [:] [Cam-Cam] 已从配置读取 1 对标定对
[2026-04-27 17:52:53.087] [info] [Cam-Cam] [:] [Cam-Cam] 数据源: ROS2 bag  path=/root/calib_ws/data/nya_02_slam_imu_to_lidar/nya_02_ros2
[2026-04-27 17:52:53.087] [info] [Cam-Cam] [:] [Cam-Cam]   相机 cam_left -> /left/image_raw
[2026-04-27 17:52:53.087] [info] [Cam-Cam] [:] [Cam-Cam]   相机 cam_right -> /right/image_raw
[2026-04-27 17:52:53.087] [info] [Cam-Cam] [:] [CalibPipeline] 初始化 ID=pipeline_20260427_175253
[2026-04-27 17:52:53.087] [info] [Cam-Cam] [:] [CalibPipeline] 输出目录: ./results
[2026-04-27 17:52:53.087] [info] [Cam-Cam] [:] [CalibPipeline] 无目标优先: true
[2026-04-27 17:52:53.087] [info] [Cam-Cam] [:] [CalibPipeline] 任务掩码: 0x20
[2026-04-27 17:52:53.087] [info] [Cam-Cam] [:] ▶ Stage 1 (粗标定): 特征点匹配 + 本质矩阵
[2026-04-27 17:52:53.087] [info] [Cam-Cam] [:]   图像: 从 ROS2 bag 按 camera_topics / sensors 加载
[2026-04-27 17:52:53.087] [info] [Cam-Cam] [:] ▶ Stage 2 (精标定): ba (无目标=true)
[2026-04-27 17:52:53.087] [info] [Cam-Cam] [:] ▶ Stage 3 (手动校准): click-calib 双目对应点精化
[2026-04-27 17:52:53.087] [info] [Cam-Cam] [:]   阈值: 1.50px 超过则提示手动校准
[2026-04-27 17:52:53.087] [info] [Cam-Cam] [:]   使用 ManualClickRefiner::refine_cam_cam() 进行精化
[2026-04-27 17:52:53.087] [info] [Cam-Cam] [:] 
[2026-04-27 17:52:53.087] [info] [Cam-Cam] [:] ╔═══════════════════════════════════════════════╗
[2026-04-27 17:52:53.087] [info] [Cam-Cam] [:] ║   UniCalib 两阶段标定流水线 — 开始            ║
[2026-04-27 17:52:53.087] [info] [Cam-Cam] [:] ║   Pipeline ID: pipeline_20260427_175253       ║
[2026-04-27 17:52:53.087] [info] [Cam-Cam] [:] ╚═══════════════════════════════════════════════╝
[17:52:53.087] [info] 
[17:52:53.087] [info] ━━━━━━━━━━━━━━━━━━━━━━━━━━━━━━━━━━━━━━━━━
[17:52:53.087] [info] ▶ 开始阶段: [Fine-Auto] 任务: [cam_cam_extrin]
[17:52:53.087] [info]   描述: 无目标优化
[17:52:53.087] [info] ━━━━━━━━━━━━━━━━━━━━━━━━━━━━━━━━━━━━━━━━━
[17:52:53.087] [info] [CALC] 精标定阶段开始 task=cam_cam_extrin
[17:52:53.087] [info] [Fine-Auto] 任务: cam_cam_extrin | 无目标优先: true
[17:52:53.087] [info] [Fine-Auto] 方法: 特征匹配 + Bundle Adjustment (无目标)
[17:52:53.088] [info] [UnifiedDataLoader] 从 ROS2 加载数据...
[17:52:53.088] [info]   Bag 文件: /root/calib_ws/data/nya_02_slam_imu_to_lidar/nya_02_ros2
[17:52:53.088] [info]   实时模式: false
[17:52:53.088] [info] [Ros2BagDataSource] 打开 bag 文件: /root/calib_ws/data/nya_02_slam_imu_to_lidar/nya_02_ros2
[17:52:53.088] [info] [Ros2BagDataSource] 正在读取 metadata.yaml: /root/calib_ws/data/nya_02_slam_imu_to_lidar/nya_02_ros2/metadata.yaml
[17:52:53.090] [info] [Ros2BagDataSource] 自动检测 LiDAR 话题: /os1_cloud_node1/points
[17:52:53.090] [info] [Ros2BagDataSource] 使用配置的相机话题 (来自 sensors): /left/image_raw
[17:52:53.090] [info] [Ros2BagDataSource] 自动检测 IMU 话题: /dji_sdk/attitude
[INFO] [1777283573.101796113] [rosbag2_storage]: Opened database '/root/calib_ws/data/nya_02_slam_imu_to_lidar/nya_02_ros2/nya_02_ros2.db3' for READ_ONLY.
[17:52:53.101] [info] [Ros2BagDataSource] Bag 已打开，开始读取消息...
[17:52:53.101] [info] [Ros2BagDataSource] 找到 19 个话题
[17:52:53.101] [info] [Ros2BagDataSource]  话题: /dji_sdk/imu  类型: sensor_msgs/msg/Imu  消息数: 171462
[17:52:53.101] [info] [Ros2BagDataSource]  话题: /dji_sdk/attitude  类型: geometry_msgs/msg/QuaternionStamped  消息数: 42866
[17:52:53.101] [info] [Ros2BagDataSource]  话题: /os1_cloud_node2/imu  类型: sensor_msgs/msg/Imu  消息数: 42862
[17:52:53.101] [info] [Ros2BagDataSource]  话题: /os1_cloud_node1/imu  类型: sensor_msgs/msg/Imu  消息数: 42862
[17:52:53.101] [info] [Ros2BagDataSource]  话题: /imu/imu  类型: sensor_msgs/msg/Imu  消息数: 166428
[17:52:53.101] [info] [Ros2BagDataSource]  话题: /imu/magnetic_field  类型: sensor_msgs/msg/MagneticField  消息数: 166428
[17:52:53.101] [info] [Ros2BagDataSource]  话题: /imu/temperature  类型: sensor_msgs/msg/Temperature  消息数: 166428
[17:52:53.101] [info] [Ros2BagDataSource]  话题: /dji_sdk/gps_position  类型: sensor_msgs/msg/NavSatFix  消息数: 21433
[17:52:53.101] [info] [Ros2BagDataSource]  话题: /dji_sdk/height_above_takeoff  类型: std_msgs/msg/Float32  消息数: 21433
[17:52:53.101] [info] [Ros2BagDataSource]  话题: /dji_sdk/gps_health  类型: std_msgs/msg/UInt8  消息数: 21433
[17:52:53.101] [info] [Ros2BagDataSource]  话题: /uwb_endorange_info  类型: uwb_driver/msg/UwbRange  消息数: 25172
[17:52:53.101] [info] [Ros2BagDataSource]  话题: /left/image_raw  类型: sensor_msgs/msg/Image  消息数: 4285
[17:52:53.101] [info] [Ros2BagDataSource]  话题: /right/image_raw  类型: sensor_msgs/msg/Image  消息数: 4285
[17:52:53.101] [info] [Ros2BagDataSource]  话题: /os1_cloud_node1/points  类型: sensor_msgs/msg/PointCloud2  消息数: 4287
[17:52:53.101] [info] [Ros2BagDataSource]  话题: /os1_cloud_node2/points  类型: sensor_msgs/msg/PointCloud2  消息数: 4286
[17:52:53.101] [info] [Ros2BagDataSource]  话题: /uwb_exorange_info  类型: uwb_driver/msg/UwbEcho  消息数: 2437
[17:52:53.101] [info] [Ros2BagDataSource]  话题: /node_pos_marker_sc  类型: visualization_msgs/msg/Marker  消息数: 2437
[17:52:53.101] [info] [Ros2BagDataSource]  话题: /node_pos_sc  类型: nav_msgs/msg/Path  消息数: 2437
[17:52:53.101] [info] [Ros2BagDataSource]  话题: /leica/pose/relative  类型: geometry_msgs/msg/PoseStamped  消息数: 7679
[17:52:53.101] [info] [Ros2BagDataSource] 将加载 bag 内所有 IMU / LiDAR / 相机话题，加载后可通过 sensor_id 或话题名选择使用
[17:53:25.273] [info] [Ros2BagDataSource] 加载完成 (所有话题按话题名存储，可通过 sensor_id 或话题名选择):
[17:53:25.273] [info]   LiDAR [/os1_cloud_node1/points]: 4287 帧
[17:53:25.273] [info]   LiDAR [/os1_cloud_node2/points]: 4286 帧
[17:53:25.273] [info]   相机 [/left/image_raw]: 4285 帧
[17:53:25.273] [info]   相机 [/right/image_raw]: 4285 帧
[17:53:25.273] [info]   IMU [/dji_sdk/imu]: 171462 帧
[17:53:25.273] [info]   IMU [/imu/imu]: 166428 帧
[17:53:25.273] [info]   IMU [/os1_cloud_node1/imu]: 42862 帧
[17:53:25.273] [info]   IMU [/os1_cloud_node2/imu]: 42862 帧
[17:53:25.274] [info]   选用 LiDAR  lidar_0 -> /os1_cloud_node1/points
[17:53:25.274] [info]   选用 相机  cam_left -> /left/image_raw
[17:53:25.274] [info]   选用 相机  cam_right -> /right/image_raw
[17:53:25.274] [info]   选用 IMU    imu_0 -> /dji_sdk/imu
[17:53:25.274] [info]   时间范围: 1609045331.127 - 1609045759.771 秒
[17:53:25.274] [info] [Ros2BagDataSource] 应用采样/帧数限制...
[17:53:25.543] [info]   LiDAR /os1_cloud_node1/points 采样后: 800 帧
[17:53:25.673] [info]   LiDAR /os1_cloud_node2/points 采样后: 800 帧
[17:53:25.824] [info]   相机 /left/image_raw 采样后: 800 帧
[17:53:25.879] [info]   相机 /right/image_raw 采样后: 800 帧
[17:53:25.904] [info] [Fine-Auto/Cam-Cam] 相机数: 2，将依次标定相邻对: (0-1), (1-2), ...
[17:53:25.909] [info] [CalibVisualizer] 初始化完成
[17:53:25.909] [info] [Viz/Display] 已自动设置 XDG_RUNTIME_DIR=/tmp（原未设置，避免 GLFW 报错）
[17:53:25.909] [info] [Viz/Display] 显示环境 DISPLAY=:1  XDG_RUNTIME_DIR=/tmp  WAYLAND_DISPLAY=(未设置)
[17:53:25.909] [info] [PangolinRender] 正在创建窗口与 OpenGL 上下文: UniCalib Cam-Cam (1280x720)
[17:53:26.563] [info] [PangolinRender] CreateWindowAndBind 已完成
[17:53:26.563] [info] [PangolinRender] 初始化完成: UniCalib Cam-Cam (1280x720)  ShouldQuit=false (窗口内容: 网格+坐标轴，点云需后续推送)
[17:53:26.563] [info] [Viz/Display] 首帧泵送: 开始 (共 12 帧)
[17:53:26.563] [info] [Viz/Render] render_and_handle_input 第 1 次调用 即将调用 pangolin_render_->render()
[17:53:26.563] [info] [PangolinRender] 首帧渲染 点云数=0  坐标系数=0 (无点云时仅显示网格与坐标轴)
[17:53:26.563] [info] [PangolinRender] render 开始 帧=1
[17:53:26.609] [info] [PangolinRender] render 步骤 glClear 完成
[17:53:26.609] [info] [PangolinRender] render 步骤 Activate 完成
[17:53:26.612] [info] [PangolinRender] render 步骤 grid+axis 完成
[17:53:26.614] [info] [PangolinRender] render_point_clouds 本次完成 详细日志次数=1/5
[17:53:26.614] [info] [PangolinRender] render 步骤 point_clouds 完成
[17:53:26.614] [info] [PangolinRender] render 步骤 frustum+frames 完成
[17:53:26.634] [info] [PangolinRender] render 步骤 FinishFrame 完成
[17:53:26.634] [info] [Viz/Render] render_and_handle_input 第 1 次 render() 返回 continue_render=true
[17:53:26.634] [info] [Viz/Display] 首帧泵送 第 1/12 帧 render_ok=true
[17:53:26.654] [info] [Viz/Render] render_and_handle_input 第 2 次调用 即将调用 pangolin_render_->render()
[17:53:26.654] [info] [PangolinRender] render 开始 帧=2
[17:53:26.654] [info] [PangolinRender] render 步骤 glClear 完成
[17:53:26.654] [info] [PangolinRender] render 步骤 Activate 完成
[17:53:26.654] [info] [PangolinRender] render 步骤 grid+axis 完成
[17:53:26.654] [info] [PangolinRender] render_point_clouds 本次完成 详细日志次数=2/5
[17:53:26.654] [info] [PangolinRender] render 步骤 point_clouds 完成
[17:53:26.654] [info] [PangolinRender] render 步骤 frustum+frames 完成
[17:53:26.654] [info] [PangolinRender] render 步骤 FinishFrame 完成
[17:53:26.654] [info] [Viz/Render] render_and_handle_input 第 2 次 render() 返回 continue_render=true
[17:53:26.674] [info] [Viz/Render] render_and_handle_input 第 3 次调用 即将调用 pangolin_render_->render()
[17:53:26.674] [info] [PangolinRender] render 开始 帧=3
[17:53:26.674] [info] [PangolinRender] render 步骤 glClear 完成
[17:53:26.674] [info] [PangolinRender] render 步骤 Activate 完成
[17:53:26.674] [info] [PangolinRender] render 步骤 grid+axis 完成
[17:53:26.674] [info] [PangolinRender] render_point_clouds 本次完成 详细日志次数=3/5
[17:53:26.674] [info] [PangolinRender] render 步骤 point_clouds 完成
[17:53:26.674] [info] [PangolinRender] render 步骤 frustum+frames 完成
[17:53:26.675] [info] [PangolinRender] render 步骤 FinishFrame 完成
[17:53:26.675] [info] [Viz/Render] render_and_handle_input 第 3 次 render() 返回 continue_render=true
[17:53:26.695] [info] [Viz/Render] render_and_handle_input 第 4 次调用 即将调用 pangolin_render_->render()
[17:53:26.695] [info] [PangolinRender] render 开始 帧=4
[17:53:26.695] [info] [PangolinRender] render 步骤 glClear 完成
[17:53:26.695] [info] [PangolinRender] render 步骤 Activate 完成
[17:53:26.695] [info] [PangolinRender] render 步骤 grid+axis 完成
[17:53:26.695] [info] [PangolinRender] render_point_clouds 本次完成 详细日志次数=4/5
[17:53:26.695] [info] [PangolinRender] render 步骤 point_clouds 完成
[17:53:26.695] [info] [PangolinRender] render 步骤 frustum+frames 完成
[17:53:26.695] [info] [PangolinRender] render 步骤 FinishFrame 完成
[17:53:26.695] [info] [Viz/Render] render_and_handle_input 第 4 次 render() 返回 continue_render=true
[17:53:26.715] [info] [Viz/Render] render_and_handle_input 第 5 次调用 即将调用 pangolin_render_->render()
[17:53:26.715] [info] [PangolinRender] render 开始 帧=5
[17:53:26.715] [info] [PangolinRender] render 步骤 glClear 完成
[17:53:26.715] [info] [PangolinRender] render 步骤 Activate 完成
[17:53:26.715] [info] [PangolinRender] render 步骤 grid+axis 完成
[17:53:26.715] [info] [PangolinRender] render_point_clouds 本次完成 详细日志次数=5/5
[17:53:26.715] [info] [PangolinRender] render 步骤 point_clouds 完成
[17:53:26.715] [info] [PangolinRender] render 步骤 frustum+frames 完成
[17:53:26.715] [info] [PangolinRender] render 步骤 FinishFrame 完成
[17:53:26.715] [info] [Viz/Render] render_and_handle_input 第 5 次 render() 返回 continue_render=true
[17:53:26.735] [info] [Viz/Render] render_and_handle_input 第 6 次调用 即将调用 pangolin_render_->render()
[17:53:26.735] [info] [PangolinRender] render 开始 帧=6
[17:53:26.735] [info] [PangolinRender] render 步骤 glClear 完成
[17:53:26.735] [info] [PangolinRender] render 步骤 Activate 完成
[17:53:26.736] [info] [PangolinRender] render 步骤 grid+axis 完成
[17:53:26.736] [info] [PangolinRender] render 步骤 point_clouds 完成
[17:53:26.736] [info] [PangolinRender] render 步骤 frustum+frames 完成
[17:53:26.736] [info] [PangolinRender] render 步骤 FinishFrame 完成
[17:53:26.736] [info] [Viz/Render] render_and_handle_input 第 6 次 render() 返回 continue_render=true
[17:53:26.756] [info] [Viz/Render] render_and_handle_input 第 7 次调用 即将调用 pangolin_render_->render()
[17:53:26.756] [info] [PangolinRender] render 开始 帧=7
[17:53:26.756] [info] [PangolinRender] render 步骤 glClear 完成
[17:53:26.756] [info] [PangolinRender] render 步骤 Activate 完成
[17:53:26.756] [info] [PangolinRender] render 步骤 grid+axis 完成
[17:53:26.756] [info] [PangolinRender] render 步骤 point_clouds 完成
[17:53:26.756] [info] [PangolinRender] render 步骤 frustum+frames 完成
[17:53:26.756] [info] [PangolinRender] render 步骤 FinishFrame 完成
[17:53:26.756] [info] [Viz/Render] render_and_handle_input 第 7 次 render() 返回 continue_render=true
[17:53:26.776] [info] [Viz/Render] render_and_handle_input 第 8 次调用 即将调用 pangolin_render_->render()
[17:53:26.776] [info] [PangolinRender] render 开始 帧=8
[17:53:26.776] [info] [PangolinRender] render 步骤 glClear 完成
[17:53:26.776] [info] [PangolinRender] render 步骤 Activate 完成
[17:53:26.776] [info] [PangolinRender] render 步骤 grid+axis 完成
[17:53:26.776] [info] [PangolinRender] render 步骤 point_clouds 完成
[17:53:26.776] [info] [PangolinRender] render 步骤 frustum+frames 完成
[17:53:26.776] [info] [PangolinRender] render 步骤 FinishFrame 完成
[17:53:26.776] [info] [Viz/Render] render_and_handle_input 第 8 次 render() 返回 continue_render=true
[17:53:26.796] [info] [Viz/Render] render_and_handle_input 第 9 次调用 即将调用 pangolin_render_->render()
[17:53:26.796] [info] [PangolinRender] render 开始 帧=9
[17:53:26.796] [info] [PangolinRender] render 步骤 glClear 完成
[17:53:26.796] [info] [PangolinRender] render 步骤 Activate 完成
[17:53:26.796] [info] [PangolinRender] render 步骤 grid+axis 完成
[17:53:26.796] [info] [PangolinRender] render 步骤 point_clouds 完成
[17:53:26.796] [info] [PangolinRender] render 步骤 frustum+frames 完成
[17:53:26.796] [info] [PangolinRender] render 步骤 FinishFrame 完成
[17:53:26.796] [info] [Viz/Render] render_and_handle_input 第 9 次 render() 返回 continue_render=true
[17:53:26.816] [info] [Viz/Render] render_and_handle_input 第 10 次调用 即将调用 pangolin_render_->render()
[17:53:26.816] [info] [PangolinRender] render 开始 帧=10
[17:53:26.816] [info] [PangolinRender] render 步骤 glClear 完成
[17:53:26.816] [info] [PangolinRender] render 步骤 Activate 完成
[17:53:26.816] [info] [PangolinRender] render 步骤 grid+axis 完成
[17:53:26.816] [info] [PangolinRender] render 步骤 point_clouds 完成
[17:53:26.816] [info] [PangolinRender] render 步骤 frustum+frames 完成
[17:53:26.816] [info] [PangolinRender] render 步骤 FinishFrame 完成
[17:53:26.816] [info] [Viz/Render] render_and_handle_input 第 10 次 render() 返回 continue_render=true
[17:53:26.837] [info] [PangolinRender] render 开始 帧=11
[17:53:26.837] [info] [PangolinRender] render 步骤 glClear 完成
[17:53:26.837] [info] [PangolinRender] render 步骤 Activate 完成
[17:53:26.837] [info] [PangolinRender] render 步骤 grid+axis 完成
[17:53:26.837] [info] [PangolinRender] render 步骤 point_clouds 完成
[17:53:26.837] [info] [PangolinRender] render 步骤 frustum+frames 完成
[17:53:26.837] [info] [PangolinRender] render 步骤 FinishFrame 完成
[17:53:26.857] [info] [PangolinRender] render 开始 帧=12
[17:53:26.857] [info] [PangolinRender] render 步骤 glClear 完成
[17:53:26.857] [info] [PangolinRender] render 步骤 Activate 完成
[17:53:26.857] [info] [PangolinRender] render 步骤 grid+axis 完成
[17:53:26.857] [info] [PangolinRender] render 步骤 point_clouds 完成
[17:53:26.857] [info] [PangolinRender] render 步骤 frustum+frames 完成
[17:53:26.858] [info] [PangolinRender] render 步骤 FinishFrame 完成
[17:53:26.858] [info] [Viz/Display] 首帧泵送 第 12/12 帧 render_ok=true
[17:53:26.878] [info] [Viz/Display] 首帧泵送完成 共 12 帧 (窗口应已显示网格/坐标轴，尚未推送点云)；标定完成后请手动关闭窗口
[17:53:26.878] [info] [Fine-Auto/Cam-Cam] 可视化已启用（默认）
[17:53:26.879] [info] [Fine-Auto/Cam-Cam] 按配置 camera_align 标定 1 对
[17:53:26.879] [info] 读取相机内参: results/camera_intrinsic/camera_intrinsic_cam_right.yaml
[17:53:26.880] [info]   fx=384.00 fy=384.00 cx=376.00 cy=240.00 dist=4
[17:53:26.880] [info] 读取相机内参: results/camera_intrinsic/camera_intrinsic_cam_left.yaml
[17:53:26.881] [info]   fx=425.03 fy=426.80 cx=386.02 cy=241.91 dist=4
[17:53:26.881] [info] === Camera-Camera 两阶段标定 ===
[17:53:26.881] [info]   相机0 帧数: 800
[17:53:26.881] [info]   相机1 帧数: 800
[17:53:26.881] [info]   优先无目标: true
[17:53:26.881] [info]   使用初值: false (skip_coarse=false)
[17:53:26.881] [info] === Camera-Camera 本质矩阵法 ===
[17:53:36.744] [info]   总匹配点: 598602
[17:53:43.372] [info] [CALC] 本质矩阵 recover_pose 内点数=598602 总匹配=598602 内点比=1.000
[17:53:45.016] [info] [Cam-Cam] 步骤: 本质矩阵恢复位姿完成 (内点 598602)
[17:53:45.016] [info] [CALC] 本质矩阵法完成 平移 T=[0.0257,0.0083,0.9996] 匹配数=598602
[17:53:45.016] [info] 本质矩阵法完成 T=[0.0257,0.0083,0.9996]
[17:53:53.712] [info] [Fine] 匹配点数: 598602, 执行 Bundle Adjustment
[17:53:53.712] [info] [Cam-Cam] 步骤: Bundle Adjustment 开始 (匹配点 598602)
[17:53:55.498] [info]   BA: n_valid=582814 Ceres Solver Report: Iterations: 4, Initial cost: 2.658934e+05, Final cost: 2.572468e+05, Termination: CONVERGENCE
[17:53:55.498] [info] [CALC] Cam-Cam BA Ceres n_valid=582814 initial_cost=265893.420313 final_cost=257246.831981 iter=4 converged=yes
[17:53:55.499] [info] [CALC] Cam-Cam BA 完成 有效点=582814 converged=yes residual_rms=0.6644px
[17:53:55.499] [info] [Cam-Cam] 步骤: Bundle Adjustment 完成 (有效点 582814 converged=yes rms=0.664px)
[17:53:55.650] [info] [Fine] 标定完成: RMS=0.664px converged=yes
[17:53:55.655] [info] [Fine-Auto/Cam-Cam] 结果已保存: ./results/camera_camera_extrinsic/cam_right_to_cam_left_extrinsic.yaml
[17:53:55.655] [info] [Fine-Auto/Cam-Cam] cam_right -> cam_left 完成, rms=0.6644 px
[17:53:55.655] [info] [Fine-Auto/Cam-Cam] Camera-Camera 标定完成: 1 对, 最大 RMS=0.664370 px
[17:53:55.687] [info] ━━━━━━━━━━━━━━━━━━━━━━━━━━━━━━━━━━━━━━━━━
[17:53:55.687] [info] ■ 结束阶段: [Fine-Auto] 任务: [cam_cam_extrin]
[17:53:55.687] [info]   结果: ✓ 成功 | 残差RMS: 0.6644 | 耗时: 62599 ms
[17:53:55.687] [info]   消息: Camera-Camera 标定完成: 1 对, 最大 RMS=0.664370 px
[17:53:55.687] [info] [CALC] 阶段结束 stage=Fine-Auto task=cam_cam_extrin success=true residual_rms=0.664370 elapsed_ms=62567.8 threshold=1.5000
[17:53:55.687] [info] ━━━━━━━━━━━━━━━━━━━━━━━━━━━━━━━━━━━━━━━━━
[17:53:55.687] [info] [Pipeline] 用户已启用手动校准 (--manual), 进入 6-DOF 调整
[17:53:55.687] [info] 
[17:53:55.687] [info] ━━━━━━━━━━━━━━━━━━━━━━━━━━━━━━━━━━━━━━━━━
[17:53:55.687] [info] ▶ 开始阶段: [Manual-Refine] 任务: [cam_cam_extrin]
[17:53:55.687] [info]   描述: 手动校准: 6-DOF 交互式调整
[17:53:55.687] [info] ━━━━━━━━━━━━━━━━━━━━━━━━━━━━━━━━━━━━━━━━━
[17:53:55.687] [info] [Manual-Refine] 任务: cam_cam_extrin
[17:53:55.687] [info] [Manual-Refine] 操作说明: Q/A Roll  W/S Pitch  E/D Yaw  R/F Tx  T/G Ty  Y/H Tz  U Undo  Enter 接受  Esc 取消
[17:53:55.687] [info] [ManualSession] 会话ID: session_2026-04-27_17-53-55
[17:53:55.687] [info] [ManualSession] 保存目录: ./results/manual_sessions
[17:53:55.687] [info] [Manual-Refine] 已打开 6-DOF 可视化调整窗口，请在本窗口内按键微调后 Enter 接受或 Esc 取消
[17:53:55.687] [info] [Manual-Refine] Camera-Camera 手动调整仅使用首帧匹配数据（双相机各第 0 帧）
[17:53:55.687] [info] [ManualSession] 启动 Camera-Camera 手动校准
[17:53:55.687] [info] [ManualSession] 自动标定 RMS: 0.6644 px
[17:53:55.688] [debug] [ManualSession] 事件: cam_cam_start | auto_rms=0.664370
[17:53:55.688] [info] [ManualAdjust] 初始外参:
[17:53:55.688] [info] [ManualAdjust] 当前外参 [cam_right→cam_left]:
[17:53:55.688] [info]   旋转 RPY: (-2.0258, 4.8508, -0.5737) deg
[17:53:55.688] [info]   平移 XYZ: (0.0318, 0.0062, 1.0048) m
[17:53:55.688] [info] [ManualSession] 双目相机手动校准模式
[17:53:55.688] [info] [ManualSession] 对极线可视化质量越好表示标定越准确

(unicalib_cam_cam:102): dbind-WARNING **: 17:53:55.703: Couldn't connect to accessibility bus: Failed to connect to socket /run/user/1000/at-spi/bus_1: No such file or directory
[17:53:55.725] [info] [ManualCalib][Cam-Cam] 调试日志开关 UNICALIB_MANUAL_CAMCAM_DEBUG=OFF
[17:58:00.157] [debug] [ManualAdjust] 旋转增量 RPY=(0.000, 0.000, 0.100)deg
[17:58:00.157] [info] [ManualAdjust] 当前外参 [cam_right→cam_left]:
[17:58:00.157] [info]   旋转 RPY: (-2.0173, 4.8543, -0.4734) deg
[17:58:00.157] [info]   平移 XYZ: (0.0318, 0.0062, 1.0048) m
[17:58:00.794] [debug] [ManualAdjust] 旋转增量 RPY=(0.000, 0.000, -0.100)deg
[17:58:00.794] [info] [ManualAdjust] 当前外参 [cam_right→cam_left]:
[17:58:00.794] [info]   旋转 RPY: (-2.0258, 4.8508, -0.5737) deg
[17:58:00.794] [info]   平移 XYZ: (0.0318, 0.0062, 1.0048) m
[17:58:01.434] [debug] [ManualAdjust] 平移增量 dxyz=(0.0050, 0.0000, 0.0000)m
[17:58:01.434] [info] [ManualAdjust] 当前外参 [cam_right→cam_left]:
[17:58:01.434] [info]   旋转 RPY: (-2.0258, 4.8508, -0.5737) deg
[17:58:01.434] [info]   平移 XYZ: (0.0368, 0.0062, 1.0048) m
[17:58:02.226] [debug] [ManualAdjust] 平移增量 dxyz=(0.0050, 0.0000, 0.0000)m
[17:58:02.226] [info] [ManualAdjust] 当前外参 [cam_right→cam_left]:
[17:58:02.226] [info]   旋转 RPY: (-2.0258, 4.8508, -0.5737) deg
[17:58:02.226] [info]   平移 XYZ: (0.0418, 0.0062, 1.0048) m
[17:58:02.802] [debug] [ManualAdjust] 平移增量 dxyz=(0.0050, 0.0000, 0.0000)m
[17:58:02.802] [info] [ManualAdjust] 当前外参 [cam_right→cam_left]:
[17:58:02.802] [info]   旋转 RPY: (-2.0258, 4.8508, -0.5737) deg
[17:58:02.802] [info]   平移 XYZ: (0.0468, 0.0062, 1.0048) m
[17:58:03.386] [debug] [ManualAdjust] 平移增量 dxyz=(0.0050, 0.0000, 0.0000)m
[17:58:03.386] [info] [ManualAdjust] 当前外参 [cam_right→cam_left]:
[17:58:03.386] [info]   旋转 RPY: (-2.0258, 4.8508, -0.5737) deg
[17:58:03.386] [info]   平移 XYZ: (0.0518, 0.0062, 1.0048) m
[17:58:04.562] [debug] [ManualAdjust] 平移增量 dxyz=(0.0050, 0.0000, 0.0000)m
[17:58:04.562] [info] [ManualAdjust] 当前外参 [cam_right→cam_left]:
[17:58:04.562] [info]   旋转 RPY: (-2.0258, 4.8508, -0.5737) deg
[17:58:04.562] [info]   平移 XYZ: (0.0568, 0.0062, 1.0048) m
[17:58:04.930] [debug] [ManualAdjust] 平移增量 dxyz=(0.0050, 0.0000, 0.0000)m
[17:58:04.930] [info] [ManualAdjust] 当前外参 [cam_right→cam_left]:
[17:58:04.930] [info]   旋转 RPY: (-2.0258, 4.8508, -0.5737) deg
[17:58:04.930] [info]   平移 XYZ: (0.0618, 0.0062, 1.0048) m
[17:58:05.234] [debug] [ManualAdjust] 平移增量 dxyz=(0.0050, 0.0000, 0.0000)m
[17:58:05.234] [info] [ManualAdjust] 当前外参 [cam_right→cam_left]:
[17:58:05.234] [info]   旋转 RPY: (-2.0258, 4.8508, -0.5737) deg
[17:58:05.234] [info]   平移 XYZ: (0.0668, 0.0062, 1.0048) m
[17:58:05.482] [debug] [ManualAdjust] 平移增量 dxyz=(0.0050, 0.0000, 0.0000)m
[17:58:05.482] [info] [ManualAdjust] 当前外参 [cam_right→cam_left]:
[17:58:05.482] [info]   旋转 RPY: (-2.0258, 4.8508, -0.5737) deg
[17:58:05.482] [info]   平移 XYZ: (0.0718, 0.0062, 1.0048) m
[17:58:05.722] [debug] [ManualAdjust] 平移增量 dxyz=(0.0050, 0.0000, 0.0000)m
[17:58:05.722] [info] [ManualAdjust] 当前外参 [cam_right→cam_left]:
[17:58:05.722] [info]   旋转 RPY: (-2.0258, 4.8508, -0.5737) deg
[17:58:05.722] [info]   平移 XYZ: (0.0768, 0.0062, 1.0048) m
[17:58:07.123] [debug] [ManualAdjust] 平移增量 dxyz=(0.0000, 0.0050, 0.0000)m
[17:58:07.123] [info] [ManualAdjust] 当前外参 [cam_right→cam_left]:
[17:58:07.123] [info]   旋转 RPY: (-2.0258, 4.8508, -0.5737) deg
[17:58:07.123] [info]   平移 XYZ: (0.0768, 0.0112, 1.0048) m
[17:58:07.530] [debug] [ManualAdjust] 平移增量 dxyz=(0.0000, 0.0050, 0.0000)m
[17:58:07.530] [info] [ManualAdjust] 当前外参 [cam_right→cam_left]:
[17:58:07.530] [info]   旋转 RPY: (-2.0258, 4.8508, -0.5737) deg
[17:58:07.530] [info]   平移 XYZ: (0.0768, 0.0162, 1.0048) m
[17:58:07.842] [debug] [ManualAdjust] 平移增量 dxyz=(0.0000, 0.0050, 0.0000)m
[17:58:07.842] [info] [ManualAdjust] 当前外参 [cam_right→cam_left]:
[17:58:07.842] [info]   旋转 RPY: (-2.0258, 4.8508, -0.5737) deg
[17:58:07.842] [info]   平移 XYZ: (0.0768, 0.0212, 1.0048) m
[17:58:08.490] [debug] [ManualAdjust] 平移增量 dxyz=(0.0000, 0.0050, 0.0000)m
[17:58:08.490] [info] [ManualAdjust] 当前外参 [cam_right→cam_left]:
[17:58:08.490] [info]   旋转 RPY: (-2.0258, 4.8508, -0.5737) deg
[17:58:08.490] [info]   平移 XYZ: (0.0768, 0.0262, 1.0048) m
[17:58:09.149] [debug] [ManualAdjust] 平移增量 dxyz=(0.0000, 0.0050, 0.0000)m
[17:58:09.149] [info] [ManualAdjust] 当前外参 [cam_right→cam_left]:
[17:58:09.149] [info]   旋转 RPY: (-2.0258, 4.8508, -0.5737) deg
[17:58:09.149] [info]   平移 XYZ: (0.0768, 0.0312, 1.0048) m
[17:58:09.638] [debug] [ManualAdjust] 平移增量 dxyz=(0.0000, 0.0050, 0.0000)m
[17:58:09.638] [info] [ManualAdjust] 当前外参 [cam_right→cam_left]:
[17:58:09.638] [info]   旋转 RPY: (-2.0258, 4.8508, -0.5737) deg
[17:58:09.638] [info]   平移 XYZ: (0.0768, 0.0362, 1.0048) m
[17:58:09.668] [debug] [ManualAdjust] 平移增量 dxyz=(0.0000, 0.0050, 0.0000)m
[17:58:09.668] [info] [ManualAdjust] 当前外参 [cam_right→cam_left]:
[17:58:09.668] [info]   旋转 RPY: (-2.0258, 4.8508, -0.5737) deg
[17:58:09.668] [info]   平移 XYZ: (0.0768, 0.0412, 1.0048) m
[17:58:09.698] [debug] [ManualAdjust] 平移增量 dxyz=(0.0000, 0.0050, 0.0000)m
[17:58:09.698] [info] [ManualAdjust] 当前外参 [cam_right→cam_left]:
[17:58:09.698] [info]   旋转 RPY: (-2.0258, 4.8508, -0.5737) deg
[17:58:09.698] [info]   平移 XYZ: (0.0768, 0.0462, 1.0048) m
[17:58:09.729] [debug] [ManualAdjust] 平移增量 dxyz=(0.0000, 0.0050, 0.0000)m
[17:58:09.729] [info] [ManualAdjust] 当前外参 [cam_right→cam_left]:
[17:58:09.729] [info]   旋转 RPY: (-2.0258, 4.8508, -0.5737) deg
[17:58:09.729] [info]   平移 XYZ: (0.0768, 0.0512, 1.0048) m
[17:58:09.758] [debug] [ManualAdjust] 平移增量 dxyz=(0.0000, 0.0050, 0.0000)m
[17:58:09.758] [info] [ManualAdjust] 当前外参 [cam_right→cam_left]:
[17:58:09.758] [info]   旋转 RPY: (-2.0258, 4.8508, -0.5737) deg
[17:58:09.758] [info]   平移 XYZ: (0.0768, 0.0562, 1.0048) m
[17:58:09.788] [debug] [ManualAdjust] 平移增量 dxyz=(0.0000, 0.0050, 0.0000)m
[17:58:09.788] [info] [ManualAdjust] 当前外参 [cam_right→cam_left]:
[17:58:09.788] [info]   旋转 RPY: (-2.0258, 4.8508, -0.5737) deg
[17:58:09.788] [info]   平移 XYZ: (0.0768, 0.0612, 1.0048) m
[17:58:09.818] [debug] [ManualAdjust] 平移增量 dxyz=(0.0000, 0.0050, 0.0000)m
[17:58:09.818] [info] [ManualAdjust] 当前外参 [cam_right→cam_left]:
[17:58:09.818] [info]   旋转 RPY: (-2.0258, 4.8508, -0.5737) deg
[17:58:09.818] [info]   平移 XYZ: (0.0768, 0.0662, 1.0048) m
[17:58:09.848] [debug] [ManualAdjust] 平移增量 dxyz=(0.0000, 0.0050, 0.0000)m
[17:58:09.848] [info] [ManualAdjust] 当前外参 [cam_right→cam_left]:
[17:58:09.848] [info]   旋转 RPY: (-2.0258, 4.8508, -0.5737) deg
[17:58:09.848] [info]   平移 XYZ: (0.0768, 0.0712, 1.0048) m
[17:58:09.878] [debug] [ManualAdjust] 平移增量 dxyz=(0.0000, 0.0050, 0.0000)m
[17:58:09.878] [info] [ManualAdjust] 当前外参 [cam_right→cam_left]:
[17:58:09.878] [info]   旋转 RPY: (-2.0258, 4.8508, -0.5737) deg
[17:58:09.878] [info]   平移 XYZ: (0.0768, 0.0762, 1.0048) m
[17:58:09.908] [debug] [ManualAdjust] 平移增量 dxyz=(0.0000, 0.0050, 0.0000)m
[17:58:09.908] [info] [ManualAdjust] 当前外参 [cam_right→cam_left]:
[17:58:09.908] [info]   旋转 RPY: (-2.0258, 4.8508, -0.5737) deg
[17:58:09.908] [info]   平移 XYZ: (0.0768, 0.0812, 1.0048) m
[17:58:09.939] [debug] [ManualAdjust] 平移增量 dxyz=(0.0000, 0.0050, 0.0000)m
[17:58:09.939] [info] [ManualAdjust] 当前外参 [cam_right→cam_left]:
[17:58:09.939] [info]   旋转 RPY: (-2.0258, 4.8508, -0.5737) deg
[17:58:09.939] [info]   平移 XYZ: (0.0768, 0.0862, 1.0048) m
[17:58:09.969] [debug] [ManualAdjust] 平移增量 dxyz=(0.0000, 0.0050, 0.0000)m
[17:58:09.969] [info] [ManualAdjust] 当前外参 [cam_right→cam_left]:
[17:58:09.969] [info]   旋转 RPY: (-2.0258, 4.8508, -0.5737) deg
[17:58:09.969] [info]   平移 XYZ: (0.0768, 0.0912, 1.0048) m
[17:58:09.999] [debug] [ManualAdjust] 平移增量 dxyz=(0.0000, 0.0050, 0.0000)m
[17:58:09.999] [info] [ManualAdjust] 当前外参 [cam_right→cam_left]:
[17:58:09.999] [info]   旋转 RPY: (-2.0258, 4.8508, -0.5737) deg
[17:58:09.999] [info]   平移 XYZ: (0.0768, 0.0962, 1.0048) m
[17:58:10.029] [debug] [ManualAdjust] 平移增量 dxyz=(0.0000, 0.0050, 0.0000)m
[17:58:10.029] [info] [ManualAdjust] 当前外参 [cam_right→cam_left]:
[17:58:10.029] [info]   旋转 RPY: (-2.0258, 4.8508, -0.5737) deg
[17:58:10.029] [info]   平移 XYZ: (0.0768, 0.1012, 1.0048) m
[17:58:10.059] [debug] [ManualAdjust] 平移增量 dxyz=(0.0000, 0.0050, 0.0000)m
[17:58:10.059] [info] [ManualAdjust] 当前外参 [cam_right→cam_left]:
[17:58:10.059] [info]   旋转 RPY: (-2.0258, 4.8508, -0.5737) deg
[17:58:10.059] [info]   平移 XYZ: (0.0768, 0.1062, 1.0048) m
[17:58:10.090] [debug] [ManualAdjust] 平移增量 dxyz=(0.0000, 0.0050, 0.0000)m
[17:58:10.090] [info] [ManualAdjust] 当前外参 [cam_right→cam_left]:
[17:58:10.090] [info]   旋转 RPY: (-2.0258, 4.8508, -0.5737) deg
[17:58:10.090] [info]   平移 XYZ: (0.0768, 0.1112, 1.0048) m
[17:58:10.121] [debug] [ManualAdjust] 平移增量 dxyz=(0.0000, 0.0050, 0.0000)m
[17:58:10.121] [info] [ManualAdjust] 当前外参 [cam_right→cam_left]:
[17:58:10.121] [info]   旋转 RPY: (-2.0258, 4.8508, -0.5737) deg
[17:58:10.121] [info]   平移 XYZ: (0.0768, 0.1162, 1.0048) m
[17:58:10.150] [debug] [ManualAdjust] 平移增量 dxyz=(0.0000, 0.0050, 0.0000)m
[17:58:10.150] [info] [ManualAdjust] 当前外参 [cam_right→cam_left]:
[17:58:10.150] [info]   旋转 RPY: (-2.0258, 4.8508, -0.5737) deg
[17:58:10.150] [info]   平移 XYZ: (0.0768, 0.1212, 1.0048) m
[17:58:10.181] [debug] [ManualAdjust] 平移增量 dxyz=(0.0000, 0.0050, 0.0000)m
[17:58:10.181] [info] [ManualAdjust] 当前外参 [cam_right→cam_left]:
[17:58:10.181] [info]   旋转 RPY: (-2.0258, 4.8508, -0.5737) deg
[17:58:10.181] [info]   平移 XYZ: (0.0768, 0.1262, 1.0048) m
[17:58:10.211] [debug] [ManualAdjust] 平移增量 dxyz=(0.0000, 0.0050, 0.0000)m
[17:58:10.211] [info] [ManualAdjust] 当前外参 [cam_right→cam_left]:
[17:58:10.211] [info]   旋转 RPY: (-2.0258, 4.8508, -0.5737) deg
[17:58:10.211] [info]   平移 XYZ: (0.0768, 0.1312, 1.0048) m
[17:58:10.241] [debug] [ManualAdjust] 平移增量 dxyz=(0.0000, 0.0050, 0.0000)m
[17:58:10.241] [info] [ManualAdjust] 当前外参 [cam_right→cam_left]:
[17:58:10.241] [info]   旋转 RPY: (-2.0258, 4.8508, -0.5737) deg
[17:58:10.241] [info]   平移 XYZ: (0.0768, 0.1362, 1.0048) m
[17:58:10.271] [debug] [ManualAdjust] 平移增量 dxyz=(0.0000, 0.0050, 0.0000)m
[17:58:10.271] [info] [ManualAdjust] 当前外参 [cam_right→cam_left]:
[17:58:10.271] [info]   旋转 RPY: (-2.0258, 4.8508, -0.5737) deg
[17:58:10.271] [info]   平移 XYZ: (0.0768, 0.1412, 1.0048) m
[17:58:10.302] [debug] [ManualAdjust] 平移增量 dxyz=(0.0000, 0.0050, 0.0000)m
[17:58:10.302] [info] [ManualAdjust] 当前外参 [cam_right→cam_left]:
[17:58:10.302] [info]   旋转 RPY: (-2.0258, 4.8508, -0.5737) deg
[17:58:10.302] [info]   平移 XYZ: (0.0768, 0.1462, 1.0048) m
[17:58:10.333] [debug] [ManualAdjust] 平移增量 dxyz=(0.0000, 0.0050, 0.0000)m
[17:58:10.333] [info] [ManualAdjust] 当前外参 [cam_right→cam_left]:
[17:58:10.333] [info]   旋转 RPY: (-2.0258, 4.8508, -0.5737) deg
[17:58:10.333] [info]   平移 XYZ: (0.0768, 0.1512, 1.0048) m
[17:58:10.364] [debug] [ManualAdjust] 平移增量 dxyz=(0.0000, 0.0050, 0.0000)m
[17:58:10.364] [info] [ManualAdjust] 当前外参 [cam_right→cam_left]:
[17:58:10.364] [info]   旋转 RPY: (-2.0258, 4.8508, -0.5737) deg
[17:58:10.364] [info]   平移 XYZ: (0.0768, 0.1562, 1.0048) m
[17:58:10.395] [debug] [ManualAdjust] 平移增量 dxyz=(0.0000, 0.0050, 0.0000)m
[17:58:10.395] [info] [ManualAdjust] 当前外参 [cam_right→cam_left]:
[17:58:10.395] [info]   旋转 RPY: (-2.0258, 4.8508, -0.5737) deg
[17:58:10.395] [info]   平移 XYZ: (0.0768, 0.1612, 1.0048) m
[17:58:10.425] [debug] [ManualAdjust] 平移增量 dxyz=(0.0000, 0.0050, 0.0000)m
[17:58:10.425] [info] [ManualAdjust] 当前外参 [cam_right→cam_left]:
[17:58:10.425] [info]   旋转 RPY: (-2.0258, 4.8508, -0.5737) deg
[17:58:10.425] [info]   平移 XYZ: (0.0768, 0.1662, 1.0048) m
[17:58:11.098] [debug] [ManualAdjust] 平移增量 dxyz=(0.0000, -0.0050, 0.0000)m
[17:58:11.098] [info] [ManualAdjust] 当前外参 [cam_right→cam_left]:
[17:58:11.098] [info]   旋转 RPY: (-2.0258, 4.8508, -0.5737) deg
[17:58:11.098] [info]   平移 XYZ: (0.0768, 0.1612, 1.0048) m
[17:58:11.598] [debug] [ManualAdjust] 平移增量 dxyz=(0.0000, -0.0050, 0.0000)m
[17:58:11.598] [info] [ManualAdjust] 当前外参 [cam_right→cam_left]:
[17:58:11.598] [info]   旋转 RPY: (-2.0258, 4.8508, -0.5737) deg
[17:58:11.598] [info]   平移 XYZ: (0.0768, 0.1562, 1.0048) m
[17:58:11.628] [debug] [ManualAdjust] 平移增量 dxyz=(0.0000, -0.0050, 0.0000)m
[17:58:11.628] [info] [ManualAdjust] 当前外参 [cam_right→cam_left]:
[17:58:11.628] [info]   旋转 RPY: (-2.0258, 4.8508, -0.5737) deg
[17:58:11.628] [info]   平移 XYZ: (0.0768, 0.1512, 1.0048) m
[17:58:11.658] [debug] [ManualAdjust] 平移增量 dxyz=(0.0000, -0.0050, 0.0000)m
[17:58:11.658] [info] [ManualAdjust] 当前外参 [cam_right→cam_left]:
[17:58:11.658] [info]   旋转 RPY: (-2.0258, 4.8508, -0.5737) deg
[17:58:11.658] [info]   平移 XYZ: (0.0768, 0.1462, 1.0048) m
[17:58:11.688] [debug] [ManualAdjust] 平移增量 dxyz=(0.0000, -0.0050, 0.0000)m
[17:58:11.688] [info] [ManualAdjust] 当前外参 [cam_right→cam_left]:
[17:58:11.688] [info]   旋转 RPY: (-2.0258, 4.8508, -0.5737) deg
[17:58:11.688] [info]   平移 XYZ: (0.0768, 0.1412, 1.0048) m
[17:58:11.719] [debug] [ManualAdjust] 平移增量 dxyz=(0.0000, -0.0050, 0.0000)m
[17:58:11.719] [info] [ManualAdjust] 当前外参 [cam_right→cam_left]:
[17:58:11.719] [info]   旋转 RPY: (-2.0258, 4.8508, -0.5737) deg
[17:58:11.719] [info]   平移 XYZ: (0.0768, 0.1362, 1.0048) m
[17:58:11.750] [debug] [ManualAdjust] 平移增量 dxyz=(0.0000, -0.0050, 0.0000)m
[17:58:11.750] [info] [ManualAdjust] 当前外参 [cam_right→cam_left]:
[17:58:11.750] [info]   旋转 RPY: (-2.0258, 4.8508, -0.5737) deg
[17:58:11.750] [info]   平移 XYZ: (0.0768, 0.1312, 1.0048) m
[17:58:11.780] [debug] [ManualAdjust] 平移增量 dxyz=(0.0000, -0.0050, 0.0000)m
[17:58:11.780] [info] [ManualAdjust] 当前外参 [cam_right→cam_left]:
[17:58:11.780] [info]   旋转 RPY: (-2.0258, 4.8508, -0.5737) deg
[17:58:11.780] [info]   平移 XYZ: (0.0768, 0.1262, 1.0048) m
[17:58:11.810] [debug] [ManualAdjust] 平移增量 dxyz=(0.0000, -0.0050, 0.0000)m
[17:58:11.810] [info] [ManualAdjust] 当前外参 [cam_right→cam_left]:
[17:58:11.810] [info]   旋转 RPY: (-2.0258, 4.8508, -0.5737) deg
[17:58:11.810] [info]   平移 XYZ: (0.0768, 0.1212, 1.0048) m
[17:58:11.840] [debug] [ManualAdjust] 平移增量 dxyz=(0.0000, -0.0050, 0.0000)m
[17:58:11.840] [info] [ManualAdjust] 当前外参 [cam_right→cam_left]:
[17:58:11.840] [info]   旋转 RPY: (-2.0258, 4.8508, -0.5737) deg
[17:58:11.840] [info]   平移 XYZ: (0.0768, 0.1162, 1.0048) m
[17:58:11.870] [debug] [ManualAdjust] 平移增量 dxyz=(0.0000, -0.0050, 0.0000)m
[17:58:11.870] [info] [ManualAdjust] 当前外参 [cam_right→cam_left]:
[17:58:11.870] [info]   旋转 RPY: (-2.0258, 4.8508, -0.5737) deg
[17:58:11.870] [info]   平移 XYZ: (0.0768, 0.1112, 1.0048) m
[17:58:11.901] [debug] [ManualAdjust] 平移增量 dxyz=(0.0000, -0.0050, 0.0000)m
[17:58:11.901] [info] [ManualAdjust] 当前外参 [cam_right→cam_left]:
[17:58:11.901] [info]   旋转 RPY: (-2.0258, 4.8508, -0.5737) deg
[17:58:11.901] [info]   平移 XYZ: (0.0768, 0.1062, 1.0048) m
[17:58:11.930] [debug] [ManualAdjust] 平移增量 dxyz=(0.0000, -0.0050, 0.0000)m
[17:58:11.930] [info] [ManualAdjust] 当前外参 [cam_right→cam_left]:
[17:58:11.930] [info]   旋转 RPY: (-2.0258, 4.8508, -0.5737) deg
[17:58:11.930] [info]   平移 XYZ: (0.0768, 0.1012, 1.0048) m
[17:58:11.961] [debug] [ManualAdjust] 平移增量 dxyz=(0.0000, -0.0050, 0.0000)m
[17:58:11.961] [info] [ManualAdjust] 当前外参 [cam_right→cam_left]:
[17:58:11.961] [info]   旋转 RPY: (-2.0258, 4.8508, -0.5737) deg
[17:58:11.961] [info]   平移 XYZ: (0.0768, 0.0962, 1.0048) m
[17:58:11.991] [debug] [ManualAdjust] 平移增量 dxyz=(0.0000, -0.0050, 0.0000)m
[17:58:11.991] [info] [ManualAdjust] 当前外参 [cam_right→cam_left]:
[17:58:11.991] [info]   旋转 RPY: (-2.0258, 4.8508, -0.5737) deg
[17:58:11.991] [info]   平移 XYZ: (0.0768, 0.0912, 1.0048) m
[17:58:12.022] [debug] [ManualAdjust] 平移增量 dxyz=(0.0000, -0.0050, 0.0000)m
[17:58:12.022] [info] [ManualAdjust] 当前外参 [cam_right→cam_left]:
[17:58:12.022] [info]   旋转 RPY: (-2.0258, 4.8508, -0.5737) deg
[17:58:12.022] [info]   平移 XYZ: (0.0768, 0.0862, 1.0048) m
[17:58:12.052] [debug] [ManualAdjust] 平移增量 dxyz=(0.0000, -0.0050, 0.0000)m
[17:58:12.052] [info] [ManualAdjust] 当前外参 [cam_right→cam_left]:
[17:58:12.052] [info]   旋转 RPY: (-2.0258, 4.8508, -0.5737) deg
[17:58:12.052] [info]   平移 XYZ: (0.0768, 0.0812, 1.0048) m
[17:58:12.083] [debug] [ManualAdjust] 平移增量 dxyz=(0.0000, -0.0050, 0.0000)m
[17:58:12.083] [info] [ManualAdjust] 当前外参 [cam_right→cam_left]:
[17:58:12.083] [info]   旋转 RPY: (-2.0258, 4.8508, -0.5737) deg
[17:58:12.083] [info]   平移 XYZ: (0.0768, 0.0762, 1.0048) m
[17:58:12.114] [debug] [ManualAdjust] 平移增量 dxyz=(0.0000, -0.0050, 0.0000)m
[17:58:12.114] [info] [ManualAdjust] 当前外参 [cam_right→cam_left]:
[17:58:12.114] [info]   旋转 RPY: (-2.0258, 4.8508, -0.5737) deg
[17:58:12.114] [info]   平移 XYZ: (0.0768, 0.0712, 1.0048) m
[17:58:12.143] [debug] [ManualAdjust] 平移增量 dxyz=(0.0000, -0.0050, 0.0000)m
[17:58:12.143] [info] [ManualAdjust] 当前外参 [cam_right→cam_left]:
[17:58:12.143] [info]   旋转 RPY: (-2.0258, 4.8508, -0.5737) deg
[17:58:12.143] [info]   平移 XYZ: (0.0768, 0.0662, 1.0048) m
[17:58:12.174] [debug] [ManualAdjust] 平移增量 dxyz=(0.0000, -0.0050, 0.0000)m
[17:58:12.174] [info] [ManualAdjust] 当前外参 [cam_right→cam_left]:
[17:58:12.174] [info]   旋转 RPY: (-2.0258, 4.8508, -0.5737) deg
[17:58:12.174] [info]   平移 XYZ: (0.0768, 0.0612, 1.0048) m
[17:58:12.204] [debug] [ManualAdjust] 平移增量 dxyz=(0.0000, -0.0050, 0.0000)m
[17:58:12.204] [info] [ManualAdjust] 当前外参 [cam_right→cam_left]:
[17:58:12.204] [info]   旋转 RPY: (-2.0258, 4.8508, -0.5737) deg
[17:58:12.204] [info]   平移 XYZ: (0.0768, 0.0562, 1.0048) m
[17:58:12.234] [debug] [ManualAdjust] 平移增量 dxyz=(0.0000, -0.0050, 0.0000)m
[17:58:12.234] [info] [ManualAdjust] 当前外参 [cam_right→cam_left]:
[17:58:12.234] [info]   旋转 RPY: (-2.0258, 4.8508, -0.5737) deg
[17:58:12.234] [info]   平移 XYZ: (0.0768, 0.0512, 1.0048) m
[17:58:12.264] [debug] [ManualAdjust] 平移增量 dxyz=(0.0000, -0.0050, 0.0000)m
[17:58:12.264] [info] [ManualAdjust] 当前外参 [cam_right→cam_left]:
[17:58:12.264] [info]   旋转 RPY: (-2.0258, 4.8508, -0.5737) deg
[17:58:12.264] [info]   平移 XYZ: (0.0768, 0.0462, 1.0048) m
[17:58:12.294] [debug] [ManualAdjust] 平移增量 dxyz=(0.0000, -0.0050, 0.0000)m
[17:58:12.294] [info] [ManualAdjust] 当前外参 [cam_right→cam_left]:
[17:58:12.294] [info]   旋转 RPY: (-2.0258, 4.8508, -0.5737) deg
[17:58:12.294] [info]   平移 XYZ: (0.0768, 0.0412, 1.0048) m
[17:58:12.323] [debug] [ManualAdjust] 平移增量 dxyz=(0.0000, -0.0050, 0.0000)m
[17:58:12.323] [info] [ManualAdjust] 当前外参 [cam_right→cam_left]:
[17:58:12.323] [info]   旋转 RPY: (-2.0258, 4.8508, -0.5737) deg
[17:58:12.323] [info]   平移 XYZ: (0.0768, 0.0362, 1.0048) m
[17:58:12.354] [debug] [ManualAdjust] 平移增量 dxyz=(0.0000, -0.0050, 0.0000)m
[17:58:12.354] [info] [ManualAdjust] 当前外参 [cam_right→cam_left]:
[17:58:12.354] [info]   旋转 RPY: (-2.0258, 4.8508, -0.5737) deg
[17:58:12.354] [info]   平移 XYZ: (0.0768, 0.0312, 1.0048) m
[17:58:12.384] [debug] [ManualAdjust] 平移增量 dxyz=(0.0000, -0.0050, 0.0000)m
[17:58:12.384] [info] [ManualAdjust] 当前外参 [cam_right→cam_left]:
[17:58:12.384] [info]   旋转 RPY: (-2.0258, 4.8508, -0.5737) deg
[17:58:12.384] [info]   平移 XYZ: (0.0768, 0.0262, 1.0048) m
[17:58:12.414] [debug] [ManualAdjust] 平移增量 dxyz=(0.0000, -0.0050, 0.0000)m
[17:58:12.414] [info] [ManualAdjust] 当前外参 [cam_right→cam_left]:
[17:58:12.414] [info]   旋转 RPY: (-2.0258, 4.8508, -0.5737) deg
[17:58:12.414] [info]   平移 XYZ: (0.0768, 0.0212, 1.0048) m
[17:58:12.445] [debug] [ManualAdjust] 平移增量 dxyz=(0.0000, -0.0050, 0.0000)m
[17:58:12.445] [info] [ManualAdjust] 当前外参 [cam_right→cam_left]:
[17:58:12.445] [info]   旋转 RPY: (-2.0258, 4.8508, -0.5737) deg
[17:58:12.445] [info]   平移 XYZ: (0.0768, 0.0162, 1.0048) m
[17:58:12.475] [debug] [ManualAdjust] 平移增量 dxyz=(0.0000, -0.0050, 0.0000)m
[17:58:12.475] [info] [ManualAdjust] 当前外参 [cam_right→cam_left]:
[17:58:12.475] [info]   旋转 RPY: (-2.0258, 4.8508, -0.5737) deg
[17:58:12.475] [info]   平移 XYZ: (0.0768, 0.0112, 1.0048) m
[17:58:13.594] [debug] [ManualAdjust] 平移增量 dxyz=(0.0000, 0.0050, 0.0000)m
[17:58:13.594] [info] [ManualAdjust] 当前外参 [cam_right→cam_left]:
[17:58:13.594] [info]   旋转 RPY: (-2.0258, 4.8508, -0.5737) deg
[17:58:13.594] [info]   平移 XYZ: (0.0768, 0.0162, 1.0048) m
[17:58:13.962] [debug] [ManualAdjust] 平移增量 dxyz=(0.0000, 0.0050, 0.0000)m
[17:58:13.962] [info] [ManualAdjust] 当前外参 [cam_right→cam_left]:
[17:58:13.962] [info]   旋转 RPY: (-2.0258, 4.8508, -0.5737) deg
[17:58:13.962] [info]   平移 XYZ: (0.0768, 0.0212, 1.0048) m
[17:58:15.730] [debug] [ManualAdjust] 旋转增量 RPY=(0.000, 0.000, 0.100)deg
[17:58:15.730] [info] [ManualAdjust] 当前外参 [cam_right→cam_left]:
[17:58:15.730] [info]   旋转 RPY: (-2.0173, 4.8543, -0.4734) deg
[17:58:15.730] [info]   平移 XYZ: (0.0768, 0.0212, 1.0048) m
[17:58:16.370] [debug] [ManualAdjust] 旋转增量 RPY=(0.000, 0.000, -0.100)deg
[17:58:16.370] [info] [ManualAdjust] 当前外参 [cam_right→cam_left]:
[17:58:16.370] [info]   旋转 RPY: (-2.0258, 4.8508, -0.5737) deg
[17:58:16.370] [info]   平移 XYZ: (0.0768, 0.0212, 1.0048) m
[17:58:17.410] [debug] [ManualAdjust] 旋转增量 RPY=(0.000, 0.100, 0.000)deg
[17:58:17.410] [info] [ManualAdjust] 当前外参 [cam_right→cam_left]:
[17:58:17.410] [info]   旋转 RPY: (-2.0261, 4.9507, -0.5772) deg
[17:58:17.410] [info]   平移 XYZ: (0.0768, 0.0212, 1.0048) m
[17:58:18.051] [debug] [ManualAdjust] 平移增量 dxyz=(0.0050, 0.0000, 0.0000)m
[17:58:18.051] [info] [ManualAdjust] 当前外参 [cam_right→cam_left]:
[17:58:18.051] [info]   旋转 RPY: (-2.0261, 4.9507, -0.5772) deg
[17:58:18.051] [info]   平移 XYZ: (0.0818, 0.0212, 1.0048) m
[17:58:19.746] [debug] [ManualAdjust] 平移增量 dxyz=(-0.0050, 0.0000, 0.0000)m
[17:58:19.746] [info] [ManualAdjust] 当前外参 [cam_right→cam_left]:
[17:58:19.746] [info]   旋转 RPY: (-2.0261, 4.9507, -0.5772) deg
[17:58:19.746] [info]   平移 XYZ: (0.0768, 0.0212, 1.0048) m
[17:58:20.738] [debug] [ManualAdjust] 平移增量 dxyz=(0.0050, 0.0000, 0.0000)m
[17:58:20.738] [info] [ManualAdjust] 当前外参 [cam_right→cam_left]:
[17:58:20.738] [info]   旋转 RPY: (-2.0261, 4.9507, -0.5772) deg
[17:58:20.738] [info]   平移 XYZ: (0.0818, 0.0212, 1.0048) m
[17:58:21.410] [debug] [ManualAdjust] 平移增量 dxyz=(-0.0050, 0.0000, 0.0000)m
[17:58:21.410] [info] [ManualAdjust] 当前外参 [cam_right→cam_left]:
[17:58:21.410] [info]   旋转 RPY: (-2.0261, 4.9507, -0.5772) deg
[17:58:21.410] [info]   平移 XYZ: (0.0768, 0.0212, 1.0048) m
[17:58:22.098] [debug] [ManualAdjust] 平移增量 dxyz=(0.0000, 0.0050, 0.0000)m
[17:58:22.098] [info] [ManualAdjust] 当前外参 [cam_right→cam_left]:
[17:58:22.098] [info]   旋转 RPY: (-2.0261, 4.9507, -0.5772) deg
[17:58:22.098] [info]   平移 XYZ: (0.0768, 0.0262, 1.0048) m
[17:59:07.178] [info] [ManualCalib][Cam-Cam] 取消退出: click_solves=0 current_pairs=0 pending_left=false
[17:59:07.179] [info] [ManualSession] 用户取消，保留自动标定结果
[17:59:07.179] [debug] [ManualSession] 事件: cam_cam_end | final_rms=0.664370
[17:59:07.180] [info] [ManualSession] 会话已保存: ./results/manual_sessions/session_2026-04-27_17-53-55.yaml
[17:59:07.180] [info] ━━━━━━━━━━━━━━━━━━━━━━━━━━━━━━━━━━━━━━━━━
[17:59:07.180] [info] ■ 结束阶段: [Manual-Refine] 任务: [cam_cam_extrin]
[17:59:07.180] [info]   结果: ✓ 成功 | 残差RMS: 0.6644 | 耗时: 311492 ms
[17:59:07.180] [info]   消息: Camera-Camera 手动调整完成
[17:59:07.180] [info] [CALC] 阶段结束 stage=Manual-Refine task=cam_cam_extrin success=true residual_rms=0.664370 elapsed_ms=311492.8 threshold=-1.0000
[17:59:07.180] [info] ━━━━━━━━━━━━━━━━━━━━━━━━━━━━━━━━━━━━━━━━━
[17:59:07.180] [info] ====== Pipeline Report: pipeline_20260427_175253 ======
[17:59:07.181] [info]   Total time: 374060.6 ms
[17:59:07.181] [info]   All stages succeeded: YES
[17:59:07.181] [info]   标定质量: 各阶段 RMS 均在阈值内
[17:59:07.181] [info]   [Fine-Auto-cam_cam_extrin] success=true rms=0.6644 time=62567.8ms: Camera-Camera 标定完成: 1 对, 最大 RMS=0.664370 px
[17:59:07.181] [info]   [Manual-Refine-cam_cam_extrin] success=true rms=0.6644 time=311492.8ms: Camera-Camera 手动调整完成

╔══════════════════════════════════════════════════════╗
║              标定参数汇总                            ║
╠══════════════════════════════════════════════════════╣
║ 外参:
║   cam_right->cam_left:
║     R(RPY°): [-2.03, 4.85, -0.57]
║     T(m):    [0.03, 0.01, 1.00]
║     时偏(s): 0.00
║     RMS:     0.66 ✓
╚══════════════════════════════════════════════════════╝

[17:59:07.181] [info] ================================
[17:59:07.181] [info] Pipeline report saved: ./results/pipeline_report_20260427_175253.yaml
[17:59:07.182] [info] ====== Pipeline Report: pipeline_20260427_175253 ======
[17:59:07.182] [info]   Total time: 374060.6 ms
[17:59:07.182] [info]   All stages succeeded: YES
[17:59:07.182] [info]   标定质量: 各阶段 RMS 均在阈值内
[17:59:07.182] [info]   [Fine-Auto-cam_cam_extrin] success=true rms=0.6644 time=62567.8ms: Camera-Camera 标定完成: 1 对, 最大 RMS=0.664370 px
[17:59:07.182] [info]   [Manual-Refine-cam_cam_extrin] success=true rms=0.6644 time=311492.8ms: Camera-Camera 手动调整完成

╔══════════════════════════════════════════════════════╗
║              标定参数汇总                            ║
╠══════════════════════════════════════════════════════╣
║ 外参:
║   cam_right->cam_left:
║     R(RPY°): [-2.03, 4.85, -0.57]
║     T(m):    [0.03, 0.01, 1.00]
║     时偏(s): 0.00
║     RMS:     0.66 ✓
╚══════════════════════════════════════════════════════╝

[17:59:07.182] [info] ================================
[17:59:07.182] [info] Cam-Cam 标定完成 | 结果: ./results
