
 ╔═══════════════════════════════════════════════════════╗
 ║   UniCalib — LiDAR-Camera 外参标定                    ║
 ║   两阶段: AI粗标定(MIAS-LCEC) → 无目标边缘精标定      ║
 ║   手动校准: --manual 触发 6-DOF 交互式调整             ║
 ╚═══════════════════════════════════════════════════════╝

[2026-04-08 20:53:35.835] [info] [LiDAR-Camera] [:] ━━━━━━━━━━━━━━━━━━━━━━━━━━━━━━━━━━━━
[2026-04-08 20:53:35.835] [info] [LiDAR-Camera] [:] 配置文件: /root/calib_ws/calib_unified/config/unicalib_example.yaml
[2026-04-08 20:53:35.835] [info] [LiDAR-Camera] [:] 输出目录: /root/calib_ws/results
[2026-04-08 20:53:35.835] [info] [LiDAR-Camera] [:] 数据根目录: /root/calib_ws/data (--data-dir 或 CALIB_DATA_DIR)
[2026-04-08 20:53:35.835] [info] [LiDAR-Camera] [:] 精标定方法: edge (无目标优先=true)
[2026-04-08 20:53:35.835] [info] [LiDAR-Camera] [:] AI粗标定: true | 手动校准: true
[2026-04-08 20:53:35.835] [info] [LiDAR-Camera] [:] ━━━━━━━━━━━━━━━━━━━━━━━━━━━━━━━━━━━━
[2026-04-08 20:53:35.836] [info] [LiDAR-Camera] [:] 读取系统配置: /root/calib_ws/calib_unified/config/unicalib_example.yaml
[2026-04-08 20:53:35.837] [info] [LiDAR-Camera] [:]   IMU: 1, LiDAR: 2, Camera: 2
[2026-04-08 20:53:35.837] [warning] [LiDAR-Camera] [:] 相机图像目录不存在: /root/calib_ws/data/calib_ws/data (请确保数据已放入此路径)
[2026-04-08 20:53:35.837] [info] [LiDAR-Camera] [:] ━━━━━━━━━━━━━━━━━━━━━━━━━━━━━━━━━━━━ [数据路径] ━━━━━━━━━━━━━━━━━━━━━━━━━━━━━
[2026-04-08 20:53:35.837] [info] [LiDAR-Camera] [:]   数据路径来源: 统一格式 (data.lidar.<id> / data.camera.<id>.images_dir)
[2026-04-08 20:53:35.837] [info] [LiDAR-Camera] [:]   配置原始值 — lidar:  nya_02_slam_imu_to_lidar/lidar_horz.yaml
[2026-04-08 20:53:35.837] [info] [LiDAR-Camera] [:]   配置原始值 — camera: calib_ws/data
[2026-04-08 20:53:35.837] [info] [LiDAR-Camera] [:]   base_data_dir:  /root/calib_ws/data
[2026-04-08 20:53:35.837] [info] [LiDAR-Camera] [:]   base 来源: 命令行 --data-dir
[2026-04-08 20:53:35.837] [info] [LiDAR-Camera] [:]   lidar_dir:      /root/calib_ws/data/nya_02_slam_imu_to_lidar/lidar_horz.yaml
[2026-04-08 20:53:35.837] [info] [LiDAR-Camera] [:]     → 相对路径，已与 base 拼接
[2026-04-08 20:53:35.837] [info] [LiDAR-Camera] [:]     → 存在: 是
[2026-04-08 20:53:35.837] [info] [LiDAR-Camera] [:]   camera_dir:     /root/calib_ws/data/calib_ws/data
[2026-04-08 20:53:35.837] [info] [LiDAR-Camera] [:]     → 相对路径，已与 base 拼接
[2026-04-08 20:53:35.837] [info] [LiDAR-Camera] [:]     → 存在: 否
[2026-04-08 20:53:35.837] [warning] [LiDAR-Camera] [:]     相机图像目录不存在，精标定将无法加载图像
[2026-04-08 20:53:35.837] [info] [LiDAR-Camera] [:]   【数据就绪】否 — 原因: 相机图像目录不存在: /root/calib_ws/data/calib_ws/data
[2026-04-08 20:53:35.837] [info] [LiDAR-Camera] [:]   说明: 使用 --dataset 时请将 data.lidar/data.camera 设为相对 base 的路径（如 pcd、images），不要使用 /path/to/... 占位符
[2026-04-08 20:53:35.837] [info] [LiDAR-Camera] [:] ━━━━━━━━━━━━━━━━━━━━━━━━━━━━━━━━━━━━━━━━━━━━━━━━━━━━━━━━━━━━━━━━━━━━━━━━━━━━
[2026-04-08 20:53:35.838] [info] [LiDAR-Camera] [:] [LiDAR-Cam] use_config_extrinsic_only=true：跳过 AI 粗标定，将使用配置 initial_extrinsic 直接进入精标定/手动微调
[2026-04-08 20:53:35.838] [info] [LiDAR-Camera] [:] 读取系统配置: /root/calib_ws/calib_unified/config/unicalib_example.yaml
[2026-04-08 20:53:35.839] [info] [LiDAR-Camera] [:]   IMU: 1, LiDAR: 2, Camera: 2
[2026-04-08 20:53:35.839] [info] [LiDAR-Camera] [:] 读取系统配置: /root/calib_ws/calib_unified/config/unicalib_example.yaml
[2026-04-08 20:53:35.840] [info] [LiDAR-Camera] [:]   IMU: 1, LiDAR: 2, Camera: 2
[2026-04-08 20:53:35.840] [info] [LiDAR-Camera] [:] 配置: 使用 ROS2 bag 模式（离线标定）
[2026-04-08 20:53:35.840] [info] [LiDAR-Camera] [:]   Bag 路径: /root/calib_ws/data/nya_02_slam_imu_to_lidar/nya_02_ros2
[2026-04-08 20:53:35.840] [info] [LiDAR-Camera] [:]   LiDAR 话题: /os1_cloud_node1/points
[2026-04-08 20:53:35.840] [info] [LiDAR-Camera] [:]   相机话题: /left/image_raw
[2026-04-08 20:53:35.840] [info] [LiDAR-Camera] [:]   IMU 话题: /imu/imu
[2026-04-08 20:53:35.840] [info] [LiDAR-Camera] [:] [数据源] 类型=ROS2_BAG  path=/root/calib_ws/data/nya_02_slam_imu_to_lidar/nya_02_ros2  lidar_topic=/os1_cloud_node1/points  camera_topic=/left/image_raw
[2026-04-08 20:53:35.840] [info] [LiDAR-Camera] [:]   内参将从相机标定结果读取: ./results/camera_intrinsic/camera_intrinsic_cam_left.yaml (camera_id=cam_left)
[2026-04-08 20:53:35.840] [info] [LiDAR-Camera] [:]   内参将从相机标定结果读取: ./results/camera_intrinsic/camera_intrinsic_cam_right.yaml (camera_id=cam_right)
[2026-04-08 20:53:35.840] [info] [LiDAR-Camera] [:] [CalibPipeline] 初始化 ID=pipeline_20260408_205335
[2026-04-08 20:53:35.840] [info] [LiDAR-Camera] [:] [CalibPipeline] 输出目录: ./results
[2026-04-08 20:53:35.840] [info] [LiDAR-Camera] [:] [CalibPipeline] 无目标优先: true
[2026-04-08 20:53:35.840] [info] [LiDAR-Camera] [:] [CalibPipeline] 任务掩码: 0x10
[2026-04-08 20:53:35.840] [info] [LiDAR-Camera] [:] ▶ Stage 2: 精标定 (方法=edge)
[2026-04-08 20:53:35.840] [warning] [LiDAR-Camera] [:] 数据路径未就绪，当前运行将仅执行流水线占位阶段，不进行实际标定优化。详见上方【数据就绪】原因。
[2026-04-08 20:53:35.840] [info] [LiDAR-Camera] [:] ▶ Stage 3: 手动校准 (manual_threshold=2.00px)
[2026-04-08 20:53:35.840] [info] [LiDAR-Camera] [:]   使用 ManualCalibSession 进行 6-DOF 交互式调整
[2026-04-08 20:53:35.840] [info] [LiDAR-Camera] [:]   调用示例:
[2026-04-08 20:53:35.840] [info] [LiDAR-Camera] [:]     ManualCalibSession::SessionConfig sess_cfg;
[2026-04-08 20:53:35.840] [info] [LiDAR-Camera] [:]     sess_cfg.save_dir = "./results/manual_sessions";
[2026-04-08 20:53:35.840] [info] [LiDAR-Camera] [:]     ManualCalibSession session(sess_cfg);
[2026-04-08 20:53:35.840] [info] [LiDAR-Camera] [:]     auto result = session.run_lidar_cam(scan, image, intrin, auto_result, auto_rms);
[2026-04-08 20:53:35.840] [info] [LiDAR-Camera] [:] 
[2026-04-08 20:53:35.840] [info] [LiDAR-Camera] [:] ╔═══════════════════════════════════════════════╗
[2026-04-08 20:53:35.840] [info] [LiDAR-Camera] [:] ║   UniCalib 两阶段标定流水线 — 开始            ║
[2026-04-08 20:53:35.840] [info] [LiDAR-Camera] [:] ║   Pipeline ID: pipeline_20260408_205335       ║
[2026-04-08 20:53:35.840] [info] [LiDAR-Camera] [:] ╚═══════════════════════════════════════════════╝
[2026-04-08 20:53:35.840] [info] [LiDAR-Camera] [:] [Coarse-AI/LiDAR-Cam] enable_coarse_lidar_cam=true → do_coarse=true
[20:53:35.840] [info] 
[20:53:35.840] [info] ━━━━━━━━━━━━━━━━━━━━━━━━━━━━━━━━━━━━━━━━━
[20:53:35.840] [info] ▶ 开始阶段: [Coarse-AI] 任务: [lidar_cam_extrin]
[20:53:35.840] [info]   描述: AI模型提供初始估计值
[20:53:35.840] [info] ━━━━━━━━━━━━━━━━━━━━━━━━━━━━━━━━━━━━━━━━━
[20:53:35.840] [info] [CALC] 粗标定阶段开始 task=lidar_cam_extrin
[20:53:35.840] [info] [Coarse-AI/LiDAR-Cam] 使用配置粗标定初值作为粗标定结果 t=[0.123,0.040,-0.058]m，精标定将以此起步
[20:53:35.840] [info] ━━━━━━━━━━━━━━━━━━━━━━━━━━━━━━━━━━━━━━━━━
[20:53:35.840] [info] ■ 结束阶段: [Coarse-AI] 任务: [lidar_cam_extrin]
[20:53:35.840] [info]   结果: ✓ 成功 | 残差RMS: 0.0000 | 耗时: 0 ms
[20:53:35.840] [info]   消息: 使用配置 initial_extrinsic 作为粗标定结果，精标定将以此起步
[20:53:35.840] [info] [CALC] 阶段结束 stage=Coarse-AI task=lidar_cam_extrin success=true residual_rms=0.000000 elapsed_ms=0.0 threshold=-1.0000
[20:53:35.840] [info] ━━━━━━━━━━━━━━━━━━━━━━━━━━━━━━━━━━━━━━━━━
[20:53:35.840] [info] 
[20:53:35.840] [info] ━━━━━━━━━━━━━━━━━━━━━━━━━━━━━━━━━━━━━━━━━
[20:53:35.840] [info] ▶ 开始阶段: [Fine-Auto] 任务: [lidar_cam_extrin]
[20:53:35.840] [info]   描述: 无目标优化
[20:53:35.840] [info] ━━━━━━━━━━━━━━━━━━━━━━━━━━━━━━━━━━━━━━━━━
[20:53:35.840] [info] [CALC] 精标定阶段开始 task=lidar_cam_extrin
[20:53:35.840] [info] [Fine-Auto] 任务: lidar_cam_extrin | 无目标优先: true
[20:53:35.840] [info] [Fine-Auto] 方法: 边缘对齐互信息 (EDGE_ALIGNMENT, 无目标)
[20:53:35.840] [info] [STAGE=lidar_cam_fine_auto] LiDAR-Camera 精标定 开始
[20:53:35.840] [info] [Fine-Auto/LiDAR-Cam] 开始执行精标定...
[20:53:35.840] [info]   [精标定数据源] 类型=ROS2_BAG  lidar_id=lidar_front
[20:53:35.840] [info]   ROS2 Bag: /root/calib_ws/data/nya_02_slam_imu_to_lidar/nya_02_ros2  LiDAR 话题: /os1_cloud_node1/points  相机话题: /left/image_raw
[20:53:35.840] [info] [Fine-Auto/LiDAR-Cam] 从 ROS2 加载数据...
[20:53:35.840] [info] [UnifiedDataLoader] 从 ROS2 加载数据...
[20:53:35.840] [info]   Bag 文件: /root/calib_ws/data/nya_02_slam_imu_to_lidar/nya_02_ros2
[20:53:35.840] [info]   实时模式: false
[20:53:35.840] [info] [Ros2BagDataSource] 打开 bag 文件: /root/calib_ws/data/nya_02_slam_imu_to_lidar/nya_02_ros2
[20:53:35.840] [info] [Ros2BagDataSource] 正在读取 metadata.yaml: /root/calib_ws/data/nya_02_slam_imu_to_lidar/nya_02_ros2/metadata.yaml
[20:53:35.841] [debug] [Ros2BagDataSource] 找到话题: /dji_sdk/imu (类型: sensor_msgs/msg/Imu, 消息数: 171462)
[20:53:35.841] [debug] [Ros2BagDataSource] 找到话题: /dji_sdk/attitude (类型: geometry_msgs/msg/QuaternionStamped, 消息数: 42866)
[20:53:35.841] [debug] [Ros2BagDataSource] 找到话题: /os1_cloud_node2/imu (类型: sensor_msgs/msg/Imu, 消息数: 42862)
[20:53:35.841] [debug] [Ros2BagDataSource] 找到话题: /os1_cloud_node1/imu (类型: sensor_msgs/msg/Imu, 消息数: 42862)
[20:53:35.841] [debug] [Ros2BagDataSource] 找到话题: /imu/imu (类型: sensor_msgs/msg/Imu, 消息数: 166428)
[20:53:35.841] [debug] [Ros2BagDataSource] 找到话题: /imu/magnetic_field (类型: sensor_msgs/msg/MagneticField, 消息数: 166428)
[20:53:35.841] [debug] [Ros2BagDataSource] 找到话题: /imu/temperature (类型: sensor_msgs/msg/Temperature, 消息数: 166428)
[20:53:35.841] [debug] [Ros2BagDataSource] 找到话题: /dji_sdk/gps_position (类型: sensor_msgs/msg/NavSatFix, 消息数: 21433)
[20:53:35.841] [debug] [Ros2BagDataSource] 找到话题: /dji_sdk/height_above_takeoff (类型: std_msgs/msg/Float32, 消息数: 21433)
[20:53:35.841] [debug] [Ros2BagDataSource] 找到话题: /dji_sdk/gps_health (类型: std_msgs/msg/UInt8, 消息数: 21433)
[20:53:35.841] [debug] [Ros2BagDataSource] 找到话题: /uwb_endorange_info (类型: uwb_driver/msg/UwbRange, 消息数: 25172)
[20:53:35.841] [debug] [Ros2BagDataSource] 找到话题: /left/image_raw (类型: sensor_msgs/msg/Image, 消息数: 4285)
[20:53:35.841] [debug] [Ros2BagDataSource] 找到话题: /right/image_raw (类型: sensor_msgs/msg/Image, 消息数: 4285)
[20:53:35.841] [debug] [Ros2BagDataSource] 找到话题: /os1_cloud_node1/points (类型: sensor_msgs/msg/PointCloud2, 消息数: 4287)
[20:53:35.841] [debug] [Ros2BagDataSource] 找到话题: /os1_cloud_node2/points (类型: sensor_msgs/msg/PointCloud2, 消息数: 4286)
[20:53:35.841] [debug] [Ros2BagDataSource] 找到话题: /uwb_exorange_info (类型: uwb_driver/msg/UwbEcho, 消息数: 2437)
[20:53:35.841] [debug] [Ros2BagDataSource] 找到话题: /node_pos_marker_sc (类型: visualization_msgs/msg/Marker, 消息数: 2437)
[20:53:35.841] [debug] [Ros2BagDataSource] 找到话题: /node_pos_sc (类型: nav_msgs/msg/Path, 消息数: 2437)
[20:53:35.841] [debug] [Ros2BagDataSource] 找到话题: /leica/pose/relative (类型: geometry_msgs/msg/PoseStamped, 消息数: 7679)
[20:53:35.841] [info] [Ros2BagDataSource] 使用配置的 LiDAR 话题: /os1_cloud_node1/points
[20:53:35.841] [info] [Ros2BagDataSource] 使用配置的相机话题: /left/image_raw
[20:53:35.841] [info] [Ros2BagDataSource] 使用配置的 IMU 话题: /imu/imu
[INFO] [1775652815.844788112] [rosbag2_storage]: Opened database '/root/calib_ws/data/nya_02_slam_imu_to_lidar/nya_02_ros2/nya_02_ros2.db3' for READ_ONLY.
[20:53:35.844] [info] [Ros2BagDataSource] Bag 已打开，开始读取消息...
[20:53:35.844] [info] [Ros2BagDataSource] 找到 19 个话题
[20:53:35.844] [info] [Ros2BagDataSource]  话题: /dji_sdk/imu  类型: sensor_msgs/msg/Imu  消息数: 171462
[20:53:35.844] [info] [Ros2BagDataSource]  话题: /dji_sdk/attitude  类型: geometry_msgs/msg/QuaternionStamped  消息数: 42866
[20:53:35.844] [info] [Ros2BagDataSource]  话题: /os1_cloud_node2/imu  类型: sensor_msgs/msg/Imu  消息数: 42862
[20:53:35.844] [info] [Ros2BagDataSource]  话题: /os1_cloud_node1/imu  类型: sensor_msgs/msg/Imu  消息数: 42862
[20:53:35.844] [info] [Ros2BagDataSource]  话题: /imu/imu  类型: sensor_msgs/msg/Imu  消息数: 166428
[20:53:35.844] [info] [Ros2BagDataSource]  话题: /imu/magnetic_field  类型: sensor_msgs/msg/MagneticField  消息数: 166428
[20:53:35.844] [info] [Ros2BagDataSource]  话题: /imu/temperature  类型: sensor_msgs/msg/Temperature  消息数: 166428
[20:53:35.844] [info] [Ros2BagDataSource]  话题: /dji_sdk/gps_position  类型: sensor_msgs/msg/NavSatFix  消息数: 21433
[20:53:35.844] [info] [Ros2BagDataSource]  话题: /dji_sdk/height_above_takeoff  类型: std_msgs/msg/Float32  消息数: 21433
[20:53:35.844] [info] [Ros2BagDataSource]  话题: /dji_sdk/gps_health  类型: std_msgs/msg/UInt8  消息数: 21433
[20:53:35.844] [info] [Ros2BagDataSource]  话题: /uwb_endorange_info  类型: uwb_driver/msg/UwbRange  消息数: 25172
[20:53:35.844] [info] [Ros2BagDataSource]  话题: /left/image_raw  类型: sensor_msgs/msg/Image  消息数: 4285
[20:53:35.844] [info] [Ros2BagDataSource]  话题: /right/image_raw  类型: sensor_msgs/msg/Image  消息数: 4285
[20:53:35.844] [info] [Ros2BagDataSource]  话题: /os1_cloud_node1/points  类型: sensor_msgs/msg/PointCloud2  消息数: 4287
[20:53:35.844] [info] [Ros2BagDataSource]  话题: /os1_cloud_node2/points  类型: sensor_msgs/msg/PointCloud2  消息数: 4286
[20:53:35.844] [info] [Ros2BagDataSource]  话题: /uwb_exorange_info  类型: uwb_driver/msg/UwbEcho  消息数: 2437
[20:53:35.844] [info] [Ros2BagDataSource]  话题: /node_pos_marker_sc  类型: visualization_msgs/msg/Marker  消息数: 2437
[20:53:35.844] [info] [Ros2BagDataSource]  话题: /node_pos_sc  类型: nav_msgs/msg/Path  消息数: 2437
[20:53:35.844] [info] [Ros2BagDataSource]  话题: /leica/pose/relative  类型: geometry_msgs/msg/PoseStamped  消息数: 7679
[20:53:35.844] [info] [Ros2BagDataSource] 将加载 bag 内所有 IMU / LiDAR / 相机话题，加载后可通过 sensor_id 或话题名选择使用
[20:53:36.387] [debug]   收集 IMU [/dji_sdk/imu] 帧数: 5000
[20:53:36.414] [debug]   收集 IMU [/imu/imu] 帧数: 5000
[20:53:36.797] [debug]   收集 IMU [/dji_sdk/imu] 帧数: 10000
[20:53:36.848] [debug]   收集 IMU [/imu/imu] 帧数: 10000
[20:53:37.329] [debug]   收集 IMU [/dji_sdk/imu] 帧数: 15000
[20:53:37.405] [debug]   收集 IMU [/imu/imu] 帧数: 15000
[20:53:37.758] [debug]   收集 LiDAR [/os1_cloud_node1/points] 帧数: 500
[20:53:37.759] [debug]   收集 LiDAR [/os1_cloud_node2/points] 帧数: 500
[20:53:37.760] [debug]   收集相机 [/left/image_raw] 帧数: 500
[20:53:37.760] [debug]   收集相机 [/right/image_raw] 帧数: 500
[20:53:37.760] [debug]   收集 IMU [/dji_sdk/imu] 帧数: 20000
[20:53:37.760] [debug]   收集 IMU [/os1_cloud_node1/imu] 帧数: 5000
[20:53:37.760] [debug]   收集 IMU [/os1_cloud_node2/imu] 帧数: 5000
[20:53:37.829] [debug]   收集 IMU [/imu/imu] 帧数: 20000
[20:53:38.315] [debug]   收集 IMU [/dji_sdk/imu] 帧数: 25000
[20:53:38.410] [debug]   收集 IMU [/imu/imu] 帧数: 25000
[20:53:38.749] [debug]   收集 IMU [/dji_sdk/imu] 帧数: 30000
[20:53:38.862] [debug]   收集 IMU [/imu/imu] 帧数: 30000
[20:53:39.339] [debug]   收集 IMU [/dji_sdk/imu] 帧数: 35000
[20:53:39.448] [debug]   收集 IMU [/imu/imu] 帧数: 35000
[20:53:39.766] [debug]   收集 LiDAR [/os1_cloud_node1/points] 帧数: 1000
[20:53:39.767] [debug]   收集 LiDAR [/os1_cloud_node2/points] 帧数: 1000
[20:53:39.767] [debug]   收集相机 [/left/image_raw] 帧数: 1000
[20:53:39.768] [debug]   收集相机 [/right/image_raw] 帧数: 1000
[20:53:39.768] [debug]   收集 IMU [/dji_sdk/imu] 帧数: 40000
[20:53:39.768] [debug]   收集 IMU [/os1_cloud_node1/imu] 帧数: 10000
[20:53:39.768] [debug]   收集 IMU [/os1_cloud_node2/imu] 帧数: 10000
[20:53:39.889] [debug]   收集 IMU [/imu/imu] 帧数: 40000
[20:53:40.329] [debug]   收集 IMU [/dji_sdk/imu] 帧数: 45000
[20:53:40.487] [debug]   收集 IMU [/imu/imu] 帧数: 45000
[20:53:40.801] [debug]   收集 IMU [/dji_sdk/imu] 帧数: 50000
[20:53:40.952] [debug]   收集 IMU [/imu/imu] 帧数: 50000
[20:53:41.365] [debug]   收集 IMU [/dji_sdk/imu] 帧数: 55000
[20:53:41.543] [debug]   收集 IMU [/imu/imu] 帧数: 55000
[20:53:41.829] [debug]   收集 LiDAR [/os1_cloud_node1/points] 帧数: 1500
[20:53:41.830] [debug]   收集 LiDAR [/os1_cloud_node2/points] 帧数: 1500
[20:53:41.830] [debug]   收集 IMU [/dji_sdk/imu] 帧数: 60000
[20:53:41.832] [debug]   收集相机 [/left/image_raw] 帧数: 1500
[20:53:41.832] [debug]   收集相机 [/right/image_raw] 帧数: 1500
[20:53:41.832] [debug]   收集 IMU [/os1_cloud_node1/imu] 帧数: 15000
[20:53:41.832] [debug]   收集 IMU [/os1_cloud_node2/imu] 帧数: 15000
[20:53:42.118] [debug]   收集 IMU [/imu/imu] 帧数: 60000
[20:53:42.654] [debug]   收集 IMU [/dji_sdk/imu] 帧数: 65000
[20:53:42.839] [debug]   收集 IMU [/imu/imu] 帧数: 65000
[20:53:43.089] [debug]   收集 IMU [/dji_sdk/imu] 帧数: 70000
[20:53:43.401] [debug]   收集 IMU [/imu/imu] 帧数: 70000
[20:53:43.638] [debug]   收集 IMU [/dji_sdk/imu] 帧数: 75000
[20:53:43.869] [debug]   收集 IMU [/imu/imu] 帧数: 75000
[20:53:44.104] [debug]   收集 LiDAR [/os1_cloud_node1/points] 帧数: 2000
[20:53:44.106] [debug]   收集 LiDAR [/os1_cloud_node2/points] 帧数: 2000
[20:53:44.106] [debug]   收集 IMU [/dji_sdk/imu] 帧数: 80000
[20:53:44.106] [debug]   收集 IMU [/os1_cloud_node1/imu] 帧数: 20000
[20:53:44.106] [debug]   收集 IMU [/os1_cloud_node2/imu] 帧数: 20000
[20:53:44.108] [debug]   收集相机 [/left/image_raw] 帧数: 2000
[20:53:44.108] [debug]   收集相机 [/right/image_raw] 帧数: 2000
[20:53:44.450] [debug]   收集 IMU [/imu/imu] 帧数: 80000
[20:53:44.667] [debug]   收集 IMU [/dji_sdk/imu] 帧数: 85000
[20:53:44.902] [debug]   收集 IMU [/imu/imu] 帧数: 85000
[20:53:45.109] [debug]   收集 IMU [/dji_sdk/imu] 帧数: 90000
[20:53:45.511] [debug]   收集 IMU [/imu/imu] 帧数: 90000
[20:53:51.584] [debug]   收集 IMU [/dji_sdk/imu] 帧数: 95000
[20:54:00.344] [debug]   收集 IMU [/imu/imu] 帧数: 95000
[20:54:00.606] [debug]   收集 LiDAR [/os1_cloud_node1/points] 帧数: 2500
[20:54:00.613] [debug]   收集 LiDAR [/os1_cloud_node2/points] 帧数: 2500
[20:54:00.613] [debug]   收集 IMU [/dji_sdk/imu] 帧数: 100000
[20:54:00.614] [debug]   收集 IMU [/os1_cloud_node1/imu] 帧数: 25000
[20:54:00.614] [debug]   收集 IMU [/os1_cloud_node2/imu] 帧数: 25000
[20:54:00.617] [debug]   收集相机 [/left/image_raw] 帧数: 2500
[20:54:00.617] [debug]   收集相机 [/right/image_raw] 帧数: 2500
[20:54:00.963] [debug]   收集 IMU [/imu/imu] 帧数: 100000
[20:54:01.166] [debug]   收集 IMU [/dji_sdk/imu] 帧数: 105000
[20:54:01.551] [debug]   收集 IMU [/imu/imu] 帧数: 105000
[20:54:01.744] [debug]   收集 IMU [/dji_sdk/imu] 帧数: 110000
[20:54:02.218] [debug]   收集 IMU [/imu/imu] 帧数: 110000
[20:54:02.461] [debug]   收集 IMU [/dji_sdk/imu] 帧数: 115000
[20:54:02.931] [debug]   收集 IMU [/imu/imu] 帧数: 115000
[20:54:03.138] [debug]   收集 LiDAR [/os1_cloud_node1/points] 帧数: 3000
[20:54:03.141] [debug]   收集 LiDAR [/os1_cloud_node2/points] 帧数: 3000
[20:54:03.141] [debug]   收集 IMU [/dji_sdk/imu] 帧数: 120000
[20:54:03.142] [debug]   收集 IMU [/os1_cloud_node1/imu] 帧数: 30000
[20:54:03.142] [debug]   收集 IMU [/os1_cloud_node2/imu] 帧数: 30000
[20:54:03.144] [debug]   收集相机 [/left/image_raw] 帧数: 3000
[20:54:03.145] [debug]   收集相机 [/right/image_raw] 帧数: 3000
[20:54:03.723] [debug]   收集 IMU [/imu/imu] 帧数: 120000
[20:54:03.902] [debug]   收集 IMU [/dji_sdk/imu] 帧数: 125000
[20:54:04.440] [debug]   收集 IMU [/imu/imu] 帧数: 125000
[20:54:04.578] [debug]   收集 IMU [/dji_sdk/imu] 帧数: 130000
[20:54:04.971] [debug]   收集 IMU [/imu/imu] 帧数: 130000
[20:54:05.061] [debug]   收集 IMU [/dji_sdk/imu] 帧数: 135000
[20:54:05.517] [debug]   收集 IMU [/imu/imu] 帧数: 135000
[20:54:05.623] [debug]   收集 LiDAR [/os1_cloud_node1/points] 帧数: 3500
[20:54:05.624] [debug]   收集 LiDAR [/os1_cloud_node2/points] 帧数: 3500
[20:54:05.626] [debug]   收集 IMU [/dji_sdk/imu] 帧数: 140000
[20:54:05.628] [debug]   收集 IMU [/os1_cloud_node1/imu] 帧数: 35000
[20:54:05.628] [debug]   收集 IMU [/os1_cloud_node2/imu] 帧数: 35000
[20:54:05.631] [debug]   收集相机 [/left/image_raw] 帧数: 3500
[20:54:05.632] [debug]   收集相机 [/right/image_raw] 帧数: 3500
[20:54:06.156] [debug]   收集 IMU [/imu/imu] 帧数: 140000
[20:54:06.251] [debug]   收集 IMU [/dji_sdk/imu] 帧数: 145000
[20:54:06.762] [debug]   收集 IMU [/imu/imu] 帧数: 145000
[20:54:06.829] [debug]   收集 IMU [/dji_sdk/imu] 帧数: 150000
[20:54:07.229] [debug]   收集 IMU [/imu/imu] 帧数: 150000
[20:54:07.267] [debug]   收集 IMU [/dji_sdk/imu] 帧数: 155000
[20:54:07.672] [debug]   收集 IMU [/imu/imu] 帧数: 155000
[20:54:07.700] [debug]   收集 LiDAR [/os1_cloud_node1/points] 帧数: 4000
[20:54:07.701] [debug]   收集 LiDAR [/os1_cloud_node2/points] 帧数: 4000
[20:54:07.702] [debug]   收集 IMU [/dji_sdk/imu] 帧数: 160000
[20:54:07.703] [debug]   收集 IMU [/os1_cloud_node1/imu] 帧数: 40000
[20:54:07.703] [debug]   收集 IMU [/os1_cloud_node2/imu] 帧数: 40000
[20:54:07.705] [debug]   收集相机 [/left/image_raw] 帧数: 4000
[20:54:07.705] [debug]   收集相机 [/right/image_raw] 帧数: 4000
[20:54:08.203] [debug]   收集 IMU [/imu/imu] 帧数: 160000
[20:54:08.218] [debug]   收集 IMU [/dji_sdk/imu] 帧数: 165000
[20:54:08.688] [debug]   收集 IMU [/imu/imu] 帧数: 165000
[20:54:08.689] [debug]   收集 IMU [/dji_sdk/imu] 帧数: 170000
[20:54:08.830] [info] [Ros2BagDataSource] 加载完成 (所有话题按话题名存储，可通过 sensor_id 或话题名选择):
[20:54:08.830] [info]   LiDAR [/os1_cloud_node1/points]: 4287 帧
[20:54:08.830] [info]   LiDAR [/os1_cloud_node2/points]: 4286 帧
[20:54:08.830] [info]   相机 [/left/image_raw]: 4285 帧
[20:54:08.830] [info]   相机 [/right/image_raw]: 4285 帧
[20:54:08.830] [info]   IMU [/dji_sdk/imu]: 171462 帧
[20:54:08.830] [info]   IMU [/imu/imu]: 166428 帧
[20:54:08.830] [info]   IMU [/os1_cloud_node1/imu]: 42862 帧
[20:54:08.830] [info]   IMU [/os1_cloud_node2/imu]: 42862 帧
[20:54:08.831] [info]   选用 LiDAR  lidar_front -> /os1_cloud_node1/points
[20:54:08.831] [info]   选用 相机  cam_left -> /left/image_raw
[20:54:08.831] [info]   选用 IMU    imu_0 -> /imu/imu
[20:54:08.831] [info]   时间范围: 1609045331.127 - 1609045759.771 秒
[20:54:08.831] [info] [Ros2BagDataSource] 应用采样/帧数限制...
[20:54:09.044] [info]   LiDAR /os1_cloud_node1/points 采样后: 800 帧
[20:54:09.168] [info]   LiDAR /os1_cloud_node2/points 采样后: 800 帧
[20:54:09.288] [info]   相机 /left/image_raw 采样后: 800 帧
[20:54:09.397] [info]   相机 /right/image_raw 采样后: 800 帧
[20:54:09.447] [info] [Fine-Auto/LiDAR-Cam] LiDAR 加载完成: 800 帧 (将按相机逐路取帧)
[20:54:09.448] [info] 读取相机内参: ./results/camera_intrinsic/camera_intrinsic_cam_left.yaml
[20:54:09.449] [info]   fx=384.00 fy=384.00 cx=376.00 cy=240.00 dist=4
[20:54:09.449] [info] [Fine-Auto/LiDAR-Cam] 步骤: LiDAR-Camera 标定 相机=cam_left (方法: 边缘对齐)
[20:54:09.469] [info] [CalibVisualizer] 初始化完成
[20:54:09.470] [info] [Fine-Auto/LiDAR-Cam] 可视化已启用：仅标定结束后显示一帧「图像+点云投影」叠加，不创建 3D 窗口、不泵送其他帧
[20:54:09.470] [info] [Fine-Auto/LiDAR-Cam] 使用粗标定初值 t=[0.123,0.040,-0.058]m
[20:54:09.479] [info] [Fine-Auto] 结果已保存: ./results/lidar_camera_extrinsic/lidar_cam_cam_left_extrinsic.yaml
[20:54:09.479] [info] [Viz] 即将生成投影图并保存到 ./results/lidar_camera_extrinsic/lidar_cam_cam_left_projection.png
[20:54:09.508] [info] 投影可视化保存: ./results/lidar_camera_extrinsic/lidar_cam_cam_left_projection.png
[20:54:09.508] [info] [Viz] 投影图已保存（仅使用配置初值，未做精标定）
[20:54:09.508] [info] [Fine-Auto/LiDAR-Cam] 相机 cam_left 已使用配置初值跳过精标定，直接供手动微调
[20:54:09.508] [info] [Viz/Display] 即将关闭可视化窗口 原因=用户关闭或流程结束 pangolin_running=false
[20:54:09.509] [warning] [Fine-Auto/LiDAR-Cam] 相机 cam_right 无帧，跳过
[20:54:09.509] [warning] [Fine-Auto/LiDAR-Cam] 相机 cam_front 无帧，跳过
[20:54:09.509] [warning] [Fine-Auto/LiDAR-Cam] 相机 cam_rear 无帧，跳过
[20:54:09.509] [info] [Fine-Auto/LiDAR-Cam] 精标定完成: 1 个相机  最大 RMS=0.0000 px
[20:54:09.509] [info] [STAGE=lidar_cam_fine_auto] LiDAR-Camera 精标定 完成
[20:54:09.509] [info] [Fine-Auto/LiDAR-Cam] RMS 阈值=2.00 px  最大 RMS=0.0000 px  在阈值内
[20:54:09.765] [info] ━━━━━━━━━━━━━━━━━━━━━━━━━━━━━━━━━━━━━━━━━
[20:54:09.765] [info] ■ 结束阶段: [Fine-Auto] 任务: [lidar_cam_extrin]
[20:54:09.765] [info]   结果: ✓ 成功 | 残差RMS: 0.0000 | 耗时: 33925 ms
[20:54:09.765] [info]   消息: LiDAR-Camera 精标定完成: 1 个相机, 最大 RMS=0.000000 px
[20:54:09.765] [info] [CALC] 阶段结束 stage=Fine-Auto task=lidar_cam_extrin success=true residual_rms=0.000000 elapsed_ms=33668.5 threshold=2.0000
[20:54:09.765] [info] ━━━━━━━━━━━━━━━━━━━━━━━━━━━━━━━━━━━━━━━━━
[20:54:09.766] [info] [Pipeline] 用户已启用手动校准 (--manual), 进入 6-DOF 调整
[20:54:09.766] [info] 
[20:54:09.766] [info] ━━━━━━━━━━━━━━━━━━━━━━━━━━━━━━━━━━━━━━━━━
[20:54:09.766] [info] ▶ 开始阶段: [Manual-Refine] 任务: [lidar_cam_extrin]
[20:54:09.766] [info]   描述: 手动校准: 6-DOF 交互式调整
[20:54:09.766] [info] ━━━━━━━━━━━━━━━━━━━━━━━━━━━━━━━━━━━━━━━━━
[20:54:09.766] [info] [Manual-Refine] 任务: lidar_cam_extrin
[20:54:09.766] [info] [Manual-Refine] 操作说明: Q/A Roll  W/S Pitch  E/D Yaw  R/F Tx  T/G Ty  Y/H Tz  U Undo  Enter 接受  Esc 取消
[20:54:09.766] [info] [ManualSession] 会话ID: session_2026-04-08_20-54-09
[20:54:09.766] [info] [ManualSession] 保存目录: ./results/manual_sessions
[20:54:09.766] [info] [Manual-Refine] 已打开 6-DOF 可视化调整窗口，请在本窗口内按键微调后 Enter 接受或 Esc 取消
[20:54:09.766] [info] [Manual-Refine] LiDAR-Camera 手动调整仅使用首帧匹配数据（第 0 帧点云 + 第 0 帧图像）
[20:54:09.766] [info] [ManualSession] 启动 LiDAR-Camera 手动校准
[20:54:09.766] [info] [ManualSession] 自动标定 RMS: 0.0000 px (阈值建议 < 2.0px)
[20:54:09.766] [debug] [ManualSession] 事件: lidar_cam_start | auto_rms=0.000000
[20:54:09.766] [info] [ManualAdjust] 初始外参:
[20:54:09.766] [info] [ManualAdjust] 当前外参 [lidar_front→cam_left]:
[20:54:09.766] [info]   旋转 RPY: (-58.8701, -88.5405, -31.0062) deg
[20:54:09.766] [info]   平移 XYZ: (0.1230, 0.0399, -0.0577) m
[20:54:09.766] [info] [ManualSession] ===== 手动校准操作说明 =====
[20:54:09.766] [info]   Q/A: Roll ±0.1deg   W/S: Pitch ±0.1deg   E/D: Yaw ±0.1deg
[20:54:09.766] [info]   R/F: Tx ±0.5cm   T/G: Ty ±0.5cm   Y/H: Tz ±0.5cm
[20:54:09.766] [info]   Shift+键: 10倍步长
[20:54:09.766] [info]   P: 进入点击精化模式  U: 撤销  Z: 重做
[20:54:09.766] [info]   S: 保存  ESC: 接受并退出
[20:54:09.766] [info]   点云投影质量越高 (边缘对齐越好) 表示标定越准确
[20:54:09.775] [info] [ManualAdjust] 结果已保存: ./results/lidar_camera_extrinsic/manual_extrinsic_20260408_205409_initial.yaml
[20:54:09.776] [info] [ManualCalib] 交互窗口启动前已自动保存初始状态快照（备用）:
[20:54:09.776] [info]   - 投影图: ./results/lidar_camera_extrinsic/manual_projection_20260408_205409_initial.png
[20:54:09.776] [info]   - 点云:   ./results/lidar_camera_extrinsic/manual_cloud_20260408_205409_initial.pcd
[20:54:09.776] [info]   - 外参:   ./results/lidar_camera_extrinsic/manual_extrinsic_20260408_205409_initial.yaml

(unicalib_lidar_camera:100): dbind-WARNING **: 20:54:09.798: Couldn't connect to accessibility bus: Failed to connect to socket /run/user/1000/at-spi/bus: No such file or directory
[20:54:09.835] [info] [ManualCalib] 3D 点云窗口已禁用（避免 VTK 闪退），请在 2D 投影窗口进行微调。按下 'S' 键可手动保存当前微调结果图片和点云。
[20:54:09.835] [info] [ManualCalib] 初始位姿 T_lidar_to_cam:
[20:54:09.835] [info]   - Translation: 0.1230, 0.0399, -0.0577
[20:54:09.835] [info]   - RPY (deg):   90.7545, -179.8846, 91.2509
[20:54:21.530] [info] [ManualAdjust] 结果已保存: ./results/lidar_camera_extrinsic/manual_extrinsic_20260408_205421_final.yaml
[20:54:21.530] [info] [ManualCalib] 最终微调结果已自动保存:
[20:54:21.530] [info]   - 投影图: ./results/lidar_camera_extrinsic/manual_projection_20260408_205421_final.png
[20:54:21.530] [info]   - 点云:   ./results/lidar_camera_extrinsic/manual_cloud_20260408_205421_final.pcd
[20:54:21.530] [info]   - 外参:   ./results/lidar_camera_extrinsic/manual_extrinsic_20260408_205421_final.yaml
[20:54:21.530] [info] [ManualSession] 用户接受手动调整结果
[20:54:21.530] [info] [ManualSession] Cam-Cam 最终采用外参 RMS=0.000000 (manual if available, else auto=0.000000)
[20:54:21.530] [debug] [ManualSession] 事件: lidar_cam_end | final_rms=0.000000
[20:54:21.531] [info] [ManualSession] 会话已保存: ./results/manual_sessions/session_2026-04-08_20-54-09.yaml
[20:54:21.531] [info] ━━━━━━━━━━━━━━━━━━━━━━━━━━━━━━━━━━━━━━━━━
[20:54:21.531] [info] ■ 结束阶段: [Manual-Refine] 任务: [lidar_cam_extrin]
[20:54:21.531] [info]   结果: ✓ 成功 | 残差RMS: 0.0000 | 耗时: 11764 ms
[20:54:21.531] [info]   消息: LiDAR-Camera 手动调整完成
[20:54:21.531] [info] [CALC] 阶段结束 stage=Manual-Refine task=lidar_cam_extrin success=true residual_rms=0.000000 elapsed_ms=11764.8 threshold=-1.0000
[20:54:21.531] [info] ━━━━━━━━━━━━━━━━━━━━━━━━━━━━━━━━━━━━━━━━━
[20:54:21.531] [info] ====== Pipeline Report: pipeline_20260408_205335 ======
[20:54:21.532] [info]   Total time: 45433.3 ms
[20:54:21.532] [info]   All stages succeeded: YES
[20:54:21.532] [info]   标定质量: 各阶段 RMS 均在阈值内
[20:54:21.532] [info]   [Coarse-AI-lidar_cam_extrin] success=true rms=0.0000 time=0.0ms: 使用配置 initial_extrinsic 作为粗标定结果，精标定将以此起步
[20:54:21.532] [info]   [Fine-Auto-lidar_cam_extrin] success=true rms=0.0000 time=33668.5ms: LiDAR-Camera 精标定完成: 1 个相机, 最大 RMS=0.000000 px
[20:54:21.532] [info]   [Manual-Refine-lidar_cam_extrin] success=true rms=0.0000 time=11764.8ms: LiDAR-Camera 手动调整完成

╔══════════════════════════════════════════════════════╗
║              标定参数汇总                            ║
╠══════════════════════════════════════════════════════╣
║ 外参:
║   lidar_front->cam_left:
║     R(RPY°): [-58.87, -88.54, -31.01]
║     T(m):    [0.12, 0.04, -0.06]
║     时偏(s): 0.00
║     RMS:     0.00 ✗
╚══════════════════════════════════════════════════════╝

[20:54:21.532] [info] ================================
[20:54:21.532] [info] Pipeline report saved: ./results/pipeline_report_20260408_205335.yaml
[20:54:21.533] [info] ====== Pipeline Report: pipeline_20260408_205335 ======
[20:54:21.533] [info]   Total time: 45433.3 ms
[20:54:21.533] [info]   All stages succeeded: YES
[20:54:21.533] [info]   标定质量: 各阶段 RMS 均在阈值内
[20:54:21.533] [info]   [Coarse-AI-lidar_cam_extrin] success=true rms=0.0000 time=0.0ms: 使用配置 initial_extrinsic 作为粗标定结果，精标定将以此起步
[20:54:21.533] [info]   [Fine-Auto-lidar_cam_extrin] success=true rms=0.0000 time=33668.5ms: LiDAR-Camera 精标定完成: 1 个相机, 最大 RMS=0.000000 px
[20:54:21.533] [info]   [Manual-Refine-lidar_cam_extrin] success=true rms=0.0000 time=11764.8ms: LiDAR-Camera 手动调整完成

╔══════════════════════════════════════════════════════╗
║              标定参数汇总                            ║
╠══════════════════════════════════════════════════════╣
║ 外参:
║   lidar_front->cam_left:
║     R(RPY°): [-58.87, -88.54, -31.01]
║     T(m):    [0.12, 0.04, -0.06]
║     时偏(s): 0.00
║     RMS:     0.00 ✗
╚══════════════════════════════════════════════════════╝

[20:54:21.533] [info] ================================
[20:54:21.533] [info] ━━━━━━━━━━━━━━━━━━━━━━━━━━━━━━━━━━━━
[20:54:21.533] [info] LiDAR-Camera 标定流程完成
[20:54:21.533] [info] 结果目录: ./results
[20:54:21.533] [info] 标定流程正常退出 exit_code=0
[20:54:21.533] [info] ━━━━━━━━━━━━━━━━━━━━━━━━━━━━━━━━━━━━
