
 ╔═══════════════════════════════════════════════════════╗
 ║   UniCalib — LiDAR-Camera 外参标定                    ║
 ║   两阶段: AI粗标定(MIAS-LCEC) → 无目标边缘精标定      ║
 ║   手动校准: --manual 触发 6-DOF 交互式调整             ║
 ╚═══════════════════════════════════════════════════════╝

[2026-04-08 19:13:35.795] [info] [LiDAR-Camera] [:] ━━━━━━━━━━━━━━━━━━━━━━━━━━━━━━━━━━━━
[2026-04-08 19:13:35.795] [info] [LiDAR-Camera] [:] 配置文件: /root/calib_ws/calib_unified/config/unicalib_example.yaml
[2026-04-08 19:13:35.795] [info] [LiDAR-Camera] [:] 输出目录: /root/calib_ws/results
[2026-04-08 19:13:35.795] [info] [LiDAR-Camera] [:] 数据根目录: /root/calib_ws/data (--data-dir 或 CALIB_DATA_DIR)
[2026-04-08 19:13:35.795] [info] [LiDAR-Camera] [:] 精标定方法: edge (无目标优先=true)
[2026-04-08 19:13:35.795] [info] [LiDAR-Camera] [:] AI粗标定: true | 手动校准: false
[2026-04-08 19:13:35.795] [info] [LiDAR-Camera] [:] ━━━━━━━━━━━━━━━━━━━━━━━━━━━━━━━━━━━━
[2026-04-08 19:13:35.797] [info] [LiDAR-Camera] [:] 读取系统配置: /root/calib_ws/calib_unified/config/unicalib_example.yaml
[2026-04-08 19:13:35.799] [info] [LiDAR-Camera] [:]   IMU: 1, LiDAR: 2, Camera: 2
[2026-04-08 19:13:35.799] [info] [LiDAR-Camera] [:] ━━━━━━━━━━━━━━━━━━━━━━━━━━━━━━━━━━━━ [数据路径] ━━━━━━━━━━━━━━━━━━━━━━━━━━━━━
[2026-04-08 19:13:35.799] [info] [LiDAR-Camera] [:]   数据路径来源: 统一格式 (data.lidar.<id> / data.camera.<id>.images_dir)
[2026-04-08 19:13:35.799] [info] [LiDAR-Camera] [:]   配置原始值 — lidar:  testdata/lidar_pcd
[2026-04-08 19:13:35.799] [info] [LiDAR-Camera] [:]   配置原始值 — camera: testdata/Image/img0
[2026-04-08 19:13:35.799] [info] [LiDAR-Camera] [:]   base_data_dir:  /root/calib_ws/data
[2026-04-08 19:13:35.799] [info] [LiDAR-Camera] [:]   base 来源: 命令行 --data-dir
[2026-04-08 19:13:35.799] [info] [LiDAR-Camera] [:]   lidar_dir:      /root/calib_ws/data/testdata/lidar_pcd
[2026-04-08 19:13:35.799] [info] [LiDAR-Camera] [:]     → 相对路径，已与 base 拼接
[2026-04-08 19:13:35.799] [info] [LiDAR-Camera] [:]     → 存在: 是
[2026-04-08 19:13:35.799] [info] [LiDAR-Camera] [:]   camera_dir:     /root/calib_ws/data/testdata/Image/img0
[2026-04-08 19:13:35.799] [info] [LiDAR-Camera] [:]     → 相对路径，已与 base 拼接
[2026-04-08 19:13:35.799] [info] [LiDAR-Camera] [:]     → 存在: 是
[2026-04-08 19:13:35.799] [info] [LiDAR-Camera] [:]   【数据就绪】是 — 点云与图像目录均存在，将执行精标定
[2026-04-08 19:13:35.799] [info] [LiDAR-Camera] [:]   说明: 使用 --dataset 时请将 data.lidar/data.camera 设为相对 base 的路径（如 pcd、images），不要使用 /path/to/... 占位符
[2026-04-08 19:13:35.799] [info] [LiDAR-Camera] [:] ━━━━━━━━━━━━━━━━━━━━━━━━━━━━━━━━━━━━━━━━━━━━━━━━━━━━━━━━━━━━━━━━━━━━━━━━━━━━
[2026-04-08 19:13:35.799] [info] [LiDAR-Camera] [:] [LiDAR-Cam] use_config_extrinsic_only=true：跳过 AI 粗标定，将使用配置 initial_extrinsic 直接进入精标定/手动微调
[2026-04-08 19:13:35.799] [info] [LiDAR-Camera] [:] 读取系统配置: /root/calib_ws/calib_unified/config/unicalib_example.yaml
[2026-04-08 19:13:35.801] [info] [LiDAR-Camera] [:]   IMU: 1, LiDAR: 2, Camera: 2
[2026-04-08 19:13:35.801] [info] [LiDAR-Camera] [:] 读取系统配置: /root/calib_ws/calib_unified/config/unicalib_example.yaml
[2026-04-08 19:13:35.803] [info] [LiDAR-Camera] [:]   IMU: 1, LiDAR: 2, Camera: 2
[2026-04-08 19:13:35.803] [info] [LiDAR-Camera] [:] 配置: 使用 ROS2 bag 模式（离线标定）
[2026-04-08 19:13:35.803] [info] [LiDAR-Camera] [:]   Bag 路径: /root/calib_ws/data/nya_02_slam_imu_to_lidar/nya_02_ros2
[2026-04-08 19:13:35.803] [info] [LiDAR-Camera] [:]   LiDAR 话题: /os1_cloud_node1/points
[2026-04-08 19:13:35.803] [info] [LiDAR-Camera] [:]   相机话题: /left/image_raw
[2026-04-08 19:13:35.803] [info] [LiDAR-Camera] [:]   IMU 话题: /imu/imu
[2026-04-08 19:13:35.803] [info] [LiDAR-Camera] [:] [数据源] 类型=ROS2_BAG  path=/root/calib_ws/data/nya_02_slam_imu_to_lidar/nya_02_ros2  lidar_topic=/os1_cloud_node1/points  camera_topic=/left/image_raw
[2026-04-08 19:13:35.803] [info] [LiDAR-Camera] [:]   内参将从相机标定结果读取: ./results/camera_intrinsic/camera_intrinsic_cam_left.yaml (camera_id=cam_left)
[2026-04-08 19:13:35.803] [info] [LiDAR-Camera] [:]   内参将从相机标定结果读取: ./results/camera_intrinsic/camera_intrinsic_cam_right.yaml (camera_id=cam_right)
[2026-04-08 19:13:35.803] [info] [LiDAR-Camera] [:] [CalibPipeline] 初始化 ID=pipeline_20260408_191335
[2026-04-08 19:13:35.803] [info] [LiDAR-Camera] [:] [CalibPipeline] 输出目录: ./results
[2026-04-08 19:13:35.803] [info] [LiDAR-Camera] [:] [CalibPipeline] 无目标优先: true
[2026-04-08 19:13:35.803] [info] [LiDAR-Camera] [:] [CalibPipeline] 任务掩码: 0x10
[2026-04-08 19:13:35.803] [info] [LiDAR-Camera] [:] ▶ Stage 2: 精标定 (方法=edge)
[2026-04-08 19:13:35.803] [info] [LiDAR-Camera] [:] 
[2026-04-08 19:13:35.803] [info] [LiDAR-Camera] [:] ╔═══════════════════════════════════════════════╗
[2026-04-08 19:13:35.803] [info] [LiDAR-Camera] [:] ║   UniCalib 两阶段标定流水线 — 开始            ║
[2026-04-08 19:13:35.803] [info] [LiDAR-Camera] [:] ║   Pipeline ID: pipeline_20260408_191335       ║
[2026-04-08 19:13:35.803] [info] [LiDAR-Camera] [:] ╚═══════════════════════════════════════════════╝
[2026-04-08 19:13:35.803] [info] [LiDAR-Camera] [:] [Coarse-AI/LiDAR-Cam] enable_coarse_lidar_cam=true → do_coarse=true
[19:13:35.804] [info] 
[19:13:35.804] [info] ━━━━━━━━━━━━━━━━━━━━━━━━━━━━━━━━━━━━━━━━━
[19:13:35.804] [info] ▶ 开始阶段: [Coarse-AI] 任务: [lidar_cam_extrin]
[19:13:35.804] [info]   描述: AI模型提供初始估计值
[19:13:35.804] [info] ━━━━━━━━━━━━━━━━━━━━━━━━━━━━━━━━━━━━━━━━━
[19:13:35.804] [info] [CALC] 粗标定阶段开始 task=lidar_cam_extrin
[19:13:35.804] [info] [Coarse-AI/LiDAR-Cam] 使用配置粗标定初值作为粗标定结果 t=[0.123,0.040,-0.058]m，精标定将以此起步
[19:13:35.804] [info] ━━━━━━━━━━━━━━━━━━━━━━━━━━━━━━━━━━━━━━━━━
[19:13:35.804] [info] ■ 结束阶段: [Coarse-AI] 任务: [lidar_cam_extrin]
[19:13:35.804] [info]   结果: ✓ 成功 | 残差RMS: 0.0000 | 耗时: 0 ms
[19:13:35.804] [info]   消息: 使用配置 initial_extrinsic 作为粗标定结果，精标定将以此起步
[19:13:35.804] [info] [CALC] 阶段结束 stage=Coarse-AI task=lidar_cam_extrin success=true residual_rms=0.000000 elapsed_ms=0.0 threshold=-1.0000
[19:13:35.804] [info] ━━━━━━━━━━━━━━━━━━━━━━━━━━━━━━━━━━━━━━━━━
[19:13:35.804] [info] 
[19:13:35.804] [info] ━━━━━━━━━━━━━━━━━━━━━━━━━━━━━━━━━━━━━━━━━
[19:13:35.804] [info] ▶ 开始阶段: [Fine-Auto] 任务: [lidar_cam_extrin]
[19:13:35.804] [info]   描述: 无目标优化
[19:13:35.804] [info] ━━━━━━━━━━━━━━━━━━━━━━━━━━━━━━━━━━━━━━━━━
[19:13:35.804] [info] [CALC] 精标定阶段开始 task=lidar_cam_extrin
[19:13:35.804] [info] [Fine-Auto] 任务: lidar_cam_extrin | 无目标优先: true
[19:13:35.804] [info] [Fine-Auto] 方法: 边缘对齐互信息 (EDGE_ALIGNMENT, 无目标)
[19:13:35.804] [info] [STAGE=lidar_cam_fine_auto] LiDAR-Camera 精标定 开始
[19:13:35.804] [info] [Fine-Auto/LiDAR-Cam] 开始执行精标定...
[19:13:35.804] [info]   [精标定数据源] 类型=ROS2_BAG  lidar_id=lidar_front
[19:13:35.804] [info]   ROS2 Bag: /root/calib_ws/data/nya_02_slam_imu_to_lidar/nya_02_ros2  LiDAR 话题: /os1_cloud_node1/points  相机话题: /left/image_raw
[19:13:35.804] [info] [Fine-Auto/LiDAR-Cam] 从 ROS2 加载数据...
[19:13:35.804] [info] [UnifiedDataLoader] 从 ROS2 加载数据...
[19:13:35.804] [info]   Bag 文件: /root/calib_ws/data/nya_02_slam_imu_to_lidar/nya_02_ros2
[19:13:35.804] [info]   实时模式: false
[19:13:35.804] [info] [Ros2BagDataSource] 打开 bag 文件: /root/calib_ws/data/nya_02_slam_imu_to_lidar/nya_02_ros2
[19:13:35.804] [info] [Ros2BagDataSource] 正在读取 metadata.yaml: /root/calib_ws/data/nya_02_slam_imu_to_lidar/nya_02_ros2/metadata.yaml
[19:13:35.805] [debug] [Ros2BagDataSource] 找到话题: /dji_sdk/imu (类型: sensor_msgs/msg/Imu, 消息数: 171462)
[19:13:35.805] [debug] [Ros2BagDataSource] 找到话题: /dji_sdk/attitude (类型: geometry_msgs/msg/QuaternionStamped, 消息数: 42866)
[19:13:35.805] [debug] [Ros2BagDataSource] 找到话题: /os1_cloud_node2/imu (类型: sensor_msgs/msg/Imu, 消息数: 42862)
[19:13:35.805] [debug] [Ros2BagDataSource] 找到话题: /os1_cloud_node1/imu (类型: sensor_msgs/msg/Imu, 消息数: 42862)
[19:13:35.805] [debug] [Ros2BagDataSource] 找到话题: /imu/imu (类型: sensor_msgs/msg/Imu, 消息数: 166428)
[19:13:35.805] [debug] [Ros2BagDataSource] 找到话题: /imu/magnetic_field (类型: sensor_msgs/msg/MagneticField, 消息数: 166428)
[19:13:35.805] [debug] [Ros2BagDataSource] 找到话题: /imu/temperature (类型: sensor_msgs/msg/Temperature, 消息数: 166428)
[19:13:35.805] [debug] [Ros2BagDataSource] 找到话题: /dji_sdk/gps_position (类型: sensor_msgs/msg/NavSatFix, 消息数: 21433)
[19:13:35.805] [debug] [Ros2BagDataSource] 找到话题: /dji_sdk/height_above_takeoff (类型: std_msgs/msg/Float32, 消息数: 21433)
[19:13:35.805] [debug] [Ros2BagDataSource] 找到话题: /dji_sdk/gps_health (类型: std_msgs/msg/UInt8, 消息数: 21433)
[19:13:35.805] [debug] [Ros2BagDataSource] 找到话题: /uwb_endorange_info (类型: uwb_driver/msg/UwbRange, 消息数: 25172)
[19:13:35.805] [debug] [Ros2BagDataSource] 找到话题: /left/image_raw (类型: sensor_msgs/msg/Image, 消息数: 4285)
[19:13:35.805] [debug] [Ros2BagDataSource] 找到话题: /right/image_raw (类型: sensor_msgs/msg/Image, 消息数: 4285)
[19:13:35.805] [debug] [Ros2BagDataSource] 找到话题: /os1_cloud_node1/points (类型: sensor_msgs/msg/PointCloud2, 消息数: 4287)
[19:13:35.805] [debug] [Ros2BagDataSource] 找到话题: /os1_cloud_node2/points (类型: sensor_msgs/msg/PointCloud2, 消息数: 4286)
[19:13:35.805] [debug] [Ros2BagDataSource] 找到话题: /uwb_exorange_info (类型: uwb_driver/msg/UwbEcho, 消息数: 2437)
[19:13:35.805] [debug] [Ros2BagDataSource] 找到话题: /node_pos_marker_sc (类型: visualization_msgs/msg/Marker, 消息数: 2437)
[19:13:35.805] [debug] [Ros2BagDataSource] 找到话题: /node_pos_sc (类型: nav_msgs/msg/Path, 消息数: 2437)
[19:13:35.805] [debug] [Ros2BagDataSource] 找到话题: /leica/pose/relative (类型: geometry_msgs/msg/PoseStamped, 消息数: 7679)
[19:13:35.805] [info] [Ros2BagDataSource] 使用配置的 LiDAR 话题: /os1_cloud_node1/points
[19:13:35.805] [info] [Ros2BagDataSource] 使用配置的相机话题: /left/image_raw
[19:13:35.805] [info] [Ros2BagDataSource] 使用配置的 IMU 话题: /imu/imu
[INFO] [1775646815.811534437] [rosbag2_storage]: Opened database '/root/calib_ws/data/nya_02_slam_imu_to_lidar/nya_02_ros2/nya_02_ros2.db3' for READ_ONLY.
[19:13:35.811] [info] [Ros2BagDataSource] Bag 已打开，开始读取消息...
[19:13:35.811] [info] [Ros2BagDataSource] 找到 19 个话题
[19:13:35.811] [info] [Ros2BagDataSource]  话题: /dji_sdk/imu  类型: sensor_msgs/msg/Imu  消息数: 171462
[19:13:35.811] [info] [Ros2BagDataSource]  话题: /dji_sdk/attitude  类型: geometry_msgs/msg/QuaternionStamped  消息数: 42866
[19:13:35.811] [info] [Ros2BagDataSource]  话题: /os1_cloud_node2/imu  类型: sensor_msgs/msg/Imu  消息数: 42862
[19:13:35.811] [info] [Ros2BagDataSource]  话题: /os1_cloud_node1/imu  类型: sensor_msgs/msg/Imu  消息数: 42862
[19:13:35.811] [info] [Ros2BagDataSource]  话题: /imu/imu  类型: sensor_msgs/msg/Imu  消息数: 166428
[19:13:35.811] [info] [Ros2BagDataSource]  话题: /imu/magnetic_field  类型: sensor_msgs/msg/MagneticField  消息数: 166428
[19:13:35.811] [info] [Ros2BagDataSource]  话题: /imu/temperature  类型: sensor_msgs/msg/Temperature  消息数: 166428
[19:13:35.811] [info] [Ros2BagDataSource]  话题: /dji_sdk/gps_position  类型: sensor_msgs/msg/NavSatFix  消息数: 21433
[19:13:35.811] [info] [Ros2BagDataSource]  话题: /dji_sdk/height_above_takeoff  类型: std_msgs/msg/Float32  消息数: 21433
[19:13:35.811] [info] [Ros2BagDataSource]  话题: /dji_sdk/gps_health  类型: std_msgs/msg/UInt8  消息数: 21433
[19:13:35.811] [info] [Ros2BagDataSource]  话题: /uwb_endorange_info  类型: uwb_driver/msg/UwbRange  消息数: 25172
[19:13:35.811] [info] [Ros2BagDataSource]  话题: /left/image_raw  类型: sensor_msgs/msg/Image  消息数: 4285
[19:13:35.811] [info] [Ros2BagDataSource]  话题: /right/image_raw  类型: sensor_msgs/msg/Image  消息数: 4285
[19:13:35.811] [info] [Ros2BagDataSource]  话题: /os1_cloud_node1/points  类型: sensor_msgs/msg/PointCloud2  消息数: 4287
[19:13:35.811] [info] [Ros2BagDataSource]  话题: /os1_cloud_node2/points  类型: sensor_msgs/msg/PointCloud2  消息数: 4286
[19:13:35.811] [info] [Ros2BagDataSource]  话题: /uwb_exorange_info  类型: uwb_driver/msg/UwbEcho  消息数: 2437
[19:13:35.811] [info] [Ros2BagDataSource]  话题: /node_pos_marker_sc  类型: visualization_msgs/msg/Marker  消息数: 2437
[19:13:35.811] [info] [Ros2BagDataSource]  话题: /node_pos_sc  类型: nav_msgs/msg/Path  消息数: 2437
[19:13:35.811] [info] [Ros2BagDataSource]  话题: /leica/pose/relative  类型: geometry_msgs/msg/PoseStamped  消息数: 7679
[19:13:35.811] [info] [Ros2BagDataSource] 将加载 bag 内所有 IMU / LiDAR / 相机话题，加载后可通过 sensor_id 或话题名选择使用
[19:13:36.348] [debug]   收集 IMU [/dji_sdk/imu] 帧数: 5000
[19:13:36.387] [debug]   收集 IMU [/imu/imu] 帧数: 5000
[19:13:36.871] [debug]   收集 IMU [/dji_sdk/imu] 帧数: 10000
[19:13:36.936] [debug]   收集 IMU [/imu/imu] 帧数: 10000
[19:13:37.407] [debug]   收集 IMU [/dji_sdk/imu] 帧数: 15000
[19:13:37.473] [debug]   收集 IMU [/imu/imu] 帧数: 15000
[19:13:37.927] [debug]   收集 LiDAR [/os1_cloud_node1/points] 帧数: 500
[19:13:37.928] [debug]   收集 LiDAR [/os1_cloud_node2/points] 帧数: 500
[19:13:37.928] [debug]   收集相机 [/left/image_raw] 帧数: 500
[19:13:37.929] [debug]   收集相机 [/right/image_raw] 帧数: 500
[19:13:37.929] [debug]   收集 IMU [/dji_sdk/imu] 帧数: 20000
[19:13:37.929] [debug]   收集 IMU [/os1_cloud_node1/imu] 帧数: 5000
[19:13:37.929] [debug]   收集 IMU [/os1_cloud_node2/imu] 帧数: 5000
[19:13:38.002] [debug]   收集 IMU [/imu/imu] 帧数: 20000
[19:13:38.434] [debug]   收集 IMU [/dji_sdk/imu] 帧数: 25000
[19:13:38.526] [debug]   收集 IMU [/imu/imu] 帧数: 25000
[19:13:38.957] [debug]   收集 IMU [/dji_sdk/imu] 帧数: 30000
[19:13:39.068] [debug]   收集 IMU [/imu/imu] 帧数: 30000
[19:13:39.438] [debug]   收集 IMU [/dji_sdk/imu] 帧数: 35000
[19:13:39.551] [debug]   收集 IMU [/imu/imu] 帧数: 35000
[19:13:39.950] [debug]   收集 LiDAR [/os1_cloud_node1/points] 帧数: 1000
[19:13:39.951] [debug]   收集 LiDAR [/os1_cloud_node2/points] 帧数: 1000
[19:13:39.951] [debug]   收集相机 [/left/image_raw] 帧数: 1000
[19:13:39.952] [debug]   收集相机 [/right/image_raw] 帧数: 1000
[19:13:39.952] [debug]   收集 IMU [/dji_sdk/imu] 帧数: 40000
[19:13:39.952] [debug]   收集 IMU [/os1_cloud_node1/imu] 帧数: 10000
[19:13:39.952] [debug]   收集 IMU [/os1_cloud_node2/imu] 帧数: 10000
[19:13:40.106] [debug]   收集 IMU [/imu/imu] 帧数: 40000
[19:13:40.495] [debug]   收集 IMU [/dji_sdk/imu] 帧数: 45000
[19:13:40.660] [debug]   收集 IMU [/imu/imu] 帧数: 45000
[19:13:41.040] [debug]   收集 IMU [/dji_sdk/imu] 帧数: 50000
[19:13:41.202] [debug]   收集 IMU [/imu/imu] 帧数: 50000
[19:13:41.609] [debug]   收集 IMU [/dji_sdk/imu] 帧数: 55000
[19:13:41.810] [debug]   收集 IMU [/imu/imu] 帧数: 55000
[19:13:42.190] [debug]   收集 LiDAR [/os1_cloud_node1/points] 帧数: 1500
[19:13:42.191] [debug]   收集 LiDAR [/os1_cloud_node2/points] 帧数: 1500
[19:13:42.191] [debug]   收集 IMU [/dji_sdk/imu] 帧数: 60000
[19:13:42.192] [debug]   收集相机 [/left/image_raw] 帧数: 1500
[19:13:42.193] [debug]   收集相机 [/right/image_raw] 帧数: 1500
[19:13:42.193] [debug]   收集 IMU [/os1_cloud_node1/imu] 帧数: 15000
[19:13:42.193] [debug]   收集 IMU [/os1_cloud_node2/imu] 帧数: 15000
[19:13:42.411] [debug]   收集 IMU [/imu/imu] 帧数: 60000
[19:13:42.783] [debug]   收集 IMU [/dji_sdk/imu] 帧数: 65000
[19:13:43.023] [debug]   收集 IMU [/imu/imu] 帧数: 65000
[19:13:43.369] [debug]   收集 IMU [/dji_sdk/imu] 帧数: 70000
[19:13:43.624] [debug]   收集 IMU [/imu/imu] 帧数: 70000
[19:13:43.976] [debug]   收集 IMU [/dji_sdk/imu] 帧数: 75000
[19:13:44.320] [debug]   收集 IMU [/imu/imu] 帧数: 75000
[19:13:44.602] [debug]   收集 LiDAR [/os1_cloud_node1/points] 帧数: 2000
[19:13:44.605] [debug]   收集 LiDAR [/os1_cloud_node2/points] 帧数: 2000
[19:13:44.605] [debug]   收集 IMU [/dji_sdk/imu] 帧数: 80000
[19:13:44.605] [debug]   收集 IMU [/os1_cloud_node1/imu] 帧数: 20000
[19:13:44.605] [debug]   收集 IMU [/os1_cloud_node2/imu] 帧数: 20000
[19:13:44.607] [debug]   收集相机 [/left/image_raw] 帧数: 2000
[19:13:44.607] [debug]   收集相机 [/right/image_raw] 帧数: 2000
[19:13:44.870] [debug]   收集 IMU [/imu/imu] 帧数: 80000
[19:13:45.139] [debug]   收集 IMU [/dji_sdk/imu] 帧数: 85000
[19:13:45.449] [debug]   收集 IMU [/imu/imu] 帧数: 85000
[19:13:45.661] [debug]   收集 IMU [/dji_sdk/imu] 帧数: 90000
[19:13:45.948] [debug]   收集 IMU [/imu/imu] 帧数: 90000
[19:13:46.172] [debug]   收集 IMU [/dji_sdk/imu] 帧数: 95000
[19:13:46.504] [debug]   收集 IMU [/imu/imu] 帧数: 95000
[19:13:46.731] [debug]   收集 LiDAR [/os1_cloud_node1/points] 帧数: 2500
[19:13:46.735] [debug]   收集 LiDAR [/os1_cloud_node2/points] 帧数: 2500
[19:13:46.735] [debug]   收集 IMU [/dji_sdk/imu] 帧数: 100000
[19:13:46.735] [debug]   收集 IMU [/os1_cloud_node1/imu] 帧数: 25000
[19:13:46.735] [debug]   收集 IMU [/os1_cloud_node2/imu] 帧数: 25000
[19:13:46.737] [debug]   收集相机 [/left/image_raw] 帧数: 2500
[19:13:46.738] [debug]   收集相机 [/right/image_raw] 帧数: 2500
[19:13:47.067] [debug]   收集 IMU [/imu/imu] 帧数: 100000
[19:13:47.276] [debug]   收集 IMU [/dji_sdk/imu] 帧数: 105000
[19:13:47.625] [debug]   收集 IMU [/imu/imu] 帧数: 105000
[19:13:47.871] [debug]   收集 IMU [/dji_sdk/imu] 帧数: 110000
[19:13:48.296] [debug]   收集 IMU [/imu/imu] 帧数: 110000
[19:13:48.531] [debug]   收集 IMU [/dji_sdk/imu] 帧数: 115000
[19:13:49.038] [debug]   收集 IMU [/imu/imu] 帧数: 115000
[19:13:49.251] [debug]   收集 LiDAR [/os1_cloud_node1/points] 帧数: 3000
[19:13:49.255] [debug]   收集 LiDAR [/os1_cloud_node2/points] 帧数: 3000
[19:13:49.256] [debug]   收集 IMU [/dji_sdk/imu] 帧数: 120000
[19:13:49.258] [debug]   收集 IMU [/os1_cloud_node1/imu] 帧数: 30000
[19:13:49.258] [debug]   收集 IMU [/os1_cloud_node2/imu] 帧数: 30000
[19:13:49.260] [debug]   收集相机 [/left/image_raw] 帧数: 3000
[19:13:49.260] [debug]   收集相机 [/right/image_raw] 帧数: 3000
[19:13:49.812] [debug]   收集 IMU [/imu/imu] 帧数: 120000
[19:13:50.011] [debug]   收集 IMU [/dji_sdk/imu] 帧数: 125000
[19:13:50.712] [debug]   收集 IMU [/imu/imu] 帧数: 125000
[19:13:50.887] [debug]   收集 IMU [/dji_sdk/imu] 帧数: 130000
[19:13:51.469] [debug]   收集 IMU [/imu/imu] 帧数: 130000
[19:13:51.624] [debug]   收集 IMU [/dji_sdk/imu] 帧数: 135000
[19:13:52.199] [debug]   收集 IMU [/imu/imu] 帧数: 135000
[19:13:52.307] [debug]   收集 LiDAR [/os1_cloud_node1/points] 帧数: 3500
[19:13:52.308] [debug]   收集 LiDAR [/os1_cloud_node2/points] 帧数: 3500
[19:13:52.310] [debug]   收集 IMU [/dji_sdk/imu] 帧数: 140000
[19:13:52.311] [debug]   收集 IMU [/os1_cloud_node1/imu] 帧数: 35000
[19:13:52.311] [debug]   收集 IMU [/os1_cloud_node2/imu] 帧数: 35000
[19:13:52.313] [debug]   收集相机 [/left/image_raw] 帧数: 3500
[19:13:52.313] [debug]   收集相机 [/right/image_raw] 帧数: 3500
[19:13:52.896] [debug]   收集 IMU [/imu/imu] 帧数: 140000
[19:13:52.997] [debug]   收集 IMU [/dji_sdk/imu] 帧数: 145000
[19:13:53.653] [debug]   收集 IMU [/imu/imu] 帧数: 145000
[19:13:53.732] [debug]   收集 IMU [/dji_sdk/imu] 帧数: 150000
[19:13:54.535] [debug]   收集 IMU [/imu/imu] 帧数: 150000
[19:13:54.624] [debug]   收集 IMU [/dji_sdk/imu] 帧数: 155000
[19:13:55.620] [debug]   收集 IMU [/imu/imu] 帧数: 155000
[19:13:55.673] [debug]   收集 LiDAR [/os1_cloud_node1/points] 帧数: 4000
[19:13:55.677] [debug]   收集 LiDAR [/os1_cloud_node2/points] 帧数: 4000
[19:13:55.679] [debug]   收集 IMU [/dji_sdk/imu] 帧数: 160000
[19:13:55.681] [debug]   收集 IMU [/os1_cloud_node1/imu] 帧数: 40000
[19:13:55.681] [debug]   收集 IMU [/os1_cloud_node2/imu] 帧数: 40000
[19:13:55.685] [debug]   收集相机 [/left/image_raw] 帧数: 4000
[19:13:55.685] [debug]   收集相机 [/right/image_raw] 帧数: 4000
[19:13:56.535] [debug]   收集 IMU [/imu/imu] 帧数: 160000
[19:13:56.549] [debug]   收集 IMU [/dji_sdk/imu] 帧数: 165000
[19:13:57.126] [debug]   收集 IMU [/imu/imu] 帧数: 165000
[19:13:57.127] [debug]   收集 IMU [/dji_sdk/imu] 帧数: 170000
[19:13:57.308] [info] [Ros2BagDataSource] 加载完成 (所有话题按话题名存储，可通过 sensor_id 或话题名选择):
[19:13:57.308] [info]   LiDAR [/os1_cloud_node1/points]: 4287 帧
[19:13:57.308] [info]   LiDAR [/os1_cloud_node2/points]: 4286 帧
[19:13:57.308] [info]   相机 [/left/image_raw]: 4285 帧
[19:13:57.308] [info]   相机 [/right/image_raw]: 4285 帧
[19:13:57.308] [info]   IMU [/dji_sdk/imu]: 171462 帧
[19:13:57.308] [info]   IMU [/imu/imu]: 166428 帧
[19:13:57.308] [info]   IMU [/os1_cloud_node1/imu]: 42862 帧
[19:13:57.308] [info]   IMU [/os1_cloud_node2/imu]: 42862 帧
[19:13:57.308] [info]   选用 LiDAR  lidar_front -> /os1_cloud_node1/points
[19:13:57.308] [info]   选用 相机  cam_left -> /left/image_raw
[19:13:57.308] [info]   选用 IMU    imu_0 -> /imu/imu
[19:13:57.309] [info]   时间范围: 1609045331.127 - 1609045759.771 秒
[19:13:57.309] [info] [Ros2BagDataSource] 应用采样/帧数限制...
[19:13:57.417] [info]   LiDAR /os1_cloud_node1/points 采样后: 800 帧
[19:13:57.450] [info]   LiDAR /os1_cloud_node2/points 采样后: 800 帧
[19:13:57.476] [info]   相机 /left/image_raw 采样后: 800 帧
[19:13:57.523] [info]   相机 /right/image_raw 采样后: 800 帧
[19:13:57.547] [info] [Fine-Auto/LiDAR-Cam] LiDAR 加载完成: 800 帧 (将按相机逐路取帧)
[19:13:57.549] [info] 读取相机内参: ./results/camera_intrinsic/camera_intrinsic_cam_left.yaml
[19:13:57.551] [info]   fx=384.00 fy=384.00 cx=376.00 cy=240.00 dist=4
[19:13:57.551] [info] [Fine-Auto/LiDAR-Cam] 步骤: LiDAR-Camera 标定 相机=cam_left (方法: 边缘对齐)
[19:13:57.635] [info] [CalibVisualizer] 初始化完成
[19:13:57.635] [info] [Fine-Auto/LiDAR-Cam] 可视化已启用：仅标定结束后显示一帧「图像+点云投影」叠加，不创建 3D 窗口、不泵送其他帧
[19:13:57.635] [info] [Fine-Auto/LiDAR-Cam] 使用粗标定初值 t=[0.123,0.040,-0.058]m
[19:13:57.683] [info] [Fine-Auto] 结果已保存: ./results/lidar_camera_extrinsic/lidar_cam_cam_left_extrinsic.yaml
[19:13:57.683] [info] [Viz] 即将生成投影图并保存到 ./results/lidar_camera_extrinsic/lidar_cam_cam_left_projection.png
[19:13:57.738] [info] 投影可视化保存: ./results/lidar_camera_extrinsic/lidar_cam_cam_left_projection.png
[19:13:57.738] [info] [Viz] 投影图已保存（仅使用配置初值，未做精标定）
[19:13:57.738] [info] [Fine-Auto/LiDAR-Cam] 相机 cam_left 已使用配置初值跳过精标定，直接供手动微调
[19:13:57.738] [info] [Viz/Display] 即将关闭可视化窗口 原因=用户关闭或流程结束 pangolin_running=false
[19:13:57.738] [warning] [Fine-Auto/LiDAR-Cam] 相机 cam_right 无帧，跳过
[19:13:57.738] [warning] [Fine-Auto/LiDAR-Cam] 相机 cam_front 无帧，跳过
[19:13:57.738] [warning] [Fine-Auto/LiDAR-Cam] 相机 cam_rear 无帧，跳过
[19:13:57.739] [info] [Fine-Auto/LiDAR-Cam] 精标定完成: 1 个相机  最大 RMS=0.0000 px
[19:13:57.739] [info] [STAGE=lidar_cam_fine_auto] LiDAR-Camera 精标定 完成
[19:13:57.739] [info] [Fine-Auto/LiDAR-Cam] RMS 阈值=2.00 px  最大 RMS=0.0000 px  在阈值内
[19:13:58.156] [info] ━━━━━━━━━━━━━━━━━━━━━━━━━━━━━━━━━━━━━━━━━
[19:13:58.156] [info] ■ 结束阶段: [Fine-Auto] 任务: [lidar_cam_extrin]
[19:13:58.156] [info]   结果: ✓ 成功 | 残差RMS: 0.0000 | 耗时: 22352 ms
[19:13:58.156] [info]   消息: LiDAR-Camera 精标定完成: 1 个相机, 最大 RMS=0.000000 px
[19:13:58.156] [info] [CALC] 阶段结束 stage=Fine-Auto task=lidar_cam_extrin success=true residual_rms=0.000000 elapsed_ms=21934.5 threshold=2.0000
[19:13:58.156] [info] ━━━━━━━━━━━━━━━━━━━━━━━━━━━━━━━━━━━━━━━━━
[19:13:58.156] [info] ====== Pipeline Report: pipeline_20260408_191335 ======
[19:13:58.156] [info]   Total time: 21934.5 ms
[19:13:58.156] [info]   All stages succeeded: YES
[19:13:58.156] [info]   标定质量: 各阶段 RMS 均在阈值内
[19:13:58.156] [info]   [Coarse-AI-lidar_cam_extrin] success=true rms=0.0000 time=0.0ms: 使用配置 initial_extrinsic 作为粗标定结果，精标定将以此起步
[19:13:58.156] [info]   [Fine-Auto-lidar_cam_extrin] success=true rms=0.0000 time=21934.5ms: LiDAR-Camera 精标定完成: 1 个相机, 最大 RMS=0.000000 px

╔══════════════════════════════════════════════════════╗
║              标定参数汇总                            ║
╠══════════════════════════════════════════════════════╣
║ 外参:
║   lidar_front->cam_left:
║     R(RPY°): [-58.87, -88.54, -31.01]
║     T(m):    [0.12, 0.04, -0.06]
║     时偏(s): 0.00
║     RMS:     0.00 ✗
╚══════════════════════════════════════════════════════╝

[19:13:58.156] [info] ================================
[19:13:58.157] [info] Pipeline report saved: ./results/pipeline_report_20260408_191335.yaml
[19:13:58.157] [info] ====== Pipeline Report: pipeline_20260408_191335 ======
[19:13:58.157] [info]   Total time: 21934.5 ms
[19:13:58.157] [info]   All stages succeeded: YES
[19:13:58.157] [info]   标定质量: 各阶段 RMS 均在阈值内
[19:13:58.157] [info]   [Coarse-AI-lidar_cam_extrin] success=true rms=0.0000 time=0.0ms: 使用配置 initial_extrinsic 作为粗标定结果，精标定将以此起步
[19:13:58.157] [info]   [Fine-Auto-lidar_cam_extrin] success=true rms=0.0000 time=21934.5ms: LiDAR-Camera 精标定完成: 1 个相机, 最大 RMS=0.000000 px

╔══════════════════════════════════════════════════════╗
║              标定参数汇总                            ║
╠══════════════════════════════════════════════════════╣
║ 外参:
║   lidar_front->cam_left:
║     R(RPY°): [-58.87, -88.54, -31.01]
║     T(m):    [0.12, 0.04, -0.06]
║     时偏(s): 0.00
║     RMS:     0.00 ✗
╚══════════════════════════════════════════════════════╝

[19:13:58.157] [info] ================================
[19:13:58.157] [info] ━━━━━━━━━━━━━━━━━━━━━━━━━━━━━━━━━━━━
[19:13:58.157] [info] LiDAR-Camera 标定流程完成
[19:13:58.157] [info] 结果目录: ./results
[19:13:58.157] [info] 标定流程正常退出 exit_code=0
[19:13:58.157] [info] ━━━━━━━━━━━━━━━━━━━━━━━━━━━━━━━━━━━━
