
 ╔═══════════════════════════════════════════════════════╗
 ║   UniCalib — LiDAR-Camera 外参标定                    ║
 ║   两阶段: AI粗标定(MIAS-LCEC) → 无目标边缘精标定      ║
 ║   手动校准: --manual 触发 6-DOF 交互式调整             ║
 ╚═══════════════════════════════════════════════════════╝

[2026-04-08 11:27:31.238] [info] [LiDAR-Camera] [:] ━━━━━━━━━━━━━━━━━━━━━━━━━━━━━━━━━━━━
[2026-04-08 11:27:31.238] [info] [LiDAR-Camera] [:] 配置文件: /root/calib_ws/calib_unified/config/unicalib_example.yaml
[2026-04-08 11:27:31.238] [info] [LiDAR-Camera] [:] 输出目录: /root/calib_ws/results
[2026-04-08 11:27:31.238] [info] [LiDAR-Camera] [:] 数据根目录: /root/calib_ws/data (--data-dir 或 CALIB_DATA_DIR)
[2026-04-08 11:27:31.238] [info] [LiDAR-Camera] [:] 精标定方法: edge (无目标优先=true)
[2026-04-08 11:27:31.238] [info] [LiDAR-Camera] [:] AI粗标定: true | 手动校准: false
[2026-04-08 11:27:31.238] [info] [LiDAR-Camera] [:] ━━━━━━━━━━━━━━━━━━━━━━━━━━━━━━━━━━━━
[2026-04-08 11:27:31.240] [info] [LiDAR-Camera] [:] 读取系统配置: /root/calib_ws/calib_unified/config/unicalib_example.yaml
[2026-04-08 11:27:31.242] [info] [LiDAR-Camera] [:]   IMU: 1, LiDAR: 1, Camera: 2
[2026-04-08 11:27:31.242] [info] [LiDAR-Camera] [:] 已自动创建相机图像目录: /root/calib_ws/data/kitti_drive_0084/image_00/data
[2026-04-08 11:27:31.242] [info] [LiDAR-Camera] [:] ━━━━━━━━━━━━━━━━━━━━━━━━━━━━━━━━━━━━ [数据路径] ━━━━━━━━━━━━━━━━━━━━━━━━━━━━━
[2026-04-08 11:27:31.242] [info] [LiDAR-Camera] [:]   数据路径来源: 统一格式 (data.lidar.<id> / data.camera.<id>.images_dir)
[2026-04-08 11:27:31.242] [info] [LiDAR-Camera] [:]   配置原始值 — lidar:  kitti_drive_0084/lidar_0.yaml
[2026-04-08 11:27:31.242] [info] [LiDAR-Camera] [:]   配置原始值 — camera: kitti_drive_0084/image_00/data
[2026-04-08 11:27:31.242] [info] [LiDAR-Camera] [:]   base_data_dir:  /root/calib_ws/data
[2026-04-08 11:27:31.242] [info] [LiDAR-Camera] [:]   base 来源: 命令行 --data-dir
[2026-04-08 11:27:31.242] [info] [LiDAR-Camera] [:]   lidar_dir:      /root/calib_ws/data/kitti_drive_0084/lidar_0.yaml
[2026-04-08 11:27:31.242] [info] [LiDAR-Camera] [:]     → 相对路径，已与 base 拼接
[2026-04-08 11:27:31.242] [info] [LiDAR-Camera] [:]     → 存在: 是
[2026-04-08 11:27:31.242] [info] [LiDAR-Camera] [:]   camera_dir:     /root/calib_ws/data/kitti_drive_0084/image_00/data
[2026-04-08 11:27:31.242] [info] [LiDAR-Camera] [:]     → 相对路径，已与 base 拼接
[2026-04-08 11:27:31.242] [info] [LiDAR-Camera] [:]     → 存在: 是
[2026-04-08 11:27:31.242] [info] [LiDAR-Camera] [:]   【数据就绪】是 — 点云与图像目录均存在，将执行精标定
[2026-04-08 11:27:31.242] [info] [LiDAR-Camera] [:]   说明: 使用 --dataset 时请将 data.lidar/data.camera 设为相对 base 的路径（如 pcd、images），不要使用 /path/to/... 占位符
[2026-04-08 11:27:31.242] [info] [LiDAR-Camera] [:] ━━━━━━━━━━━━━━━━━━━━━━━━━━━━━━━━━━━━━━━━━━━━━━━━━━━━━━━━━━━━━━━━━━━━━━━━━━━━
[2026-04-08 11:27:31.242] [info] [LiDAR-Camera] [:] 读取系统配置: /root/calib_ws/calib_unified/config/unicalib_example.yaml
[2026-04-08 11:27:31.243] [info] [LiDAR-Camera] [:]   IMU: 1, LiDAR: 1, Camera: 2
[2026-04-08 11:27:31.243] [info] [LiDAR-Camera] [:] 读取系统配置: /root/calib_ws/calib_unified/config/unicalib_example.yaml
[2026-04-08 11:27:31.244] [info] [LiDAR-Camera] [:]   IMU: 1, LiDAR: 1, Camera: 2
[2026-04-08 11:27:31.244] [info] [LiDAR-Camera] [:] [数据源] 类型=FILES  lidar_dir=/root/calib_ws/data/kitti_drive_0084/lidar_0.yaml  camera_dir=/root/calib_ws/data/kitti_drive_0084/image_00/data
[2026-04-08 11:27:31.244] [info] [LiDAR-Camera] [:]   内参将从相机标定结果读取: ./results/camera_intrinsic/camera_intrinsic_cam_left.yaml (camera_id=cam_left)
[2026-04-08 11:27:31.244] [info] [LiDAR-Camera] [:]   内参将从相机标定结果读取: ./results/camera_intrinsic/camera_intrinsic_cam_right.yaml (camera_id=cam_right)
[2026-04-08 11:27:31.244] [info] [LiDAR-Camera] [:] [CalibPipeline] 初始化 ID=pipeline_20260408_112731
[2026-04-08 11:27:31.244] [info] [LiDAR-Camera] [:] [CalibPipeline] 输出目录: ./results
[2026-04-08 11:27:31.244] [info] [LiDAR-Camera] [:] [CalibPipeline] 无目标优先: true
[2026-04-08 11:27:31.244] [info] [LiDAR-Camera] [:] [CalibPipeline] 任务掩码: 0x10
[2026-04-08 11:27:31.244] [info] [LiDAR-Camera] [:] ▶ Stage 1: AI 粗标定 (MIAS-LCEC)
[2026-04-08 11:27:31.244] [info] [LiDAR-Camera] [:]   模型路径: /root/calib_ws/MIAS-LCEC (粗标定使用 pretrained_overlap_transformer.pth.tar)
[2026-04-08 11:27:32.239] [info] [LiDAR-Camera] [:] [AI-Calib] DM-Calib 配置的 Python 无 torch，改用已装 torch 的 Python: python3
[2026-04-08 11:27:32.239] [info] [LiDAR-Camera] [:] [AI-Calib] ===== AI 模型可用性检查 =====
[2026-04-08 11:27:32.239] [info] [LiDAR-Camera] [:] [DM-Calib] 可用性检查 失败 原因=推理脚本不存在 路径=/root/calib_ws/DM-Calib/DMCalib/tools/infer_unicalib.py
[2026-04-08 11:27:32.239] [info] [LiDAR-Camera] [:]   DM-Calib (相机内参):      ✗ 不可用
[2026-04-08 11:27:32.239] [info] [LiDAR-Camera] [:]   MIAS-LCEC (LiDAR-Cam):   ✓ 可用
[2026-04-08 11:27:32.239] [info] [LiDAR-Camera] [:] [TransformerIMU] 不可用: 脚本不存在 script=/root/calib_ws/Transformer-IMU-Calibrator/eval_unicalib.py
[2026-04-08 11:27:32.239] [info] [LiDAR-Camera] [:]   Transformer-IMU (IMU内参): ✗ 不可用
[2026-04-08 11:27:32.239] [info] [LiDAR-Camera] [:]   L2Calib (IMU-LiDAR):     ✗ 不可用
[2026-04-08 11:27:32.239] [info] [LiDAR-Camera] [:] [AI-Calib] ================================
[2026-04-08 11:27:32.239] [info] [LiDAR-Camera] [:]   [Stage 1] MIAS-LCEC 可用: 是 (粗标定支持: 1) 指定 coarse_pcd_file/coarse_image_file 2) 从当前数据源取首帧，同相机内参)
[2026-04-08 11:27:32.241] [info] [LiDAR-Camera] [:]   内参: fx=384.0 fy=384.0 cx=376.0 cy=240.0 尺寸=752x480 (来自 ./results/camera_intrinsic/camera_intrinsic_cam_left.yaml)
[2026-04-08 11:27:32.241] [critical] [LiDAR-Camera] [:] 未处理的标准异常: filesystem error: directory iterator cannot open directory: Not a directory [/root/calib_ws/data/kitti_drive_0084/lidar_0.yaml] (type=NSt10filesystem7__cxx1116filesystem_errorE)
