
 ╔═══════════════════════════════════════════════════════╗
 ║   UniCalib — LiDAR-Camera 外参标定                    ║
 ║   两阶段: AI粗标定(MIAS-LCEC) → 无目标边缘精标定      ║
 ║   手动校准: --manual 触发 6-DOF 交互式调整             ║
 ╚═══════════════════════════════════════════════════════╝

[2026-04-24 15:56:27.126] [info] [LiDAR-Camera] [:] ━━━━━━━━━━━━━━━━━━━━━━━━━━━━━━━━━━━━
[2026-04-24 15:56:27.126] [info] [LiDAR-Camera] [:] 配置文件: /root/calib_ws/calib_unified/config/unicalib_example.yaml
[2026-04-24 15:56:27.126] [info] [LiDAR-Camera] [:] 输出目录: /root/calib_ws/results
[2026-04-24 15:56:27.126] [info] [LiDAR-Camera] [:] 数据根目录: /root/calib_ws/data (--data-dir 或 CALIB_DATA_DIR)
[2026-04-24 15:56:27.126] [info] [LiDAR-Camera] [:] 精标定方法: edge (无目标优先=true)
[2026-04-24 15:56:27.126] [info] [LiDAR-Camera] [:] AI粗标定: true | 手动校准: true
[2026-04-24 15:56:27.126] [info] [LiDAR-Camera] [:] ━━━━━━━━━━━━━━━━━━━━━━━━━━━━━━━━━━━━
[2026-04-24 15:56:27.128] [info] [LiDAR-Camera] [:] 读取系统配置: /root/calib_ws/calib_unified/config/unicalib_example.yaml
[2026-04-24 15:56:27.129] [info] [LiDAR-Camera] [:]   IMU: 1, LiDAR: 1, Camera: 2
[2026-04-24 15:56:27.129] [info] [LiDAR-Camera] [:] ━━━━━━━━━━━━━━━━━━━━━━━━━━━━━━━━━━━━ [数据路径] ━━━━━━━━━━━━━━━━━━━━━━━━━━━━━
[2026-04-24 15:56:27.129] [info] [LiDAR-Camera] [:]   数据路径来源: 统一格式 (data.lidar.<id> / data.camera.<id>.images_dir)
[2026-04-24 15:56:27.129] [info] [LiDAR-Camera] [:]   配置原始值 — lidar:  /root/calib_ws/data/road/lidar/points
[2026-04-24 15:56:27.129] [info] [LiDAR-Camera] [:]   配置原始值 — camera: /root/calib_ws/data/road/camera/cam_left
[2026-04-24 15:56:27.129] [info] [LiDAR-Camera] [:]   base_data_dir:  /root/calib_ws/data
[2026-04-24 15:56:27.129] [info] [LiDAR-Camera] [:]   base 来源: 命令行 --data-dir
[2026-04-24 15:56:27.129] [info] [LiDAR-Camera] [:]   lidar_dir:      /root/calib_ws/data/road/lidar/points
[2026-04-24 15:56:27.129] [info] [LiDAR-Camera] [:]     → 配置为绝对路径，未与 base 拼接（若为 /path/to/... 占位符则不会指向实际数据）
[2026-04-24 15:56:27.129] [info] [LiDAR-Camera] [:]     → 存在: 是
[2026-04-24 15:56:27.129] [info] [LiDAR-Camera] [:]   camera_dir:     /root/calib_ws/data/road/camera/cam_left
[2026-04-24 15:56:27.129] [info] [LiDAR-Camera] [:]     → 配置为绝对路径，未与 base 拼接（若为 /path/to/... 占位符则不会指向实际数据）
[2026-04-24 15:56:27.129] [info] [LiDAR-Camera] [:]     → 存在: 是
[2026-04-24 15:56:27.129] [info] [LiDAR-Camera] [:]   【数据就绪】是 — 点云与图像目录均存在，将执行精标定
[2026-04-24 15:56:27.129] [info] [LiDAR-Camera] [:]   说明: 使用 --dataset 时请将 data.lidar/data.camera 设为相对 base 的路径（如 pcd、images），不要使用 /path/to/... 占位符
[2026-04-24 15:56:27.129] [info] [LiDAR-Camera] [:] ━━━━━━━━━━━━━━━━━━━━━━━━━━━━━━━━━━━━━━━━━━━━━━━━━━━━━━━━━━━━━━━━━━━━━━━━━━━━
[2026-04-24 15:56:27.129] [info] [LiDAR-Camera] [:] [LiDAR-Cam] use_config_extrinsic_only=true：跳过 AI 粗标定，将使用配置 initial_extrinsic 直接进入精标定/手动微调
[2026-04-24 15:56:27.129] [info] [LiDAR-Camera] [:] 读取系统配置: /root/calib_ws/calib_unified/config/unicalib_example.yaml
[2026-04-24 15:56:27.130] [info] [LiDAR-Camera] [:]   IMU: 1, LiDAR: 1, Camera: 2
[2026-04-24 15:56:27.130] [info] [LiDAR-Camera] [:] 读取系统配置: /root/calib_ws/calib_unified/config/unicalib_example.yaml
[2026-04-24 15:56:27.131] [info] [LiDAR-Camera] [:]   IMU: 1, LiDAR: 1, Camera: 2
[2026-04-24 15:56:27.131] [info] [LiDAR-Camera] [:] [数据源] 类型=FILES  lidar_dir=/root/calib_ws/data/road/lidar/points  camera_dir=/root/calib_ws/data/road/camera/cam_left
[2026-04-24 15:56:27.131] [info] [LiDAR-Camera] [:]   内参将从相机标定结果读取: ./results/camera_intrinsic/camera_intrinsic_cam_left.yaml (camera_id=cam_left)
[2026-04-24 15:56:27.131] [info] [LiDAR-Camera] [:] [CalibPipeline] 初始化 ID=pipeline_20260424_155627
[2026-04-24 15:56:27.131] [info] [LiDAR-Camera] [:] [CalibPipeline] 输出目录: ./results
[2026-04-24 15:56:27.131] [info] [LiDAR-Camera] [:] [CalibPipeline] 无目标优先: true
[2026-04-24 15:56:27.131] [info] [LiDAR-Camera] [:] [CalibPipeline] 任务掩码: 0x10
[2026-04-24 15:56:27.131] [info] [LiDAR-Camera] [:] ▶ Stage 2: 精标定 (方法=edge)
[2026-04-24 15:56:27.131] [info] [LiDAR-Camera] [:] ▶ Stage 3: 手动校准 (manual_threshold=2.00px)
[2026-04-24 15:56:27.131] [info] [LiDAR-Camera] [:]   使用 ManualCalibSession 进行 6-DOF 交互式调整
[2026-04-24 15:56:27.131] [info] [LiDAR-Camera] [:]   调用示例:
[2026-04-24 15:56:27.131] [info] [LiDAR-Camera] [:]     ManualCalibSession::SessionConfig sess_cfg;
[2026-04-24 15:56:27.131] [info] [LiDAR-Camera] [:]     sess_cfg.save_dir = "./results/manual_sessions";
[2026-04-24 15:56:27.131] [info] [LiDAR-Camera] [:]     ManualCalibSession session(sess_cfg);
[2026-04-24 15:56:27.131] [info] [LiDAR-Camera] [:]     auto result = session.run_lidar_cam(scan, image, intrin, auto_result, auto_rms);
[2026-04-24 15:56:27.131] [info] [LiDAR-Camera] [:] 
[2026-04-24 15:56:27.131] [info] [LiDAR-Camera] [:] ╔═══════════════════════════════════════════════╗
[2026-04-24 15:56:27.131] [info] [LiDAR-Camera] [:] ║   UniCalib 两阶段标定流水线 — 开始            ║
[2026-04-24 15:56:27.131] [info] [LiDAR-Camera] [:] ║   Pipeline ID: pipeline_20260424_155627       ║
[2026-04-24 15:56:27.131] [info] [LiDAR-Camera] [:] ╚═══════════════════════════════════════════════╝
[2026-04-24 15:56:27.131] [info] [LiDAR-Camera] [:] [Coarse-AI/LiDAR-Cam] enable_coarse_lidar_cam=true → do_coarse=true
[15:56:27.132] [info] 
[15:56:27.132] [info] ━━━━━━━━━━━━━━━━━━━━━━━━━━━━━━━━━━━━━━━━━
[15:56:27.132] [info] ▶ 开始阶段: [Coarse-AI] 任务: [lidar_cam_extrin]
[15:56:27.132] [info]   描述: AI模型提供初始估计值
[15:56:27.132] [info] ━━━━━━━━━━━━━━━━━━━━━━━━━━━━━━━━━━━━━━━━━
[15:56:27.132] [info] [CALC] 粗标定阶段开始 task=lidar_cam_extrin
[15:56:27.132] [info] [Coarse-AI/LiDAR-Cam] 使用配置粗标定初值作为粗标定结果 t=[0.000,-0.070,-0.360]m，精标定将以此起步
[15:56:27.132] [info] ━━━━━━━━━━━━━━━━━━━━━━━━━━━━━━━━━━━━━━━━━
[15:56:27.132] [info] ■ 结束阶段: [Coarse-AI] 任务: [lidar_cam_extrin]
[15:56:27.132] [info]   结果: ✓ 成功 | 残差RMS: 0.0000 | 耗时: 0 ms
[15:56:27.132] [info]   消息: 使用配置 initial_extrinsic 作为粗标定结果，精标定将以此起步
[15:56:27.132] [info] [CALC] 阶段结束 stage=Coarse-AI task=lidar_cam_extrin success=true residual_rms=0.000000 elapsed_ms=0.0 threshold=-1.0000
[15:56:27.132] [info] ━━━━━━━━━━━━━━━━━━━━━━━━━━━━━━━━━━━━━━━━━
[15:56:27.132] [info] 
[15:56:27.132] [info] ━━━━━━━━━━━━━━━━━━━━━━━━━━━━━━━━━━━━━━━━━
[15:56:27.132] [info] ▶ 开始阶段: [Fine-Auto] 任务: [lidar_cam_extrin]
[15:56:27.132] [info]   描述: 无目标优化
[15:56:27.132] [info] ━━━━━━━━━━━━━━━━━━━━━━━━━━━━━━━━━━━━━━━━━
[15:56:27.132] [info] [CALC] 精标定阶段开始 task=lidar_cam_extrin
[15:56:27.132] [info] [Fine-Auto] 任务: lidar_cam_extrin | 无目标优先: true
[15:56:27.132] [info] [Fine-Auto] 方法: 边缘对齐互信息 (EDGE_ALIGNMENT, 无目标)
[15:56:27.132] [info] [STAGE=lidar_cam_fine_auto] LiDAR-Camera 精标定 开始
[15:56:27.132] [info] [Fine-Auto/LiDAR-Cam] 开始执行精标定...
[15:56:27.132] [info]   [精标定数据源] 类型=FILES  lidar_id=lidar_front
[15:56:27.132] [info]   文件目录: lidar=/root/calib_ws/data/road/lidar/points  camera=/root/calib_ws/data/road/camera/cam_left
[15:56:27.132] [info] [Fine-Auto/LiDAR-Cam] 步骤: 从文件加载点云
[pcl::PCDReader::readHeader] The number of elements in <COUNT> differs than the number of elements in <FIELDS>!
[pcl::PCDReader::readHeader] The number of elements in <COUNT> differs than the number of elements in <FIELDS>!
[pcl::PCDReader::readHeader] The number of elements in <COUNT> differs than the number of elements in <FIELDS>!
[pcl::PCDReader::readHeader] The number of elements in <COUNT> differs than the number of elements in <FIELDS>!
[pcl::PCDReader::readHeader] The number of elements in <COUNT> differs than the number of elements in <FIELDS>!
[pcl::PCDReader::readHeader] The number of elements in <COUNT> differs than the number of elements in <FIELDS>!
[pcl::PCDReader::readHeader] The number of elements in <COUNT> differs than the number of elements in <FIELDS>!
[pcl::PCDReader::readHeader] The number of elements in <COUNT> differs than the number of elements in <FIELDS>!
[pcl::PCDReader::readHeader] The number of elements in <COUNT> differs than the number of elements in <FIELDS>!
[pcl::PCDReader::readHeader] The number of elements in <COUNT> differs than the number of elements in <FIELDS>!
[pcl::PCDReader::readHeader] The number of elements in <COUNT> differs than the number of elements in <FIELDS>!
[pcl::PCDReader::readHeader] The number of elements in <COUNT> differs than the number of elements in <FIELDS>!
[pcl::PCDReader::readHeader] The number of elements in <COUNT> differs than the number of elements in <FIELDS>!
[pcl::PCDReader::readHeader] The number of elements in <COUNT> differs than the number of elements in <FIELDS>!
[pcl::PCDReader::readHeader] The number of elements in <COUNT> differs than the number of elements in <FIELDS>!
[pcl::PCDReader::readHeader] The number of elements in <COUNT> differs than the number of elements in <FIELDS>!
[pcl::PCDReader::readHeader] The number of elements in <COUNT> differs than the number of elements in <FIELDS>!
[pcl::PCDReader::readHeader] The number of elements in <COUNT> differs than the number of elements in <FIELDS>!
[pcl::PCDReader::readHeader] The number of elements in <COUNT> differs than the number of elements in <FIELDS>!
[pcl::PCDReader::readHeader] The number of elements in <COUNT> differs than the number of elements in <FIELDS>!
[pcl::PCDReader::readHeader] The number of elements in <COUNT> differs than the number of elements in <FIELDS>!
[15:56:27.324] [info] [Fine-Auto/LiDAR-Cam] 点云加载完成 — 80 帧
[15:56:27.634] [info] 读取相机内参: ./results/camera_intrinsic/camera_intrinsic_cam_left.yaml
[15:56:27.635] [info]   fx=425.03 fy=426.80 cx=386.02 cy=241.91 dist=4
[15:56:27.635] [info] [Fine-Auto/LiDAR-Cam] 步骤: LiDAR-Camera 标定 相机=cam_left (方法: 边缘对齐)
[15:56:27.637] [info] [CalibVisualizer] 初始化完成
[15:56:27.637] [info] [Fine-Auto/LiDAR-Cam] 可视化已启用：仅标定结束后显示一帧「图像+点云投影」叠加，不创建 3D 窗口、不泵送其他帧
[15:56:27.637] [info] [Fine-Auto/LiDAR-Cam] 使用粗标定初值 t=[0.000,-0.070,-0.360]m
[15:56:27.639] [info] [Fine-Auto] 结果已保存: ./results/lidar_cam_cam_left_extrinsic.yaml
[15:56:27.639] [info] [Viz] 即将生成投影图并保存到 ./results/lidar_cam_cam_left_projection.png
[15:56:27.651] [info] 投影可视化保存: ./results/lidar_cam_cam_left_projection.png
[15:56:27.651] [info] [Viz] 投影图已保存（仅使用配置初值，未做精标定）
[15:56:27.651] [info] [Fine-Auto/LiDAR-Cam] 相机 cam_left 已使用配置初值跳过精标定，直接供手动微调
[15:56:27.651] [info] [Viz/Display] 即将关闭可视化窗口 原因=用户关闭或流程结束 pangolin_running=false
[15:56:27.659] [info] [Fine-Auto/LiDAR-Cam] 精标定完成: 1 个相机  最大 RMS=0.0000 px
[15:56:27.659] [info] [STAGE=lidar_cam_fine_auto] LiDAR-Camera 精标定 完成
[15:56:27.659] [info] [Fine-Auto/LiDAR-Cam] RMS 阈值=2.00 px  最大 RMS=0.0000 px  在阈值内
[15:56:27.666] [info] ━━━━━━━━━━━━━━━━━━━━━━━━━━━━━━━━━━━━━━━━━
[15:56:27.666] [info] ■ 结束阶段: [Fine-Auto] 任务: [lidar_cam_extrin]
[15:56:27.666] [info]   结果: ✓ 成功 | 残差RMS: 0.0000 | 耗时: 534 ms
[15:56:27.666] [info]   消息: LiDAR-Camera 精标定完成: 1 个相机, 最大 RMS=0.000000 px
[15:56:27.666] [info] [CALC] 阶段结束 stage=Fine-Auto task=lidar_cam_extrin success=true residual_rms=0.000000 elapsed_ms=527.3 threshold=2.0000
[15:56:27.666] [info] ━━━━━━━━━━━━━━━━━━━━━━━━━━━━━━━━━━━━━━━━━
[15:56:27.666] [info] [Pipeline] 用户已启用手动校准 (--manual), 进入 6-DOF 调整
[15:56:27.666] [info] 
[15:56:27.666] [info] ━━━━━━━━━━━━━━━━━━━━━━━━━━━━━━━━━━━━━━━━━
[15:56:27.666] [info] ▶ 开始阶段: [Manual-Refine] 任务: [lidar_cam_extrin]
[15:56:27.666] [info]   描述: 手动校准: 6-DOF 交互式调整
[15:56:27.666] [info] ━━━━━━━━━━━━━━━━━━━━━━━━━━━━━━━━━━━━━━━━━
[15:56:27.666] [info] [Manual-Refine] 任务: lidar_cam_extrin
[15:56:27.666] [info] [Manual-Refine] 操作说明: Q/A Roll  W/S Pitch  E/D Yaw  R/F Tx  T/G Ty  Y/H Tz  U Undo  Enter 接受  Esc 取消
[15:56:27.667] [info] [ManualSession] 会话ID: session_2026-04-24_15-56-27
[15:56:27.667] [info] [ManualSession] 保存目录: ./results/manual_sessions
[15:56:27.667] [info] [Manual-Refine] 已打开 6-DOF 可视化调整窗口，请在本窗口内按键微调后 Enter 接受或 Esc 取消
[15:56:27.667] [info] [Manual-Refine] LiDAR-Camera 手动调整仅使用首帧匹配数据（第 0 帧点云 + 第 0 帧图像）
[15:56:27.667] [info] [ManualSession] 启动 LiDAR-Camera 手动校准
[15:56:27.667] [info] [ManualSession] 自动标定 RMS: 0.0000 px (阈值建议 < 2.0px)
[15:56:27.667] [debug] [ManualSession] 事件: lidar_cam_start | auto_rms=0.000000
[15:56:27.667] [info] [ManualAdjust] 初始外参:
[15:56:27.667] [info] [ManualAdjust] 当前外参 [lidar_front→cam_left]:
[15:56:27.667] [info]   旋转 RPY: (-32.2501, -83.1200, 122.5401) deg
[15:56:27.667] [info]   平移 XYZ: (0.0000, -0.0700, -0.3600) m
[15:56:27.667] [info] [ManualSession] ===== 手动校准操作说明 =====
[15:56:27.667] [info]   Q/A: Roll ±0.1deg   W/S: Pitch ±0.1deg   E/D: Yaw ±0.1deg
[15:56:27.667] [info]   R/F: Tx ±0.5cm   T/G: Ty ±0.5cm   Y/H: Tz ±0.5cm
[15:56:27.667] [info]   Shift+键: 10倍步长
[15:56:27.667] [info]   P: 进入点击精化模式  U: 撤销  Z: 重做
[15:56:27.667] [info]   S: 保存  ESC: 接受并退出
[15:56:27.667] [info]   点云投影质量越高 (边缘对齐越好) 表示标定越准确
[15:56:27.678] [info] [ManualAdjust] 结果已保存: ./results/lidar_camera_extrinsic/manual_extrinsic_20260424_155627_initial.yaml
[15:56:27.678] [info] [ManualCalib] 交互窗口启动前已自动保存初始状态快照（备用）:
[15:56:27.678] [info]   - 投影图: ./results/lidar_camera_extrinsic/manual_projection_20260424_155627_initial.png
[15:56:27.678] [info]   - 点云:   ./results/lidar_camera_extrinsic/manual_cloud_20260424_155627_initial.pcd
[15:56:27.678] [info]   - 外参:   ./results/lidar_camera_extrinsic/manual_extrinsic_20260424_155627_initial.yaml

(unicalib_lidar_camera:145): dbind-WARNING **: 15:56:27.704: Couldn't connect to accessibility bus: Failed to connect to socket /run/user/1000/at-spi/bus_1: No such file or directory
[15:56:27.739] [info] [ManualCalib] 3D 点云窗口已禁用（避免 VTK 闪退），请在 2D 投影窗口进行微调。按下 'S' 键可手动保存当前微调结果图片和点云。
[15:56:27.739] [info] [ManualCalib] 初始位姿 T_lidar_to_cam:
[15:56:27.739] [info]   - Translation: 0.0000, -0.0700, -0.3600
[15:56:27.739] [info]   - RPY (deg):   84.1854, 0.1023, 93.6944
[15:57:06.954] [debug] [ManualAdjust] 旋转增量 RPY=(0.000, 0.000, 0.100)deg
[15:57:06.954] [info] [ManualAdjust] 当前外参 [lidar_front→cam_left]:
[15:57:06.954] [info]   旋转 RPY: (-32.9456, -83.0661, 123.2407) deg
[15:57:06.954] [info]   平移 XYZ: (0.0000, -0.0700, -0.3600) m
[15:57:07.600] [debug] [ManualAdjust] 旋转增量 RPY=(0.000, 0.000, -0.100)deg
[15:57:07.600] [info] [ManualAdjust] 当前外参 [lidar_front→cam_left]:
[15:57:07.600] [info]   旋转 RPY: (-32.2501, -83.1200, 122.5401) deg
[15:57:07.600] [info]   平移 XYZ: (0.0000, -0.0700, -0.3600) m
[15:57:07.816] [debug] [ManualAdjust] 旋转增量 RPY=(0.000, 0.000, -0.100)deg
[15:57:07.816] [info] [ManualAdjust] 当前外参 [lidar_front→cam_left]:
[15:57:07.816] [info]   旋转 RPY: (-31.5437, -83.1728, 121.8286) deg
[15:57:07.816] [info]   平移 XYZ: (0.0000, -0.0700, -0.3600) m
[15:57:08.000] [debug] [ManualAdjust] 旋转增量 RPY=(0.000, 0.000, -0.100)deg
[15:57:08.000] [info] [ManualAdjust] 当前外参 [lidar_front→cam_left]:
[15:57:08.000] [info]   旋转 RPY: (-30.8264, -83.2246, 121.1062) deg
[15:57:08.000] [info]   平移 XYZ: (0.0000, -0.0700, -0.3600) m
[15:57:08.500] [debug] [ManualAdjust] 旋转增量 RPY=(0.000, 0.000, -0.100)deg
[15:57:08.501] [info] [ManualAdjust] 当前外参 [lidar_front→cam_left]:
[15:57:08.501] [info]   旋转 RPY: (-30.0981, -83.2753, 120.3729) deg
[15:57:08.501] [info]   平移 XYZ: (0.0000, -0.0700, -0.3600) m
[15:57:08.530] [debug] [ManualAdjust] 旋转增量 RPY=(0.000, 0.000, -0.100)deg
[15:57:08.530] [info] [ManualAdjust] 当前外参 [lidar_front→cam_left]:
[15:57:08.530] [info]   旋转 RPY: (-29.3589, -83.3249, 119.6286) deg
[15:57:08.530] [info]   平移 XYZ: (0.0000, -0.0700, -0.3600) m
[15:57:08.560] [debug] [ManualAdjust] 旋转增量 RPY=(0.000, 0.000, -0.100)deg
[15:57:08.560] [info] [ManualAdjust] 当前外参 [lidar_front→cam_left]:
[15:57:08.560] [info]   旋转 RPY: (-28.6087, -83.3734, 118.8733) deg
[15:57:08.560] [info]   平移 XYZ: (0.0000, -0.0700, -0.3600) m
[15:57:08.590] [debug] [ManualAdjust] 旋转增量 RPY=(0.000, 0.000, -0.100)deg
[15:57:08.590] [info] [ManualAdjust] 当前外参 [lidar_front→cam_left]:
[15:57:08.590] [info]   旋转 RPY: (-27.8475, -83.4207, 118.1071) deg
[15:57:08.590] [info]   平移 XYZ: (0.0000, -0.0700, -0.3600) m
[15:57:08.620] [debug] [ManualAdjust] 旋转增量 RPY=(0.000, 0.000, -0.100)deg
[15:57:08.620] [info] [ManualAdjust] 当前外参 [lidar_front→cam_left]:
[15:57:08.620] [info]   旋转 RPY: (-27.0755, -83.4668, 117.3299) deg
[15:57:08.620] [info]   平移 XYZ: (0.0000, -0.0700, -0.3600) m
[15:57:08.650] [debug] [ManualAdjust] 旋转增量 RPY=(0.000, 0.000, -0.100)deg
[15:57:08.650] [info] [ManualAdjust] 当前外参 [lidar_front→cam_left]:
[15:57:08.650] [info]   旋转 RPY: (-26.2926, -83.5117, 116.5419) deg
[15:57:08.650] [info]   平移 XYZ: (0.0000, -0.0700, -0.3600) m
[15:57:08.680] [debug] [ManualAdjust] 旋转增量 RPY=(0.000, 0.000, -0.100)deg
[15:57:08.680] [info] [ManualAdjust] 当前外参 [lidar_front→cam_left]:
[15:57:08.680] [info]   旋转 RPY: (-25.4989, -83.5554, 115.7431) deg
[15:57:08.680] [info]   平移 XYZ: (0.0000, -0.0700, -0.3600) m
[15:57:08.710] [debug] [ManualAdjust] 旋转增量 RPY=(0.000, 0.000, -0.100)deg
[15:57:08.710] [info] [ManualAdjust] 当前外参 [lidar_front→cam_left]:
[15:57:08.710] [info]   旋转 RPY: (-24.6945, -83.5978, 114.9337) deg
[15:57:08.710] [info]   平移 XYZ: (0.0000, -0.0700, -0.3600) m
[15:57:08.740] [debug] [ManualAdjust] 旋转增量 RPY=(0.000, 0.000, -0.100)deg
[15:57:08.741] [info] [ManualAdjust] 当前外参 [lidar_front→cam_left]:
[15:57:08.741] [info]   旋转 RPY: (-23.8795, -83.6389, 114.1136) deg
[15:57:08.741] [info]   平移 XYZ: (0.0000, -0.0700, -0.3600) m
[15:57:08.770] [debug] [ManualAdjust] 旋转增量 RPY=(0.000, 0.000, -0.100)deg
[15:57:08.770] [info] [ManualAdjust] 当前外参 [lidar_front→cam_left]:
[15:57:08.770] [info]   旋转 RPY: (-23.0541, -83.6787, 113.2831) deg
[15:57:08.770] [info]   平移 XYZ: (0.0000, -0.0700, -0.3600) m
[15:57:08.800] [debug] [ManualAdjust] 旋转增量 RPY=(0.000, 0.000, -0.100)deg
[15:57:08.800] [info] [ManualAdjust] 当前外参 [lidar_front→cam_left]:
[15:57:08.800] [info]   旋转 RPY: (-22.2183, -83.7172, 112.4423) deg
[15:57:08.800] [info]   平移 XYZ: (0.0000, -0.0700, -0.3600) m
[15:57:08.831] [debug] [ManualAdjust] 旋转增量 RPY=(0.000, 0.000, -0.100)deg
[15:57:08.831] [info] [ManualAdjust] 当前外参 [lidar_front→cam_left]:
[15:57:08.831] [info]   旋转 RPY: (-21.3724, -83.7544, 111.5913) deg
[15:57:08.831] [info]   平移 XYZ: (0.0000, -0.0700, -0.3600) m
[15:57:08.863] [debug] [ManualAdjust] 旋转增量 RPY=(0.000, 0.000, -0.100)deg
[15:57:08.863] [info] [ManualAdjust] 当前外参 [lidar_front→cam_left]:
[15:57:08.863] [info]   旋转 RPY: (-20.5166, -83.7901, 110.7304) deg
[15:57:08.863] [info]   平移 XYZ: (0.0000, -0.0700, -0.3600) m
[15:57:08.891] [debug] [ManualAdjust] 旋转增量 RPY=(0.000, 0.000, -0.100)deg
[15:57:08.891] [info] [ManualAdjust] 当前外参 [lidar_front→cam_left]:
[15:57:08.891] [info]   旋转 RPY: (-19.6510, -83.8244, 109.8597) deg
[15:57:08.891] [info]   平移 XYZ: (0.0000, -0.0700, -0.3600) m
[15:57:08.921] [debug] [ManualAdjust] 旋转增量 RPY=(0.000, 0.000, -0.100)deg
[15:57:08.921] [info] [ManualAdjust] 当前外参 [lidar_front→cam_left]:
[15:57:08.921] [info]   旋转 RPY: (-18.7759, -83.8573, 108.9796) deg
[15:57:08.921] [info]   平移 XYZ: (0.0000, -0.0700, -0.3600) m
[15:57:08.951] [debug] [ManualAdjust] 旋转增量 RPY=(0.000, 0.000, -0.100)deg
[15:57:08.951] [info] [ManualAdjust] 当前外参 [lidar_front→cam_left]:
[15:57:08.951] [info]   旋转 RPY: (-17.8916, -83.8888, 108.0902) deg
[15:57:08.951] [info]   平移 XYZ: (0.0000, -0.0700, -0.3600) m
[15:57:08.982] [debug] [ManualAdjust] 旋转增量 RPY=(0.000, 0.000, -0.100)deg
[15:57:08.982] [info] [ManualAdjust] 当前外参 [lidar_front→cam_left]:
[15:57:08.982] [info]   旋转 RPY: (-16.9984, -83.9188, 107.1919) deg
[15:57:08.982] [info]   平移 XYZ: (0.0000, -0.0700, -0.3600) m
[15:57:09.012] [debug] [ManualAdjust] 旋转增量 RPY=(0.000, 0.000, -0.100)deg
[15:57:09.012] [info] [ManualAdjust] 当前外参 [lidar_front→cam_left]:
[15:57:09.012] [info]   旋转 RPY: (-16.0965, -83.9473, 106.2849) deg
[15:57:09.012] [info]   平移 XYZ: (0.0000, -0.0700, -0.3600) m
[15:57:09.043] [debug] [ManualAdjust] 旋转增量 RPY=(0.000, 0.000, -0.100)deg
[15:57:09.043] [info] [ManualAdjust] 当前外参 [lidar_front→cam_left]:
[15:57:09.043] [info]   旋转 RPY: (-15.1863, -83.9742, 105.3696) deg
[15:57:09.043] [info]   平移 XYZ: (0.0000, -0.0700, -0.3600) m
[15:57:09.073] [debug] [ManualAdjust] 旋转增量 RPY=(0.000, 0.000, -0.100)deg
[15:57:09.073] [info] [ManualAdjust] 当前外参 [lidar_front→cam_left]:
[15:57:09.073] [info]   旋转 RPY: (-14.2681, -83.9997, 104.4463) deg
[15:57:09.073] [info]   平移 XYZ: (0.0000, -0.0700, -0.3600) m
[15:57:09.103] [debug] [ManualAdjust] 旋转增量 RPY=(0.000, 0.000, -0.100)deg
[15:57:09.103] [info] [ManualAdjust] 当前外参 [lidar_front→cam_left]:
[15:57:09.103] [info]   旋转 RPY: (-13.3423, -84.0235, 103.5155) deg
[15:57:09.103] [info]   平移 XYZ: (0.0000, -0.0700, -0.3600) m
[15:57:09.133] [debug] [ManualAdjust] 旋转增量 RPY=(0.000, 0.000, -0.100)deg
[15:57:09.133] [info] [ManualAdjust] 当前外参 [lidar_front→cam_left]:
[15:57:09.133] [info]   旋转 RPY: (-12.4094, -84.0458, 102.5775) deg
[15:57:09.133] [info]   平移 XYZ: (0.0000, -0.0700, -0.3600) m
[15:57:09.167] [debug] [ManualAdjust] 旋转增量 RPY=(0.000, 0.000, -0.100)deg
[15:57:09.167] [info] [ManualAdjust] 当前外参 [lidar_front→cam_left]:
[15:57:09.167] [info]   旋转 RPY: (-11.4697, -84.0665, 101.6327) deg
[15:57:09.167] [info]   平移 XYZ: (0.0000, -0.0700, -0.3600) m
[15:57:09.198] [debug] [ManualAdjust] 旋转增量 RPY=(0.000, 0.000, -0.100)deg
[15:57:09.198] [info] [ManualAdjust] 当前外参 [lidar_front→cam_left]:
[15:57:09.198] [info]   旋转 RPY: (-10.5236, -84.0856, 100.6815) deg
[15:57:09.198] [info]   平移 XYZ: (0.0000, -0.0700, -0.3600) m
[15:57:09.225] [debug] [ManualAdjust] 旋转增量 RPY=(0.000, 0.000, -0.100)deg
[15:57:09.225] [info] [ManualAdjust] 当前外参 [lidar_front→cam_left]:
[15:57:09.225] [info]   旋转 RPY: (-9.5717, -84.1030, 99.7245) deg
[15:57:09.225] [info]   平移 XYZ: (0.0000, -0.0700, -0.3600) m
[15:57:09.254] [debug] [ManualAdjust] 旋转增量 RPY=(0.000, 0.000, -0.100)deg
[15:57:09.254] [info] [ManualAdjust] 当前外参 [lidar_front→cam_left]:
[15:57:09.254] [info]   旋转 RPY: (-8.6144, -84.1188, 98.7621) deg
[15:57:09.254] [info]   平移 XYZ: (0.0000, -0.0700, -0.3600) m
[15:57:09.284] [debug] [ManualAdjust] 旋转增量 RPY=(0.000, 0.000, -0.100)deg
[15:57:09.284] [info] [ManualAdjust] 当前外参 [lidar_front→cam_left]:
[15:57:09.284] [info]   旋转 RPY: (-7.6522, -84.1330, 97.7948) deg
[15:57:09.284] [info]   平移 XYZ: (0.0000, -0.0700, -0.3600) m
[15:57:09.314] [debug] [ManualAdjust] 旋转增量 RPY=(0.000, 0.000, -0.100)deg
[15:57:09.314] [info] [ManualAdjust] 当前外参 [lidar_front→cam_left]:
[15:57:09.314] [info]   旋转 RPY: (-6.6856, -84.1454, 96.8232) deg
[15:57:09.314] [info]   平移 XYZ: (0.0000, -0.0700, -0.3600) m
[15:57:09.344] [debug] [ManualAdjust] 旋转增量 RPY=(0.000, 0.000, -0.100)deg
[15:57:09.344] [info] [ManualAdjust] 当前外参 [lidar_front→cam_left]:
[15:57:09.344] [info]   旋转 RPY: (-5.7151, -84.1562, 95.8476) deg
[15:57:09.344] [info]   平移 XYZ: (0.0000, -0.0700, -0.3600) m
[15:57:09.375] [debug] [ManualAdjust] 旋转增量 RPY=(0.000, 0.000, -0.100)deg
[15:57:09.375] [info] [ManualAdjust] 当前外参 [lidar_front→cam_left]:
[15:57:09.375] [info]   旋转 RPY: (-4.7414, -84.1654, 94.8688) deg
[15:57:09.375] [info]   平移 XYZ: (0.0000, -0.0700, -0.3600) m
[15:57:09.405] [debug] [ManualAdjust] 旋转增量 RPY=(0.000, 0.000, -0.100)deg
[15:57:09.405] [info] [ManualAdjust] 当前外参 [lidar_front→cam_left]:
[15:57:09.405] [info]   旋转 RPY: (-3.7648, -84.1728, 93.8872) deg
[15:57:09.405] [info]   平移 XYZ: (0.0000, -0.0700, -0.3600) m
[15:57:09.435] [debug] [ManualAdjust] 旋转增量 RPY=(0.000, 0.000, -0.100)deg
[15:57:09.435] [info] [ManualAdjust] 当前外参 [lidar_front→cam_left]:
[15:57:09.436] [info]   旋转 RPY: (-2.7861, -84.1785, 92.9034) deg
[15:57:09.436] [info]   平移 XYZ: (0.0000, -0.0700, -0.3600) m
[15:57:09.467] [debug] [ManualAdjust] 旋转增量 RPY=(0.000, 0.000, -0.100)deg
[15:57:09.467] [info] [ManualAdjust] 当前外参 [lidar_front→cam_left]:
[15:57:09.467] [info]   旋转 RPY: (-1.8057, -84.1825, 91.9179) deg
[15:57:09.467] [info]   平移 XYZ: (0.0000, -0.0700, -0.3600) m
[15:57:09.499] [debug] [ManualAdjust] 旋转增量 RPY=(0.000, 0.000, -0.100)deg
[15:57:09.499] [info] [ManualAdjust] 当前外参 [lidar_front→cam_left]:
[15:57:09.499] [info]   旋转 RPY: (-0.8242, -84.1848, 90.9314) deg
[15:57:09.499] [info]   平移 XYZ: (0.0000, -0.0700, -0.3600) m
[15:57:09.527] [debug] [ManualAdjust] 旋转增量 RPY=(0.000, 0.000, -0.100)deg
[15:57:09.527] [info] [ManualAdjust] 当前外参 [lidar_front→cam_left]:
[15:57:09.527] [info]   旋转 RPY: (0.1577, -84.1854, 89.9444) deg
[15:57:09.527] [info]   平移 XYZ: (0.0000, -0.0700, -0.3600) m
[15:57:09.557] [debug] [ManualAdjust] 旋转增量 RPY=(0.000, 0.000, -0.100)deg
[15:57:09.557] [info] [ManualAdjust] 当前外参 [lidar_front→cam_left]:
[15:57:09.557] [info]   旋转 RPY: (1.1395, -84.1842, 88.9574) deg
[15:57:09.557] [info]   平移 XYZ: (0.0000, -0.0700, -0.3600) m
[15:57:09.587] [debug] [ManualAdjust] 旋转增量 RPY=(0.000, 0.000, -0.100)deg
[15:57:09.587] [info] [ManualAdjust] 当前外参 [lidar_front→cam_left]:
[15:57:09.587] [info]   旋转 RPY: (2.1207, -84.1814, 87.9712) deg
[15:57:09.587] [info]   平移 XYZ: (0.0000, -0.0700, -0.3600) m
[15:57:09.618] [debug] [ManualAdjust] 旋转增量 RPY=(0.000, 0.000, -0.100)deg
[15:57:09.618] [info] [ManualAdjust] 当前外参 [lidar_front→cam_left]:
[15:57:09.618] [info]   旋转 RPY: (3.1006, -84.1768, 86.9862) deg
[15:57:09.618] [info]   平移 XYZ: (0.0000, -0.0700, -0.3600) m
[15:57:09.648] [debug] [ManualAdjust] 旋转增量 RPY=(0.000, 0.000, -0.100)deg
[15:57:09.648] [info] [ManualAdjust] 当前外参 [lidar_front→cam_left]:
[15:57:09.648] [info]   旋转 RPY: (4.0787, -84.1706, 86.0030) deg
[15:57:09.648] [info]   平移 XYZ: (0.0000, -0.0700, -0.3600) m
[15:57:09.678] [debug] [ManualAdjust] 旋转增量 RPY=(0.000, 0.000, -0.100)deg
[15:57:09.678] [info] [ManualAdjust] 当前外参 [lidar_front→cam_left]:
[15:57:09.678] [info]   旋转 RPY: (5.0544, -84.1626, 85.0222) deg
[15:57:09.678] [info]   平移 XYZ: (0.0000, -0.0700, -0.3600) m
[15:57:09.709] [debug] [ManualAdjust] 旋转增量 RPY=(0.000, 0.000, -0.100)deg
[15:57:09.709] [info] [ManualAdjust] 当前外参 [lidar_front→cam_left]:
[15:57:09.709] [info]   旋转 RPY: (6.0272, -84.1530, 84.0444) deg
[15:57:09.709] [info]   平移 XYZ: (0.0000, -0.0700, -0.3600) m
[15:57:09.739] [debug] [ManualAdjust] 旋转增量 RPY=(0.000, 0.000, -0.100)deg
[15:57:09.739] [info] [ManualAdjust] 当前外参 [lidar_front→cam_left]:
[15:57:09.739] [info]   旋转 RPY: (6.9965, -84.1416, 83.0700) deg
[15:57:09.739] [info]   平移 XYZ: (0.0000, -0.0700, -0.3600) m
[15:57:09.769] [debug] [ManualAdjust] 旋转增量 RPY=(0.000, 0.000, -0.100)deg
[15:57:09.769] [info] [ManualAdjust] 当前外参 [lidar_front→cam_left]:
[15:57:09.769] [info]   旋转 RPY: (7.9617, -84.1286, 82.0997) deg
[15:57:09.769] [info]   平移 XYZ: (0.0000, -0.0700, -0.3600) m
[15:57:09.799] [debug] [ManualAdjust] 旋转增量 RPY=(0.000, 0.000, -0.100)deg
[15:57:09.799] [info] [ManualAdjust] 当前外参 [lidar_front→cam_left]:
[15:57:09.799] [info]   旋转 RPY: (8.9224, -84.1139, 81.1339) deg
[15:57:09.799] [info]   平移 XYZ: (0.0000, -0.0700, -0.3600) m
[15:57:09.830] [debug] [ManualAdjust] 旋转增量 RPY=(0.000, 0.000, -0.100)deg
[15:57:09.830] [info] [ManualAdjust] 当前外参 [lidar_front→cam_left]:
[15:57:09.830] [info]   旋转 RPY: (9.8780, -84.0976, 80.1732) deg
[15:57:09.830] [info]   平移 XYZ: (0.0000, -0.0700, -0.3600) m
[15:57:09.859] [debug] [ManualAdjust] 旋转增量 RPY=(0.000, 0.000, -0.100)deg
[15:57:09.859] [info] [ManualAdjust] 当前外参 [lidar_front→cam_left]:
[15:57:09.859] [info]   旋转 RPY: (10.8281, -84.0796, 79.2181) deg
[15:57:09.859] [info]   平移 XYZ: (0.0000, -0.0700, -0.3600) m
[15:57:09.889] [debug] [ManualAdjust] 旋转增量 RPY=(0.000, 0.000, -0.100)deg
[15:57:09.889] [info] [ManualAdjust] 当前外参 [lidar_front→cam_left]:
[15:57:09.889] [info]   旋转 RPY: (11.7722, -84.0600, 78.2689) deg
[15:57:09.889] [info]   平移 XYZ: (0.0000, -0.0700, -0.3600) m
[15:57:09.919] [debug] [ManualAdjust] 旋转增量 RPY=(0.000, 0.000, -0.100)deg
[15:57:09.919] [info] [ManualAdjust] 当前外参 [lidar_front→cam_left]:
[15:57:09.919] [info]   旋转 RPY: (12.7098, -84.0388, 77.3262) deg
[15:57:09.919] [info]   平移 XYZ: (0.0000, -0.0700, -0.3600) m
[15:57:09.949] [debug] [ManualAdjust] 旋转增量 RPY=(0.000, 0.000, -0.100)deg
[15:57:09.949] [info] [ManualAdjust] 当前外参 [lidar_front→cam_left]:
[15:57:09.949] [info]   旋转 RPY: (13.6405, -84.0160, 76.3905) deg
[15:57:09.949] [info]   平移 XYZ: (0.0000, -0.0700, -0.3600) m
[15:57:09.980] [debug] [ManualAdjust] 旋转增量 RPY=(0.000, 0.000, -0.100)deg
[15:57:09.980] [info] [ManualAdjust] 当前外参 [lidar_front→cam_left]:
[15:57:09.980] [info]   旋转 RPY: (14.5638, -83.9917, 75.4620) deg
[15:57:09.980] [info]   平移 XYZ: (0.0000, -0.0700, -0.3600) m
[15:57:10.010] [debug] [ManualAdjust] 旋转增量 RPY=(0.000, 0.000, -0.100)deg
[15:57:10.010] [info] [ManualAdjust] 当前外参 [lidar_front→cam_left]:
[15:57:10.010] [info]   旋转 RPY: (15.4795, -83.9657, 74.5413) deg
[15:57:10.010] [info]   平移 XYZ: (0.0000, -0.0700, -0.3600) m
[15:57:10.040] [debug] [ManualAdjust] 旋转增量 RPY=(0.000, 0.000, -0.100)deg
[15:57:10.040] [info] [ManualAdjust] 当前外参 [lidar_front→cam_left]:
[15:57:10.040] [info]   旋转 RPY: (16.3871, -83.9383, 73.6286) deg
[15:57:10.040] [info]   平移 XYZ: (0.0000, -0.0700, -0.3600) m
[15:57:10.070] [debug] [ManualAdjust] 旋转增量 RPY=(0.000, 0.000, -0.100)deg
[15:57:10.070] [info] [ManualAdjust] 当前外参 [lidar_front→cam_left]:
[15:57:10.070] [info]   旋转 RPY: (17.2862, -83.9093, 72.7244) deg
[15:57:10.070] [info]   平移 XYZ: (0.0000, -0.0700, -0.3600) m
[15:57:10.100] [debug] [ManualAdjust] 旋转增量 RPY=(0.000, 0.000, -0.100)deg
[15:57:10.101] [info] [ManualAdjust] 当前外参 [lidar_front→cam_left]:
[15:57:10.101] [info]   旋转 RPY: (18.1766, -83.8789, 71.8289) deg
[15:57:10.101] [info]   平移 XYZ: (0.0000, -0.0700, -0.3600) m
[15:57:10.131] [debug] [ManualAdjust] 旋转增量 RPY=(0.000, 0.000, -0.100)deg
[15:57:10.131] [info] [ManualAdjust] 当前外参 [lidar_front→cam_left]:
[15:57:10.131] [info]   旋转 RPY: (19.0580, -83.8469, 70.9424) deg
[15:57:10.131] [info]   平移 XYZ: (0.0000, -0.0700, -0.3600) m
[15:57:10.165] [debug] [ManualAdjust] 旋转增量 RPY=(0.000, 0.000, -0.100)deg
[15:57:10.165] [info] [ManualAdjust] 当前外参 [lidar_front→cam_left]:
[15:57:10.165] [info]   旋转 RPY: (19.9301, -83.8136, 70.0653) deg
[15:57:10.165] [info]   平移 XYZ: (0.0000, -0.0700, -0.3600) m
[15:57:10.191] [debug] [ManualAdjust] 旋转增量 RPY=(0.000, 0.000, -0.100)deg
[15:57:10.191] [info] [ManualAdjust] 当前外参 [lidar_front→cam_left]:
[15:57:10.191] [info]   旋转 RPY: (20.7925, -83.7788, 69.1978) deg
[15:57:10.191] [info]   平移 XYZ: (0.0000, -0.0700, -0.3600) m
[15:57:10.221] [debug] [ManualAdjust] 旋转增量 RPY=(0.000, 0.000, -0.100)deg
[15:57:10.221] [info] [ManualAdjust] 当前外参 [lidar_front→cam_left]:
[15:57:10.221] [info]   旋转 RPY: (21.6452, -83.7426, 68.3400) deg
[15:57:10.221] [info]   平移 XYZ: (0.0000, -0.0700, -0.3600) m
[15:57:10.251] [debug] [ManualAdjust] 旋转增量 RPY=(0.000, 0.000, -0.100)deg
[15:57:10.251] [info] [ManualAdjust] 当前外参 [lidar_front→cam_left]:
[15:57:10.251] [info]   旋转 RPY: (22.4878, -83.7050, 67.4923) deg
[15:57:10.251] [info]   平移 XYZ: (0.0000, -0.0700, -0.3600) m
[15:57:10.281] [debug] [ManualAdjust] 旋转增量 RPY=(0.000, 0.000, -0.100)deg
[15:57:10.281] [info] [ManualAdjust] 当前外参 [lidar_front→cam_left]:
[15:57:10.281] [info]   旋转 RPY: (23.3203, -83.6661, 66.6548) deg
[15:57:10.281] [info]   平移 XYZ: (0.0000, -0.0700, -0.3600) m
[15:57:10.311] [debug] [ManualAdjust] 旋转增量 RPY=(0.000, 0.000, -0.100)deg
[15:57:10.311] [info] [ManualAdjust] 当前外参 [lidar_front→cam_left]:
[15:57:10.311] [info]   旋转 RPY: (24.1424, -83.6258, 65.8276) deg
[15:57:10.311] [info]   平移 XYZ: (0.0000, -0.0700, -0.3600) m
[15:57:10.341] [debug] [ManualAdjust] 旋转增量 RPY=(0.000, 0.000, -0.100)deg
[15:57:10.341] [info] [ManualAdjust] 当前外参 [lidar_front→cam_left]:
[15:57:10.341] [info]   旋转 RPY: (24.9540, -83.5843, 65.0109) deg
[15:57:10.341] [info]   平移 XYZ: (0.0000, -0.0700, -0.3600) m
[15:57:10.371] [debug] [ManualAdjust] 旋转增量 RPY=(0.000, 0.000, -0.100)deg
[15:57:10.371] [info] [ManualAdjust] 当前外参 [lidar_front→cam_left]:
[15:57:10.371] [info]   旋转 RPY: (25.7550, -83.5415, 64.2049) deg
[15:57:10.371] [info]   平移 XYZ: (0.0000, -0.0700, -0.3600) m
[15:57:10.401] [debug] [ManualAdjust] 旋转增量 RPY=(0.000, 0.000, -0.100)deg
[15:57:10.401] [info] [ManualAdjust] 当前外参 [lidar_front→cam_left]:
[15:57:10.401] [info]   旋转 RPY: (26.5452, -83.4974, 63.4095) deg
[15:57:10.401] [info]   平移 XYZ: (0.0000, -0.0700, -0.3600) m
[15:57:10.431] [debug] [ManualAdjust] 旋转增量 RPY=(0.000, 0.000, -0.100)deg
[15:57:10.431] [info] [ManualAdjust] 当前外参 [lidar_front→cam_left]:
[15:57:10.431] [info]   旋转 RPY: (27.3246, -83.4521, 62.6250) deg
[15:57:10.431] [info]   平移 XYZ: (0.0000, -0.0700, -0.3600) m
[15:57:10.466] [debug] [ManualAdjust] 旋转增量 RPY=(0.000, 0.000, -0.100)deg
[15:57:10.466] [info] [ManualAdjust] 当前外参 [lidar_front→cam_left]:
[15:57:10.466] [info]   旋转 RPY: (28.0932, -83.4056, 61.8514) deg
[15:57:10.466] [info]   平移 XYZ: (0.0000, -0.0700, -0.3600) m
[15:57:10.491] [debug] [ManualAdjust] 旋转增量 RPY=(0.000, 0.000, -0.100)deg
[15:57:10.491] [info] [ManualAdjust] 当前外参 [lidar_front→cam_left]:
[15:57:10.491] [info]   旋转 RPY: (28.8508, -83.3579, 61.0887) deg
[15:57:10.491] [info]   平移 XYZ: (0.0000, -0.0700, -0.3600) m
[15:57:10.522] [debug] [ManualAdjust] 旋转增量 RPY=(0.000, 0.000, -0.100)deg
[15:57:10.522] [info] [ManualAdjust] 当前外参 [lidar_front→cam_left]:
[15:57:10.522] [info]   旋转 RPY: (29.5975, -83.3091, 60.3369) deg
[15:57:10.522] [info]   平移 XYZ: (0.0000, -0.0700, -0.3600) m
[15:57:10.552] [debug] [ManualAdjust] 旋转增量 RPY=(0.000, 0.000, -0.100)deg
[15:57:10.552] [info] [ManualAdjust] 当前外参 [lidar_front→cam_left]:
[15:57:10.552] [info]   旋转 RPY: (30.3332, -83.2592, 59.5961) deg
[15:57:10.552] [info]   平移 XYZ: (0.0000, -0.0700, -0.3600) m
[15:57:10.582] [debug] [ManualAdjust] 旋转增量 RPY=(0.000, 0.000, -0.100)deg
[15:57:10.582] [info] [ManualAdjust] 当前外参 [lidar_front→cam_left]:
[15:57:10.582] [info]   旋转 RPY: (31.0580, -83.2081, 58.8663) deg
[15:57:10.582] [info]   平移 XYZ: (0.0000, -0.0700, -0.3600) m
[15:57:10.612] [debug] [ManualAdjust] 旋转增量 RPY=(0.000, 0.000, -0.100)deg
[15:57:10.612] [info] [ManualAdjust] 当前外参 [lidar_front→cam_left]:
[15:57:10.612] [info]   旋转 RPY: (31.7718, -83.1560, 58.1474) deg
[15:57:10.612] [info]   平移 XYZ: (0.0000, -0.0700, -0.3600) m
[15:57:10.642] [debug] [ManualAdjust] 旋转增量 RPY=(0.000, 0.000, -0.100)deg
[15:57:10.642] [info] [ManualAdjust] 当前外参 [lidar_front→cam_left]:
[15:57:10.642] [info]   旋转 RPY: (32.4746, -83.1028, 57.4394) deg
[15:57:10.642] [info]   平移 XYZ: (0.0000, -0.0700, -0.3600) m
[15:57:10.672] [debug] [ManualAdjust] 旋转增量 RPY=(0.000, 0.000, -0.100)deg
[15:57:10.672] [info] [ManualAdjust] 当前外参 [lidar_front→cam_left]:
[15:57:10.672] [info]   旋转 RPY: (33.1666, -83.0486, 56.7424) deg
[15:57:10.673] [info]   平移 XYZ: (0.0000, -0.0700, -0.3600) m
[15:57:10.703] [debug] [ManualAdjust] 旋转增量 RPY=(0.000, 0.000, -0.100)deg
[15:57:10.703] [info] [ManualAdjust] 当前外参 [lidar_front→cam_left]:
[15:57:10.703] [info]   旋转 RPY: (33.8478, -82.9934, 56.0561) deg
[15:57:10.703] [info]   平移 XYZ: (0.0000, -0.0700, -0.3600) m
[15:57:10.733] [debug] [ManualAdjust] 旋转增量 RPY=(0.000, 0.000, -0.100)deg
[15:57:10.733] [info] [ManualAdjust] 当前外参 [lidar_front→cam_left]:
[15:57:10.733] [info]   旋转 RPY: (34.5182, -82.9372, 55.3806) deg
[15:57:10.733] [info]   平移 XYZ: (0.0000, -0.0700, -0.3600) m
[15:57:10.764] [debug] [ManualAdjust] 旋转增量 RPY=(0.000, 0.000, -0.100)deg
[15:57:10.764] [info] [ManualAdjust] 当前外参 [lidar_front→cam_left]:
[15:57:10.764] [info]   旋转 RPY: (35.1779, -82.8801, 54.7159) deg
[15:57:10.764] [info]   平移 XYZ: (0.0000, -0.0700, -0.3600) m
[15:57:10.794] [debug] [ManualAdjust] 旋转增量 RPY=(0.000, 0.000, -0.100)deg
[15:57:10.794] [info] [ManualAdjust] 当前外参 [lidar_front→cam_left]:
[15:57:10.794] [info]   旋转 RPY: (35.8269, -82.8220, 54.0617) deg
[15:57:10.794] [info]   平移 XYZ: (0.0000, -0.0700, -0.3600) m
[15:57:10.824] [debug] [ManualAdjust] 旋转增量 RPY=(0.000, 0.000, -0.100)deg
[15:57:10.824] [info] [ManualAdjust] 当前外参 [lidar_front→cam_left]:
[15:57:10.824] [info]   旋转 RPY: (36.4655, -82.7630, 53.4181) deg
[15:57:10.824] [info]   平移 XYZ: (0.0000, -0.0700, -0.3600) m
[15:57:10.854] [debug] [ManualAdjust] 旋转增量 RPY=(0.000, 0.000, -0.100)deg
[15:57:10.854] [info] [ManualAdjust] 当前外参 [lidar_front→cam_left]:
[15:57:10.854] [info]   旋转 RPY: (37.0936, -82.7031, 52.7849) deg
[15:57:10.854] [info]   平移 XYZ: (0.0000, -0.0700, -0.3600) m
[15:57:10.884] [debug] [ManualAdjust] 旋转增量 RPY=(0.000, 0.000, -0.100)deg
[15:57:10.884] [info] [ManualAdjust] 当前外参 [lidar_front→cam_left]:
[15:57:10.884] [info]   旋转 RPY: (37.7114, -82.6424, 52.1620) deg
[15:57:10.884] [info]   平移 XYZ: (0.0000, -0.0700, -0.3600) m
[15:57:10.915] [debug] [ManualAdjust] 旋转增量 RPY=(0.000, 0.000, -0.100)deg
[15:57:10.915] [info] [ManualAdjust] 当前外参 [lidar_front→cam_left]:
[15:57:10.915] [info]   旋转 RPY: (38.3190, -82.5808, 51.5493) deg
[15:57:10.915] [info]   平移 XYZ: (0.0000, -0.0700, -0.3600) m
[15:57:10.945] [debug] [ManualAdjust] 旋转增量 RPY=(0.000, 0.000, -0.100)deg
[15:57:10.945] [info] [ManualAdjust] 当前外参 [lidar_front→cam_left]:
[15:57:10.945] [info]   旋转 RPY: (38.9164, -82.5184, 50.9468) deg
[15:57:10.945] [info]   平移 XYZ: (0.0000, -0.0700, -0.3600) m
[15:57:10.975] [debug] [ManualAdjust] 旋转增量 RPY=(0.000, 0.000, -0.100)deg
[15:57:10.975] [info] [ManualAdjust] 当前外参 [lidar_front→cam_left]:
[15:57:10.975] [info]   旋转 RPY: (39.5039, -82.4552, 50.3542) deg
[15:57:10.975] [info]   平移 XYZ: (0.0000, -0.0700, -0.3600) m
[15:57:11.005] [debug] [ManualAdjust] 旋转增量 RPY=(0.000, 0.000, -0.100)deg
[15:57:11.005] [info] [ManualAdjust] 当前外参 [lidar_front→cam_left]:
[15:57:11.005] [info]   旋转 RPY: (40.0816, -82.3912, 49.7715) deg
[15:57:11.005] [info]   平移 XYZ: (0.0000, -0.0700, -0.3600) m
[15:57:11.035] [debug] [ManualAdjust] 旋转增量 RPY=(0.000, 0.000, -0.100)deg
[15:57:11.035] [info] [ManualAdjust] 当前外参 [lidar_front→cam_left]:
[15:57:11.035] [info]   旋转 RPY: (40.6495, -82.3264, 49.1984) deg
[15:57:11.036] [info]   平移 XYZ: (0.0000, -0.0700, -0.3600) m
[15:57:11.067] [debug] [ManualAdjust] 旋转增量 RPY=(0.000, 0.000, -0.100)deg
[15:57:11.067] [info] [ManualAdjust] 当前外参 [lidar_front→cam_left]:
[15:57:11.067] [info]   旋转 RPY: (41.2078, -82.2609, 48.6350) deg
[15:57:11.067] [info]   平移 XYZ: (0.0000, -0.0700, -0.3600) m
[15:57:11.098] [debug] [ManualAdjust] 旋转增量 RPY=(0.000, 0.000, -0.100)deg
[15:57:11.098] [info] [ManualAdjust] 当前外参 [lidar_front→cam_left]:
[15:57:11.098] [info]   旋转 RPY: (41.7567, -82.1947, 48.0811) deg
[15:57:11.098] [info]   平移 XYZ: (0.0000, -0.0700, -0.3600) m
[15:57:11.128] [debug] [ManualAdjust] 旋转增量 RPY=(0.000, 0.000, -0.100)deg
[15:57:11.128] [info] [ManualAdjust] 当前外参 [lidar_front→cam_left]:
[15:57:11.128] [info]   旋转 RPY: (42.2963, -82.1277, 47.5364) deg
[15:57:11.128] [info]   平移 XYZ: (0.0000, -0.0700, -0.3600) m
[15:57:11.158] [debug] [ManualAdjust] 旋转增量 RPY=(0.000, 0.000, -0.100)deg
[15:57:11.158] [info] [ManualAdjust] 当前外参 [lidar_front→cam_left]:
[15:57:11.158] [info]   旋转 RPY: (42.8267, -82.0601, 47.0009) deg
[15:57:11.158] [info]   平移 XYZ: (0.0000, -0.0700, -0.3600) m
[15:57:11.188] [debug] [ManualAdjust] 旋转增量 RPY=(0.000, 0.000, -0.100)deg
[15:57:11.188] [info] [ManualAdjust] 当前外参 [lidar_front→cam_left]:
[15:57:11.188] [info]   旋转 RPY: (43.3480, -81.9918, 46.4745) deg
[15:57:11.188] [info]   平移 XYZ: (0.0000, -0.0700, -0.3600) m
[15:57:11.218] [debug] [ManualAdjust] 旋转增量 RPY=(0.000, 0.000, -0.100)deg
[15:57:11.218] [info] [ManualAdjust] 当前外参 [lidar_front→cam_left]:
[15:57:11.218] [info]   旋转 RPY: (43.8605, -81.9228, 45.9569) deg
[15:57:11.218] [info]   平移 XYZ: (0.0000, -0.0700, -0.3600) m
[15:57:11.248] [debug] [ManualAdjust] 旋转增量 RPY=(0.000, 0.000, -0.100)deg
[15:57:11.248] [info] [ManualAdjust] 当前外参 [lidar_front→cam_left]:
[15:57:11.248] [info]   旋转 RPY: (44.3642, -81.8532, 45.4481) deg
[15:57:11.248] [info]   平移 XYZ: (0.0000, -0.0700, -0.3600) m
[15:57:11.280] [debug] [ManualAdjust] 旋转增量 RPY=(0.000, 0.000, -0.100)deg
[15:57:11.280] [info] [ManualAdjust] 当前外参 [lidar_front→cam_left]:
[15:57:11.280] [info]   旋转 RPY: (44.8593, -81.7829, 44.9479) deg
[15:57:11.280] [info]   平移 XYZ: (0.0000, -0.0700, -0.3600) m
[15:57:11.309] [debug] [ManualAdjust] 旋转增量 RPY=(0.000, 0.000, -0.100)deg
[15:57:11.309] [info] [ManualAdjust] 当前外参 [lidar_front→cam_left]:
[15:57:11.309] [info]   旋转 RPY: (45.3460, -81.7121, 44.4561) deg
[15:57:11.309] [info]   平移 XYZ: (0.0000, -0.0700, -0.3600) m
[15:57:11.340] [debug] [ManualAdjust] 旋转增量 RPY=(0.000, 0.000, -0.100)deg
[15:57:11.340] [info] [ManualAdjust] 当前外参 [lidar_front→cam_left]:
[15:57:11.340] [info]   旋转 RPY: (45.8244, -81.6407, 43.9727) deg
[15:57:11.340] [info]   平移 XYZ: (0.0000, -0.0700, -0.3600) m
[15:57:11.371] [debug] [ManualAdjust] 旋转增量 RPY=(0.000, 0.000, -0.100)deg
[15:57:11.371] [info] [ManualAdjust] 当前外参 [lidar_front→cam_left]:
[15:57:11.371] [info]   旋转 RPY: (46.2945, -81.5687, 43.4974) deg
[15:57:11.371] [info]   平移 XYZ: (0.0000, -0.0700, -0.3600) m
[15:57:11.401] [debug] [ManualAdjust] 旋转增量 RPY=(0.000, 0.000, -0.100)deg
[15:57:11.401] [info] [ManualAdjust] 当前外参 [lidar_front→cam_left]:
[15:57:11.401] [info]   旋转 RPY: (46.7567, -81.4961, 43.0302) deg
[15:57:11.401] [info]   平移 XYZ: (0.0000, -0.0700, -0.3600) m
[15:57:11.431] [debug] [ManualAdjust] 旋转增量 RPY=(0.000, 0.000, -0.100)deg
[15:57:11.431] [info] [ManualAdjust] 当前外参 [lidar_front→cam_left]:
[15:57:11.431] [info]   旋转 RPY: (47.2110, -81.4230, 42.5708) deg
[15:57:11.431] [info]   平移 XYZ: (0.0000, -0.0700, -0.3600) m
[15:57:11.461] [debug] [ManualAdjust] 旋转增量 RPY=(0.000, 0.000, -0.100)deg
[15:57:11.461] [info] [ManualAdjust] 当前外参 [lidar_front→cam_left]:
[15:57:11.461] [info]   旋转 RPY: (47.6575, -81.3493, 42.1192) deg
[15:57:11.461] [info]   平移 XYZ: (0.0000, -0.0700, -0.3600) m
[15:57:11.491] [debug] [ManualAdjust] 旋转增量 RPY=(0.000, 0.000, -0.100)deg
[15:57:11.491] [info] [ManualAdjust] 当前外参 [lidar_front→cam_left]:
[15:57:11.491] [info]   旋转 RPY: (48.0965, -81.2752, 41.6751) deg
[15:57:11.491] [info]   平移 XYZ: (0.0000, -0.0700, -0.3600) m
[15:57:11.521] [debug] [ManualAdjust] 旋转增量 RPY=(0.000, 0.000, -0.100)deg
[15:57:11.521] [info] [ManualAdjust] 当前外参 [lidar_front→cam_left]:
[15:57:11.521] [info]   旋转 RPY: (48.5280, -81.2005, 41.2385) deg
[15:57:11.521] [info]   平移 XYZ: (0.0000, -0.0700, -0.3600) m
[15:57:11.551] [debug] [ManualAdjust] 旋转增量 RPY=(0.000, 0.000, -0.100)deg
[15:57:11.551] [info] [ManualAdjust] 当前外参 [lidar_front→cam_left]:
[15:57:11.551] [info]   旋转 RPY: (48.9521, -81.1253, 40.8092) deg
[15:57:11.551] [info]   平移 XYZ: (0.0000, -0.0700, -0.3600) m
[15:57:11.581] [debug] [ManualAdjust] 旋转增量 RPY=(0.000, 0.000, -0.100)deg
[15:57:11.581] [info] [ManualAdjust] 当前外参 [lidar_front→cam_left]:
[15:57:11.581] [info]   旋转 RPY: (49.3692, -81.0497, 40.3871) deg
[15:57:11.581] [info]   平移 XYZ: (0.0000, -0.0700, -0.3600) m
[15:57:11.615] [debug] [ManualAdjust] 旋转增量 RPY=(0.000, 0.000, -0.100)deg
[15:57:11.615] [info] [ManualAdjust] 当前外参 [lidar_front→cam_left]:
[15:57:11.615] [info]   旋转 RPY: (49.7791, -80.9735, 39.9721) deg
[15:57:11.615] [info]   平移 XYZ: (0.0000, -0.0700, -0.3600) m
[15:57:11.641] [debug] [ManualAdjust] 旋转增量 RPY=(0.000, 0.000, -0.100)deg
[15:57:11.641] [info] [ManualAdjust] 当前外参 [lidar_front→cam_left]:
[15:57:11.641] [info]   旋转 RPY: (50.1822, -80.8970, 39.5639) deg
[15:57:11.641] [info]   平移 XYZ: (0.0000, -0.0700, -0.3600) m
[15:57:11.672] [debug] [ManualAdjust] 旋转增量 RPY=(0.000, 0.000, -0.100)deg
[15:57:11.672] [info] [ManualAdjust] 当前外参 [lidar_front→cam_left]:
[15:57:11.672] [info]   旋转 RPY: (50.5785, -80.8199, 39.1626) deg
[15:57:11.672] [info]   平移 XYZ: (0.0000, -0.0700, -0.3600) m
[15:57:11.702] [debug] [ManualAdjust] 旋转增量 RPY=(0.000, 0.000, -0.100)deg
[15:57:11.702] [info] [ManualAdjust] 当前外参 [lidar_front→cam_left]:
[15:57:11.702] [info]   旋转 RPY: (50.9681, -80.7425, 38.7678) deg
[15:57:11.702] [info]   平移 XYZ: (0.0000, -0.0700, -0.3600) m
[15:57:11.732] [debug] [ManualAdjust] 旋转增量 RPY=(0.000, 0.000, -0.100)deg
[15:57:11.732] [info] [ManualAdjust] 当前外参 [lidar_front→cam_left]:
[15:57:11.732] [info]   旋转 RPY: (51.3512, -80.6646, 38.3796) deg
[15:57:11.732] [info]   平移 XYZ: (0.0000, -0.0700, -0.3600) m
[15:57:11.762] [debug] [ManualAdjust] 旋转增量 RPY=(0.000, 0.000, -0.100)deg
[15:57:11.762] [info] [ManualAdjust] 当前外参 [lidar_front→cam_left]:
[15:57:11.762] [info]   旋转 RPY: (51.7280, -80.5863, 37.9977) deg
[15:57:11.762] [info]   平移 XYZ: (0.0000, -0.0700, -0.3600) m
[15:57:11.792] [debug] [ManualAdjust] 旋转增量 RPY=(0.000, 0.000, -0.100)deg
[15:57:11.792] [info] [ManualAdjust] 当前外参 [lidar_front→cam_left]:
[15:57:11.792] [info]   旋转 RPY: (52.0984, -80.5076, 37.6222) deg
[15:57:11.792] [info]   平移 XYZ: (0.0000, -0.0700, -0.3600) m
[15:57:11.822] [debug] [ManualAdjust] 旋转增量 RPY=(0.000, 0.000, -0.100)deg
[15:57:11.822] [info] [ManualAdjust] 当前外参 [lidar_front→cam_left]:
[15:57:11.822] [info]   旋转 RPY: (52.4628, -80.4285, 37.2527) deg
[15:57:11.822] [info]   平移 XYZ: (0.0000, -0.0700, -0.3600) m
[15:57:11.852] [debug] [ManualAdjust] 旋转增量 RPY=(0.000, 0.000, -0.100)deg
[15:57:11.852] [info] [ManualAdjust] 当前外参 [lidar_front→cam_left]:
[15:57:11.852] [info]   旋转 RPY: (52.8211, -80.3490, 36.8893) deg
[15:57:11.852] [info]   平移 XYZ: (0.0000, -0.0700, -0.3600) m
[15:57:11.883] [debug] [ManualAdjust] 旋转增量 RPY=(0.000, 0.000, -0.100)deg
[15:57:11.883] [info] [ManualAdjust] 当前外参 [lidar_front→cam_left]:
[15:57:11.883] [info]   旋转 RPY: (53.1735, -80.2691, 36.5318) deg
[15:57:11.883] [info]   平移 XYZ: (0.0000, -0.0700, -0.3600) m
[15:57:11.913] [debug] [ManualAdjust] 旋转增量 RPY=(0.000, 0.000, -0.100)deg
[15:57:11.914] [info] [ManualAdjust] 当前外参 [lidar_front→cam_left]:
[15:57:11.914] [info]   旋转 RPY: (53.5202, -80.1889, 36.1800) deg
[15:57:11.914] [info]   平移 XYZ: (0.0000, -0.0700, -0.3600) m
[15:57:11.948] [debug] [ManualAdjust] 旋转增量 RPY=(0.000, 0.000, -0.100)deg
[15:57:11.948] [info] [ManualAdjust] 当前外参 [lidar_front→cam_left]:
[15:57:11.948] [info]   旋转 RPY: (53.8612, -80.1083, 35.8339) deg
[15:57:11.948] [info]   平移 XYZ: (0.0000, -0.0700, -0.3600) m
[15:57:11.974] [debug] [ManualAdjust] 旋转增量 RPY=(0.000, 0.000, -0.100)deg
[15:57:11.974] [info] [ManualAdjust] 当前外参 [lidar_front→cam_left]:
[15:57:11.974] [info]   旋转 RPY: (54.1966, -80.0274, 35.4934) deg
[15:57:11.974] [info]   平移 XYZ: (0.0000, -0.0700, -0.3600) m
[15:57:12.004] [debug] [ManualAdjust] 旋转增量 RPY=(0.000, 0.000, -0.100)deg
[15:57:12.004] [info] [ManualAdjust] 当前外参 [lidar_front→cam_left]:
[15:57:12.004] [info]   旋转 RPY: (54.5266, -79.9461, 35.1583) deg
[15:57:12.004] [info]   平移 XYZ: (0.0000, -0.0700, -0.3600) m
[15:57:12.034] [debug] [ManualAdjust] 旋转增量 RPY=(0.000, 0.000, -0.100)deg
[15:57:12.034] [info] [ManualAdjust] 当前外参 [lidar_front→cam_left]:
[15:57:12.034] [info]   旋转 RPY: (54.8513, -79.8645, 34.8285) deg
[15:57:12.034] [info]   平移 XYZ: (0.0000, -0.0700, -0.3600) m
[15:57:12.065] [debug] [ManualAdjust] 旋转增量 RPY=(0.000, 0.000, -0.100)deg
[15:57:12.065] [info] [ManualAdjust] 当前外参 [lidar_front→cam_left]:
[15:57:12.065] [info]   旋转 RPY: (55.1708, -79.7826, 34.5039) deg
[15:57:12.065] [info]   平移 XYZ: (0.0000, -0.0700, -0.3600) m
[15:57:12.095] [debug] [ManualAdjust] 旋转增量 RPY=(0.000, 0.000, -0.100)deg
[15:57:12.095] [info] [ManualAdjust] 当前外参 [lidar_front→cam_left]:
[15:57:12.095] [info]   旋转 RPY: (55.4851, -79.7003, 34.1845) deg
[15:57:12.095] [info]   平移 XYZ: (0.0000, -0.0700, -0.3600) m
[15:57:12.125] [debug] [ManualAdjust] 旋转增量 RPY=(0.000, 0.000, -0.100)deg
[15:57:12.125] [info] [ManualAdjust] 当前外参 [lidar_front→cam_left]:
[15:57:12.125] [info]   旋转 RPY: (55.7944, -79.6178, 33.8701) deg
[15:57:12.125] [info]   平移 XYZ: (0.0000, -0.0700, -0.3600) m
[15:57:12.156] [debug] [ManualAdjust] 旋转增量 RPY=(0.000, 0.000, -0.100)deg
[15:57:12.156] [info] [ManualAdjust] 当前外参 [lidar_front→cam_left]:
[15:57:12.156] [info]   旋转 RPY: (56.0988, -79.5349, 33.5606) deg
[15:57:12.156] [info]   平移 XYZ: (0.0000, -0.0700, -0.3600) m
[15:57:12.186] [debug] [ManualAdjust] 旋转增量 RPY=(0.000, 0.000, -0.100)deg
[15:57:12.186] [info] [ManualAdjust] 当前外参 [lidar_front→cam_left]:
[15:57:12.186] [info]   旋转 RPY: (56.3984, -79.4518, 33.2559) deg
[15:57:12.186] [info]   平移 XYZ: (0.0000, -0.0700, -0.3600) m
[15:57:12.218] [debug] [ManualAdjust] 旋转增量 RPY=(0.000, 0.000, -0.100)deg
[15:57:12.218] [info] [ManualAdjust] 当前外参 [lidar_front→cam_left]:
[15:57:12.218] [info]   旋转 RPY: (56.6932, -79.3683, 32.9559) deg
[15:57:12.218] [info]   平移 XYZ: (0.0000, -0.0700, -0.3600) m
[15:57:12.248] [debug] [ManualAdjust] 旋转增量 RPY=(0.000, 0.000, -0.100)deg
[15:57:12.248] [info] [ManualAdjust] 当前外参 [lidar_front→cam_left]:
[15:57:12.248] [info]   旋转 RPY: (56.9834, -79.2846, 32.6606) deg
[15:57:12.248] [info]   平移 XYZ: (0.0000, -0.0700, -0.3600) m
[15:57:12.281] [debug] [ManualAdjust] 旋转增量 RPY=(0.000, 0.000, -0.100)deg
[15:57:12.281] [info] [ManualAdjust] 当前外参 [lidar_front→cam_left]:
[15:57:12.281] [info]   旋转 RPY: (57.2691, -79.2006, 32.3698) deg
[15:57:12.281] [info]   平移 XYZ: (0.0000, -0.0700, -0.3600) m
[15:57:12.309] [debug] [ManualAdjust] 旋转增量 RPY=(0.000, 0.000, -0.100)deg
[15:57:12.309] [info] [ManualAdjust] 当前外参 [lidar_front→cam_left]:
[15:57:12.309] [info]   旋转 RPY: (57.5504, -79.1164, 32.0834) deg
[15:57:12.309] [info]   平移 XYZ: (0.0000, -0.0700, -0.3600) m
[15:57:12.339] [debug] [ManualAdjust] 旋转增量 RPY=(0.000, 0.000, -0.100)deg
[15:57:12.339] [info] [ManualAdjust] 当前外参 [lidar_front→cam_left]:
[15:57:12.339] [info]   旋转 RPY: (57.8273, -79.0319, 31.8014) deg
[15:57:12.339] [info]   平移 XYZ: (0.0000, -0.0700, -0.3600) m
[15:57:12.369] [debug] [ManualAdjust] 旋转增量 RPY=(0.000, 0.000, -0.100)deg
[15:57:12.369] [info] [ManualAdjust] 当前外参 [lidar_front→cam_left]:
[15:57:12.369] [info]   旋转 RPY: (58.0999, -78.9471, 31.5237) deg
[15:57:12.369] [info]   平移 XYZ: (0.0000, -0.0700, -0.3600) m
[15:57:12.399] [debug] [ManualAdjust] 旋转增量 RPY=(0.000, 0.000, -0.100)deg
[15:57:12.399] [info] [ManualAdjust] 当前外参 [lidar_front→cam_left]:
[15:57:12.399] [info]   旋转 RPY: (58.3684, -78.8621, 31.2501) deg
[15:57:12.399] [info]   平移 XYZ: (0.0000, -0.0700, -0.3600) m
[15:57:12.429] [debug] [ManualAdjust] 旋转增量 RPY=(0.000, 0.000, -0.100)deg
[15:57:12.429] [info] [ManualAdjust] 当前外参 [lidar_front→cam_left]:
[15:57:12.429] [info]   旋转 RPY: (58.6327, -78.7768, 30.9806) deg
[15:57:12.429] [info]   平移 XYZ: (0.0000, -0.0700, -0.3600) m
[15:57:12.459] [debug] [ManualAdjust] 旋转增量 RPY=(0.000, 0.000, -0.100)deg
[15:57:12.459] [info] [ManualAdjust] 当前外参 [lidar_front→cam_left]:
[15:57:12.459] [info]   旋转 RPY: (58.8930, -78.6913, 30.7152) deg
[15:57:12.459] [info]   平移 XYZ: (0.0000, -0.0700, -0.3600) m
[15:57:12.489] [debug] [ManualAdjust] 旋转增量 RPY=(0.000, 0.000, -0.100)deg
[15:57:12.489] [info] [ManualAdjust] 当前外参 [lidar_front→cam_left]:
[15:57:12.489] [info]   旋转 RPY: (59.1494, -78.6056, 30.4537) deg
[15:57:12.489] [info]   平移 XYZ: (0.0000, -0.0700, -0.3600) m
[15:57:12.520] [debug] [ManualAdjust] 旋转增量 RPY=(0.000, 0.000, -0.100)deg
[15:57:12.520] [info] [ManualAdjust] 当前外参 [lidar_front→cam_left]:
[15:57:12.520] [info]   旋转 RPY: (59.4020, -78.5196, 30.1960) deg
[15:57:12.520] [info]   平移 XYZ: (0.0000, -0.0700, -0.3600) m
[15:57:12.550] [debug] [ManualAdjust] 旋转增量 RPY=(0.000, 0.000, -0.100)deg
[15:57:12.550] [info] [ManualAdjust] 当前外参 [lidar_front→cam_left]:
[15:57:12.550] [info]   旋转 RPY: (59.6507, -78.4334, 29.9422) deg
[15:57:12.550] [info]   平移 XYZ: (0.0000, -0.0700, -0.3600) m
[15:57:12.581] [debug] [ManualAdjust] 旋转增量 RPY=(0.000, 0.000, -0.100)deg
[15:57:12.581] [info] [ManualAdjust] 当前外参 [lidar_front→cam_left]:
[15:57:12.581] [info]   旋转 RPY: (59.8957, -78.3470, 29.6920) deg
[15:57:12.581] [info]   平移 XYZ: (0.0000, -0.0700, -0.3600) m
[15:57:12.614] [debug] [ManualAdjust] 旋转增量 RPY=(0.000, 0.000, -0.100)deg
[15:57:12.614] [info] [ManualAdjust] 当前外参 [lidar_front→cam_left]:
[15:57:12.614] [info]   旋转 RPY: (60.1371, -78.2604, 29.4455) deg
[15:57:12.614] [info]   平移 XYZ: (0.0000, -0.0700, -0.3600) m
[15:57:12.641] [debug] [ManualAdjust] 旋转增量 RPY=(0.000, 0.000, -0.100)deg
[15:57:12.642] [info] [ManualAdjust] 当前外参 [lidar_front→cam_left]:
[15:57:12.642] [info]   旋转 RPY: (60.3750, -78.1736, 29.2026) deg
[15:57:12.642] [info]   平移 XYZ: (0.0000, -0.0700, -0.3600) m
[15:57:12.671] [debug] [ManualAdjust] 旋转增量 RPY=(0.000, 0.000, -0.100)deg
[15:57:12.672] [info] [ManualAdjust] 当前外参 [lidar_front→cam_left]:
[15:57:12.672] [info]   旋转 RPY: (60.6093, -78.0865, 28.9631) deg
[15:57:12.672] [info]   平移 XYZ: (0.0000, -0.0700, -0.3600) m
[15:57:12.702] [debug] [ManualAdjust] 旋转增量 RPY=(0.000, 0.000, -0.100)deg
[15:57:12.702] [info] [ManualAdjust] 当前外参 [lidar_front→cam_left]:
[15:57:12.702] [info]   旋转 RPY: (60.8402, -77.9993, 28.7271) deg
[15:57:12.702] [info]   平移 XYZ: (0.0000, -0.0700, -0.3600) m
[15:57:12.732] [debug] [ManualAdjust] 旋转增量 RPY=(0.000, 0.000, -0.100)deg
[15:57:12.732] [info] [ManualAdjust] 当前外参 [lidar_front→cam_left]:
[15:57:12.732] [info]   旋转 RPY: (61.0678, -77.9119, 28.4944) deg
[15:57:12.732] [info]   平移 XYZ: (0.0000, -0.0700, -0.3600) m
[15:57:12.762] [debug] [ManualAdjust] 旋转增量 RPY=(0.000, 0.000, -0.100)deg
[15:57:12.762] [info] [ManualAdjust] 当前外参 [lidar_front→cam_left]:
[15:57:12.762] [info]   旋转 RPY: (61.2920, -77.8243, 28.2650) deg
[15:57:12.762] [info]   平移 XYZ: (0.0000, -0.0700, -0.3600) m
[15:57:12.792] [debug] [ManualAdjust] 旋转增量 RPY=(0.000, 0.000, -0.100)deg
[15:57:12.792] [info] [ManualAdjust] 当前外参 [lidar_front→cam_left]:
[15:57:12.792] [info]   旋转 RPY: (61.5130, -77.7365, 28.0389) deg
[15:57:12.792] [info]   平移 XYZ: (0.0000, -0.0700, -0.3600) m
[15:57:12.822] [debug] [ManualAdjust] 旋转增量 RPY=(0.000, 0.000, -0.100)deg
[15:57:12.822] [info] [ManualAdjust] 当前外参 [lidar_front→cam_left]:
[15:57:12.822] [info]   旋转 RPY: (61.7309, -77.6485, 27.8159) deg
[15:57:12.822] [info]   平移 XYZ: (0.0000, -0.0700, -0.3600) m
[15:57:12.852] [debug] [ManualAdjust] 旋转增量 RPY=(0.000, 0.000, -0.100)deg
[15:57:12.852] [info] [ManualAdjust] 当前外参 [lidar_front→cam_left]:
[15:57:12.852] [info]   旋转 RPY: (61.9456, -77.5603, 27.5960) deg
[15:57:12.852] [info]   平移 XYZ: (0.0000, -0.0700, -0.3600) m
[15:57:12.882] [debug] [ManualAdjust] 旋转增量 RPY=(0.000, 0.000, -0.100)deg
[15:57:12.882] [info] [ManualAdjust] 当前外参 [lidar_front→cam_left]:
[15:57:12.882] [info]   旋转 RPY: (62.1573, -77.4720, 27.3792) deg
[15:57:12.882] [info]   平移 XYZ: (0.0000, -0.0700, -0.3600) m
[15:57:12.914] [debug] [ManualAdjust] 旋转增量 RPY=(0.000, 0.000, -0.100)deg
[15:57:12.914] [info] [ManualAdjust] 当前外参 [lidar_front→cam_left]:
[15:57:12.914] [info]   旋转 RPY: (62.3660, -77.3835, 27.1654) deg
[15:57:12.914] [info]   平移 XYZ: (0.0000, -0.0700, -0.3600) m
[15:57:18.457] [info] [ManualSession] 用户取消，保留自动标定结果
[15:57:18.458] [debug] [ManualSession] 事件: lidar_cam_end | final_rms=0.000000
[15:57:18.458] [info] [ManualSession] 会话已保存: ./results/manual_sessions/session_2026-04-24_15-56-27.yaml
[15:57:18.458] [info] ━━━━━━━━━━━━━━━━━━━━━━━━━━━━━━━━━━━━━━━━━
[15:57:18.458] [info] ■ 结束阶段: [Manual-Refine] 任务: [lidar_cam_extrin]
[15:57:18.458] [info]   结果: ✓ 成功 | 残差RMS: 0.0000 | 耗时: 50792 ms
[15:57:18.458] [info]   消息: LiDAR-Camera 手动调整完成
[15:57:18.459] [info] [CALC] 阶段结束 stage=Manual-Refine task=lidar_cam_extrin success=true residual_rms=0.000000 elapsed_ms=50792.1 threshold=-1.0000
[15:57:18.459] [info] ━━━━━━━━━━━━━━━━━━━━━━━━━━━━━━━━━━━━━━━━━
[15:57:18.459] [info] ====== Pipeline Report: pipeline_20260424_155627 ======
[15:57:18.459] [info]   Total time: 51319.3 ms
[15:57:18.459] [info]   All stages succeeded: YES
[15:57:18.459] [info]   标定质量: 各阶段 RMS 均在阈值内
[15:57:18.459] [info]   [Coarse-AI-lidar_cam_extrin] success=true rms=0.0000 time=0.0ms: 使用配置 initial_extrinsic 作为粗标定结果，精标定将以此起步
[15:57:18.459] [info]   [Fine-Auto-lidar_cam_extrin] success=true rms=0.0000 time=527.3ms: LiDAR-Camera 精标定完成: 1 个相机, 最大 RMS=0.000000 px
[15:57:18.459] [info]   [Manual-Refine-lidar_cam_extrin] success=true rms=0.0000 time=50792.1ms: LiDAR-Camera 手动调整完成

╔══════════════════════════════════════════════════════╗
║              标定参数汇总                            ║
╠══════════════════════════════════════════════════════╣
║ 外参:
║   lidar_front->cam_left:
║     R(RPY°): [-32.25, -83.12, 122.54]
║     T(m):    [0.00, -0.07, -0.36]
║     时偏(s): 0.00
║     RMS:     0.00 ✗
╚══════════════════════════════════════════════════════╝

[15:57:18.459] [info] ================================
[15:57:18.459] [info] Pipeline report saved: ./results/pipeline_report_20260424_155627.yaml
[15:57:18.459] [info] ====== Pipeline Report: pipeline_20260424_155627 ======
[15:57:18.459] [info]   Total time: 51319.3 ms
[15:57:18.459] [info]   All stages succeeded: YES
[15:57:18.460] [info]   标定质量: 各阶段 RMS 均在阈值内
[15:57:18.460] [info]   [Coarse-AI-lidar_cam_extrin] success=true rms=0.0000 time=0.0ms: 使用配置 initial_extrinsic 作为粗标定结果，精标定将以此起步
[15:57:18.460] [info]   [Fine-Auto-lidar_cam_extrin] success=true rms=0.0000 time=527.3ms: LiDAR-Camera 精标定完成: 1 个相机, 最大 RMS=0.000000 px
[15:57:18.460] [info]   [Manual-Refine-lidar_cam_extrin] success=true rms=0.0000 time=50792.1ms: LiDAR-Camera 手动调整完成

╔══════════════════════════════════════════════════════╗
║              标定参数汇总                            ║
╠══════════════════════════════════════════════════════╣
║ 外参:
║   lidar_front->cam_left:
║     R(RPY°): [-32.25, -83.12, 122.54]
║     T(m):    [0.00, -0.07, -0.36]
║     时偏(s): 0.00
║     RMS:     0.00 ✗
╚══════════════════════════════════════════════════════╝

[15:57:18.460] [info] ================================
[15:57:18.460] [info] ━━━━━━━━━━━━━━━━━━━━━━━━━━━━━━━━━━━━
[15:57:18.460] [info] LiDAR-Camera 标定流程完成
[15:57:18.460] [info] 结果目录: ./results
[15:57:18.460] [info] 标定流程正常退出 exit_code=0
[15:57:18.460] [info] ━━━━━━━━━━━━━━━━━━━━━━━━━━━━━━━━━━━━
