
 ╔═══════════════════════════════════════════════════════╗
 ║   UniCalib — LiDAR-Camera 外参标定                    ║
 ║   两阶段: AI粗标定(MIAS-LCEC) → 无目标边缘精标定      ║
 ║   手动校准: --manual 触发 6-DOF 交互式调整             ║
 ╚═══════════════════════════════════════════════════════╝

[2026-04-23 15:54:43.565] [info] [LiDAR-Camera] [:] ━━━━━━━━━━━━━━━━━━━━━━━━━━━━━━━━━━━━
[2026-04-23 15:54:43.565] [info] [LiDAR-Camera] [:] 配置文件: /root/calib_ws/calib_unified/config/unicalib_example.yaml
[2026-04-23 15:54:43.565] [info] [LiDAR-Camera] [:] 输出目录: /root/calib_ws/results
[2026-04-23 15:54:43.565] [info] [LiDAR-Camera] [:] 数据根目录: /root/calib_ws/data (--data-dir 或 CALIB_DATA_DIR)
[2026-04-23 15:54:43.565] [info] [LiDAR-Camera] [:] 精标定方法: edge (无目标优先=true)
[2026-04-23 15:54:43.565] [info] [LiDAR-Camera] [:] AI粗标定: true | 手动校准: true
[2026-04-23 15:54:43.565] [info] [LiDAR-Camera] [:] ━━━━━━━━━━━━━━━━━━━━━━━━━━━━━━━━━━━━
[2026-04-23 15:54:43.568] [info] [LiDAR-Camera] [:] 读取系统配置: /root/calib_ws/calib_unified/config/unicalib_example.yaml
[2026-04-23 15:54:43.571] [info] [LiDAR-Camera] [:]   IMU: 1, LiDAR: 2, Camera: 2
[2026-04-23 15:54:43.571] [info] [LiDAR-Camera] [:] ━━━━━━━━━━━━━━━━━━━━━━━━━━━━━━━━━━━━ [数据路径] ━━━━━━━━━━━━━━━━━━━━━━━━━━━━━
[2026-04-23 15:54:43.571] [info] [LiDAR-Camera] [:]   数据路径来源: 统一格式 (data.lidar.<id> / data.camera.<id>.images_dir)
[2026-04-23 15:54:43.571] [info] [LiDAR-Camera] [:]   配置原始值 — lidar:  nya_02_slam_imu_to_lidar/lidar_horz.yaml
[2026-04-23 15:54:43.571] [info] [LiDAR-Camera] [:]   配置原始值 — camera: lidar_camera_calibration-master/calibration_data/camera_calibration
[2026-04-23 15:54:43.571] [info] [LiDAR-Camera] [:]   base_data_dir:  /root/calib_ws/data
[2026-04-23 15:54:43.571] [info] [LiDAR-Camera] [:]   base 来源: 命令行 --data-dir
[2026-04-23 15:54:43.571] [info] [LiDAR-Camera] [:]   lidar_dir:      /root/calib_ws/data/nya_02_slam_imu_to_lidar/lidar_horz.yaml
[2026-04-23 15:54:43.571] [info] [LiDAR-Camera] [:]     → 相对路径，已与 base 拼接
[2026-04-23 15:54:43.571] [info] [LiDAR-Camera] [:]     → 存在: 是
[2026-04-23 15:54:43.571] [info] [LiDAR-Camera] [:]   camera_dir:     /root/calib_ws/data/lidar_camera_calibration-master/calibration_data/camera_calibration
[2026-04-23 15:54:43.571] [info] [LiDAR-Camera] [:]     → 相对路径，已与 base 拼接
[2026-04-23 15:54:43.571] [info] [LiDAR-Camera] [:]     → 存在: 是
[2026-04-23 15:54:43.571] [info] [LiDAR-Camera] [:]   【数据就绪】是 — 点云与图像目录均存在，将执行精标定
[2026-04-23 15:54:43.571] [info] [LiDAR-Camera] [:]   说明: 使用 --dataset 时请将 data.lidar/data.camera 设为相对 base 的路径（如 pcd、images），不要使用 /path/to/... 占位符
[2026-04-23 15:54:43.571] [info] [LiDAR-Camera] [:] ━━━━━━━━━━━━━━━━━━━━━━━━━━━━━━━━━━━━━━━━━━━━━━━━━━━━━━━━━━━━━━━━━━━━━━━━━━━━
[2026-04-23 15:54:43.571] [info] [LiDAR-Camera] [:] [LiDAR-Cam] use_config_extrinsic_only=true：跳过 AI 粗标定，将使用配置 initial_extrinsic 直接进入精标定/手动微调
[2026-04-23 15:54:43.571] [info] [LiDAR-Camera] [:] 读取系统配置: /root/calib_ws/calib_unified/config/unicalib_example.yaml
[2026-04-23 15:54:43.574] [info] [LiDAR-Camera] [:]   IMU: 1, LiDAR: 2, Camera: 2
[2026-04-23 15:54:43.574] [info] [LiDAR-Camera] [:] 读取系统配置: /root/calib_ws/calib_unified/config/unicalib_example.yaml
[2026-04-23 15:54:43.577] [info] [LiDAR-Camera] [:]   IMU: 1, LiDAR: 2, Camera: 2
[2026-04-23 15:54:43.577] [info] [LiDAR-Camera] [:] 配置: 使用 ROS2 bag 模式（离线标定）
[2026-04-23 15:54:43.577] [info] [LiDAR-Camera] [:]   Bag 路径: /root/calib_ws/data/nya_02_slam_imu_to_lidar/nya_02_ros2
[2026-04-23 15:54:43.577] [info] [LiDAR-Camera] [:]   LiDAR 话题: /os1_cloud_node1/points
[2026-04-23 15:54:43.577] [info] [LiDAR-Camera] [:]   相机话题: /left/image_raw
[2026-04-23 15:54:43.577] [info] [LiDAR-Camera] [:]   IMU 话题: /imu/imu
[2026-04-23 15:54:43.578] [info] [LiDAR-Camera] [:] [数据源] 类型=ROS2_BAG  path=/root/calib_ws/data/nya_02_slam_imu_to_lidar/nya_02_ros2  lidar_topic=/os1_cloud_node1/points  camera_topic=/left/image_raw
[2026-04-23 15:54:43.578] [info] [LiDAR-Camera] [:]   内参将从相机标定结果读取: ./results/camera_intrinsic/camera_intrinsic_cam_left.yaml (camera_id=cam_left)
[2026-04-23 15:54:43.578] [info] [LiDAR-Camera] [:]   内参将从相机标定结果读取: ./results/camera_intrinsic/camera_intrinsic_cam_right.yaml (camera_id=cam_right)
[2026-04-23 15:54:43.578] [info] [LiDAR-Camera] [:] [CalibPipeline] 初始化 ID=pipeline_20260423_155443
[2026-04-23 15:54:43.578] [info] [LiDAR-Camera] [:] [CalibPipeline] 输出目录: ./results
[2026-04-23 15:54:43.578] [info] [LiDAR-Camera] [:] [CalibPipeline] 无目标优先: true
[2026-04-23 15:54:43.578] [info] [LiDAR-Camera] [:] [CalibPipeline] 任务掩码: 0x10
[2026-04-23 15:54:43.578] [info] [LiDAR-Camera] [:] ▶ Stage 2: 精标定 (方法=edge)
[2026-04-23 15:54:43.578] [info] [LiDAR-Camera] [:] ▶ Stage 3: 手动校准 (manual_threshold=2.00px)
[2026-04-23 15:54:43.578] [info] [LiDAR-Camera] [:]   使用 ManualCalibSession 进行 6-DOF 交互式调整
[2026-04-23 15:54:43.578] [info] [LiDAR-Camera] [:]   调用示例:
[2026-04-23 15:54:43.578] [info] [LiDAR-Camera] [:]     ManualCalibSession::SessionConfig sess_cfg;
[2026-04-23 15:54:43.578] [info] [LiDAR-Camera] [:]     sess_cfg.save_dir = "./results/manual_sessions";
[2026-04-23 15:54:43.578] [info] [LiDAR-Camera] [:]     ManualCalibSession session(sess_cfg);
[2026-04-23 15:54:43.578] [info] [LiDAR-Camera] [:]     auto result = session.run_lidar_cam(scan, image, intrin, auto_result, auto_rms);
[2026-04-23 15:54:43.579] [info] [LiDAR-Camera] [:] 
[2026-04-23 15:54:43.579] [info] [LiDAR-Camera] [:] ╔═══════════════════════════════════════════════╗
[2026-04-23 15:54:43.579] [info] [LiDAR-Camera] [:] ║   UniCalib 两阶段标定流水线 — 开始            ║
[2026-04-23 15:54:43.579] [info] [LiDAR-Camera] [:] ║   Pipeline ID: pipeline_20260423_155443       ║
[2026-04-23 15:54:43.579] [info] [LiDAR-Camera] [:] ╚═══════════════════════════════════════════════╝
[2026-04-23 15:54:43.579] [info] [LiDAR-Camera] [:] [Coarse-AI/LiDAR-Cam] enable_coarse_lidar_cam=true → do_coarse=true
[15:54:43.579] [info] 
[15:54:43.579] [info] ━━━━━━━━━━━━━━━━━━━━━━━━━━━━━━━━━━━━━━━━━
[15:54:43.579] [info] ▶ 开始阶段: [Coarse-AI] 任务: [lidar_cam_extrin]
[15:54:43.579] [info]   描述: AI模型提供初始估计值
[15:54:43.579] [info] ━━━━━━━━━━━━━━━━━━━━━━━━━━━━━━━━━━━━━━━━━
[15:54:43.579] [info] [CALC] 粗标定阶段开始 task=lidar_cam_extrin
[15:54:43.579] [info] [Coarse-AI/LiDAR-Cam] 使用配置粗标定初值作为粗标定结果 t=[0.123,0.040,-0.058]m，精标定将以此起步
[15:54:43.579] [info] ━━━━━━━━━━━━━━━━━━━━━━━━━━━━━━━━━━━━━━━━━
[15:54:43.579] [info] ■ 结束阶段: [Coarse-AI] 任务: [lidar_cam_extrin]
[15:54:43.579] [info]   结果: ✓ 成功 | 残差RMS: 0.0000 | 耗时: 0 ms
[15:54:43.579] [info]   消息: 使用配置 initial_extrinsic 作为粗标定结果，精标定将以此起步
[15:54:43.579] [info] [CALC] 阶段结束 stage=Coarse-AI task=lidar_cam_extrin success=true residual_rms=0.000000 elapsed_ms=0.0 threshold=-1.0000
[15:54:43.579] [info] ━━━━━━━━━━━━━━━━━━━━━━━━━━━━━━━━━━━━━━━━━
[15:54:43.579] [info] 
[15:54:43.579] [info] ━━━━━━━━━━━━━━━━━━━━━━━━━━━━━━━━━━━━━━━━━
[15:54:43.579] [info] ▶ 开始阶段: [Fine-Auto] 任务: [lidar_cam_extrin]
[15:54:43.579] [info]   描述: 无目标优化
[15:54:43.579] [info] ━━━━━━━━━━━━━━━━━━━━━━━━━━━━━━━━━━━━━━━━━
[15:54:43.579] [info] [CALC] 精标定阶段开始 task=lidar_cam_extrin
[15:54:43.579] [info] [Fine-Auto] 任务: lidar_cam_extrin | 无目标优先: true
[15:54:43.579] [info] [Fine-Auto] 方法: 边缘对齐互信息 (EDGE_ALIGNMENT, 无目标)
[15:54:43.579] [info] [STAGE=lidar_cam_fine_auto] LiDAR-Camera 精标定 开始
[15:54:43.579] [info] [Fine-Auto/LiDAR-Cam] 开始执行精标定...
[15:54:43.579] [info]   [精标定数据源] 类型=ROS2_BAG  lidar_id=lidar_front
[15:54:43.579] [info]   ROS2 Bag: /root/calib_ws/data/nya_02_slam_imu_to_lidar/nya_02_ros2  LiDAR 话题: /os1_cloud_node1/points  相机话题: /left/image_raw
[15:54:43.579] [info] [Fine-Auto/LiDAR-Cam] 从 ROS2 加载数据...
[15:54:43.580] [info] [UnifiedDataLoader] 从 ROS2 加载数据...
[15:54:43.580] [info]   Bag 文件: /root/calib_ws/data/nya_02_slam_imu_to_lidar/nya_02_ros2
[15:54:43.580] [info]   实时模式: false
[15:54:43.580] [info] [Ros2BagDataSource] 打开 bag 文件: /root/calib_ws/data/nya_02_slam_imu_to_lidar/nya_02_ros2
[15:54:43.580] [info] [Ros2BagDataSource] 正在读取 metadata.yaml: /root/calib_ws/data/nya_02_slam_imu_to_lidar/nya_02_ros2/metadata.yaml
[15:54:43.581] [debug] [Ros2BagDataSource] 找到话题: /dji_sdk/imu (类型: sensor_msgs/msg/Imu, 消息数: 171462)
[15:54:43.581] [debug] [Ros2BagDataSource] 找到话题: /dji_sdk/attitude (类型: geometry_msgs/msg/QuaternionStamped, 消息数: 42866)
[15:54:43.581] [debug] [Ros2BagDataSource] 找到话题: /os1_cloud_node2/imu (类型: sensor_msgs/msg/Imu, 消息数: 42862)
[15:54:43.581] [debug] [Ros2BagDataSource] 找到话题: /os1_cloud_node1/imu (类型: sensor_msgs/msg/Imu, 消息数: 42862)
[15:54:43.581] [debug] [Ros2BagDataSource] 找到话题: /imu/imu (类型: sensor_msgs/msg/Imu, 消息数: 166428)
[15:54:43.581] [debug] [Ros2BagDataSource] 找到话题: /imu/magnetic_field (类型: sensor_msgs/msg/MagneticField, 消息数: 166428)
[15:54:43.581] [debug] [Ros2BagDataSource] 找到话题: /imu/temperature (类型: sensor_msgs/msg/Temperature, 消息数: 166428)
[15:54:43.581] [debug] [Ros2BagDataSource] 找到话题: /dji_sdk/gps_position (类型: sensor_msgs/msg/NavSatFix, 消息数: 21433)
[15:54:43.581] [debug] [Ros2BagDataSource] 找到话题: /dji_sdk/height_above_takeoff (类型: std_msgs/msg/Float32, 消息数: 21433)
[15:54:43.581] [debug] [Ros2BagDataSource] 找到话题: /dji_sdk/gps_health (类型: std_msgs/msg/UInt8, 消息数: 21433)
[15:54:43.581] [debug] [Ros2BagDataSource] 找到话题: /uwb_endorange_info (类型: uwb_driver/msg/UwbRange, 消息数: 25172)
[15:54:43.581] [debug] [Ros2BagDataSource] 找到话题: /left/image_raw (类型: sensor_msgs/msg/Image, 消息数: 4285)
[15:54:43.581] [debug] [Ros2BagDataSource] 找到话题: /right/image_raw (类型: sensor_msgs/msg/Image, 消息数: 4285)
[15:54:43.581] [debug] [Ros2BagDataSource] 找到话题: /os1_cloud_node1/points (类型: sensor_msgs/msg/PointCloud2, 消息数: 4287)
[15:54:43.581] [debug] [Ros2BagDataSource] 找到话题: /os1_cloud_node2/points (类型: sensor_msgs/msg/PointCloud2, 消息数: 4286)
[15:54:43.581] [debug] [Ros2BagDataSource] 找到话题: /uwb_exorange_info (类型: uwb_driver/msg/UwbEcho, 消息数: 2437)
[15:54:43.581] [debug] [Ros2BagDataSource] 找到话题: /node_pos_marker_sc (类型: visualization_msgs/msg/Marker, 消息数: 2437)
[15:54:43.581] [debug] [Ros2BagDataSource] 找到话题: /node_pos_sc (类型: nav_msgs/msg/Path, 消息数: 2437)
[15:54:43.581] [debug] [Ros2BagDataSource] 找到话题: /leica/pose/relative (类型: geometry_msgs/msg/PoseStamped, 消息数: 7679)
[15:54:43.581] [info] [Ros2BagDataSource] 使用配置的 LiDAR 话题: /os1_cloud_node1/points
[15:54:43.581] [info] [Ros2BagDataSource] 使用配置的相机话题: /left/image_raw
[15:54:43.581] [info] [Ros2BagDataSource] 使用配置的 IMU 话题: /imu/imu
[INFO] [1776930883.591167122] [rosbag2_storage]: Opened database '/root/calib_ws/data/nya_02_slam_imu_to_lidar/nya_02_ros2/nya_02_ros2.db3' for READ_ONLY.
[15:54:43.591] [info] [Ros2BagDataSource] Bag 已打开，开始读取消息...
[15:54:43.591] [info] [Ros2BagDataSource] 找到 19 个话题
[15:54:43.591] [info] [Ros2BagDataSource]  话题: /dji_sdk/imu  类型: sensor_msgs/msg/Imu  消息数: 171462
[15:54:43.591] [info] [Ros2BagDataSource]  话题: /dji_sdk/attitude  类型: geometry_msgs/msg/QuaternionStamped  消息数: 42866
[15:54:43.591] [info] [Ros2BagDataSource]  话题: /os1_cloud_node2/imu  类型: sensor_msgs/msg/Imu  消息数: 42862
[15:54:43.591] [info] [Ros2BagDataSource]  话题: /os1_cloud_node1/imu  类型: sensor_msgs/msg/Imu  消息数: 42862
[15:54:43.591] [info] [Ros2BagDataSource]  话题: /imu/imu  类型: sensor_msgs/msg/Imu  消息数: 166428
[15:54:43.591] [info] [Ros2BagDataSource]  话题: /imu/magnetic_field  类型: sensor_msgs/msg/MagneticField  消息数: 166428
[15:54:43.591] [info] [Ros2BagDataSource]  话题: /imu/temperature  类型: sensor_msgs/msg/Temperature  消息数: 166428
[15:54:43.591] [info] [Ros2BagDataSource]  话题: /dji_sdk/gps_position  类型: sensor_msgs/msg/NavSatFix  消息数: 21433
[15:54:43.591] [info] [Ros2BagDataSource]  话题: /dji_sdk/height_above_takeoff  类型: std_msgs/msg/Float32  消息数: 21433
[15:54:43.591] [info] [Ros2BagDataSource]  话题: /dji_sdk/gps_health  类型: std_msgs/msg/UInt8  消息数: 21433
[15:54:43.591] [info] [Ros2BagDataSource]  话题: /uwb_endorange_info  类型: uwb_driver/msg/UwbRange  消息数: 25172
[15:54:43.591] [info] [Ros2BagDataSource]  话题: /left/image_raw  类型: sensor_msgs/msg/Image  消息数: 4285
[15:54:43.591] [info] [Ros2BagDataSource]  话题: /right/image_raw  类型: sensor_msgs/msg/Image  消息数: 4285
[15:54:43.591] [info] [Ros2BagDataSource]  话题: /os1_cloud_node1/points  类型: sensor_msgs/msg/PointCloud2  消息数: 4287
[15:54:43.591] [info] [Ros2BagDataSource]  话题: /os1_cloud_node2/points  类型: sensor_msgs/msg/PointCloud2  消息数: 4286
[15:54:43.591] [info] [Ros2BagDataSource]  话题: /uwb_exorange_info  类型: uwb_driver/msg/UwbEcho  消息数: 2437
[15:54:43.591] [info] [Ros2BagDataSource]  话题: /node_pos_marker_sc  类型: visualization_msgs/msg/Marker  消息数: 2437
[15:54:43.591] [info] [Ros2BagDataSource]  话题: /node_pos_sc  类型: nav_msgs/msg/Path  消息数: 2437
[15:54:43.591] [info] [Ros2BagDataSource]  话题: /leica/pose/relative  类型: geometry_msgs/msg/PoseStamped  消息数: 7679
[15:54:43.591] [info] [Ros2BagDataSource] 将加载 bag 内所有 IMU / LiDAR / 相机话题，加载后可通过 sensor_id 或话题名选择使用
[15:54:44.042] [debug]   收集 IMU [/dji_sdk/imu] 帧数: 5000
[15:54:44.092] [debug]   收集 IMU [/imu/imu] 帧数: 5000
[15:54:44.636] [debug]   收集 IMU [/dji_sdk/imu] 帧数: 10000
[15:54:44.683] [debug]   收集 IMU [/imu/imu] 帧数: 10000
[15:54:45.122] [debug]   收集 IMU [/dji_sdk/imu] 帧数: 15000
[15:54:45.185] [debug]   收集 IMU [/imu/imu] 帧数: 15000
[15:54:45.523] [debug]   收集 LiDAR [/os1_cloud_node1/points] 帧数: 500
[15:54:45.524] [debug]   收集 LiDAR [/os1_cloud_node2/points] 帧数: 500
[15:54:45.525] [debug]   收集相机 [/left/image_raw] 帧数: 500
[15:54:45.526] [debug]   收集相机 [/right/image_raw] 帧数: 500
[15:54:45.527] [debug]   收集 IMU [/dji_sdk/imu] 帧数: 20000
[15:54:45.527] [debug]   收集 IMU [/os1_cloud_node1/imu] 帧数: 5000
[15:54:45.527] [debug]   收集 IMU [/os1_cloud_node2/imu] 帧数: 5000
[15:54:45.615] [debug]   收集 IMU [/imu/imu] 帧数: 20000
[15:54:45.975] [debug]   收集 IMU [/dji_sdk/imu] 帧数: 25000
[15:54:46.061] [debug]   收集 IMU [/imu/imu] 帧数: 25000
[15:54:46.416] [debug]   收集 IMU [/dji_sdk/imu] 帧数: 30000
[15:54:46.507] [debug]   收集 IMU [/imu/imu] 帧数: 30000
[15:54:46.844] [debug]   收集 IMU [/dji_sdk/imu] 帧数: 35000
[15:54:46.961] [debug]   收集 IMU [/imu/imu] 帧数: 35000
[15:54:47.279] [debug]   收集 LiDAR [/os1_cloud_node1/points] 帧数: 1000
[15:54:47.280] [debug]   收集 LiDAR [/os1_cloud_node2/points] 帧数: 1000
[15:54:47.280] [debug]   收集相机 [/left/image_raw] 帧数: 1000
[15:54:47.281] [debug]   收集相机 [/right/image_raw] 帧数: 1000
[15:54:47.281] [debug]   收集 IMU [/dji_sdk/imu] 帧数: 40000
[15:54:47.281] [debug]   收集 IMU [/os1_cloud_node1/imu] 帧数: 10000
[15:54:47.281] [debug]   收集 IMU [/os1_cloud_node2/imu] 帧数: 10000
[15:54:47.413] [debug]   收集 IMU [/imu/imu] 帧数: 40000
[15:54:47.759] [debug]   收集 IMU [/dji_sdk/imu] 帧数: 45000
[15:54:47.904] [debug]   收集 IMU [/imu/imu] 帧数: 45000
[15:54:48.341] [debug]   收集 IMU [/dji_sdk/imu] 帧数: 50000
[15:54:48.482] [debug]   收集 IMU [/imu/imu] 帧数: 50000
[15:54:48.781] [debug]   收集 IMU [/dji_sdk/imu] 帧数: 55000
[15:54:48.934] [debug]   收集 IMU [/imu/imu] 帧数: 55000
[15:54:49.233] [debug]   收集 LiDAR [/os1_cloud_node1/points] 帧数: 1500
[15:54:49.234] [debug]   收集 LiDAR [/os1_cloud_node2/points] 帧数: 1500
[15:54:49.234] [debug]   收集 IMU [/dji_sdk/imu] 帧数: 60000
[15:54:49.235] [debug]   收集相机 [/left/image_raw] 帧数: 1500
[15:54:49.237] [debug]   收集相机 [/right/image_raw] 帧数: 1500
[15:54:49.237] [debug]   收集 IMU [/os1_cloud_node1/imu] 帧数: 15000
[15:54:49.237] [debug]   收集 IMU [/os1_cloud_node2/imu] 帧数: 15000
[15:54:49.419] [debug]   收集 IMU [/imu/imu] 帧数: 60000
[15:54:49.683] [debug]   收集 IMU [/dji_sdk/imu] 帧数: 65000
[15:54:49.858] [debug]   收集 IMU [/imu/imu] 帧数: 65000
[15:54:50.097] [debug]   收集 IMU [/dji_sdk/imu] 帧数: 70000
[15:54:50.295] [debug]   收集 IMU [/imu/imu] 帧数: 70000
[15:54:50.618] [debug]   收集 IMU [/dji_sdk/imu] 帧数: 75000
[15:54:50.885] [debug]   收集 IMU [/imu/imu] 帧数: 75000
[15:54:51.158] [debug]   收集 LiDAR [/os1_cloud_node1/points] 帧数: 2000
[15:54:51.164] [debug]   收集 LiDAR [/os1_cloud_node2/points] 帧数: 2000
[15:54:51.164] [debug]   收集 IMU [/dji_sdk/imu] 帧数: 80000
[15:54:51.164] [debug]   收集 IMU [/os1_cloud_node1/imu] 帧数: 20000
[15:54:51.164] [debug]   收集 IMU [/os1_cloud_node2/imu] 帧数: 20000
[15:54:51.168] [debug]   收集相机 [/left/image_raw] 帧数: 2000
[15:54:51.169] [debug]   收集相机 [/right/image_raw] 帧数: 2000
[15:54:51.474] [debug]   收集 IMU [/imu/imu] 帧数: 80000
[15:54:51.736] [debug]   收集 IMU [/dji_sdk/imu] 帧数: 85000
[15:54:51.967] [debug]   收集 IMU [/imu/imu] 帧数: 85000
[15:54:52.211] [debug]   收集 IMU [/dji_sdk/imu] 帧数: 90000
[15:54:52.466] [debug]   收集 IMU [/imu/imu] 帧数: 90000
[15:54:52.728] [debug]   收集 IMU [/dji_sdk/imu] 帧数: 95000
[15:54:53.001] [debug]   收集 IMU [/imu/imu] 帧数: 95000
[15:54:53.186] [debug]   收集 LiDAR [/os1_cloud_node1/points] 帧数: 2500
[15:54:53.188] [debug]   收集 LiDAR [/os1_cloud_node2/points] 帧数: 2500
[15:54:53.188] [debug]   收集 IMU [/dji_sdk/imu] 帧数: 100000
[15:54:53.189] [debug]   收集 IMU [/os1_cloud_node1/imu] 帧数: 25000
[15:54:53.189] [debug]   收集 IMU [/os1_cloud_node2/imu] 帧数: 25000
[15:54:53.190] [debug]   收集相机 [/left/image_raw] 帧数: 2500
[15:54:53.191] [debug]   收集相机 [/right/image_raw] 帧数: 2500
[15:54:53.497] [debug]   收集 IMU [/imu/imu] 帧数: 100000
[15:54:53.663] [debug]   收集 IMU [/dji_sdk/imu] 帧数: 105000
[15:54:54.006] [debug]   收集 IMU [/imu/imu] 帧数: 105000
[15:54:54.215] [debug]   收集 IMU [/dji_sdk/imu] 帧数: 110000
[15:54:54.529] [debug]   收集 IMU [/imu/imu] 帧数: 110000
[15:54:54.687] [debug]   收集 IMU [/dji_sdk/imu] 帧数: 115000
[15:54:54.999] [debug]   收集 IMU [/imu/imu] 帧数: 115000
[15:54:55.137] [debug]   收集 LiDAR [/os1_cloud_node1/points] 帧数: 3000
[15:54:55.139] [debug]   收集 LiDAR [/os1_cloud_node2/points] 帧数: 3000
[15:54:55.139] [debug]   收集 IMU [/dji_sdk/imu] 帧数: 120000
[15:54:55.140] [debug]   收集 IMU [/os1_cloud_node1/imu] 帧数: 30000
[15:54:55.140] [debug]   收集 IMU [/os1_cloud_node2/imu] 帧数: 30000
[15:54:55.141] [debug]   收集相机 [/left/image_raw] 帧数: 3000
[15:54:55.142] [debug]   收集相机 [/right/image_raw] 帧数: 3000
[15:54:55.493] [debug]   收集 IMU [/imu/imu] 帧数: 120000
[15:54:55.617] [debug]   收集 IMU [/dji_sdk/imu] 帧数: 125000
[15:54:56.080] [debug]   收集 IMU [/imu/imu] 帧数: 125000
[15:54:56.217] [debug]   收集 IMU [/dji_sdk/imu] 帧数: 130000
[15:54:56.738] [debug]   收集 IMU [/imu/imu] 帧数: 130000
[15:54:56.865] [debug]   收集 IMU [/dji_sdk/imu] 帧数: 135000
[15:54:57.323] [debug]   收集 IMU [/imu/imu] 帧数: 135000
[15:54:57.483] [debug]   收集 LiDAR [/os1_cloud_node1/points] 帧数: 3500
[15:54:57.485] [debug]   收集 LiDAR [/os1_cloud_node2/points] 帧数: 3500
[15:54:57.487] [debug]   收集 IMU [/dji_sdk/imu] 帧数: 140000
[15:54:57.489] [debug]   收集 IMU [/os1_cloud_node1/imu] 帧数: 35000
[15:54:57.489] [debug]   收集 IMU [/os1_cloud_node2/imu] 帧数: 35000
[15:54:57.492] [debug]   收集相机 [/left/image_raw] 帧数: 3500
[15:54:57.493] [debug]   收集相机 [/right/image_raw] 帧数: 3500
[15:54:58.045] [debug]   收集 IMU [/imu/imu] 帧数: 140000
[15:54:58.121] [debug]   收集 IMU [/dji_sdk/imu] 帧数: 145000
[15:54:58.897] [debug]   收集 IMU [/imu/imu] 帧数: 145000
[15:54:58.952] [debug]   收集 IMU [/dji_sdk/imu] 帧数: 150000
[15:55:00.308] [debug]   收集 IMU [/imu/imu] 帧数: 150000
[15:55:00.496] [debug]   收集 IMU [/dji_sdk/imu] 帧数: 155000
[16:02:50.532] [debug]   收集 IMU [/imu/imu] 帧数: 155000
[16:02:51.069] [debug]   收集 LiDAR [/os1_cloud_node1/points] 帧数: 4000
[16:02:51.099] [debug]   收集 LiDAR [/os1_cloud_node2/points] 帧数: 4000
[16:02:51.133] [debug]   收集 IMU [/dji_sdk/imu] 帧数: 160000
[16:02:51.145] [debug]   收集 IMU [/os1_cloud_node1/imu] 帧数: 40000
[16:02:51.145] [debug]   收集 IMU [/os1_cloud_node2/imu] 帧数: 40000
[16:02:51.185] [debug]   收集相机 [/left/image_raw] 帧数: 4000
[16:02:51.186] [debug]   收集相机 [/right/image_raw] 帧数: 4000
[16:09:19.942] [debug]   收集 IMU [/imu/imu] 帧数: 160000
[16:09:20.409] [debug]   收集 IMU [/dji_sdk/imu] 帧数: 165000
