
 ╔═══════════════════════════════════════════════════════╗
 ║   UniCalib — LiDAR-Camera 外参标定                    ║
 ║   两阶段: AI粗标定(MIAS-LCEC) → 无目标边缘精标定      ║
 ║   手动校准: --manual 触发 6-DOF 交互式调整             ║
 ╚═══════════════════════════════════════════════════════╝

[2026-04-22 10:27:38.505] [info] [LiDAR-Camera] [:] ━━━━━━━━━━━━━━━━━━━━━━━━━━━━━━━━━━━━
[2026-04-22 10:27:38.505] [info] [LiDAR-Camera] [:] 配置文件: /root/calib_ws/calib_unified/config/unicalib_example.yaml
[2026-04-22 10:27:38.505] [info] [LiDAR-Camera] [:] 输出目录: /root/calib_ws/results
[2026-04-22 10:27:38.505] [info] [LiDAR-Camera] [:] 数据根目录: /root/calib_ws/data (--data-dir 或 CALIB_DATA_DIR)
[2026-04-22 10:27:38.505] [info] [LiDAR-Camera] [:] 精标定方法: edge (无目标优先=true)
[2026-04-22 10:27:38.505] [info] [LiDAR-Camera] [:] AI粗标定: true | 手动校准: false
[2026-04-22 10:27:38.505] [info] [LiDAR-Camera] [:] ━━━━━━━━━━━━━━━━━━━━━━━━━━━━━━━━━━━━
[2026-04-22 10:27:38.506] [info] [LiDAR-Camera] [:] 读取系统配置: /root/calib_ws/calib_unified/config/unicalib_example.yaml
[2026-04-22 10:27:38.506] [info] [LiDAR-Camera] [:]   IMU: 1, LiDAR: 1, Camera: 2
[2026-04-22 10:27:38.507] [info] [LiDAR-Camera] [:] 已自动创建 LiDAR 数据目录: /root/calib_ws/data/null
[2026-04-22 10:27:38.507] [info] [LiDAR-Camera] [:] ━━━━━━━━━━━━━━━━━━━━━━━━━━━━━━━━━━━━ [数据路径] ━━━━━━━━━━━━━━━━━━━━━━━━━━━━━
[2026-04-22 10:27:38.507] [info] [LiDAR-Camera] [:]   数据路径来源: 统一格式 (data.lidar.<id> / data.camera.<id>.images_dir)
[2026-04-22 10:27:38.507] [info] [LiDAR-Camera] [:]   配置原始值 — lidar:  null
[2026-04-22 10:27:38.507] [info] [LiDAR-Camera] [:]   配置原始值 — camera: null
[2026-04-22 10:27:38.507] [info] [LiDAR-Camera] [:]   base_data_dir:  /root/calib_ws/data
[2026-04-22 10:27:38.507] [info] [LiDAR-Camera] [:]   base 来源: 命令行 --data-dir
[2026-04-22 10:27:38.507] [info] [LiDAR-Camera] [:]   lidar_dir:      /root/calib_ws/data/null
[2026-04-22 10:27:38.507] [info] [LiDAR-Camera] [:]     → 相对路径，已与 base 拼接
[2026-04-22 10:27:38.507] [info] [LiDAR-Camera] [:]     → 存在: 是
[2026-04-22 10:27:38.507] [info] [LiDAR-Camera] [:]   camera_dir:     /root/calib_ws/data/null
[2026-04-22 10:27:38.507] [info] [LiDAR-Camera] [:]     → 相对路径，已与 base 拼接
[2026-04-22 10:27:38.507] [info] [LiDAR-Camera] [:]     → 存在: 是
[2026-04-22 10:27:38.507] [info] [LiDAR-Camera] [:]   【数据就绪】是 — 点云与图像目录均存在，将执行精标定
[2026-04-22 10:27:38.507] [info] [LiDAR-Camera] [:]   说明: 使用 --dataset 时请将 data.lidar/data.camera 设为相对 base 的路径（如 pcd、images），不要使用 /path/to/... 占位符
[2026-04-22 10:27:38.507] [info] [LiDAR-Camera] [:] ━━━━━━━━━━━━━━━━━━━━━━━━━━━━━━━━━━━━━━━━━━━━━━━━━━━━━━━━━━━━━━━━━━━━━━━━━━━━
[2026-04-22 10:27:38.507] [info] [LiDAR-Camera] [:] 读取系统配置: /root/calib_ws/calib_unified/config/unicalib_example.yaml
[2026-04-22 10:27:38.507] [info] [LiDAR-Camera] [:]   IMU: 1, LiDAR: 1, Camera: 2
[2026-04-22 10:27:38.507] [info] [LiDAR-Camera] [:] 读取系统配置: /root/calib_ws/calib_unified/config/unicalib_example.yaml
[2026-04-22 10:27:38.507] [info] [LiDAR-Camera] [:]   IMU: 1, LiDAR: 1, Camera: 2
[2026-04-22 10:27:38.508] [info] [LiDAR-Camera] [:] 配置: 使用 ROS2 bag 模式（离线标定）
[2026-04-22 10:27:38.508] [info] [LiDAR-Camera] [:]   Bag 路径: /root/calib_ws/data/ntu_day_02_d435i
[2026-04-22 10:27:38.508] [info] [LiDAR-Camera] [:]   LiDAR 话题: /os_cloud_node/points
[2026-04-22 10:27:38.508] [info] [LiDAR-Camera] [:]   相机话题: /d435i/color/image_raw
[2026-04-22 10:27:38.508] [info] [LiDAR-Camera] [:]   IMU 话题: /d435i/imu
[2026-04-22 10:27:38.508] [info] [LiDAR-Camera] [:] [数据源] 类型=ROS2_BAG  path=/root/calib_ws/data/ntu_day_02_d435i  lidar_topic=/os_cloud_node/points  camera_topic=/d435i/color/image_raw
[2026-04-22 10:27:38.508] [info] [LiDAR-Camera] [:] [CalibPipeline] 初始化 ID=pipeline_20260422_102738
[2026-04-22 10:27:38.508] [info] [LiDAR-Camera] [:] [CalibPipeline] 输出目录: ./results/ntu_day_02
[2026-04-22 10:27:38.508] [info] [LiDAR-Camera] [:] [CalibPipeline] 无目标优先: true
[2026-04-22 10:27:38.508] [info] [LiDAR-Camera] [:] [CalibPipeline] 任务掩码: 0x10
[2026-04-22 10:27:38.508] [info] [LiDAR-Camera] [:] ▶ Stage 1: AI 粗标定 (MIAS-LCEC)
[2026-04-22 10:27:38.508] [info] [LiDAR-Camera] [:]   模型路径: /root/calib_ws/MIAS-LCEC (粗标定使用 pretrained_overlap_transformer.pth.tar)
[2026-04-22 10:27:39.280] [info] [LiDAR-Camera] [:] [AI-Calib] DM-Calib 配置的 Python 无 torch，改用已装 torch 的 Python: python3
[2026-04-22 10:27:39.280] [info] [LiDAR-Camera] [:] [AI-Calib] ===== AI 模型可用性检查 =====
[2026-04-22 10:27:39.280] [info] [LiDAR-Camera] [:] [DM-Calib] 可用性检查 失败 原因=推理脚本不存在 路径=/root/calib_ws/DM-Calib/DMCalib/tools/infer_unicalib.py
[2026-04-22 10:27:39.280] [info] [LiDAR-Camera] [:]   DM-Calib (相机内参):      ✗ 不可用
[2026-04-22 10:27:39.280] [info] [LiDAR-Camera] [:]   MIAS-LCEC (LiDAR-Cam):   ✓ 可用
[2026-04-22 10:27:39.280] [info] [LiDAR-Camera] [:] [TransformerIMU] 不可用: 脚本不存在 script=/root/calib_ws/Transformer-IMU-Calibrator/eval_unicalib.py
[2026-04-22 10:27:39.280] [info] [LiDAR-Camera] [:]   Transformer-IMU (IMU内参): ✗ 不可用
[2026-04-22 10:27:39.280] [info] [LiDAR-Camera] [:]   L2Calib (IMU-LiDAR):     ✗ 不可用
[2026-04-22 10:27:39.280] [info] [LiDAR-Camera] [:] [AI-Calib] ================================
[2026-04-22 10:27:39.280] [info] [LiDAR-Camera] [:]   [Stage 1] MIAS-LCEC 可用: 是 (粗标定支持: 1) 指定 coarse_pcd_file/coarse_image_file 2) 从当前数据源取首帧，同相机内参)
[2026-04-22 10:27:39.280] [warning] [LiDAR-Camera] [:]   内参文件加载失败: /root/calib_ws/data/ntu_day_02/camera_intrinsic_cam_0.yaml — bad file: /root/calib_ws/data/ntu_day_02/camera_intrinsic_cam_0.yaml
[2026-04-22 10:27:39.280] [info] [LiDAR-Camera] [:]   [Stage 1] 粗标定输入来源: 从 ROS2 数据源取首帧 (max_frames=2, lidar_id=lidar_0)
[2026-04-22 10:27:39.280] [info] [LiDAR-Camera] [:] [UnifiedDataLoader] 从 ROS2 加载数据...
[2026-04-22 10:27:39.280] [info] [LiDAR-Camera] [:]   Bag 文件: /root/calib_ws/data/ntu_day_02_d435i
[2026-04-22 10:27:39.280] [info] [LiDAR-Camera] [:]   实时模式: false
[2026-04-22 10:27:39.280] [warning] [LiDAR-Camera] [:]   [Stage 1] ROS2 加载首帧失败: bag 文件不存在: /root/calib_ws/data/ntu_day_02_d435i
[2026-04-22 10:27:39.280] [warning] [LiDAR-Camera] [:]   未提供 coarse_pcd_file/coarse_image_file 且未从当前数据源取到首帧，跳过 AI 粗标定
[2026-04-22 10:27:39.280] [info] [LiDAR-Camera] [:]   说明: 粗标定支持 1) 在 config 中设置 coarse_pcd_file / coarse_image_file 2) 使用 ROS2 bag/话题或文件目录时自动取首帧（同相机内参粗标定）
[2026-04-22 10:27:39.280] [info] [LiDAR-Camera] [:]   当前: coarse_pcd_file='(未设置)' coarse_image_file='(未设置)'
[2026-04-22 10:27:39.280] [warning] [LiDAR-Camera] [:] 【粗标定未执行】精标定将使用 identity 初值。原因: (1) MIAS-LCEC 可用=是 (2) 粗标定输入已就绪=否
[2026-04-22 10:27:39.280] [info] [LiDAR-Camera] [:]   [Stage 1] 结果: 跳过 (详见上方原因)
[2026-04-22 10:27:39.280] [info] [LiDAR-Camera] [:] ▶ Stage 2: 精标定 (方法=edge)
[2026-04-22 10:27:39.280] [info] [LiDAR-Camera] [:] 
[2026-04-22 10:27:39.280] [info] [LiDAR-Camera] [:] ╔═══════════════════════════════════════════════╗
[2026-04-22 10:27:39.280] [info] [LiDAR-Camera] [:] ║   UniCalib 两阶段标定流水线 — 开始            ║
[2026-04-22 10:27:39.280] [info] [LiDAR-Camera] [:] ║   Pipeline ID: pipeline_20260422_102738       ║
[2026-04-22 10:27:39.280] [info] [LiDAR-Camera] [:] ╚═══════════════════════════════════════════════╝
[2026-04-22 10:27:39.281] [info] [LiDAR-Camera] [:] [Coarse-AI/LiDAR-Cam] enable_coarse_lidar_cam=true → do_coarse=true
[10:27:39.281] [info] 
[10:27:39.281] [info] ━━━━━━━━━━━━━━━━━━━━━━━━━━━━━━━━━━━━━━━━━
[10:27:39.281] [info] ▶ 开始阶段: [Coarse-AI] 任务: [lidar_cam_extrin]
[10:27:39.281] [info]   描述: AI模型提供初始估计值
[10:27:39.281] [info] ━━━━━━━━━━━━━━━━━━━━━━━━━━━━━━━━━━━━━━━━━
[10:27:39.281] [info] [CALC] 粗标定阶段开始 task=lidar_cam_extrin
[10:27:40.053] [info] [AI-Calib] DM-Calib 配置的 Python 无 torch，改用已装 torch 的 Python: python3
[10:27:40.054] [info] [UnifiedDataLoader] 从 ROS2 加载数据...
[10:27:40.054] [info]   Bag 文件: /root/calib_ws/data/ntu_day_02_d435i
[10:27:40.054] [info]   实时模式: false
[10:27:40.054] [warning] [Coarse-AI/LiDAR-Cam] 粗标定无输入 (未配置数据或首帧不可用)，精标定将使用 identity  pcd_empty=true  image_empty=true
[10:27:40.054] [info] ━━━━━━━━━━━━━━━━━━━━━━━━━━━━━━━━━━━━━━━━━
[10:27:40.054] [info] ■ 结束阶段: [Coarse-AI] 任务: [lidar_cam_extrin]
[10:27:40.054] [info]   结果: ✗ 失败 | 残差RMS: 0.0000 | 耗时: 772 ms
[10:27:40.054] [info]   消息: 粗标定无输入 (未配置数据或首帧不可用)，精标定将使用 identity
[10:27:40.054] [info] [CALC] 阶段结束 stage=Coarse-AI task=lidar_cam_extrin success=false residual_rms=0.000000 elapsed_ms=772.9 threshold=-1.0000
[10:27:40.054] [info] ━━━━━━━━━━━━━━━━━━━━━━━━━━━━━━━━━━━━━━━━━
[10:27:40.054] [info] [Pipeline] 粗标定未成功，精标定将使用传统方法初始化
[10:27:40.054] [info] 
[10:27:40.054] [info] ━━━━━━━━━━━━━━━━━━━━━━━━━━━━━━━━━━━━━━━━━
[10:27:40.054] [info] ▶ 开始阶段: [Fine-Auto] 任务: [lidar_cam_extrin]
[10:27:40.054] [info]   描述: 无目标优化
[10:27:40.054] [info] ━━━━━━━━━━━━━━━━━━━━━━━━━━━━━━━━━━━━━━━━━
[10:27:40.054] [info] [CALC] 精标定阶段开始 task=lidar_cam_extrin
[10:27:40.054] [info] [Fine-Auto] 任务: lidar_cam_extrin | 无目标优先: true
[10:27:40.054] [info] [Fine-Auto] 方法: 边缘对齐互信息 (EDGE_ALIGNMENT, 无目标)
[10:27:40.054] [info] [STAGE=lidar_cam_fine_auto] LiDAR-Camera 精标定 开始
[10:27:40.054] [info] [Fine-Auto/LiDAR-Cam] 开始执行精标定...
[10:27:40.054] [info]   [精标定数据源] 类型=ROS2_BAG  lidar_id=lidar_0
[10:27:40.054] [info]   ROS2 Bag: /root/calib_ws/data/ntu_day_02_d435i  LiDAR 话题: /os_cloud_node/points  相机话题: /d435i/color/image_raw
[10:27:40.054] [error] [Fine-Auto/LiDAR-Cam] ROS2 Bag 路径不存在: /root/calib_ws/data/ntu_day_02_d435i（可为目录，rosbag2 格式）
[10:27:40.054] [info] ━━━━━━━━━━━━━━━━━━━━━━━━━━━━━━━━━━━━━━━━━
[10:27:40.054] [info] ■ 结束阶段: [Fine-Auto] 任务: [lidar_cam_extrin]
[10:27:40.054] [info]   结果: ✗ 失败 | 残差RMS: 0.0000 | 耗时: 0 ms
[10:27:40.054] [info]   消息: ROS2 Bag 路径不存在: /root/calib_ws/data/ntu_day_02_d435i（可为目录，rosbag2 格式）
[10:27:40.054] [info] [CALC] 阶段结束 stage=Fine-Auto task=lidar_cam_extrin success=false residual_rms=0.000000 elapsed_ms=0.0 threshold=2.0000
[10:27:40.054] [info] ━━━━━━━━━━━━━━━━━━━━━━━━━━━━━━━━━━━━━━━━━
[10:27:40.054] [info] ====== Pipeline Report: pipeline_20260422_102738 ======
[10:27:40.054] [info]   Total time: 772.9 ms
[10:27:40.054] [info]   All stages succeeded: NO
[10:27:40.054] [info]   标定质量: 各阶段 RMS 均在阈值内
[10:27:40.054] [info]   [Coarse-AI-lidar_cam_extrin] success=false rms=0.0000 time=772.9ms: 粗标定无输入 (未配置数据或首帧不可用)，精标定将使用 identity
[10:27:40.054] [info]   [Fine-Auto-lidar_cam_extrin] success=false rms=0.0000 time=0.0ms: ROS2 Bag 路径不存在: /root/calib_ws/data/ntu_day_02_d435i（可为目录，rosbag2 格式）

╔══════════════════════════════════════════════════════╗
║              标定参数汇总                            ║
╠══════════════════════════════════════════════════════╣
╚══════════════════════════════════════════════════════╝

[10:27:40.054] [info] ================================
[10:27:40.054] [info] Pipeline report saved: ./results/ntu_day_02/pipeline_report_20260422_102738.yaml
[10:27:40.054] [info] ====== Pipeline Report: pipeline_20260422_102738 ======
[10:27:40.054] [info]   Total time: 772.9 ms
[10:27:40.054] [info]   All stages succeeded: NO
[10:27:40.054] [info]   标定质量: 各阶段 RMS 均在阈值内
[10:27:40.054] [info]   [Coarse-AI-lidar_cam_extrin] success=false rms=0.0000 time=772.9ms: 粗标定无输入 (未配置数据或首帧不可用)，精标定将使用 identity
[10:27:40.054] [info]   [Fine-Auto-lidar_cam_extrin] success=false rms=0.0000 time=0.0ms: ROS2 Bag 路径不存在: /root/calib_ws/data/ntu_day_02_d435i（可为目录，rosbag2 格式）

╔══════════════════════════════════════════════════════╗
║              标定参数汇总                            ║
╠══════════════════════════════════════════════════════╣
╚══════════════════════════════════════════════════════╝

[10:27:40.054] [info] ================================
[10:27:40.054] [info] ━━━━━━━━━━━━━━━━━━━━━━━━━━━━━━━━━━━━
[10:27:40.054] [info] LiDAR-Camera 标定流程完成
[10:27:40.054] [info] 结果目录: ./results/ntu_day_02
[10:27:40.054] [info] 标定流程正常退出 exit_code=0
[10:27:40.054] [info] ━━━━━━━━━━━━━━━━━━━━━━━━━━━━━━━━━━━━
