
 ╔═══════════════════════════════════════════════════════╗
 ║   UniCalib — LiDAR-Camera 外参标定                    ║
 ║   两阶段: AI粗标定(MIAS-LCEC) → 无目标边缘精标定      ║
 ║   手动校准: --manual 触发 6-DOF 交互式调整             ║
 ╚═══════════════════════════════════════════════════════╝

[2026-04-27 14:01:53.844] [info] [LiDAR-Camera] [:] ━━━━━━━━━━━━━━━━━━━━━━━━━━━━━━━━━━━━
[2026-04-27 14:01:53.844] [info] [LiDAR-Camera] [:] 配置文件: /root/calib_ws/calib_unified/config/unicalib_example.yaml
[2026-04-27 14:01:53.844] [info] [LiDAR-Camera] [:] 输出目录: /root/calib_ws/results
[2026-04-27 14:01:53.844] [info] [LiDAR-Camera] [:] 数据根目录: /root/calib_ws/data (--data-dir 或 CALIB_DATA_DIR)
[2026-04-27 14:01:53.844] [info] [LiDAR-Camera] [:] 精标定方法: edge (无目标优先=true)
[2026-04-27 14:01:53.844] [info] [LiDAR-Camera] [:] AI粗标定: true | 手动校准: true
[2026-04-27 14:01:53.844] [info] [LiDAR-Camera] [:] ━━━━━━━━━━━━━━━━━━━━━━━━━━━━━━━━━━━━
[2026-04-27 14:01:53.845] [info] [LiDAR-Camera] [:] 读取系统配置: /root/calib_ws/calib_unified/config/unicalib_example.yaml
[2026-04-27 14:01:53.846] [info] [LiDAR-Camera] [:]   IMU: 1, LiDAR: 1, Camera: 4
[2026-04-27 14:01:53.847] [info] [LiDAR-Camera] [:] ━━━━━━━━━━━━━━━━━━━━━━━━━━━━━━━━━━━━ [数据路径] ━━━━━━━━━━━━━━━━━━━━━━━━━━━━━
[2026-04-27 14:01:53.847] [info] [LiDAR-Camera] [:]   数据路径来源: 统一格式 (data.lidar.<id> / data.camera.<id>.images_dir)
[2026-04-27 14:01:53.847] [info] [LiDAR-Camera] [:]   配置原始值 — lidar:  nya_02_slam_imu_to_lidar/lidar_horz.yaml
[2026-04-27 14:01:53.847] [info] [LiDAR-Camera] [:]   配置原始值 — camera: lidar_camera_calibration-master/calibration_data/camera_calibration
[2026-04-27 14:01:53.847] [info] [LiDAR-Camera] [:]   base_data_dir:  /root/calib_ws/data
[2026-04-27 14:01:53.847] [info] [LiDAR-Camera] [:]   base 来源: 命令行 --data-dir
[2026-04-27 14:01:53.847] [info] [LiDAR-Camera] [:]   lidar_dir:      /root/calib_ws/data/nya_02_slam_imu_to_lidar/lidar_horz.yaml
[2026-04-27 14:01:53.847] [info] [LiDAR-Camera] [:]     → 相对路径，已与 base 拼接
[2026-04-27 14:01:53.847] [info] [LiDAR-Camera] [:]     → 存在: 是
[2026-04-27 14:01:53.847] [info] [LiDAR-Camera] [:]   camera_dir:     /root/calib_ws/data/lidar_camera_calibration-master/calibration_data/camera_calibration
[2026-04-27 14:01:53.847] [info] [LiDAR-Camera] [:]     → 相对路径，已与 base 拼接
[2026-04-27 14:01:53.847] [info] [LiDAR-Camera] [:]     → 存在: 是
[2026-04-27 14:01:53.847] [info] [LiDAR-Camera] [:]   【数据就绪】是 — 点云与图像目录均存在，将执行精标定
[2026-04-27 14:01:53.847] [info] [LiDAR-Camera] [:]   说明: 使用 --dataset 时请将 data.lidar/data.camera 设为相对 base 的路径（如 pcd、images），不要使用 /path/to/... 占位符
[2026-04-27 14:01:53.847] [info] [LiDAR-Camera] [:] ━━━━━━━━━━━━━━━━━━━━━━━━━━━━━━━━━━━━━━━━━━━━━━━━━━━━━━━━━━━━━━━━━━━━━━━━━━━━
[2026-04-27 14:01:53.847] [info] [LiDAR-Camera] [:] [LiDAR-Cam] use_config_extrinsic_only=true：跳过 AI 粗标定，将使用配置 initial_extrinsic 直接进入精标定/手动微调
[2026-04-27 14:01:53.847] [info] [LiDAR-Camera] [:] 读取系统配置: /root/calib_ws/calib_unified/config/unicalib_example.yaml
[2026-04-27 14:01:53.848] [info] [LiDAR-Camera] [:]   IMU: 1, LiDAR: 1, Camera: 4
[2026-04-27 14:01:53.848] [info] [LiDAR-Camera] [:] 读取系统配置: /root/calib_ws/calib_unified/config/unicalib_example.yaml
[2026-04-27 14:01:53.849] [info] [LiDAR-Camera] [:]   IMU: 1, LiDAR: 1, Camera: 4
[2026-04-27 14:01:53.849] [info] [LiDAR-Camera] [:] 配置: 使用 ROS2 bag 模式（离线标定）
[2026-04-27 14:01:53.849] [info] [LiDAR-Camera] [:]   Bag 路径: /root/calib_ws/data/park
[2026-04-27 14:01:53.849] [info] [LiDAR-Camera] [:]   LiDAR 话题: /os_cloud_node/points
[2026-04-27 14:01:53.849] [info] [LiDAR-Camera] [:]   相机话题: /alphasense_driver_ros/cam0/compressed
[2026-04-27 14:01:53.849] [info] [LiDAR-Camera] [:]   IMU 话题: /os_cloud_node/imu
[2026-04-27 14:01:53.849] [info] [LiDAR-Camera] [:] [数据源] 类型=ROS2_BAG  path=/root/calib_ws/data/park  lidar_topic=/os_cloud_node/points  camera_topic=/alphasense_driver_ros/cam0/compressed
[2026-04-27 14:01:53.849] [info] [LiDAR-Camera] [:] [CalibPipeline] 初始化 ID=pipeline_20260427_140153
[2026-04-27 14:01:53.849] [info] [LiDAR-Camera] [:] [CalibPipeline] 输出目录: ./results
[2026-04-27 14:01:53.849] [info] [LiDAR-Camera] [:] [CalibPipeline] 无目标优先: true
[2026-04-27 14:01:53.849] [info] [LiDAR-Camera] [:] [CalibPipeline] 任务掩码: 0x10
[2026-04-27 14:01:53.849] [info] [LiDAR-Camera] [:] ▶ Stage 2: 精标定 (方法=edge)
[2026-04-27 14:01:53.849] [info] [LiDAR-Camera] [:] ▶ Stage 3: 手动校准 (manual_threshold=2.00px)
[2026-04-27 14:01:53.849] [info] [LiDAR-Camera] [:]   使用 ManualCalibSession 进行 6-DOF 交互式调整
[2026-04-27 14:01:53.849] [info] [LiDAR-Camera] [:]   调用示例:
[2026-04-27 14:01:53.849] [info] [LiDAR-Camera] [:]     ManualCalibSession::SessionConfig sess_cfg;
[2026-04-27 14:01:53.849] [info] [LiDAR-Camera] [:]     sess_cfg.save_dir = "./results/manual_sessions";
[2026-04-27 14:01:53.849] [info] [LiDAR-Camera] [:]     ManualCalibSession session(sess_cfg);
[2026-04-27 14:01:53.849] [info] [LiDAR-Camera] [:]     auto result = session.run_lidar_cam(scan, image, intrin, auto_result, auto_rms);
[2026-04-27 14:01:53.849] [info] [LiDAR-Camera] [:] 
[2026-04-27 14:01:53.849] [info] [LiDAR-Camera] [:] ╔═══════════════════════════════════════════════╗
[2026-04-27 14:01:53.849] [info] [LiDAR-Camera] [:] ║   UniCalib 两阶段标定流水线 — 开始            ║
[2026-04-27 14:01:53.849] [info] [LiDAR-Camera] [:] ║   Pipeline ID: pipeline_20260427_140153       ║
[2026-04-27 14:01:53.849] [info] [LiDAR-Camera] [:] ╚═══════════════════════════════════════════════╝
[2026-04-27 14:01:53.849] [info] [LiDAR-Camera] [:] [Coarse-AI/LiDAR-Cam] enable_coarse_lidar_cam=true → do_coarse=true
[14:01:53.849] [info] 
[14:01:53.849] [info] ━━━━━━━━━━━━━━━━━━━━━━━━━━━━━━━━━━━━━━━━━
[14:01:53.849] [info] ▶ 开始阶段: [Coarse-AI] 任务: [lidar_cam_extrin]
[14:01:53.849] [info]   描述: AI模型提供初始估计值
[14:01:53.849] [info] ━━━━━━━━━━━━━━━━━━━━━━━━━━━━━━━━━━━━━━━━━
[14:01:53.849] [info] [CALC] 粗标定阶段开始 task=lidar_cam_extrin
[14:01:53.849] [info] [Coarse-AI/LiDAR-Cam] 使用配置粗标定初值作为粗标定结果 t=[0.123,0.040,-0.058]m，精标定将以此起步
[14:01:53.849] [info] ━━━━━━━━━━━━━━━━━━━━━━━━━━━━━━━━━━━━━━━━━
[14:01:53.849] [info] ■ 结束阶段: [Coarse-AI] 任务: [lidar_cam_extrin]
[14:01:53.849] [info]   结果: ✓ 成功 | 残差RMS: 0.0000 | 耗时: 0 ms
[14:01:53.849] [info]   消息: 使用配置 initial_extrinsic 作为粗标定结果，精标定将以此起步
[14:01:53.849] [info] [CALC] 阶段结束 stage=Coarse-AI task=lidar_cam_extrin success=true residual_rms=0.000000 elapsed_ms=0.0 threshold=-1.0000
[14:01:53.849] [info] ━━━━━━━━━━━━━━━━━━━━━━━━━━━━━━━━━━━━━━━━━
[14:01:53.849] [info] 
[14:01:53.849] [info] ━━━━━━━━━━━━━━━━━━━━━━━━━━━━━━━━━━━━━━━━━
[14:01:53.849] [info] ▶ 开始阶段: [Fine-Auto] 任务: [lidar_cam_extrin]
[14:01:53.849] [info]   描述: 无目标优化
[14:01:53.849] [info] ━━━━━━━━━━━━━━━━━━━━━━━━━━━━━━━━━━━━━━━━━
[14:01:53.849] [info] [CALC] 精标定阶段开始 task=lidar_cam_extrin
[14:01:53.849] [info] [Fine-Auto] 任务: lidar_cam_extrin | 无目标优先: true
[14:01:53.849] [info] [Fine-Auto] 方法: 边缘对齐互信息 (EDGE_ALIGNMENT, 无目标)
[14:01:53.849] [info] [STAGE=lidar_cam_fine_auto] LiDAR-Camera 精标定 开始
[14:01:53.849] [info] [Fine-Auto/LiDAR-Cam] 开始执行精标定...
[14:01:53.849] [info]   [精标定数据源] 类型=ROS2_BAG  lidar_id=lidar_0
[14:01:53.849] [info]   ROS2 Bag: /root/calib_ws/data/park  LiDAR 话题: /os_cloud_node/points  相机话题: /alphasense_driver_ros/cam0/compressed
[14:01:53.849] [info] [Fine-Auto/LiDAR-Cam] 从 ROS2 加载数据...
[14:01:53.849] [info] [UnifiedDataLoader] 从 ROS2 加载数据...
[14:01:53.849] [info]   Bag 文件: /root/calib_ws/data/park
[14:01:53.849] [info]   实时模式: false
[14:01:53.849] [info] [Ros2BagDataSource] 打开 bag 文件: /root/calib_ws/data/park
[14:01:53.849] [info] [Ros2BagDataSource] 正在读取 metadata.yaml: /root/calib_ws/data/park/metadata.yaml
[14:01:53.850] [debug] [Ros2BagDataSource] 找到话题: /alphasense_driver_ros/cam3/compressed (类型: sensor_msgs/msg/CompressedImage, 消息数: 4733)
[14:01:53.850] [debug] [Ros2BagDataSource] 找到话题: /os_node/lidar_packets (类型: ouster_ros/msg/PacketMsg, 消息数: 100958)
[14:01:53.850] [debug] [Ros2BagDataSource] 找到话题: /alphasense_driver_ros/cam4/compressed (类型: sensor_msgs/msg/CompressedImage, 消息数: 4733)
[14:01:53.850] [debug] [Ros2BagDataSource] 找到话题: /os_node/imu_packets (类型: ouster_ros/msg/PacketMsg, 消息数: 15772)
[14:01:53.850] [debug] [Ros2BagDataSource] 找到话题: /os_cloud_node/imu (类型: sensor_msgs/msg/Imu, 消息数: 15772)
[14:01:53.850] [debug] [Ros2BagDataSource] 找到话题: /alphasense_driver_ros/imu (类型: sensor_msgs/msg/Imu, 消息数: 31515)
[14:01:53.850] [debug] [Ros2BagDataSource] 找到话题: /alphasense_driver_ros/cam0/compressed (类型: sensor_msgs/msg/CompressedImage, 消息数: 4732)
[14:01:53.850] [debug] [Ros2BagDataSource] 找到话题: /alphasense_driver_ros/cam1/compressed (类型: sensor_msgs/msg/CompressedImage, 消息数: 4732)
[14:01:53.850] [debug] [Ros2BagDataSource] 找到话题: /os_cloud_node/points (类型: sensor_msgs/msg/PointCloud2, 消息数: 1577)
[14:01:53.850] [info] [Ros2BagDataSource] 使用配置的 LiDAR 话题: /os_cloud_node/points
[14:01:53.850] [info] [Ros2BagDataSource] 使用配置的相机话题: /alphasense_driver_ros/cam0/compressed
[14:01:53.850] [info] [Ros2BagDataSource] 使用配置的 IMU 话题: /os_cloud_node/imu
[INFO] [1777269713.853663402] [rosbag2_storage]: Opened database '/root/calib_ws/data/park/park.db3' for READ_ONLY.
[14:01:53.853] [info] [Ros2BagDataSource] Bag 已打开，开始读取消息...
[14:01:53.853] [info] [Ros2BagDataSource] 找到 9 个话题
[14:01:53.853] [info] [Ros2BagDataSource]  话题: /alphasense_driver_ros/cam3/compressed  类型: sensor_msgs/msg/CompressedImage  消息数: 4733
[14:01:53.853] [info] [Ros2BagDataSource]  话题: /os_node/lidar_packets  类型: ouster_ros/msg/PacketMsg  消息数: 100958
[14:01:53.853] [info] [Ros2BagDataSource]  话题: /alphasense_driver_ros/cam4/compressed  类型: sensor_msgs/msg/CompressedImage  消息数: 4733
[14:01:53.853] [info] [Ros2BagDataSource]  话题: /os_node/imu_packets  类型: ouster_ros/msg/PacketMsg  消息数: 15772
[14:01:53.853] [info] [Ros2BagDataSource]  话题: /os_cloud_node/imu  类型: sensor_msgs/msg/Imu  消息数: 15772
[14:01:53.853] [info] [Ros2BagDataSource]  话题: /alphasense_driver_ros/imu  类型: sensor_msgs/msg/Imu  消息数: 31515
[14:01:53.853] [info] [Ros2BagDataSource]  话题: /alphasense_driver_ros/cam0/compressed  类型: sensor_msgs/msg/CompressedImage  消息数: 4732
[14:01:53.853] [info] [Ros2BagDataSource]  话题: /alphasense_driver_ros/cam1/compressed  类型: sensor_msgs/msg/CompressedImage  消息数: 4732
[14:01:53.853] [info] [Ros2BagDataSource]  话题: /os_cloud_node/points  类型: sensor_msgs/msg/PointCloud2  消息数: 1577
[14:01:53.853] [info] [Ros2BagDataSource] 将加载 bag 内所有 IMU / LiDAR / 相机话题，加载后可通过 sensor_id 或话题名选择使用
[14:01:57.523] [debug]   收集相机 [/alphasense_driver_ros/cam3/compressed] 帧数: 500
[14:01:57.524] [debug]   收集相机 [/alphasense_driver_ros/cam4/compressed] 帧数: 500
[14:01:57.526] [debug]   收集相机 [/alphasense_driver_ros/cam0/compressed] 帧数: 500
[14:01:57.527] [debug]   收集相机 [/alphasense_driver_ros/cam1/compressed] 帧数: 500
[14:01:59.384] [debug]   收集 IMU [/alphasense_driver_ros/imu] 帧数: 5000
[14:02:01.111] [debug]   收集相机 [/alphasense_driver_ros/cam3/compressed] 帧数: 1000
[14:02:01.112] [debug]   收集相机 [/alphasense_driver_ros/cam4/compressed] 帧数: 1000
[14:02:01.113] [debug]   收集相机 [/alphasense_driver_ros/cam0/compressed] 帧数: 1000
[14:02:01.114] [debug]   收集相机 [/alphasense_driver_ros/cam1/compressed] 帧数: 1000
[14:02:04.671] [debug]   收集相机 [/alphasense_driver_ros/cam3/compressed] 帧数: 1500
[14:02:04.672] [debug]   收集相机 [/alphasense_driver_ros/cam4/compressed] 帧数: 1500
[14:02:04.673] [debug]   收集相机 [/alphasense_driver_ros/cam0/compressed] 帧数: 1500
[14:02:04.684] [debug]   收集 LiDAR [/os_cloud_node/points] 帧数: 500
[14:02:04.685] [debug]   收集相机 [/alphasense_driver_ros/cam1/compressed] 帧数: 1500
[14:02:04.685] [debug]   收集 IMU [/os_cloud_node/imu] 帧数: 5000
[14:02:04.690] [debug]   收集 IMU [/alphasense_driver_ros/imu] 帧数: 10000
[14:02:16.091] [debug]   收集相机 [/alphasense_driver_ros/cam3/compressed] 帧数: 2000
[14:02:16.144] [debug]   收集相机 [/alphasense_driver_ros/cam4/compressed] 帧数: 2000
[14:02:16.149] [debug]   收集相机 [/alphasense_driver_ros/cam0/compressed] 帧数: 2000
[14:02:16.151] [debug]   收集相机 [/alphasense_driver_ros/cam1/compressed] 帧数: 2000
[14:02:44.084] [debug]   收集 IMU [/alphasense_driver_ros/imu] 帧数: 15000
[14:02:57.727] [debug]   收集相机 [/alphasense_driver_ros/cam3/compressed] 帧数: 2500
[14:02:57.728] [debug]   收集相机 [/alphasense_driver_ros/cam4/compressed] 帧数: 2500
[14:02:57.729] [debug]   收集相机 [/alphasense_driver_ros/cam0/compressed] 帧数: 2500
[14:02:57.730] [debug]   收集相机 [/alphasense_driver_ros/cam1/compressed] 帧数: 2500
[14:03:01.421] [debug]   收集相机 [/alphasense_driver_ros/cam3/compressed] 帧数: 3000
[14:03:01.421] [debug]   收集相机 [/alphasense_driver_ros/cam4/compressed] 帧数: 3000
[14:03:01.433] [debug]   收集 LiDAR [/os_cloud_node/points] 帧数: 1000
[14:03:01.434] [debug]   收集相机 [/alphasense_driver_ros/cam0/compressed] 帧数: 3000
[14:03:01.435] [debug]   收集相机 [/alphasense_driver_ros/cam1/compressed] 帧数: 3000
[14:03:01.436] [debug]   收集 IMU [/os_cloud_node/imu] 帧数: 10000
[14:03:01.457] [debug]   收集 IMU [/alphasense_driver_ros/imu] 帧数: 20000
[14:03:47.708] [debug]   收集相机 [/alphasense_driver_ros/cam3/compressed] 帧数: 3500
[14:03:47.737] [debug]   收集相机 [/alphasense_driver_ros/cam4/compressed] 帧数: 3500
[14:03:47.741] [debug]   收集相机 [/alphasense_driver_ros/cam0/compressed] 帧数: 3500
[14:03:47.744] [debug]   收集相机 [/alphasense_driver_ros/cam1/compressed] 帧数: 3500
[14:04:07.426] [debug]   收集 IMU [/alphasense_driver_ros/imu] 帧数: 25000
[14:04:09.243] [debug]   收集相机 [/alphasense_driver_ros/cam3/compressed] 帧数: 4000
[14:04:09.244] [debug]   收集相机 [/alphasense_driver_ros/cam4/compressed] 帧数: 4000
[14:04:09.245] [debug]   收集相机 [/alphasense_driver_ros/cam0/compressed] 帧数: 4000
[14:04:09.246] [debug]   收集相机 [/alphasense_driver_ros/cam1/compressed] 帧数: 4000
[14:04:12.695] [debug]   收集相机 [/alphasense_driver_ros/cam3/compressed] 帧数: 4500
[14:04:12.705] [debug]   收集 LiDAR [/os_cloud_node/points] 帧数: 1500
[14:04:12.706] [debug]   收集相机 [/alphasense_driver_ros/cam4/compressed] 帧数: 4500
[14:04:12.707] [debug]   收集相机 [/alphasense_driver_ros/cam0/compressed] 帧数: 4500
[14:04:12.708] [debug]   收集相机 [/alphasense_driver_ros/cam1/compressed] 帧数: 4500
[14:04:12.709] [debug]   收集 IMU [/os_cloud_node/imu] 帧数: 15000
[14:04:12.733] [debug]   收集 IMU [/alphasense_driver_ros/imu] 帧数: 30000
[14:04:14.785] [info] [Ros2BagDataSource] 加载完成 (所有话题按话题名存储，可通过 sensor_id 或话题名选择):
[14:04:14.785] [info]   LiDAR [/os_cloud_node/points]: 1577 帧
[14:04:14.785] [info]   相机 [/alphasense_driver_ros/cam0/compressed]: 4732 帧
[14:04:14.785] [info]   相机 [/alphasense_driver_ros/cam1/compressed]: 4732 帧
[14:04:14.785] [info]   相机 [/alphasense_driver_ros/cam3/compressed]: 4733 帧
[14:04:14.785] [info]   相机 [/alphasense_driver_ros/cam4/compressed]: 4733 帧
[14:04:14.785] [info]   IMU [/alphasense_driver_ros/imu]: 31515 帧
[14:04:14.785] [info]   IMU [/os_cloud_node/imu]: 15772 帧
[14:04:14.786] [info]   选用 LiDAR  lidar_0 -> /os_cloud_node/points
[14:04:14.786] [info]   选用 相机  cam_0 -> /alphasense_driver_ros/cam0/compressed
[14:04:14.786] [info]   选用 IMU    imu_0 -> /os_cloud_node/imu
[14:04:14.786] [info]   时间范围: 1638292235.952 - 1638292393.732 秒
[14:04:14.787] [info] [Ros2BagDataSource] 应用采样/帧数限制...
[14:04:14.803] [info]   LiDAR /os_cloud_node/points 采样后: 800 帧
[14:04:15.251] [info]   相机 /alphasense_driver_ros/cam0/compressed 采样后: 800 帧
[14:04:15.443] [info]   相机 /alphasense_driver_ros/cam1/compressed 采样后: 800 帧
[14:04:15.576] [info]   相机 /alphasense_driver_ros/cam3/compressed 采样后: 800 帧
[14:04:15.675] [info]   相机 /alphasense_driver_ros/cam4/compressed 采样后: 800 帧
[14:04:15.677] [info] [Fine-Auto/LiDAR-Cam] LiDAR 加载完成: 800 帧 (将按相机逐路取帧)
[14:04:15.678] [info] [Fine-Auto] 推断内参: 720x540 fx=648.0 fy=648.0
[14:04:15.678] [info] [Fine-Auto/LiDAR-Cam] 步骤: LiDAR-Camera 标定 相机=cam_0 (方法: 边缘对齐)
[14:04:15.683] [info] [CalibVisualizer] 初始化完成
[14:04:15.683] [info] [Fine-Auto/LiDAR-Cam] 可视化已启用：仅标定结束后显示一帧「图像+点云投影」叠加，不创建 3D 窗口、不泵送其他帧
[14:04:15.683] [info] [Fine-Auto/LiDAR-Cam] 使用粗标定初值 t=[0.123,0.040,-0.058]m
[14:04:15.695] [info] [Fine-Auto] 结果已保存: ./results/lidar_camera_extrinsic/lidar_cam_cam_0_extrinsic.yaml
[14:04:15.695] [info] [Viz] 即将生成投影图并保存到 ./results/lidar_camera_extrinsic/lidar_cam_cam_0_projection.png
[14:04:15.734] [info] 投影可视化保存: ./results/lidar_camera_extrinsic/lidar_cam_cam_0_projection.png
[14:04:15.734] [info] [Viz] 投影图已保存（仅使用配置初值，未做精标定）
[14:04:15.734] [info] [Fine-Auto/LiDAR-Cam] 相机 cam_0 已使用配置初值跳过精标定，直接供手动微调
[14:04:15.734] [info] [Viz/Display] 即将关闭可视化窗口 原因=用户关闭或流程结束 pangolin_running=false
[14:04:15.735] [warning] [Fine-Auto/LiDAR-Cam] 相机 cam_1 无帧，跳过
[14:04:15.735] [warning] [Fine-Auto/LiDAR-Cam] 相机 cam_3 无帧，跳过
[14:04:15.735] [warning] [Fine-Auto/LiDAR-Cam] 相机 cam_4 无帧，跳过
[14:04:15.735] [info] [Fine-Auto/LiDAR-Cam] 精标定完成: 1 个相机  最大 RMS=0.0000 px
[14:04:15.735] [info] [STAGE=lidar_cam_fine_auto] LiDAR-Camera 精标定 完成
[14:04:15.735] [info] [Fine-Auto/LiDAR-Cam] RMS 阈值=2.00 px  最大 RMS=0.0000 px  在阈值内
[14:04:16.043] [info] ━━━━━━━━━━━━━━━━━━━━━━━━━━━━━━━━━━━━━━━━━
[14:04:16.043] [info] ■ 结束阶段: [Fine-Auto] 任务: [lidar_cam_extrin]
[14:04:16.043] [info]   结果: ✓ 成功 | 残差RMS: 0.0000 | 耗时: 142193 ms
[14:04:16.043] [info]   消息: LiDAR-Camera 精标定完成: 1 个相机, 最大 RMS=0.000000 px
[14:04:16.043] [info] [CALC] 阶段结束 stage=Fine-Auto task=lidar_cam_extrin success=true residual_rms=0.000000 elapsed_ms=141885.4 threshold=2.0000
[14:04:16.043] [info] ━━━━━━━━━━━━━━━━━━━━━━━━━━━━━━━━━━━━━━━━━
[14:04:16.043] [info] [Pipeline] 用户已启用手动校准 (--manual), 进入 6-DOF 调整
[14:04:16.043] [info] 
[14:04:16.043] [info] ━━━━━━━━━━━━━━━━━━━━━━━━━━━━━━━━━━━━━━━━━
[14:04:16.043] [info] ▶ 开始阶段: [Manual-Refine] 任务: [lidar_cam_extrin]
[14:04:16.043] [info]   描述: 手动校准: 6-DOF 交互式调整
[14:04:16.043] [info] ━━━━━━━━━━━━━━━━━━━━━━━━━━━━━━━━━━━━━━━━━
[14:04:16.043] [info] [Manual-Refine] 任务: lidar_cam_extrin
[14:04:16.043] [info] [Manual-Refine] 操作说明: Q/A Roll  W/S Pitch  E/D Yaw  R/F Tx  T/G Ty  Y/H Tz  U Undo  Enter 接受  Esc 取消
[14:04:16.044] [info] [ManualSession] 会话ID: session_2026-04-27_14-04-16
[14:04:16.044] [info] [ManualSession] 保存目录: ./results/manual_sessions
[14:04:16.044] [info] [Manual-Refine] 已打开 6-DOF 可视化调整窗口，请在本窗口内按键微调后 Enter 接受或 Esc 取消
[14:04:16.044] [info] [Manual-Refine] LiDAR-Camera 手动调整仅使用首帧匹配数据（第 0 帧点云 + 第 0 帧图像）
[14:04:16.044] [info] [ManualSession] 启动 LiDAR-Camera 手动校准
[14:04:16.044] [info] [ManualSession] 自动标定 RMS: 0.0000 px (阈值建议 < 2.0px)
[14:04:16.044] [debug] [ManualSession] 事件: lidar_cam_start | auto_rms=0.000000
[14:04:16.044] [info] [ManualAdjust] 初始外参:
[14:04:16.044] [info] [ManualAdjust] 当前外参 [lidar_0→cam_0]:
[14:04:16.044] [info]   旋转 RPY: (-58.8701, -88.5405, -31.0062) deg
[14:04:16.044] [info]   平移 XYZ: (0.1230, 0.0399, -0.0577) m
[14:04:16.044] [info] [ManualSession] ===== 手动校准操作说明 =====
[14:04:16.044] [info]   Q/A: Roll ±0.1deg   W/S: Pitch ±0.1deg   E/D: Yaw ±0.1deg
[14:04:16.044] [info]   R/F: Tx ±0.5cm   T/G: Ty ±0.5cm   Y/H: Tz ±0.5cm
[14:04:16.044] [info]   Shift+键: 10倍步长
[14:04:16.044] [info]   P: 进入点击精化模式  U: 撤销  Z: 重做
[14:04:16.044] [info]   S: 保存  ESC: 接受并退出
[14:04:16.044] [info]   点云投影质量越高 (边缘对齐越好) 表示标定越准确
[14:04:16.059] [info] [ManualAdjust] 结果已保存: ./results/lidar_camera_extrinsic/manual_extrinsic_20260427_140416_initial.yaml
[14:04:16.059] [info] [ManualCalib] 交互窗口启动前已自动保存初始状态快照（备用）:
[14:04:16.059] [info]   - 投影图: ./results/lidar_camera_extrinsic/manual_projection_20260427_140416_initial.png
[14:04:16.059] [info]   - 点云:   ./results/lidar_camera_extrinsic/manual_cloud_20260427_140416_initial.pcd
[14:04:16.059] [info]   - 外参:   ./results/lidar_camera_extrinsic/manual_extrinsic_20260427_140416_initial.yaml

(unicalib_lidar_camera:144): dbind-WARNING **: 14:04:16.098: Couldn't connect to accessibility bus: Failed to connect to socket /run/user/1000/at-spi/bus_1: No such file or directory
[14:04:16.152] [info] [ManualCalib] 3D 点云窗口已禁用（避免 VTK 闪退），请在 2D 投影窗口进行微调。按下 'S' 键可手动保存当前微调结果图片和点云。
[14:04:16.152] [info] [ManualCalib] 初始位姿 T_lidar_to_cam:
[14:04:16.152] [info]   - Translation: 0.1230, 0.0399, -0.0577
[14:04:16.152] [info]   - RPY (deg):   90.7545, -179.8846, 91.2509
[14:04:34.611] [info] [ManualSession] 用户取消，保留自动标定结果
[14:04:34.611] [debug] [ManualSession] 事件: lidar_cam_end | final_rms=0.000000
[14:04:34.611] [info] [ManualSession] 会话已保存: ./results/manual_sessions/session_2026-04-27_14-04-16.yaml
[14:04:34.612] [info] ━━━━━━━━━━━━━━━━━━━━━━━━━━━━━━━━━━━━━━━━━
[14:04:34.612] [info] ■ 结束阶段: [Manual-Refine] 任务: [lidar_cam_extrin]
[14:04:34.612] [info]   结果: ✓ 成功 | 残差RMS: 0.0000 | 耗时: 18568 ms
[14:04:34.612] [info]   消息: LiDAR-Camera 手动调整完成
[14:04:34.612] [info] [CALC] 阶段结束 stage=Manual-Refine task=lidar_cam_extrin success=true residual_rms=0.000000 elapsed_ms=18568.3 threshold=-1.0000
[14:04:34.612] [info] ━━━━━━━━━━━━━━━━━━━━━━━━━━━━━━━━━━━━━━━━━
[14:04:34.612] [info] ====== Pipeline Report: pipeline_20260427_140153 ======
[14:04:34.612] [info]   Total time: 160453.7 ms
[14:04:34.612] [info]   All stages succeeded: YES
[14:04:34.612] [info]   标定质量: 各阶段 RMS 均在阈值内
[14:04:34.612] [info]   [Coarse-AI-lidar_cam_extrin] success=true rms=0.0000 time=0.0ms: 使用配置 initial_extrinsic 作为粗标定结果，精标定将以此起步
[14:04:34.612] [info]   [Fine-Auto-lidar_cam_extrin] success=true rms=0.0000 time=141885.4ms: LiDAR-Camera 精标定完成: 1 个相机, 最大 RMS=0.000000 px
[14:04:34.612] [info]   [Manual-Refine-lidar_cam_extrin] success=true rms=0.0000 time=18568.3ms: LiDAR-Camera 手动调整完成

╔══════════════════════════════════════════════════════╗
║              标定参数汇总                            ║
╠══════════════════════════════════════════════════════╣
║ 外参:
║   lidar_0->cam_0:
║     R(RPY°): [-58.87, -88.54, -31.01]
║     T(m):    [0.12, 0.04, -0.06]
║     时偏(s): 0.00
║     RMS:     0.00 ✗
╚══════════════════════════════════════════════════════╝

[14:04:34.612] [info] ================================
[14:04:34.613] [info] Pipeline report saved: ./results/pipeline_report_20260427_140153.yaml
[14:04:34.614] [info] ====== Pipeline Report: pipeline_20260427_140153 ======
[14:04:34.614] [info]   Total time: 160453.7 ms
[14:04:34.614] [info]   All stages succeeded: YES
[14:04:34.614] [info]   标定质量: 各阶段 RMS 均在阈值内
[14:04:34.614] [info]   [Coarse-AI-lidar_cam_extrin] success=true rms=0.0000 time=0.0ms: 使用配置 initial_extrinsic 作为粗标定结果，精标定将以此起步
[14:04:34.614] [info]   [Fine-Auto-lidar_cam_extrin] success=true rms=0.0000 time=141885.4ms: LiDAR-Camera 精标定完成: 1 个相机, 最大 RMS=0.000000 px
[14:04:34.614] [info]   [Manual-Refine-lidar_cam_extrin] success=true rms=0.0000 time=18568.3ms: LiDAR-Camera 手动调整完成

╔══════════════════════════════════════════════════════╗
║              标定参数汇总                            ║
╠══════════════════════════════════════════════════════╣
║ 外参:
║   lidar_0->cam_0:
║     R(RPY°): [-58.87, -88.54, -31.01]
║     T(m):    [0.12, 0.04, -0.06]
║     时偏(s): 0.00
║     RMS:     0.00 ✗
╚══════════════════════════════════════════════════════╝

[14:04:34.614] [info] ================================
[14:04:34.614] [info] ━━━━━━━━━━━━━━━━━━━━━━━━━━━━━━━━━━━━
[14:04:34.614] [info] LiDAR-Camera 标定流程完成
[14:04:34.614] [info] 结果目录: ./results
[14:04:34.614] [info] 标定流程正常退出 exit_code=0
[14:04:34.614] [info] ━━━━━━━━━━━━━━━━━━━━━━━━━━━━━━━━━━━━
