
 ╔═══════════════════════════════════════════════════════╗
 ║   UniCalib — LiDAR-Camera 外参标定                    ║
 ║   两阶段: AI粗标定(MIAS-LCEC) → 无目标边缘精标定      ║
 ║   手动校准: --manual 触发 6-DOF 交互式调整             ║
 ╚═══════════════════════════════════════════════════════╝

[2026-04-09 19:44:10.124] [info] [LiDAR-Camera] [:] ━━━━━━━━━━━━━━━━━━━━━━━━━━━━━━━━━━━━
[2026-04-09 19:44:10.124] [info] [LiDAR-Camera] [:] 配置文件: /root/calib_ws/calib_unified/config/unicalib_example.yaml
[2026-04-09 19:44:10.124] [info] [LiDAR-Camera] [:] 输出目录: /root/calib_ws/results
[2026-04-09 19:44:10.124] [info] [LiDAR-Camera] [:] 数据根目录: /root/calib_ws/data (--data-dir 或 CALIB_DATA_DIR)
[2026-04-09 19:44:10.124] [info] [LiDAR-Camera] [:] 精标定方法: edge (无目标优先=true)
[2026-04-09 19:44:10.124] [info] [LiDAR-Camera] [:] AI粗标定: true | 手动校准: true
[2026-04-09 19:44:10.124] [info] [LiDAR-Camera] [:] ━━━━━━━━━━━━━━━━━━━━━━━━━━━━━━━━━━━━
[2026-04-09 19:44:10.125] [info] [LiDAR-Camera] [:] 读取系统配置: /root/calib_ws/calib_unified/config/unicalib_example.yaml
[2026-04-09 19:44:10.126] [info] [LiDAR-Camera] [:]   IMU: 0, LiDAR: 1, Camera: 3
[2026-04-09 19:44:10.126] [info] [LiDAR-Camera] [:] ━━━━━━━━━━━━━━━━━━━━━━━━━━━━━━━━━━━━ [数据路径] ━━━━━━━━━━━━━━━━━━━━━━━━━━━━━
[2026-04-09 19:44:10.126] [info] [LiDAR-Camera] [:]   数据路径来源: 统一格式 (data.lidar.<id> / data.camera.<id>.images_dir)
[2026-04-09 19:44:10.126] [info] [LiDAR-Camera] [:]   配置原始值 — lidar:  nuscenes_trainval/lidar_top_pcd
[2026-04-09 19:44:10.126] [info] [LiDAR-Camera] [:]   配置原始值 — camera: nuscenes_trainval/cam_front
[2026-04-09 19:44:10.126] [info] [LiDAR-Camera] [:]   base_data_dir:  /root/calib_ws/data
[2026-04-09 19:44:10.126] [info] [LiDAR-Camera] [:]   base 来源: 命令行 --data-dir
[2026-04-09 19:44:10.126] [info] [LiDAR-Camera] [:]   lidar_dir:      /root/calib_ws/data/nuscenes_trainval/lidar_top_pcd
[2026-04-09 19:44:10.126] [info] [LiDAR-Camera] [:]     → 相对路径，已与 base 拼接
[2026-04-09 19:44:10.126] [info] [LiDAR-Camera] [:]     → 存在: 是
[2026-04-09 19:44:10.126] [info] [LiDAR-Camera] [:]   camera_dir:     /root/calib_ws/data/nuscenes_trainval/cam_front
[2026-04-09 19:44:10.126] [info] [LiDAR-Camera] [:]     → 相对路径，已与 base 拼接
[2026-04-09 19:44:10.126] [info] [LiDAR-Camera] [:]     → 存在: 是
[2026-04-09 19:44:10.126] [info] [LiDAR-Camera] [:]   【数据就绪】是 — 点云与图像目录均存在，将执行精标定
[2026-04-09 19:44:10.126] [info] [LiDAR-Camera] [:]   说明: 使用 --dataset 时请将 data.lidar/data.camera 设为相对 base 的路径（如 pcd、images），不要使用 /path/to/... 占位符
[2026-04-09 19:44:10.126] [info] [LiDAR-Camera] [:] ━━━━━━━━━━━━━━━━━━━━━━━━━━━━━━━━━━━━━━━━━━━━━━━━━━━━━━━━━━━━━━━━━━━━━━━━━━━━
[2026-04-09 19:44:10.126] [info] [LiDAR-Camera] [:] 读取系统配置: /root/calib_ws/calib_unified/config/unicalib_example.yaml
[2026-04-09 19:44:10.127] [info] [LiDAR-Camera] [:]   IMU: 0, LiDAR: 1, Camera: 3
[2026-04-09 19:44:10.127] [info] [LiDAR-Camera] [:] 读取系统配置: /root/calib_ws/calib_unified/config/unicalib_example.yaml
[2026-04-09 19:44:10.128] [info] [LiDAR-Camera] [:]   IMU: 0, LiDAR: 1, Camera: 3
[2026-04-09 19:44:10.128] [info] [LiDAR-Camera] [:] [数据源] 类型=FILES  lidar_dir=/root/calib_ws/data/nuscenes_trainval/lidar_top_pcd  camera_dir=/root/calib_ws/data/nuscenes_trainval/cam_front
[2026-04-09 19:44:10.128] [info] [LiDAR-Camera] [:] [CalibPipeline] 初始化 ID=pipeline_20260409_194410
[2026-04-09 19:44:10.128] [info] [LiDAR-Camera] [:] [CalibPipeline] 输出目录: ./results
[2026-04-09 19:44:10.128] [info] [LiDAR-Camera] [:] [CalibPipeline] 无目标优先: true
[2026-04-09 19:44:10.128] [info] [LiDAR-Camera] [:] [CalibPipeline] 任务掩码: 0x10
[2026-04-09 19:44:10.128] [info] [LiDAR-Camera] [:] ▶ Stage 1: AI 粗标定 (MIAS-LCEC)
[2026-04-09 19:44:10.128] [info] [LiDAR-Camera] [:]   模型路径: /root/calib_ws/MIAS-LCEC (粗标定使用 pretrained_overlap_transformer.pth.tar)
[2026-04-09 19:44:11.070] [info] [LiDAR-Camera] [:] [AI-Calib] DM-Calib 配置的 Python 无 torch，改用已装 torch 的 Python: python3
[2026-04-09 19:44:11.070] [info] [LiDAR-Camera] [:] [AI-Calib] ===== AI 模型可用性检查 =====
[2026-04-09 19:44:11.070] [info] [LiDAR-Camera] [:] [DM-Calib] 可用性检查 失败 原因=推理脚本不存在 路径=/root/calib_ws/DM-Calib/DMCalib/tools/infer_unicalib.py
[2026-04-09 19:44:11.070] [info] [LiDAR-Camera] [:]   DM-Calib (相机内参):      ✗ 不可用
[2026-04-09 19:44:11.070] [info] [LiDAR-Camera] [:]   MIAS-LCEC (LiDAR-Cam):   ✓ 可用
[2026-04-09 19:44:11.070] [info] [LiDAR-Camera] [:] [TransformerIMU] 不可用: 脚本不存在 script=/root/calib_ws/Transformer-IMU-Calibrator/eval_unicalib.py
[2026-04-09 19:44:11.070] [info] [LiDAR-Camera] [:]   Transformer-IMU (IMU内参): ✗ 不可用
[2026-04-09 19:44:11.070] [info] [LiDAR-Camera] [:]   L2Calib (IMU-LiDAR):     ✗ 不可用
[2026-04-09 19:44:11.070] [info] [LiDAR-Camera] [:] [AI-Calib] ================================
[2026-04-09 19:44:11.070] [info] [LiDAR-Camera] [:]   [Stage 1] MIAS-LCEC 可用: 是 (粗标定支持: 1) 指定 coarse_pcd_file/coarse_image_file 2) 从当前数据源取首帧，同相机内参)
[2026-04-09 19:44:11.071] [info] [LiDAR-Camera] [:]   [Stage 1] 粗标定输入来源: 文件目录首帧  PCD=/root/calib_ws/data/nuscenes_trainval/lidar_top_pcd/0000000000.pcd  图像=/root/calib_ws/data/nuscenes_trainval/cam_front/0000000000.jpg
[2026-04-09 19:44:11.071] [warning] [LiDAR-Camera] [:]   [Stage 1] 粗标定前内参仍为 0，Python 端可能无法正确投影；请配置 camera_intrinsic_file 或确保从 ROS2 首帧已推断
[2026-04-09 19:44:11.071] [info] [LiDAR-Camera] [:]   [Stage 1] 标定对: lidar_id=imu_0  camera_id=cam_front
[2026-04-09 19:44:11.071] [info] [LiDAR-Camera] [:]   [Stage 1] 调用粗标定: pcd=/root/calib_ws/data/nuscenes_trainval/lidar_top_pcd/0000000000.pcd  image=/root/calib_ws/data/nuscenes_trainval/cam_front/0000000000.jpg 内参: fx=0.0 尺寸=0x0
[2026-04-09 19:44:11.071] [info] [LiDAR-Camera] [:] [AI-Calib] LiDAR-Cam 粗估 (MIAS-LCEC) lidar_0→cam_0
[2026-04-09 19:44:11.071] [info] [LiDAR-Camera] [:] [MIAS-LCEC] 仓库: /root/calib_ws/calib_unified 脚本: scripts/run_lidar_cam_coarse.py 实际传入模型路径: /root/calib_ws/MIAS-LCEC/model/mobile_sam.pt
[2026-04-09 19:44:11.071] [warning] [LiDAR-Camera] [:] [MIAS-LCEC] sensor_config 内参无效 (width=0 height=0 fx=0 fy=0)，Python 端将无法正确投影；请配置 camera_intrinsic_file 或从首帧推断
[2026-04-09 19:44:11.072] [info] [LiDAR-Camera] [:] [MIAS-LCEC] 子进程 Python: python3 (已绕过 wrapper)
[2026-04-09 19:44:11.072] [info] [LiDAR-Camera] [:] [MIAS-LCEC] 粗标定尝试 1/2  (首次), 超时=180s
[2026-04-09 19:44:11.072] [info] [LiDAR-Camera] [:] [MIAS-LCEC] 执行命令 (python3+PYTHONPATH): python3 /root/calib_ws/calib_unified/scripts/run_lidar_cam_coarse.py --pcd /root/calib_ws/data/nuscenes_trainval/lidar_top_pcd/0000000000.pcd --image /root/calib_ws/data/nuscenes_trainval/cam_front/0000000000.jpg --sensor_config /tmp/mias_work/sensor_config.yaml --output_dir /tmp/mias_work/output --quality-ncc-good 0.300000 --quality-ncc-acceptable 0.200000 --quality-rms-good-px 2.000000 --quality-rms-acceptable-px 5.000000 --quality-inlier-ratio-good 0.600000 --quality-inlier-ratio-acceptable 0.400000 --model_path /root/calib_ws/MIAS-LCEC/model/mobile_sam.pt --mias_repo /root/calib_ws/calib_unified --no-require-model
[2026-04-09 19:44:11.212] [info] [LiDAR-Camera] [:] [MIAS-LCEC] 子进程: [2026-04-09 19:44:11.212] [INFO] 环境: numpy=2.2.6
[2026-04-09 19:44:11.212] [info] [LiDAR-Camera] [:] [MIAS-LCEC] 子进程: [2026-04-09 19:44:11.212] [INFO] ======== 粗标定开始 ========
[2026-04-09 19:44:11.212] [info] [LiDAR-Camera] [:] [MIAS-LCEC] 子进程: [2026-04-09 19:44:11.212] [INFO] 输入: pcd=/root/calib_ws/data/nuscenes_trainval/lidar_top_pcd/0000000000.pcd  image=/root/calib_ws/data/nuscenes_trainval/cam_front/0000000000.jpg  sensor_config=/tmp/mias_work/sensor_config.yaml  output_dir=/tmp/mias_work/output
[2026-04-09 19:44:11.212] [info] [LiDAR-Camera] [:] [MIAS-LCEC] 子进程: [2026-04-09 19:44:11.212] [INFO] [步骤 1/4] 读取 sensor_config...
[2026-04-09 19:44:11.222] [info] [LiDAR-Camera] [:] [MIAS-LCEC] 子进程: [2026-04-09 19:44:11.222] [INFO] 读取 sensor_config: /tmp/mias_work/sensor_config.yaml
[2026-04-09 19:44:11.223] [info] [LiDAR-Camera] [:] [MIAS-LCEC] 子进程: [2026-04-09 19:44:11.223] [INFO] 相机内参: fx=0.00 fy=0.00 cx=0.00 cy=0.00 width=0 height=0
[2026-04-09 19:44:11.223] [info] [LiDAR-Camera] [:] [MIAS-LCEC] 子进程: [2026-04-09 19:44:11.223] [WARNING] sensor_config 内参为 0 或尺寸无效，将导致投影失败；请确保 C++ 端配置 camera_intrinsic_file 或从首帧推断内参
[2026-04-09 19:44:11.223] [info] [LiDAR-Camera] [:] [MIAS-LCEC] 子进程: [2026-04-09 19:44:11.223] [INFO] [步骤 2/4] 读取 PCD...
[2026-04-09 19:44:11.262] [info] [LiDAR-Camera] [:] [MIAS-LCEC] 子进程: [2026-04-09 19:44:11.262] [INFO] PCD 加载方式: ASCII (优先，避免 Open3D/NumPy 2.x 兼容问题)  路径=/root/calib_ws/data/nuscenes_trainval/lidar_top_pcd/0000000000.pcd
[2026-04-09 19:44:11.262] [info] [LiDAR-Camera] [:] [MIAS-LCEC] 子进程: [2026-04-09 19:44:11.262] [INFO] 点云规模: 43360 点  范围 X[-59.39, 255.00] Y[-66.74, 255.00] Z[-90.42, 171.00]
[2026-04-09 19:44:11.262] [info] [LiDAR-Camera] [:] [MIAS-LCEC] 子进程: [2026-04-09 19:44:11.262] [INFO] [步骤 2/4] PCD 读取完成  点数=43360
[2026-04-09 19:44:11.262] [info] [LiDAR-Camera] [:] [MIAS-LCEC] 子进程: [2026-04-09 19:44:11.262] [INFO] [步骤 3/4] 读取图像 (优先 Pillow，避免 NumPy 2.x 下 cv2 崩溃)...
[2026-04-09 19:44:11.301] [info] [LiDAR-Camera] [:] [MIAS-LCEC] 子进程: [2026-04-09 19:44:11.301] [INFO] 图像加载: Pillow  路径=/root/calib_ws/data/nuscenes_trainval/cam_front/0000000000.jpg  尺寸=1600x900 (避免 NumPy 2.x 下 cv2 崩溃)
[2026-04-09 19:44:11.301] [info] [LiDAR-Camera] [:] [MIAS-LCEC] 子进程: [2026-04-09 19:44:11.301] [INFO] [步骤 3/4] 图像读取完成  尺寸=1600x900
[2026-04-09 19:44:11.301] [info] [LiDAR-Camera] [:] [MIAS-LCEC] 子进程: [2026-04-09 19:44:11.301] [INFO] [粗标定] ===== 尝试深度模型推理 =====
[2026-04-09 19:44:11.301] [info] [LiDAR-Camera] [:] [MIAS-LCEC] 子进程: [2026-04-09 19:44:11.301] [INFO] [粗标定] 配置: model_path=/root/calib_ws/MIAS-LCEC/model/mobile_sam.pt
[2026-04-09 19:44:11.301] [info] [LiDAR-Camera] [:] [MIAS-LCEC] 子进程: [2026-04-09 19:44:11.301] [INFO] [粗标定] 配置: mias_repo=/root/calib_ws/calib_unified
[2026-04-09 19:44:11.301] [info] [LiDAR-Camera] [:] [MIAS-LCEC] 子进程: [2026-04-09 19:44:11.301] [INFO] [粗标定] require_model=False
[2026-04-09 19:44:11.302] [info] [LiDAR-Camera] [:] [MIAS-LCEC] 子进程: [2026-04-09 19:44:11.302] [INFO] [粗标定] mias_lcec_infer 导入成功
[2026-04-09 19:44:11.302] [info] [LiDAR-Camera] [:] [MIAS-LCEC] 子进程: [2026-04-09 19:44:11.302] [INFO] [粗标定] 开始调用深度模型推理...
[2026-04-09 19:44:11.302] [info] [LiDAR-Camera] [:] [MIAS-LCEC] 子进程: [2026-04-09 19:44:11.302] [INFO] [粗标定] 输入: pcd=/root/calib_ws/data/nuscenes_trainval/lidar_top_pcd/0000000000.pcd image=/root/calib_ws/data/nuscenes_trainval/cam_front/0000000000.jpg
[2026-04-09 19:44:11.302] [info] [LiDAR-Camera] [:] [MIAS-LCEC] 子进程: [MIAS_LCEC_INFER 2026-04-09 19:44:11.302] [WARNING] [MIAS-LCEC 推理] 未使用深度模型: 模型文件不存在或未配置 model_path=/root/calib_ws/MIAS-LCEC/model/mobile_sam.pt
[2026-04-09 19:44:11.302] [info] [LiDAR-Camera] [:] [MIAS-LCEC] 子进程: [2026-04-09 19:44:11.302] [INFO] [粗标定] 推理完成，返回值类型: None
[2026-04-09 19:44:11.302] [info] [LiDAR-Camera] [:] [MIAS-LCEC] 子进程: [2026-04-09 19:44:11.302] [WARNING] [粗标定] 深度模型未返回结果 (require_model=false)，将回退 PnP 几何初值；请检查: 1) MIAS-LCEC 仓库是否有 infer_unicalib.py 或 LcMatch_CApi 2) Python 版本是否为 3.10 (LcMatch_CApi 需要) 3) model_path 是否正确
[2026-04-09 19:44:11.302] [info] [LiDAR-Camera] [:] [MIAS-LCEC] 子进程: [2026-04-09 19:44:11.302] [WARNING] [粗标定] ★ 结论: 未使用深度模型，将回退 PnP；原因见上方 [MIAS_LCEC_INFER] 错误日志（如 Read-only file system、ImportError 等）
[2026-04-09 19:44:11.516] [info] [LiDAR-Camera] [:] [MIAS-LCEC] 子进程: A module that was compiled using NumPy 1.x cannot be run in
[2026-04-09 19:44:11.516] [info] [LiDAR-Camera] [:] [MIAS-LCEC] 子进程: NumPy 2.2.6 as it may crash. To support both 1.x and 2.x
[2026-04-09 19:44:11.516] [info] [LiDAR-Camera] [:] [MIAS-LCEC] 子进程: versions of NumPy, modules must be compiled with NumPy 2.0.
[2026-04-09 19:44:11.516] [info] [LiDAR-Camera] [:] [MIAS-LCEC] 子进程: Some module may need to rebuild instead e.g. with 'pybind11>=2.12'.
[2026-04-09 19:44:11.516] [info] [LiDAR-Camera] [:] [MIAS-LCEC] 子进程: If you are a user of the module, the easiest solution will be to
[2026-04-09 19:44:11.516] [info] [LiDAR-Camera] [:] [MIAS-LCEC] 子进程: downgrade to 'numpy<2' or try to upgrade the affected module.
[2026-04-09 19:44:11.516] [info] [LiDAR-Camera] [:] [MIAS-LCEC] 子进程: We expect that some modules will need time to support NumPy 2.
[2026-04-09 19:44:11.516] [info] [LiDAR-Camera] [:] [MIAS-LCEC] 子进程: Traceback (most recent call last):  File "/root/calib_ws/calib_unified/scripts/run_lidar_cam_coarse.py", line 698, in <module>
[2026-04-09 19:44:11.516] [info] [LiDAR-Camera] [:] [MIAS-LCEC] 子进程:     sys.exit(main_with_traceback())
[2026-04-09 19:44:11.516] [info] [LiDAR-Camera] [:] [MIAS-LCEC] 子进程:   File "/root/calib_ws/calib_unified/scripts/run_lidar_cam_coarse.py", line 689, in main_with_traceback
[2026-04-09 19:44:11.516] [info] [LiDAR-Camera] [:] [MIAS-LCEC] 子进程:     return main()
[2026-04-09 19:44:11.516] [info] [LiDAR-Camera] [:] [MIAS-LCEC] 子进程:   File "/root/calib_ws/calib_unified/scripts/run_lidar_cam_coarse.py", line 567, in main
[2026-04-09 19:44:11.516] [info] [LiDAR-Camera] [:] [MIAS-LCEC] 子进程:     if not _check_cv2_available():
[2026-04-09 19:44:11.516] [info] [LiDAR-Camera] [:] [MIAS-LCEC] 子进程:   File "/root/calib_ws/calib_unified/scripts/run_lidar_cam_coarse.py", line 259, in _check_cv2_available
[2026-04-09 19:44:11.516] [info] [LiDAR-Camera] [:] [MIAS-LCEC] 子进程:     import cv2  # noqa: F401
[2026-04-09 19:44:11.516] [info] [LiDAR-Camera] [:] [MIAS-LCEC] 子进程:   File "/usr/local/lib/python3.10/dist-packages/cv2/__init__.py", line 181, in <module>
[2026-04-09 19:44:11.516] [info] [LiDAR-Camera] [:] [MIAS-LCEC] 子进程:     bootstrap()
[2026-04-09 19:44:11.516] [info] [LiDAR-Camera] [:] [MIAS-LCEC] 子进程:   File "/usr/local/lib/python3.10/dist-packages/cv2/__init__.py", line 153, in bootstrap
[2026-04-09 19:44:11.516] [info] [LiDAR-Camera] [:] [MIAS-LCEC] 子进程:     native_module = importlib.import_module("cv2")
[2026-04-09 19:44:11.516] [info] [LiDAR-Camera] [:] [MIAS-LCEC] 子进程:   File "/usr/lib/python3.10/importlib/__init__.py", line 126, in import_module
[2026-04-09 19:44:11.516] [info] [LiDAR-Camera] [:] [MIAS-LCEC] 子进程:     return _bootstrap._gcd_import(name[level:], package, level)
[2026-04-09 19:44:11.516] [info] [LiDAR-Camera] [:] [MIAS-LCEC] 子进程: AttributeError: _ARRAY_API not found
[2026-04-09 19:44:11.516] [info] [LiDAR-Camera] [:] [MIAS-LCEC] 子进程: [2026-04-09 19:44:11.516] [WARNING] [粗标定] cv2 不可用 (ImportError)，跳过 PnP，将输出 identity。原因: numpy.core.multiarray failed to import
[2026-04-09 19:44:11.516] [info] [LiDAR-Camera] [:] [MIAS-LCEC] 子进程: [2026-04-09 19:44:11.516] [WARNING] [粗标定] cv2 不可用，不调用 PnP，输出 identity；精标定可能无法收敛，建议修复环境后重试
[2026-04-09 19:44:11.516] [info] [LiDAR-Camera] [:] [MIAS-LCEC] 子进程: [2026-04-09 19:44:11.516] [INFO] [粗标定] 方法=identity  输出 t=[0, 0, 0]  (精标定可能无法收敛，建议检查 PnP 或深度模型)
[2026-04-09 19:44:11.518] [info] [LiDAR-Camera] [:] [MIAS-LCEC] 子进程: [2026-04-09 19:44:11.516] [INFO] [步骤 4/5] 写入 extrinsic_result.yaml...
[2026-04-09 19:44:11.518] [info] [LiDAR-Camera] [:] [MIAS-LCEC] 子进程: [2026-04-09 19:44:11.518] [INFO] 已写出 extrinsic_result.yaml: /tmp/mias_work/output/extrinsic_result.yaml  translation=[0.0000, 0.0000, 0.0000]
[2026-04-09 19:44:11.518] [info] [LiDAR-Camera] [:] [MIAS-LCEC] 子进程: [2026-04-09 19:44:11.518] [INFO] [步骤 5/5] 生成 quality_report.yaml...
[2026-04-09 19:44:11.794] [info] [LiDAR-Camera] [:] [MIAS-LCEC] 子进程: A module that was compiled using NumPy 1.x cannot be run in
[2026-04-09 19:44:11.794] [info] [LiDAR-Camera] [:] [MIAS-LCEC] 子进程: NumPy 2.2.6 as it may crash. To support both 1.x and 2.x
[2026-04-09 19:44:11.794] [info] [LiDAR-Camera] [:] [MIAS-LCEC] 子进程: versions of NumPy, modules must be compiled with NumPy 2.0.
[2026-04-09 19:44:11.794] [info] [LiDAR-Camera] [:] [MIAS-LCEC] 子进程: Some module may need to rebuild instead e.g. with 'pybind11>=2.12'.
[2026-04-09 19:44:11.794] [info] [LiDAR-Camera] [:] [MIAS-LCEC] 子进程: If you are a user of the module, the easiest solution will be to
[2026-04-09 19:44:11.794] [info] [LiDAR-Camera] [:] [MIAS-LCEC] 子进程: downgrade to 'numpy<2' or try to upgrade the affected module.
[2026-04-09 19:44:11.794] [info] [LiDAR-Camera] [:] [MIAS-LCEC] 子进程: We expect that some modules will need time to support NumPy 2.
[2026-04-09 19:44:11.794] [info] [LiDAR-Camera] [:] [MIAS-LCEC] 子进程: Traceback (most recent call last):  File "/root/calib_ws/calib_unified/scripts/run_lidar_cam_coarse.py", line 698, in <module>
[2026-04-09 19:44:11.794] [info] [LiDAR-Camera] [:] [MIAS-LCEC] 子进程:     sys.exit(main_with_traceback())
[2026-04-09 19:44:11.794] [info] [LiDAR-Camera] [:] [MIAS-LCEC] 子进程:   File "/root/calib_ws/calib_unified/scripts/run_lidar_cam_coarse.py", line 689, in main_with_traceback
[2026-04-09 19:44:11.794] [info] [LiDAR-Camera] [:] [MIAS-LCEC] 子进程:     return main()
[2026-04-09 19:44:11.794] [info] [LiDAR-Camera] [:] [MIAS-LCEC] 子进程:   File "/root/calib_ws/calib_unified/scripts/run_lidar_cam_coarse.py", line 636, in main
[2026-04-09 19:44:11.794] [info] [LiDAR-Camera] [:] [MIAS-LCEC] 子进程:     from mias_lcec_pytorch.quality_assessment import assess_calibration_quality
[2026-04-09 19:44:11.794] [info] [LiDAR-Camera] [:] [MIAS-LCEC] 子进程:   File "/root/calib_ws/calib_unified/scripts/mias_lcec_pytorch/__init__.py", line 17, in <module>
[2026-04-09 19:44:11.794] [info] [LiDAR-Camera] [:] [MIAS-LCEC] 子进程:     from .coarse_calib import MIASLCECCoarseCalib
[2026-04-09 19:44:11.794] [info] [LiDAR-Camera] [:] [MIAS-LCEC] 子进程:   File "/root/calib_ws/calib_unified/scripts/mias_lcec_pytorch/coarse_calib.py", line 26, in <module>
[2026-04-09 19:44:11.794] [info] [LiDAR-Camera] [:] [MIAS-LCEC] 子进程:     import torch
[2026-04-09 19:44:11.794] [info] [LiDAR-Camera] [:] [MIAS-LCEC] 子进程:   File "/usr/local/lib/python3.10/dist-packages/torch/__init__.py", line 1382, in <module>
[2026-04-09 19:44:11.794] [info] [LiDAR-Camera] [:] [MIAS-LCEC] 子进程:     from .functional import *  # noqa: F403
[2026-04-09 19:44:11.794] [info] [LiDAR-Camera] [:] [MIAS-LCEC] 子进程:   File "/usr/local/lib/python3.10/dist-packages/torch/functional.py", line 7, in <module>
[2026-04-09 19:44:11.794] [info] [LiDAR-Camera] [:] [MIAS-LCEC] 子进程:     import torch.nn.functional as F
[2026-04-09 19:44:11.794] [info] [LiDAR-Camera] [:] [MIAS-LCEC] 子进程:   File "/usr/local/lib/python3.10/dist-packages/torch/nn/__init__.py", line 1, in <module>
[2026-04-09 19:44:11.794] [info] [LiDAR-Camera] [:] [MIAS-LCEC] 子进程:     from .modules import *  # noqa: F403
[2026-04-09 19:44:11.794] [info] [LiDAR-Camera] [:] [MIAS-LCEC] 子进程:   File "/usr/local/lib/python3.10/dist-packages/torch/nn/modules/__init__.py", line 35, in <module>
[2026-04-09 19:44:11.794] [info] [LiDAR-Camera] [:] [MIAS-LCEC] 子进程:     from .transformer import TransformerEncoder, TransformerDecoder, \
[2026-04-09 19:44:11.794] [info] [LiDAR-Camera] [:] [MIAS-LCEC] 子进程:   File "/usr/local/lib/python3.10/dist-packages/torch/nn/modules/transformer.py", line 20, in <module>
[2026-04-09 19:44:11.794] [info] [LiDAR-Camera] [:] [MIAS-LCEC] 子进程:     device: torch.device = torch.device(torch._C._get_default_device()),  # torch.device('cpu'),
[2026-04-09 19:44:11.794] [info] [LiDAR-Camera] [:] [MIAS-LCEC] 子进程: /usr/local/lib/python3.10/dist-packages/torch/nn/modules/transformer.py:20: UserWarning: Failed to initialize NumPy: _ARRAY_API not found (Triggered internally at ../torch/csrc/utils/tensor_numpy.cpp:84.)
[2026-04-09 19:44:11.794] [info] [LiDAR-Camera] [:] [MIAS-LCEC] 子进程:   device: torch.device = torch.device(torch._C._get_default_device()),  # torch.device('cpu'),
[2026-04-09 19:44:13.016] [info] [LiDAR-Camera] [:] [MIAS-LCEC] 子进程: /usr/local/lib/python3.10/dist-packages/timm/models/layers/__init__.py:49: FutureWarning: Importing from timm.models.layers is deprecated, please import via timm.layers
[2026-04-09 19:44:13.016] [info] [LiDAR-Camera] [:] [MIAS-LCEC] 子进程:   warnings.warn(f"Importing from {__name__} is deprecated, please import via timm.layers", FutureWarning)
[2026-04-09 19:44:13.016] [info] [LiDAR-Camera] [:] [MIAS-LCEC] 子进程: /usr/local/lib/python3.10/dist-packages/timm/models/registry.py:4: FutureWarning: Importing from timm.models.registry is deprecated, please import via timm.models
[2026-04-09 19:44:13.016] [info] [LiDAR-Camera] [:] [MIAS-LCEC] 子进程:   warnings.warn(f"Importing from {__name__} is deprecated, please import via timm.models", FutureWarning)
[2026-04-09 19:44:13.016] [info] [LiDAR-Camera] [:] [MIAS-LCEC] 子进程: /root/calib_ws/calib_unified/thirdparty/MobileSAM/mobile_sam/modeling/tiny_vit_sam.py:656: UserWarning: Overwriting tiny_vit_5m_224 in registry with mobile_sam.modeling.tiny_vit_sam.tiny_vit_5m_224. This is because the name being registered conflicts with an existing name. Please check if this is not expected.
[2026-04-09 19:44:13.016] [info] [LiDAR-Camera] [:] [MIAS-LCEC] 子进程:   return register_model(fn_wrapper)
[2026-04-09 19:44:13.016] [info] [LiDAR-Camera] [:] [MIAS-LCEC] 子进程: /root/calib_ws/calib_unified/thirdparty/MobileSAM/mobile_sam/modeling/tiny_vit_sam.py:656: UserWarning: Overwriting tiny_vit_11m_224 in registry with mobile_sam.modeling.tiny_vit_sam.tiny_vit_11m_224. This is because the name being registered conflicts with an existing name. Please check if this is not expected.
[2026-04-09 19:44:13.016] [info] [LiDAR-Camera] [:] [MIAS-LCEC] 子进程:   return register_model(fn_wrapper)
[2026-04-09 19:44:13.016] [info] [LiDAR-Camera] [:] [MIAS-LCEC] 子进程: /root/calib_ws/calib_unified/thirdparty/MobileSAM/mobile_sam/modeling/tiny_vit_sam.py:656: UserWarning: Overwriting tiny_vit_21m_224 in registry with mobile_sam.modeling.tiny_vit_sam.tiny_vit_21m_224. This is because the name being registered conflicts with an existing name. Please check if this is not expected.
[2026-04-09 19:44:13.016] [info] [LiDAR-Camera] [:] [MIAS-LCEC] 子进程:   return register_model(fn_wrapper)
[2026-04-09 19:44:13.016] [info] [LiDAR-Camera] [:] [MIAS-LCEC] 子进程: /root/calib_ws/calib_unified/thirdparty/MobileSAM/mobile_sam/modeling/tiny_vit_sam.py:656: UserWarning: Overwriting tiny_vit_21m_384 in registry with mobile_sam.modeling.tiny_vit_sam.tiny_vit_21m_384. This is because the name being registered conflicts with an existing name. Please check if this is not expected.
[2026-04-09 19:44:13.016] [info] [LiDAR-Camera] [:] [MIAS-LCEC] 子进程:   return register_model(fn_wrapper)
[2026-04-09 19:44:13.016] [info] [LiDAR-Camera] [:] [MIAS-LCEC] 子进程: /root/calib_ws/calib_unified/thirdparty/MobileSAM/mobile_sam/modeling/tiny_vit_sam.py:656: UserWarning: Overwriting tiny_vit_21m_512 in registry with mobile_sam.modeling.tiny_vit_sam.tiny_vit_21m_512. This is because the name being registered conflicts with an existing name. Please check if this is not expected.
[2026-04-09 19:44:13.016] [info] [LiDAR-Camera] [:] [MIAS-LCEC] 子进程:   return register_model(fn_wrapper)
[2026-04-09 19:44:13.021] [info] [LiDAR-Camera] [:] [MIAS-LCEC] 子进程: [2026-04-09 19:44:13.021] [INFO] 已写出 quality_report.yaml: /tmp/mias_work/output/quality_report.yaml
[2026-04-09 19:44:13.021] [info] [LiDAR-Camera] [:] [MIAS-LCEC] 子进程: [2026-04-09 19:44:13.021] [INFO] 粗标定完成  方法=identity  耗时=1.91s  输出=/tmp/mias_work/output/extrinsic_result.yaml
[2026-04-09 19:44:13.021] [info] [LiDAR-Camera] [:] [MIAS-LCEC] 子进程: [2026-04-09 19:44:13.021] [INFO] [粗标定] ★ 最终: 使用恒等外参 (identity)，未使用深度模型
[2026-04-09 19:44:13.021] [info] [LiDAR-Camera] [:] [MIAS-LCEC] 子进程: [2026-04-09 19:44:13.021] [INFO] ======== 粗标定结束 ========
[2026-04-09 19:44:13.021] [info] [LiDAR-Camera] [:] [MIAS-LCEC] 子进程: [2026-04-09 19:44:13.021] [WARNING] [粗标定] 诊断摘要: 未使用深度模型 (method=identity)，详见上方 [MIAS_LCEC_INFER] 错误与修复建议
[2026-04-09 19:44:13.021] [info] [LiDAR-Camera] [:] [MIAS-LCEC] 子进程: [run_lidar_cam_coarse] OK  method=identity  output=/tmp/mias_work/output/extrinsic_result.yaml  elapsed_s=1.91
[2026-04-09 19:44:14.076] [info] [LiDAR-Camera] [:] [AI-Exec] 子进程完整输出已保存到: /tmp/mias_work/subprocess_1775735051.log
[2026-04-09 19:44:14.076] [info] [LiDAR-Camera] [:] [MIAS-LCEC] 子进程结束  exit_code=0  elapsed_ms=3003  output_exists=yes
[2026-04-09 19:44:14.076] [info] [LiDAR-Camera] [:] [MIAS-LCEC] 粗标定方法: identity)，详见上方 (由子进程 stdout 解析)
[2026-04-09 19:44:14.076] [warning] [LiDAR-Camera] [:] [MIAS-LCEC] ★ 粗标定未使用深度模型，结果来自几何回退(identity)，详见上方)；原因见上方子进程日志或 子进程完整输出
[2026-04-09 19:44:14.076] [info] [LiDAR-Camera] [:] [MIAS-LCEC] 解析结果  t=[0.0000, 0.0000, 0.0000]  is_identity=true
[2026-04-09 19:44:14.076] [warning] [LiDAR-Camera] [:] [MIAS-LCEC] 粗标定结果为 identity，重试  attempt=2/2  显式附加 --use_pnp
[2026-04-09 19:44:14.076] [info] [LiDAR-Camera] [:] [MIAS-LCEC] 粗标定尝试 2/2  (identity 后重试), 超时=180s
[2026-04-09 19:44:14.076] [info] [LiDAR-Camera] [:] [MIAS-LCEC] 执行命令 (python3+PYTHONPATH): python3 /root/calib_ws/calib_unified/scripts/run_lidar_cam_coarse.py --pcd /root/calib_ws/data/nuscenes_trainval/lidar_top_pcd/0000000000.pcd --image /root/calib_ws/data/nuscenes_trainval/cam_front/0000000000.jpg --sensor_config /tmp/mias_work/sensor_config.yaml --output_dir /tmp/mias_work/output --quality-ncc-good 0.300000 --quality-ncc-acceptable 0.200000 --quality-rms-good-px 2.000000 --quality-rms-acceptable-px 5.000000 --quality-inlier-ratio-good 0.600000 --quality-inlier-ratio-acceptable 0.400000 --model_path /root/calib_ws/MIAS-LCEC/model/mobile_sam.pt --mias_repo /root/calib_ws/calib_unified --no-require-model --use_pnp
[2026-04-09 19:44:14.186] [info] [LiDAR-Camera] [:] [MIAS-LCEC] 子进程: [2026-04-09 19:44:14.185] [INFO] 环境: numpy=2.2.6
[2026-04-09 19:44:14.186] [info] [LiDAR-Camera] [:] [MIAS-LCEC] 子进程: [2026-04-09 19:44:14.185] [INFO] ======== 粗标定开始 ========
[2026-04-09 19:44:14.186] [info] [LiDAR-Camera] [:] [MIAS-LCEC] 子进程: [2026-04-09 19:44:14.186] [INFO] 输入: pcd=/root/calib_ws/data/nuscenes_trainval/lidar_top_pcd/0000000000.pcd  image=/root/calib_ws/data/nuscenes_trainval/cam_front/0000000000.jpg  sensor_config=/tmp/mias_work/sensor_config.yaml  output_dir=/tmp/mias_work/output
[2026-04-09 19:44:14.186] [info] [LiDAR-Camera] [:] [MIAS-LCEC] 子进程: [2026-04-09 19:44:14.186] [INFO] [步骤 1/4] 读取 sensor_config...
[2026-04-09 19:44:14.194] [info] [LiDAR-Camera] [:] [MIAS-LCEC] 子进程: [2026-04-09 19:44:14.193] [INFO] 读取 sensor_config: /tmp/mias_work/sensor_config.yaml
[2026-04-09 19:44:14.195] [info] [LiDAR-Camera] [:] [MIAS-LCEC] 子进程: [2026-04-09 19:44:14.195] [INFO] 相机内参: fx=0.00 fy=0.00 cx=0.00 cy=0.00 width=0 height=0
[2026-04-09 19:44:14.195] [info] [LiDAR-Camera] [:] [MIAS-LCEC] 子进程: [2026-04-09 19:44:14.195] [WARNING] sensor_config 内参为 0 或尺寸无效，将导致投影失败；请确保 C++ 端配置 camera_intrinsic_file 或从首帧推断内参
[2026-04-09 19:44:14.195] [info] [LiDAR-Camera] [:] [MIAS-LCEC] 子进程: [2026-04-09 19:44:14.195] [INFO] [步骤 2/4] 读取 PCD...
[2026-04-09 19:44:14.250] [info] [LiDAR-Camera] [:] [MIAS-LCEC] 子进程: [2026-04-09 19:44:14.250] [INFO] PCD 加载方式: ASCII (优先，避免 Open3D/NumPy 2.x 兼容问题)  路径=/root/calib_ws/data/nuscenes_trainval/lidar_top_pcd/0000000000.pcd
[2026-04-09 19:44:14.250] [info] [LiDAR-Camera] [:] [MIAS-LCEC] 子进程: [2026-04-09 19:44:14.250] [INFO] 点云规模: 43360 点  范围 X[-59.39, 255.00] Y[-66.74, 255.00] Z[-90.42, 171.00]
[2026-04-09 19:44:14.250] [info] [LiDAR-Camera] [:] [MIAS-LCEC] 子进程: [2026-04-09 19:44:14.250] [INFO] [步骤 2/4] PCD 读取完成  点数=43360
[2026-04-09 19:44:14.250] [info] [LiDAR-Camera] [:] [MIAS-LCEC] 子进程: [2026-04-09 19:44:14.250] [INFO] [步骤 3/4] 读取图像 (优先 Pillow，避免 NumPy 2.x 下 cv2 崩溃)...
[2026-04-09 19:44:14.278] [info] [LiDAR-Camera] [:] [MIAS-LCEC] 子进程: [2026-04-09 19:44:14.278] [INFO] 图像加载: Pillow  路径=/root/calib_ws/data/nuscenes_trainval/cam_front/0000000000.jpg  尺寸=1600x900 (避免 NumPy 2.x 下 cv2 崩溃)
[2026-04-09 19:44:14.279] [info] [LiDAR-Camera] [:] [MIAS-LCEC] 子进程: [2026-04-09 19:44:14.278] [INFO] [步骤 3/4] 图像读取完成  尺寸=1600x900
[2026-04-09 19:44:14.279] [info] [LiDAR-Camera] [:] [MIAS-LCEC] 子进程: [2026-04-09 19:44:14.278] [INFO] [粗标定] ===== 尝试深度模型推理 =====
[2026-04-09 19:44:14.279] [info] [LiDAR-Camera] [:] [MIAS-LCEC] 子进程: [2026-04-09 19:44:14.278] [INFO] [粗标定] 配置: model_path=/root/calib_ws/MIAS-LCEC/model/mobile_sam.pt
[2026-04-09 19:44:14.279] [info] [LiDAR-Camera] [:] [MIAS-LCEC] 子进程: [2026-04-09 19:44:14.279] [INFO] [粗标定] 配置: mias_repo=/root/calib_ws/calib_unified
[2026-04-09 19:44:14.279] [info] [LiDAR-Camera] [:] [MIAS-LCEC] 子进程: [2026-04-09 19:44:14.279] [INFO] [粗标定] require_model=False
[2026-04-09 19:44:14.280] [info] [LiDAR-Camera] [:] [MIAS-LCEC] 子进程: [2026-04-09 19:44:14.280] [INFO] [粗标定] mias_lcec_infer 导入成功
[2026-04-09 19:44:14.280] [info] [LiDAR-Camera] [:] [MIAS-LCEC] 子进程: [2026-04-09 19:44:14.280] [INFO] [粗标定] 开始调用深度模型推理...
[2026-04-09 19:44:14.280] [info] [LiDAR-Camera] [:] [MIAS-LCEC] 子进程: [2026-04-09 19:44:14.280] [INFO] [粗标定] 输入: pcd=/root/calib_ws/data/nuscenes_trainval/lidar_top_pcd/0000000000.pcd image=/root/calib_ws/data/nuscenes_trainval/cam_front/0000000000.jpg
[2026-04-09 19:44:14.280] [info] [LiDAR-Camera] [:] [MIAS-LCEC] 子进程: [MIAS_LCEC_INFER 2026-04-09 19:44:14.280] [WARNING] [MIAS-LCEC 推理] 未使用深度模型: 模型文件不存在或未配置 model_path=/root/calib_ws/MIAS-LCEC/model/mobile_sam.pt
[2026-04-09 19:44:14.280] [info] [LiDAR-Camera] [:] [MIAS-LCEC] 子进程: [2026-04-09 19:44:14.280] [INFO] [粗标定] 推理完成，返回值类型: None
[2026-04-09 19:44:14.280] [info] [LiDAR-Camera] [:] [MIAS-LCEC] 子进程: [2026-04-09 19:44:14.280] [WARNING] [粗标定] 深度模型未返回结果 (require_model=false)，将回退 PnP 几何初值；请检查: 1) MIAS-LCEC 仓库是否有 infer_unicalib.py 或 LcMatch_CApi 2) Python 版本是否为 3.10 (LcMatch_CApi 需要) 3) model_path 是否正确
[2026-04-09 19:44:14.280] [info] [LiDAR-Camera] [:] [MIAS-LCEC] 子进程: [2026-04-09 19:44:14.280] [WARNING] [粗标定] ★ 结论: 未使用深度模型，将回退 PnP；原因见上方 [MIAS_LCEC_INFER] 错误日志（如 Read-only file system、ImportError 等）
[2026-04-09 19:44:14.376] [info] [LiDAR-Camera] [:] [MIAS-LCEC] 子进程: A module that was compiled using NumPy 1.x cannot be run in
[2026-04-09 19:44:14.376] [info] [LiDAR-Camera] [:] [MIAS-LCEC] 子进程: NumPy 2.2.6 as it may crash. To support both 1.x and 2.x
[2026-04-09 19:44:14.376] [info] [LiDAR-Camera] [:] [MIAS-LCEC] 子进程: versions of NumPy, modules must be compiled with NumPy 2.0.
[2026-04-09 19:44:14.376] [info] [LiDAR-Camera] [:] [MIAS-LCEC] 子进程: Some module may need to rebuild instead e.g. with 'pybind11>=2.12'.
[2026-04-09 19:44:14.376] [info] [LiDAR-Camera] [:] [MIAS-LCEC] 子进程: If you are a user of the module, the easiest solution will be to
[2026-04-09 19:44:14.376] [info] [LiDAR-Camera] [:] [MIAS-LCEC] 子进程: downgrade to 'numpy<2' or try to upgrade the affected module.
[2026-04-09 19:44:14.376] [info] [LiDAR-Camera] [:] [MIAS-LCEC] 子进程: We expect that some modules will need time to support NumPy 2.
[2026-04-09 19:44:14.376] [info] [LiDAR-Camera] [:] [MIAS-LCEC] 子进程: Traceback (most recent call last):  File "/root/calib_ws/calib_unified/scripts/run_lidar_cam_coarse.py", line 698, in <module>
[2026-04-09 19:44:14.376] [info] [LiDAR-Camera] [:] [MIAS-LCEC] 子进程:     sys.exit(main_with_traceback())
[2026-04-09 19:44:14.376] [info] [LiDAR-Camera] [:] [MIAS-LCEC] 子进程:   File "/root/calib_ws/calib_unified/scripts/run_lidar_cam_coarse.py", line 689, in main_with_traceback
[2026-04-09 19:44:14.376] [info] [LiDAR-Camera] [:] [MIAS-LCEC] 子进程:     return main()
[2026-04-09 19:44:14.376] [info] [LiDAR-Camera] [:] [MIAS-LCEC] 子进程:   File "/root/calib_ws/calib_unified/scripts/run_lidar_cam_coarse.py", line 567, in main
[2026-04-09 19:44:14.376] [info] [LiDAR-Camera] [:] [MIAS-LCEC] 子进程:     if not _check_cv2_available():
[2026-04-09 19:44:14.376] [info] [LiDAR-Camera] [:] [MIAS-LCEC] 子进程:   File "/root/calib_ws/calib_unified/scripts/run_lidar_cam_coarse.py", line 259, in _check_cv2_available
[2026-04-09 19:44:14.376] [info] [LiDAR-Camera] [:] [MIAS-LCEC] 子进程:     import cv2  # noqa: F401
[2026-04-09 19:44:14.376] [info] [LiDAR-Camera] [:] [MIAS-LCEC] 子进程:   File "/usr/local/lib/python3.10/dist-packages/cv2/__init__.py", line 181, in <module>
[2026-04-09 19:44:14.376] [info] [LiDAR-Camera] [:] [MIAS-LCEC] 子进程:     bootstrap()
[2026-04-09 19:44:14.376] [info] [LiDAR-Camera] [:] [MIAS-LCEC] 子进程:   File "/usr/local/lib/python3.10/dist-packages/cv2/__init__.py", line 153, in bootstrap
[2026-04-09 19:44:14.376] [info] [LiDAR-Camera] [:] [MIAS-LCEC] 子进程:     native_module = importlib.import_module("cv2")
[2026-04-09 19:44:14.376] [info] [LiDAR-Camera] [:] [MIAS-LCEC] 子进程:   File "/usr/lib/python3.10/importlib/__init__.py", line 126, in import_module
[2026-04-09 19:44:14.376] [info] [LiDAR-Camera] [:] [MIAS-LCEC] 子进程:     return _bootstrap._gcd_import(name[level:], package, level)
[2026-04-09 19:44:14.376] [info] [LiDAR-Camera] [:] [MIAS-LCEC] 子进程: AttributeError: _ARRAY_API not found
[2026-04-09 19:44:14.376] [info] [LiDAR-Camera] [:] [MIAS-LCEC] 子进程: [2026-04-09 19:44:14.376] [WARNING] [粗标定] cv2 不可用 (ImportError)，跳过 PnP，将输出 identity。原因: numpy.core.multiarray failed to import
[2026-04-09 19:44:14.376] [info] [LiDAR-Camera] [:] [MIAS-LCEC] 子进程: [2026-04-09 19:44:14.376] [WARNING] [粗标定] cv2 不可用，不调用 PnP，输出 identity；精标定可能无法收敛，建议修复环境后重试
[2026-04-09 19:44:14.376] [info] [LiDAR-Camera] [:] [MIAS-LCEC] 子进程: [2026-04-09 19:44:14.376] [INFO] [粗标定] 方法=identity  输出 t=[0, 0, 0]  (精标定可能无法收敛，建议检查 PnP 或深度模型)
[2026-04-09 19:44:14.376] [info] [LiDAR-Camera] [:] [MIAS-LCEC] 子进程: [2026-04-09 19:44:14.376] [INFO] [步骤 4/5] 写入 extrinsic_result.yaml...
[2026-04-09 19:44:14.376] [info] [LiDAR-Camera] [:] [MIAS-LCEC] 子进程: [2026-04-09 19:44:14.376] [INFO] 已写出 extrinsic_result.yaml: /tmp/mias_work/output/extrinsic_result.yaml  translation=[0.0000, 0.0000, 0.0000]
[2026-04-09 19:44:14.376] [info] [LiDAR-Camera] [:] [MIAS-LCEC] 子进程: [2026-04-09 19:44:14.376] [INFO] [步骤 5/5] 生成 quality_report.yaml...
[2026-04-09 19:44:14.607] [info] [LiDAR-Camera] [:] [MIAS-LCEC] 子进程: A module that was compiled using NumPy 1.x cannot be run in
[2026-04-09 19:44:14.607] [info] [LiDAR-Camera] [:] [MIAS-LCEC] 子进程: NumPy 2.2.6 as it may crash. To support both 1.x and 2.x
[2026-04-09 19:44:14.607] [info] [LiDAR-Camera] [:] [MIAS-LCEC] 子进程: versions of NumPy, modules must be compiled with NumPy 2.0.
[2026-04-09 19:44:14.607] [info] [LiDAR-Camera] [:] [MIAS-LCEC] 子进程: Some module may need to rebuild instead e.g. with 'pybind11>=2.12'.
[2026-04-09 19:44:14.607] [info] [LiDAR-Camera] [:] [MIAS-LCEC] 子进程: If you are a user of the module, the easiest solution will be to
[2026-04-09 19:44:14.607] [info] [LiDAR-Camera] [:] [MIAS-LCEC] 子进程: downgrade to 'numpy<2' or try to upgrade the affected module.
[2026-04-09 19:44:14.607] [info] [LiDAR-Camera] [:] [MIAS-LCEC] 子进程: We expect that some modules will need time to support NumPy 2.
[2026-04-09 19:44:14.607] [info] [LiDAR-Camera] [:] [MIAS-LCEC] 子进程: Traceback (most recent call last):  File "/root/calib_ws/calib_unified/scripts/run_lidar_cam_coarse.py", line 698, in <module>
[2026-04-09 19:44:14.607] [info] [LiDAR-Camera] [:] [MIAS-LCEC] 子进程:     sys.exit(main_with_traceback())
[2026-04-09 19:44:14.607] [info] [LiDAR-Camera] [:] [MIAS-LCEC] 子进程:   File "/root/calib_ws/calib_unified/scripts/run_lidar_cam_coarse.py", line 689, in main_with_traceback
[2026-04-09 19:44:14.607] [info] [LiDAR-Camera] [:] [MIAS-LCEC] 子进程:     return main()
[2026-04-09 19:44:14.607] [info] [LiDAR-Camera] [:] [MIAS-LCEC] 子进程:   File "/root/calib_ws/calib_unified/scripts/run_lidar_cam_coarse.py", line 636, in main
[2026-04-09 19:44:14.607] [info] [LiDAR-Camera] [:] [MIAS-LCEC] 子进程:     from mias_lcec_pytorch.quality_assessment import assess_calibration_quality
[2026-04-09 19:44:14.607] [info] [LiDAR-Camera] [:] [MIAS-LCEC] 子进程:   File "/root/calib_ws/calib_unified/scripts/mias_lcec_pytorch/__init__.py", line 17, in <module>
[2026-04-09 19:44:14.607] [info] [LiDAR-Camera] [:] [MIAS-LCEC] 子进程:     from .coarse_calib import MIASLCECCoarseCalib
[2026-04-09 19:44:14.607] [info] [LiDAR-Camera] [:] [MIAS-LCEC] 子进程:   File "/root/calib_ws/calib_unified/scripts/mias_lcec_pytorch/coarse_calib.py", line 26, in <module>
[2026-04-09 19:44:14.607] [info] [LiDAR-Camera] [:] [MIAS-LCEC] 子进程:     import torch
[2026-04-09 19:44:14.607] [info] [LiDAR-Camera] [:] [MIAS-LCEC] 子进程:   File "/usr/local/lib/python3.10/dist-packages/torch/__init__.py", line 1382, in <module>
[2026-04-09 19:44:14.607] [info] [LiDAR-Camera] [:] [MIAS-LCEC] 子进程:     from .functional import *  # noqa: F403
[2026-04-09 19:44:14.607] [info] [LiDAR-Camera] [:] [MIAS-LCEC] 子进程:   File "/usr/local/lib/python3.10/dist-packages/torch/functional.py", line 7, in <module>
[2026-04-09 19:44:14.607] [info] [LiDAR-Camera] [:] [MIAS-LCEC] 子进程:     import torch.nn.functional as F
[2026-04-09 19:44:14.607] [info] [LiDAR-Camera] [:] [MIAS-LCEC] 子进程:   File "/usr/local/lib/python3.10/dist-packages/torch/nn/__init__.py", line 1, in <module>
[2026-04-09 19:44:14.607] [info] [LiDAR-Camera] [:] [MIAS-LCEC] 子进程:     from .modules import *  # noqa: F403
[2026-04-09 19:44:14.607] [info] [LiDAR-Camera] [:] [MIAS-LCEC] 子进程:   File "/usr/local/lib/python3.10/dist-packages/torch/nn/modules/__init__.py", line 35, in <module>
[2026-04-09 19:44:14.607] [info] [LiDAR-Camera] [:] [MIAS-LCEC] 子进程:     from .transformer import TransformerEncoder, TransformerDecoder, \
[2026-04-09 19:44:14.607] [info] [LiDAR-Camera] [:] [MIAS-LCEC] 子进程:   File "/usr/local/lib/python3.10/dist-packages/torch/nn/modules/transformer.py", line 20, in <module>
[2026-04-09 19:44:14.607] [info] [LiDAR-Camera] [:] [MIAS-LCEC] 子进程:     device: torch.device = torch.device(torch._C._get_default_device()),  # torch.device('cpu'),
[2026-04-09 19:44:14.607] [info] [LiDAR-Camera] [:] [MIAS-LCEC] 子进程: /usr/local/lib/python3.10/dist-packages/torch/nn/modules/transformer.py:20: UserWarning: Failed to initialize NumPy: _ARRAY_API not found (Triggered internally at ../torch/csrc/utils/tensor_numpy.cpp:84.)
[2026-04-09 19:44:14.607] [info] [LiDAR-Camera] [:] [MIAS-LCEC] 子进程:   device: torch.device = torch.device(torch._C._get_default_device()),  # torch.device('cpu'),
[2026-04-09 19:44:15.991] [info] [LiDAR-Camera] [:] [MIAS-LCEC] 子进程: /usr/local/lib/python3.10/dist-packages/timm/models/layers/__init__.py:49: FutureWarning: Importing from timm.models.layers is deprecated, please import via timm.layers
[2026-04-09 19:44:15.991] [info] [LiDAR-Camera] [:] [MIAS-LCEC] 子进程:   warnings.warn(f"Importing from {__name__} is deprecated, please import via timm.layers", FutureWarning)
[2026-04-09 19:44:15.992] [info] [LiDAR-Camera] [:] [MIAS-LCEC] 子进程: /usr/local/lib/python3.10/dist-packages/timm/models/registry.py:4: FutureWarning: Importing from timm.models.registry is deprecated, please import via timm.models
[2026-04-09 19:44:15.992] [info] [LiDAR-Camera] [:] [MIAS-LCEC] 子进程:   warnings.warn(f"Importing from {__name__} is deprecated, please import via timm.models", FutureWarning)
[2026-04-09 19:44:15.992] [info] [LiDAR-Camera] [:] [MIAS-LCEC] 子进程: /root/calib_ws/calib_unified/thirdparty/MobileSAM/mobile_sam/modeling/tiny_vit_sam.py:656: UserWarning: Overwriting tiny_vit_5m_224 in registry with mobile_sam.modeling.tiny_vit_sam.tiny_vit_5m_224. This is because the name being registered conflicts with an existing name. Please check if this is not expected.
[2026-04-09 19:44:15.992] [info] [LiDAR-Camera] [:] [MIAS-LCEC] 子进程:   return register_model(fn_wrapper)
[2026-04-09 19:44:15.992] [info] [LiDAR-Camera] [:] [MIAS-LCEC] 子进程: /root/calib_ws/calib_unified/thirdparty/MobileSAM/mobile_sam/modeling/tiny_vit_sam.py:656: UserWarning: Overwriting tiny_vit_11m_224 in registry with mobile_sam.modeling.tiny_vit_sam.tiny_vit_11m_224. This is because the name being registered conflicts with an existing name. Please check if this is not expected.
[2026-04-09 19:44:15.992] [info] [LiDAR-Camera] [:] [MIAS-LCEC] 子进程:   return register_model(fn_wrapper)
[2026-04-09 19:44:15.992] [info] [LiDAR-Camera] [:] [MIAS-LCEC] 子进程: /root/calib_ws/calib_unified/thirdparty/MobileSAM/mobile_sam/modeling/tiny_vit_sam.py:656: UserWarning: Overwriting tiny_vit_21m_224 in registry with mobile_sam.modeling.tiny_vit_sam.tiny_vit_21m_224. This is because the name being registered conflicts with an existing name. Please check if this is not expected.
[2026-04-09 19:44:15.992] [info] [LiDAR-Camera] [:] [MIAS-LCEC] 子进程:   return register_model(fn_wrapper)
[2026-04-09 19:44:15.992] [info] [LiDAR-Camera] [:] [MIAS-LCEC] 子进程: /root/calib_ws/calib_unified/thirdparty/MobileSAM/mobile_sam/modeling/tiny_vit_sam.py:656: UserWarning: Overwriting tiny_vit_21m_384 in registry with mobile_sam.modeling.tiny_vit_sam.tiny_vit_21m_384. This is because the name being registered conflicts with an existing name. Please check if this is not expected.
[2026-04-09 19:44:15.992] [info] [LiDAR-Camera] [:] [MIAS-LCEC] 子进程:   return register_model(fn_wrapper)
[2026-04-09 19:44:15.992] [info] [LiDAR-Camera] [:] [MIAS-LCEC] 子进程: /root/calib_ws/calib_unified/thirdparty/MobileSAM/mobile_sam/modeling/tiny_vit_sam.py:656: UserWarning: Overwriting tiny_vit_21m_512 in registry with mobile_sam.modeling.tiny_vit_sam.tiny_vit_21m_512. This is because the name being registered conflicts with an existing name. Please check if this is not expected.
[2026-04-09 19:44:15.992] [info] [LiDAR-Camera] [:] [MIAS-LCEC] 子进程:   return register_model(fn_wrapper)
[2026-04-09 19:44:15.998] [info] [LiDAR-Camera] [:] [MIAS-LCEC] 子进程: [2026-04-09 19:44:15.998] [INFO] 已写出 quality_report.yaml: /tmp/mias_work/output/quality_report.yaml
[2026-04-09 19:44:15.998] [info] [LiDAR-Camera] [:] [MIAS-LCEC] 子进程: [2026-04-09 19:44:15.998] [INFO] 粗标定完成  方法=identity  耗时=1.85s  输出=/tmp/mias_work/output/extrinsic_result.yaml
[2026-04-09 19:44:15.998] [info] [LiDAR-Camera] [:] [MIAS-LCEC] 子进程: [2026-04-09 19:44:15.998] [INFO] [粗标定] ★ 最终: 使用恒等外参 (identity)，未使用深度模型
[2026-04-09 19:44:15.998] [info] [LiDAR-Camera] [:] [MIAS-LCEC] 子进程: [2026-04-09 19:44:15.998] [INFO] ======== 粗标定结束 ========
[2026-04-09 19:44:15.998] [info] [LiDAR-Camera] [:] [MIAS-LCEC] 子进程: [2026-04-09 19:44:15.998] [WARNING] [粗标定] 诊断摘要: 未使用深度模型 (method=identity)，详见上方 [MIAS_LCEC_INFER] 错误与修复建议
[2026-04-09 19:44:15.998] [info] [LiDAR-Camera] [:] [MIAS-LCEC] 子进程: [run_lidar_cam_coarse] OK  method=identity  output=/tmp/mias_work/output/extrinsic_result.yaml  elapsed_s=1.85
[2026-04-09 19:44:17.083] [info] [LiDAR-Camera] [:] [AI-Exec] 子进程完整输出已保存到: /tmp/mias_work/subprocess_1775735054.log
[2026-04-09 19:44:17.083] [info] [LiDAR-Camera] [:] [MIAS-LCEC] 子进程结束  exit_code=0  elapsed_ms=3006  output_exists=yes
[2026-04-09 19:44:17.083] [info] [LiDAR-Camera] [:] [MIAS-LCEC] 粗标定方法: identity)，详见上方 (由子进程 stdout 解析)
[2026-04-09 19:44:17.083] [warning] [LiDAR-Camera] [:] [MIAS-LCEC] ★ 粗标定未使用深度模型，结果来自几何回退(identity)，详见上方)；原因见上方子进程日志或 子进程完整输出
[2026-04-09 19:44:17.084] [info] [LiDAR-Camera] [:] [MIAS-LCEC] 解析结果  t=[0.0000, 0.0000, 0.0000]  is_identity=true
[2026-04-09 19:44:17.084] [info] [LiDAR-Camera] [:] [MIAS-LCEC] 第 2 次尝试仍为 identity，使用该结果
[2026-04-09 19:44:17.084] [info] [LiDAR-Camera] [:] [MIAS-LCEC] 粗估外参 最终: t=[0.0000, 0.0000, 0.0000]m  is_identity=true  output=/tmp/mias_work/output/extrinsic_result.yaml (重试后)
[2026-04-09 19:44:17.084] [info] [LiDAR-Camera] [:] [MIAS-LCEC] 粗标定结果来源: identity)，详见上方 (mias_lcec=深度模型, pnp=几何回退, identity=恒等)
[2026-04-09 19:44:17.084] [warning] [LiDAR-Camera] [:] [MIAS-LCEC] 粗标定输出为 identity；精标定可能无法收敛。建议: 1) 查看上方 [PnP] 日志确认网格/回退是否成功 2) 配置 model_path 尝试深度模型 3) 检查内参与数据
[2026-04-09 19:44:17.084] [info] [LiDAR-Camera] [:]   ✓ AI粗标定成功: t=[0.000,0.000,0.000]m
[2026-04-09 19:44:17.084] [info] [LiDAR-Camera] [:]   [Stage 1] 结果: 成功  初值将用于精标定
[2026-04-09 19:44:17.084] [info] [LiDAR-Camera] [:]   [Stage 1] 结果: 成功  精标定初值已就绪
[2026-04-09 19:44:17.084] [info] [LiDAR-Camera] [:] ▶ Stage 2: 精标定 (方法=edge)
[2026-04-09 19:44:17.085] [info] [LiDAR-Camera] [:] ▶ Stage 3: 手动校准 (manual_threshold=2.00px)
[2026-04-09 19:44:17.085] [info] [LiDAR-Camera] [:]   使用 ManualCalibSession 进行 6-DOF 交互式调整
[2026-04-09 19:44:17.085] [info] [LiDAR-Camera] [:]   调用示例:
[2026-04-09 19:44:17.085] [info] [LiDAR-Camera] [:]     ManualCalibSession::SessionConfig sess_cfg;
[2026-04-09 19:44:17.085] [info] [LiDAR-Camera] [:]     sess_cfg.save_dir = "./results/manual_sessions";
[2026-04-09 19:44:17.085] [info] [LiDAR-Camera] [:]     ManualCalibSession session(sess_cfg);
[2026-04-09 19:44:17.085] [info] [LiDAR-Camera] [:]     auto result = session.run_lidar_cam(scan, image, intrin, auto_result, auto_rms);
[2026-04-09 19:44:17.085] [info] [LiDAR-Camera] [:] 
[2026-04-09 19:44:17.085] [info] [LiDAR-Camera] [:] ╔═══════════════════════════════════════════════╗
[2026-04-09 19:44:17.085] [info] [LiDAR-Camera] [:] ║   UniCalib 两阶段标定流水线 — 开始            ║
[2026-04-09 19:44:17.085] [info] [LiDAR-Camera] [:] ║   Pipeline ID: pipeline_20260409_194410       ║
[2026-04-09 19:44:17.085] [info] [LiDAR-Camera] [:] ╚═══════════════════════════════════════════════╝
[2026-04-09 19:44:17.085] [info] [LiDAR-Camera] [:] [Coarse-AI/LiDAR-Cam] enable_coarse_lidar_cam=true → do_coarse=true
[19:44:17.086] [info] 
[19:44:17.086] [info] ━━━━━━━━━━━━━━━━━━━━━━━━━━━━━━━━━━━━━━━━━
[19:44:17.086] [info] ▶ 开始阶段: [Coarse-AI] 任务: [lidar_cam_extrin]
[19:44:17.086] [info]   描述: AI模型提供初始估计值
[19:44:17.086] [info] ━━━━━━━━━━━━━━━━━━━━━━━━━━━━━━━━━━━━━━━━━
[19:44:17.086] [info] [CALC] 粗标定阶段开始 task=lidar_cam_extrin
[19:44:17.086] [info] [Coarse-AI/LiDAR-Cam] 使用主程序已注入的粗标定结果 t=[0.000,0.000,0.000]m，精标定将以此起步
[19:44:17.086] [info] ━━━━━━━━━━━━━━━━━━━━━━━━━━━━━━━━━━━━━━━━━
[19:44:17.086] [info] ■ 结束阶段: [Coarse-AI] 任务: [lidar_cam_extrin]
[19:44:17.086] [info]   结果: ✓ 成功 | 残差RMS: 0.0000 | 耗时: 0 ms
[19:44:17.086] [info]   消息: 使用主程序 Stage1 粗标定结果，作为精标定初值
[19:44:17.086] [info] [CALC] 阶段结束 stage=Coarse-AI task=lidar_cam_extrin success=true residual_rms=0.000000 elapsed_ms=0.0 threshold=-1.0000
[19:44:17.086] [info] ━━━━━━━━━━━━━━━━━━━━━━━━━━━━━━━━━━━━━━━━━
[19:44:17.086] [info] 
[19:44:17.086] [info] ━━━━━━━━━━━━━━━━━━━━━━━━━━━━━━━━━━━━━━━━━
[19:44:17.086] [info] ▶ 开始阶段: [Fine-Auto] 任务: [lidar_cam_extrin]
[19:44:17.086] [info]   描述: 无目标优化
[19:44:17.086] [info] ━━━━━━━━━━━━━━━━━━━━━━━━━━━━━━━━━━━━━━━━━
[19:44:17.086] [info] [CALC] 精标定阶段开始 task=lidar_cam_extrin
[19:44:17.086] [info] [Fine-Auto] 任务: lidar_cam_extrin | 无目标优先: true
[19:44:17.086] [info] [Fine-Auto] 方法: 边缘对齐互信息 (EDGE_ALIGNMENT, 无目标)
[19:44:17.086] [info] [STAGE=lidar_cam_fine_auto] LiDAR-Camera 精标定 开始
[19:44:17.086] [info] [Fine-Auto/LiDAR-Cam] 开始执行精标定...
[19:44:17.086] [info]   [精标定数据源] 类型=FILES  lidar_id=imu_0
[19:44:17.086] [info]   文件目录: lidar=/root/calib_ws/data/nuscenes_trainval/lidar_top_pcd  camera=/root/calib_ws/data/nuscenes_trainval/cam_front
[19:44:17.086] [info] [Fine-Auto/LiDAR-Cam] 步骤: 从文件加载点云
[19:44:20.167] [info] [Fine-Auto/LiDAR-Cam] 点云加载完成 — 100 帧
[19:44:20.639] [info] [Fine-Auto] 推断内参: 1600x900 fx=1440.0 fy=1440.0
[19:44:20.639] [info] [Fine-Auto/LiDAR-Cam] 步骤: LiDAR-Camera 标定 相机=cam_front (方法: 边缘对齐)
[19:44:20.640] [info] [CalibVisualizer] 初始化完成
[19:44:20.640] [info] [Fine-Auto/LiDAR-Cam] 可视化已启用：仅标定结束后显示一帧「图像+点云投影」叠加，不创建 3D 窗口、不泵送其他帧
[19:44:20.640] [info] [Fine-Auto/LiDAR-Cam] 使用粗标定初值 t=[0.000,0.000,0.000]m
[19:44:20.640] [info] [Fine-Auto/LiDAR-Cam] 执行标定 相机=cam_front: 点云 100 帧  图像 100 帧
[19:44:20.641] [info] ╔══════════════════════════════════════════════════════════════════╗
[19:44:20.641] [info] ║         LiDAR-Camera 两阶段标定 - 详细日志                  ║
[19:44:20.641] [info] ╚══════════════════════════════════════════════════════════════════╝
[19:44:20.641] [info] ┌────────────────────────────────────────────────────────────────┐
[19:44:20.641] [info] │ 输入参数:
[19:44:20.641] [info] │   - LiDAR ID: imu_0  图像 ID: cam_front
[19:44:20.641] [info] │   - 点云帧数: 100  图像帧数: 100
[19:44:20.641] [info] │   - 图像尺寸: 1600x900
[19:44:20.641] [info] │   - 相机内参: fx=1440.00 fy=1440.00 cx=800.00 cy=450.00
[19:44:20.641] [info] │   - 优先无目标方法: 是(边缘对齐)
[19:44:20.641] [info] │   - 粗标定初值: 已提供
[19:44:20.641] [info] │   - 初始平移: [0.0000, 0.0000, 0.0000] m
[19:44:20.641] [info] └────────────────────────────────────────────────────────────────┘
[19:44:20.641] [info] 
[19:44:20.641] [info] ┌────────────────────────────────────────────────────────────────┐
[19:44:20.641] [info] │ [Stage 1] 粗标定阶段
[19:44:20.641] [info] └────────────────────────────────────────────────────────────────┘
[19:44:20.641] [info] │ [Coarse] 使用提供的初始值:
[19:44:20.641] [info] │   - 平移向量: [0.0000, 0.0000, 0.0000] m
[19:44:20.641] [info] │   - 旋转角度: [-0.00, 0.00, -0.00] deg (RPY)
[19:44:20.641] [info] │   - 变换范数: 0.0000
[19:44:20.641] [info] └────────────────────────────────────────────────────────────────┘
[19:44:20.641] [info] 
[19:44:20.641] [info] ┌────────────────────────────────────────────────────────────────┐
[19:44:20.641] [info] │ [Stage 2] 精标定阶段
[19:44:20.641] [info] └────────────────────────────────────────────────────────────────┘
[19:44:20.641] [info] │ [Fine] 执行边缘对齐优化...
[19:44:20.641] [info] │ 配置: NCC阈值=0.050 帧同步阈值=0.500s 时间偏移搜索范围=±0.500s
[19:44:20.641] [info] ┌────────────────────────────────────────────────────────────────┐
[19:44:20.641] [info] │ [精标定] 边缘对齐法 (Edge Alignment)                        │
[19:44:20.641] [info] ├────────────────────────────────────────────────────────────────┤
[19:44:20.641] [info] │ 初始值: identity (identity=true)
[19:44:20.641] [info] │ 数据: 点云帧=100 图像帧=100 采样=30 尺寸=1600x900
[19:44:20.641] [info] │ 时间: 图像[0.000-495.000]s LiDAR[0.000-495.000]s
[19:44:20.641] [info] │ 配置: 同步阈值=0.500s 边缘Canny(50, 150) NCC阈值=0.050
[19:44:20.641] [info] │ 特征权重: edge=0.50 corner=0.30 intensity=0.20
[19:44:20.641] [info] └────────────────────────────────────────────────────────────────┘
[19:44:28.422] [info] │ [时间偏移搜索] 最佳偏移=-0.5000s 最佳NCC=0.0424
[19:44:28.805] [info]   [精标定] 有效帧数=0 (<3)  当前阈值=0.050  候选帧最大NCC=0.0424
[19:44:29.171] [info]   [精标定] 放宽 NCC 阈值至 0.000  放宽后有效帧数=28
[19:44:29.171] [info]   初值 NCC=0.0424  有效帧数=28  (候选帧数=30  NCC范围=[-0.0028,0.0424] 均值=0.0156)
[19:44:29.609] [info]   [多特征] 角点: 28 帧共 4200 个 keypoints
[19:44:29.643] [info]   [多特征] 强度一致性: 28 帧
[19:44:29.643] [info]   [精标定] 残差块总数=4256  即将调用 Ceres::Solve
[19:44:29.643] [info]   [精标定] 初始参数: axis=[0.000000,0.000000,0.000000] trans=[0.0000,0.0000,0.0000]
[19:44:29.643] [info]   [精标定] 初值 T_cam_lidar: t=[0.0000,0.0000,0.0000]m
[19:44:29.643] [info]   [精标定] frame_pairs=28 use_edge=true use_corner=true use_intensity=true
[19:44:29.643] [info]   [预检查] 开始全面检查 Ceres 输入数据...
[19:44:29.643] [info]   [预检查] 参数角度=0.000000 rad 平移范数=0.0000 m
[19:44:29.643] [info]   [预检查] frame_pairs 统计: 总数=28 有效=28 空图=0 空点云=0 零-size点云=0
[19:44:29.643] [info]   [预检查] EdgeNCCCost 统计: 总数=28 scan无效=0 image空=0
[19:44:29.644] [info]   [预检查] CornerReprojCost 统计: 总数=4200 scan无效=0
[19:44:29.644] [info]   [预检查] IntensityConsistencyCost 统计: 总数=28 scan无效=0 image空=0
[19:44:29.644] [info]   [预检查] 相机内参: fx=1440.00 fy=1440.00 cx=800.00 cy=450.00 size=1600x900
[19:44:29.644] [info]   [预检查] Ceres 问题规模: 残差块=4256 参数块=1(6维)
[19:44:29.644] [info]   [预检查] Ceres 输入数据检查完成
[19:44:29.644] [info]   [Ceres] 即将调用 Solve，残差块=4256 求解器=ITERATIVE_SCHUR
[19:44:29.644] [info]   [调试] 开始 Ceres Solve，残差块=4256
[19:44:29.644] [info]   [调试] 手动测试代价函数求值...
[19:44:29.658] [info]   [调试] 第一个 EdgeNCCCost 求值结果: ok=true residual=-0.007638887085447207
[19:44:29.658] [info]   [调试] 代价函数测试完成，准备调用 Ceres::Solve
[19:46:50.274] [info]   [Ceres] Solve 完成
[19:46:50.274] [info] [CALC] LiDAR-Cam 边缘法 Ceres iter=40 residual_blocks=28 initial_cost=314372.764653 final_cost=269634.884446 converged=yes
[19:46:50.274] [info]   [Ceres] 迭代数=40  残差块数=28  initial_cost=314372.764653  final_cost=269634.884446  converged=true  termination=CONVERGENCE
[19:46:50.456] [info] ┌────────────────────────────────────────────────────────────────┐
[19:46:50.456] [info] │ [优化结果]
[19:46:50.456] [info] [CALC] LiDAR-Cam 边缘法 优化结果 NCC=0.0596 rms=0.9404px converged=no
[19:46:50.456] [info] │   - NCC: 0.0596  RMS: 0.9404px  收敛: 否
[19:46:50.456] [info] │   - 平移: [-0.0307, -0.3070, 0.4896] m
[19:46:50.456] [info] │   - 旋转: [177.68, 179.69, -178.90] deg (RPY)
[19:46:50.456] [info] │   - 质量: 不合格 (NCC<0.3)
[19:46:50.456] [info] └────────────────────────────────────────────────────────────────┘
[19:46:50.457] [info] │
[19:46:50.457] [info] │ ★ 标定结果:
[19:46:50.457] [info] │   - 平移: [-0.0307, -0.3070, 0.4896] m
[19:46:50.457] [info] │   - RMS: 0.9404 px
[19:46:50.457] [info] │   - 收敛: 否
[19:46:50.457] [info] └────────────────────────────────────────────────────────────────┘
[19:46:50.458] [info] [Fine-Auto] 结果已保存: ./results/lidar_cam_cam_front_extrinsic.yaml
[19:46:50.458] [info] [Viz] 即将生成投影图并保存到 ./results/lidar_cam_cam_front_projection.png
[19:46:50.487] [info] 投影可视化保存: ./results/lidar_cam_cam_front_projection.png
[19:46:50.487] [info] [Viz] 投影图已保存（当前未将结果点云回显到 3D 窗口，仅保存 PNG）
[19:46:50.487] [info] [Fine-Auto/LiDAR-Cam] 相机 cam_front 完成, RMS=0.9404 px  收敛=否
[19:46:50.487] [warning] [Fine-Auto/LiDAR-Cam] 精标定未收敛 (NCC 未达 0.3 或 RMS 偏高)，建议: 1) 确保粗标定提供非 identity 初值 2) 检查 LiDAR/相机 FOV 与时间同步 3) 查看上方 [精标定] 质量结论与 NCC 统计
[19:46:50.487] [info] [Viz/Display] 即将关闭可视化窗口 原因=用户关闭或流程结束 pangolin_running=false
[19:46:50.500] [info] [Fine-Auto/LiDAR-Cam] 精标定完成: 1 个相机  最大 RMS=0.9404 px
[19:46:50.500] [info] [STAGE=lidar_cam_fine_auto] LiDAR-Camera 精标定 完成
[19:46:50.500] [info] [Fine-Auto/LiDAR-Cam] RMS 阈值=2.00 px  最大 RMS=0.9404 px  在阈值内
[19:46:50.506] [info] ━━━━━━━━━━━━━━━━━━━━━━━━━━━━━━━━━━━━━━━━━
[19:46:50.506] [info] ■ 结束阶段: [Fine-Auto] 任务: [lidar_cam_extrin]
[19:46:50.506] [info]   结果: ✓ 成功 | 残差RMS: 0.9404 | 耗时: 153419 ms
[19:46:50.506] [info]   消息: LiDAR-Camera 精标定完成: 1 个相机, 最大 RMS=0.940362 px
[19:46:50.506] [info] [CALC] 阶段结束 stage=Fine-Auto task=lidar_cam_extrin success=true residual_rms=0.940362 elapsed_ms=153413.9 threshold=2.0000
[19:46:50.506] [info] ━━━━━━━━━━━━━━━━━━━━━━━━━━━━━━━━━━━━━━━━━
[19:46:50.506] [info] [Pipeline] 用户已启用手动校准 (--manual), 进入 6-DOF 调整
[19:46:50.506] [info] 
[19:46:50.506] [info] ━━━━━━━━━━━━━━━━━━━━━━━━━━━━━━━━━━━━━━━━━
[19:46:50.506] [info] ▶ 开始阶段: [Manual-Refine] 任务: [lidar_cam_extrin]
[19:46:50.506] [info]   描述: 手动校准: 6-DOF 交互式调整
[19:46:50.506] [info] ━━━━━━━━━━━━━━━━━━━━━━━━━━━━━━━━━━━━━━━━━
[19:46:50.506] [info] [Manual-Refine] 任务: lidar_cam_extrin
[19:46:50.506] [info] [Manual-Refine] 操作说明: Q/A Roll  W/S Pitch  E/D Yaw  R/F Tx  T/G Ty  Y/H Tz  U Undo  Enter 接受  Esc 取消
[19:46:50.506] [info] [ManualSession] 会话ID: session_2026-04-09_19-46-50
[19:46:50.506] [info] [ManualSession] 保存目录: ./results/manual_sessions
[19:46:50.506] [info] [Manual-Refine] 已打开 6-DOF 可视化调整窗口，请在本窗口内按键微调后 Enter 接受或 Esc 取消
[19:46:50.506] [info] [Manual-Refine] LiDAR-Camera 手动调整仅使用首帧匹配数据（第 0 帧点云 + 第 0 帧图像）
[19:46:50.506] [info] [ManualSession] 启动 LiDAR-Camera 手动校准
[19:46:50.506] [info] [ManualSession] 自动标定 RMS: 0.9404 px (阈值建议 < 2.0px)
[19:46:50.506] [debug] [ManualSession] 事件: lidar_cam_start | auto_rms=0.940362
[19:46:50.506] [info] [ManualAdjust] 初始外参:
[19:46:50.506] [info] [ManualAdjust] 当前外参 [imu_0→cam_front]:
[19:46:50.506] [info]   旋转 RPY: (-2.3164, 0.3518, 1.0829) deg
[19:46:50.506] [info]   平移 XYZ: (-0.0307, -0.3070, 0.4896) m
[19:46:50.506] [info] [ManualSession] ===== 手动校准操作说明 =====
[19:46:50.506] [info]   Q/A: Roll ±0.1deg   W/S: Pitch ±0.1deg   E/D: Yaw ±0.1deg
[19:46:50.506] [info]   R/F: Tx ±0.5cm   T/G: Ty ±0.5cm   Y/H: Tz ±0.5cm
[19:46:50.506] [info]   Shift+键: 10倍步长
[19:46:50.506] [info]   P: 进入点击精化模式  U: 撤销  Z: 重做
[19:46:50.506] [info]   S: 保存  ESC: 接受并退出
[19:46:50.506] [info]   点云投影质量越高 (边缘对齐越好) 表示标定越准确
[19:46:50.533] [info] [ManualAdjust] 结果已保存: ./results/lidar_camera_extrinsic/manual_extrinsic_20260409_194650_initial.yaml
[19:46:50.533] [info] [ManualCalib] 交互窗口启动前已自动保存初始状态快照（备用）:
[19:46:50.533] [info]   - 投影图: ./results/lidar_camera_extrinsic/manual_projection_20260409_194650_initial.png
[19:46:50.533] [info]   - 点云:   ./results/lidar_camera_extrinsic/manual_cloud_20260409_194650_initial.pcd
[19:46:50.533] [info]   - 外参:   ./results/lidar_camera_extrinsic/manual_extrinsic_20260409_194650_initial.yaml

(unicalib_lidar_camera:100): dbind-WARNING **: 19:46:50.537: Couldn't connect to accessibility bus: Failed to connect to socket /run/user/1000/at-spi/bus: No such file or directory
[19:46:50.561] [info] [ManualCalib] 3D 点云窗口已禁用（避免 VTK 闪退），请在 2D 投影窗口进行微调。按下 'S' 键可手动保存当前微调结果图片和点云。
[19:46:50.561] [info] [ManualCalib] 初始位姿 T_lidar_to_cam:
[19:46:50.561] [info]   - Translation: -0.0307, -0.3070, 0.4896
[19:46:50.561] [info]   - RPY (deg):   177.6773, 179.6923, -178.9038
[19:47:19.518] [debug] [ManualAdjust] 旋转增量 RPY=(0.100, 0.000, 0.000)deg
[19:47:19.518] [info] [ManualAdjust] 当前外参 [imu_0→cam_front]:
[19:47:19.518] [info]   旋转 RPY: (-2.2164, 0.3518, 1.0829) deg
[19:47:19.518] [info]   平移 XYZ: (-0.0307, -0.3070, 0.4896) m
[19:47:20.614] [debug] [ManualAdjust] 旋转增量 RPY=(-0.100, 0.000, 0.000)deg
[19:47:20.614] [info] [ManualAdjust] 当前外参 [imu_0→cam_front]:
[19:47:20.614] [info]   旋转 RPY: (-2.3164, 0.3518, 1.0829) deg
[19:47:20.614] [info]   平移 XYZ: (-0.0307, -0.3070, 0.4896) m
[19:47:48.174] [info] [ManualSession] 用户取消，保留自动标定结果
[19:47:48.174] [debug] [ManualSession] 事件: lidar_cam_end | final_rms=0.940362
[19:47:48.174] [info] [ManualSession] 会话已保存: ./results/manual_sessions/session_2026-04-09_19-46-50.yaml
[19:47:48.174] [info] ━━━━━━━━━━━━━━━━━━━━━━━━━━━━━━━━━━━━━━━━━
[19:47:48.174] [info] ■ 结束阶段: [Manual-Refine] 任务: [lidar_cam_extrin]
[19:47:48.174] [info]   结果: ✓ 成功 | 残差RMS: 0.9404 | 耗时: 57668 ms
[19:47:48.174] [info]   消息: LiDAR-Camera 手动调整完成
[19:47:48.174] [info] [CALC] 阶段结束 stage=Manual-Refine task=lidar_cam_extrin success=true residual_rms=0.940362 elapsed_ms=57668.3 threshold=-1.0000
[19:47:48.174] [info] ━━━━━━━━━━━━━━━━━━━━━━━━━━━━━━━━━━━━━━━━━
[19:47:48.174] [info] ====== Pipeline Report: pipeline_20260409_194410 ======
[19:47:48.174] [info]   Total time: 211082.2 ms
[19:47:48.174] [info]   All stages succeeded: YES
[19:47:48.174] [info]   标定质量: 各阶段 RMS 均在阈值内
[19:47:48.174] [info]   [Coarse-AI-lidar_cam_extrin] success=true rms=0.0000 time=0.0ms: 使用主程序 Stage1 粗标定结果，作为精标定初值
[19:47:48.174] [info]   [Fine-Auto-lidar_cam_extrin] success=true rms=0.9404 time=153413.9ms: LiDAR-Camera 精标定完成: 1 个相机, 最大 RMS=0.940362 px
[19:47:48.174] [info]   [Manual-Refine-lidar_cam_extrin] success=true rms=0.9404 time=57668.3ms: LiDAR-Camera 手动调整完成

╔══════════════════════════════════════════════════════╗
║              标定参数汇总                            ║
╠══════════════════════════════════════════════════════╣
║ 外参:
║   imu_0->cam_front:
║     R(RPY°): [-2.32, 0.35, 1.08]
║     T(m):    [-0.03, -0.31, 0.49]
║     时偏(s): 0.00
║     RMS:     0.94 ✗
╚══════════════════════════════════════════════════════╝

[19:47:48.174] [info] ================================
[19:47:48.174] [info] Pipeline report saved: ./results/pipeline_report_20260409_194410.yaml
[19:47:48.175] [info] ====== Pipeline Report: pipeline_20260409_194410 ======
[19:47:48.175] [info]   Total time: 211082.2 ms
[19:47:48.175] [info]   All stages succeeded: YES
[19:47:48.175] [info]   标定质量: 各阶段 RMS 均在阈值内
[19:47:48.175] [info]   [Coarse-AI-lidar_cam_extrin] success=true rms=0.0000 time=0.0ms: 使用主程序 Stage1 粗标定结果，作为精标定初值
[19:47:48.175] [info]   [Fine-Auto-lidar_cam_extrin] success=true rms=0.9404 time=153413.9ms: LiDAR-Camera 精标定完成: 1 个相机, 最大 RMS=0.940362 px
[19:47:48.175] [info]   [Manual-Refine-lidar_cam_extrin] success=true rms=0.9404 time=57668.3ms: LiDAR-Camera 手动调整完成

╔══════════════════════════════════════════════════════╗
║              标定参数汇总                            ║
╠══════════════════════════════════════════════════════╣
║ 外参:
║   imu_0->cam_front:
║     R(RPY°): [-2.32, 0.35, 1.08]
║     T(m):    [-0.03, -0.31, 0.49]
║     时偏(s): 0.00
║     RMS:     0.94 ✗
╚══════════════════════════════════════════════════════╝

[19:47:48.175] [info] ================================
[19:47:48.175] [info] ━━━━━━━━━━━━━━━━━━━━━━━━━━━━━━━━━━━━
[19:47:48.175] [info] LiDAR-Camera 标定流程完成
[19:47:48.175] [info] 结果目录: ./results
[19:47:48.175] [info] 标定流程正常退出 exit_code=0
[19:47:48.175] [info] ━━━━━━━━━━━━━━━━━━━━━━━━━━━━━━━━━━━━
