
 ╔═══════════════════════════════════════════════════════╗
 ║   UniCalib — LiDAR-LiDAR 外参标定                     ║
 ║   两阶段: NDT粗标定 → GICP/NDT精标定                   ║
 ╚═══════════════════════════════════════════════════════╝

[LiDAR-LiDAR][Args] config=/root/calib_ws/calib_unified/config/unicalib_example.yaml data_dir=/root/calib_ws/data output_dir=/root/calib_ws/results no_viz=false manual=false log_level=info
[2026-04-10 15:37:00.578] [info] [LiDAR-LiDAR] [:] [LiDAR-LiDAR][Init] 日志文件: /root/calib_ws/results/logs/lidar_lidar_20260410_153700.log
[2026-04-10 15:37:00.580] [info] [LiDAR-LiDAR] [:] [LiDAR-LiDAR][Init] 最终 output_dir='./results' data_dir='/root/calib_ws/data' manual=false no_viz=false
[2026-04-10 15:37:00.580] [info] [LiDAR-LiDAR] [:] [LiDAR-LiDAR][Init] 标定对数量: 1
[2026-04-10 15:37:00.580] [info] [LiDAR-LiDAR] [:] 读取系统配置: /root/calib_ws/calib_unified/config/unicalib_example.yaml
[2026-04-10 15:37:00.582] [info] [LiDAR-LiDAR] [:]   IMU: 1, LiDAR: 2, Camera: 2
[2026-04-10 15:37:00.582] [info] [LiDAR-LiDAR] [:] [LiDAR-LiDAR][Init] 从 sensors[] 读取 LiDAR 话题 2 条（与 lidar_lidar.pairs 的 id 对应即可）
[2026-04-10 15:37:00.582] [info] [LiDAR-LiDAR] [:] lidar_lidar.initial_extrinsic 已加载，将跳过粗标定并以该初值进入精标定/手动微调
[2026-04-10 15:37:00.584] [info] [LiDAR-LiDAR] [:] [CalibVisualizer] 初始化完成
[2026-04-10 15:37:00.584] [info] [LiDAR-LiDAR] [:] [Viz/Display] 已自动设置 XDG_RUNTIME_DIR=/tmp（原未设置，避免 GLFW 报错）
[2026-04-10 15:37:00.584] [info] [LiDAR-LiDAR] [:] [Viz/Display] 显示环境 DISPLAY=:0  XDG_RUNTIME_DIR=/tmp  WAYLAND_DISPLAY=(未设置)
[2026-04-10 15:37:00.584] [info] [LiDAR-LiDAR] [:] [PangolinRender] 正在创建窗口与 OpenGL 上下文: UniCalib LiDAR-LiDAR (1280x720)
Framebuffer with requested attributes not available. Using available framebuffer. You may see visual artifacts.[2026-04-10 15:37:00.690] [info] [LiDAR-LiDAR] [:] [PangolinRender] CreateWindowAndBind 已完成
[2026-04-10 15:37:00.690] [info] [LiDAR-LiDAR] [:] [PangolinRender] 初始化完成: UniCalib LiDAR-LiDAR (1280x720)  ShouldQuit=false (窗口内容: 网格+坐标轴，点云需后续推送)
[2026-04-10 15:37:00.690] [info] [LiDAR-LiDAR] [:] [Viz/Display] 首帧泵送: 开始 (共 12 帧)
[2026-04-10 15:37:00.690] [info] [LiDAR-LiDAR] [:] [Viz/Render] render_and_handle_input 第 1 次调用 即将调用 pangolin_render_->render()
[2026-04-10 15:37:00.690] [info] [LiDAR-LiDAR] [:] [PangolinRender] 首帧渲染 点云数=0  坐标系数=0 (无点云时仅显示网格与坐标轴)
[2026-04-10 15:37:00.690] [info] [LiDAR-LiDAR] [:] [PangolinRender] render 开始 帧=1
[2026-04-10 15:37:00.690] [info] [LiDAR-LiDAR] [:] [PangolinRender] render 步骤 glClear 完成
[2026-04-10 15:37:00.690] [info] [LiDAR-LiDAR] [:] [PangolinRender] render 步骤 Activate 完成
[2026-04-10 15:37:00.723] [info] [LiDAR-LiDAR] [:] [PangolinRender] render 步骤 grid+axis 完成
[2026-04-10 15:37:00.753] [info] [LiDAR-LiDAR] [:] [PangolinRender] render_point_clouds 本次完成 详细日志次数=1/5
[2026-04-10 15:37:00.753] [info] [LiDAR-LiDAR] [:] [PangolinRender] render 步骤 point_clouds 完成
[2026-04-10 15:37:00.753] [info] [LiDAR-LiDAR] [:] [PangolinRender] render 步骤 frustum+frames 完成
[2026-04-10 15:37:00.757] [info] [LiDAR-LiDAR] [:] [PangolinRender] render 步骤 FinishFrame 完成
[2026-04-10 15:37:00.757] [info] [LiDAR-LiDAR] [:] [Viz/Render] render_and_handle_input 第 1 次 render() 返回 continue_render=true
[2026-04-10 15:37:00.757] [info] [LiDAR-LiDAR] [:] [Viz/Display] 首帧泵送 第 1/12 帧 render_ok=true
[2026-04-10 15:37:00.777] [info] [LiDAR-LiDAR] [:] [Viz/Render] render_and_handle_input 第 2 次调用 即将调用 pangolin_render_->render()
[2026-04-10 15:37:00.777] [info] [LiDAR-LiDAR] [:] [PangolinRender] render 开始 帧=2
[2026-04-10 15:37:00.777] [info] [LiDAR-LiDAR] [:] [PangolinRender] render 步骤 glClear 完成
[2026-04-10 15:37:00.777] [info] [LiDAR-LiDAR] [:] [PangolinRender] render 步骤 Activate 完成
[2026-04-10 15:37:00.777] [info] [LiDAR-LiDAR] [:] [PangolinRender] render 步骤 grid+axis 完成
[2026-04-10 15:37:00.777] [info] [LiDAR-LiDAR] [:] [PangolinRender] render_point_clouds 本次完成 详细日志次数=2/5
[2026-04-10 15:37:00.777] [info] [LiDAR-LiDAR] [:] [PangolinRender] render 步骤 point_clouds 完成
[2026-04-10 15:37:00.777] [info] [LiDAR-LiDAR] [:] [PangolinRender] render 步骤 frustum+frames 完成
[2026-04-10 15:37:00.780] [info] [LiDAR-LiDAR] [:] [PangolinRender] render 步骤 FinishFrame 完成
[2026-04-10 15:37:00.780] [info] [LiDAR-LiDAR] [:] [Viz/Render] render_and_handle_input 第 2 次 render() 返回 continue_render=true
[2026-04-10 15:37:00.800] [info] [LiDAR-LiDAR] [:] [Viz/Render] render_and_handle_input 第 3 次调用 即将调用 pangolin_render_->render()
[2026-04-10 15:37:00.800] [info] [LiDAR-LiDAR] [:] [PangolinRender] render 开始 帧=3
[2026-04-10 15:37:00.800] [info] [LiDAR-LiDAR] [:] [PangolinRender] render 步骤 glClear 完成
[2026-04-10 15:37:00.800] [info] [LiDAR-LiDAR] [:] [PangolinRender] render 步骤 Activate 完成
[2026-04-10 15:37:00.800] [info] [LiDAR-LiDAR] [:] [PangolinRender] render 步骤 grid+axis 完成
[2026-04-10 15:37:00.800] [info] [LiDAR-LiDAR] [:] [PangolinRender] render_point_clouds 本次完成 详细日志次数=3/5
[2026-04-10 15:37:00.800] [info] [LiDAR-LiDAR] [:] [PangolinRender] render 步骤 point_clouds 完成
[2026-04-10 15:37:00.800] [info] [LiDAR-LiDAR] [:] [PangolinRender] render 步骤 frustum+frames 完成
[2026-04-10 15:37:00.817] [info] [LiDAR-LiDAR] [:] [PangolinRender] render 步骤 FinishFrame 完成
[2026-04-10 15:37:00.817] [info] [LiDAR-LiDAR] [:] [Viz/Render] render_and_handle_input 第 3 次 render() 返回 continue_render=true
[2026-04-10 15:37:00.837] [info] [LiDAR-LiDAR] [:] [Viz/Render] render_and_handle_input 第 4 次调用 即将调用 pangolin_render_->render()
[2026-04-10 15:37:00.837] [info] [LiDAR-LiDAR] [:] [PangolinRender] render 开始 帧=4
[2026-04-10 15:37:00.837] [info] [LiDAR-LiDAR] [:] [PangolinRender] render 步骤 glClear 完成
[2026-04-10 15:37:00.837] [info] [LiDAR-LiDAR] [:] [PangolinRender] render 步骤 Activate 完成
[2026-04-10 15:37:00.837] [info] [LiDAR-LiDAR] [:] [PangolinRender] render 步骤 grid+axis 完成
[2026-04-10 15:37:00.837] [info] [LiDAR-LiDAR] [:] [PangolinRender] render_point_clouds 本次完成 详细日志次数=4/5
[2026-04-10 15:37:00.837] [info] [LiDAR-LiDAR] [:] [PangolinRender] render 步骤 point_clouds 完成
[2026-04-10 15:37:00.837] [info] [LiDAR-LiDAR] [:] [PangolinRender] render 步骤 frustum+frames 完成
[2026-04-10 15:37:00.843] [info] [LiDAR-LiDAR] [:] [PangolinRender] render 步骤 FinishFrame 完成
[2026-04-10 15:37:00.843] [info] [LiDAR-LiDAR] [:] [Viz/Render] render_and_handle_input 第 4 次 render() 返回 continue_render=true
[2026-04-10 15:37:00.863] [info] [LiDAR-LiDAR] [:] [Viz/Render] render_and_handle_input 第 5 次调用 即将调用 pangolin_render_->render()
[2026-04-10 15:37:00.863] [info] [LiDAR-LiDAR] [:] [PangolinRender] render 开始 帧=5
[2026-04-10 15:37:00.863] [info] [LiDAR-LiDAR] [:] [PangolinRender] render 步骤 glClear 完成
[2026-04-10 15:37:00.863] [info] [LiDAR-LiDAR] [:] [PangolinRender] render 步骤 Activate 完成
[2026-04-10 15:37:00.863] [info] [LiDAR-LiDAR] [:] [PangolinRender] render 步骤 grid+axis 完成
[2026-04-10 15:37:00.863] [info] [LiDAR-LiDAR] [:] [PangolinRender] render_point_clouds 本次完成 详细日志次数=5/5
[2026-04-10 15:37:00.863] [info] [LiDAR-LiDAR] [:] [PangolinRender] render 步骤 point_clouds 完成
[2026-04-10 15:37:00.863] [info] [LiDAR-LiDAR] [:] [PangolinRender] render 步骤 frustum+frames 完成
[2026-04-10 15:37:00.867] [info] [LiDAR-LiDAR] [:] [PangolinRender] render 步骤 FinishFrame 完成
[2026-04-10 15:37:00.867] [info] [LiDAR-LiDAR] [:] [Viz/Render] render_and_handle_input 第 5 次 render() 返回 continue_render=true
[2026-04-10 15:37:00.888] [info] [LiDAR-LiDAR] [:] [Viz/Render] render_and_handle_input 第 6 次调用 即将调用 pangolin_render_->render()
[2026-04-10 15:37:00.888] [info] [LiDAR-LiDAR] [:] [PangolinRender] render 开始 帧=6
[2026-04-10 15:37:00.888] [info] [LiDAR-LiDAR] [:] [PangolinRender] render 步骤 glClear 完成
[2026-04-10 15:37:00.888] [info] [LiDAR-LiDAR] [:] [PangolinRender] render 步骤 Activate 完成
[2026-04-10 15:37:00.888] [info] [LiDAR-LiDAR] [:] [PangolinRender] render 步骤 grid+axis 完成
[2026-04-10 15:37:00.888] [info] [LiDAR-LiDAR] [:] [PangolinRender] render 步骤 point_clouds 完成
[2026-04-10 15:37:00.888] [info] [LiDAR-LiDAR] [:] [PangolinRender] render 步骤 frustum+frames 完成
[2026-04-10 15:37:00.891] [info] [LiDAR-LiDAR] [:] [PangolinRender] render 步骤 FinishFrame 完成
[2026-04-10 15:37:00.891] [info] [LiDAR-LiDAR] [:] [Viz/Render] render_and_handle_input 第 6 次 render() 返回 continue_render=true
[2026-04-10 15:37:00.911] [info] [LiDAR-LiDAR] [:] [Viz/Render] render_and_handle_input 第 7 次调用 即将调用 pangolin_render_->render()
[2026-04-10 15:37:00.911] [info] [LiDAR-LiDAR] [:] [PangolinRender] render 开始 帧=7
[2026-04-10 15:37:00.917] [info] [LiDAR-LiDAR] [:] [PangolinRender] render 步骤 glClear 完成
[2026-04-10 15:37:00.917] [info] [LiDAR-LiDAR] [:] [PangolinRender] render 步骤 Activate 完成
[2026-04-10 15:37:00.917] [info] [LiDAR-LiDAR] [:] [PangolinRender] render 步骤 grid+axis 完成
[2026-04-10 15:37:00.917] [info] [LiDAR-LiDAR] [:] [PangolinRender] render 步骤 point_clouds 完成
[2026-04-10 15:37:00.917] [info] [LiDAR-LiDAR] [:] [PangolinRender] render 步骤 frustum+frames 完成
[2026-04-10 15:37:00.920] [info] [LiDAR-LiDAR] [:] [PangolinRender] render 步骤 FinishFrame 完成
[2026-04-10 15:37:00.920] [info] [LiDAR-LiDAR] [:] [Viz/Render] render_and_handle_input 第 7 次 render() 返回 continue_render=true
[2026-04-10 15:37:00.940] [info] [LiDAR-LiDAR] [:] [Viz/Render] render_and_handle_input 第 8 次调用 即将调用 pangolin_render_->render()
[2026-04-10 15:37:00.940] [info] [LiDAR-LiDAR] [:] [PangolinRender] render 开始 帧=8
[2026-04-10 15:37:00.940] [info] [LiDAR-LiDAR] [:] [PangolinRender] render 步骤 glClear 完成
[2026-04-10 15:37:00.940] [info] [LiDAR-LiDAR] [:] [PangolinRender] render 步骤 Activate 完成
[2026-04-10 15:37:00.940] [info] [LiDAR-LiDAR] [:] [PangolinRender] render 步骤 grid+axis 完成
[2026-04-10 15:37:00.940] [info] [LiDAR-LiDAR] [:] [PangolinRender] render 步骤 point_clouds 完成
[2026-04-10 15:37:00.940] [info] [LiDAR-LiDAR] [:] [PangolinRender] render 步骤 frustum+frames 完成
[2026-04-10 15:37:00.942] [info] [LiDAR-LiDAR] [:] [PangolinRender] render 步骤 FinishFrame 完成
[2026-04-10 15:37:00.942] [info] [LiDAR-LiDAR] [:] [Viz/Render] render_and_handle_input 第 8 次 render() 返回 continue_render=true
[2026-04-10 15:37:00.962] [info] [LiDAR-LiDAR] [:] [Viz/Render] render_and_handle_input 第 9 次调用 即将调用 pangolin_render_->render()
[2026-04-10 15:37:00.962] [info] [LiDAR-LiDAR] [:] [PangolinRender] render 开始 帧=9
[2026-04-10 15:37:00.963] [info] [LiDAR-LiDAR] [:] [PangolinRender] render 步骤 glClear 完成
[2026-04-10 15:37:00.963] [info] [LiDAR-LiDAR] [:] [PangolinRender] render 步骤 Activate 完成
[2026-04-10 15:37:00.963] [info] [LiDAR-LiDAR] [:] [PangolinRender] render 步骤 grid+axis 完成
[2026-04-10 15:37:00.963] [info] [LiDAR-LiDAR] [:] [PangolinRender] render 步骤 point_clouds 完成
[2026-04-10 15:37:00.963] [info] [LiDAR-LiDAR] [:] [PangolinRender] render 步骤 frustum+frames 完成
[2026-04-10 15:37:00.967] [info] [LiDAR-LiDAR] [:] [PangolinRender] render 步骤 FinishFrame 完成
[2026-04-10 15:37:00.967] [info] [LiDAR-LiDAR] [:] [Viz/Render] render_and_handle_input 第 9 次 render() 返回 continue_render=true
[2026-04-10 15:37:00.987] [info] [LiDAR-LiDAR] [:] [Viz/Render] render_and_handle_input 第 10 次调用 即将调用 pangolin_render_->render()
[2026-04-10 15:37:00.987] [info] [LiDAR-LiDAR] [:] [PangolinRender] render 开始 帧=10
[2026-04-10 15:37:00.987] [info] [LiDAR-LiDAR] [:] [PangolinRender] render 步骤 glClear 完成
[2026-04-10 15:37:00.987] [info] [LiDAR-LiDAR] [:] [PangolinRender] render 步骤 Activate 完成
[2026-04-10 15:37:00.987] [info] [LiDAR-LiDAR] [:] [PangolinRender] render 步骤 grid+axis 完成
[2026-04-10 15:37:00.987] [info] [LiDAR-LiDAR] [:] [PangolinRender] render 步骤 point_clouds 完成
[2026-04-10 15:37:00.987] [info] [LiDAR-LiDAR] [:] [PangolinRender] render 步骤 frustum+frames 完成
[2026-04-10 15:37:00.989] [info] [LiDAR-LiDAR] [:] [PangolinRender] render 步骤 FinishFrame 完成
[2026-04-10 15:37:00.989] [info] [LiDAR-LiDAR] [:] [Viz/Render] render_and_handle_input 第 10 次 render() 返回 continue_render=true
[2026-04-10 15:37:01.009] [info] [LiDAR-LiDAR] [:] [PangolinRender] render 开始 帧=11
[2026-04-10 15:37:01.009] [info] [LiDAR-LiDAR] [:] [PangolinRender] render 步骤 glClear 完成
[2026-04-10 15:37:01.009] [info] [LiDAR-LiDAR] [:] [PangolinRender] render 步骤 Activate 完成
[2026-04-10 15:37:01.009] [info] [LiDAR-LiDAR] [:] [PangolinRender] render 步骤 grid+axis 完成
[2026-04-10 15:37:01.009] [info] [LiDAR-LiDAR] [:] [PangolinRender] render 步骤 point_clouds 完成
[2026-04-10 15:37:01.009] [info] [LiDAR-LiDAR] [:] [PangolinRender] render 步骤 frustum+frames 完成
[2026-04-10 15:37:01.012] [info] [LiDAR-LiDAR] [:] [PangolinRender] render 步骤 FinishFrame 完成
[2026-04-10 15:37:01.032] [info] [LiDAR-LiDAR] [:] [PangolinRender] render 开始 帧=12
[2026-04-10 15:37:01.032] [info] [LiDAR-LiDAR] [:] [PangolinRender] render 步骤 glClear 完成
[2026-04-10 15:37:01.032] [info] [LiDAR-LiDAR] [:] [PangolinRender] render 步骤 Activate 完成
[2026-04-10 15:37:01.032] [info] [LiDAR-LiDAR] [:] [PangolinRender] render 步骤 grid+axis 完成
[2026-04-10 15:37:01.032] [info] [LiDAR-LiDAR] [:] [PangolinRender] render 步骤 point_clouds 完成
[2026-04-10 15:37:01.032] [info] [LiDAR-LiDAR] [:] [PangolinRender] render 步骤 frustum+frames 完成
[2026-04-10 15:37:01.035] [info] [LiDAR-LiDAR] [:] [PangolinRender] render 步骤 FinishFrame 完成
[2026-04-10 15:37:01.035] [info] [LiDAR-LiDAR] [:] [Viz/Display] 首帧泵送 第 12/12 帧 render_ok=true
[2026-04-10 15:37:01.055] [info] [LiDAR-LiDAR] [:] [Viz/Display] 首帧泵送完成 共 12 帧 (窗口应已显示网格/坐标轴，尚未推送点云)；标定完成后请手动关闭窗口
[2026-04-10 15:37:01.055] [info] [LiDAR-LiDAR] [:] 可视化已启用（默认）
[2026-04-10 15:37:01.055] [info] [LiDAR-LiDAR] [:] ━━━ 标定对: lidar_front -> lidar_rear ━━━
[2026-04-10 15:37:01.055] [info] [LiDAR-LiDAR] [:] [LiDAR-LiDAR][Path] 解析 data.lidar 路径: yaml_path='drive_dusk/lidar' data_dir='/root/calib_ws/data'
[2026-04-10 15:37:01.055] [info] [LiDAR-LiDAR] [:] [LiDAR-LiDAR][Path] primary='/root/calib_ws/data/drive_dusk/lidar' exists=true is_dir=true
[2026-04-10 15:37:01.055] [info] [LiDAR-LiDAR] [:] [LiDAR-LiDAR][Path] 使用 primary 路径: /root/calib_ws/data/drive_dusk/lidar
[2026-04-10 15:37:01.055] [info] [LiDAR-LiDAR] [:] [LiDAR-LiDAR][Path] 解析 data.lidar 路径: yaml_path='drive_dusk/radar' data_dir='/root/calib_ws/data'
[2026-04-10 15:37:01.055] [info] [LiDAR-LiDAR] [:] [LiDAR-LiDAR][Path] primary='/root/calib_ws/data/drive_dusk/radar' exists=true is_dir=true
[2026-04-10 15:37:01.055] [info] [LiDAR-LiDAR] [:] [LiDAR-LiDAR][Path] 使用 primary 路径: /root/calib_ws/data/drive_dusk/radar
[2026-04-10 15:37:01.055] [info] [LiDAR-LiDAR] [:] [LiDAR-LiDAR][Pair] PCD 目录: ref_id='lidar_front' -> '/root/calib_ws/data/drive_dusk/lidar' ; target_id='lidar_rear' -> '/root/calib_ws/data/drive_dusk/radar'
[2026-04-10 15:37:01.055] [info] [LiDAR-LiDAR] [:] [LiDAR-LiDAR][Load] 开始加载目录: '/root/calib_ws/data/drive_dusk/lidar' max_frames=100
[2026-04-10 15:37:01.062] [info] [LiDAR-LiDAR] [:] [LiDAR-LiDAR][Load] 扫描完成: pcd_count=4929
[2026-04-10 15:37:01.062] [info] [LiDAR-LiDAR] [:] [LiDAR-LiDAR][Load] 采样步长 step=49
Failed to find match for field 'x'.
Failed to find match for field 'y'.
Failed to find match for field 'z'.
Failed to find match for field 'intensity'.
[2026-04-10 15:37:01.064] [info] [LiDAR-LiDAR] [:] [LiDAR-LiDAR][Load] 加载成功: file='/root/calib_ws/data/drive_dusk/lidar/00000000.pcd' points=53650 scans_now=1
Failed to find match for field 'x'.
Failed to find match for field 'y'.
Failed to find match for field 'z'.
Failed to find match for field 'intensity'.
[2026-04-10 15:37:01.065] [info] [LiDAR-LiDAR] [:] [LiDAR-LiDAR][Load] 加载成功: file='/root/calib_ws/data/drive_dusk/lidar/00000049.pcd' points=53619 scans_now=2
Failed to find match for field 'x'.
Failed to find match for field 'y'.
Failed to find match for field 'z'.
Failed to find match for field 'intensity'.
[2026-04-10 15:37:01.067] [info] [LiDAR-LiDAR] [:] [LiDAR-LiDAR][Load] 加载成功: file='/root/calib_ws/data/drive_dusk/lidar/00000098.pcd' points=54565 scans_now=3
Failed to find match for field 'x'.
Failed to find match for field 'y'.
Failed to find match for field 'z'.
Failed to find match for field 'intensity'.
[2026-04-10 15:37:01.068] [info] [LiDAR-LiDAR] [:] [LiDAR-LiDAR][Load] 加载成功: file='/root/calib_ws/data/drive_dusk/lidar/00000147.pcd' points=54145 scans_now=4
Failed to find match for field 'x'.
Failed to find match for field 'y'.
Failed to find match for field 'z'.
Failed to find match for field 'intensity'.
[2026-04-10 15:37:01.070] [info] [LiDAR-LiDAR] [:] [LiDAR-LiDAR][Load] 加载成功: file='/root/calib_ws/data/drive_dusk/lidar/00000196.pcd' points=54256 scans_now=5
Failed to find match for field 'x'.
Failed to find match for field 'y'.
Failed to find match for field 'z'.
Failed to find match for field 'intensity'.
[2026-04-10 15:37:01.070] [info] [LiDAR-LiDAR] [:] [LiDAR-LiDAR][Load] 加载成功: file='/root/calib_ws/data/drive_dusk/lidar/00000245.pcd' points=53955 scans_now=6
Failed to find match for field 'x'.
Failed to find match for field 'y'.
Failed to find match for field 'z'.
Failed to find match for field 'intensity'.
[2026-04-10 15:37:01.072] [info] [LiDAR-LiDAR] [:] [LiDAR-LiDAR][Load] 加载成功: file='/root/calib_ws/data/drive_dusk/lidar/00000294.pcd' points=54786 scans_now=7
Failed to find match for field 'x'.
Failed to find match for field 'y'.
Failed to find match for field 'z'.
Failed to find match for field 'intensity'.
[2026-04-10 15:37:01.073] [info] [LiDAR-LiDAR] [:] [LiDAR-LiDAR][Load] 加载成功: file='/root/calib_ws/data/drive_dusk/lidar/00000343.pcd' points=53813 scans_now=8
Failed to find match for field 'x'.
Failed to find match for field 'y'.
Failed to find match for field 'z'.
Failed to find match for field 'intensity'.
[2026-04-10 15:37:01.074] [info] [LiDAR-LiDAR] [:] [LiDAR-LiDAR][Load] 加载成功: file='/root/calib_ws/data/drive_dusk/lidar/00000392.pcd' points=50391 scans_now=9
Failed to find match for field 'x'.
Failed to find match for field 'y'.
Failed to find match for field 'z'.
Failed to find match for field 'intensity'.
[2026-04-10 15:37:01.075] [info] [LiDAR-LiDAR] [:] [LiDAR-LiDAR][Load] 加载成功: file='/root/calib_ws/data/drive_dusk/lidar/00000441.pcd' points=51627 scans_now=10
Failed to find match for field 'x'.
Failed to find match for field 'y'.
Failed to find match for field 'z'.
Failed to find match for field 'intensity'.
[2026-04-10 15:37:01.076] [info] [LiDAR-LiDAR] [:] [LiDAR-LiDAR][Load] 加载成功: file='/root/calib_ws/data/drive_dusk/lidar/00000490.pcd' points=50924 scans_now=11
Failed to find match for field 'x'.
Failed to find match for field 'y'.
Failed to find match for field 'z'.
Failed to find match for field 'intensity'.
[2026-04-10 15:37:01.077] [info] [LiDAR-LiDAR] [:] [LiDAR-LiDAR][Load] 加载成功: file='/root/calib_ws/data/drive_dusk/lidar/00000539.pcd' points=50587 scans_now=12
Failed to find match for field 'x'.
Failed to find match for field 'y'.
Failed to find match for field 'z'.
Failed to find match for field 'intensity'.
[2026-04-10 15:37:01.078] [info] [LiDAR-LiDAR] [:] [LiDAR-LiDAR][Load] 加载成功: file='/root/calib_ws/data/drive_dusk/lidar/00000588.pcd' points=49306 scans_now=13
Failed to find match for field 'x'.
Failed to find match for field 'y'.
Failed to find match for field 'z'.
Failed to find match for field 'intensity'.
[2026-04-10 15:37:01.080] [info] [LiDAR-LiDAR] [:] [LiDAR-LiDAR][Load] 加载成功: file='/root/calib_ws/data/drive_dusk/lidar/00000637.pcd' points=54324 scans_now=14
Failed to find match for field 'x'.
Failed to find match for field 'y'.
Failed to find match for field 'z'.
Failed to find match for field 'intensity'.
[2026-04-10 15:37:01.082] [info] [LiDAR-LiDAR] [:] [LiDAR-LiDAR][Load] 加载成功: file='/root/calib_ws/data/drive_dusk/lidar/00000686.pcd' points=54367 scans_now=15
Failed to find match for field 'x'.
Failed to find match for field 'y'.
Failed to find match for field 'z'.
Failed to find match for field 'intensity'.
[2026-04-10 15:37:01.084] [info] [LiDAR-LiDAR] [:] [LiDAR-LiDAR][Load] 加载成功: file='/root/calib_ws/data/drive_dusk/lidar/00000735.pcd' points=54796 scans_now=16
Failed to find match for field 'x'.
Failed to find match for field 'y'.
Failed to find match for field 'z'.
Failed to find match for field 'intensity'.
[2026-04-10 15:37:01.086] [info] [LiDAR-LiDAR] [:] [LiDAR-LiDAR][Load] 加载成功: file='/root/calib_ws/data/drive_dusk/lidar/00000784.pcd' points=52481 scans_now=17
Failed to find match for field 'x'.
Failed to find match for field 'y'.
Failed to find match for field 'z'.
Failed to find match for field 'intensity'.
[2026-04-10 15:37:01.087] [info] [LiDAR-LiDAR] [:] [LiDAR-LiDAR][Load] 加载成功: file='/root/calib_ws/data/drive_dusk/lidar/00000833.pcd' points=52477 scans_now=18
Failed to find match for field 'x'.
Failed to find match for field 'y'.
Failed to find match for field 'z'.
Failed to find match for field 'intensity'.
[2026-04-10 15:37:01.088] [info] [LiDAR-LiDAR] [:] [LiDAR-LiDAR][Load] 加载成功: file='/root/calib_ws/data/drive_dusk/lidar/00000882.pcd' points=53603 scans_now=19
Failed to find match for field 'x'.
Failed to find match for field 'y'.
Failed to find match for field 'z'.
Failed to find match for field 'intensity'.
[2026-04-10 15:37:01.088] [info] [LiDAR-LiDAR] [:] [LiDAR-LiDAR][Load] 加载成功: file='/root/calib_ws/data/drive_dusk/lidar/00000931.pcd' points=53211 scans_now=20
Failed to find match for field 'x'.
Failed to find match for field 'y'.
Failed to find match for field 'z'.
Failed to find match for field 'intensity'.
[2026-04-10 15:37:01.090] [info] [LiDAR-LiDAR] [:] [LiDAR-LiDAR][Load] 加载成功: file='/root/calib_ws/data/drive_dusk/lidar/00000980.pcd' points=53749 scans_now=21
Failed to find match for field 'x'.
Failed to find match for field 'y'.
Failed to find match for field 'z'.
Failed to find match for field 'intensity'.
[2026-04-10 15:37:01.093] [info] [LiDAR-LiDAR] [:] [LiDAR-LiDAR][Load] 加载成功: file='/root/calib_ws/data/drive_dusk/lidar/00001029.pcd' points=55720 scans_now=22
Failed to find match for field 'x'.
Failed to find match for field 'y'.
Failed to find match for field 'z'.
Failed to find match for field 'intensity'.
[2026-04-10 15:37:01.095] [info] [LiDAR-LiDAR] [:] [LiDAR-LiDAR][Load] 加载成功: file='/root/calib_ws/data/drive_dusk/lidar/00001078.pcd' points=54310 scans_now=23
Failed to find match for field 'x'.
Failed to find match for field 'y'.
Failed to find match for field 'z'.
Failed to find match for field 'intensity'.
[2026-04-10 15:37:01.096] [info] [LiDAR-LiDAR] [:] [LiDAR-LiDAR][Load] 加载成功: file='/root/calib_ws/data/drive_dusk/lidar/00001127.pcd' points=52592 scans_now=24
Failed to find match for field 'x'.
Failed to find match for field 'y'.
Failed to find match for field 'z'.
Failed to find match for field 'intensity'.
[2026-04-10 15:37:01.096] [info] [LiDAR-LiDAR] [:] [LiDAR-LiDAR][Load] 加载成功: file='/root/calib_ws/data/drive_dusk/lidar/00001176.pcd' points=49732 scans_now=25
Failed to find match for field 'x'.
Failed to find match for field 'y'.
Failed to find match for field 'z'.
Failed to find match for field 'intensity'.
[2026-04-10 15:37:01.098] [info] [LiDAR-LiDAR] [:] [LiDAR-LiDAR][Load] 加载成功: file='/root/calib_ws/data/drive_dusk/lidar/00001225.pcd' points=47587 scans_now=26
Failed to find match for field 'x'.
Failed to find match for field 'y'.
Failed to find match for field 'z'.
Failed to find match for field 'intensity'.
[2026-04-10 15:37:01.098] [info] [LiDAR-LiDAR] [:] [LiDAR-LiDAR][Load] 加载成功: file='/root/calib_ws/data/drive_dusk/lidar/00001274.pcd' points=44686 scans_now=27
Failed to find match for field 'x'.
Failed to find match for field 'y'.
Failed to find match for field 'z'.
Failed to find match for field 'intensity'.
[2026-04-10 15:37:01.099] [info] [LiDAR-LiDAR] [:] [LiDAR-LiDAR][Load] 加载成功: file='/root/calib_ws/data/drive_dusk/lidar/00001323.pcd' points=47738 scans_now=28
Failed to find match for field 'x'.
Failed to find match for field 'y'.
Failed to find match for field 'z'.
Failed to find match for field 'intensity'.
[2026-04-10 15:37:01.100] [info] [LiDAR-LiDAR] [:] [LiDAR-LiDAR][Load] 加载成功: file='/root/calib_ws/data/drive_dusk/lidar/00001372.pcd' points=50177 scans_now=29
Failed to find match for field 'x'.
Failed to find match for field 'y'.
Failed to find match for field 'z'.
Failed to find match for field 'intensity'.
[2026-04-10 15:37:01.101] [info] [LiDAR-LiDAR] [:] [LiDAR-LiDAR][Load] 加载成功: file='/root/calib_ws/data/drive_dusk/lidar/00001421.pcd' points=46719 scans_now=30
Failed to find match for field 'x'.
Failed to find match for field 'y'.
Failed to find match for field 'z'.
Failed to find match for field 'intensity'.
[2026-04-10 15:37:01.102] [info] [LiDAR-LiDAR] [:] [LiDAR-LiDAR][Load] 加载成功: file='/root/calib_ws/data/drive_dusk/lidar/00001470.pcd' points=47444 scans_now=31
Failed to find match for field 'x'.
Failed to find match for field 'y'.
Failed to find match for field 'z'.
Failed to find match for field 'intensity'.
[2026-04-10 15:37:01.103] [info] [LiDAR-LiDAR] [:] [LiDAR-LiDAR][Load] 加载成功: file='/root/calib_ws/data/drive_dusk/lidar/00001519.pcd' points=48794 scans_now=32
Failed to find match for field 'x'.
Failed to find match for field 'y'.
Failed to find match for field 'z'.
Failed to find match for field 'intensity'.
[2026-04-10 15:37:01.104] [info] [LiDAR-LiDAR] [:] [LiDAR-LiDAR][Load] 加载成功: file='/root/calib_ws/data/drive_dusk/lidar/00001568.pcd' points=50867 scans_now=33
Failed to find match for field 'x'.
Failed to find match for field 'y'.
Failed to find match for field 'z'.
Failed to find match for field 'intensity'.
[2026-04-10 15:37:01.106] [info] [LiDAR-LiDAR] [:] [LiDAR-LiDAR][Load] 加载成功: file='/root/calib_ws/data/drive_dusk/lidar/00001617.pcd' points=56328 scans_now=34
Failed to find match for field 'x'.
Failed to find match for field 'y'.
Failed to find match for field 'z'.
Failed to find match for field 'intensity'.
[2026-04-10 15:37:01.107] [info] [LiDAR-LiDAR] [:] [LiDAR-LiDAR][Load] 加载成功: file='/root/calib_ws/data/drive_dusk/lidar/00001666.pcd' points=47172 scans_now=35
Failed to find match for field 'x'.
Failed to find match for field 'y'.
Failed to find match for field 'z'.
Failed to find match for field 'intensity'.
[2026-04-10 15:37:01.108] [info] [LiDAR-LiDAR] [:] [LiDAR-LiDAR][Load] 加载成功: file='/root/calib_ws/data/drive_dusk/lidar/00001715.pcd' points=48267 scans_now=36
Failed to find match for field 'x'.
Failed to find match for field 'y'.
Failed to find match for field 'z'.
Failed to find match for field 'intensity'.
[2026-04-10 15:37:01.109] [info] [LiDAR-LiDAR] [:] [LiDAR-LiDAR][Load] 加载成功: file='/root/calib_ws/data/drive_dusk/lidar/00001764.pcd' points=52658 scans_now=37
Failed to find match for field 'x'.
Failed to find match for field 'y'.
Failed to find match for field 'z'.
Failed to find match for field 'intensity'.
[2026-04-10 15:37:01.110] [info] [LiDAR-LiDAR] [:] [LiDAR-LiDAR][Load] 加载成功: file='/root/calib_ws/data/drive_dusk/lidar/00001813.pcd' points=47930 scans_now=38
Failed to find match for field 'x'.
Failed to find match for field 'y'.
Failed to find match for field 'z'.
Failed to find match for field 'intensity'.
[2026-04-10 15:37:01.111] [info] [LiDAR-LiDAR] [:] [LiDAR-LiDAR][Load] 加载成功: file='/root/calib_ws/data/drive_dusk/lidar/00001862.pcd' points=52003 scans_now=39
Failed to find match for field 'x'.
Failed to find match for field 'y'.
Failed to find match for field 'z'.
Failed to find match for field 'intensity'.
[2026-04-10 15:37:01.112] [info] [LiDAR-LiDAR] [:] [LiDAR-LiDAR][Load] 加载成功: file='/root/calib_ws/data/drive_dusk/lidar/00001911.pcd' points=50341 scans_now=40
Failed to find match for field 'x'.
Failed to find match for field 'y'.
Failed to find match for field 'z'.
Failed to find match for field 'intensity'.
[2026-04-10 15:37:01.113] [info] [LiDAR-LiDAR] [:] [LiDAR-LiDAR][Load] 加载成功: file='/root/calib_ws/data/drive_dusk/lidar/00001960.pcd' points=50366 scans_now=41
Failed to find match for field 'x'.
Failed to find match for field 'y'.
Failed to find match for field 'z'.
Failed to find match for field 'intensity'.
[2026-04-10 15:37:01.113] [info] [LiDAR-LiDAR] [:] [LiDAR-LiDAR][Load] 加载成功: file='/root/calib_ws/data/drive_dusk/lidar/00002009.pcd' points=49928 scans_now=42
Failed to find match for field 'x'.
Failed to find match for field 'y'.
Failed to find match for field 'z'.
Failed to find match for field 'intensity'.
[2026-04-10 15:37:01.114] [info] [LiDAR-LiDAR] [:] [LiDAR-LiDAR][Load] 加载成功: file='/root/calib_ws/data/drive_dusk/lidar/00002058.pcd' points=49200 scans_now=43
Failed to find match for field 'x'.
Failed to find match for field 'y'.
Failed to find match for field 'z'.
Failed to find match for field 'intensity'.
[2026-04-10 15:37:01.115] [info] [LiDAR-LiDAR] [:] [LiDAR-LiDAR][Load] 加载成功: file='/root/calib_ws/data/drive_dusk/lidar/00002107.pcd' points=49117 scans_now=44
Failed to find match for field 'x'.
Failed to find match for field 'y'.
Failed to find match for field 'z'.
Failed to find match for field 'intensity'.
[2026-04-10 15:37:01.115] [info] [LiDAR-LiDAR] [:] [LiDAR-LiDAR][Load] 加载成功: file='/root/calib_ws/data/drive_dusk/lidar/00002156.pcd' points=49011 scans_now=45
Failed to find match for field 'x'.
Failed to find match for field 'y'.
Failed to find match for field 'z'.
Failed to find match for field 'intensity'.
[2026-04-10 15:37:01.116] [info] [LiDAR-LiDAR] [:] [LiDAR-LiDAR][Load] 加载成功: file='/root/calib_ws/data/drive_dusk/lidar/00002205.pcd' points=49098 scans_now=46
Failed to find match for field 'x'.
Failed to find match for field 'y'.
Failed to find match for field 'z'.
Failed to find match for field 'intensity'.
[2026-04-10 15:37:01.117] [info] [LiDAR-LiDAR] [:] [LiDAR-LiDAR][Load] 加载成功: file='/root/calib_ws/data/drive_dusk/lidar/00002254.pcd' points=46635 scans_now=47
Failed to find match for field 'x'.
Failed to find match for field 'y'.
Failed to find match for field 'z'.
Failed to find match for field 'intensity'.
[2026-04-10 15:37:01.118] [info] [LiDAR-LiDAR] [:] [LiDAR-LiDAR][Load] 加载成功: file='/root/calib_ws/data/drive_dusk/lidar/00002303.pcd' points=50037 scans_now=48
Failed to find match for field 'x'.
Failed to find match for field 'y'.
Failed to find match for field 'z'.
Failed to find match for field 'intensity'.
[2026-04-10 15:37:01.118] [info] [LiDAR-LiDAR] [:] [LiDAR-LiDAR][Load] 加载成功: file='/root/calib_ws/data/drive_dusk/lidar/00002352.pcd' points=51040 scans_now=49
Failed to find match for field 'x'.
Failed to find match for field 'y'.
Failed to find match for field 'z'.
Failed to find match for field 'intensity'.
[2026-04-10 15:37:01.119] [info] [LiDAR-LiDAR] [:] [LiDAR-LiDAR][Load] 加载成功: file='/root/calib_ws/data/drive_dusk/lidar/00002401.pcd' points=53089 scans_now=50
Failed to find match for field 'x'.
Failed to find match for field 'y'.
Failed to find match for field 'z'.
Failed to find match for field 'intensity'.
[2026-04-10 15:37:01.121] [info] [LiDAR-LiDAR] [:] [LiDAR-LiDAR][Load] 加载成功: file='/root/calib_ws/data/drive_dusk/lidar/00002450.pcd' points=53826 scans_now=51
Failed to find match for field 'x'.
Failed to find match for field 'y'.
Failed to find match for field 'z'.
Failed to find match for field 'intensity'.
[2026-04-10 15:37:01.122] [info] [LiDAR-LiDAR] [:] [LiDAR-LiDAR][Load] 加载成功: file='/root/calib_ws/data/drive_dusk/lidar/00002499.pcd' points=52609 scans_now=52
Failed to find match for field 'x'.
Failed to find match for field 'y'.
Failed to find match for field 'z'.
Failed to find match for field 'intensity'.
[2026-04-10 15:37:01.123] [info] [LiDAR-LiDAR] [:] [LiDAR-LiDAR][Load] 加载成功: file='/root/calib_ws/data/drive_dusk/lidar/00002548.pcd' points=50983 scans_now=53
Failed to find match for field 'x'.
Failed to find match for field 'y'.
Failed to find match for field 'z'.
Failed to find match for field 'intensity'.
[2026-04-10 15:37:01.125] [info] [LiDAR-LiDAR] [:] [LiDAR-LiDAR][Load] 加载成功: file='/root/calib_ws/data/drive_dusk/lidar/00002597.pcd' points=50588 scans_now=54
Failed to find match for field 'x'.
Failed to find match for field 'y'.
Failed to find match for field 'z'.
Failed to find match for field 'intensity'.
[2026-04-10 15:37:01.126] [info] [LiDAR-LiDAR] [:] [LiDAR-LiDAR][Load] 加载成功: file='/root/calib_ws/data/drive_dusk/lidar/00002646.pcd' points=49691 scans_now=55
Failed to find match for field 'x'.
Failed to find match for field 'y'.
Failed to find match for field 'z'.
Failed to find match for field 'intensity'.
[2026-04-10 15:37:01.128] [info] [LiDAR-LiDAR] [:] [LiDAR-LiDAR][Load] 加载成功: file='/root/calib_ws/data/drive_dusk/lidar/00002695.pcd' points=50916 scans_now=56
Failed to find match for field 'x'.
Failed to find match for field 'y'.
Failed to find match for field 'z'.
Failed to find match for field 'intensity'.
[2026-04-10 15:37:01.130] [info] [LiDAR-LiDAR] [:] [LiDAR-LiDAR][Load] 加载成功: file='/root/calib_ws/data/drive_dusk/lidar/00002744.pcd' points=49904 scans_now=57
Failed to find match for field 'x'.
Failed to find match for field 'y'.
Failed to find match for field 'z'.
Failed to find match for field 'intensity'.
[2026-04-10 15:37:01.131] [info] [LiDAR-LiDAR] [:] [LiDAR-LiDAR][Load] 加载成功: file='/root/calib_ws/data/drive_dusk/lidar/00002793.pcd' points=50880 scans_now=58
Failed to find match for field 'x'.
Failed to find match for field 'y'.
Failed to find match for field 'z'.
Failed to find match for field 'intensity'.
[2026-04-10 15:37:01.132] [info] [LiDAR-LiDAR] [:] [LiDAR-LiDAR][Load] 加载成功: file='/root/calib_ws/data/drive_dusk/lidar/00002842.pcd' points=50027 scans_now=59
Failed to find match for field 'x'.
Failed to find match for field 'y'.
Failed to find match for field 'z'.
Failed to find match for field 'intensity'.
[2026-04-10 15:37:01.133] [info] [LiDAR-LiDAR] [:] [LiDAR-LiDAR][Load] 加载成功: file='/root/calib_ws/data/drive_dusk/lidar/00002891.pcd' points=51480 scans_now=60
Failed to find match for field 'x'.
Failed to find match for field 'y'.
Failed to find match for field 'z'.
Failed to find match for field 'intensity'.
[2026-04-10 15:37:01.134] [info] [LiDAR-LiDAR] [:] [LiDAR-LiDAR][Load] 加载成功: file='/root/calib_ws/data/drive_dusk/lidar/00002940.pcd' points=49896 scans_now=61
Failed to find match for field 'x'.
Failed to find match for field 'y'.
Failed to find match for field 'z'.
Failed to find match for field 'intensity'.
[2026-04-10 15:37:01.135] [info] [LiDAR-LiDAR] [:] [LiDAR-LiDAR][Load] 加载成功: file='/root/calib_ws/data/drive_dusk/lidar/00002989.pcd' points=50667 scans_now=62
Failed to find match for field 'x'.
Failed to find match for field 'y'.
Failed to find match for field 'z'.
Failed to find match for field 'intensity'.
[2026-04-10 15:37:01.136] [info] [LiDAR-LiDAR] [:] [LiDAR-LiDAR][Load] 加载成功: file='/root/calib_ws/data/drive_dusk/lidar/00003038.pcd' points=52137 scans_now=63
Failed to find match for field 'x'.
Failed to find match for field 'y'.
Failed to find match for field 'z'.
Failed to find match for field 'intensity'.
[2026-04-10 15:37:01.137] [info] [LiDAR-LiDAR] [:] [LiDAR-LiDAR][Load] 加载成功: file='/root/calib_ws/data/drive_dusk/lidar/00003087.pcd' points=52777 scans_now=64
Failed to find match for field 'x'.
Failed to find match for field 'y'.
Failed to find match for field 'z'.
Failed to find match for field 'intensity'.
[2026-04-10 15:37:01.140] [info] [LiDAR-LiDAR] [:] [LiDAR-LiDAR][Load] 加载成功: file='/root/calib_ws/data/drive_dusk/lidar/00003136.pcd' points=53966 scans_now=65
Failed to find match for field 'x'.
Failed to find match for field 'y'.
Failed to find match for field 'z'.
Failed to find match for field 'intensity'.
[2026-04-10 15:37:01.141] [info] [LiDAR-LiDAR] [:] [LiDAR-LiDAR][Load] 加载成功: file='/root/calib_ws/data/drive_dusk/lidar/00003185.pcd' points=50199 scans_now=66
Failed to find match for field 'x'.
Failed to find match for field 'y'.
Failed to find match for field 'z'.
Failed to find match for field 'intensity'.
[2026-04-10 15:37:01.142] [info] [LiDAR-LiDAR] [:] [LiDAR-LiDAR][Load] 加载成功: file='/root/calib_ws/data/drive_dusk/lidar/00003234.pcd' points=46307 scans_now=67
Failed to find match for field 'x'.
Failed to find match for field 'y'.
Failed to find match for field 'z'.
Failed to find match for field 'intensity'.
[2026-04-10 15:37:01.143] [info] [LiDAR-LiDAR] [:] [LiDAR-LiDAR][Load] 加载成功: file='/root/calib_ws/data/drive_dusk/lidar/00003283.pcd' points=48972 scans_now=68
Failed to find match for field 'x'.
Failed to find match for field 'y'.
Failed to find match for field 'z'.
Failed to find match for field 'intensity'.
[2026-04-10 15:37:01.144] [info] [LiDAR-LiDAR] [:] [LiDAR-LiDAR][Load] 加载成功: file='/root/calib_ws/data/drive_dusk/lidar/00003332.pcd' points=50597 scans_now=69
Failed to find match for field 'x'.
Failed to find match for field 'y'.
Failed to find match for field 'z'.
Failed to find match for field 'intensity'.
[2026-04-10 15:37:01.145] [info] [LiDAR-LiDAR] [:] [LiDAR-LiDAR][Load] 加载成功: file='/root/calib_ws/data/drive_dusk/lidar/00003381.pcd' points=50289 scans_now=70
Failed to find match for field 'x'.
Failed to find match for field 'y'.
Failed to find match for field 'z'.
Failed to find match for field 'intensity'.
[2026-04-10 15:37:01.147] [info] [LiDAR-LiDAR] [:] [LiDAR-LiDAR][Load] 加载成功: file='/root/calib_ws/data/drive_dusk/lidar/00003430.pcd' points=59473 scans_now=71
Failed to find match for field 'x'.
Failed to find match for field 'y'.
Failed to find match for field 'z'.
Failed to find match for field 'intensity'.
[2026-04-10 15:37:01.148] [info] [LiDAR-LiDAR] [:] [LiDAR-LiDAR][Load] 加载成功: file='/root/calib_ws/data/drive_dusk/lidar/00003479.pcd' points=51772 scans_now=72
Failed to find match for field 'x'.
Failed to find match for field 'y'.
Failed to find match for field 'z'.
Failed to find match for field 'intensity'.
[2026-04-10 15:37:01.149] [info] [LiDAR-LiDAR] [:] [LiDAR-LiDAR][Load] 加载成功: file='/root/calib_ws/data/drive_dusk/lidar/00003528.pcd' points=50866 scans_now=73
Failed to find match for field 'x'.
Failed to find match for field 'y'.
Failed to find match for field 'z'.
Failed to find match for field 'intensity'.
[2026-04-10 15:37:01.150] [info] [LiDAR-LiDAR] [:] [LiDAR-LiDAR][Load] 加载成功: file='/root/calib_ws/data/drive_dusk/lidar/00003577.pcd' points=50499 scans_now=74
Failed to find match for field 'x'.
Failed to find match for field 'y'.
Failed to find match for field 'z'.
Failed to find match for field 'intensity'.
[2026-04-10 15:37:01.151] [info] [LiDAR-LiDAR] [:] [LiDAR-LiDAR][Load] 加载成功: file='/root/calib_ws/data/drive_dusk/lidar/00003626.pcd' points=48595 scans_now=75
Failed to find match for field 'x'.
Failed to find match for field 'y'.
Failed to find match for field 'z'.
Failed to find match for field 'intensity'.
[2026-04-10 15:37:01.152] [info] [LiDAR-LiDAR] [:] [LiDAR-LiDAR][Load] 加载成功: file='/root/calib_ws/data/drive_dusk/lidar/00003675.pcd' points=47775 scans_now=76
Failed to find match for field 'x'.
Failed to find match for field 'y'.
Failed to find match for field 'z'.
Failed to find match for field 'intensity'.
[2026-04-10 15:37:01.152] [info] [LiDAR-LiDAR] [:] [LiDAR-LiDAR][Load] 加载成功: file='/root/calib_ws/data/drive_dusk/lidar/00003724.pcd' points=48096 scans_now=77
Failed to find match for field 'x'.
Failed to find match for field 'y'.
Failed to find match for field 'z'.
Failed to find match for field 'intensity'.
[2026-04-10 15:37:01.153] [info] [LiDAR-LiDAR] [:] [LiDAR-LiDAR][Load] 加载成功: file='/root/calib_ws/data/drive_dusk/lidar/00003773.pcd' points=50444 scans_now=78
Failed to find match for field 'x'.
Failed to find match for field 'y'.
Failed to find match for field 'z'.
Failed to find match for field 'intensity'.
[2026-04-10 15:37:01.154] [info] [LiDAR-LiDAR] [:] [LiDAR-LiDAR][Load] 加载成功: file='/root/calib_ws/data/drive_dusk/lidar/00003822.pcd' points=50882 scans_now=79
Failed to find match for field 'x'.
Failed to find match for field 'y'.
Failed to find match for field 'z'.
Failed to find match for field 'intensity'.
[2026-04-10 15:37:01.155] [info] [LiDAR-LiDAR] [:] [LiDAR-LiDAR][Load] 加载成功: file='/root/calib_ws/data/drive_dusk/lidar/00003871.pcd' points=50586 scans_now=80
Failed to find match for field 'x'.
Failed to find match for field 'y'.
Failed to find match for field 'z'.
Failed to find match for field 'intensity'.
[2026-04-10 15:37:01.156] [info] [LiDAR-LiDAR] [:] [LiDAR-LiDAR][Load] 加载成功: file='/root/calib_ws/data/drive_dusk/lidar/00003920.pcd' points=48302 scans_now=81
Failed to find match for field 'x'.
Failed to find match for field 'y'.
Failed to find match for field 'z'.
Failed to find match for field 'intensity'.
[2026-04-10 15:37:01.157] [info] [LiDAR-LiDAR] [:] [LiDAR-LiDAR][Load] 加载成功: file='/root/calib_ws/data/drive_dusk/lidar/00003969.pcd' points=48332 scans_now=82
Failed to find match for field 'x'.
Failed to find match for field 'y'.
Failed to find match for field 'z'.
Failed to find match for field 'intensity'.
[2026-04-10 15:37:01.158] [info] [LiDAR-LiDAR] [:] [LiDAR-LiDAR][Load] 加载成功: file='/root/calib_ws/data/drive_dusk/lidar/00004018.pcd' points=48330 scans_now=83
Failed to find match for field 'x'.
Failed to find match for field 'y'.
Failed to find match for field 'z'.
Failed to find match for field 'intensity'.
[2026-04-10 15:37:01.160] [info] [LiDAR-LiDAR] [:] [LiDAR-LiDAR][Load] 加载成功: file='/root/calib_ws/data/drive_dusk/lidar/00004067.pcd' points=48373 scans_now=84
Failed to find match for field 'x'.
Failed to find match for field 'y'.
Failed to find match for field 'z'.
Failed to find match for field 'intensity'.
[2026-04-10 15:37:01.161] [info] [LiDAR-LiDAR] [:] [LiDAR-LiDAR][Load] 加载成功: file='/root/calib_ws/data/drive_dusk/lidar/00004116.pcd' points=47492 scans_now=85
Failed to find match for field 'x'.
Failed to find match for field 'y'.
Failed to find match for field 'z'.
Failed to find match for field 'intensity'.
[2026-04-10 15:37:01.162] [info] [LiDAR-LiDAR] [:] [LiDAR-LiDAR][Load] 加载成功: file='/root/calib_ws/data/drive_dusk/lidar/00004165.pcd' points=46965 scans_now=86
Failed to find match for field 'x'.
Failed to find match for field 'y'.
Failed to find match for field 'z'.
Failed to find match for field 'intensity'.
[2026-04-10 15:37:01.162] [info] [LiDAR-LiDAR] [:] [LiDAR-LiDAR][Load] 加载成功: file='/root/calib_ws/data/drive_dusk/lidar/00004214.pcd' points=45832 scans_now=87
Failed to find match for field 'x'.
Failed to find match for field 'y'.
Failed to find match for field 'z'.
Failed to find match for field 'intensity'.
[2026-04-10 15:37:01.163] [info] [LiDAR-LiDAR] [:] [LiDAR-LiDAR][Load] 加载成功: file='/root/calib_ws/data/drive_dusk/lidar/00004263.pcd' points=52694 scans_now=88
Failed to find match for field 'x'.
Failed to find match for field 'y'.
Failed to find match for field 'z'.
Failed to find match for field 'intensity'.
[2026-04-10 15:37:01.164] [info] [LiDAR-LiDAR] [:] [LiDAR-LiDAR][Load] 加载成功: file='/root/calib_ws/data/drive_dusk/lidar/00004312.pcd' points=50516 scans_now=89
Failed to find match for field 'x'.
Failed to find match for field 'y'.
Failed to find match for field 'z'.
Failed to find match for field 'intensity'.
[2026-04-10 15:37:01.165] [info] [LiDAR-LiDAR] [:] [LiDAR-LiDAR][Load] 加载成功: file='/root/calib_ws/data/drive_dusk/lidar/00004361.pcd' points=48949 scans_now=90
Failed to find match for field 'x'.
Failed to find match for field 'y'.
Failed to find match for field 'z'.
Failed to find match for field 'intensity'.
[2026-04-10 15:37:01.165] [info] [LiDAR-LiDAR] [:] [LiDAR-LiDAR][Load] 加载成功: file='/root/calib_ws/data/drive_dusk/lidar/00004410.pcd' points=48352 scans_now=91
Failed to find match for field 'x'.
Failed to find match for field 'y'.
Failed to find match for field 'z'.
Failed to find match for field 'intensity'.
[2026-04-10 15:37:01.166] [info] [LiDAR-LiDAR] [:] [LiDAR-LiDAR][Load] 加载成功: file='/root/calib_ws/data/drive_dusk/lidar/00004459.pcd' points=47890 scans_now=92
Failed to find match for field 'x'.
Failed to find match for field 'y'.
Failed to find match for field 'z'.
Failed to find match for field 'intensity'.
[2026-04-10 15:37:01.167] [info] [LiDAR-LiDAR] [:] [LiDAR-LiDAR][Load] 加载成功: file='/root/calib_ws/data/drive_dusk/lidar/00004508.pcd' points=47673 scans_now=93
Failed to find match for field 'x'.
Failed to find match for field 'y'.
Failed to find match for field 'z'.
Failed to find match for field 'intensity'.
[2026-04-10 15:37:01.168] [info] [LiDAR-LiDAR] [:] [LiDAR-LiDAR][Load] 加载成功: file='/root/calib_ws/data/drive_dusk/lidar/00004557.pcd' points=47616 scans_now=94
Failed to find match for field 'x'.
Failed to find match for field 'y'.
Failed to find match for field 'z'.
Failed to find match for field 'intensity'.
[2026-04-10 15:37:01.168] [info] [LiDAR-LiDAR] [:] [LiDAR-LiDAR][Load] 加载成功: file='/root/calib_ws/data/drive_dusk/lidar/00004606.pcd' points=48299 scans_now=95
Failed to find match for field 'x'.
Failed to find match for field 'y'.
Failed to find match for field 'z'.
Failed to find match for field 'intensity'.
[2026-04-10 15:37:01.169] [info] [LiDAR-LiDAR] [:] [LiDAR-LiDAR][Load] 加载成功: file='/root/calib_ws/data/drive_dusk/lidar/00004655.pcd' points=48084 scans_now=96
Failed to find match for field 'x'.
Failed to find match for field 'y'.
Failed to find match for field 'z'.
Failed to find match for field 'intensity'.
[2026-04-10 15:37:01.170] [info] [LiDAR-LiDAR] [:] [LiDAR-LiDAR][Load] 加载成功: file='/root/calib_ws/data/drive_dusk/lidar/00004704.pcd' points=50500 scans_now=97
Failed to find match for field 'x'.
Failed to find match for field 'y'.
Failed to find match for field 'z'.
Failed to find match for field 'intensity'.
[2026-04-10 15:37:01.171] [info] [LiDAR-LiDAR] [:] [LiDAR-LiDAR][Load] 加载成功: file='/root/calib_ws/data/drive_dusk/lidar/00004753.pcd' points=53957 scans_now=98
Failed to find match for field 'x'.
Failed to find match for field 'y'.
Failed to find match for field 'z'.
Failed to find match for field 'intensity'.
[2026-04-10 15:37:01.172] [info] [LiDAR-LiDAR] [:] [LiDAR-LiDAR][Load] 加载成功: file='/root/calib_ws/data/drive_dusk/lidar/00004802.pcd' points=52668 scans_now=99
Failed to find match for field 'x'.
Failed to find match for field 'y'.
Failed to find match for field 'z'.
Failed to find match for field 'intensity'.
[2026-04-10 15:37:01.173] [info] [LiDAR-LiDAR] [:] [LiDAR-LiDAR][Load] 加载成功: file='/root/calib_ws/data/drive_dusk/lidar/00004851.pcd' points=51107 scans_now=100
[2026-04-10 15:37:01.173] [info] [LiDAR-LiDAR] [:] [LiDAR-LiDAR][Load] 加载结束: 有效帧数=100
[2026-04-10 15:37:01.174] [info] [LiDAR-LiDAR] [:] [LiDAR-LiDAR][Load] 开始加载目录: '/root/calib_ws/data/drive_dusk/radar' max_frames=100
[2026-04-10 15:37:01.182] [info] [LiDAR-LiDAR] [:] [LiDAR-LiDAR][Load] 扫描完成: pcd_count=4929
[2026-04-10 15:37:01.182] [info] [LiDAR-LiDAR] [:] [LiDAR-LiDAR][Load] 采样步长 step=49
Failed to find match for field 'x'.
Failed to find match for field 'y'.
Failed to find match for field 'z'.
Failed to find match for field 'intensity'.
[2026-04-10 15:37:01.183] [info] [LiDAR-LiDAR] [:] [LiDAR-LiDAR][Load] 加载成功: file='/root/calib_ws/data/drive_dusk/radar/00000000.pcd' points=356 scans_now=1
Failed to find match for field 'x'.
Failed to find match for field 'y'.
Failed to find match for field 'z'.
Failed to find match for field 'intensity'.
[2026-04-10 15:37:01.183] [info] [LiDAR-LiDAR] [:] [LiDAR-LiDAR][Load] 加载成功: file='/root/calib_ws/data/drive_dusk/radar/00000049.pcd' points=335 scans_now=2
Failed to find match for field 'x'.
Failed to find match for field 'y'.
Failed to find match for field 'z'.
Failed to find match for field 'intensity'.
[2026-04-10 15:37:01.183] [info] [LiDAR-LiDAR] [:] [LiDAR-LiDAR][Load] 加载成功: file='/root/calib_ws/data/drive_dusk/radar/00000098.pcd' points=1036 scans_now=3
Failed to find match for field 'x'.
Failed to find match for field 'y'.
Failed to find match for field 'z'.
Failed to find match for field 'intensity'.
[2026-04-10 15:37:01.183] [info] [LiDAR-LiDAR] [:] [LiDAR-LiDAR][Load] 加载成功: file='/root/calib_ws/data/drive_dusk/radar/00000147.pcd' points=1164 scans_now=4
Failed to find match for field 'x'.
Failed to find match for field 'y'.
Failed to find match for field 'z'.
Failed to find match for field 'intensity'.
[2026-04-10 15:37:01.183] [info] [LiDAR-LiDAR] [:] [LiDAR-LiDAR][Load] 加载成功: file='/root/calib_ws/data/drive_dusk/radar/00000196.pcd' points=1240 scans_now=5
Failed to find match for field 'x'.
Failed to find match for field 'y'.
Failed to find match for field 'z'.
Failed to find match for field 'intensity'.
[2026-04-10 15:37:01.183] [info] [LiDAR-LiDAR] [:] [LiDAR-LiDAR][Load] 加载成功: file='/root/calib_ws/data/drive_dusk/radar/00000245.pcd' points=692 scans_now=6
Failed to find match for field 'x'.
Failed to find match for field 'y'.
Failed to find match for field 'z'.
Failed to find match for field 'intensity'.
[2026-04-10 15:37:01.183] [info] [LiDAR-LiDAR] [:] [LiDAR-LiDAR][Load] 加载成功: file='/root/calib_ws/data/drive_dusk/radar/00000294.pcd' points=979 scans_now=7
Failed to find match for field 'x'.
Failed to find match for field 'y'.
Failed to find match for field 'z'.
Failed to find match for field 'intensity'.
[2026-04-10 15:37:01.183] [info] [LiDAR-LiDAR] [:] [LiDAR-LiDAR][Load] 加载成功: file='/root/calib_ws/data/drive_dusk/radar/00000343.pcd' points=1128 scans_now=8
Failed to find match for field 'x'.
Failed to find match for field 'y'.
Failed to find match for field 'z'.
Failed to find match for field 'intensity'.
[2026-04-10 15:37:01.183] [info] [LiDAR-LiDAR] [:] [LiDAR-LiDAR][Load] 加载成功: file='/root/calib_ws/data/drive_dusk/radar/00000392.pcd' points=771 scans_now=9
Failed to find match for field 'x'.
Failed to find match for field 'y'.
Failed to find match for field 'z'.
Failed to find match for field 'intensity'.
[2026-04-10 15:37:01.183] [info] [LiDAR-LiDAR] [:] [LiDAR-LiDAR][Load] 加载成功: file='/root/calib_ws/data/drive_dusk/radar/00000441.pcd' points=1097 scans_now=10
Failed to find match for field 'x'.
Failed to find match for field 'y'.
Failed to find match for field 'z'.
Failed to find match for field 'intensity'.
[2026-04-10 15:37:01.184] [info] [LiDAR-LiDAR] [:] [LiDAR-LiDAR][Load] 加载成功: file='/root/calib_ws/data/drive_dusk/radar/00000490.pcd' points=1082 scans_now=11
Failed to find match for field 'x'.
Failed to find match for field 'y'.
Failed to find match for field 'z'.
Failed to find match for field 'intensity'.
[2026-04-10 15:37:01.184] [info] [LiDAR-LiDAR] [:] [LiDAR-LiDAR][Load] 加载成功: file='/root/calib_ws/data/drive_dusk/radar/00000539.pcd' points=950 scans_now=12
Failed to find match for field 'x'.
Failed to find match for field 'y'.
Failed to find match for field 'z'.
Failed to find match for field 'intensity'.
[2026-04-10 15:37:01.184] [info] [LiDAR-LiDAR] [:] [LiDAR-LiDAR][Load] 加载成功: file='/root/calib_ws/data/drive_dusk/radar/00000588.pcd' points=1002 scans_now=13
Failed to find match for field 'x'.
Failed to find match for field 'y'.
Failed to find match for field 'z'.
Failed to find match for field 'intensity'.
[2026-04-10 15:37:01.184] [info] [LiDAR-LiDAR] [:] [LiDAR-LiDAR][Load] 加载成功: file='/root/calib_ws/data/drive_dusk/radar/00000637.pcd' points=1195 scans_now=14
Failed to find match for field 'x'.
Failed to find match for field 'y'.
Failed to find match for field 'z'.
Failed to find match for field 'intensity'.
[2026-04-10 15:37:01.184] [info] [LiDAR-LiDAR] [:] [LiDAR-LiDAR][Load] 加载成功: file='/root/calib_ws/data/drive_dusk/radar/00000686.pcd' points=1035 scans_now=15
Failed to find match for field 'x'.
Failed to find match for field 'y'.
Failed to find match for field 'z'.
Failed to find match for field 'intensity'.
[2026-04-10 15:37:01.184] [info] [LiDAR-LiDAR] [:] [LiDAR-LiDAR][Load] 加载成功: file='/root/calib_ws/data/drive_dusk/radar/00000735.pcd' points=972 scans_now=16
Failed to find match for field 'x'.
Failed to find match for field 'y'.
Failed to find match for field 'z'.
Failed to find match for field 'intensity'.
[2026-04-10 15:37:01.184] [info] [LiDAR-LiDAR] [:] [LiDAR-LiDAR][Load] 加载成功: file='/root/calib_ws/data/drive_dusk/radar/00000784.pcd' points=958 scans_now=17
Failed to find match for field 'x'.
Failed to find match for field 'y'.
Failed to find match for field 'z'.
Failed to find match for field 'intensity'.
[2026-04-10 15:37:01.184] [info] [LiDAR-LiDAR] [:] [LiDAR-LiDAR][Load] 加载成功: file='/root/calib_ws/data/drive_dusk/radar/00000833.pcd' points=1185 scans_now=18
Failed to find match for field 'x'.
Failed to find match for field 'y'.
Failed to find match for field 'z'.
Failed to find match for field 'intensity'.
[2026-04-10 15:37:01.184] [info] [LiDAR-LiDAR] [:] [LiDAR-LiDAR][Load] 加载成功: file='/root/calib_ws/data/drive_dusk/radar/00000882.pcd' points=1306 scans_now=19
Failed to find match for field 'x'.
Failed to find match for field 'y'.
Failed to find match for field 'z'.
Failed to find match for field 'intensity'.
[2026-04-10 15:37:01.184] [info] [LiDAR-LiDAR] [:] [LiDAR-LiDAR][Load] 加载成功: file='/root/calib_ws/data/drive_dusk/radar/00000931.pcd' points=1295 scans_now=20
Failed to find match for field 'x'.
Failed to find match for field 'y'.
Failed to find match for field 'z'.
Failed to find match for field 'intensity'.
[2026-04-10 15:37:01.184] [info] [LiDAR-LiDAR] [:] [LiDAR-LiDAR][Load] 加载成功: file='/root/calib_ws/data/drive_dusk/radar/00000980.pcd' points=1175 scans_now=21
Failed to find match for field 'x'.
Failed to find match for field 'y'.
Failed to find match for field 'z'.
Failed to find match for field 'intensity'.
[2026-04-10 15:37:01.184] [info] [LiDAR-LiDAR] [:] [LiDAR-LiDAR][Load] 加载成功: file='/root/calib_ws/data/drive_dusk/radar/00001029.pcd' points=1294 scans_now=22
Failed to find match for field 'x'.
Failed to find match for field 'y'.
Failed to find match for field 'z'.
Failed to find match for field 'intensity'.
[2026-04-10 15:37:01.185] [info] [LiDAR-LiDAR] [:] [LiDAR-LiDAR][Load] 加载成功: file='/root/calib_ws/data/drive_dusk/radar/00001078.pcd' points=1016 scans_now=23
Failed to find match for field 'x'.
Failed to find match for field 'y'.
Failed to find match for field 'z'.
Failed to find match for field 'intensity'.
[2026-04-10 15:37:01.185] [info] [LiDAR-LiDAR] [:] [LiDAR-LiDAR][Load] 加载成功: file='/root/calib_ws/data/drive_dusk/radar/00001127.pcd' points=762 scans_now=24
Failed to find match for field 'x'.
Failed to find match for field 'y'.
Failed to find match for field 'z'.
Failed to find match for field 'intensity'.
[2026-04-10 15:37:01.185] [info] [LiDAR-LiDAR] [:] [LiDAR-LiDAR][Load] 加载成功: file='/root/calib_ws/data/drive_dusk/radar/00001176.pcd' points=990 scans_now=25
Failed to find match for field 'x'.
Failed to find match for field 'y'.
Failed to find match for field 'z'.
Failed to find match for field 'intensity'.
[2026-04-10 15:37:01.185] [info] [LiDAR-LiDAR] [:] [LiDAR-LiDAR][Load] 加载成功: file='/root/calib_ws/data/drive_dusk/radar/00001225.pcd' points=755 scans_now=26
Failed to find match for field 'x'.
Failed to find match for field 'y'.
Failed to find match for field 'z'.
Failed to find match for field 'intensity'.
[2026-04-10 15:37:01.185] [info] [LiDAR-LiDAR] [:] [LiDAR-LiDAR][Load] 加载成功: file='/root/calib_ws/data/drive_dusk/radar/00001274.pcd' points=531 scans_now=27
Failed to find match for field 'x'.
Failed to find match for field 'y'.
Failed to find match for field 'z'.
Failed to find match for field 'intensity'.
[2026-04-10 15:37:01.185] [info] [LiDAR-LiDAR] [:] [LiDAR-LiDAR][Load] 加载成功: file='/root/calib_ws/data/drive_dusk/radar/00001323.pcd' points=517 scans_now=28
Failed to find match for field 'x'.
Failed to find match for field 'y'.
Failed to find match for field 'z'.
Failed to find match for field 'intensity'.
[2026-04-10 15:37:01.185] [info] [LiDAR-LiDAR] [:] [LiDAR-LiDAR][Load] 加载成功: file='/root/calib_ws/data/drive_dusk/radar/00001372.pcd' points=1094 scans_now=29
Failed to find match for field 'x'.
Failed to find match for field 'y'.
Failed to find match for field 'z'.
Failed to find match for field 'intensity'.
[2026-04-10 15:37:01.185] [info] [LiDAR-LiDAR] [:] [LiDAR-LiDAR][Load] 加载成功: file='/root/calib_ws/data/drive_dusk/radar/00001421.pcd' points=1009 scans_now=30
Failed to find match for field 'x'.
Failed to find match for field 'y'.
Failed to find match for field 'z'.
Failed to find match for field 'intensity'.
[2026-04-10 15:37:01.185] [info] [LiDAR-LiDAR] [:] [LiDAR-LiDAR][Load] 加载成功: file='/root/calib_ws/data/drive_dusk/radar/00001470.pcd' points=783 scans_now=31
Failed to find match for field 'x'.
Failed to find match for field 'y'.
Failed to find match for field 'z'.
Failed to find match for field 'intensity'.
[2026-04-10 15:37:01.185] [info] [LiDAR-LiDAR] [:] [LiDAR-LiDAR][Load] 加载成功: file='/root/calib_ws/data/drive_dusk/radar/00001519.pcd' points=709 scans_now=32
Failed to find match for field 'x'.
Failed to find match for field 'y'.
Failed to find match for field 'z'.
Failed to find match for field 'intensity'.
[2026-04-10 15:37:01.185] [info] [LiDAR-LiDAR] [:] [LiDAR-LiDAR][Load] 加载成功: file='/root/calib_ws/data/drive_dusk/radar/00001568.pcd' points=1029 scans_now=33
Failed to find match for field 'x'.
Failed to find match for field 'y'.
Failed to find match for field 'z'.
Failed to find match for field 'intensity'.
[2026-04-10 15:37:01.185] [info] [LiDAR-LiDAR] [:] [LiDAR-LiDAR][Load] 加载成功: file='/root/calib_ws/data/drive_dusk/radar/00001617.pcd' points=937 scans_now=34
Failed to find match for field 'x'.
Failed to find match for field 'y'.
Failed to find match for field 'z'.
Failed to find match for field 'intensity'.
[2026-04-10 15:37:01.185] [info] [LiDAR-LiDAR] [:] [LiDAR-LiDAR][Load] 加载成功: file='/root/calib_ws/data/drive_dusk/radar/00001666.pcd' points=527 scans_now=35
Failed to find match for field 'x'.
Failed to find match for field 'y'.
Failed to find match for field 'z'.
Failed to find match for field 'intensity'.
[2026-04-10 15:37:01.186] [info] [LiDAR-LiDAR] [:] [LiDAR-LiDAR][Load] 加载成功: file='/root/calib_ws/data/drive_dusk/radar/00001715.pcd' points=462 scans_now=36
Failed to find match for field 'x'.
Failed to find match for field 'y'.
Failed to find match for field 'z'.
Failed to find match for field 'intensity'.
[2026-04-10 15:37:01.186] [info] [LiDAR-LiDAR] [:] [LiDAR-LiDAR][Load] 加载成功: file='/root/calib_ws/data/drive_dusk/radar/00001764.pcd' points=770 scans_now=37
Failed to find match for field 'x'.
Failed to find match for field 'y'.
Failed to find match for field 'z'.
Failed to find match for field 'intensity'.
[2026-04-10 15:37:01.186] [info] [LiDAR-LiDAR] [:] [LiDAR-LiDAR][Load] 加载成功: file='/root/calib_ws/data/drive_dusk/radar/00001813.pcd' points=536 scans_now=38
Failed to find match for field 'x'.
Failed to find match for field 'y'.
Failed to find match for field 'z'.
Failed to find match for field 'intensity'.
[2026-04-10 15:37:01.186] [info] [LiDAR-LiDAR] [:] [LiDAR-LiDAR][Load] 加载成功: file='/root/calib_ws/data/drive_dusk/radar/00001862.pcd' points=845 scans_now=39
Failed to find match for field 'x'.
Failed to find match for field 'y'.
Failed to find match for field 'z'.
Failed to find match for field 'intensity'.
[2026-04-10 15:37:01.186] [info] [LiDAR-LiDAR] [:] [LiDAR-LiDAR][Load] 加载成功: file='/root/calib_ws/data/drive_dusk/radar/00001911.pcd' points=1150 scans_now=40
Failed to find match for field 'x'.
Failed to find match for field 'y'.
Failed to find match for field 'z'.
Failed to find match for field 'intensity'.
[2026-04-10 15:37:01.186] [info] [LiDAR-LiDAR] [:] [LiDAR-LiDAR][Load] 加载成功: file='/root/calib_ws/data/drive_dusk/radar/00001960.pcd' points=758 scans_now=41
Failed to find match for field 'x'.
Failed to find match for field 'y'.
Failed to find match for field 'z'.
Failed to find match for field 'intensity'.
[2026-04-10 15:37:01.186] [info] [LiDAR-LiDAR] [:] [LiDAR-LiDAR][Load] 加载成功: file='/root/calib_ws/data/drive_dusk/radar/00002009.pcd' points=808 scans_now=42
Failed to find match for field 'x'.
Failed to find match for field 'y'.
Failed to find match for field 'z'.
Failed to find match for field 'intensity'.
[2026-04-10 15:37:01.186] [info] [LiDAR-LiDAR] [:] [LiDAR-LiDAR][Load] 加载成功: file='/root/calib_ws/data/drive_dusk/radar/00002058.pcd' points=860 scans_now=43
Failed to find match for field 'x'.
Failed to find match for field 'y'.
Failed to find match for field 'z'.
Failed to find match for field 'intensity'.
[2026-04-10 15:37:01.186] [info] [LiDAR-LiDAR] [:] [LiDAR-LiDAR][Load] 加载成功: file='/root/calib_ws/data/drive_dusk/radar/00002107.pcd' points=711 scans_now=44
Failed to find match for field 'x'.
Failed to find match for field 'y'.
Failed to find match for field 'z'.
Failed to find match for field 'intensity'.
[2026-04-10 15:37:01.186] [info] [LiDAR-LiDAR] [:] [LiDAR-LiDAR][Load] 加载成功: file='/root/calib_ws/data/drive_dusk/radar/00002156.pcd' points=761 scans_now=45
Failed to find match for field 'x'.
Failed to find match for field 'y'.
Failed to find match for field 'z'.
Failed to find match for field 'intensity'.
[2026-04-10 15:37:01.186] [info] [LiDAR-LiDAR] [:] [LiDAR-LiDAR][Load] 加载成功: file='/root/calib_ws/data/drive_dusk/radar/00002205.pcd' points=845 scans_now=46
Failed to find match for field 'x'.
Failed to find match for field 'y'.
Failed to find match for field 'z'.
Failed to find match for field 'intensity'.
[2026-04-10 15:37:01.186] [info] [LiDAR-LiDAR] [:] [LiDAR-LiDAR][Load] 加载成功: file='/root/calib_ws/data/drive_dusk/radar/00002254.pcd' points=964 scans_now=47
Failed to find match for field 'x'.
Failed to find match for field 'y'.
Failed to find match for field 'z'.
Failed to find match for field 'intensity'.
[2026-04-10 15:37:01.186] [info] [LiDAR-LiDAR] [:] [LiDAR-LiDAR][Load] 加载成功: file='/root/calib_ws/data/drive_dusk/radar/00002303.pcd' points=480 scans_now=48
Failed to find match for field 'x'.
Failed to find match for field 'y'.
Failed to find match for field 'z'.
Failed to find match for field 'intensity'.
[2026-04-10 15:37:01.186] [info] [LiDAR-LiDAR] [:] [LiDAR-LiDAR][Load] 加载成功: file='/root/calib_ws/data/drive_dusk/radar/00002352.pcd' points=488 scans_now=49
Failed to find match for field 'x'.
Failed to find match for field 'y'.
Failed to find match for field 'z'.
Failed to find match for field 'intensity'.
[2026-04-10 15:37:01.186] [info] [LiDAR-LiDAR] [:] [LiDAR-LiDAR][Load] 加载成功: file='/root/calib_ws/data/drive_dusk/radar/00002401.pcd' points=842 scans_now=50
Failed to find match for field 'x'.
Failed to find match for field 'y'.
Failed to find match for field 'z'.
Failed to find match for field 'intensity'.
[2026-04-10 15:37:01.186] [info] [LiDAR-LiDAR] [:] [LiDAR-LiDAR][Load] 加载成功: file='/root/calib_ws/data/drive_dusk/radar/00002450.pcd' points=836 scans_now=51
Failed to find match for field 'x'.
Failed to find match for field 'y'.
Failed to find match for field 'z'.
Failed to find match for field 'intensity'.
[2026-04-10 15:37:01.186] [info] [LiDAR-LiDAR] [:] [LiDAR-LiDAR][Load] 加载成功: file='/root/calib_ws/data/drive_dusk/radar/00002499.pcd' points=1294 scans_now=52
Failed to find match for field 'x'.
Failed to find match for field 'y'.
Failed to find match for field 'z'.
Failed to find match for field 'intensity'.
[2026-04-10 15:37:01.186] [info] [LiDAR-LiDAR] [:] [LiDAR-LiDAR][Load] 加载成功: file='/root/calib_ws/data/drive_dusk/radar/00002548.pcd' points=1403 scans_now=53
Failed to find match for field 'x'.
Failed to find match for field 'y'.
Failed to find match for field 'z'.
Failed to find match for field 'intensity'.
[2026-04-10 15:37:01.186] [info] [LiDAR-LiDAR] [:] [LiDAR-LiDAR][Load] 加载成功: file='/root/calib_ws/data/drive_dusk/radar/00002597.pcd' points=1407 scans_now=54
Failed to find match for field 'x'.
Failed to find match for field 'y'.
Failed to find match for field 'z'.
Failed to find match for field 'intensity'.
[2026-04-10 15:37:01.186] [info] [LiDAR-LiDAR] [:] [LiDAR-LiDAR][Load] 加载成功: file='/root/calib_ws/data/drive_dusk/radar/00002646.pcd' points=1660 scans_now=55
Failed to find match for field 'x'.
Failed to find match for field 'y'.
Failed to find match for field 'z'.
Failed to find match for field 'intensity'.
[2026-04-10 15:37:01.186] [info] [LiDAR-LiDAR] [:] [LiDAR-LiDAR][Load] 加载成功: file='/root/calib_ws/data/drive_dusk/radar/00002695.pcd' points=1522 scans_now=56
Failed to find match for field 'x'.
Failed to find match for field 'y'.
Failed to find match for field 'z'.
Failed to find match for field 'intensity'.
[2026-04-10 15:37:01.186] [info] [LiDAR-LiDAR] [:] [LiDAR-LiDAR][Load] 加载成功: file='/root/calib_ws/data/drive_dusk/radar/00002744.pcd' points=1447 scans_now=57
Failed to find match for field 'x'.
Failed to find match for field 'y'.
Failed to find match for field 'z'.
Failed to find match for field 'intensity'.
[2026-04-10 15:37:01.186] [info] [LiDAR-LiDAR] [:] [LiDAR-LiDAR][Load] 加载成功: file='/root/calib_ws/data/drive_dusk/radar/00002793.pcd' points=1508 scans_now=58
Failed to find match for field 'x'.
Failed to find match for field 'y'.
Failed to find match for field 'z'.
Failed to find match for field 'intensity'.
[2026-04-10 15:37:01.187] [info] [LiDAR-LiDAR] [:] [LiDAR-LiDAR][Load] 加载成功: file='/root/calib_ws/data/drive_dusk/radar/00002842.pcd' points=1476 scans_now=59
Failed to find match for field 'x'.
Failed to find match for field 'y'.
Failed to find match for field 'z'.
Failed to find match for field 'intensity'.
[2026-04-10 15:37:01.187] [info] [LiDAR-LiDAR] [:] [LiDAR-LiDAR][Load] 加载成功: file='/root/calib_ws/data/drive_dusk/radar/00002891.pcd' points=850 scans_now=60
Failed to find match for field 'x'.
Failed to find match for field 'y'.
Failed to find match for field 'z'.
Failed to find match for field 'intensity'.
[2026-04-10 15:37:01.187] [info] [LiDAR-LiDAR] [:] [LiDAR-LiDAR][Load] 加载成功: file='/root/calib_ws/data/drive_dusk/radar/00002940.pcd' points=945 scans_now=61
Failed to find match for field 'x'.
Failed to find match for field 'y'.
Failed to find match for field 'z'.
Failed to find match for field 'intensity'.
[2026-04-10 15:37:01.187] [info] [LiDAR-LiDAR] [:] [LiDAR-LiDAR][Load] 加载成功: file='/root/calib_ws/data/drive_dusk/radar/00002989.pcd' points=1001 scans_now=62
Failed to find match for field 'x'.
Failed to find match for field 'y'.
Failed to find match for field 'z'.
Failed to find match for field 'intensity'.
[2026-04-10 15:37:01.187] [info] [LiDAR-LiDAR] [:] [LiDAR-LiDAR][Load] 加载成功: file='/root/calib_ws/data/drive_dusk/radar/00003038.pcd' points=1217 scans_now=63
Failed to find match for field 'x'.
Failed to find match for field 'y'.
Failed to find match for field 'z'.
Failed to find match for field 'intensity'.
[2026-04-10 15:37:01.187] [info] [LiDAR-LiDAR] [:] [LiDAR-LiDAR][Load] 加载成功: file='/root/calib_ws/data/drive_dusk/radar/00003087.pcd' points=1162 scans_now=64
Failed to find match for field 'x'.
Failed to find match for field 'y'.
Failed to find match for field 'z'.
Failed to find match for field 'intensity'.
[2026-04-10 15:37:01.187] [info] [LiDAR-LiDAR] [:] [LiDAR-LiDAR][Load] 加载成功: file='/root/calib_ws/data/drive_dusk/radar/00003136.pcd' points=1438 scans_now=65
Failed to find match for field 'x'.
Failed to find match for field 'y'.
Failed to find match for field 'z'.
Failed to find match for field 'intensity'.
[2026-04-10 15:37:01.187] [info] [LiDAR-LiDAR] [:] [LiDAR-LiDAR][Load] 加载成功: file='/root/calib_ws/data/drive_dusk/radar/00003185.pcd' points=1291 scans_now=66
Failed to find match for field 'x'.
Failed to find match for field 'y'.
Failed to find match for field 'z'.
Failed to find match for field 'intensity'.
[2026-04-10 15:37:01.187] [info] [LiDAR-LiDAR] [:] [LiDAR-LiDAR][Load] 加载成功: file='/root/calib_ws/data/drive_dusk/radar/00003234.pcd' points=1375 scans_now=67
Failed to find match for field 'x'.
Failed to find match for field 'y'.
Failed to find match for field 'z'.
Failed to find match for field 'intensity'.
[2026-04-10 15:37:01.187] [info] [LiDAR-LiDAR] [:] [LiDAR-LiDAR][Load] 加载成功: file='/root/calib_ws/data/drive_dusk/radar/00003283.pcd' points=1182 scans_now=68
Failed to find match for field 'x'.
Failed to find match for field 'y'.
Failed to find match for field 'z'.
Failed to find match for field 'intensity'.
[2026-04-10 15:37:01.187] [info] [LiDAR-LiDAR] [:] [LiDAR-LiDAR][Load] 加载成功: file='/root/calib_ws/data/drive_dusk/radar/00003332.pcd' points=1124 scans_now=69
Failed to find match for field 'x'.
Failed to find match for field 'y'.
Failed to find match for field 'z'.
Failed to find match for field 'intensity'.
[2026-04-10 15:37:01.187] [info] [LiDAR-LiDAR] [:] [LiDAR-LiDAR][Load] 加载成功: file='/root/calib_ws/data/drive_dusk/radar/00003381.pcd' points=576 scans_now=70
Failed to find match for field 'x'.
Failed to find match for field 'y'.
Failed to find match for field 'z'.
Failed to find match for field 'intensity'.
[2026-04-10 15:37:01.187] [info] [LiDAR-LiDAR] [:] [LiDAR-LiDAR][Load] 加载成功: file='/root/calib_ws/data/drive_dusk/radar/00003430.pcd' points=859 scans_now=71
Failed to find match for field 'x'.
Failed to find match for field 'y'.
Failed to find match for field 'z'.
Failed to find match for field 'intensity'.
[2026-04-10 15:37:01.187] [info] [LiDAR-LiDAR] [:] [LiDAR-LiDAR][Load] 加载成功: file='/root/calib_ws/data/drive_dusk/radar/00003479.pcd' points=1086 scans_now=72
Failed to find match for field 'x'.
Failed to find match for field 'y'.
Failed to find match for field 'z'.
Failed to find match for field 'intensity'.
[2026-04-10 15:37:01.187] [info] [LiDAR-LiDAR] [:] [LiDAR-LiDAR][Load] 加载成功: file='/root/calib_ws/data/drive_dusk/radar/00003528.pcd' points=1329 scans_now=73
Failed to find match for field 'x'.
Failed to find match for field 'y'.
Failed to find match for field 'z'.
Failed to find match for field 'intensity'.
[2026-04-10 15:37:01.187] [info] [LiDAR-LiDAR] [:] [LiDAR-LiDAR][Load] 加载成功: file='/root/calib_ws/data/drive_dusk/radar/00003577.pcd' points=1345 scans_now=74
Failed to find match for field 'x'.
Failed to find match for field 'y'.
Failed to find match for field 'z'.
Failed to find match for field 'intensity'.
[2026-04-10 15:37:01.187] [info] [LiDAR-LiDAR] [:] [LiDAR-LiDAR][Load] 加载成功: file='/root/calib_ws/data/drive_dusk/radar/00003626.pcd' points=969 scans_now=75
Failed to find match for field 'x'.
Failed to find match for field 'y'.
Failed to find match for field 'z'.
Failed to find match for field 'intensity'.
[2026-04-10 15:37:01.187] [info] [LiDAR-LiDAR] [:] [LiDAR-LiDAR][Load] 加载成功: file='/root/calib_ws/data/drive_dusk/radar/00003675.pcd' points=701 scans_now=76
Failed to find match for field 'x'.
Failed to find match for field 'y'.
Failed to find match for field 'z'.
Failed to find match for field 'intensity'.
[2026-04-10 15:37:01.187] [info] [LiDAR-LiDAR] [:] [LiDAR-LiDAR][Load] 加载成功: file='/root/calib_ws/data/drive_dusk/radar/00003724.pcd' points=755 scans_now=77
Failed to find match for field 'x'.
Failed to find match for field 'y'.
Failed to find match for field 'z'.
Failed to find match for field 'intensity'.
[2026-04-10 15:37:01.187] [info] [LiDAR-LiDAR] [:] [LiDAR-LiDAR][Load] 加载成功: file='/root/calib_ws/data/drive_dusk/radar/00003773.pcd' points=725 scans_now=78
Failed to find match for field 'x'.
Failed to find match for field 'y'.
Failed to find match for field 'z'.
Failed to find match for field 'intensity'.
[2026-04-10 15:37:01.187] [info] [LiDAR-LiDAR] [:] [LiDAR-LiDAR][Load] 加载成功: file='/root/calib_ws/data/drive_dusk/radar/00003822.pcd' points=1160 scans_now=79
Failed to find match for field 'x'.
Failed to find match for field 'y'.
Failed to find match for field 'z'.
Failed to find match for field 'intensity'.
[2026-04-10 15:37:01.187] [info] [LiDAR-LiDAR] [:] [LiDAR-LiDAR][Load] 加载成功: file='/root/calib_ws/data/drive_dusk/radar/00003871.pcd' points=865 scans_now=80
Failed to find match for field 'x'.
Failed to find match for field 'y'.
Failed to find match for field 'z'.
Failed to find match for field 'intensity'.
[2026-04-10 15:37:01.187] [info] [LiDAR-LiDAR] [:] [LiDAR-LiDAR][Load] 加载成功: file='/root/calib_ws/data/drive_dusk/radar/00003920.pcd' points=979 scans_now=81
Failed to find match for field 'x'.
Failed to find match for field 'y'.
Failed to find match for field 'z'.
Failed to find match for field 'intensity'.
[2026-04-10 15:37:01.188] [info] [LiDAR-LiDAR] [:] [LiDAR-LiDAR][Load] 加载成功: file='/root/calib_ws/data/drive_dusk/radar/00003969.pcd' points=445 scans_now=82
Failed to find match for field 'x'.
Failed to find match for field 'y'.
Failed to find match for field 'z'.
Failed to find match for field 'intensity'.
[2026-04-10 15:37:01.188] [info] [LiDAR-LiDAR] [:] [LiDAR-LiDAR][Load] 加载成功: file='/root/calib_ws/data/drive_dusk/radar/00004018.pcd' points=425 scans_now=83
Failed to find match for field 'x'.
Failed to find match for field 'y'.
Failed to find match for field 'z'.
Failed to find match for field 'intensity'.
[2026-04-10 15:37:01.188] [info] [LiDAR-LiDAR] [:] [LiDAR-LiDAR][Load] 加载成功: file='/root/calib_ws/data/drive_dusk/radar/00004067.pcd' points=396 scans_now=84
Failed to find match for field 'x'.
Failed to find match for field 'y'.
Failed to find match for field 'z'.
Failed to find match for field 'intensity'.
[2026-04-10 15:37:01.188] [info] [LiDAR-LiDAR] [:] [LiDAR-LiDAR][Load] 加载成功: file='/root/calib_ws/data/drive_dusk/radar/00004116.pcd' points=812 scans_now=85
Failed to find match for field 'x'.
Failed to find match for field 'y'.
Failed to find match for field 'z'.
Failed to find match for field 'intensity'.
[2026-04-10 15:37:01.188] [info] [LiDAR-LiDAR] [:] [LiDAR-LiDAR][Load] 加载成功: file='/root/calib_ws/data/drive_dusk/radar/00004165.pcd' points=863 scans_now=86
Failed to find match for field 'x'.
Failed to find match for field 'y'.
Failed to find match for field 'z'.
Failed to find match for field 'intensity'.
[2026-04-10 15:37:01.188] [info] [LiDAR-LiDAR] [:] [LiDAR-LiDAR][Load] 加载成功: file='/root/calib_ws/data/drive_dusk/radar/00004214.pcd' points=1023 scans_now=87
Failed to find match for field 'x'.
Failed to find match for field 'y'.
Failed to find match for field 'z'.
Failed to find match for field 'intensity'.
[2026-04-10 15:37:01.188] [info] [LiDAR-LiDAR] [:] [LiDAR-LiDAR][Load] 加载成功: file='/root/calib_ws/data/drive_dusk/radar/00004263.pcd' points=930 scans_now=88
Failed to find match for field 'x'.
Failed to find match for field 'y'.
Failed to find match for field 'z'.
Failed to find match for field 'intensity'.
[2026-04-10 15:37:01.188] [info] [LiDAR-LiDAR] [:] [LiDAR-LiDAR][Load] 加载成功: file='/root/calib_ws/data/drive_dusk/radar/00004312.pcd' points=933 scans_now=89
Failed to find match for field 'x'.
Failed to find match for field 'y'.
Failed to find match for field 'z'.
Failed to find match for field 'intensity'.
[2026-04-10 15:37:01.188] [info] [LiDAR-LiDAR] [:] [LiDAR-LiDAR][Load] 加载成功: file='/root/calib_ws/data/drive_dusk/radar/00004361.pcd' points=1191 scans_now=90
Failed to find match for field 'x'.
Failed to find match for field 'y'.
Failed to find match for field 'z'.
Failed to find match for field 'intensity'.
[2026-04-10 15:37:01.188] [info] [LiDAR-LiDAR] [:] [LiDAR-LiDAR][Load] 加载成功: file='/root/calib_ws/data/drive_dusk/radar/00004410.pcd' points=407 scans_now=91
Failed to find match for field 'x'.
Failed to find match for field 'y'.
Failed to find match for field 'z'.
Failed to find match for field 'intensity'.
[2026-04-10 15:37:01.188] [info] [LiDAR-LiDAR] [:] [LiDAR-LiDAR][Load] 加载成功: file='/root/calib_ws/data/drive_dusk/radar/00004459.pcd' points=493 scans_now=92
Failed to find match for field 'x'.
Failed to find match for field 'y'.
Failed to find match for field 'z'.
Failed to find match for field 'intensity'.
[2026-04-10 15:37:01.188] [info] [LiDAR-LiDAR] [:] [LiDAR-LiDAR][Load] 加载成功: file='/root/calib_ws/data/drive_dusk/radar/00004508.pcd' points=510 scans_now=93
Failed to find match for field 'x'.
Failed to find match for field 'y'.
Failed to find match for field 'z'.
Failed to find match for field 'intensity'.
[2026-04-10 15:37:01.188] [info] [LiDAR-LiDAR] [:] [LiDAR-LiDAR][Load] 加载成功: file='/root/calib_ws/data/drive_dusk/radar/00004557.pcd' points=684 scans_now=94
Failed to find match for field 'x'.
Failed to find match for field 'y'.
Failed to find match for field 'z'.
Failed to find match for field 'intensity'.
[2026-04-10 15:37:01.188] [info] [LiDAR-LiDAR] [:] [LiDAR-LiDAR][Load] 加载成功: file='/root/calib_ws/data/drive_dusk/radar/00004606.pcd' points=542 scans_now=95
Failed to find match for field 'x'.
Failed to find match for field 'y'.
Failed to find match for field 'z'.
Failed to find match for field 'intensity'.
[2026-04-10 15:37:01.188] [info] [LiDAR-LiDAR] [:] [LiDAR-LiDAR][Load] 加载成功: file='/root/calib_ws/data/drive_dusk/radar/00004655.pcd' points=799 scans_now=96
Failed to find match for field 'x'.
Failed to find match for field 'y'.
Failed to find match for field 'z'.
Failed to find match for field 'intensity'.
[2026-04-10 15:37:01.188] [info] [LiDAR-LiDAR] [:] [LiDAR-LiDAR][Load] 加载成功: file='/root/calib_ws/data/drive_dusk/radar/00004704.pcd' points=1425 scans_now=97
Failed to find match for field 'x'.
Failed to find match for field 'y'.
Failed to find match for field 'z'.
Failed to find match for field 'intensity'.
[2026-04-10 15:37:01.188] [info] [LiDAR-LiDAR] [:] [LiDAR-LiDAR][Load] 加载成功: file='/root/calib_ws/data/drive_dusk/radar/00004753.pcd' points=1132 scans_now=98
Failed to find match for field 'x'.
Failed to find match for field 'y'.
Failed to find match for field 'z'.
Failed to find match for field 'intensity'.
[2026-04-10 15:37:01.188] [info] [LiDAR-LiDAR] [:] [LiDAR-LiDAR][Load] 加载成功: file='/root/calib_ws/data/drive_dusk/radar/00004802.pcd' points=1004 scans_now=99
Failed to find match for field 'x'.
Failed to find match for field 'y'.
Failed to find match for field 'z'.
Failed to find match for field 'intensity'.
[2026-04-10 15:37:01.188] [info] [LiDAR-LiDAR] [:] [LiDAR-LiDAR][Load] 加载成功: file='/root/calib_ws/data/drive_dusk/radar/00004851.pcd' points=1352 scans_now=100
[2026-04-10 15:37:01.188] [info] [LiDAR-LiDAR] [:] [LiDAR-LiDAR][Load] 加载结束: 有效帧数=100
[2026-04-10 15:37:01.189] [info] [LiDAR-LiDAR] [:]   加载点云: ref 100 帧, target 100 帧
[2026-04-10 15:37:01.189] [info] [LiDAR-LiDAR] [:] [main.cpp:596] [LiDAR-LiDAR][Fine] main: calling calibrate_two_stage pair lidar_front -> lidar_rear
[2026-04-10 15:37:01.189] [info] [LiDAR-LiDAR] [:] [lidar_lidar_calib.cpp:892] [LiDAR-LiDAR][Fine] calibrate_two_stage: about to calibrate_fine ref=lidar_front tgt=lidar_rear n_ref=100 n_tgt=100 init_se3_ok=yes
[2026-04-10 15:37:01.189] [info] [LiDAR-LiDAR] [:]   [fine] 0%
[2026-04-10 15:37:01.189] [info] [LiDAR-LiDAR] [:] [lidar_lidar_calib.cpp:679] [LiDAR-LiDAR][Fine] calibrate_fine: post progress_cb ref=lidar_front tgt=lidar_rear multi=true fusion=median use_ndt=false n_ref=100 n_tgt=100 max_frames=100
[2026-04-10 15:37:01.189] [info] [LiDAR-LiDAR] [:] [lidar_lidar_calib.cpp:690] [LiDAR-LiDAR][Fine] calibrate_fine: before init_extrinsic check
[2026-04-10 15:37:01.189] [info] [LiDAR-LiDAR] [:] [lidar_lidar_calib.cpp:699] [LiDAR-LiDAR][Fine] calibrate_fine: multi-frame branch K=20 method=median
[2026-04-10 15:37:01.189] [info] [LiDAR-LiDAR] [:] [lidar_lidar_calib.cpp:712] [LiDAR-LiDAR][Fine] multi: iter i=0 ir=0 it=0 pts_ref=53650 pts_tgt=356 -> run_one
[2026-04-10 15:37:01.189] [info] [LiDAR-LiDAR] [:] [lidar_lidar_calib.cpp:257] [LiDAR-LiDAR][Fine] GICP: enter raw_pts ref=53650 tgt=356
[2026-04-10 15:37:01.190] [info] [LiDAR-LiDAR] [:] [lidar_lidar_calib.cpp:268] [LiDAR-LiDAR][Fine] GICP: after preprocess src=1 tgt=1
[2026-04-10 15:37:01.190] [info] [LiDAR-LiDAR] [:] [lidar_lidar_calib.cpp:277] [LiDAR-LiDAR][Fine] GICP: after uniform cap (max=35000) src=1 tgt=1
[2026-04-10 15:37:01.190] [warning] [LiDAR-LiDAR] [:] [LiDAR-LiDAR] GICP: 下采样后点数不足 (src=1 tgt=1)，跳过
[2026-04-10 15:37:01.190] [info] [LiDAR-LiDAR] [:] [lidar_lidar_calib.cpp:717] [LiDAR-LiDAR][Fine] multi: iter i=0 run_one fail
[2026-04-10 15:37:01.190] [info] [LiDAR-LiDAR] [:] [lidar_lidar_calib.cpp:712] [LiDAR-LiDAR][Fine] multi: iter i=1 ir=4 it=4 pts_ref=54256 pts_tgt=1240 -> run_one
[2026-04-10 15:37:01.190] [info] [LiDAR-LiDAR] [:] [lidar_lidar_calib.cpp:257] [LiDAR-LiDAR][Fine] GICP: enter raw_pts ref=54256 tgt=1240
[2026-04-10 15:37:01.191] [info] [LiDAR-LiDAR] [:] [lidar_lidar_calib.cpp:268] [LiDAR-LiDAR][Fine] GICP: after preprocess src=1 tgt=1
[2026-04-10 15:37:01.191] [info] [LiDAR-LiDAR] [:] [lidar_lidar_calib.cpp:277] [LiDAR-LiDAR][Fine] GICP: after uniform cap (max=35000) src=1 tgt=1
[2026-04-10 15:37:01.191] [warning] [LiDAR-LiDAR] [:] [LiDAR-LiDAR] GICP: 下采样后点数不足 (src=1 tgt=1)，跳过
[2026-04-10 15:37:01.191] [info] [LiDAR-LiDAR] [:] [lidar_lidar_calib.cpp:717] [LiDAR-LiDAR][Fine] multi: iter i=1 run_one fail
[2026-04-10 15:37:01.191] [info] [LiDAR-LiDAR] [:] [lidar_lidar_calib.cpp:712] [LiDAR-LiDAR][Fine] multi: iter i=2 ir=8 it=8 pts_ref=50391 pts_tgt=771 -> run_one
[2026-04-10 15:37:01.191] [info] [LiDAR-LiDAR] [:] [lidar_lidar_calib.cpp:257] [LiDAR-LiDAR][Fine] GICP: enter raw_pts ref=50391 tgt=771
[2026-04-10 15:37:01.191] [info] [LiDAR-LiDAR] [:] [lidar_lidar_calib.cpp:268] [LiDAR-LiDAR][Fine] GICP: after preprocess src=1 tgt=1
[2026-04-10 15:37:01.191] [info] [LiDAR-LiDAR] [:] [lidar_lidar_calib.cpp:277] [LiDAR-LiDAR][Fine] GICP: after uniform cap (max=35000) src=1 tgt=1
[2026-04-10 15:37:01.191] [warning] [LiDAR-LiDAR] [:] [LiDAR-LiDAR] GICP: 下采样后点数不足 (src=1 tgt=1)，跳过
[2026-04-10 15:37:01.191] [info] [LiDAR-LiDAR] [:] [lidar_lidar_calib.cpp:717] [LiDAR-LiDAR][Fine] multi: iter i=2 run_one fail
[2026-04-10 15:37:01.191] [info] [LiDAR-LiDAR] [:] [lidar_lidar_calib.cpp:712] [LiDAR-LiDAR][Fine] multi: iter i=3 ir=12 it=12 pts_ref=49306 pts_tgt=1002 -> run_one
[2026-04-10 15:37:01.191] [info] [LiDAR-LiDAR] [:] [lidar_lidar_calib.cpp:257] [LiDAR-LiDAR][Fine] GICP: enter raw_pts ref=49306 tgt=1002
[2026-04-10 15:37:01.192] [info] [LiDAR-LiDAR] [:] [lidar_lidar_calib.cpp:268] [LiDAR-LiDAR][Fine] GICP: after preprocess src=1 tgt=1
[2026-04-10 15:37:01.192] [info] [LiDAR-LiDAR] [:] [lidar_lidar_calib.cpp:277] [LiDAR-LiDAR][Fine] GICP: after uniform cap (max=35000) src=1 tgt=1
[2026-04-10 15:37:01.192] [warning] [LiDAR-LiDAR] [:] [LiDAR-LiDAR] GICP: 下采样后点数不足 (src=1 tgt=1)，跳过
[2026-04-10 15:37:01.192] [info] [LiDAR-LiDAR] [:] [lidar_lidar_calib.cpp:717] [LiDAR-LiDAR][Fine] multi: iter i=3 run_one fail
[2026-04-10 15:37:01.192] [info] [LiDAR-LiDAR] [:] [lidar_lidar_calib.cpp:712] [LiDAR-LiDAR][Fine] multi: iter i=4 ir=16 it=16 pts_ref=52481 pts_tgt=958 -> run_one
[2026-04-10 15:37:01.192] [info] [LiDAR-LiDAR] [:] [lidar_lidar_calib.cpp:257] [LiDAR-LiDAR][Fine] GICP: enter raw_pts ref=52481 tgt=958
[2026-04-10 15:37:01.192] [info] [LiDAR-LiDAR] [:] [lidar_lidar_calib.cpp:268] [LiDAR-LiDAR][Fine] GICP: after preprocess src=1 tgt=1
[2026-04-10 15:37:01.193] [info] [LiDAR-LiDAR] [:] [lidar_lidar_calib.cpp:277] [LiDAR-LiDAR][Fine] GICP: after uniform cap (max=35000) src=1 tgt=1
[2026-04-10 15:37:01.193] [warning] [LiDAR-LiDAR] [:] [LiDAR-LiDAR] GICP: 下采样后点数不足 (src=1 tgt=1)，跳过
[2026-04-10 15:37:01.193] [info] [LiDAR-LiDAR] [:] [lidar_lidar_calib.cpp:717] [LiDAR-LiDAR][Fine] multi: iter i=4 run_one fail
[2026-04-10 15:37:01.193] [info] [LiDAR-LiDAR] [:] [lidar_lidar_calib.cpp:712] [LiDAR-LiDAR][Fine] multi: iter i=5 ir=20 it=20 pts_ref=53749 pts_tgt=1175 -> run_one
[2026-04-10 15:37:01.193] [info] [LiDAR-LiDAR] [:] [lidar_lidar_calib.cpp:257] [LiDAR-LiDAR][Fine] GICP: enter raw_pts ref=53749 tgt=1175
[2026-04-10 15:37:01.193] [info] [LiDAR-LiDAR] [:] [lidar_lidar_calib.cpp:268] [LiDAR-LiDAR][Fine] GICP: after preprocess src=1 tgt=1
[2026-04-10 15:37:01.193] [info] [LiDAR-LiDAR] [:] [lidar_lidar_calib.cpp:277] [LiDAR-LiDAR][Fine] GICP: after uniform cap (max=35000) src=1 tgt=1
[2026-04-10 15:37:01.193] [warning] [LiDAR-LiDAR] [:] [LiDAR-LiDAR] GICP: 下采样后点数不足 (src=1 tgt=1)，跳过
[2026-04-10 15:37:01.193] [info] [LiDAR-LiDAR] [:] [lidar_lidar_calib.cpp:717] [LiDAR-LiDAR][Fine] multi: iter i=5 run_one fail
[2026-04-10 15:37:01.193] [info] [LiDAR-LiDAR] [:] [lidar_lidar_calib.cpp:712] [LiDAR-LiDAR][Fine] multi: iter i=6 ir=24 it=24 pts_ref=49732 pts_tgt=990 -> run_one
[2026-04-10 15:37:01.193] [info] [LiDAR-LiDAR] [:] [lidar_lidar_calib.cpp:257] [LiDAR-LiDAR][Fine] GICP: enter raw_pts ref=49732 tgt=990
[2026-04-10 15:37:01.193] [info] [LiDAR-LiDAR] [:] [lidar_lidar_calib.cpp:268] [LiDAR-LiDAR][Fine] GICP: after preprocess src=1 tgt=1
[2026-04-10 15:37:01.193] [info] [LiDAR-LiDAR] [:] [lidar_lidar_calib.cpp:277] [LiDAR-LiDAR][Fine] GICP: after uniform cap (max=35000) src=1 tgt=1
[2026-04-10 15:37:01.193] [warning] [LiDAR-LiDAR] [:] [LiDAR-LiDAR] GICP: 下采样后点数不足 (src=1 tgt=1)，跳过
[2026-04-10 15:37:01.193] [info] [LiDAR-LiDAR] [:] [lidar_lidar_calib.cpp:717] [LiDAR-LiDAR][Fine] multi: iter i=6 run_one fail
[2026-04-10 15:37:01.193] [info] [LiDAR-LiDAR] [:] [lidar_lidar_calib.cpp:712] [LiDAR-LiDAR][Fine] multi: iter i=7 ir=28 it=28 pts_ref=50177 pts_tgt=1094 -> run_one
[2026-04-10 15:37:01.193] [info] [LiDAR-LiDAR] [:] [lidar_lidar_calib.cpp:257] [LiDAR-LiDAR][Fine] GICP: enter raw_pts ref=50177 tgt=1094
[2026-04-10 15:37:01.194] [info] [LiDAR-LiDAR] [:] [lidar_lidar_calib.cpp:268] [LiDAR-LiDAR][Fine] GICP: after preprocess src=1 tgt=1
[2026-04-10 15:37:01.194] [info] [LiDAR-LiDAR] [:] [lidar_lidar_calib.cpp:277] [LiDAR-LiDAR][Fine] GICP: after uniform cap (max=35000) src=1 tgt=1
[2026-04-10 15:37:01.194] [warning] [LiDAR-LiDAR] [:] [LiDAR-LiDAR] GICP: 下采样后点数不足 (src=1 tgt=1)，跳过
[2026-04-10 15:37:01.194] [info] [LiDAR-LiDAR] [:] [lidar_lidar_calib.cpp:717] [LiDAR-LiDAR][Fine] multi: iter i=7 run_one fail
[2026-04-10 15:37:01.194] [info] [LiDAR-LiDAR] [:] [lidar_lidar_calib.cpp:712] [LiDAR-LiDAR][Fine] multi: iter i=8 ir=32 it=32 pts_ref=50867 pts_tgt=1029 -> run_one
[2026-04-10 15:37:01.194] [info] [LiDAR-LiDAR] [:] [lidar_lidar_calib.cpp:257] [LiDAR-LiDAR][Fine] GICP: enter raw_pts ref=50867 tgt=1029
[2026-04-10 15:37:01.194] [info] [LiDAR-LiDAR] [:] [lidar_lidar_calib.cpp:268] [LiDAR-LiDAR][Fine] GICP: after preprocess src=1 tgt=1
[2026-04-10 15:37:01.194] [info] [LiDAR-LiDAR] [:] [lidar_lidar_calib.cpp:277] [LiDAR-LiDAR][Fine] GICP: after uniform cap (max=35000) src=1 tgt=1
[2026-04-10 15:37:01.194] [warning] [LiDAR-LiDAR] [:] [LiDAR-LiDAR] GICP: 下采样后点数不足 (src=1 tgt=1)，跳过
[2026-04-10 15:37:01.194] [info] [LiDAR-LiDAR] [:] [lidar_lidar_calib.cpp:717] [LiDAR-LiDAR][Fine] multi: iter i=8 run_one fail
[2026-04-10 15:37:01.194] [info] [LiDAR-LiDAR] [:] [lidar_lidar_calib.cpp:712] [LiDAR-LiDAR][Fine] multi: iter i=9 ir=36 it=36 pts_ref=52658 pts_tgt=770 -> run_one
[2026-04-10 15:37:01.194] [info] [LiDAR-LiDAR] [:] [lidar_lidar_calib.cpp:257] [LiDAR-LiDAR][Fine] GICP: enter raw_pts ref=52658 tgt=770
[2026-04-10 15:37:01.194] [info] [LiDAR-LiDAR] [:] [lidar_lidar_calib.cpp:268] [LiDAR-LiDAR][Fine] GICP: after preprocess src=1 tgt=1
[2026-04-10 15:37:01.194] [info] [LiDAR-LiDAR] [:] [lidar_lidar_calib.cpp:277] [LiDAR-LiDAR][Fine] GICP: after uniform cap (max=35000) src=1 tgt=1
[2026-04-10 15:37:01.194] [warning] [LiDAR-LiDAR] [:] [LiDAR-LiDAR] GICP: 下采样后点数不足 (src=1 tgt=1)，跳过
[2026-04-10 15:37:01.194] [info] [LiDAR-LiDAR] [:] [lidar_lidar_calib.cpp:717] [LiDAR-LiDAR][Fine] multi: iter i=9 run_one fail
[2026-04-10 15:37:01.194] [info] [LiDAR-LiDAR] [:] [lidar_lidar_calib.cpp:712] [LiDAR-LiDAR][Fine] multi: iter i=10 ir=40 it=40 pts_ref=50366 pts_tgt=758 -> run_one
[2026-04-10 15:37:01.194] [info] [LiDAR-LiDAR] [:] [lidar_lidar_calib.cpp:257] [LiDAR-LiDAR][Fine] GICP: enter raw_pts ref=50366 tgt=758
[2026-04-10 15:37:01.195] [info] [LiDAR-LiDAR] [:] [lidar_lidar_calib.cpp:268] [LiDAR-LiDAR][Fine] GICP: after preprocess src=1 tgt=1
[2026-04-10 15:37:01.195] [info] [LiDAR-LiDAR] [:] [lidar_lidar_calib.cpp:277] [LiDAR-LiDAR][Fine] GICP: after uniform cap (max=35000) src=1 tgt=1
[2026-04-10 15:37:01.195] [warning] [LiDAR-LiDAR] [:] [LiDAR-LiDAR] GICP: 下采样后点数不足 (src=1 tgt=1)，跳过
[2026-04-10 15:37:01.195] [info] [LiDAR-LiDAR] [:] [lidar_lidar_calib.cpp:717] [LiDAR-LiDAR][Fine] multi: iter i=10 run_one fail
[2026-04-10 15:37:01.195] [info] [LiDAR-LiDAR] [:] [lidar_lidar_calib.cpp:712] [LiDAR-LiDAR][Fine] multi: iter i=11 ir=44 it=44 pts_ref=49011 pts_tgt=761 -> run_one
[2026-04-10 15:37:01.195] [info] [LiDAR-LiDAR] [:] [lidar_lidar_calib.cpp:257] [LiDAR-LiDAR][Fine] GICP: enter raw_pts ref=49011 tgt=761
[2026-04-10 15:37:01.195] [info] [LiDAR-LiDAR] [:] [lidar_lidar_calib.cpp:268] [LiDAR-LiDAR][Fine] GICP: after preprocess src=1 tgt=1
[2026-04-10 15:37:01.195] [info] [LiDAR-LiDAR] [:] [lidar_lidar_calib.cpp:277] [LiDAR-LiDAR][Fine] GICP: after uniform cap (max=35000) src=1 tgt=1
[2026-04-10 15:37:01.195] [warning] [LiDAR-LiDAR] [:] [LiDAR-LiDAR] GICP: 下采样后点数不足 (src=1 tgt=1)，跳过
[2026-04-10 15:37:01.195] [info] [LiDAR-LiDAR] [:] [lidar_lidar_calib.cpp:717] [LiDAR-LiDAR][Fine] multi: iter i=11 run_one fail
[2026-04-10 15:37:01.195] [info] [LiDAR-LiDAR] [:] [lidar_lidar_calib.cpp:712] [LiDAR-LiDAR][Fine] multi: iter i=12 ir=48 it=48 pts_ref=51040 pts_tgt=488 -> run_one
[2026-04-10 15:37:01.195] [info] [LiDAR-LiDAR] [:] [lidar_lidar_calib.cpp:257] [LiDAR-LiDAR][Fine] GICP: enter raw_pts ref=51040 tgt=488
[2026-04-10 15:37:01.196] [info] [LiDAR-LiDAR] [:] [lidar_lidar_calib.cpp:268] [LiDAR-LiDAR][Fine] GICP: after preprocess src=1 tgt=1
[2026-04-10 15:37:01.196] [info] [LiDAR-LiDAR] [:] [lidar_lidar_calib.cpp:277] [LiDAR-LiDAR][Fine] GICP: after uniform cap (max=35000) src=1 tgt=1
[2026-04-10 15:37:01.196] [warning] [LiDAR-LiDAR] [:] [LiDAR-LiDAR] GICP: 下采样后点数不足 (src=1 tgt=1)，跳过
[2026-04-10 15:37:01.196] [info] [LiDAR-LiDAR] [:] [lidar_lidar_calib.cpp:717] [LiDAR-LiDAR][Fine] multi: iter i=12 run_one fail
[2026-04-10 15:37:01.196] [info] [LiDAR-LiDAR] [:] [lidar_lidar_calib.cpp:712] [LiDAR-LiDAR][Fine] multi: iter i=13 ir=52 it=52 pts_ref=50983 pts_tgt=1403 -> run_one
[2026-04-10 15:37:01.196] [info] [LiDAR-LiDAR] [:] [lidar_lidar_calib.cpp:257] [LiDAR-LiDAR][Fine] GICP: enter raw_pts ref=50983 tgt=1403
[2026-04-10 15:37:01.196] [info] [LiDAR-LiDAR] [:] [lidar_lidar_calib.cpp:268] [LiDAR-LiDAR][Fine] GICP: after preprocess src=1 tgt=1
[2026-04-10 15:37:01.196] [info] [LiDAR-LiDAR] [:] [lidar_lidar_calib.cpp:277] [LiDAR-LiDAR][Fine] GICP: after uniform cap (max=35000) src=1 tgt=1
[2026-04-10 15:37:01.196] [warning] [LiDAR-LiDAR] [:] [LiDAR-LiDAR] GICP: 下采样后点数不足 (src=1 tgt=1)，跳过
[2026-04-10 15:37:01.196] [info] [LiDAR-LiDAR] [:] [lidar_lidar_calib.cpp:717] [LiDAR-LiDAR][Fine] multi: iter i=13 run_one fail
[2026-04-10 15:37:01.196] [info] [LiDAR-LiDAR] [:] [lidar_lidar_calib.cpp:712] [LiDAR-LiDAR][Fine] multi: iter i=14 ir=56 it=56 pts_ref=49904 pts_tgt=1447 -> run_one
[2026-04-10 15:37:01.196] [info] [LiDAR-LiDAR] [:] [lidar_lidar_calib.cpp:257] [LiDAR-LiDAR][Fine] GICP: enter raw_pts ref=49904 tgt=1447
[2026-04-10 15:37:01.196] [info] [LiDAR-LiDAR] [:] [lidar_lidar_calib.cpp:268] [LiDAR-LiDAR][Fine] GICP: after preprocess src=1 tgt=1
[2026-04-10 15:37:01.196] [info] [LiDAR-LiDAR] [:] [lidar_lidar_calib.cpp:277] [LiDAR-LiDAR][Fine] GICP: after uniform cap (max=35000) src=1 tgt=1
[2026-04-10 15:37:01.196] [warning] [LiDAR-LiDAR] [:] [LiDAR-LiDAR] GICP: 下采样后点数不足 (src=1 tgt=1)，跳过
[2026-04-10 15:37:01.196] [info] [LiDAR-LiDAR] [:] [lidar_lidar_calib.cpp:717] [LiDAR-LiDAR][Fine] multi: iter i=14 run_one fail
[2026-04-10 15:37:01.196] [info] [LiDAR-LiDAR] [:] [lidar_lidar_calib.cpp:712] [LiDAR-LiDAR][Fine] multi: iter i=15 ir=60 it=60 pts_ref=49896 pts_tgt=945 -> run_one
[2026-04-10 15:37:01.196] [info] [LiDAR-LiDAR] [:] [lidar_lidar_calib.cpp:257] [LiDAR-LiDAR][Fine] GICP: enter raw_pts ref=49896 tgt=945
[2026-04-10 15:37:01.197] [info] [LiDAR-LiDAR] [:] [lidar_lidar_calib.cpp:268] [LiDAR-LiDAR][Fine] GICP: after preprocess src=1 tgt=1
[2026-04-10 15:37:01.197] [info] [LiDAR-LiDAR] [:] [lidar_lidar_calib.cpp:277] [LiDAR-LiDAR][Fine] GICP: after uniform cap (max=35000) src=1 tgt=1
[2026-04-10 15:37:01.197] [warning] [LiDAR-LiDAR] [:] [LiDAR-LiDAR] GICP: 下采样后点数不足 (src=1 tgt=1)，跳过
[2026-04-10 15:37:01.197] [info] [LiDAR-LiDAR] [:] [lidar_lidar_calib.cpp:717] [LiDAR-LiDAR][Fine] multi: iter i=15 run_one fail
[2026-04-10 15:37:01.197] [info] [LiDAR-LiDAR] [:] [lidar_lidar_calib.cpp:712] [LiDAR-LiDAR][Fine] multi: iter i=16 ir=64 it=64 pts_ref=53966 pts_tgt=1438 -> run_one
[2026-04-10 15:37:01.197] [info] [LiDAR-LiDAR] [:] [lidar_lidar_calib.cpp:257] [LiDAR-LiDAR][Fine] GICP: enter raw_pts ref=53966 tgt=1438
[2026-04-10 15:37:01.197] [info] [LiDAR-LiDAR] [:] [lidar_lidar_calib.cpp:268] [LiDAR-LiDAR][Fine] GICP: after preprocess src=1 tgt=1
[2026-04-10 15:37:01.197] [info] [LiDAR-LiDAR] [:] [lidar_lidar_calib.cpp:277] [LiDAR-LiDAR][Fine] GICP: after uniform cap (max=35000) src=1 tgt=1
[2026-04-10 15:37:01.197] [warning] [LiDAR-LiDAR] [:] [LiDAR-LiDAR] GICP: 下采样后点数不足 (src=1 tgt=1)，跳过
[2026-04-10 15:37:01.197] [info] [LiDAR-LiDAR] [:] [lidar_lidar_calib.cpp:717] [LiDAR-LiDAR][Fine] multi: iter i=16 run_one fail
[2026-04-10 15:37:01.197] [info] [LiDAR-LiDAR] [:] [lidar_lidar_calib.cpp:712] [LiDAR-LiDAR][Fine] multi: iter i=17 ir=68 it=68 pts_ref=50597 pts_tgt=1124 -> run_one
[2026-04-10 15:37:01.197] [info] [LiDAR-LiDAR] [:] [lidar_lidar_calib.cpp:257] [LiDAR-LiDAR][Fine] GICP: enter raw_pts ref=50597 tgt=1124
[2026-04-10 15:37:01.197] [info] [LiDAR-LiDAR] [:] [lidar_lidar_calib.cpp:268] [LiDAR-LiDAR][Fine] GICP: after preprocess src=1 tgt=1
[2026-04-10 15:37:01.197] [info] [LiDAR-LiDAR] [:] [lidar_lidar_calib.cpp:277] [LiDAR-LiDAR][Fine] GICP: after uniform cap (max=35000) src=1 tgt=1
[2026-04-10 15:37:01.197] [warning] [LiDAR-LiDAR] [:] [LiDAR-LiDAR] GICP: 下采样后点数不足 (src=1 tgt=1)，跳过
[2026-04-10 15:37:01.197] [info] [LiDAR-LiDAR] [:] [lidar_lidar_calib.cpp:717] [LiDAR-LiDAR][Fine] multi: iter i=17 run_one fail
[2026-04-10 15:37:01.197] [info] [LiDAR-LiDAR] [:] [lidar_lidar_calib.cpp:712] [LiDAR-LiDAR][Fine] multi: iter i=18 ir=72 it=72 pts_ref=50866 pts_tgt=1329 -> run_one
[2026-04-10 15:37:01.197] [info] [LiDAR-LiDAR] [:] [lidar_lidar_calib.cpp:257] [LiDAR-LiDAR][Fine] GICP: enter raw_pts ref=50866 tgt=1329
[2026-04-10 15:37:01.198] [info] [LiDAR-LiDAR] [:] [lidar_lidar_calib.cpp:268] [LiDAR-LiDAR][Fine] GICP: after preprocess src=1 tgt=1
[2026-04-10 15:37:01.198] [info] [LiDAR-LiDAR] [:] [lidar_lidar_calib.cpp:277] [LiDAR-LiDAR][Fine] GICP: after uniform cap (max=35000) src=1 tgt=1
[2026-04-10 15:37:01.198] [warning] [LiDAR-LiDAR] [:] [LiDAR-LiDAR] GICP: 下采样后点数不足 (src=1 tgt=1)，跳过
[2026-04-10 15:37:01.198] [info] [LiDAR-LiDAR] [:] [lidar_lidar_calib.cpp:717] [LiDAR-LiDAR][Fine] multi: iter i=18 run_one fail
[2026-04-10 15:37:01.198] [info] [LiDAR-LiDAR] [:] [lidar_lidar_calib.cpp:712] [LiDAR-LiDAR][Fine] multi: iter i=19 ir=76 it=76 pts_ref=48096 pts_tgt=755 -> run_one
[2026-04-10 15:37:01.198] [info] [LiDAR-LiDAR] [:] [lidar_lidar_calib.cpp:257] [LiDAR-LiDAR][Fine] GICP: enter raw_pts ref=48096 tgt=755
[2026-04-10 15:37:01.198] [info] [LiDAR-LiDAR] [:] [lidar_lidar_calib.cpp:268] [LiDAR-LiDAR][Fine] GICP: after preprocess src=1 tgt=1
[2026-04-10 15:37:01.198] [info] [LiDAR-LiDAR] [:] [lidar_lidar_calib.cpp:277] [LiDAR-LiDAR][Fine] GICP: after uniform cap (max=35000) src=1 tgt=1
[2026-04-10 15:37:01.198] [warning] [LiDAR-LiDAR] [:] [LiDAR-LiDAR] GICP: 下采样后点数不足 (src=1 tgt=1)，跳过
[2026-04-10 15:37:01.198] [info] [LiDAR-LiDAR] [:] [lidar_lidar_calib.cpp:717] [LiDAR-LiDAR][Fine] multi: iter i=19 run_one fail
[2026-04-10 15:37:01.198] [info] [LiDAR-LiDAR] [:] [lidar_lidar_calib.cpp:769] [LiDAR-LiDAR][Fine] calibrate_fine: T empty -> merge_scans path max_frames=100 voxel=0.1000
[2026-04-10 15:37:01.198] [info] [LiDAR-LiDAR] [:] [lidar_lidar_calib.cpp:138] [LiDAR-LiDAR][Fine] merge_scans: begin frames_in=100 max_frames=100 use_n=100 voxel=0.1000
[2026-04-10 15:37:01.335] [info] [LiDAR-LiDAR] [:] [lidar_lidar_calib.cpp:149] [LiDAR-LiDAR][Fine] merge_scans: concat done merged_pts=5070848
[2026-04-10 15:37:01.335] [info] [LiDAR-LiDAR] [:] [lidar_lidar_calib.cpp:157] [LiDAR-LiDAR][Fine] merge_scans: before VoxelGrid.filter
[2026-04-10 15:37:01.406] [info] [LiDAR-LiDAR] [:] [lidar_lidar_calib.cpp:160] [LiDAR-LiDAR][Fine] merge_scans: after filter out_pts=1 (empty_fallback=use_filtered)
[2026-04-10 15:37:01.412] [info] [LiDAR-LiDAR] [:] [lidar_lidar_calib.cpp:138] [LiDAR-LiDAR][Fine] merge_scans: begin frames_in=100 max_frames=100 use_n=100 voxel=0.1000
[2026-04-10 15:37:01.414] [info] [LiDAR-LiDAR] [:] [lidar_lidar_calib.cpp:149] [LiDAR-LiDAR][Fine] merge_scans: concat done merged_pts=95039
[2026-04-10 15:37:01.414] [info] [LiDAR-LiDAR] [:] [lidar_lidar_calib.cpp:157] [LiDAR-LiDAR][Fine] merge_scans: before VoxelGrid.filter
[2026-04-10 15:37:01.415] [info] [LiDAR-LiDAR] [:] [lidar_lidar_calib.cpp:160] [LiDAR-LiDAR][Fine] merge_scans: after filter out_pts=1 (empty_fallback=use_filtered)
[2026-04-10 15:37:01.415] [info] [LiDAR-LiDAR] [:] [lidar_lidar_calib.cpp:774] [LiDAR-LiDAR][Fine] merge done ref_pts=1 tgt_pts=1
[2026-04-10 15:37:01.415] [info] [LiDAR-LiDAR] [:] [lidar_lidar_calib.cpp:783] [LiDAR-LiDAR][Fine] calibrate_fine: before run_one on merged clouds
[2026-04-10 15:37:01.415] [info] [LiDAR-LiDAR] [:] [lidar_lidar_calib.cpp:257] [LiDAR-LiDAR][Fine] GICP: enter raw_pts ref=1 tgt=1
[2026-04-10 15:37:01.415] [info] [LiDAR-LiDAR] [:] [lidar_lidar_calib.cpp:268] [LiDAR-LiDAR][Fine] GICP: after preprocess src=1 tgt=1
[2026-04-10 15:37:01.415] [info] [LiDAR-LiDAR] [:] [lidar_lidar_calib.cpp:277] [LiDAR-LiDAR][Fine] GICP: after uniform cap (max=35000) src=1 tgt=1
[2026-04-10 15:37:01.415] [warning] [LiDAR-LiDAR] [:] [LiDAR-LiDAR] GICP: 下采样后点数不足 (src=1 tgt=1)，跳过
[2026-04-10 15:37:01.415] [info] [LiDAR-LiDAR] [:] [lidar_lidar_calib.cpp:786] [LiDAR-LiDAR][Fine] calibrate_fine: after run_one on merged fail
[2026-04-10 15:37:01.415] [info] [LiDAR-LiDAR] [:]   [fine] 100%
[2026-04-10 15:37:01.415] [info] [LiDAR-LiDAR] [:] [lidar_lidar_calib.cpp:899] [LiDAR-LiDAR][Fine] calibrate_two_stage: calibrate_fine returned nullopt
[2026-04-10 15:37:01.415] [info] [LiDAR-LiDAR] [:] [main.cpp:601] [LiDAR-LiDAR][Fine] main: calibrate_two_stage returned best=yes
[2026-04-10 15:37:01.415] [info] [LiDAR-LiDAR] [:]   结果已保存: ./results/lidar_lidar_extrinsic/lidar_front_to_lidar_rear.yaml
[2026-04-10 15:37:01.416] [info] [LiDAR-LiDAR] [:] LiDAR-LiDAR 标定完成: 1 对
