
 ╔═══════════════════════════════════════════════════════╗
 ║   UniCalib — LiDAR-Camera 外参标定                    ║
 ║   两阶段: AI粗标定(MIAS-LCEC) → 无目标边缘精标定      ║
 ║   手动校准: --manual 触发 6-DOF 交互式调整             ║
 ╚═══════════════════════════════════════════════════════╝

[2026-04-09 15:09:23.215] [info] [LiDAR-Camera] [:] ━━━━━━━━━━━━━━━━━━━━━━━━━━━━━━━━━━━━
[2026-04-09 15:09:23.215] [info] [LiDAR-Camera] [:] 配置文件: /root/calib_ws/calib_unified/config/unicalib_example.yaml
[2026-04-09 15:09:23.215] [info] [LiDAR-Camera] [:] 输出目录: /root/calib_ws/results
[2026-04-09 15:09:23.215] [info] [LiDAR-Camera] [:] 数据根目录: /root/calib_ws/data (--data-dir 或 CALIB_DATA_DIR)
[2026-04-09 15:09:23.215] [info] [LiDAR-Camera] [:] 精标定方法: edge (无目标优先=true)
[2026-04-09 15:09:23.215] [info] [LiDAR-Camera] [:] AI粗标定: true | 手动校准: false
[2026-04-09 15:09:23.215] [info] [LiDAR-Camera] [:] ━━━━━━━━━━━━━━━━━━━━━━━━━━━━━━━━━━━━
[2026-04-09 15:09:23.216] [info] [LiDAR-Camera] [:] 读取系统配置: /root/calib_ws/calib_unified/config/unicalib_example.yaml
[2026-04-09 15:09:23.217] [info] [LiDAR-Camera] [:]   IMU: 1, LiDAR: 2, Camera: 2
[2026-04-09 15:09:23.218] [info] [LiDAR-Camera] [:] ━━━━━━━━━━━━━━━━━━━━━━━━━━━━━━━━━━━━ [数据路径] ━━━━━━━━━━━━━━━━━━━━━━━━━━━━━
[2026-04-09 15:09:23.218] [info] [LiDAR-Camera] [:]   数据路径来源: 统一格式 (data.lidar.<id> / data.camera.<id>.images_dir)
[2026-04-09 15:09:23.218] [info] [LiDAR-Camera] [:]   配置原始值 — lidar:  nya_02_slam_imu_to_lidar/lidar_horz.yaml
[2026-04-09 15:09:23.218] [info] [LiDAR-Camera] [:]   配置原始值 — camera: lidar_camera_calibration-master/calibration_data/camera_calibration
[2026-04-09 15:09:23.218] [info] [LiDAR-Camera] [:]   base_data_dir:  /root/calib_ws/data
[2026-04-09 15:09:23.218] [info] [LiDAR-Camera] [:]   base 来源: 命令行 --data-dir
[2026-04-09 15:09:23.218] [info] [LiDAR-Camera] [:]   lidar_dir:      /root/calib_ws/data/nya_02_slam_imu_to_lidar/lidar_horz.yaml
[2026-04-09 15:09:23.218] [info] [LiDAR-Camera] [:]     → 相对路径，已与 base 拼接
[2026-04-09 15:09:23.218] [info] [LiDAR-Camera] [:]     → 存在: 是
[2026-04-09 15:09:23.218] [info] [LiDAR-Camera] [:]   camera_dir:     /root/calib_ws/data/lidar_camera_calibration-master/calibration_data/camera_calibration
[2026-04-09 15:09:23.218] [info] [LiDAR-Camera] [:]     → 相对路径，已与 base 拼接
[2026-04-09 15:09:23.218] [info] [LiDAR-Camera] [:]     → 存在: 是
[2026-04-09 15:09:23.218] [info] [LiDAR-Camera] [:]   【数据就绪】是 — 点云与图像目录均存在，将执行精标定
[2026-04-09 15:09:23.218] [info] [LiDAR-Camera] [:]   说明: 使用 --dataset 时请将 data.lidar/data.camera 设为相对 base 的路径（如 pcd、images），不要使用 /path/to/... 占位符
[2026-04-09 15:09:23.218] [info] [LiDAR-Camera] [:] ━━━━━━━━━━━━━━━━━━━━━━━━━━━━━━━━━━━━━━━━━━━━━━━━━━━━━━━━━━━━━━━━━━━━━━━━━━━━
[2026-04-09 15:09:23.218] [info] [LiDAR-Camera] [:] [LiDAR-Cam] use_config_extrinsic_only=true：跳过 AI 粗标定，将使用配置 initial_extrinsic 直接进入精标定/手动微调
[2026-04-09 15:09:23.218] [info] [LiDAR-Camera] [:] 读取系统配置: /root/calib_ws/calib_unified/config/unicalib_example.yaml
[2026-04-09 15:09:23.219] [info] [LiDAR-Camera] [:]   IMU: 1, LiDAR: 2, Camera: 2
[2026-04-09 15:09:23.219] [info] [LiDAR-Camera] [:] 读取系统配置: /root/calib_ws/calib_unified/config/unicalib_example.yaml
[2026-04-09 15:09:23.220] [info] [LiDAR-Camera] [:]   IMU: 1, LiDAR: 2, Camera: 2
[2026-04-09 15:09:23.220] [info] [LiDAR-Camera] [:] 配置: 使用 ROS2 bag 模式（离线标定）
[2026-04-09 15:09:23.220] [info] [LiDAR-Camera] [:]   Bag 路径: /root/calib_ws/data/nya_02_slam_imu_to_lidar/nya_02_ros2
[2026-04-09 15:09:23.220] [info] [LiDAR-Camera] [:]   LiDAR 话题: /os1_cloud_node1/points
[2026-04-09 15:09:23.220] [info] [LiDAR-Camera] [:]   相机话题: /left/image_raw
[2026-04-09 15:09:23.220] [info] [LiDAR-Camera] [:]   IMU 话题: /imu/imu
[2026-04-09 15:09:23.220] [info] [LiDAR-Camera] [:] [数据源] 类型=ROS2_BAG  path=/root/calib_ws/data/nya_02_slam_imu_to_lidar/nya_02_ros2  lidar_topic=/os1_cloud_node1/points  camera_topic=/left/image_raw
[2026-04-09 15:09:23.220] [info] [LiDAR-Camera] [:]   内参将从相机标定结果读取: ./results/camera_intrinsic/camera_intrinsic_cam_left.yaml (camera_id=cam_left)
[2026-04-09 15:09:23.220] [info] [LiDAR-Camera] [:]   内参将从相机标定结果读取: ./results/camera_intrinsic/camera_intrinsic_cam_right.yaml (camera_id=cam_right)
[2026-04-09 15:09:23.220] [info] [LiDAR-Camera] [:] [CalibPipeline] 初始化 ID=pipeline_20260409_150923
[2026-04-09 15:09:23.220] [info] [LiDAR-Camera] [:] [CalibPipeline] 输出目录: ./results
[2026-04-09 15:09:23.220] [info] [LiDAR-Camera] [:] [CalibPipeline] 无目标优先: true
[2026-04-09 15:09:23.220] [info] [LiDAR-Camera] [:] [CalibPipeline] 任务掩码: 0x10
[2026-04-09 15:09:23.220] [info] [LiDAR-Camera] [:] ▶ Stage 2: 精标定 (方法=edge)
[2026-04-09 15:09:23.220] [info] [LiDAR-Camera] [:] 
[2026-04-09 15:09:23.220] [info] [LiDAR-Camera] [:] ╔═══════════════════════════════════════════════╗
[2026-04-09 15:09:23.220] [info] [LiDAR-Camera] [:] ║   UniCalib 两阶段标定流水线 — 开始            ║
[2026-04-09 15:09:23.220] [info] [LiDAR-Camera] [:] ║   Pipeline ID: pipeline_20260409_150923       ║
[2026-04-09 15:09:23.220] [info] [LiDAR-Camera] [:] ╚═══════════════════════════════════════════════╝
[2026-04-09 15:09:23.220] [info] [LiDAR-Camera] [:] [Coarse-AI/LiDAR-Cam] enable_coarse_lidar_cam=true → do_coarse=true
[15:09:23.220] [info] 
[15:09:23.220] [info] ━━━━━━━━━━━━━━━━━━━━━━━━━━━━━━━━━━━━━━━━━
[15:09:23.220] [info] ▶ 开始阶段: [Coarse-AI] 任务: [lidar_cam_extrin]
[15:09:23.220] [info]   描述: AI模型提供初始估计值
[15:09:23.220] [info] ━━━━━━━━━━━━━━━━━━━━━━━━━━━━━━━━━━━━━━━━━
[15:09:23.220] [info] [CALC] 粗标定阶段开始 task=lidar_cam_extrin
[15:09:23.220] [info] [Coarse-AI/LiDAR-Cam] 使用配置粗标定初值作为粗标定结果 t=[0.123,0.040,-0.058]m，精标定将以此起步
[15:09:23.220] [info] ━━━━━━━━━━━━━━━━━━━━━━━━━━━━━━━━━━━━━━━━━
[15:09:23.220] [info] ■ 结束阶段: [Coarse-AI] 任务: [lidar_cam_extrin]
[15:09:23.220] [info]   结果: ✓ 成功 | 残差RMS: 0.0000 | 耗时: 0 ms
[15:09:23.220] [info]   消息: 使用配置 initial_extrinsic 作为粗标定结果，精标定将以此起步
[15:09:23.220] [info] [CALC] 阶段结束 stage=Coarse-AI task=lidar_cam_extrin success=true residual_rms=0.000000 elapsed_ms=0.0 threshold=-1.0000
[15:09:23.220] [info] ━━━━━━━━━━━━━━━━━━━━━━━━━━━━━━━━━━━━━━━━━
[15:09:23.220] [info] 
[15:09:23.220] [info] ━━━━━━━━━━━━━━━━━━━━━━━━━━━━━━━━━━━━━━━━━
[15:09:23.220] [info] ▶ 开始阶段: [Fine-Auto] 任务: [lidar_cam_extrin]
[15:09:23.220] [info]   描述: 无目标优化
[15:09:23.220] [info] ━━━━━━━━━━━━━━━━━━━━━━━━━━━━━━━━━━━━━━━━━
[15:09:23.220] [info] [CALC] 精标定阶段开始 task=lidar_cam_extrin
[15:09:23.220] [info] [Fine-Auto] 任务: lidar_cam_extrin | 无目标优先: true
[15:09:23.220] [info] [Fine-Auto] 方法: 边缘对齐互信息 (EDGE_ALIGNMENT, 无目标)
[15:09:23.220] [info] [STAGE=lidar_cam_fine_auto] LiDAR-Camera 精标定 开始
[15:09:23.220] [info] [Fine-Auto/LiDAR-Cam] 开始执行精标定...
[15:09:23.220] [info]   [精标定数据源] 类型=ROS2_BAG  lidar_id=lidar_front
[15:09:23.220] [info]   ROS2 Bag: /root/calib_ws/data/nya_02_slam_imu_to_lidar/nya_02_ros2  LiDAR 话题: /os1_cloud_node1/points  相机话题: /left/image_raw
[15:09:23.220] [info] [Fine-Auto/LiDAR-Cam] 从 ROS2 加载数据...
[15:09:23.220] [info] [UnifiedDataLoader] 从 ROS2 加载数据...
[15:09:23.220] [info]   Bag 文件: /root/calib_ws/data/nya_02_slam_imu_to_lidar/nya_02_ros2
[15:09:23.220] [info]   实时模式: false
[15:09:23.220] [info] [Ros2BagDataSource] 打开 bag 文件: /root/calib_ws/data/nya_02_slam_imu_to_lidar/nya_02_ros2
[15:09:23.220] [info] [Ros2BagDataSource] 正在读取 metadata.yaml: /root/calib_ws/data/nya_02_slam_imu_to_lidar/nya_02_ros2/metadata.yaml
[15:09:23.221] [debug] [Ros2BagDataSource] 找到话题: /dji_sdk/imu (类型: sensor_msgs/msg/Imu, 消息数: 171462)
[15:09:23.221] [debug] [Ros2BagDataSource] 找到话题: /dji_sdk/attitude (类型: geometry_msgs/msg/QuaternionStamped, 消息数: 42866)
[15:09:23.221] [debug] [Ros2BagDataSource] 找到话题: /os1_cloud_node2/imu (类型: sensor_msgs/msg/Imu, 消息数: 42862)
[15:09:23.221] [debug] [Ros2BagDataSource] 找到话题: /os1_cloud_node1/imu (类型: sensor_msgs/msg/Imu, 消息数: 42862)
[15:09:23.221] [debug] [Ros2BagDataSource] 找到话题: /imu/imu (类型: sensor_msgs/msg/Imu, 消息数: 166428)
[15:09:23.221] [debug] [Ros2BagDataSource] 找到话题: /imu/magnetic_field (类型: sensor_msgs/msg/MagneticField, 消息数: 166428)
[15:09:23.221] [debug] [Ros2BagDataSource] 找到话题: /imu/temperature (类型: sensor_msgs/msg/Temperature, 消息数: 166428)
[15:09:23.221] [debug] [Ros2BagDataSource] 找到话题: /dji_sdk/gps_position (类型: sensor_msgs/msg/NavSatFix, 消息数: 21433)
[15:09:23.221] [debug] [Ros2BagDataSource] 找到话题: /dji_sdk/height_above_takeoff (类型: std_msgs/msg/Float32, 消息数: 21433)
[15:09:23.221] [debug] [Ros2BagDataSource] 找到话题: /dji_sdk/gps_health (类型: std_msgs/msg/UInt8, 消息数: 21433)
[15:09:23.221] [debug] [Ros2BagDataSource] 找到话题: /uwb_endorange_info (类型: uwb_driver/msg/UwbRange, 消息数: 25172)
[15:09:23.221] [debug] [Ros2BagDataSource] 找到话题: /left/image_raw (类型: sensor_msgs/msg/Image, 消息数: 4285)
[15:09:23.221] [debug] [Ros2BagDataSource] 找到话题: /right/image_raw (类型: sensor_msgs/msg/Image, 消息数: 4285)
[15:09:23.221] [debug] [Ros2BagDataSource] 找到话题: /os1_cloud_node1/points (类型: sensor_msgs/msg/PointCloud2, 消息数: 4287)
[15:09:23.221] [debug] [Ros2BagDataSource] 找到话题: /os1_cloud_node2/points (类型: sensor_msgs/msg/PointCloud2, 消息数: 4286)
[15:09:23.221] [debug] [Ros2BagDataSource] 找到话题: /uwb_exorange_info (类型: uwb_driver/msg/UwbEcho, 消息数: 2437)
[15:09:23.221] [debug] [Ros2BagDataSource] 找到话题: /node_pos_marker_sc (类型: visualization_msgs/msg/Marker, 消息数: 2437)
[15:09:23.221] [debug] [Ros2BagDataSource] 找到话题: /node_pos_sc (类型: nav_msgs/msg/Path, 消息数: 2437)
[15:09:23.221] [debug] [Ros2BagDataSource] 找到话题: /leica/pose/relative (类型: geometry_msgs/msg/PoseStamped, 消息数: 7679)
[15:09:23.221] [info] [Ros2BagDataSource] 使用配置的 LiDAR 话题: /os1_cloud_node1/points
[15:09:23.221] [info] [Ros2BagDataSource] 使用配置的相机话题: /left/image_raw
[15:09:23.221] [info] [Ros2BagDataSource] 使用配置的 IMU 话题: /imu/imu
[INFO] [1775718563.226290102] [rosbag2_storage]: Opened database '/root/calib_ws/data/nya_02_slam_imu_to_lidar/nya_02_ros2/nya_02_ros2.db3' for READ_ONLY.
[15:09:23.226] [info] [Ros2BagDataSource] Bag 已打开，开始读取消息...
[15:09:23.226] [info] [Ros2BagDataSource] 找到 19 个话题
[15:09:23.226] [info] [Ros2BagDataSource]  话题: /dji_sdk/imu  类型: sensor_msgs/msg/Imu  消息数: 171462
[15:09:23.226] [info] [Ros2BagDataSource]  话题: /dji_sdk/attitude  类型: geometry_msgs/msg/QuaternionStamped  消息数: 42866
[15:09:23.226] [info] [Ros2BagDataSource]  话题: /os1_cloud_node2/imu  类型: sensor_msgs/msg/Imu  消息数: 42862
[15:09:23.226] [info] [Ros2BagDataSource]  话题: /os1_cloud_node1/imu  类型: sensor_msgs/msg/Imu  消息数: 42862
[15:09:23.226] [info] [Ros2BagDataSource]  话题: /imu/imu  类型: sensor_msgs/msg/Imu  消息数: 166428
[15:09:23.226] [info] [Ros2BagDataSource]  话题: /imu/magnetic_field  类型: sensor_msgs/msg/MagneticField  消息数: 166428
[15:09:23.226] [info] [Ros2BagDataSource]  话题: /imu/temperature  类型: sensor_msgs/msg/Temperature  消息数: 166428
[15:09:23.226] [info] [Ros2BagDataSource]  话题: /dji_sdk/gps_position  类型: sensor_msgs/msg/NavSatFix  消息数: 21433
[15:09:23.226] [info] [Ros2BagDataSource]  话题: /dji_sdk/height_above_takeoff  类型: std_msgs/msg/Float32  消息数: 21433
[15:09:23.226] [info] [Ros2BagDataSource]  话题: /dji_sdk/gps_health  类型: std_msgs/msg/UInt8  消息数: 21433
[15:09:23.226] [info] [Ros2BagDataSource]  话题: /uwb_endorange_info  类型: uwb_driver/msg/UwbRange  消息数: 25172
[15:09:23.226] [info] [Ros2BagDataSource]  话题: /left/image_raw  类型: sensor_msgs/msg/Image  消息数: 4285
[15:09:23.226] [info] [Ros2BagDataSource]  话题: /right/image_raw  类型: sensor_msgs/msg/Image  消息数: 4285
[15:09:23.226] [info] [Ros2BagDataSource]  话题: /os1_cloud_node1/points  类型: sensor_msgs/msg/PointCloud2  消息数: 4287
[15:09:23.226] [info] [Ros2BagDataSource]  话题: /os1_cloud_node2/points  类型: sensor_msgs/msg/PointCloud2  消息数: 4286
[15:09:23.226] [info] [Ros2BagDataSource]  话题: /uwb_exorange_info  类型: uwb_driver/msg/UwbEcho  消息数: 2437
[15:09:23.226] [info] [Ros2BagDataSource]  话题: /node_pos_marker_sc  类型: visualization_msgs/msg/Marker  消息数: 2437
[15:09:23.226] [info] [Ros2BagDataSource]  话题: /node_pos_sc  类型: nav_msgs/msg/Path  消息数: 2437
[15:09:23.226] [info] [Ros2BagDataSource]  话题: /leica/pose/relative  类型: geometry_msgs/msg/PoseStamped  消息数: 7679
[15:09:23.226] [info] [Ros2BagDataSource] 将加载 bag 内所有 IMU / LiDAR / 相机话题，加载后可通过 sensor_id 或话题名选择使用
[15:09:23.750] [debug]   收集 IMU [/dji_sdk/imu] 帧数: 5000
[15:09:23.780] [debug]   收集 IMU [/imu/imu] 帧数: 5000
[15:09:24.252] [debug]   收集 IMU [/dji_sdk/imu] 帧数: 10000
[15:09:24.335] [debug]   收集 IMU [/imu/imu] 帧数: 10000
[15:09:24.780] [debug]   收集 IMU [/dji_sdk/imu] 帧数: 15000
[15:09:24.860] [debug]   收集 IMU [/imu/imu] 帧数: 15000
[15:09:25.321] [debug]   收集 LiDAR [/os1_cloud_node1/points] 帧数: 500
[15:09:25.322] [debug]   收集 LiDAR [/os1_cloud_node2/points] 帧数: 500
[15:09:25.323] [debug]   收集相机 [/left/image_raw] 帧数: 500
[15:09:25.323] [debug]   收集相机 [/right/image_raw] 帧数: 500
[15:09:25.323] [debug]   收集 IMU [/dji_sdk/imu] 帧数: 20000
[15:09:25.323] [debug]   收集 IMU [/os1_cloud_node1/imu] 帧数: 5000
[15:09:25.323] [debug]   收集 IMU [/os1_cloud_node2/imu] 帧数: 5000
[15:09:25.414] [debug]   收集 IMU [/imu/imu] 帧数: 20000
[15:09:25.864] [debug]   收集 IMU [/dji_sdk/imu] 帧数: 25000
[15:09:25.976] [debug]   收集 IMU [/imu/imu] 帧数: 25000
[15:09:26.388] [debug]   收集 IMU [/dji_sdk/imu] 帧数: 30000
[15:09:26.492] [debug]   收集 IMU [/imu/imu] 帧数: 30000
[15:09:26.906] [debug]   收集 IMU [/dji_sdk/imu] 帧数: 35000
[15:09:27.051] [debug]   收集 IMU [/imu/imu] 帧数: 35000
[15:09:27.442] [debug]   收集 LiDAR [/os1_cloud_node1/points] 帧数: 1000
[15:09:27.444] [debug]   收集 LiDAR [/os1_cloud_node2/points] 帧数: 1000
[15:09:27.445] [debug]   收集相机 [/left/image_raw] 帧数: 1000
[15:09:27.445] [debug]   收集相机 [/right/image_raw] 帧数: 1000
[15:09:27.445] [debug]   收集 IMU [/dji_sdk/imu] 帧数: 40000
[15:09:27.445] [debug]   收集 IMU [/os1_cloud_node1/imu] 帧数: 10000
[15:09:27.445] [debug]   收集 IMU [/os1_cloud_node2/imu] 帧数: 10000
[15:09:27.587] [debug]   收集 IMU [/imu/imu] 帧数: 40000
[15:09:27.949] [debug]   收集 IMU [/dji_sdk/imu] 帧数: 45000
[15:09:28.132] [debug]   收集 IMU [/imu/imu] 帧数: 45000
[15:09:28.519] [debug]   收集 IMU [/dji_sdk/imu] 帧数: 50000
[15:09:28.687] [debug]   收集 IMU [/imu/imu] 帧数: 50000
[15:09:29.025] [debug]   收集 IMU [/dji_sdk/imu] 帧数: 55000
[15:09:29.200] [debug]   收集 IMU [/imu/imu] 帧数: 55000
[15:09:29.501] [debug]   收集 LiDAR [/os1_cloud_node1/points] 帧数: 1500
[15:09:29.502] [debug]   收集 LiDAR [/os1_cloud_node2/points] 帧数: 1500
[15:09:29.502] [debug]   收集 IMU [/dji_sdk/imu] 帧数: 60000
[15:09:29.503] [debug]   收集相机 [/left/image_raw] 帧数: 1500
[15:09:29.504] [debug]   收集相机 [/right/image_raw] 帧数: 1500
[15:09:29.504] [debug]   收集 IMU [/os1_cloud_node1/imu] 帧数: 15000
[15:09:29.504] [debug]   收集 IMU [/os1_cloud_node2/imu] 帧数: 15000
[15:09:29.692] [debug]   收集 IMU [/imu/imu] 帧数: 60000
[15:09:30.011] [debug]   收集 IMU [/dji_sdk/imu] 帧数: 65000
[15:09:30.221] [debug]   收集 IMU [/imu/imu] 帧数: 65000
[15:09:30.514] [debug]   收集 IMU [/dji_sdk/imu] 帧数: 70000
[15:09:30.734] [debug]   收集 IMU [/imu/imu] 帧数: 70000
[15:09:31.050] [debug]   收集 IMU [/dji_sdk/imu] 帧数: 75000
[15:09:31.310] [debug]   收集 IMU [/imu/imu] 帧数: 75000
[15:09:31.588] [debug]   收集 LiDAR [/os1_cloud_node1/points] 帧数: 2000
[15:09:31.592] [debug]   收集 LiDAR [/os1_cloud_node2/points] 帧数: 2000
[15:09:31.592] [debug]   收集 IMU [/dji_sdk/imu] 帧数: 80000
[15:09:31.592] [debug]   收集 IMU [/os1_cloud_node1/imu] 帧数: 20000
[15:09:31.592] [debug]   收集 IMU [/os1_cloud_node2/imu] 帧数: 20000
[15:09:31.595] [debug]   收集相机 [/left/image_raw] 帧数: 2000
[15:09:31.596] [debug]   收集相机 [/right/image_raw] 帧数: 2000
[15:09:31.856] [debug]   收集 IMU [/imu/imu] 帧数: 80000
[15:09:32.111] [debug]   收集 IMU [/dji_sdk/imu] 帧数: 85000
[15:09:32.431] [debug]   收集 IMU [/imu/imu] 帧数: 85000
[15:09:32.726] [debug]   收集 IMU [/dji_sdk/imu] 帧数: 90000
[15:09:33.067] [debug]   收集 IMU [/imu/imu] 帧数: 90000
[15:09:33.314] [debug]   收集 IMU [/dji_sdk/imu] 帧数: 95000
[15:09:33.670] [debug]   收集 IMU [/imu/imu] 帧数: 95000
[15:09:33.924] [debug]   收集 LiDAR [/os1_cloud_node1/points] 帧数: 2500
[15:09:33.927] [debug]   收集 LiDAR [/os1_cloud_node2/points] 帧数: 2500
[15:09:33.928] [debug]   收集 IMU [/dji_sdk/imu] 帧数: 100000
[15:09:33.928] [debug]   收集 IMU [/os1_cloud_node1/imu] 帧数: 25000
[15:09:33.928] [debug]   收集 IMU [/os1_cloud_node2/imu] 帧数: 25000
[15:09:33.930] [debug]   收集相机 [/left/image_raw] 帧数: 2500
[15:09:33.930] [debug]   收集相机 [/right/image_raw] 帧数: 2500
[15:09:34.329] [debug]   收集 IMU [/imu/imu] 帧数: 100000
[15:09:34.583] [debug]   收集 IMU [/dji_sdk/imu] 帧数: 105000
[15:09:35.003] [debug]   收集 IMU [/imu/imu] 帧数: 105000
[15:09:35.228] [debug]   收集 IMU [/dji_sdk/imu] 帧数: 110000
[15:09:35.758] [debug]   收集 IMU [/imu/imu] 帧数: 110000
[15:09:35.913] [debug]   收集 IMU [/dji_sdk/imu] 帧数: 115000
[15:09:36.429] [debug]   收集 IMU [/imu/imu] 帧数: 115000
[15:09:36.637] [debug]   收集 LiDAR [/os1_cloud_node1/points] 帧数: 3000
[15:09:36.642] [debug]   收集 LiDAR [/os1_cloud_node2/points] 帧数: 3000
[15:09:36.642] [debug]   收集 IMU [/dji_sdk/imu] 帧数: 120000
[15:09:36.645] [debug]   收集 IMU [/os1_cloud_node1/imu] 帧数: 30000
[15:09:36.645] [debug]   收集 IMU [/os1_cloud_node2/imu] 帧数: 30000
[15:09:36.651] [debug]   收集相机 [/left/image_raw] 帧数: 3000
[15:09:36.652] [debug]   收集相机 [/right/image_raw] 帧数: 3000
[15:09:37.161] [debug]   收集 IMU [/imu/imu] 帧数: 120000
[15:09:37.395] [debug]   收集 IMU [/dji_sdk/imu] 帧数: 125000
[15:09:37.943] [debug]   收集 IMU [/imu/imu] 帧数: 125000
[15:09:38.077] [debug]   收集 IMU [/dji_sdk/imu] 帧数: 130000
[15:09:38.651] [debug]   收集 IMU [/imu/imu] 帧数: 130000
[15:09:38.763] [debug]   收集 IMU [/dji_sdk/imu] 帧数: 135000
[15:09:39.304] [debug]   收集 IMU [/imu/imu] 帧数: 135000
[15:09:39.397] [debug]   收集 LiDAR [/os1_cloud_node1/points] 帧数: 3500
[15:09:39.399] [debug]   收集 LiDAR [/os1_cloud_node2/points] 帧数: 3500
[15:09:39.400] [debug]   收集 IMU [/dji_sdk/imu] 帧数: 140000
[15:09:39.401] [debug]   收集 IMU [/os1_cloud_node1/imu] 帧数: 35000
[15:09:39.401] [debug]   收集 IMU [/os1_cloud_node2/imu] 帧数: 35000
[15:09:39.404] [debug]   收集相机 [/left/image_raw] 帧数: 3500
[15:09:39.404] [debug]   收集相机 [/right/image_raw] 帧数: 3500
[15:09:39.856] [debug]   收集 IMU [/imu/imu] 帧数: 140000
[15:09:40.033] [debug]   收集 IMU [/dji_sdk/imu] 帧数: 145000
[15:09:40.486] [debug]   收集 IMU [/imu/imu] 帧数: 145000
[15:09:40.549] [debug]   收集 IMU [/dji_sdk/imu] 帧数: 150000
[15:09:41.169] [debug]   收集 IMU [/imu/imu] 帧数: 150000
[15:09:41.209] [debug]   收集 IMU [/dji_sdk/imu] 帧数: 155000
[15:09:41.716] [debug]   收集 IMU [/imu/imu] 帧数: 155000
[15:09:41.844] [debug]   收集 LiDAR [/os1_cloud_node1/points] 帧数: 4000
[15:09:41.846] [debug]   收集 LiDAR [/os1_cloud_node2/points] 帧数: 4000
[15:09:41.848] [debug]   收集 IMU [/dji_sdk/imu] 帧数: 160000
[15:09:41.849] [debug]   收集 IMU [/os1_cloud_node1/imu] 帧数: 40000
[15:09:41.849] [debug]   收集 IMU [/os1_cloud_node2/imu] 帧数: 40000
[15:09:41.852] [debug]   收集相机 [/left/image_raw] 帧数: 4000
[15:09:41.852] [debug]   收集相机 [/right/image_raw] 帧数: 4000
[15:09:42.433] [debug]   收集 IMU [/imu/imu] 帧数: 160000
[15:09:42.452] [debug]   收集 IMU [/dji_sdk/imu] 帧数: 165000
[15:09:43.145] [debug]   收集 IMU [/imu/imu] 帧数: 165000
[15:09:43.147] [debug]   收集 IMU [/dji_sdk/imu] 帧数: 170000
[15:09:43.406] [info] [Ros2BagDataSource] 加载完成 (所有话题按话题名存储，可通过 sensor_id 或话题名选择):
[15:09:43.406] [info]   LiDAR [/os1_cloud_node1/points]: 4287 帧
[15:09:43.406] [info]   LiDAR [/os1_cloud_node2/points]: 4286 帧
[15:09:43.406] [info]   相机 [/left/image_raw]: 4285 帧
[15:09:43.406] [info]   相机 [/right/image_raw]: 4285 帧
[15:09:43.406] [info]   IMU [/dji_sdk/imu]: 171462 帧
[15:09:43.406] [info]   IMU [/imu/imu]: 166428 帧
[15:09:43.406] [info]   IMU [/os1_cloud_node1/imu]: 42862 帧
[15:09:43.406] [info]   IMU [/os1_cloud_node2/imu]: 42862 帧
[15:09:43.406] [info]   选用 LiDAR  lidar_front -> /os1_cloud_node1/points
[15:09:43.406] [info]   选用 相机  cam_left -> /left/image_raw
[15:09:43.406] [info]   选用 IMU    imu_0 -> /imu/imu
[15:09:43.407] [info]   时间范围: 1609045331.127 - 1609045759.771 秒
[15:09:43.407] [info] [Ros2BagDataSource] 应用采样/帧数限制...
[15:09:43.544] [info]   LiDAR /os1_cloud_node1/points 采样后: 800 帧
[15:09:43.593] [info]   LiDAR /os1_cloud_node2/points 采样后: 800 帧
[15:09:43.650] [info]   相机 /left/image_raw 采样后: 800 帧
[15:09:43.706] [info]   相机 /right/image_raw 采样后: 800 帧
[15:09:43.720] [info] [Fine-Auto/LiDAR-Cam] LiDAR 加载完成: 800 帧 (将按相机逐路取帧)
[15:09:43.721] [info] 读取相机内参: ./results/camera_intrinsic/camera_intrinsic_cam_left.yaml
[15:09:43.723] [info]   fx=384.00 fy=384.00 cx=376.00 cy=240.00 dist=4
[15:09:43.723] [info] [Fine-Auto/LiDAR-Cam] 步骤: LiDAR-Camera 标定 相机=cam_left (方法: 边缘对齐)
[15:09:43.725] [info] [CalibVisualizer] 初始化完成
[15:09:43.725] [info] [Fine-Auto/LiDAR-Cam] 可视化已启用：仅标定结束后显示一帧「图像+点云投影」叠加，不创建 3D 窗口、不泵送其他帧
[15:09:43.725] [info] [Fine-Auto/LiDAR-Cam] 使用粗标定初值 t=[0.123,0.040,-0.058]m
[15:09:43.733] [info] [Fine-Auto] 结果已保存: ./results/lidar_camera_extrinsic/lidar_cam_cam_left_extrinsic.yaml
[15:09:43.733] [info] [Viz] 即将生成投影图并保存到 ./results/lidar_camera_extrinsic/lidar_cam_cam_left_projection.png
[15:09:43.868] [info] 投影可视化保存: ./results/lidar_camera_extrinsic/lidar_cam_cam_left_projection.png
[15:09:43.868] [info] [Viz] 投影图已保存（仅使用配置初值，未做精标定）
[15:09:43.868] [info] [Fine-Auto/LiDAR-Cam] 相机 cam_left 已使用配置初值跳过精标定，直接供手动微调
[15:09:43.868] [info] [Viz/Display] 即将关闭可视化窗口 原因=用户关闭或流程结束 pangolin_running=false
[15:09:43.870] [warning] [Fine-Auto/LiDAR-Cam] 相机 cam_right 无帧，跳过
[15:09:43.870] [warning] [Fine-Auto/LiDAR-Cam] 相机 cam_front 无帧，跳过
[15:09:43.870] [warning] [Fine-Auto/LiDAR-Cam] 相机 cam_rear 无帧，跳过
[15:09:43.870] [info] [Fine-Auto/LiDAR-Cam] 精标定完成: 1 个相机  最大 RMS=0.0000 px
[15:09:43.870] [info] [STAGE=lidar_cam_fine_auto] LiDAR-Camera 精标定 完成
[15:09:43.870] [info] [Fine-Auto/LiDAR-Cam] RMS 阈值=2.00 px  最大 RMS=0.0000 px  在阈值内
[15:09:44.140] [info] ━━━━━━━━━━━━━━━━━━━━━━━━━━━━━━━━━━━━━━━━━
[15:09:44.140] [info] ■ 结束阶段: [Fine-Auto] 任务: [lidar_cam_extrin]
[15:09:44.140] [info]   结果: ✓ 成功 | 残差RMS: 0.0000 | 耗时: 20920 ms
[15:09:44.140] [info]   消息: LiDAR-Camera 精标定完成: 1 个相机, 最大 RMS=0.000000 px
[15:09:44.140] [info] [CALC] 阶段结束 stage=Fine-Auto task=lidar_cam_extrin success=true residual_rms=0.000000 elapsed_ms=20649.6 threshold=2.0000
[15:09:44.140] [info] ━━━━━━━━━━━━━━━━━━━━━━━━━━━━━━━━━━━━━━━━━
[15:09:44.140] [info] ====== Pipeline Report: pipeline_20260409_150923 ======
[15:09:44.150] [info]   Total time: 20649.6 ms
[15:09:44.150] [info]   All stages succeeded: YES
[15:09:44.150] [info]   标定质量: 各阶段 RMS 均在阈值内
[15:09:44.150] [info]   [Coarse-AI-lidar_cam_extrin] success=true rms=0.0000 time=0.0ms: 使用配置 initial_extrinsic 作为粗标定结果，精标定将以此起步
[15:09:44.150] [info]   [Fine-Auto-lidar_cam_extrin] success=true rms=0.0000 time=20649.6ms: LiDAR-Camera 精标定完成: 1 个相机, 最大 RMS=0.000000 px

╔══════════════════════════════════════════════════════╗
║              标定参数汇总                            ║
╠══════════════════════════════════════════════════════╣
║ 外参:
║   lidar_front->cam_left:
║     R(RPY°): [-58.87, -88.54, -31.01]
║     T(m):    [0.12, 0.04, -0.06]
║     时偏(s): 0.00
║     RMS:     0.00 ✗
╚══════════════════════════════════════════════════════╝

[15:09:44.150] [info] ================================
[15:09:44.151] [info] Pipeline report saved: ./results/pipeline_report_20260409_150923.yaml
[15:09:44.151] [info] ====== Pipeline Report: pipeline_20260409_150923 ======
[15:09:44.151] [info]   Total time: 20649.6 ms
[15:09:44.151] [info]   All stages succeeded: YES
[15:09:44.151] [info]   标定质量: 各阶段 RMS 均在阈值内
[15:09:44.151] [info]   [Coarse-AI-lidar_cam_extrin] success=true rms=0.0000 time=0.0ms: 使用配置 initial_extrinsic 作为粗标定结果，精标定将以此起步
[15:09:44.151] [info]   [Fine-Auto-lidar_cam_extrin] success=true rms=0.0000 time=20649.6ms: LiDAR-Camera 精标定完成: 1 个相机, 最大 RMS=0.000000 px

╔══════════════════════════════════════════════════════╗
║              标定参数汇总                            ║
╠══════════════════════════════════════════════════════╣
║ 外参:
║   lidar_front->cam_left:
║     R(RPY°): [-58.87, -88.54, -31.01]
║     T(m):    [0.12, 0.04, -0.06]
║     时偏(s): 0.00
║     RMS:     0.00 ✗
╚══════════════════════════════════════════════════════╝

[15:09:44.151] [info] ================================
[15:09:44.151] [info] ━━━━━━━━━━━━━━━━━━━━━━━━━━━━━━━━━━━━
[15:09:44.151] [info] LiDAR-Camera 标定流程完成
[15:09:44.151] [info] 结果目录: ./results
[15:09:44.151] [info] 标定流程正常退出 exit_code=0
[15:09:44.151] [info] ━━━━━━━━━━━━━━━━━━━━━━━━━━━━━━━━━━━━
