
 ╔═══════════════════════════════════════════════════════╗
 ║   UniCalib — LiDAR-LiDAR 外参标定                     ║
 ║   两阶段: NDT粗标定 → GICP/NDT精标定                   ║
 ╚═══════════════════════════════════════════════════════╝

[LiDAR-LiDAR][Args] config=/root/calib_ws/calib_unified/config/unicalib_example.yaml data_dir=/root/calib_ws/data output_dir=/root/calib_ws/results no_viz=false manual=true log_level=info
[2026-04-07 18:08:48.135] [info] [LiDAR-LiDAR] [:] [LiDAR-LiDAR][Init] 日志文件: /root/calib_ws/results/logs/lidar_lidar_20260407_180848.log
[2026-04-07 18:08:48.137] [info] [LiDAR-LiDAR] [:] [LiDAR-LiDAR][Init] 最终 output_dir='./results' data_dir='/root/calib_ws/data' manual=true no_viz=false
[2026-04-07 18:08:48.137] [info] [LiDAR-LiDAR] [:] [LiDAR-LiDAR][Init] 标定对数量: 1
[2026-04-07 18:08:48.137] [info] [LiDAR-LiDAR] [:] 读取系统配置: /root/calib_ws/calib_unified/config/unicalib_example.yaml
[2026-04-07 18:08:48.139] [info] [LiDAR-LiDAR] [:]   IMU: 1, LiDAR: 2, Camera: 2
[2026-04-07 18:08:48.139] [info] [LiDAR-LiDAR] [:] [LiDAR-LiDAR][Init] 从 sensors[] 读取 LiDAR 话题 2 条（与 lidar_lidar.pairs 的 id 对应即可）
[2026-04-07 18:08:48.139] [info] [LiDAR-LiDAR] [:] lidar_lidar.initial_extrinsic 已加载，将跳过粗标定并以该初值进入精标定/手动微调
[2026-04-07 18:08:48.141] [info] [LiDAR-LiDAR] [:] [CalibVisualizer] 初始化完成
[2026-04-07 18:08:48.141] [info] [LiDAR-LiDAR] [:] [Viz/Display] 已自动设置 XDG_RUNTIME_DIR=/tmp（原未设置，避免 GLFW 报错）
[2026-04-07 18:08:48.141] [info] [LiDAR-LiDAR] [:] [Viz/Display] 显示环境 DISPLAY=:0  XDG_RUNTIME_DIR=/tmp  WAYLAND_DISPLAY=(未设置)
[2026-04-07 18:08:48.141] [info] [LiDAR-LiDAR] [:] [PangolinRender] 正在创建窗口与 OpenGL 上下文: UniCalib LiDAR-LiDAR (1280x720)
Framebuffer with requested attributes not available. Using available framebuffer. You may see visual artifacts.[2026-04-07 18:08:48.236] [info] [LiDAR-LiDAR] [:] [PangolinRender] CreateWindowAndBind 已完成
[2026-04-07 18:08:48.237] [info] [LiDAR-LiDAR] [:] [PangolinRender] 初始化完成: UniCalib LiDAR-LiDAR (1280x720)  ShouldQuit=false (窗口内容: 网格+坐标轴，点云需后续推送)
[2026-04-07 18:08:48.237] [info] [LiDAR-LiDAR] [:] [Viz/Display] 首帧泵送: 开始 (共 12 帧)
[2026-04-07 18:08:48.237] [info] [LiDAR-LiDAR] [:] [Viz/Render] render_and_handle_input 第 1 次调用 即将调用 pangolin_render_->render()
[2026-04-07 18:08:48.237] [info] [LiDAR-LiDAR] [:] [PangolinRender] 首帧渲染 点云数=0  坐标系数=0 (无点云时仅显示网格与坐标轴)
[2026-04-07 18:08:48.237] [info] [LiDAR-LiDAR] [:] [PangolinRender] render 开始 帧=1
[2026-04-07 18:08:48.237] [info] [LiDAR-LiDAR] [:] [PangolinRender] render 步骤 glClear 完成
[2026-04-07 18:08:48.237] [info] [LiDAR-LiDAR] [:] [PangolinRender] render 步骤 Activate 完成
[2026-04-07 18:08:48.267] [info] [LiDAR-LiDAR] [:] [PangolinRender] render 步骤 grid+axis 完成
[2026-04-07 18:08:48.296] [info] [LiDAR-LiDAR] [:] [PangolinRender] render_point_clouds 本次完成 详细日志次数=1/5
[2026-04-07 18:08:48.296] [info] [LiDAR-LiDAR] [:] [PangolinRender] render 步骤 point_clouds 完成
[2026-04-07 18:08:48.296] [info] [LiDAR-LiDAR] [:] [PangolinRender] render 步骤 frustum+frames 完成
[2026-04-07 18:08:48.301] [info] [LiDAR-LiDAR] [:] [PangolinRender] render 步骤 FinishFrame 完成
[2026-04-07 18:08:48.301] [info] [LiDAR-LiDAR] [:] [Viz/Render] render_and_handle_input 第 1 次 render() 返回 continue_render=true
[2026-04-07 18:08:48.301] [info] [LiDAR-LiDAR] [:] [Viz/Display] 首帧泵送 第 1/12 帧 render_ok=true
[2026-04-07 18:08:48.321] [info] [LiDAR-LiDAR] [:] [Viz/Render] render_and_handle_input 第 2 次调用 即将调用 pangolin_render_->render()
[2026-04-07 18:08:48.321] [info] [LiDAR-LiDAR] [:] [PangolinRender] render 开始 帧=2
[2026-04-07 18:08:48.323] [info] [LiDAR-LiDAR] [:] [PangolinRender] render 步骤 glClear 完成
[2026-04-07 18:08:48.323] [info] [LiDAR-LiDAR] [:] [PangolinRender] render 步骤 Activate 完成
[2026-04-07 18:08:48.324] [info] [LiDAR-LiDAR] [:] [PangolinRender] render 步骤 grid+axis 完成
[2026-04-07 18:08:48.324] [info] [LiDAR-LiDAR] [:] [PangolinRender] render_point_clouds 本次完成 详细日志次数=2/5
[2026-04-07 18:08:48.324] [info] [LiDAR-LiDAR] [:] [PangolinRender] render 步骤 point_clouds 完成
[2026-04-07 18:08:48.324] [info] [LiDAR-LiDAR] [:] [PangolinRender] render 步骤 frustum+frames 完成
[2026-04-07 18:08:48.328] [info] [LiDAR-LiDAR] [:] [PangolinRender] render 步骤 FinishFrame 完成
[2026-04-07 18:08:48.328] [info] [LiDAR-LiDAR] [:] [Viz/Render] render_and_handle_input 第 2 次 render() 返回 continue_render=true
[2026-04-07 18:08:48.348] [info] [LiDAR-LiDAR] [:] [Viz/Render] render_and_handle_input 第 3 次调用 即将调用 pangolin_render_->render()
[2026-04-07 18:08:48.348] [info] [LiDAR-LiDAR] [:] [PangolinRender] render 开始 帧=3
[2026-04-07 18:08:48.348] [info] [LiDAR-LiDAR] [:] [PangolinRender] render 步骤 glClear 完成
[2026-04-07 18:08:48.348] [info] [LiDAR-LiDAR] [:] [PangolinRender] render 步骤 Activate 完成
[2026-04-07 18:08:48.348] [info] [LiDAR-LiDAR] [:] [PangolinRender] render 步骤 grid+axis 完成
[2026-04-07 18:08:48.348] [info] [LiDAR-LiDAR] [:] [PangolinRender] render_point_clouds 本次完成 详细日志次数=3/5
[2026-04-07 18:08:48.348] [info] [LiDAR-LiDAR] [:] [PangolinRender] render 步骤 point_clouds 完成
[2026-04-07 18:08:48.348] [info] [LiDAR-LiDAR] [:] [PangolinRender] render 步骤 frustum+frames 完成
[2026-04-07 18:08:48.378] [info] [LiDAR-LiDAR] [:] [PangolinRender] render 步骤 FinishFrame 完成
[2026-04-07 18:08:48.378] [info] [LiDAR-LiDAR] [:] [Viz/Render] render_and_handle_input 第 3 次 render() 返回 continue_render=true
[2026-04-07 18:08:48.398] [info] [LiDAR-LiDAR] [:] [Viz/Render] render_and_handle_input 第 4 次调用 即将调用 pangolin_render_->render()
[2026-04-07 18:08:48.398] [info] [LiDAR-LiDAR] [:] [PangolinRender] render 开始 帧=4
[2026-04-07 18:08:48.399] [info] [LiDAR-LiDAR] [:] [PangolinRender] render 步骤 glClear 完成
[2026-04-07 18:08:48.399] [info] [LiDAR-LiDAR] [:] [PangolinRender] render 步骤 Activate 完成
[2026-04-07 18:08:48.399] [info] [LiDAR-LiDAR] [:] [PangolinRender] render 步骤 grid+axis 完成
[2026-04-07 18:08:48.399] [info] [LiDAR-LiDAR] [:] [PangolinRender] render_point_clouds 本次完成 详细日志次数=4/5
[2026-04-07 18:08:48.399] [info] [LiDAR-LiDAR] [:] [PangolinRender] render 步骤 point_clouds 完成
[2026-04-07 18:08:48.399] [info] [LiDAR-LiDAR] [:] [PangolinRender] render 步骤 frustum+frames 完成
[2026-04-07 18:08:48.401] [info] [LiDAR-LiDAR] [:] [PangolinRender] render 步骤 FinishFrame 完成
[2026-04-07 18:08:48.401] [info] [LiDAR-LiDAR] [:] [Viz/Render] render_and_handle_input 第 4 次 render() 返回 continue_render=true
[2026-04-07 18:08:48.421] [info] [LiDAR-LiDAR] [:] [Viz/Render] render_and_handle_input 第 5 次调用 即将调用 pangolin_render_->render()
[2026-04-07 18:08:48.421] [info] [LiDAR-LiDAR] [:] [PangolinRender] render 开始 帧=5
[2026-04-07 18:08:48.424] [info] [LiDAR-LiDAR] [:] [PangolinRender] render 步骤 glClear 完成
[2026-04-07 18:08:48.424] [info] [LiDAR-LiDAR] [:] [PangolinRender] render 步骤 Activate 完成
[2026-04-07 18:08:48.425] [info] [LiDAR-LiDAR] [:] [PangolinRender] render 步骤 grid+axis 完成
[2026-04-07 18:08:48.425] [info] [LiDAR-LiDAR] [:] [PangolinRender] render_point_clouds 本次完成 详细日志次数=5/5
[2026-04-07 18:08:48.425] [info] [LiDAR-LiDAR] [:] [PangolinRender] render 步骤 point_clouds 完成
[2026-04-07 18:08:48.425] [info] [LiDAR-LiDAR] [:] [PangolinRender] render 步骤 frustum+frames 完成
[2026-04-07 18:08:48.430] [info] [LiDAR-LiDAR] [:] [PangolinRender] render 步骤 FinishFrame 完成
[2026-04-07 18:08:48.430] [info] [LiDAR-LiDAR] [:] [Viz/Render] render_and_handle_input 第 5 次 render() 返回 continue_render=true
[2026-04-07 18:08:48.450] [info] [LiDAR-LiDAR] [:] [Viz/Render] render_and_handle_input 第 6 次调用 即将调用 pangolin_render_->render()
[2026-04-07 18:08:48.450] [info] [LiDAR-LiDAR] [:] [PangolinRender] render 开始 帧=6
[2026-04-07 18:08:48.451] [info] [LiDAR-LiDAR] [:] [PangolinRender] render 步骤 glClear 完成
[2026-04-07 18:08:48.451] [info] [LiDAR-LiDAR] [:] [PangolinRender] render 步骤 Activate 完成
[2026-04-07 18:08:48.451] [info] [LiDAR-LiDAR] [:] [PangolinRender] render 步骤 grid+axis 完成
[2026-04-07 18:08:48.451] [info] [LiDAR-LiDAR] [:] [PangolinRender] render 步骤 point_clouds 完成
[2026-04-07 18:08:48.451] [info] [LiDAR-LiDAR] [:] [PangolinRender] render 步骤 frustum+frames 完成
[2026-04-07 18:08:48.454] [info] [LiDAR-LiDAR] [:] [PangolinRender] render 步骤 FinishFrame 完成
[2026-04-07 18:08:48.454] [info] [LiDAR-LiDAR] [:] [Viz/Render] render_and_handle_input 第 6 次 render() 返回 continue_render=true
[2026-04-07 18:08:48.474] [info] [LiDAR-LiDAR] [:] [Viz/Render] render_and_handle_input 第 7 次调用 即将调用 pangolin_render_->render()
[2026-04-07 18:08:48.474] [info] [LiDAR-LiDAR] [:] [PangolinRender] render 开始 帧=7
[2026-04-07 18:08:48.474] [info] [LiDAR-LiDAR] [:] [PangolinRender] render 步骤 glClear 完成
[2026-04-07 18:08:48.474] [info] [LiDAR-LiDAR] [:] [PangolinRender] render 步骤 Activate 完成
[2026-04-07 18:08:48.474] [info] [LiDAR-LiDAR] [:] [PangolinRender] render 步骤 grid+axis 完成
[2026-04-07 18:08:48.474] [info] [LiDAR-LiDAR] [:] [PangolinRender] render 步骤 point_clouds 完成
[2026-04-07 18:08:48.474] [info] [LiDAR-LiDAR] [:] [PangolinRender] render 步骤 frustum+frames 完成
[2026-04-07 18:08:48.480] [info] [LiDAR-LiDAR] [:] [PangolinRender] render 步骤 FinishFrame 完成
[2026-04-07 18:08:48.480] [info] [LiDAR-LiDAR] [:] [Viz/Render] render_and_handle_input 第 7 次 render() 返回 continue_render=true
[2026-04-07 18:08:48.500] [info] [LiDAR-LiDAR] [:] [Viz/Render] render_and_handle_input 第 8 次调用 即将调用 pangolin_render_->render()
[2026-04-07 18:08:48.500] [info] [LiDAR-LiDAR] [:] [PangolinRender] render 开始 帧=8
[2026-04-07 18:08:48.500] [info] [LiDAR-LiDAR] [:] [PangolinRender] render 步骤 glClear 完成
[2026-04-07 18:08:48.500] [info] [LiDAR-LiDAR] [:] [PangolinRender] render 步骤 Activate 完成
[2026-04-07 18:08:48.500] [info] [LiDAR-LiDAR] [:] [PangolinRender] render 步骤 grid+axis 完成
[2026-04-07 18:08:48.500] [info] [LiDAR-LiDAR] [:] [PangolinRender] render 步骤 point_clouds 完成
[2026-04-07 18:08:48.500] [info] [LiDAR-LiDAR] [:] [PangolinRender] render 步骤 frustum+frames 完成
[2026-04-07 18:08:48.505] [info] [LiDAR-LiDAR] [:] [PangolinRender] render 步骤 FinishFrame 完成
[2026-04-07 18:08:48.505] [info] [LiDAR-LiDAR] [:] [Viz/Render] render_and_handle_input 第 8 次 render() 返回 continue_render=true
[2026-04-07 18:08:48.525] [info] [LiDAR-LiDAR] [:] [Viz/Render] render_and_handle_input 第 9 次调用 即将调用 pangolin_render_->render()
[2026-04-07 18:08:48.525] [info] [LiDAR-LiDAR] [:] [PangolinRender] render 开始 帧=9
[2026-04-07 18:08:48.525] [info] [LiDAR-LiDAR] [:] [PangolinRender] render 步骤 glClear 完成
[2026-04-07 18:08:48.525] [info] [LiDAR-LiDAR] [:] [PangolinRender] render 步骤 Activate 完成
[2026-04-07 18:08:48.525] [info] [LiDAR-LiDAR] [:] [PangolinRender] render 步骤 grid+axis 完成
[2026-04-07 18:08:48.525] [info] [LiDAR-LiDAR] [:] [PangolinRender] render 步骤 point_clouds 完成
[2026-04-07 18:08:48.525] [info] [LiDAR-LiDAR] [:] [PangolinRender] render 步骤 frustum+frames 完成
[2026-04-07 18:08:48.530] [info] [LiDAR-LiDAR] [:] [PangolinRender] render 步骤 FinishFrame 完成
[2026-04-07 18:08:48.530] [info] [LiDAR-LiDAR] [:] [Viz/Render] render_and_handle_input 第 9 次 render() 返回 continue_render=true
[2026-04-07 18:08:48.550] [info] [LiDAR-LiDAR] [:] [Viz/Render] render_and_handle_input 第 10 次调用 即将调用 pangolin_render_->render()
[2026-04-07 18:08:48.550] [info] [LiDAR-LiDAR] [:] [PangolinRender] render 开始 帧=10
[2026-04-07 18:08:48.550] [info] [LiDAR-LiDAR] [:] [PangolinRender] render 步骤 glClear 完成
[2026-04-07 18:08:48.550] [info] [LiDAR-LiDAR] [:] [PangolinRender] render 步骤 Activate 完成
[2026-04-07 18:08:48.551] [info] [LiDAR-LiDAR] [:] [PangolinRender] render 步骤 grid+axis 完成
[2026-04-07 18:08:48.551] [info] [LiDAR-LiDAR] [:] [PangolinRender] render 步骤 point_clouds 完成
[2026-04-07 18:08:48.551] [info] [LiDAR-LiDAR] [:] [PangolinRender] render 步骤 frustum+frames 完成
[2026-04-07 18:08:48.553] [info] [LiDAR-LiDAR] [:] [PangolinRender] render 步骤 FinishFrame 完成
[2026-04-07 18:08:48.553] [info] [LiDAR-LiDAR] [:] [Viz/Render] render_and_handle_input 第 10 次 render() 返回 continue_render=true
[2026-04-07 18:08:48.573] [info] [LiDAR-LiDAR] [:] [PangolinRender] render 开始 帧=11
[2026-04-07 18:08:48.573] [info] [LiDAR-LiDAR] [:] [PangolinRender] render 步骤 glClear 完成
[2026-04-07 18:08:48.573] [info] [LiDAR-LiDAR] [:] [PangolinRender] render 步骤 Activate 完成
[2026-04-07 18:08:48.573] [info] [LiDAR-LiDAR] [:] [PangolinRender] render 步骤 grid+axis 完成
[2026-04-07 18:08:48.573] [info] [LiDAR-LiDAR] [:] [PangolinRender] render 步骤 point_clouds 完成
[2026-04-07 18:08:48.573] [info] [LiDAR-LiDAR] [:] [PangolinRender] render 步骤 frustum+frames 完成
[2026-04-07 18:08:48.576] [info] [LiDAR-LiDAR] [:] [PangolinRender] render 步骤 FinishFrame 完成
[2026-04-07 18:08:48.596] [info] [LiDAR-LiDAR] [:] [PangolinRender] render 开始 帧=12
[2026-04-07 18:08:48.596] [info] [LiDAR-LiDAR] [:] [PangolinRender] render 步骤 glClear 完成
[2026-04-07 18:08:48.596] [info] [LiDAR-LiDAR] [:] [PangolinRender] render 步骤 Activate 完成
[2026-04-07 18:08:48.596] [info] [LiDAR-LiDAR] [:] [PangolinRender] render 步骤 grid+axis 完成
[2026-04-07 18:08:48.596] [info] [LiDAR-LiDAR] [:] [PangolinRender] render 步骤 point_clouds 完成
[2026-04-07 18:08:48.596] [info] [LiDAR-LiDAR] [:] [PangolinRender] render 步骤 frustum+frames 完成
[2026-04-07 18:08:48.598] [info] [LiDAR-LiDAR] [:] [PangolinRender] render 步骤 FinishFrame 完成
[2026-04-07 18:08:48.598] [info] [LiDAR-LiDAR] [:] [Viz/Display] 首帧泵送 第 12/12 帧 render_ok=true
[2026-04-07 18:08:48.619] [info] [LiDAR-LiDAR] [:] [Viz/Display] 首帧泵送完成 共 12 帧 (窗口应已显示网格/坐标轴，尚未推送点云)；标定完成后请手动关闭窗口
[2026-04-07 18:08:48.619] [info] [LiDAR-LiDAR] [:] 可视化已启用（默认）
[2026-04-07 18:08:48.619] [info] [LiDAR-LiDAR] [:] ━━━ 标定对: lidar_front -> lidar_rear ━━━
[2026-04-07 18:08:48.620] [info] [LiDAR-LiDAR] [:] [LiDAR-LiDAR][Pair] PCD 目录: ref_id='lidar_front' -> '(无)' ; target_id='lidar_rear' -> '(无)'
[2026-04-07 18:08:48.620] [info] [LiDAR-LiDAR] [:] [LiDAR-LiDAR][Pair] ref 传感器 YAML 中 pointcloud_topic: /os1_cloud_node1/points
[2026-04-07 18:08:48.620] [info] [LiDAR-LiDAR] [:] [LiDAR-LiDAR][Pair] target 传感器 YAML 中 pointcloud_topic: /os1_cloud_node2/points
[2026-04-07 18:08:48.620] [info] [LiDAR-LiDAR] [:] [LiDAR-LiDAR][Pair] data.lidar 未配置或路径为空，跳过 PCD 目录加载
[2026-04-07 18:08:48.620] [warning] [LiDAR-LiDAR] [:]   PCD 目录不可用或未配置，尝试 ROS2 bag 回退（需 ros2.use_ros2_bag；话题来自传感器 YAML 的 pointcloud_topic 或 ros2.lidar_topics）
[2026-04-07 18:08:48.620] [info] [LiDAR-LiDAR] [:] [LiDAR-LiDAR][Ros2] 话题来自 sensors[]: lidar_front -> /os1_cloud_node1/points
[2026-04-07 18:08:48.620] [info] [LiDAR-LiDAR] [:] [LiDAR-LiDAR][Ros2] 话题来自 sensors[]: lidar_rear -> /os1_cloud_node2/points
[2026-04-07 18:08:48.620] [info] [LiDAR-LiDAR] [:] [LiDAR-LiDAR][Ros2] ref 话题来自传感器 YAML: /os1_cloud_node1/points
[2026-04-07 18:08:48.620] [info] [LiDAR-LiDAR] [:] [LiDAR-LiDAR][Ros2] target 话题来自传感器 YAML: /os1_cloud_node2/points
[2026-04-07 18:08:48.620] [info] [LiDAR-LiDAR] [:] [LiDAR-LiDAR][Ros2] bag 帧数已由 ros2.max_frames=800 限制为 lidar_lidar.max_frames=100 -> 100
[2026-04-07 18:08:48.620] [info] [LiDAR-LiDAR] [:] [LiDAR-LiDAR][Ros2] 打开 bag: /root/calib_ws/data/nya_02_slam_imu_to_lidar/nya_02_ros2 (ref lidar_front->/os1_cloud_node1/points, target lidar_rear->/os1_cloud_node2/points)
[2026-04-07 18:08:48.620] [info] [LiDAR-LiDAR] [:] [Ros2BagDataSource] 打开 bag 文件: /root/calib_ws/data/nya_02_slam_imu_to_lidar/nya_02_ros2
[2026-04-07 18:08:48.620] [info] [LiDAR-LiDAR] [:] [Ros2BagDataSource] 正在读取 metadata.yaml: /root/calib_ws/data/nya_02_slam_imu_to_lidar/nya_02_ros2/metadata.yaml
[2026-04-07 18:08:48.622] [info] [LiDAR-LiDAR] [:] [Ros2BagDataSource] 使用配置的 LiDAR 话题 (来自 sensors): /os1_cloud_node1/points
[2026-04-07 18:08:48.622] [info] [LiDAR-LiDAR] [:] [Ros2BagDataSource] 自动检测相机话题: /left/image_raw
[2026-04-07 18:08:48.622] [info] [LiDAR-LiDAR] [:] [Ros2BagDataSource] 自动检测 IMU 话题: /dji_sdk/attitude
[INFO] [1775556528.628992922] [rosbag2_storage]: Opened database '/root/calib_ws/data/nya_02_slam_imu_to_lidar/nya_02_ros2/nya_02_ros2.db3' for READ_ONLY.
[2026-04-07 18:08:48.629] [info] [LiDAR-LiDAR] [:] [Ros2BagDataSource] Bag 已打开，开始读取消息...
[2026-04-07 18:08:48.629] [info] [LiDAR-LiDAR] [:] [Ros2BagDataSource] 找到 19 个话题
[2026-04-07 18:08:48.629] [info] [LiDAR-LiDAR] [:] [Ros2BagDataSource]  话题: /dji_sdk/imu  类型: sensor_msgs/msg/Imu  消息数: 171462
[2026-04-07 18:08:48.629] [info] [LiDAR-LiDAR] [:] [Ros2BagDataSource]  话题: /dji_sdk/attitude  类型: geometry_msgs/msg/QuaternionStamped  消息数: 42866
[2026-04-07 18:08:48.629] [info] [LiDAR-LiDAR] [:] [Ros2BagDataSource]  话题: /os1_cloud_node2/imu  类型: sensor_msgs/msg/Imu  消息数: 42862
[2026-04-07 18:08:48.629] [info] [LiDAR-LiDAR] [:] [Ros2BagDataSource]  话题: /os1_cloud_node1/imu  类型: sensor_msgs/msg/Imu  消息数: 42862
[2026-04-07 18:08:48.629] [info] [LiDAR-LiDAR] [:] [Ros2BagDataSource]  话题: /imu/imu  类型: sensor_msgs/msg/Imu  消息数: 166428
[2026-04-07 18:08:48.629] [info] [LiDAR-LiDAR] [:] [Ros2BagDataSource]  话题: /imu/magnetic_field  类型: sensor_msgs/msg/MagneticField  消息数: 166428
[2026-04-07 18:08:48.629] [info] [LiDAR-LiDAR] [:] [Ros2BagDataSource]  话题: /imu/temperature  类型: sensor_msgs/msg/Temperature  消息数: 166428
[2026-04-07 18:08:48.629] [info] [LiDAR-LiDAR] [:] [Ros2BagDataSource]  话题: /dji_sdk/gps_position  类型: sensor_msgs/msg/NavSatFix  消息数: 21433
[2026-04-07 18:08:48.629] [info] [LiDAR-LiDAR] [:] [Ros2BagDataSource]  话题: /dji_sdk/height_above_takeoff  类型: std_msgs/msg/Float32  消息数: 21433
[2026-04-07 18:08:48.629] [info] [LiDAR-LiDAR] [:] [Ros2BagDataSource]  话题: /dji_sdk/gps_health  类型: std_msgs/msg/UInt8  消息数: 21433
[2026-04-07 18:08:48.629] [info] [LiDAR-LiDAR] [:] [Ros2BagDataSource]  话题: /uwb_endorange_info  类型: uwb_driver/msg/UwbRange  消息数: 25172
[2026-04-07 18:08:48.629] [info] [LiDAR-LiDAR] [:] [Ros2BagDataSource]  话题: /left/image_raw  类型: sensor_msgs/msg/Image  消息数: 4285
[2026-04-07 18:08:48.629] [info] [LiDAR-LiDAR] [:] [Ros2BagDataSource]  话题: /right/image_raw  类型: sensor_msgs/msg/Image  消息数: 4285
[2026-04-07 18:08:48.629] [info] [LiDAR-LiDAR] [:] [Ros2BagDataSource]  话题: /os1_cloud_node1/points  类型: sensor_msgs/msg/PointCloud2  消息数: 4287
[2026-04-07 18:08:48.629] [info] [LiDAR-LiDAR] [:] [Ros2BagDataSource]  话题: /os1_cloud_node2/points  类型: sensor_msgs/msg/PointCloud2  消息数: 4286
[2026-04-07 18:08:48.629] [info] [LiDAR-LiDAR] [:] [Ros2BagDataSource]  话题: /uwb_exorange_info  类型: uwb_driver/msg/UwbEcho  消息数: 2437
[2026-04-07 18:08:48.629] [info] [LiDAR-LiDAR] [:] [Ros2BagDataSource]  话题: /node_pos_marker_sc  类型: visualization_msgs/msg/Marker  消息数: 2437
[2026-04-07 18:08:48.629] [info] [LiDAR-LiDAR] [:] [Ros2BagDataSource]  话题: /node_pos_sc  类型: nav_msgs/msg/Path  消息数: 2437
[2026-04-07 18:08:48.629] [info] [LiDAR-LiDAR] [:] [Ros2BagDataSource]  话题: /leica/pose/relative  类型: geometry_msgs/msg/PoseStamped  消息数: 7679
[2026-04-07 18:08:48.629] [info] [LiDAR-LiDAR] [:] [Ros2BagDataSource] 将加载 bag 内所有 IMU / LiDAR / 相机话题，加载后可通过 sensor_id 或话题名选择使用
[2026-04-07 18:09:07.173] [info] [LiDAR-LiDAR] [:] [Ros2BagDataSource] 加载完成 (所有话题按话题名存储，可通过 sensor_id 或话题名选择):
[2026-04-07 18:09:07.173] [info] [LiDAR-LiDAR] [:]   LiDAR [/os1_cloud_node1/points]: 4287 帧
[2026-04-07 18:09:07.173] [info] [LiDAR-LiDAR] [:]   LiDAR [/os1_cloud_node2/points]: 4286 帧
[2026-04-07 18:09:07.173] [info] [LiDAR-LiDAR] [:]   相机 [/left/image_raw]: 4285 帧
[2026-04-07 18:09:07.173] [info] [LiDAR-LiDAR] [:]   相机 [/right/image_raw]: 4285 帧
[2026-04-07 18:09:07.173] [info] [LiDAR-LiDAR] [:]   IMU [/dji_sdk/imu]: 171462 帧
[2026-04-07 18:09:07.173] [info] [LiDAR-LiDAR] [:]   IMU [/imu/imu]: 166428 帧
[2026-04-07 18:09:07.173] [info] [LiDAR-LiDAR] [:]   IMU [/os1_cloud_node1/imu]: 42862 帧
[2026-04-07 18:09:07.173] [info] [LiDAR-LiDAR] [:]   IMU [/os1_cloud_node2/imu]: 42862 帧
[2026-04-07 18:09:07.173] [info] [LiDAR-LiDAR] [:]   选用 LiDAR  lidar_front -> /os1_cloud_node1/points
[2026-04-07 18:09:07.173] [info] [LiDAR-LiDAR] [:]   选用 LiDAR  lidar_rear -> /os1_cloud_node2/points
[2026-04-07 18:09:07.173] [info] [LiDAR-LiDAR] [:]   选用 相机  camera_0 -> /left/image_raw
[2026-04-07 18:09:07.173] [info] [LiDAR-LiDAR] [:]   选用 IMU    imu_0 -> /dji_sdk/imu
[2026-04-07 18:09:07.173] [info] [LiDAR-LiDAR] [:]   时间范围: 1609045331.127 - 1609045759.771 秒
[2026-04-07 18:09:07.173] [info] [LiDAR-LiDAR] [:] [Ros2BagDataSource] 应用采样/帧数限制...
[2026-04-07 18:09:07.255] [info] [LiDAR-LiDAR] [:]   LiDAR /os1_cloud_node1/points 采样后: 100 帧
[2026-04-07 18:09:07.275] [info] [LiDAR-LiDAR] [:]   LiDAR /os1_cloud_node2/points 采样后: 100 帧
[2026-04-07 18:09:07.285] [info] [LiDAR-LiDAR] [:]   相机 /left/image_raw 采样后: 100 帧
[2026-04-07 18:09:07.305] [info] [LiDAR-LiDAR] [:]   相机 /right/image_raw 采样后: 100 帧
[2026-04-07 18:09:07.306] [info] [LiDAR-LiDAR] [:] [LiDAR-LiDAR][Ros2] 已从 bag 加载: ref 100 帧, target 100 帧
[2026-04-07 18:09:07.306] [info] [LiDAR-LiDAR] [:]   加载点云: ref 100 帧, target 100 帧
[2026-04-07 18:09:07.306] [info] [LiDAR-LiDAR] [:] [main.cpp:596] [LiDAR-LiDAR][Fine] main: calling calibrate_two_stage pair lidar_front -> lidar_rear
[2026-04-07 18:09:07.306] [info] [LiDAR-LiDAR] [:] [lidar_lidar_calib.cpp:892] [LiDAR-LiDAR][Fine] calibrate_two_stage: about to calibrate_fine ref=lidar_front tgt=lidar_rear n_ref=100 n_tgt=100 init_se3_ok=yes
[2026-04-07 18:09:07.306] [info] [LiDAR-LiDAR] [:]   [fine] 0%
[2026-04-07 18:09:07.306] [info] [LiDAR-LiDAR] [:] [lidar_lidar_calib.cpp:679] [LiDAR-LiDAR][Fine] calibrate_fine: post progress_cb ref=lidar_front tgt=lidar_rear multi=true fusion=median use_ndt=false n_ref=100 n_tgt=100 max_frames=100
[2026-04-07 18:09:07.306] [info] [LiDAR-LiDAR] [:] [lidar_lidar_calib.cpp:690] [LiDAR-LiDAR][Fine] calibrate_fine: before init_extrinsic check
[2026-04-07 18:09:07.306] [info] [LiDAR-LiDAR] [:] [lidar_lidar_calib.cpp:699] [LiDAR-LiDAR][Fine] calibrate_fine: multi-frame branch K=20 method=median
[2026-04-07 18:09:07.306] [info] [LiDAR-LiDAR] [:] [lidar_lidar_calib.cpp:712] [LiDAR-LiDAR][Fine] multi: iter i=0 ir=0 it=0 pts_ref=12609 pts_tgt=6004 -> run_one
[2026-04-07 18:09:07.306] [info] [LiDAR-LiDAR] [:] [lidar_lidar_calib.cpp:257] [LiDAR-LiDAR][Fine] GICP: enter raw_pts ref=12609 tgt=6004
[2026-04-07 18:09:07.310] [info] [LiDAR-LiDAR] [:] [lidar_lidar_calib.cpp:268] [LiDAR-LiDAR][Fine] GICP: after preprocess src=5053 tgt=7546
[2026-04-07 18:09:07.310] [info] [LiDAR-LiDAR] [:] [lidar_lidar_calib.cpp:277] [LiDAR-LiDAR][Fine] GICP: after uniform cap (max=35000) src=5053 tgt=7546
[2026-04-07 18:09:07.311] [info] [LiDAR-LiDAR] [:] [lidar_lidar_calib.cpp:294] [LiDAR-LiDAR][Fine] GICP: object constructed
[2026-04-07 18:09:07.311] [info] [LiDAR-LiDAR] [:] [lidar_lidar_calib.cpp:301] [LiDAR-LiDAR][Fine] GICP: before setInputSource/setInputTarget
[2026-04-07 18:09:07.311] [info] [LiDAR-LiDAR] [:] [lidar_lidar_calib.cpp:305] [LiDAR-LiDAR][Fine] GICP: after setInput* max_corr=1.0000 max_iter=30
[2026-04-07 18:09:07.311] [info] [LiDAR-LiDAR] [:] [lidar_lidar_calib.cpp:314] [LiDAR-LiDAR][Fine] GICP: before align
[2026-04-07 18:09:07.475] [info] [LiDAR-LiDAR] [:] [lidar_lidar_calib.cpp:317] [LiDAR-LiDAR][Fine] GICP: after align converged=yes
[2026-04-07 18:09:07.475] [info] [LiDAR-LiDAR] [:] [lidar_lidar_calib.cpp:324] [LiDAR-LiDAR][Fine] GICP: after getFinalTransformation 4x4 finite=yes
[2026-04-07 18:09:07.475] [info] [LiDAR-LiDAR] [:] [lidar_lidar_calib.cpp:79] [LiDAR-LiDAR][Fine] GICP R_stats det=1.00000004 ||R*R^T-I||_F=6.194753e-08
[2026-04-07 18:09:07.496] [info] [LiDAR-LiDAR] [:] [CALC] LiDAR-LiDAR GICP 完成 fitness_score=203.322673 converged=yes
[2026-04-07 18:09:07.496] [info] [LiDAR-LiDAR] [:] [lidar_lidar_calib.cpp:717] [LiDAR-LiDAR][Fine] multi: iter i=0 run_one ok
[2026-04-07 18:09:07.496] [info] [LiDAR-LiDAR] [:] [lidar_lidar_calib.cpp:712] [LiDAR-LiDAR][Fine] multi: iter i=1 ir=4 it=4 pts_ref=12605 pts_tgt=6011 -> run_one
[2026-04-07 18:09:07.496] [info] [LiDAR-LiDAR] [:] [lidar_lidar_calib.cpp:257] [LiDAR-LiDAR][Fine] GICP: enter raw_pts ref=12605 tgt=6011
[2026-04-07 18:09:07.498] [info] [LiDAR-LiDAR] [:] [lidar_lidar_calib.cpp:268] [LiDAR-LiDAR][Fine] GICP: after preprocess src=5064 tgt=7524
[2026-04-07 18:09:07.498] [info] [LiDAR-LiDAR] [:] [lidar_lidar_calib.cpp:277] [LiDAR-LiDAR][Fine] GICP: after uniform cap (max=35000) src=5064 tgt=7524
[2026-04-07 18:09:07.498] [info] [LiDAR-LiDAR] [:] [lidar_lidar_calib.cpp:294] [LiDAR-LiDAR][Fine] GICP: object constructed
[2026-04-07 18:09:07.498] [info] [LiDAR-LiDAR] [:] [lidar_lidar_calib.cpp:301] [LiDAR-LiDAR][Fine] GICP: before setInputSource/setInputTarget
[2026-04-07 18:09:07.498] [info] [LiDAR-LiDAR] [:] [lidar_lidar_calib.cpp:305] [LiDAR-LiDAR][Fine] GICP: after setInput* max_corr=1.0000 max_iter=30
[2026-04-07 18:09:07.498] [info] [LiDAR-LiDAR] [:] [lidar_lidar_calib.cpp:314] [LiDAR-LiDAR][Fine] GICP: before align
[2026-04-07 18:09:07.595] [info] [LiDAR-LiDAR] [:] [lidar_lidar_calib.cpp:317] [LiDAR-LiDAR][Fine] GICP: after align converged=yes
[2026-04-07 18:09:07.595] [info] [LiDAR-LiDAR] [:] [lidar_lidar_calib.cpp:324] [LiDAR-LiDAR][Fine] GICP: after getFinalTransformation 4x4 finite=yes
[2026-04-07 18:09:07.595] [info] [LiDAR-LiDAR] [:] [lidar_lidar_calib.cpp:79] [LiDAR-LiDAR][Fine] GICP R_stats det=1.00000003 ||R*R^T-I||_F=6.245470e-08
[2026-04-07 18:09:07.609] [info] [LiDAR-LiDAR] [:] [CALC] LiDAR-LiDAR GICP 完成 fitness_score=203.402291 converged=yes
[2026-04-07 18:09:07.609] [info] [LiDAR-LiDAR] [:] [lidar_lidar_calib.cpp:717] [LiDAR-LiDAR][Fine] multi: iter i=1 run_one ok
[2026-04-07 18:09:07.609] [info] [LiDAR-LiDAR] [:] [lidar_lidar_calib.cpp:712] [LiDAR-LiDAR][Fine] multi: iter i=2 ir=8 it=8 pts_ref=12602 pts_tgt=5995 -> run_one
[2026-04-07 18:09:07.609] [info] [LiDAR-LiDAR] [:] [lidar_lidar_calib.cpp:257] [LiDAR-LiDAR][Fine] GICP: enter raw_pts ref=12602 tgt=5995
[2026-04-07 18:09:07.610] [info] [LiDAR-LiDAR] [:] [lidar_lidar_calib.cpp:268] [LiDAR-LiDAR][Fine] GICP: after preprocess src=5072 tgt=7524
[2026-04-07 18:09:07.610] [info] [LiDAR-LiDAR] [:] [lidar_lidar_calib.cpp:277] [LiDAR-LiDAR][Fine] GICP: after uniform cap (max=35000) src=5072 tgt=7524
[2026-04-07 18:09:07.610] [info] [LiDAR-LiDAR] [:] [lidar_lidar_calib.cpp:294] [LiDAR-LiDAR][Fine] GICP: object constructed
[2026-04-07 18:09:07.610] [info] [LiDAR-LiDAR] [:] [lidar_lidar_calib.cpp:301] [LiDAR-LiDAR][Fine] GICP: before setInputSource/setInputTarget
[2026-04-07 18:09:07.610] [info] [LiDAR-LiDAR] [:] [lidar_lidar_calib.cpp:305] [LiDAR-LiDAR][Fine] GICP: after setInput* max_corr=1.0000 max_iter=30
[2026-04-07 18:09:07.610] [info] [LiDAR-LiDAR] [:] [lidar_lidar_calib.cpp:314] [LiDAR-LiDAR][Fine] GICP: before align
[2026-04-07 18:09:07.859] [info] [LiDAR-LiDAR] [:] [lidar_lidar_calib.cpp:317] [LiDAR-LiDAR][Fine] GICP: after align converged=yes
[2026-04-07 18:09:07.859] [info] [LiDAR-LiDAR] [:] [lidar_lidar_calib.cpp:324] [LiDAR-LiDAR][Fine] GICP: after getFinalTransformation 4x4 finite=yes
[2026-04-07 18:09:07.859] [info] [LiDAR-LiDAR] [:] [lidar_lidar_calib.cpp:79] [LiDAR-LiDAR][Fine] GICP R_stats det=1.00000000 ||R*R^T-I||_F=6.110141e-08
[2026-04-07 18:09:07.873] [info] [LiDAR-LiDAR] [:] [CALC] LiDAR-LiDAR GICP 完成 fitness_score=205.000069 converged=yes
[2026-04-07 18:09:07.874] [info] [LiDAR-LiDAR] [:] [lidar_lidar_calib.cpp:717] [LiDAR-LiDAR][Fine] multi: iter i=2 run_one ok
[2026-04-07 18:09:07.874] [info] [LiDAR-LiDAR] [:] [lidar_lidar_calib.cpp:712] [LiDAR-LiDAR][Fine] multi: iter i=3 ir=12 it=12 pts_ref=12584 pts_tgt=5998 -> run_one
[2026-04-07 18:09:07.874] [info] [LiDAR-LiDAR] [:] [lidar_lidar_calib.cpp:257] [LiDAR-LiDAR][Fine] GICP: enter raw_pts ref=12584 tgt=5998
[2026-04-07 18:09:07.874] [info] [LiDAR-LiDAR] [:] [lidar_lidar_calib.cpp:268] [LiDAR-LiDAR][Fine] GICP: after preprocess src=5033 tgt=7560
[2026-04-07 18:09:07.874] [info] [LiDAR-LiDAR] [:] [lidar_lidar_calib.cpp:277] [LiDAR-LiDAR][Fine] GICP: after uniform cap (max=35000) src=5033 tgt=7560
[2026-04-07 18:09:07.874] [info] [LiDAR-LiDAR] [:] [lidar_lidar_calib.cpp:294] [LiDAR-LiDAR][Fine] GICP: object constructed
[2026-04-07 18:09:07.874] [info] [LiDAR-LiDAR] [:] [lidar_lidar_calib.cpp:301] [LiDAR-LiDAR][Fine] GICP: before setInputSource/setInputTarget
[2026-04-07 18:09:07.874] [info] [LiDAR-LiDAR] [:] [lidar_lidar_calib.cpp:305] [LiDAR-LiDAR][Fine] GICP: after setInput* max_corr=1.0000 max_iter=30
[2026-04-07 18:09:07.874] [info] [LiDAR-LiDAR] [:] [lidar_lidar_calib.cpp:314] [LiDAR-LiDAR][Fine] GICP: before align
[2026-04-07 18:09:08.010] [info] [LiDAR-LiDAR] [:] [lidar_lidar_calib.cpp:317] [LiDAR-LiDAR][Fine] GICP: after align converged=yes
[2026-04-07 18:09:08.010] [info] [LiDAR-LiDAR] [:] [lidar_lidar_calib.cpp:324] [LiDAR-LiDAR][Fine] GICP: after getFinalTransformation 4x4 finite=yes
[2026-04-07 18:09:08.010] [info] [LiDAR-LiDAR] [:] [lidar_lidar_calib.cpp:79] [LiDAR-LiDAR][Fine] GICP R_stats det=1.00000001 ||R*R^T-I||_F=7.345408e-08
[2026-04-07 18:09:08.024] [info] [LiDAR-LiDAR] [:] [CALC] LiDAR-LiDAR GICP 完成 fitness_score=203.808161 converged=yes
[2026-04-07 18:09:08.024] [info] [LiDAR-LiDAR] [:] [lidar_lidar_calib.cpp:717] [LiDAR-LiDAR][Fine] multi: iter i=3 run_one ok
[2026-04-07 18:09:08.024] [info] [LiDAR-LiDAR] [:] [lidar_lidar_calib.cpp:712] [LiDAR-LiDAR][Fine] multi: iter i=4 ir=16 it=16 pts_ref=12991 pts_tgt=12179 -> run_one
[2026-04-07 18:09:08.024] [info] [LiDAR-LiDAR] [:] [lidar_lidar_calib.cpp:257] [LiDAR-LiDAR][Fine] GICP: enter raw_pts ref=12991 tgt=12179
[2026-04-07 18:09:08.025] [info] [LiDAR-LiDAR] [:] [lidar_lidar_calib.cpp:268] [LiDAR-LiDAR][Fine] GICP: after preprocess src=7738 tgt=11272
[2026-04-07 18:09:08.025] [info] [LiDAR-LiDAR] [:] [lidar_lidar_calib.cpp:277] [LiDAR-LiDAR][Fine] GICP: after uniform cap (max=35000) src=7738 tgt=11272
[2026-04-07 18:09:08.025] [info] [LiDAR-LiDAR] [:] [lidar_lidar_calib.cpp:294] [LiDAR-LiDAR][Fine] GICP: object constructed
[2026-04-07 18:09:08.025] [info] [LiDAR-LiDAR] [:] [lidar_lidar_calib.cpp:301] [LiDAR-LiDAR][Fine] GICP: before setInputSource/setInputTarget
[2026-04-07 18:09:08.025] [info] [LiDAR-LiDAR] [:] [lidar_lidar_calib.cpp:305] [LiDAR-LiDAR][Fine] GICP: after setInput* max_corr=1.0000 max_iter=30
[2026-04-07 18:09:08.025] [info] [LiDAR-LiDAR] [:] [lidar_lidar_calib.cpp:314] [LiDAR-LiDAR][Fine] GICP: before align
[2026-04-07 18:09:08.208] [info] [LiDAR-LiDAR] [:] [lidar_lidar_calib.cpp:317] [LiDAR-LiDAR][Fine] GICP: after align converged=yes
[2026-04-07 18:09:08.208] [info] [LiDAR-LiDAR] [:] [lidar_lidar_calib.cpp:324] [LiDAR-LiDAR][Fine] GICP: after getFinalTransformation 4x4 finite=yes
[2026-04-07 18:09:08.208] [info] [LiDAR-LiDAR] [:] [lidar_lidar_calib.cpp:79] [LiDAR-LiDAR][Fine] GICP R_stats det=1.00000001 ||R*R^T-I||_F=1.771128e-08
[2026-04-07 18:09:08.221] [info] [LiDAR-LiDAR] [:] [CALC] LiDAR-LiDAR GICP 完成 fitness_score=108.414055 converged=yes
[2026-04-07 18:09:08.221] [info] [LiDAR-LiDAR] [:] [lidar_lidar_calib.cpp:717] [LiDAR-LiDAR][Fine] multi: iter i=4 run_one ok
[2026-04-07 18:09:08.221] [info] [LiDAR-LiDAR] [:] [lidar_lidar_calib.cpp:712] [LiDAR-LiDAR][Fine] multi: iter i=5 ir=20 it=20 pts_ref=12953 pts_tgt=12238 -> run_one
[2026-04-07 18:09:08.221] [info] [LiDAR-LiDAR] [:] [lidar_lidar_calib.cpp:257] [LiDAR-LiDAR][Fine] GICP: enter raw_pts ref=12953 tgt=12238
[2026-04-07 18:09:08.221] [info] [LiDAR-LiDAR] [:] [lidar_lidar_calib.cpp:268] [LiDAR-LiDAR][Fine] GICP: after preprocess src=7606 tgt=10931
[2026-04-07 18:09:08.221] [info] [LiDAR-LiDAR] [:] [lidar_lidar_calib.cpp:277] [LiDAR-LiDAR][Fine] GICP: after uniform cap (max=35000) src=7606 tgt=10931
[2026-04-07 18:09:08.221] [info] [LiDAR-LiDAR] [:] [lidar_lidar_calib.cpp:294] [LiDAR-LiDAR][Fine] GICP: object constructed
[2026-04-07 18:09:08.221] [info] [LiDAR-LiDAR] [:] [lidar_lidar_calib.cpp:301] [LiDAR-LiDAR][Fine] GICP: before setInputSource/setInputTarget
[2026-04-07 18:09:08.221] [info] [LiDAR-LiDAR] [:] [lidar_lidar_calib.cpp:305] [LiDAR-LiDAR][Fine] GICP: after setInput* max_corr=1.0000 max_iter=30
[2026-04-07 18:09:08.221] [info] [LiDAR-LiDAR] [:] [lidar_lidar_calib.cpp:314] [LiDAR-LiDAR][Fine] GICP: before align
[2026-04-07 18:09:08.343] [info] [LiDAR-LiDAR] [:] [lidar_lidar_calib.cpp:317] [LiDAR-LiDAR][Fine] GICP: after align converged=yes
[2026-04-07 18:09:08.343] [info] [LiDAR-LiDAR] [:] [lidar_lidar_calib.cpp:324] [LiDAR-LiDAR][Fine] GICP: after getFinalTransformation 4x4 finite=yes
[2026-04-07 18:09:08.343] [info] [LiDAR-LiDAR] [:] [lidar_lidar_calib.cpp:79] [LiDAR-LiDAR][Fine] GICP R_stats det=1.00000001 ||R*R^T-I||_F=4.145006e-08
[2026-04-07 18:09:08.361] [info] [LiDAR-LiDAR] [:] [CALC] LiDAR-LiDAR GICP 完成 fitness_score=115.992458 converged=yes
[2026-04-07 18:09:08.361] [info] [LiDAR-LiDAR] [:] [lidar_lidar_calib.cpp:717] [LiDAR-LiDAR][Fine] multi: iter i=5 run_one ok
[2026-04-07 18:09:08.361] [info] [LiDAR-LiDAR] [:] [lidar_lidar_calib.cpp:712] [LiDAR-LiDAR][Fine] multi: iter i=6 ir=24 it=24 pts_ref=12958 pts_tgt=12246 -> run_one
[2026-04-07 18:09:08.361] [info] [LiDAR-LiDAR] [:] [lidar_lidar_calib.cpp:257] [LiDAR-LiDAR][Fine] GICP: enter raw_pts ref=12958 tgt=12246
[2026-04-07 18:09:08.361] [info] [LiDAR-LiDAR] [:] [lidar_lidar_calib.cpp:268] [LiDAR-LiDAR][Fine] GICP: after preprocess src=7464 tgt=10751
[2026-04-07 18:09:08.361] [info] [LiDAR-LiDAR] [:] [lidar_lidar_calib.cpp:277] [LiDAR-LiDAR][Fine] GICP: after uniform cap (max=35000) src=7464 tgt=10751
[2026-04-07 18:09:08.361] [info] [LiDAR-LiDAR] [:] [lidar_lidar_calib.cpp:294] [LiDAR-LiDAR][Fine] GICP: object constructed
[2026-04-07 18:09:08.361] [info] [LiDAR-LiDAR] [:] [lidar_lidar_calib.cpp:301] [LiDAR-LiDAR][Fine] GICP: before setInputSource/setInputTarget
[2026-04-07 18:09:08.361] [info] [LiDAR-LiDAR] [:] [lidar_lidar_calib.cpp:305] [LiDAR-LiDAR][Fine] GICP: after setInput* max_corr=1.0000 max_iter=30
[2026-04-07 18:09:08.361] [info] [LiDAR-LiDAR] [:] [lidar_lidar_calib.cpp:314] [LiDAR-LiDAR][Fine] GICP: before align
[2026-04-07 18:09:08.465] [info] [LiDAR-LiDAR] [:] [lidar_lidar_calib.cpp:317] [LiDAR-LiDAR][Fine] GICP: after align converged=yes
[2026-04-07 18:09:08.465] [info] [LiDAR-LiDAR] [:] [lidar_lidar_calib.cpp:324] [LiDAR-LiDAR][Fine] GICP: after getFinalTransformation 4x4 finite=yes
[2026-04-07 18:09:08.465] [info] [LiDAR-LiDAR] [:] [lidar_lidar_calib.cpp:79] [LiDAR-LiDAR][Fine] GICP R_stats det=0.99999999 ||R*R^T-I||_F=4.324266e-08
[2026-04-07 18:09:08.480] [info] [LiDAR-LiDAR] [:] [CALC] LiDAR-LiDAR GICP 完成 fitness_score=111.676459 converged=yes
[2026-04-07 18:09:08.480] [info] [LiDAR-LiDAR] [:] [lidar_lidar_calib.cpp:717] [LiDAR-LiDAR][Fine] multi: iter i=6 run_one ok
[2026-04-07 18:09:08.480] [info] [LiDAR-LiDAR] [:] [lidar_lidar_calib.cpp:712] [LiDAR-LiDAR][Fine] multi: iter i=7 ir=28 it=28 pts_ref=13018 pts_tgt=12229 -> run_one
[2026-04-07 18:09:08.480] [info] [LiDAR-LiDAR] [:] [lidar_lidar_calib.cpp:257] [LiDAR-LiDAR][Fine] GICP: enter raw_pts ref=13018 tgt=12229
[2026-04-07 18:09:08.481] [info] [LiDAR-LiDAR] [:] [lidar_lidar_calib.cpp:268] [LiDAR-LiDAR][Fine] GICP: after preprocess src=7696 tgt=10489
[2026-04-07 18:09:08.481] [info] [LiDAR-LiDAR] [:] [lidar_lidar_calib.cpp:277] [LiDAR-LiDAR][Fine] GICP: after uniform cap (max=35000) src=7696 tgt=10489
[2026-04-07 18:09:08.481] [info] [LiDAR-LiDAR] [:] [lidar_lidar_calib.cpp:294] [LiDAR-LiDAR][Fine] GICP: object constructed
[2026-04-07 18:09:08.481] [info] [LiDAR-LiDAR] [:] [lidar_lidar_calib.cpp:301] [LiDAR-LiDAR][Fine] GICP: before setInputSource/setInputTarget
[2026-04-07 18:09:08.481] [info] [LiDAR-LiDAR] [:] [lidar_lidar_calib.cpp:305] [LiDAR-LiDAR][Fine] GICP: after setInput* max_corr=1.0000 max_iter=30
[2026-04-07 18:09:08.481] [info] [LiDAR-LiDAR] [:] [lidar_lidar_calib.cpp:314] [LiDAR-LiDAR][Fine] GICP: before align
[2026-04-07 18:09:08.624] [info] [LiDAR-LiDAR] [:] [lidar_lidar_calib.cpp:317] [LiDAR-LiDAR][Fine] GICP: after align converged=yes
[2026-04-07 18:09:08.624] [info] [LiDAR-LiDAR] [:] [lidar_lidar_calib.cpp:324] [LiDAR-LiDAR][Fine] GICP: after getFinalTransformation 4x4 finite=yes
[2026-04-07 18:09:08.624] [info] [LiDAR-LiDAR] [:] [lidar_lidar_calib.cpp:79] [LiDAR-LiDAR][Fine] GICP R_stats det=0.99999993 ||R*R^T-I||_F=7.655704e-08
[2026-04-07 18:09:08.636] [info] [LiDAR-LiDAR] [:] [CALC] LiDAR-LiDAR GICP 完成 fitness_score=99.750526 converged=yes
[2026-04-07 18:09:08.636] [info] [LiDAR-LiDAR] [:] [lidar_lidar_calib.cpp:717] [LiDAR-LiDAR][Fine] multi: iter i=7 run_one ok
[2026-04-07 18:09:08.636] [info] [LiDAR-LiDAR] [:] [lidar_lidar_calib.cpp:712] [LiDAR-LiDAR][Fine] multi: iter i=8 ir=32 it=32 pts_ref=12732 pts_tgt=12252 -> run_one
[2026-04-07 18:09:08.636] [info] [LiDAR-LiDAR] [:] [lidar_lidar_calib.cpp:257] [LiDAR-LiDAR][Fine] GICP: enter raw_pts ref=12732 tgt=12252
[2026-04-07 18:09:08.637] [info] [LiDAR-LiDAR] [:] [lidar_lidar_calib.cpp:268] [LiDAR-LiDAR][Fine] GICP: after preprocess src=8612 tgt=11529
[2026-04-07 18:09:08.637] [info] [LiDAR-LiDAR] [:] [lidar_lidar_calib.cpp:277] [LiDAR-LiDAR][Fine] GICP: after uniform cap (max=35000) src=8612 tgt=11529
[2026-04-07 18:09:08.637] [info] [LiDAR-LiDAR] [:] [lidar_lidar_calib.cpp:294] [LiDAR-LiDAR][Fine] GICP: object constructed
[2026-04-07 18:09:08.637] [info] [LiDAR-LiDAR] [:] [lidar_lidar_calib.cpp:301] [LiDAR-LiDAR][Fine] GICP: before setInputSource/setInputTarget
[2026-04-07 18:09:08.637] [info] [LiDAR-LiDAR] [:] [lidar_lidar_calib.cpp:305] [LiDAR-LiDAR][Fine] GICP: after setInput* max_corr=1.0000 max_iter=30
[2026-04-07 18:09:08.637] [info] [LiDAR-LiDAR] [:] [lidar_lidar_calib.cpp:314] [LiDAR-LiDAR][Fine] GICP: before align
[2026-04-07 18:09:08.732] [info] [LiDAR-LiDAR] [:] [lidar_lidar_calib.cpp:317] [LiDAR-LiDAR][Fine] GICP: after align converged=yes
[2026-04-07 18:09:08.732] [info] [LiDAR-LiDAR] [:] [lidar_lidar_calib.cpp:324] [LiDAR-LiDAR][Fine] GICP: after getFinalTransformation 4x4 finite=yes
[2026-04-07 18:09:08.732] [info] [LiDAR-LiDAR] [:] [lidar_lidar_calib.cpp:79] [LiDAR-LiDAR][Fine] GICP R_stats det=1.00000004 ||R*R^T-I||_F=5.411451e-08
[2026-04-07 18:09:08.746] [info] [LiDAR-LiDAR] [:] [CALC] LiDAR-LiDAR GICP 完成 fitness_score=86.692800 converged=yes
[2026-04-07 18:09:08.746] [info] [LiDAR-LiDAR] [:] [lidar_lidar_calib.cpp:717] [LiDAR-LiDAR][Fine] multi: iter i=8 run_one ok
[2026-04-07 18:09:08.746] [info] [LiDAR-LiDAR] [:] [lidar_lidar_calib.cpp:712] [LiDAR-LiDAR][Fine] multi: iter i=9 ir=36 it=36 pts_ref=12743 pts_tgt=12282 -> run_one
[2026-04-07 18:09:08.746] [info] [LiDAR-LiDAR] [:] [lidar_lidar_calib.cpp:257] [LiDAR-LiDAR][Fine] GICP: enter raw_pts ref=12743 tgt=12282
[2026-04-07 18:09:08.746] [info] [LiDAR-LiDAR] [:] [lidar_lidar_calib.cpp:268] [LiDAR-LiDAR][Fine] GICP: after preprocess src=8728 tgt=11504
[2026-04-07 18:09:08.746] [info] [LiDAR-LiDAR] [:] [lidar_lidar_calib.cpp:277] [LiDAR-LiDAR][Fine] GICP: after uniform cap (max=35000) src=8728 tgt=11504
[2026-04-07 18:09:08.746] [info] [LiDAR-LiDAR] [:] [lidar_lidar_calib.cpp:294] [LiDAR-LiDAR][Fine] GICP: object constructed
[2026-04-07 18:09:08.746] [info] [LiDAR-LiDAR] [:] [lidar_lidar_calib.cpp:301] [LiDAR-LiDAR][Fine] GICP: before setInputSource/setInputTarget
[2026-04-07 18:09:08.746] [info] [LiDAR-LiDAR] [:] [lidar_lidar_calib.cpp:305] [LiDAR-LiDAR][Fine] GICP: after setInput* max_corr=1.0000 max_iter=30
[2026-04-07 18:09:08.746] [info] [LiDAR-LiDAR] [:] [lidar_lidar_calib.cpp:314] [LiDAR-LiDAR][Fine] GICP: before align
[2026-04-07 18:09:08.898] [info] [LiDAR-LiDAR] [:] [lidar_lidar_calib.cpp:317] [LiDAR-LiDAR][Fine] GICP: after align converged=yes
[2026-04-07 18:09:08.898] [info] [LiDAR-LiDAR] [:] [lidar_lidar_calib.cpp:324] [LiDAR-LiDAR][Fine] GICP: after getFinalTransformation 4x4 finite=yes
[2026-04-07 18:09:08.898] [info] [LiDAR-LiDAR] [:] [lidar_lidar_calib.cpp:79] [LiDAR-LiDAR][Fine] GICP R_stats det=1.00000002 ||R*R^T-I||_F=4.530767e-08
[2026-04-07 18:09:08.912] [info] [LiDAR-LiDAR] [:] [CALC] LiDAR-LiDAR GICP 完成 fitness_score=92.572170 converged=yes
[2026-04-07 18:09:08.912] [info] [LiDAR-LiDAR] [:] [lidar_lidar_calib.cpp:717] [LiDAR-LiDAR][Fine] multi: iter i=9 run_one ok
[2026-04-07 18:09:08.912] [info] [LiDAR-LiDAR] [:] [lidar_lidar_calib.cpp:712] [LiDAR-LiDAR][Fine] multi: iter i=10 ir=40 it=40 pts_ref=12873 pts_tgt=12241 -> run_one
[2026-04-07 18:09:08.912] [info] [LiDAR-LiDAR] [:] [lidar_lidar_calib.cpp:257] [LiDAR-LiDAR][Fine] GICP: enter raw_pts ref=12873 tgt=12241
[2026-04-07 18:09:08.912] [info] [LiDAR-LiDAR] [:] [lidar_lidar_calib.cpp:268] [LiDAR-LiDAR][Fine] GICP: after preprocess src=9429 tgt=11878
[2026-04-07 18:09:08.913] [info] [LiDAR-LiDAR] [:] [lidar_lidar_calib.cpp:277] [LiDAR-LiDAR][Fine] GICP: after uniform cap (max=35000) src=9429 tgt=11878
[2026-04-07 18:09:08.913] [info] [LiDAR-LiDAR] [:] [lidar_lidar_calib.cpp:294] [LiDAR-LiDAR][Fine] GICP: object constructed
[2026-04-07 18:09:08.913] [info] [LiDAR-LiDAR] [:] [lidar_lidar_calib.cpp:301] [LiDAR-LiDAR][Fine] GICP: before setInputSource/setInputTarget
[2026-04-07 18:09:08.913] [info] [LiDAR-LiDAR] [:] [lidar_lidar_calib.cpp:305] [LiDAR-LiDAR][Fine] GICP: after setInput* max_corr=1.0000 max_iter=30
[2026-04-07 18:09:08.913] [info] [LiDAR-LiDAR] [:] [lidar_lidar_calib.cpp:314] [LiDAR-LiDAR][Fine] GICP: before align
[2026-04-07 18:09:09.059] [info] [LiDAR-LiDAR] [:] [lidar_lidar_calib.cpp:317] [LiDAR-LiDAR][Fine] GICP: after align converged=yes
[2026-04-07 18:09:09.059] [info] [LiDAR-LiDAR] [:] [lidar_lidar_calib.cpp:324] [LiDAR-LiDAR][Fine] GICP: after getFinalTransformation 4x4 finite=yes
[2026-04-07 18:09:09.059] [info] [LiDAR-LiDAR] [:] [lidar_lidar_calib.cpp:79] [LiDAR-LiDAR][Fine] GICP R_stats det=0.99999999 ||R*R^T-I||_F=6.160371e-08
[2026-04-07 18:09:09.073] [info] [LiDAR-LiDAR] [:] [CALC] LiDAR-LiDAR GICP 完成 fitness_score=75.714769 converged=yes
[2026-04-07 18:09:09.073] [info] [LiDAR-LiDAR] [:] [lidar_lidar_calib.cpp:717] [LiDAR-LiDAR][Fine] multi: iter i=10 run_one ok
[2026-04-07 18:09:09.073] [info] [LiDAR-LiDAR] [:] [lidar_lidar_calib.cpp:712] [LiDAR-LiDAR][Fine] multi: iter i=11 ir=44 it=44 pts_ref=12626 pts_tgt=12394 -> run_one
[2026-04-07 18:09:09.073] [info] [LiDAR-LiDAR] [:] [lidar_lidar_calib.cpp:257] [LiDAR-LiDAR][Fine] GICP: enter raw_pts ref=12626 tgt=12394
[2026-04-07 18:09:09.073] [info] [LiDAR-LiDAR] [:] [lidar_lidar_calib.cpp:268] [LiDAR-LiDAR][Fine] GICP: after preprocess src=8769 tgt=11857
[2026-04-07 18:09:09.073] [info] [LiDAR-LiDAR] [:] [lidar_lidar_calib.cpp:277] [LiDAR-LiDAR][Fine] GICP: after uniform cap (max=35000) src=8769 tgt=11857
[2026-04-07 18:09:09.073] [info] [LiDAR-LiDAR] [:] [lidar_lidar_calib.cpp:294] [LiDAR-LiDAR][Fine] GICP: object constructed
[2026-04-07 18:09:09.073] [info] [LiDAR-LiDAR] [:] [lidar_lidar_calib.cpp:301] [LiDAR-LiDAR][Fine] GICP: before setInputSource/setInputTarget
[2026-04-07 18:09:09.073] [info] [LiDAR-LiDAR] [:] [lidar_lidar_calib.cpp:305] [LiDAR-LiDAR][Fine] GICP: after setInput* max_corr=1.0000 max_iter=30
[2026-04-07 18:09:09.073] [info] [LiDAR-LiDAR] [:] [lidar_lidar_calib.cpp:314] [LiDAR-LiDAR][Fine] GICP: before align
[2026-04-07 18:09:09.139] [info] [LiDAR-LiDAR] [:] [lidar_lidar_calib.cpp:317] [LiDAR-LiDAR][Fine] GICP: after align converged=yes
[2026-04-07 18:09:09.139] [info] [LiDAR-LiDAR] [:] [lidar_lidar_calib.cpp:324] [LiDAR-LiDAR][Fine] GICP: after getFinalTransformation 4x4 finite=yes
[2026-04-07 18:09:09.139] [info] [LiDAR-LiDAR] [:] [lidar_lidar_calib.cpp:79] [LiDAR-LiDAR][Fine] GICP R_stats det=0.99999999 ||R*R^T-I||_F=7.364346e-08
[2026-04-07 18:09:09.149] [info] [LiDAR-LiDAR] [:] [CALC] LiDAR-LiDAR GICP 完成 fitness_score=68.458145 converged=yes
[2026-04-07 18:09:09.149] [info] [LiDAR-LiDAR] [:] [lidar_lidar_calib.cpp:717] [LiDAR-LiDAR][Fine] multi: iter i=11 run_one ok
[2026-04-07 18:09:09.149] [info] [LiDAR-LiDAR] [:] [lidar_lidar_calib.cpp:712] [LiDAR-LiDAR][Fine] multi: iter i=12 ir=48 it=48 pts_ref=12628 pts_tgt=12130 -> run_one
[2026-04-07 18:09:09.149] [info] [LiDAR-LiDAR] [:] [lidar_lidar_calib.cpp:257] [LiDAR-LiDAR][Fine] GICP: enter raw_pts ref=12628 tgt=12130
[2026-04-07 18:09:09.149] [info] [LiDAR-LiDAR] [:] [lidar_lidar_calib.cpp:268] [LiDAR-LiDAR][Fine] GICP: after preprocess src=8732 tgt=11610
[2026-04-07 18:09:09.149] [info] [LiDAR-LiDAR] [:] [lidar_lidar_calib.cpp:277] [LiDAR-LiDAR][Fine] GICP: after uniform cap (max=35000) src=8732 tgt=11610
[2026-04-07 18:09:09.149] [info] [LiDAR-LiDAR] [:] [lidar_lidar_calib.cpp:294] [LiDAR-LiDAR][Fine] GICP: object constructed
[2026-04-07 18:09:09.149] [info] [LiDAR-LiDAR] [:] [lidar_lidar_calib.cpp:301] [LiDAR-LiDAR][Fine] GICP: before setInputSource/setInputTarget
[2026-04-07 18:09:09.149] [info] [LiDAR-LiDAR] [:] [lidar_lidar_calib.cpp:305] [LiDAR-LiDAR][Fine] GICP: after setInput* max_corr=1.0000 max_iter=30
[2026-04-07 18:09:09.149] [info] [LiDAR-LiDAR] [:] [lidar_lidar_calib.cpp:314] [LiDAR-LiDAR][Fine] GICP: before align
[2026-04-07 18:09:09.287] [info] [LiDAR-LiDAR] [:] [lidar_lidar_calib.cpp:317] [LiDAR-LiDAR][Fine] GICP: after align converged=yes
[2026-04-07 18:09:09.287] [info] [LiDAR-LiDAR] [:] [lidar_lidar_calib.cpp:324] [LiDAR-LiDAR][Fine] GICP: after getFinalTransformation 4x4 finite=yes
[2026-04-07 18:09:09.287] [info] [LiDAR-LiDAR] [:] [lidar_lidar_calib.cpp:79] [LiDAR-LiDAR][Fine] GICP R_stats det=0.99999995 ||R*R^T-I||_F=6.839256e-08
[2026-04-07 18:09:09.298] [info] [LiDAR-LiDAR] [:] [CALC] LiDAR-LiDAR GICP 完成 fitness_score=64.884845 converged=yes
[2026-04-07 18:09:09.298] [info] [LiDAR-LiDAR] [:] [lidar_lidar_calib.cpp:717] [LiDAR-LiDAR][Fine] multi: iter i=12 run_one ok
[2026-04-07 18:09:09.298] [info] [LiDAR-LiDAR] [:] [lidar_lidar_calib.cpp:712] [LiDAR-LiDAR][Fine] multi: iter i=13 ir=52 it=52 pts_ref=12537 pts_tgt=12090 -> run_one
[2026-04-07 18:09:09.298] [info] [LiDAR-LiDAR] [:] [lidar_lidar_calib.cpp:257] [LiDAR-LiDAR][Fine] GICP: enter raw_pts ref=12537 tgt=12090
[2026-04-07 18:09:09.299] [info] [LiDAR-LiDAR] [:] [lidar_lidar_calib.cpp:268] [LiDAR-LiDAR][Fine] GICP: after preprocess src=8614 tgt=11388
[2026-04-07 18:09:09.299] [info] [LiDAR-LiDAR] [:] [lidar_lidar_calib.cpp:277] [LiDAR-LiDAR][Fine] GICP: after uniform cap (max=35000) src=8614 tgt=11388
[2026-04-07 18:09:09.299] [info] [LiDAR-LiDAR] [:] [lidar_lidar_calib.cpp:294] [LiDAR-LiDAR][Fine] GICP: object constructed
[2026-04-07 18:09:09.299] [info] [LiDAR-LiDAR] [:] [lidar_lidar_calib.cpp:301] [LiDAR-LiDAR][Fine] GICP: before setInputSource/setInputTarget
[2026-04-07 18:09:09.299] [info] [LiDAR-LiDAR] [:] [lidar_lidar_calib.cpp:305] [LiDAR-LiDAR][Fine] GICP: after setInput* max_corr=1.0000 max_iter=30
[2026-04-07 18:09:09.299] [info] [LiDAR-LiDAR] [:] [lidar_lidar_calib.cpp:314] [LiDAR-LiDAR][Fine] GICP: before align
[2026-04-07 18:09:09.416] [info] [LiDAR-LiDAR] [:] [lidar_lidar_calib.cpp:317] [LiDAR-LiDAR][Fine] GICP: after align converged=yes
[2026-04-07 18:09:09.416] [info] [LiDAR-LiDAR] [:] [lidar_lidar_calib.cpp:324] [LiDAR-LiDAR][Fine] GICP: after getFinalTransformation 4x4 finite=yes
[2026-04-07 18:09:09.416] [info] [LiDAR-LiDAR] [:] [lidar_lidar_calib.cpp:79] [LiDAR-LiDAR][Fine] GICP R_stats det=1.00000003 ||R*R^T-I||_F=6.340287e-08
[2026-04-07 18:09:09.433] [info] [LiDAR-LiDAR] [:] [CALC] LiDAR-LiDAR GICP 完成 fitness_score=71.439484 converged=yes
[2026-04-07 18:09:09.433] [info] [LiDAR-LiDAR] [:] [lidar_lidar_calib.cpp:717] [LiDAR-LiDAR][Fine] multi: iter i=13 run_one ok
[2026-04-07 18:09:09.433] [info] [LiDAR-LiDAR] [:] [lidar_lidar_calib.cpp:712] [LiDAR-LiDAR][Fine] multi: iter i=14 ir=56 it=56 pts_ref=13057 pts_tgt=11973 -> run_one
[2026-04-07 18:09:09.433] [info] [LiDAR-LiDAR] [:] [lidar_lidar_calib.cpp:257] [LiDAR-LiDAR][Fine] GICP: enter raw_pts ref=13057 tgt=11973
[2026-04-07 18:09:09.434] [info] [LiDAR-LiDAR] [:] [lidar_lidar_calib.cpp:268] [LiDAR-LiDAR][Fine] GICP: after preprocess src=9115 tgt=11957
[2026-04-07 18:09:09.434] [info] [LiDAR-LiDAR] [:] [lidar_lidar_calib.cpp:277] [LiDAR-LiDAR][Fine] GICP: after uniform cap (max=35000) src=9115 tgt=11957
[2026-04-07 18:09:09.434] [info] [LiDAR-LiDAR] [:] [lidar_lidar_calib.cpp:294] [LiDAR-LiDAR][Fine] GICP: object constructed
[2026-04-07 18:09:09.434] [info] [LiDAR-LiDAR] [:] [lidar_lidar_calib.cpp:301] [LiDAR-LiDAR][Fine] GICP: before setInputSource/setInputTarget
[2026-04-07 18:09:09.434] [info] [LiDAR-LiDAR] [:] [lidar_lidar_calib.cpp:305] [LiDAR-LiDAR][Fine] GICP: after setInput* max_corr=1.0000 max_iter=30
[2026-04-07 18:09:09.434] [info] [LiDAR-LiDAR] [:] [lidar_lidar_calib.cpp:314] [LiDAR-LiDAR][Fine] GICP: before align
[2026-04-07 18:09:09.580] [info] [LiDAR-LiDAR] [:] [lidar_lidar_calib.cpp:317] [LiDAR-LiDAR][Fine] GICP: after align converged=yes
[2026-04-07 18:09:09.580] [info] [LiDAR-LiDAR] [:] [lidar_lidar_calib.cpp:324] [LiDAR-LiDAR][Fine] GICP: after getFinalTransformation 4x4 finite=yes
[2026-04-07 18:09:09.580] [info] [LiDAR-LiDAR] [:] [lidar_lidar_calib.cpp:79] [LiDAR-LiDAR][Fine] GICP R_stats det=0.99999999 ||R*R^T-I||_F=2.888632e-08
[2026-04-07 18:09:09.594] [info] [LiDAR-LiDAR] [:] [CALC] LiDAR-LiDAR GICP 完成 fitness_score=58.793899 converged=yes
[2026-04-07 18:09:09.594] [info] [LiDAR-LiDAR] [:] [lidar_lidar_calib.cpp:717] [LiDAR-LiDAR][Fine] multi: iter i=14 run_one ok
[2026-04-07 18:09:09.594] [info] [LiDAR-LiDAR] [:] [lidar_lidar_calib.cpp:712] [LiDAR-LiDAR][Fine] multi: iter i=15 ir=60 it=60 pts_ref=12817 pts_tgt=11955 -> run_one
[2026-04-07 18:09:09.594] [info] [LiDAR-LiDAR] [:] [lidar_lidar_calib.cpp:257] [LiDAR-LiDAR][Fine] GICP: enter raw_pts ref=12817 tgt=11955
[2026-04-07 18:09:09.594] [info] [LiDAR-LiDAR] [:] [lidar_lidar_calib.cpp:268] [LiDAR-LiDAR][Fine] GICP: after preprocess src=9003 tgt=11889
[2026-04-07 18:09:09.594] [info] [LiDAR-LiDAR] [:] [lidar_lidar_calib.cpp:277] [LiDAR-LiDAR][Fine] GICP: after uniform cap (max=35000) src=9003 tgt=11889
[2026-04-07 18:09:09.594] [info] [LiDAR-LiDAR] [:] [lidar_lidar_calib.cpp:294] [LiDAR-LiDAR][Fine] GICP: object constructed
[2026-04-07 18:09:09.594] [info] [LiDAR-LiDAR] [:] [lidar_lidar_calib.cpp:301] [LiDAR-LiDAR][Fine] GICP: before setInputSource/setInputTarget
[2026-04-07 18:09:09.594] [info] [LiDAR-LiDAR] [:] [lidar_lidar_calib.cpp:305] [LiDAR-LiDAR][Fine] GICP: after setInput* max_corr=1.0000 max_iter=30
[2026-04-07 18:09:09.594] [info] [LiDAR-LiDAR] [:] [lidar_lidar_calib.cpp:314] [LiDAR-LiDAR][Fine] GICP: before align
[2026-04-07 18:09:09.727] [info] [LiDAR-LiDAR] [:] [lidar_lidar_calib.cpp:317] [LiDAR-LiDAR][Fine] GICP: after align converged=yes
[2026-04-07 18:09:09.727] [info] [LiDAR-LiDAR] [:] [lidar_lidar_calib.cpp:324] [LiDAR-LiDAR][Fine] GICP: after getFinalTransformation 4x4 finite=yes
[2026-04-07 18:09:09.727] [info] [LiDAR-LiDAR] [:] [lidar_lidar_calib.cpp:79] [LiDAR-LiDAR][Fine] GICP R_stats det=1.00000001 ||R*R^T-I||_F=5.474499e-08
[2026-04-07 18:09:09.740] [info] [LiDAR-LiDAR] [:] [CALC] LiDAR-LiDAR GICP 完成 fitness_score=61.568836 converged=yes
[2026-04-07 18:09:09.740] [info] [LiDAR-LiDAR] [:] [lidar_lidar_calib.cpp:717] [LiDAR-LiDAR][Fine] multi: iter i=15 run_one ok
[2026-04-07 18:09:09.740] [info] [LiDAR-LiDAR] [:] [lidar_lidar_calib.cpp:712] [LiDAR-LiDAR][Fine] multi: iter i=16 ir=64 it=64 pts_ref=12724 pts_tgt=11893 -> run_one
[2026-04-07 18:09:09.740] [info] [LiDAR-LiDAR] [:] [lidar_lidar_calib.cpp:257] [LiDAR-LiDAR][Fine] GICP: enter raw_pts ref=12724 tgt=11893
[2026-04-07 18:09:09.741] [info] [LiDAR-LiDAR] [:] [lidar_lidar_calib.cpp:268] [LiDAR-LiDAR][Fine] GICP: after preprocess src=8714 tgt=11420
[2026-04-07 18:09:09.741] [info] [LiDAR-LiDAR] [:] [lidar_lidar_calib.cpp:277] [LiDAR-LiDAR][Fine] GICP: after uniform cap (max=35000) src=8714 tgt=11420
[2026-04-07 18:09:09.741] [info] [LiDAR-LiDAR] [:] [lidar_lidar_calib.cpp:294] [LiDAR-LiDAR][Fine] GICP: object constructed
[2026-04-07 18:09:09.741] [info] [LiDAR-LiDAR] [:] [lidar_lidar_calib.cpp:301] [LiDAR-LiDAR][Fine] GICP: before setInputSource/setInputTarget
[2026-04-07 18:09:09.741] [info] [LiDAR-LiDAR] [:] [lidar_lidar_calib.cpp:305] [LiDAR-LiDAR][Fine] GICP: after setInput* max_corr=1.0000 max_iter=30
[2026-04-07 18:09:09.741] [info] [LiDAR-LiDAR] [:] [lidar_lidar_calib.cpp:314] [LiDAR-LiDAR][Fine] GICP: before align
[2026-04-07 18:09:09.809] [info] [LiDAR-LiDAR] [:] [lidar_lidar_calib.cpp:317] [LiDAR-LiDAR][Fine] GICP: after align converged=yes
[2026-04-07 18:09:09.809] [info] [LiDAR-LiDAR] [:] [lidar_lidar_calib.cpp:324] [LiDAR-LiDAR][Fine] GICP: after getFinalTransformation 4x4 finite=yes
[2026-04-07 18:09:09.809] [info] [LiDAR-LiDAR] [:] [lidar_lidar_calib.cpp:79] [LiDAR-LiDAR][Fine] GICP R_stats det=0.99999995 ||R*R^T-I||_F=7.316855e-08
[2026-04-07 18:09:09.820] [info] [LiDAR-LiDAR] [:] [CALC] LiDAR-LiDAR GICP 完成 fitness_score=63.234905 converged=yes
[2026-04-07 18:09:09.820] [info] [LiDAR-LiDAR] [:] [lidar_lidar_calib.cpp:717] [LiDAR-LiDAR][Fine] multi: iter i=16 run_one ok
[2026-04-07 18:09:09.820] [info] [LiDAR-LiDAR] [:] [lidar_lidar_calib.cpp:712] [LiDAR-LiDAR][Fine] multi: iter i=17 ir=68 it=68 pts_ref=13112 pts_tgt=12162 -> run_one
[2026-04-07 18:09:09.820] [info] [LiDAR-LiDAR] [:] [lidar_lidar_calib.cpp:257] [LiDAR-LiDAR][Fine] GICP: enter raw_pts ref=13112 tgt=12162
[2026-04-07 18:09:09.821] [info] [LiDAR-LiDAR] [:] [lidar_lidar_calib.cpp:268] [LiDAR-LiDAR][Fine] GICP: after preprocess src=9170 tgt=12025
[2026-04-07 18:09:09.821] [info] [LiDAR-LiDAR] [:] [lidar_lidar_calib.cpp:277] [LiDAR-LiDAR][Fine] GICP: after uniform cap (max=35000) src=9170 tgt=12025
[2026-04-07 18:09:09.821] [info] [LiDAR-LiDAR] [:] [lidar_lidar_calib.cpp:294] [LiDAR-LiDAR][Fine] GICP: object constructed
[2026-04-07 18:09:09.821] [info] [LiDAR-LiDAR] [:] [lidar_lidar_calib.cpp:301] [LiDAR-LiDAR][Fine] GICP: before setInputSource/setInputTarget
[2026-04-07 18:09:09.821] [info] [LiDAR-LiDAR] [:] [lidar_lidar_calib.cpp:305] [LiDAR-LiDAR][Fine] GICP: after setInput* max_corr=1.0000 max_iter=30
[2026-04-07 18:09:09.821] [info] [LiDAR-LiDAR] [:] [lidar_lidar_calib.cpp:314] [LiDAR-LiDAR][Fine] GICP: before align
[2026-04-07 18:09:10.057] [info] [LiDAR-LiDAR] [:] [lidar_lidar_calib.cpp:317] [LiDAR-LiDAR][Fine] GICP: after align converged=yes
[2026-04-07 18:09:10.057] [info] [LiDAR-LiDAR] [:] [lidar_lidar_calib.cpp:324] [LiDAR-LiDAR][Fine] GICP: after getFinalTransformation 4x4 finite=yes
[2026-04-07 18:09:10.057] [info] [LiDAR-LiDAR] [:] [lidar_lidar_calib.cpp:79] [LiDAR-LiDAR][Fine] GICP R_stats det=1.00000001 ||R*R^T-I||_F=7.044962e-08
[2026-04-07 18:09:10.072] [info] [LiDAR-LiDAR] [:] [CALC] LiDAR-LiDAR GICP 完成 fitness_score=62.203092 converged=yes
[2026-04-07 18:09:10.072] [info] [LiDAR-LiDAR] [:] [lidar_lidar_calib.cpp:717] [LiDAR-LiDAR][Fine] multi: iter i=17 run_one ok
[2026-04-07 18:09:10.072] [info] [LiDAR-LiDAR] [:] [lidar_lidar_calib.cpp:712] [LiDAR-LiDAR][Fine] multi: iter i=18 ir=72 it=72 pts_ref=12713 pts_tgt=12467 -> run_one
[2026-04-07 18:09:10.072] [info] [LiDAR-LiDAR] [:] [lidar_lidar_calib.cpp:257] [LiDAR-LiDAR][Fine] GICP: enter raw_pts ref=12713 tgt=12467
[2026-04-07 18:09:10.073] [info] [LiDAR-LiDAR] [:] [lidar_lidar_calib.cpp:268] [LiDAR-LiDAR][Fine] GICP: after preprocess src=9238 tgt=11958
[2026-04-07 18:09:10.073] [info] [LiDAR-LiDAR] [:] [lidar_lidar_calib.cpp:277] [LiDAR-LiDAR][Fine] GICP: after uniform cap (max=35000) src=9238 tgt=11958
[2026-04-07 18:09:10.073] [info] [LiDAR-LiDAR] [:] [lidar_lidar_calib.cpp:294] [LiDAR-LiDAR][Fine] GICP: object constructed
[2026-04-07 18:09:10.073] [info] [LiDAR-LiDAR] [:] [lidar_lidar_calib.cpp:301] [LiDAR-LiDAR][Fine] GICP: before setInputSource/setInputTarget
[2026-04-07 18:09:10.073] [info] [LiDAR-LiDAR] [:] [lidar_lidar_calib.cpp:305] [LiDAR-LiDAR][Fine] GICP: after setInput* max_corr=1.0000 max_iter=30
[2026-04-07 18:09:10.073] [info] [LiDAR-LiDAR] [:] [lidar_lidar_calib.cpp:314] [LiDAR-LiDAR][Fine] GICP: before align
[2026-04-07 18:09:10.235] [info] [LiDAR-LiDAR] [:] [lidar_lidar_calib.cpp:317] [LiDAR-LiDAR][Fine] GICP: after align converged=yes
[2026-04-07 18:09:10.235] [info] [LiDAR-LiDAR] [:] [lidar_lidar_calib.cpp:324] [LiDAR-LiDAR][Fine] GICP: after getFinalTransformation 4x4 finite=yes
[2026-04-07 18:09:10.235] [info] [LiDAR-LiDAR] [:] [lidar_lidar_calib.cpp:79] [LiDAR-LiDAR][Fine] GICP R_stats det=1.00000001 ||R*R^T-I||_F=5.295167e-08
[2026-04-07 18:09:10.248] [info] [LiDAR-LiDAR] [:] [CALC] LiDAR-LiDAR GICP 完成 fitness_score=57.494729 converged=yes
[2026-04-07 18:09:10.248] [info] [LiDAR-LiDAR] [:] [lidar_lidar_calib.cpp:717] [LiDAR-LiDAR][Fine] multi: iter i=18 run_one ok
[2026-04-07 18:09:10.248] [info] [LiDAR-LiDAR] [:] [lidar_lidar_calib.cpp:712] [LiDAR-LiDAR][Fine] multi: iter i=19 ir=76 it=76 pts_ref=12904 pts_tgt=12205 -> run_one
[2026-04-07 18:09:10.248] [info] [LiDAR-LiDAR] [:] [lidar_lidar_calib.cpp:257] [LiDAR-LiDAR][Fine] GICP: enter raw_pts ref=12904 tgt=12205
[2026-04-07 18:09:10.248] [info] [LiDAR-LiDAR] [:] [lidar_lidar_calib.cpp:268] [LiDAR-LiDAR][Fine] GICP: after preprocess src=9003 tgt=11979
[2026-04-07 18:09:10.248] [info] [LiDAR-LiDAR] [:] [lidar_lidar_calib.cpp:277] [LiDAR-LiDAR][Fine] GICP: after uniform cap (max=35000) src=9003 tgt=11979
[2026-04-07 18:09:10.248] [info] [LiDAR-LiDAR] [:] [lidar_lidar_calib.cpp:294] [LiDAR-LiDAR][Fine] GICP: object constructed
[2026-04-07 18:09:10.248] [info] [LiDAR-LiDAR] [:] [lidar_lidar_calib.cpp:301] [LiDAR-LiDAR][Fine] GICP: before setInputSource/setInputTarget
[2026-04-07 18:09:10.248] [info] [LiDAR-LiDAR] [:] [lidar_lidar_calib.cpp:305] [LiDAR-LiDAR][Fine] GICP: after setInput* max_corr=1.0000 max_iter=30
[2026-04-07 18:09:10.248] [info] [LiDAR-LiDAR] [:] [lidar_lidar_calib.cpp:314] [LiDAR-LiDAR][Fine] GICP: before align
[2026-04-07 18:09:10.390] [info] [LiDAR-LiDAR] [:] [lidar_lidar_calib.cpp:317] [LiDAR-LiDAR][Fine] GICP: after align converged=yes
[2026-04-07 18:09:10.390] [info] [LiDAR-LiDAR] [:] [lidar_lidar_calib.cpp:324] [LiDAR-LiDAR][Fine] GICP: after getFinalTransformation 4x4 finite=yes
[2026-04-07 18:09:10.390] [info] [LiDAR-LiDAR] [:] [lidar_lidar_calib.cpp:79] [LiDAR-LiDAR][Fine] GICP R_stats det=1.00000002 ||R*R^T-I||_F=3.379484e-08
[2026-04-07 18:09:10.403] [info] [LiDAR-LiDAR] [:] [CALC] LiDAR-LiDAR GICP 完成 fitness_score=64.189149 converged=yes
[2026-04-07 18:09:10.404] [info] [LiDAR-LiDAR] [:] [lidar_lidar_calib.cpp:717] [LiDAR-LiDAR][Fine] multi: iter i=19 run_one ok
[2026-04-07 18:09:10.404] [info] [LiDAR-LiDAR] [:]   [fine] 100%
[2026-04-07 18:09:10.404] [info] [LiDAR-LiDAR] [:] [lidar_lidar_calib.cpp:899] [LiDAR-LiDAR][Fine] calibrate_two_stage: calibrate_fine returned ok
[2026-04-07 18:09:10.404] [info] [LiDAR-LiDAR] [:] [lidar_lidar_calib.cpp:823] [LiDAR-LiDAR][Fine] refine_with_bspline: enter ref=lidar_front tgt=lidar_rear n_ref=100 n_tgt=100
[2026-04-07 18:09:10.404] [info] [LiDAR-LiDAR] [:] [CALC] LiDAR-LiDAR B样条精化 占位实现(直通) 帧数_ref=100 帧数_tgt=100
[2026-04-07 18:09:10.404] [info] [LiDAR-LiDAR] [:] [main.cpp:601] [LiDAR-LiDAR][Fine] main: calibrate_two_stage returned best=yes
[2026-04-07 18:09:10.404] [info] [LiDAR-LiDAR] [:] [LiDAR-LiDAR][Manual] manual=true，准备进入手动微调
[2026-04-07 18:09:10.404] [info] [LiDAR-LiDAR] [:] [LiDAR-LiDAR][Manual] 关闭自动可视化窗口，避免 Pangolin 上下文冲突
[2026-04-07 18:09:10.405] [info] [LiDAR-LiDAR] [:] [Viz/Display] 即将关闭可视化窗口 原因=用户关闭或流程结束 pangolin_running=true
[2026-04-07 18:09:10.405] [info] [LiDAR-LiDAR] [:] [PangolinRender] 正在关闭窗口: UniCalib LiDAR-LiDAR 原因=用户关闭或流程结束 总渲染帧数=12
[2026-04-07 18:09:10.584] [info] [LiDAR-LiDAR] [:] [PangolinRender] 已关闭窗口: UniCalib LiDAR-LiDAR
[2026-04-07 18:09:10.584] [info] [LiDAR-LiDAR] [:] [Viz/Display] 可视化窗口已关闭
[2026-04-07 18:09:10.584] [info] [LiDAR-LiDAR] [:] [LiDAR-LiDAR][Manual] auto_fitness=86.692800
[2026-04-07 18:09:10.587] [info] [LiDAR-LiDAR] [:] [ManualSession] 会话ID: session_2026-04-07_18-09-10
[2026-04-07 18:09:10.587] [info] [LiDAR-LiDAR] [:] [ManualSession] 保存目录: ./results/manual_sessions
[2026-04-07 18:09:10.587] [info] [LiDAR-LiDAR] [:]   ===== 手动标定操作说明 =====
[2026-04-07 18:09:10.587] [info] [LiDAR-LiDAR] [:]   左栏: 填 roll/pitch/yaw(deg) 与 tx/ty/tz(m) 后点 Apply RPY+T，再 +/- 或键盘微调
[2026-04-07 18:09:10.587] [info] [LiDAR-LiDAR] [:]   按键: q/a w/s e/d 旋转, r/f t/g y/h 平移, u=撤销, Enter=接受, Esc=取消
[2026-04-07 18:09:10.587] [info] [LiDAR-LiDAR] [:] [LiDAR-LiDAR][Manual] 可视化使用时间对齐帧: ref[98] t=1609045742.740207, target[98] t=1609045742.759727, |Δt|=0.019520s, points=13100/5846
[2026-04-07 18:09:10.587] [info] [LiDAR-LiDAR] [:] [ManualSession] 启动 LiDAR-LiDAR 手动校准 cfg.enable_interactive_gui=true
[2026-04-07 18:09:10.587] [info] [LiDAR-LiDAR] [:] [Manual-Refine] LiDAR-LiDAR 手动调整使用一对点云（通常为时间对齐或调用方选定的 ref/target 帧） ref_points=13100 target_points=5846
[2026-04-07 18:09:10.587] [info] [LiDAR-LiDAR] [:] [ManualSession] 自动标定 fitness/rms: 86.6928
[2026-04-07 18:09:10.588] [info] [LiDAR-LiDAR] [:] [ManualAdjust] 初始外参:
[2026-04-07 18:09:10.588] [info] [LiDAR-LiDAR] [:] [ManualAdjust] 当前外参 [lidar_front→lidar_rear]:
[2026-04-07 18:09:10.588] [info] [LiDAR-LiDAR] [:]   旋转 RPY: (89.6810, -0.4593, 179.8439) deg
[2026-04-07 18:09:10.588] [info] [LiDAR-LiDAR] [:]   平移 XYZ: (-0.4766, -0.0161, 0.0805) m
[2026-04-07 18:09:10.588] [info] [LiDAR-LiDAR] [:] [ManualSession] 路径选择: run_lidar_lidar_pangolin_panel (UNICALIB_WITH_PANGOLIN=true)
[2026-04-07 18:09:10.589] [info] [LiDAR-LiDAR] [:] [ManualLidarLidar] 进入面板函数: ref_points=13100 target_points=5846 step(rot_deg=0.1, trans_m=0.005)
[2026-04-07 18:09:10.589] [info] [LiDAR-LiDAR] [:] [ManualLidarLidar] CreateWindowAndBind 开始 title='LiDAR-LiDAR Manual Calibration' size=2460x1080 panel_w=720 font_px=24
Framebuffer with requested attributes not available. Using available framebuffer. You may see visual artifacts.[2026-04-07 18:09:10.747] [info] [LiDAR-LiDAR] [:] [ManualLidarLidar] CreateWindowAndBind 完成 ShouldQuit=false
[2026-04-07 18:09:10.748] [info] [LiDAR-LiDAR] [:] [ManualLidarLidar] 相机初始化 center=(-10.630423278367704, 7.943403244018555, -10.352313683898448) diag=112.89215175429995 dist=73.37989864029497 z_far=2000 fx=696
[2026-04-07 18:09:10.750] [info] [LiDAR-LiDAR] [:] [ManualLidarLidar] 6-DOF: 左栏可填 roll/pitch/yaw(deg) 与 tx/ty/tz(m) 后点 Apply RPY+T 作为起点，再用 +/- 或 键盘 q/a w/s e/d、r/f t/g y/h 微调；u 撤销；Enter 接受；Esc 退出。 默认 Solid Ref/Tgt：Ref 青绿、Target 橙，易区分（可关用以强度着色）。
[2026-04-07 18:09:10.750] [info] [LiDAR-LiDAR] [:] [ManualLidarLidar] 渲染循环: loop_count=1 should_quit=false accepted=false
[2026-04-07 18:09:14.272] [info] [LiDAR-LiDAR] [:] [ManualLidarLidar] 渲染循环: loop_count=200 should_quit=false accepted=false
[2026-04-07 18:09:17.730] [info] [LiDAR-LiDAR] [:] [ManualLidarLidar] 渲染循环: loop_count=400 should_quit=false accepted=false
[2026-04-07 18:09:21.111] [info] [LiDAR-LiDAR] [:] [ManualLidarLidar] 渲染循环: loop_count=600 should_quit=false accepted=false
[2026-04-07 18:09:24.516] [info] [LiDAR-LiDAR] [:] [ManualLidarLidar] 渲染循环: loop_count=800 should_quit=false accepted=false
[2026-04-07 18:09:28.140] [info] [LiDAR-LiDAR] [:] [ManualLidarLidar] 渲染循环: loop_count=1000 should_quit=false accepted=false
[2026-04-07 18:09:32.121] [info] [LiDAR-LiDAR] [:] [ManualLidarLidar] 渲染循环: loop_count=1200 should_quit=false accepted=false
[2026-04-07 18:09:36.787] [info] [LiDAR-LiDAR] [:] [ManualLidarLidar] Key=q ROLL_PLUS
[2026-04-07 18:09:36.788] [info] [LiDAR-LiDAR] [:] [ManualAdjust] 当前外参 [lidar_front→lidar_rear]:
[2026-04-07 18:09:36.788] [info] [LiDAR-LiDAR] [:]   旋转 RPY: (89.7810, -0.4593, 179.8439) deg
[2026-04-07 18:09:36.788] [info] [LiDAR-LiDAR] [:]   平移 XYZ: (-0.4766, -0.0161, 0.0805) m
[2026-04-07 18:09:37.362] [info] [LiDAR-LiDAR] [:] [ManualLidarLidar] 渲染循环: loop_count=1400 should_quit=false accepted=false
[2026-04-07 18:09:37.540] [info] [LiDAR-LiDAR] [:] [ManualLidarLidar] Key=q ROLL_PLUS
[2026-04-07 18:09:37.540] [info] [LiDAR-LiDAR] [:] [ManualAdjust] 当前外参 [lidar_front→lidar_rear]:
[2026-04-07 18:09:37.540] [info] [LiDAR-LiDAR] [:]   旋转 RPY: (89.8810, -0.4593, 179.8439) deg
[2026-04-07 18:09:37.540] [info] [LiDAR-LiDAR] [:]   平移 XYZ: (-0.4766, -0.0161, 0.0805) m
[2026-04-07 18:09:38.031] [info] [LiDAR-LiDAR] [:] [ManualLidarLidar] Key=q ROLL_PLUS
[2026-04-07 18:09:38.031] [info] [LiDAR-LiDAR] [:] [ManualAdjust] 当前外参 [lidar_front→lidar_rear]:
[2026-04-07 18:09:38.031] [info] [LiDAR-LiDAR] [:]   旋转 RPY: (89.9810, -0.4593, 179.8439) deg
[2026-04-07 18:09:38.031] [info] [LiDAR-LiDAR] [:]   平移 XYZ: (-0.4766, -0.0161, 0.0805) m
[2026-04-07 18:09:38.536] [info] [LiDAR-LiDAR] [:] [ManualLidarLidar] Key=q ROLL_PLUS
[2026-04-07 18:09:38.536] [info] [LiDAR-LiDAR] [:] [ManualAdjust] 当前外参 [lidar_front→lidar_rear]:
[2026-04-07 18:09:38.536] [info] [LiDAR-LiDAR] [:]   旋转 RPY: (90.0810, -0.4593, 179.8439) deg
[2026-04-07 18:09:38.536] [info] [LiDAR-LiDAR] [:]   平移 XYZ: (-0.4766, -0.0161, 0.0805) m
[2026-04-07 18:09:38.562] [info] [LiDAR-LiDAR] [:] [ManualLidarLidar] Key=q ROLL_PLUS
[2026-04-07 18:09:38.563] [info] [LiDAR-LiDAR] [:] [ManualAdjust] 当前外参 [lidar_front→lidar_rear]:
[2026-04-07 18:09:38.563] [info] [LiDAR-LiDAR] [:]   旋转 RPY: (90.1810, -0.4593, 179.8439) deg
[2026-04-07 18:09:38.563] [info] [LiDAR-LiDAR] [:]   平移 XYZ: (-0.4766, -0.0161, 0.0805) m
[2026-04-07 18:09:38.592] [info] [LiDAR-LiDAR] [:] [ManualLidarLidar] Key=q ROLL_PLUS
[2026-04-07 18:09:38.592] [info] [LiDAR-LiDAR] [:] [ManualAdjust] 当前外参 [lidar_front→lidar_rear]:
[2026-04-07 18:09:38.592] [info] [LiDAR-LiDAR] [:]   旋转 RPY: (90.2810, -0.4593, 179.8439) deg
[2026-04-07 18:09:38.592] [info] [LiDAR-LiDAR] [:]   平移 XYZ: (-0.4766, -0.0161, 0.0805) m
[2026-04-07 18:09:38.620] [info] [LiDAR-LiDAR] [:] [ManualLidarLidar] Key=q ROLL_PLUS
[2026-04-07 18:09:38.620] [info] [LiDAR-LiDAR] [:] [ManualAdjust] 当前外参 [lidar_front→lidar_rear]:
[2026-04-07 18:09:38.620] [info] [LiDAR-LiDAR] [:]   旋转 RPY: (90.3810, -0.4593, 179.8439) deg
[2026-04-07 18:09:38.620] [info] [LiDAR-LiDAR] [:]   平移 XYZ: (-0.4766, -0.0161, 0.0805) m
[2026-04-07 18:09:38.650] [info] [LiDAR-LiDAR] [:] [ManualLidarLidar] Key=q ROLL_PLUS
[2026-04-07 18:09:38.650] [info] [LiDAR-LiDAR] [:] [ManualAdjust] 当前外参 [lidar_front→lidar_rear]:
[2026-04-07 18:09:38.650] [info] [LiDAR-LiDAR] [:]   旋转 RPY: (90.4810, -0.4593, 179.8439) deg
[2026-04-07 18:09:38.650] [info] [LiDAR-LiDAR] [:]   平移 XYZ: (-0.4766, -0.0161, 0.0805) m
[2026-04-07 18:09:38.680] [info] [LiDAR-LiDAR] [:] [ManualLidarLidar] Key=q ROLL_PLUS
[2026-04-07 18:09:38.680] [info] [LiDAR-LiDAR] [:] [ManualAdjust] 当前外参 [lidar_front→lidar_rear]:
[2026-04-07 18:09:38.680] [info] [LiDAR-LiDAR] [:]   旋转 RPY: (90.5810, -0.4593, 179.8439) deg
[2026-04-07 18:09:38.680] [info] [LiDAR-LiDAR] [:]   平移 XYZ: (-0.4766, -0.0161, 0.0805) m
[2026-04-07 18:09:38.732] [info] [LiDAR-LiDAR] [:] [ManualLidarLidar] Key=q ROLL_PLUS
[2026-04-07 18:09:38.732] [info] [LiDAR-LiDAR] [:] [ManualAdjust] 当前外参 [lidar_front→lidar_rear]:
[2026-04-07 18:09:38.732] [info] [LiDAR-LiDAR] [:]   旋转 RPY: (90.6810, -0.4593, 179.8439) deg
[2026-04-07 18:09:38.732] [info] [LiDAR-LiDAR] [:]   平移 XYZ: (-0.4766, -0.0161, 0.0805) m
[2026-04-07 18:09:38.755] [info] [LiDAR-LiDAR] [:] [ManualLidarLidar] Key=q ROLL_PLUS
[2026-04-07 18:09:38.755] [info] [LiDAR-LiDAR] [:] [ManualAdjust] 当前外参 [lidar_front→lidar_rear]:
[2026-04-07 18:09:38.755] [info] [LiDAR-LiDAR] [:]   旋转 RPY: (90.7810, -0.4593, 179.8439) deg
[2026-04-07 18:09:38.755] [info] [LiDAR-LiDAR] [:]   平移 XYZ: (-0.4766, -0.0161, 0.0805) m
[2026-04-07 18:09:38.783] [info] [LiDAR-LiDAR] [:] [ManualLidarLidar] Key=q ROLL_PLUS
[2026-04-07 18:09:38.783] [info] [LiDAR-LiDAR] [:] [ManualAdjust] 当前外参 [lidar_front→lidar_rear]:
[2026-04-07 18:09:38.783] [info] [LiDAR-LiDAR] [:]   旋转 RPY: (90.8810, -0.4593, 179.8439) deg
[2026-04-07 18:09:38.783] [info] [LiDAR-LiDAR] [:]   平移 XYZ: (-0.4766, -0.0161, 0.0805) m
[2026-04-07 18:09:38.809] [info] [LiDAR-LiDAR] [:] [ManualLidarLidar] Key=q ROLL_PLUS
[2026-04-07 18:09:38.809] [info] [LiDAR-LiDAR] [:] [ManualAdjust] 当前外参 [lidar_front→lidar_rear]:
[2026-04-07 18:09:38.809] [info] [LiDAR-LiDAR] [:]   旋转 RPY: (90.9810, -0.4593, 179.8439) deg
[2026-04-07 18:09:38.809] [info] [LiDAR-LiDAR] [:]   平移 XYZ: (-0.4766, -0.0161, 0.0805) m
[2026-04-07 18:09:38.844] [info] [LiDAR-LiDAR] [:] [ManualLidarLidar] Key=q ROLL_PLUS
[2026-04-07 18:09:38.844] [info] [LiDAR-LiDAR] [:] [ManualAdjust] 当前外参 [lidar_front→lidar_rear]:
[2026-04-07 18:09:38.844] [info] [LiDAR-LiDAR] [:]   旋转 RPY: (91.0810, -0.4593, 179.8439) deg
[2026-04-07 18:09:38.844] [info] [LiDAR-LiDAR] [:]   平移 XYZ: (-0.4766, -0.0161, 0.0805) m
[2026-04-07 18:09:38.869] [info] [LiDAR-LiDAR] [:] [ManualLidarLidar] Key=q ROLL_PLUS
[2026-04-07 18:09:38.869] [info] [LiDAR-LiDAR] [:] [ManualAdjust] 当前外参 [lidar_front→lidar_rear]:
[2026-04-07 18:09:38.869] [info] [LiDAR-LiDAR] [:]   旋转 RPY: (91.1810, -0.4593, 179.8439) deg
[2026-04-07 18:09:38.869] [info] [LiDAR-LiDAR] [:]   平移 XYZ: (-0.4766, -0.0161, 0.0805) m
[2026-04-07 18:09:38.900] [info] [LiDAR-LiDAR] [:] [ManualLidarLidar] Key=q ROLL_PLUS
[2026-04-07 18:09:38.900] [info] [LiDAR-LiDAR] [:] [ManualAdjust] 当前外参 [lidar_front→lidar_rear]:
[2026-04-07 18:09:38.900] [info] [LiDAR-LiDAR] [:]   旋转 RPY: (91.2810, -0.4593, 179.8439) deg
[2026-04-07 18:09:38.900] [info] [LiDAR-LiDAR] [:]   平移 XYZ: (-0.4766, -0.0161, 0.0805) m
[2026-04-07 18:09:38.949] [info] [LiDAR-LiDAR] [:] [ManualLidarLidar] Key=q ROLL_PLUS
[2026-04-07 18:09:38.949] [info] [LiDAR-LiDAR] [:] [ManualAdjust] 当前外参 [lidar_front→lidar_rear]:
[2026-04-07 18:09:38.949] [info] [LiDAR-LiDAR] [:]   旋转 RPY: (91.3810, -0.4593, 179.8439) deg
[2026-04-07 18:09:38.949] [info] [LiDAR-LiDAR] [:]   平移 XYZ: (-0.4766, -0.0161, 0.0805) m
[2026-04-07 18:09:38.977] [info] [LiDAR-LiDAR] [:] [ManualLidarLidar] Key=q ROLL_PLUS
[2026-04-07 18:09:38.977] [info] [LiDAR-LiDAR] [:] [ManualAdjust] 当前外参 [lidar_front→lidar_rear]:
[2026-04-07 18:09:38.977] [info] [LiDAR-LiDAR] [:]   旋转 RPY: (91.4810, -0.4593, 179.8439) deg
[2026-04-07 18:09:38.977] [info] [LiDAR-LiDAR] [:]   平移 XYZ: (-0.4766, -0.0161, 0.0805) m
[2026-04-07 18:09:39.001] [info] [LiDAR-LiDAR] [:] [ManualLidarLidar] Key=q ROLL_PLUS
[2026-04-07 18:09:39.001] [info] [LiDAR-LiDAR] [:] [ManualAdjust] 当前外参 [lidar_front→lidar_rear]:
[2026-04-07 18:09:39.001] [info] [LiDAR-LiDAR] [:]   旋转 RPY: (91.5810, -0.4593, 179.8439) deg
[2026-04-07 18:09:39.001] [info] [LiDAR-LiDAR] [:]   平移 XYZ: (-0.4766, -0.0161, 0.0805) m
[2026-04-07 18:09:39.028] [info] [LiDAR-LiDAR] [:] [ManualLidarLidar] Key=q ROLL_PLUS
[2026-04-07 18:09:39.028] [info] [LiDAR-LiDAR] [:] [ManualAdjust] 当前外参 [lidar_front→lidar_rear]:
[2026-04-07 18:09:39.028] [info] [LiDAR-LiDAR] [:]   旋转 RPY: (91.6810, -0.4593, 179.8439) deg
[2026-04-07 18:09:39.028] [info] [LiDAR-LiDAR] [:]   平移 XYZ: (-0.4766, -0.0161, 0.0805) m
[2026-04-07 18:09:39.080] [info] [LiDAR-LiDAR] [:] [ManualLidarLidar] Key=q ROLL_PLUS
[2026-04-07 18:09:39.080] [info] [LiDAR-LiDAR] [:] [ManualAdjust] 当前外参 [lidar_front→lidar_rear]:
[2026-04-07 18:09:39.080] [info] [LiDAR-LiDAR] [:]   旋转 RPY: (91.7810, -0.4593, 179.8439) deg
[2026-04-07 18:09:39.080] [info] [LiDAR-LiDAR] [:]   平移 XYZ: (-0.4766, -0.0161, 0.0805) m
[2026-04-07 18:09:39.108] [info] [LiDAR-LiDAR] [:] [ManualLidarLidar] Key=q ROLL_PLUS
[2026-04-07 18:09:39.108] [info] [LiDAR-LiDAR] [:] [ManualAdjust] 当前外参 [lidar_front→lidar_rear]:
[2026-04-07 18:09:39.108] [info] [LiDAR-LiDAR] [:]   旋转 RPY: (91.8810, -0.4593, 179.8439) deg
[2026-04-07 18:09:39.108] [info] [LiDAR-LiDAR] [:]   平移 XYZ: (-0.4766, -0.0161, 0.0805) m
[2026-04-07 18:09:39.134] [info] [LiDAR-LiDAR] [:] [ManualLidarLidar] Key=q ROLL_PLUS
[2026-04-07 18:09:39.134] [info] [LiDAR-LiDAR] [:] [ManualAdjust] 当前外参 [lidar_front→lidar_rear]:
[2026-04-07 18:09:39.134] [info] [LiDAR-LiDAR] [:]   旋转 RPY: (91.9810, -0.4593, 179.8439) deg
[2026-04-07 18:09:39.134] [info] [LiDAR-LiDAR] [:]   平移 XYZ: (-0.4766, -0.0161, 0.0805) m
[2026-04-07 18:09:39.157] [info] [LiDAR-LiDAR] [:] [ManualLidarLidar] Key=q ROLL_PLUS
[2026-04-07 18:09:39.157] [info] [LiDAR-LiDAR] [:] [ManualAdjust] 当前外参 [lidar_front→lidar_rear]:
[2026-04-07 18:09:39.157] [info] [LiDAR-LiDAR] [:]   旋转 RPY: (92.0810, -0.4593, 179.8439) deg
[2026-04-07 18:09:39.157] [info] [LiDAR-LiDAR] [:]   平移 XYZ: (-0.4766, -0.0161, 0.0805) m
[2026-04-07 18:09:39.186] [info] [LiDAR-LiDAR] [:] [ManualLidarLidar] Key=q ROLL_PLUS
[2026-04-07 18:09:39.186] [info] [LiDAR-LiDAR] [:] [ManualAdjust] 当前外参 [lidar_front→lidar_rear]:
[2026-04-07 18:09:39.186] [info] [LiDAR-LiDAR] [:]   旋转 RPY: (92.1810, -0.4593, 179.8439) deg
[2026-04-07 18:09:39.186] [info] [LiDAR-LiDAR] [:]   平移 XYZ: (-0.4766, -0.0161, 0.0805) m
[2026-04-07 18:09:40.169] [info] [LiDAR-LiDAR] [:] [ManualLidarLidar] Key=a ROLL_MINUS
[2026-04-07 18:09:40.169] [info] [LiDAR-LiDAR] [:] [ManualAdjust] 当前外参 [lidar_front→lidar_rear]:
[2026-04-07 18:09:40.169] [info] [LiDAR-LiDAR] [:]   旋转 RPY: (92.0810, -0.4593, 179.8439) deg
[2026-04-07 18:09:40.169] [info] [LiDAR-LiDAR] [:]   平移 XYZ: (-0.4766, -0.0161, 0.0805) m
[2026-04-07 18:09:40.667] [info] [LiDAR-LiDAR] [:] [ManualLidarLidar] Key=a ROLL_MINUS
[2026-04-07 18:09:40.667] [info] [LiDAR-LiDAR] [:] [ManualAdjust] 当前外参 [lidar_front→lidar_rear]:
[2026-04-07 18:09:40.667] [info] [LiDAR-LiDAR] [:]   旋转 RPY: (91.9810, -0.4593, 179.8439) deg
[2026-04-07 18:09:40.667] [info] [LiDAR-LiDAR] [:]   平移 XYZ: (-0.4766, -0.0161, 0.0805) m
[2026-04-07 18:09:40.690] [info] [LiDAR-LiDAR] [:] [ManualLidarLidar] Key=a ROLL_MINUS
[2026-04-07 18:09:40.690] [info] [LiDAR-LiDAR] [:] [ManualAdjust] 当前外参 [lidar_front→lidar_rear]:
[2026-04-07 18:09:40.690] [info] [LiDAR-LiDAR] [:]   旋转 RPY: (91.8810, -0.4593, 179.8439) deg
[2026-04-07 18:09:40.690] [info] [LiDAR-LiDAR] [:]   平移 XYZ: (-0.4766, -0.0161, 0.0805) m
[2026-04-07 18:09:40.751] [info] [LiDAR-LiDAR] [:] [ManualLidarLidar] Key=a ROLL_MINUS
[2026-04-07 18:09:40.751] [info] [LiDAR-LiDAR] [:] [ManualAdjust] 当前外参 [lidar_front→lidar_rear]:
[2026-04-07 18:09:40.751] [info] [LiDAR-LiDAR] [:]   旋转 RPY: (91.7810, -0.4593, 179.8439) deg
[2026-04-07 18:09:40.751] [info] [LiDAR-LiDAR] [:]   平移 XYZ: (-0.4766, -0.0161, 0.0805) m
[2026-04-07 18:09:40.751] [info] [LiDAR-LiDAR] [:] [ManualLidarLidar] Key=a ROLL_MINUS
[2026-04-07 18:09:40.751] [info] [LiDAR-LiDAR] [:] [ManualAdjust] 当前外参 [lidar_front→lidar_rear]:
[2026-04-07 18:09:40.751] [info] [LiDAR-LiDAR] [:]   旋转 RPY: (91.6810, -0.4593, 179.8439) deg
[2026-04-07 18:09:40.751] [info] [LiDAR-LiDAR] [:]   平移 XYZ: (-0.4766, -0.0161, 0.0805) m
[2026-04-07 18:09:40.790] [info] [LiDAR-LiDAR] [:] [ManualLidarLidar] Key=a ROLL_MINUS
[2026-04-07 18:09:40.790] [info] [LiDAR-LiDAR] [:] [ManualAdjust] 当前外参 [lidar_front→lidar_rear]:
[2026-04-07 18:09:40.790] [info] [LiDAR-LiDAR] [:]   旋转 RPY: (91.5810, -0.4593, 179.8439) deg
[2026-04-07 18:09:40.790] [info] [LiDAR-LiDAR] [:]   平移 XYZ: (-0.4766, -0.0161, 0.0805) m
[2026-04-07 18:09:40.812] [info] [LiDAR-LiDAR] [:] [ManualLidarLidar] Key=a ROLL_MINUS
[2026-04-07 18:09:40.812] [info] [LiDAR-LiDAR] [:] [ManualAdjust] 当前外参 [lidar_front→lidar_rear]:
[2026-04-07 18:09:40.812] [info] [LiDAR-LiDAR] [:]   旋转 RPY: (91.4810, -0.4593, 179.8439) deg
[2026-04-07 18:09:40.812] [info] [LiDAR-LiDAR] [:]   平移 XYZ: (-0.4766, -0.0161, 0.0805) m
[2026-04-07 18:09:40.849] [info] [LiDAR-LiDAR] [:] [ManualLidarLidar] Key=a ROLL_MINUS
[2026-04-07 18:09:40.849] [info] [LiDAR-LiDAR] [:] [ManualAdjust] 当前外参 [lidar_front→lidar_rear]:
[2026-04-07 18:09:40.849] [info] [LiDAR-LiDAR] [:]   旋转 RPY: (91.3810, -0.4593, 179.8439) deg
[2026-04-07 18:09:40.849] [info] [LiDAR-LiDAR] [:]   平移 XYZ: (-0.4766, -0.0161, 0.0805) m
[2026-04-07 18:09:40.875] [info] [LiDAR-LiDAR] [:] [ManualLidarLidar] Key=a ROLL_MINUS
[2026-04-07 18:09:40.875] [info] [LiDAR-LiDAR] [:] [ManualAdjust] 当前外参 [lidar_front→lidar_rear]:
[2026-04-07 18:09:40.875] [info] [LiDAR-LiDAR] [:]   旋转 RPY: (91.2810, -0.4593, 179.8439) deg
[2026-04-07 18:09:40.875] [info] [LiDAR-LiDAR] [:]   平移 XYZ: (-0.4766, -0.0161, 0.0805) m
[2026-04-07 18:09:40.932] [info] [LiDAR-LiDAR] [:] [ManualLidarLidar] Key=a ROLL_MINUS
[2026-04-07 18:09:40.932] [info] [LiDAR-LiDAR] [:] [ManualAdjust] 当前外参 [lidar_front→lidar_rear]:
[2026-04-07 18:09:40.932] [info] [LiDAR-LiDAR] [:]   旋转 RPY: (91.1810, -0.4593, 179.8439) deg
[2026-04-07 18:09:40.932] [info] [LiDAR-LiDAR] [:]   平移 XYZ: (-0.4766, -0.0161, 0.0805) m
[2026-04-07 18:09:40.962] [info] [LiDAR-LiDAR] [:] [ManualLidarLidar] Key=a ROLL_MINUS
[2026-04-07 18:09:40.962] [info] [LiDAR-LiDAR] [:] [ManualAdjust] 当前外参 [lidar_front→lidar_rear]:
[2026-04-07 18:09:40.962] [info] [LiDAR-LiDAR] [:]   旋转 RPY: (91.0810, -0.4593, 179.8439) deg
[2026-04-07 18:09:40.962] [info] [LiDAR-LiDAR] [:]   平移 XYZ: (-0.4766, -0.0161, 0.0805) m
[2026-04-07 18:09:40.991] [info] [LiDAR-LiDAR] [:] [ManualLidarLidar] Key=a ROLL_MINUS
[2026-04-07 18:09:40.991] [info] [LiDAR-LiDAR] [:] [ManualAdjust] 当前外参 [lidar_front→lidar_rear]:
[2026-04-07 18:09:40.991] [info] [LiDAR-LiDAR] [:]   旋转 RPY: (90.9810, -0.4593, 179.8439) deg
[2026-04-07 18:09:40.991] [info] [LiDAR-LiDAR] [:]   平移 XYZ: (-0.4766, -0.0161, 0.0805) m
[2026-04-07 18:09:41.019] [info] [LiDAR-LiDAR] [:] [ManualLidarLidar] Key=a ROLL_MINUS
[2026-04-07 18:09:41.019] [info] [LiDAR-LiDAR] [:] [ManualAdjust] 当前外参 [lidar_front→lidar_rear]:
[2026-04-07 18:09:41.019] [info] [LiDAR-LiDAR] [:]   旋转 RPY: (90.8810, -0.4593, 179.8439) deg
[2026-04-07 18:09:41.019] [info] [LiDAR-LiDAR] [:]   平移 XYZ: (-0.4766, -0.0161, 0.0805) m
[2026-04-07 18:09:41.053] [info] [LiDAR-LiDAR] [:] [ManualLidarLidar] Key=a ROLL_MINUS
[2026-04-07 18:09:41.053] [info] [LiDAR-LiDAR] [:] [ManualAdjust] 当前外参 [lidar_front→lidar_rear]:
[2026-04-07 18:09:41.053] [info] [LiDAR-LiDAR] [:]   旋转 RPY: (90.7810, -0.4593, 179.8439) deg
[2026-04-07 18:09:41.053] [info] [LiDAR-LiDAR] [:]   平移 XYZ: (-0.4766, -0.0161, 0.0805) m
[2026-04-07 18:09:41.082] [info] [LiDAR-LiDAR] [:] [ManualLidarLidar] Key=a ROLL_MINUS
[2026-04-07 18:09:41.082] [info] [LiDAR-LiDAR] [:] [ManualAdjust] 当前外参 [lidar_front→lidar_rear]:
[2026-04-07 18:09:41.082] [info] [LiDAR-LiDAR] [:]   旋转 RPY: (90.6810, -0.4593, 179.8439) deg
[2026-04-07 18:09:41.082] [info] [LiDAR-LiDAR] [:]   平移 XYZ: (-0.4766, -0.0161, 0.0805) m
[2026-04-07 18:09:41.114] [info] [LiDAR-LiDAR] [:] [ManualLidarLidar] Key=a ROLL_MINUS
[2026-04-07 18:09:41.114] [info] [LiDAR-LiDAR] [:] [ManualAdjust] 当前外参 [lidar_front→lidar_rear]:
[2026-04-07 18:09:41.114] [info] [LiDAR-LiDAR] [:]   旋转 RPY: (90.5810, -0.4593, 179.8439) deg
[2026-04-07 18:09:41.114] [info] [LiDAR-LiDAR] [:]   平移 XYZ: (-0.4766, -0.0161, 0.0805) m
[2026-04-07 18:09:41.140] [info] [LiDAR-LiDAR] [:] [ManualLidarLidar] Key=a ROLL_MINUS
[2026-04-07 18:09:41.140] [info] [LiDAR-LiDAR] [:] [ManualAdjust] 当前外参 [lidar_front→lidar_rear]:
[2026-04-07 18:09:41.140] [info] [LiDAR-LiDAR] [:]   旋转 RPY: (90.4810, -0.4593, 179.8439) deg
[2026-04-07 18:09:41.140] [info] [LiDAR-LiDAR] [:]   平移 XYZ: (-0.4766, -0.0161, 0.0805) m
[2026-04-07 18:09:41.177] [info] [LiDAR-LiDAR] [:] [ManualLidarLidar] Key=a ROLL_MINUS
[2026-04-07 18:09:41.177] [info] [LiDAR-LiDAR] [:] [ManualAdjust] 当前外参 [lidar_front→lidar_rear]:
[2026-04-07 18:09:41.177] [info] [LiDAR-LiDAR] [:]   旋转 RPY: (90.3810, -0.4593, 179.8439) deg
[2026-04-07 18:09:41.177] [info] [LiDAR-LiDAR] [:]   平移 XYZ: (-0.4766, -0.0161, 0.0805) m
[2026-04-07 18:09:41.207] [info] [LiDAR-LiDAR] [:] [ManualLidarLidar] Key=a ROLL_MINUS
[2026-04-07 18:09:41.207] [info] [LiDAR-LiDAR] [:] [ManualAdjust] 当前外参 [lidar_front→lidar_rear]:
[2026-04-07 18:09:41.207] [info] [LiDAR-LiDAR] [:]   旋转 RPY: (90.2810, -0.4593, 179.8439) deg
[2026-04-07 18:09:41.207] [info] [LiDAR-LiDAR] [:]   平移 XYZ: (-0.4766, -0.0161, 0.0805) m
[2026-04-07 18:09:41.235] [info] [LiDAR-LiDAR] [:] [ManualLidarLidar] Key=a ROLL_MINUS
[2026-04-07 18:09:41.235] [info] [LiDAR-LiDAR] [:] [ManualAdjust] 当前外参 [lidar_front→lidar_rear]:
[2026-04-07 18:09:41.235] [info] [LiDAR-LiDAR] [:]   旋转 RPY: (90.1810, -0.4593, 179.8439) deg
[2026-04-07 18:09:41.235] [info] [LiDAR-LiDAR] [:]   平移 XYZ: (-0.4766, -0.0161, 0.0805) m
[2026-04-07 18:09:41.269] [info] [LiDAR-LiDAR] [:] [ManualLidarLidar] Key=a ROLL_MINUS
[2026-04-07 18:09:41.269] [info] [LiDAR-LiDAR] [:] [ManualAdjust] 当前外参 [lidar_front→lidar_rear]:
[2026-04-07 18:09:41.269] [info] [LiDAR-LiDAR] [:]   旋转 RPY: (90.0810, -0.4593, 179.8439) deg
[2026-04-07 18:09:41.269] [info] [LiDAR-LiDAR] [:]   平移 XYZ: (-0.4766, -0.0161, 0.0805) m
[2026-04-07 18:09:41.619] [info] [LiDAR-LiDAR] [:] [ManualLidarLidar] Key=a ROLL_MINUS
[2026-04-07 18:09:41.619] [info] [LiDAR-LiDAR] [:] [ManualAdjust] 当前外参 [lidar_front→lidar_rear]:
[2026-04-07 18:09:41.619] [info] [LiDAR-LiDAR] [:]   旋转 RPY: (89.9810, -0.4593, 179.8439) deg
[2026-04-07 18:09:41.619] [info] [LiDAR-LiDAR] [:]   平移 XYZ: (-0.4766, -0.0161, 0.0805) m
[2026-04-07 18:09:42.113] [info] [LiDAR-LiDAR] [:] [ManualLidarLidar] Key=a ROLL_MINUS
[2026-04-07 18:09:42.113] [info] [LiDAR-LiDAR] [:] [ManualAdjust] 当前外参 [lidar_front→lidar_rear]:
[2026-04-07 18:09:42.113] [info] [LiDAR-LiDAR] [:]   旋转 RPY: (89.8810, -0.4593, 179.8439) deg
[2026-04-07 18:09:42.113] [info] [LiDAR-LiDAR] [:]   平移 XYZ: (-0.4766, -0.0161, 0.0805) m
[2026-04-07 18:09:42.146] [info] [LiDAR-LiDAR] [:] [ManualLidarLidar] Key=a ROLL_MINUS
[2026-04-07 18:09:42.147] [info] [LiDAR-LiDAR] [:] [ManualAdjust] 当前外参 [lidar_front→lidar_rear]:
[2026-04-07 18:09:42.147] [info] [LiDAR-LiDAR] [:]   旋转 RPY: (89.7810, -0.4593, 179.8439) deg
[2026-04-07 18:09:42.147] [info] [LiDAR-LiDAR] [:]   平移 XYZ: (-0.4766, -0.0161, 0.0805) m
[2026-04-07 18:09:42.173] [info] [LiDAR-LiDAR] [:] [ManualLidarLidar] Key=a ROLL_MINUS
[2026-04-07 18:09:42.173] [info] [LiDAR-LiDAR] [:] [ManualAdjust] 当前外参 [lidar_front→lidar_rear]:
[2026-04-07 18:09:42.173] [info] [LiDAR-LiDAR] [:]   旋转 RPY: (89.6810, -0.4593, 179.8439) deg
[2026-04-07 18:09:42.173] [info] [LiDAR-LiDAR] [:]   平移 XYZ: (-0.4766, -0.0161, 0.0805) m
[2026-04-07 18:09:42.208] [info] [LiDAR-LiDAR] [:] [ManualLidarLidar] Key=a ROLL_MINUS
[2026-04-07 18:09:42.209] [info] [LiDAR-LiDAR] [:] [ManualAdjust] 当前外参 [lidar_front→lidar_rear]:
[2026-04-07 18:09:42.209] [info] [LiDAR-LiDAR] [:]   旋转 RPY: (89.5810, -0.4593, 179.8439) deg
[2026-04-07 18:09:42.209] [info] [LiDAR-LiDAR] [:]   平移 XYZ: (-0.4766, -0.0161, 0.0805) m
[2026-04-07 18:09:42.249] [info] [LiDAR-LiDAR] [:] [ManualLidarLidar] Key=a ROLL_MINUS
[2026-04-07 18:09:42.249] [info] [LiDAR-LiDAR] [:] [ManualAdjust] 当前外参 [lidar_front→lidar_rear]:
[2026-04-07 18:09:42.249] [info] [LiDAR-LiDAR] [:]   旋转 RPY: (89.4810, -0.4593, 179.8439) deg
[2026-04-07 18:09:42.249] [info] [LiDAR-LiDAR] [:]   平移 XYZ: (-0.4766, -0.0161, 0.0805) m
[2026-04-07 18:09:42.270] [info] [LiDAR-LiDAR] [:] [ManualLidarLidar] Key=a ROLL_MINUS
[2026-04-07 18:09:42.270] [info] [LiDAR-LiDAR] [:] [ManualAdjust] 当前外参 [lidar_front→lidar_rear]:
[2026-04-07 18:09:42.270] [info] [LiDAR-LiDAR] [:]   旋转 RPY: (89.3810, -0.4593, 179.8439) deg
[2026-04-07 18:09:42.270] [info] [LiDAR-LiDAR] [:]   平移 XYZ: (-0.4766, -0.0161, 0.0805) m
[2026-04-07 18:09:42.299] [info] [LiDAR-LiDAR] [:] [ManualLidarLidar] Key=a ROLL_MINUS
[2026-04-07 18:09:42.299] [info] [LiDAR-LiDAR] [:] [ManualAdjust] 当前外参 [lidar_front→lidar_rear]:
[2026-04-07 18:09:42.299] [info] [LiDAR-LiDAR] [:]   旋转 RPY: (89.2810, -0.4593, 179.8439) deg
[2026-04-07 18:09:42.299] [info] [LiDAR-LiDAR] [:]   平移 XYZ: (-0.4766, -0.0161, 0.0805) m
[2026-04-07 18:09:42.330] [info] [LiDAR-LiDAR] [:] [ManualLidarLidar] Key=a ROLL_MINUS
[2026-04-07 18:09:42.330] [info] [LiDAR-LiDAR] [:] [ManualAdjust] 当前外参 [lidar_front→lidar_rear]:
[2026-04-07 18:09:42.330] [info] [LiDAR-LiDAR] [:]   旋转 RPY: (89.1810, -0.4593, 179.8439) deg
[2026-04-07 18:09:42.330] [info] [LiDAR-LiDAR] [:]   平移 XYZ: (-0.4766, -0.0161, 0.0805) m
[2026-04-07 18:09:42.361] [info] [LiDAR-LiDAR] [:] [ManualLidarLidar] Key=a ROLL_MINUS
[2026-04-07 18:09:42.361] [info] [LiDAR-LiDAR] [:] [ManualAdjust] 当前外参 [lidar_front→lidar_rear]:
[2026-04-07 18:09:42.361] [info] [LiDAR-LiDAR] [:]   旋转 RPY: (89.0810, -0.4593, 179.8439) deg
[2026-04-07 18:09:42.361] [info] [LiDAR-LiDAR] [:]   平移 XYZ: (-0.4766, -0.0161, 0.0805) m
[2026-04-07 18:09:42.390] [info] [LiDAR-LiDAR] [:] [ManualLidarLidar] Key=a ROLL_MINUS
[2026-04-07 18:09:42.390] [info] [LiDAR-LiDAR] [:] [ManualAdjust] 当前外参 [lidar_front→lidar_rear]:
[2026-04-07 18:09:42.390] [info] [LiDAR-LiDAR] [:]   旋转 RPY: (88.9810, -0.4593, 179.8439) deg
[2026-04-07 18:09:42.390] [info] [LiDAR-LiDAR] [:]   平移 XYZ: (-0.4766, -0.0161, 0.0805) m
[2026-04-07 18:09:42.417] [info] [LiDAR-LiDAR] [:] [ManualLidarLidar] Key=a ROLL_MINUS
[2026-04-07 18:09:42.417] [info] [LiDAR-LiDAR] [:] [ManualAdjust] 当前外参 [lidar_front→lidar_rear]:
[2026-04-07 18:09:42.417] [info] [LiDAR-LiDAR] [:]   旋转 RPY: (88.8810, -0.4593, 179.8439) deg
[2026-04-07 18:09:42.417] [info] [LiDAR-LiDAR] [:]   平移 XYZ: (-0.4766, -0.0161, 0.0805) m
[2026-04-07 18:09:42.449] [info] [LiDAR-LiDAR] [:] [ManualLidarLidar] Key=a ROLL_MINUS
[2026-04-07 18:09:42.449] [info] [LiDAR-LiDAR] [:] [ManualAdjust] 当前外参 [lidar_front→lidar_rear]:
[2026-04-07 18:09:42.449] [info] [LiDAR-LiDAR] [:]   旋转 RPY: (88.7810, -0.4593, 179.8439) deg
[2026-04-07 18:09:42.449] [info] [LiDAR-LiDAR] [:]   平移 XYZ: (-0.4766, -0.0161, 0.0805) m
[2026-04-07 18:09:42.498] [info] [LiDAR-LiDAR] [:] [ManualLidarLidar] Key=a ROLL_MINUS
[2026-04-07 18:09:42.498] [info] [LiDAR-LiDAR] [:] [ManualAdjust] 当前外参 [lidar_front→lidar_rear]:
[2026-04-07 18:09:42.498] [info] [LiDAR-LiDAR] [:]   旋转 RPY: (88.6810, -0.4593, 179.8439) deg
[2026-04-07 18:09:42.498] [info] [LiDAR-LiDAR] [:]   平移 XYZ: (-0.4766, -0.0161, 0.0805) m
[2026-04-07 18:09:42.520] [info] [LiDAR-LiDAR] [:] [ManualLidarLidar] Key=a ROLL_MINUS
[2026-04-07 18:09:42.520] [info] [LiDAR-LiDAR] [:] [ManualAdjust] 当前外参 [lidar_front→lidar_rear]:
[2026-04-07 18:09:42.520] [info] [LiDAR-LiDAR] [:]   旋转 RPY: (88.5810, -0.4593, 179.8439) deg
[2026-04-07 18:09:42.520] [info] [LiDAR-LiDAR] [:]   平移 XYZ: (-0.4766, -0.0161, 0.0805) m
[2026-04-07 18:09:42.546] [info] [LiDAR-LiDAR] [:] [ManualLidarLidar] Key=a ROLL_MINUS
[2026-04-07 18:09:42.546] [info] [LiDAR-LiDAR] [:] [ManualAdjust] 当前外参 [lidar_front→lidar_rear]:
[2026-04-07 18:09:42.546] [info] [LiDAR-LiDAR] [:]   旋转 RPY: (88.4810, -0.4593, 179.8439) deg
[2026-04-07 18:09:42.546] [info] [LiDAR-LiDAR] [:]   平移 XYZ: (-0.4766, -0.0161, 0.0805) m
[2026-04-07 18:09:42.574] [info] [LiDAR-LiDAR] [:] [ManualLidarLidar] Key=a ROLL_MINUS
[2026-04-07 18:09:42.574] [info] [LiDAR-LiDAR] [:] [ManualAdjust] 当前外参 [lidar_front→lidar_rear]:
[2026-04-07 18:09:42.574] [info] [LiDAR-LiDAR] [:]   旋转 RPY: (88.3810, -0.4593, 179.8439) deg
[2026-04-07 18:09:42.574] [info] [LiDAR-LiDAR] [:]   平移 XYZ: (-0.4766, -0.0161, 0.0805) m
[2026-04-07 18:09:42.599] [info] [LiDAR-LiDAR] [:] [ManualLidarLidar] Key=a ROLL_MINUS
[2026-04-07 18:09:42.599] [info] [LiDAR-LiDAR] [:] [ManualAdjust] 当前外参 [lidar_front→lidar_rear]:
[2026-04-07 18:09:42.599] [info] [LiDAR-LiDAR] [:]   旋转 RPY: (88.2810, -0.4593, 179.8439) deg
[2026-04-07 18:09:42.599] [info] [LiDAR-LiDAR] [:]   平移 XYZ: (-0.4766, -0.0161, 0.0805) m
[2026-04-07 18:09:42.629] [info] [LiDAR-LiDAR] [:] [ManualLidarLidar] Key=a ROLL_MINUS
[2026-04-07 18:09:42.629] [info] [LiDAR-LiDAR] [:] [ManualAdjust] 当前外参 [lidar_front→lidar_rear]:
[2026-04-07 18:09:42.629] [info] [LiDAR-LiDAR] [:]   旋转 RPY: (88.1810, -0.4593, 179.8439) deg
[2026-04-07 18:09:42.629] [info] [LiDAR-LiDAR] [:]   平移 XYZ: (-0.4766, -0.0161, 0.0805) m
[2026-04-07 18:09:42.661] [info] [LiDAR-LiDAR] [:] [ManualLidarLidar] 渲染循环: loop_count=1600 should_quit=false accepted=false
[2026-04-07 18:09:43.139] [info] [LiDAR-LiDAR] [:] [ManualLidarLidar] Key=q ROLL_PLUS
[2026-04-07 18:09:43.139] [info] [LiDAR-LiDAR] [:] [ManualAdjust] 当前外参 [lidar_front→lidar_rear]:
[2026-04-07 18:09:43.139] [info] [LiDAR-LiDAR] [:]   旋转 RPY: (88.2810, -0.4593, 179.8439) deg
[2026-04-07 18:09:43.139] [info] [LiDAR-LiDAR] [:]   平移 XYZ: (-0.4766, -0.0161, 0.0805) m
[2026-04-07 18:09:43.389] [info] [LiDAR-LiDAR] [:] [ManualLidarLidar] Key=q ROLL_PLUS
[2026-04-07 18:09:43.389] [info] [LiDAR-LiDAR] [:] [ManualAdjust] 当前外参 [lidar_front→lidar_rear]:
[2026-04-07 18:09:43.389] [info] [LiDAR-LiDAR] [:]   旋转 RPY: (88.3810, -0.4593, 179.8439) deg
[2026-04-07 18:09:43.389] [info] [LiDAR-LiDAR] [:]   平移 XYZ: (-0.4766, -0.0161, 0.0805) m
[2026-04-07 18:09:43.588] [info] [LiDAR-LiDAR] [:] [ManualLidarLidar] Key=q ROLL_PLUS
[2026-04-07 18:09:43.588] [info] [LiDAR-LiDAR] [:] [ManualAdjust] 当前外参 [lidar_front→lidar_rear]:
[2026-04-07 18:09:43.588] [info] [LiDAR-LiDAR] [:]   旋转 RPY: (88.4810, -0.4593, 179.8439) deg
[2026-04-07 18:09:43.588] [info] [LiDAR-LiDAR] [:]   平移 XYZ: (-0.4766, -0.0161, 0.0805) m
[2026-04-07 18:09:43.819] [info] [LiDAR-LiDAR] [:] [ManualLidarLidar] Key=q ROLL_PLUS
[2026-04-07 18:09:43.819] [info] [LiDAR-LiDAR] [:] [ManualAdjust] 当前外参 [lidar_front→lidar_rear]:
[2026-04-07 18:09:43.819] [info] [LiDAR-LiDAR] [:]   旋转 RPY: (88.5810, -0.4593, 179.8439) deg
[2026-04-07 18:09:43.819] [info] [LiDAR-LiDAR] [:]   平移 XYZ: (-0.4766, -0.0161, 0.0805) m
[2026-04-07 18:09:44.024] [info] [LiDAR-LiDAR] [:] [ManualLidarLidar] Key=q ROLL_PLUS
[2026-04-07 18:09:44.024] [info] [LiDAR-LiDAR] [:] [ManualAdjust] 当前外参 [lidar_front→lidar_rear]:
[2026-04-07 18:09:44.024] [info] [LiDAR-LiDAR] [:]   旋转 RPY: (88.6810, -0.4593, 179.8439) deg
[2026-04-07 18:09:44.024] [info] [LiDAR-LiDAR] [:]   平移 XYZ: (-0.4766, -0.0161, 0.0805) m
[2026-04-07 18:09:44.245] [info] [LiDAR-LiDAR] [:] [ManualLidarLidar] Key=q ROLL_PLUS
[2026-04-07 18:09:44.245] [info] [LiDAR-LiDAR] [:] [ManualAdjust] 当前外参 [lidar_front→lidar_rear]:
[2026-04-07 18:09:44.245] [info] [LiDAR-LiDAR] [:]   旋转 RPY: (88.7810, -0.4593, 179.8439) deg
[2026-04-07 18:09:44.245] [info] [LiDAR-LiDAR] [:]   平移 XYZ: (-0.4766, -0.0161, 0.0805) m
[2026-04-07 18:09:47.912] [info] [LiDAR-LiDAR] [:] [ManualLidarLidar] 渲染循环: loop_count=1800 should_quit=false accepted=false
[2026-04-07 18:09:53.096] [info] [LiDAR-LiDAR] [:] [ManualLidarLidar] 渲染循环: loop_count=2000 should_quit=false accepted=false
[2026-04-07 18:09:58.444] [info] [LiDAR-LiDAR] [:] [ManualLidarLidar] 渲染循环: loop_count=2200 should_quit=false accepted=false
[2026-04-07 18:10:01.355] [info] [LiDAR-LiDAR] [:] [ManualLidarLidar] Key=Esc QuitAll
[2026-04-07 18:10:01.360] [info] [LiDAR-LiDAR] [:] [ManualLidarLidar] 跳出循环: loop_count=2307 should_quit=true accepted=false
[2026-04-07 18:10:01.360] [info] [LiDAR-LiDAR] [:] [ManualLidarLidar] 用户取消
[2026-04-07 18:10:01.360] [info] [LiDAR-LiDAR] [:] [ManualLidarLidar] DestroyWindow 开始
[2026-04-07 18:10:01.380] [info] [LiDAR-LiDAR] [:] [ManualLidarLidar] DestroyWindow 完成
[2026-04-07 18:10:01.380] [info] [LiDAR-LiDAR] [:] [ManualSession] 用户取消，保留自动标定结果
[2026-04-07 18:10:01.381] [info] [LiDAR-LiDAR] [:] [ManualSession] 会话已保存: ./results/manual_sessions/session_2026-04-07_18-09-10.yaml
[2026-04-07 18:10:01.381] [info] [LiDAR-LiDAR] [:] [LiDAR-LiDAR][Manual] 手动微调结束，rpy_deg=  89.681 -0.45927  179.844 xyz_m= -0.476621 -0.0161414   0.080475
[2026-04-07 18:10:01.381] [info] [LiDAR-LiDAR] [:]   结果已保存: ./results/lidar_lidar_extrinsic/lidar_front_to_lidar_rear.yaml
[2026-04-07 18:10:01.381] [info] [LiDAR-LiDAR] [:] LiDAR-LiDAR 标定完成: 1 对
