
 ╔═══════════════════════════════════════════════════════╗
 ║   UniCalib — LiDAR-LiDAR 外参标定                     ║
 ║   两阶段: NDT粗标定 → GICP/NDT精标定                   ║
 ╚═══════════════════════════════════════════════════════╝

[LiDAR-LiDAR][Args] config=/root/calib_ws/calib_unified/config/unicalib_example.yaml data_dir=/root/calib_ws/data output_dir=/root/calib_ws/results no_viz=false manual=true log_level=info
[2026-04-21 17:20:38.226] [info] [LiDAR-LiDAR] [:] [LiDAR-LiDAR][Init] 日志文件: /root/calib_ws/results/logs/lidar_lidar_20260421_172038.log
[2026-04-21 17:20:38.227] [info] [LiDAR-LiDAR] [:] [LiDAR-LiDAR][Init] 最终 output_dir='./results' data_dir='/root/calib_ws/data' manual=true no_viz=false
[2026-04-21 17:20:38.227] [info] [LiDAR-LiDAR] [:] [LiDAR-LiDAR][Init] 标定对数量: 1
[2026-04-21 17:20:38.227] [info] [LiDAR-LiDAR] [:] 读取系统配置: /root/calib_ws/calib_unified/config/unicalib_example.yaml
[2026-04-21 17:20:38.228] [info] [LiDAR-LiDAR] [:]   IMU: 0, LiDAR: 1, Camera: 1
[2026-04-21 17:20:38.228] [info] [LiDAR-LiDAR] [:] [LiDAR-LiDAR][Init] 从 sensors[] 读取 LiDAR 话题 1 条（与 lidar_lidar.pairs 的 id 对应即可）
[2026-04-21 17:20:38.228] [info] [LiDAR-LiDAR] [:] lidar_lidar.initial_extrinsic 已加载，将跳过粗标定并以该初值进入精标定/手动微调
[2026-04-21 17:20:38.230] [info] [LiDAR-LiDAR] [:] [CalibVisualizer] 初始化完成
[2026-04-21 17:20:38.230] [info] [LiDAR-LiDAR] [:] [Viz/Display] 已自动设置 XDG_RUNTIME_DIR=/tmp（原未设置，避免 GLFW 报错）
[2026-04-21 17:20:38.230] [info] [LiDAR-LiDAR] [:] [Viz/Display] 显示环境 DISPLAY=:1  XDG_RUNTIME_DIR=/tmp  WAYLAND_DISPLAY=(未设置)
[2026-04-21 17:20:38.231] [info] [LiDAR-LiDAR] [:] [PangolinRender] 正在创建窗口与 OpenGL 上下文: UniCalib LiDAR-LiDAR (1280x720)
[2026-04-21 17:20:38.422] [info] [LiDAR-LiDAR] [:] [PangolinRender] CreateWindowAndBind 已完成
[2026-04-21 17:20:38.422] [info] [LiDAR-LiDAR] [:] [PangolinRender] 初始化完成: UniCalib LiDAR-LiDAR (1280x720)  ShouldQuit=false (窗口内容: 网格+坐标轴，点云需后续推送)
[2026-04-21 17:20:38.422] [info] [LiDAR-LiDAR] [:] [Viz/Display] 首帧泵送: 开始 (共 12 帧)
[2026-04-21 17:20:38.423] [info] [LiDAR-LiDAR] [:] [Viz/Render] render_and_handle_input 第 1 次调用 即将调用 pangolin_render_->render()
[2026-04-21 17:20:38.423] [info] [LiDAR-LiDAR] [:] [PangolinRender] 首帧渲染 点云数=0  坐标系数=0 (无点云时仅显示网格与坐标轴)
[2026-04-21 17:20:38.423] [info] [LiDAR-LiDAR] [:] [PangolinRender] render 开始 帧=1
[2026-04-21 17:20:38.446] [info] [LiDAR-LiDAR] [:] [PangolinRender] render 步骤 glClear 完成
[2026-04-21 17:20:38.446] [info] [LiDAR-LiDAR] [:] [PangolinRender] render 步骤 Activate 完成
[2026-04-21 17:20:38.447] [info] [LiDAR-LiDAR] [:] [PangolinRender] render 步骤 grid+axis 完成
[2026-04-21 17:20:38.448] [info] [LiDAR-LiDAR] [:] [PangolinRender] render_point_clouds 本次完成 详细日志次数=1/5
[2026-04-21 17:20:38.448] [info] [LiDAR-LiDAR] [:] [PangolinRender] render 步骤 point_clouds 完成
[2026-04-21 17:20:38.448] [info] [LiDAR-LiDAR] [:] [PangolinRender] render 步骤 frustum+frames 完成
[2026-04-21 17:20:38.465] [info] [LiDAR-LiDAR] [:] [PangolinRender] render 步骤 FinishFrame 完成
[2026-04-21 17:20:38.465] [info] [LiDAR-LiDAR] [:] [Viz/Render] render_and_handle_input 第 1 次 render() 返回 continue_render=true
[2026-04-21 17:20:38.465] [info] [LiDAR-LiDAR] [:] [Viz/Display] 首帧泵送 第 1/12 帧 render_ok=true
[2026-04-21 17:20:38.485] [info] [LiDAR-LiDAR] [:] [Viz/Render] render_and_handle_input 第 2 次调用 即将调用 pangolin_render_->render()
[2026-04-21 17:20:38.485] [info] [LiDAR-LiDAR] [:] [PangolinRender] render 开始 帧=2
[2026-04-21 17:20:38.485] [info] [LiDAR-LiDAR] [:] [PangolinRender] render 步骤 glClear 完成
[2026-04-21 17:20:38.485] [info] [LiDAR-LiDAR] [:] [PangolinRender] render 步骤 Activate 完成
[2026-04-21 17:20:38.485] [info] [LiDAR-LiDAR] [:] [PangolinRender] render 步骤 grid+axis 完成
[2026-04-21 17:20:38.485] [info] [LiDAR-LiDAR] [:] [PangolinRender] render_point_clouds 本次完成 详细日志次数=2/5
[2026-04-21 17:20:38.485] [info] [LiDAR-LiDAR] [:] [PangolinRender] render 步骤 point_clouds 完成
[2026-04-21 17:20:38.485] [info] [LiDAR-LiDAR] [:] [PangolinRender] render 步骤 frustum+frames 完成
[2026-04-21 17:20:38.485] [info] [LiDAR-LiDAR] [:] [PangolinRender] render 步骤 FinishFrame 完成
[2026-04-21 17:20:38.485] [info] [LiDAR-LiDAR] [:] [Viz/Render] render_and_handle_input 第 2 次 render() 返回 continue_render=true
[2026-04-21 17:20:38.505] [info] [LiDAR-LiDAR] [:] [Viz/Render] render_and_handle_input 第 3 次调用 即将调用 pangolin_render_->render()
[2026-04-21 17:20:38.506] [info] [LiDAR-LiDAR] [:] [PangolinRender] render 开始 帧=3
[2026-04-21 17:20:38.506] [info] [LiDAR-LiDAR] [:] [PangolinRender] render 步骤 glClear 完成
[2026-04-21 17:20:38.506] [info] [LiDAR-LiDAR] [:] [PangolinRender] render 步骤 Activate 完成
[2026-04-21 17:20:38.506] [info] [LiDAR-LiDAR] [:] [PangolinRender] render 步骤 grid+axis 完成
[2026-04-21 17:20:38.506] [info] [LiDAR-LiDAR] [:] [PangolinRender] render_point_clouds 本次完成 详细日志次数=3/5
[2026-04-21 17:20:38.506] [info] [LiDAR-LiDAR] [:] [PangolinRender] render 步骤 point_clouds 完成
[2026-04-21 17:20:38.506] [info] [LiDAR-LiDAR] [:] [PangolinRender] render 步骤 frustum+frames 完成
[2026-04-21 17:20:38.506] [info] [LiDAR-LiDAR] [:] [PangolinRender] render 步骤 FinishFrame 完成
[2026-04-21 17:20:38.506] [info] [LiDAR-LiDAR] [:] [Viz/Render] render_and_handle_input 第 3 次 render() 返回 continue_render=true
[2026-04-21 17:20:38.526] [info] [LiDAR-LiDAR] [:] [Viz/Render] render_and_handle_input 第 4 次调用 即将调用 pangolin_render_->render()
[2026-04-21 17:20:38.526] [info] [LiDAR-LiDAR] [:] [PangolinRender] render 开始 帧=4
[2026-04-21 17:20:38.526] [info] [LiDAR-LiDAR] [:] [PangolinRender] render 步骤 glClear 完成
[2026-04-21 17:20:38.526] [info] [LiDAR-LiDAR] [:] [PangolinRender] render 步骤 Activate 完成
[2026-04-21 17:20:38.526] [info] [LiDAR-LiDAR] [:] [PangolinRender] render 步骤 grid+axis 完成
[2026-04-21 17:20:38.526] [info] [LiDAR-LiDAR] [:] [PangolinRender] render_point_clouds 本次完成 详细日志次数=4/5
[2026-04-21 17:20:38.526] [info] [LiDAR-LiDAR] [:] [PangolinRender] render 步骤 point_clouds 完成
[2026-04-21 17:20:38.526] [info] [LiDAR-LiDAR] [:] [PangolinRender] render 步骤 frustum+frames 完成
[2026-04-21 17:20:38.527] [info] [LiDAR-LiDAR] [:] [PangolinRender] render 步骤 FinishFrame 完成
[2026-04-21 17:20:38.527] [info] [LiDAR-LiDAR] [:] [Viz/Render] render_and_handle_input 第 4 次 render() 返回 continue_render=true
[2026-04-21 17:20:38.547] [info] [LiDAR-LiDAR] [:] [Viz/Render] render_and_handle_input 第 5 次调用 即将调用 pangolin_render_->render()
[2026-04-21 17:20:38.547] [info] [LiDAR-LiDAR] [:] [PangolinRender] render 开始 帧=5
[2026-04-21 17:20:38.547] [info] [LiDAR-LiDAR] [:] [PangolinRender] render 步骤 glClear 完成
[2026-04-21 17:20:38.547] [info] [LiDAR-LiDAR] [:] [PangolinRender] render 步骤 Activate 完成
[2026-04-21 17:20:38.547] [info] [LiDAR-LiDAR] [:] [PangolinRender] render 步骤 grid+axis 完成
[2026-04-21 17:20:38.547] [info] [LiDAR-LiDAR] [:] [PangolinRender] render_point_clouds 本次完成 详细日志次数=5/5
[2026-04-21 17:20:38.547] [info] [LiDAR-LiDAR] [:] [PangolinRender] render 步骤 point_clouds 完成
[2026-04-21 17:20:38.547] [info] [LiDAR-LiDAR] [:] [PangolinRender] render 步骤 frustum+frames 完成
[2026-04-21 17:20:38.547] [info] [LiDAR-LiDAR] [:] [PangolinRender] render 步骤 FinishFrame 完成
[2026-04-21 17:20:38.547] [info] [LiDAR-LiDAR] [:] [Viz/Render] render_and_handle_input 第 5 次 render() 返回 continue_render=true
[2026-04-21 17:20:38.567] [info] [LiDAR-LiDAR] [:] [Viz/Render] render_and_handle_input 第 6 次调用 即将调用 pangolin_render_->render()
[2026-04-21 17:20:38.567] [info] [LiDAR-LiDAR] [:] [PangolinRender] render 开始 帧=6
[2026-04-21 17:20:38.567] [info] [LiDAR-LiDAR] [:] [PangolinRender] render 步骤 glClear 完成
[2026-04-21 17:20:38.567] [info] [LiDAR-LiDAR] [:] [PangolinRender] render 步骤 Activate 完成
[2026-04-21 17:20:38.567] [info] [LiDAR-LiDAR] [:] [PangolinRender] render 步骤 grid+axis 完成
[2026-04-21 17:20:38.567] [info] [LiDAR-LiDAR] [:] [PangolinRender] render 步骤 point_clouds 完成
[2026-04-21 17:20:38.567] [info] [LiDAR-LiDAR] [:] [PangolinRender] render 步骤 frustum+frames 完成
[2026-04-21 17:20:38.567] [info] [LiDAR-LiDAR] [:] [PangolinRender] render 步骤 FinishFrame 完成
[2026-04-21 17:20:38.567] [info] [LiDAR-LiDAR] [:] [Viz/Render] render_and_handle_input 第 6 次 render() 返回 continue_render=true
[2026-04-21 17:20:38.587] [info] [LiDAR-LiDAR] [:] [Viz/Render] render_and_handle_input 第 7 次调用 即将调用 pangolin_render_->render()
[2026-04-21 17:20:38.588] [info] [LiDAR-LiDAR] [:] [PangolinRender] render 开始 帧=7
[2026-04-21 17:20:38.588] [info] [LiDAR-LiDAR] [:] [PangolinRender] render 步骤 glClear 完成
[2026-04-21 17:20:38.588] [info] [LiDAR-LiDAR] [:] [PangolinRender] render 步骤 Activate 完成
[2026-04-21 17:20:38.588] [info] [LiDAR-LiDAR] [:] [PangolinRender] render 步骤 grid+axis 完成
[2026-04-21 17:20:38.588] [info] [LiDAR-LiDAR] [:] [PangolinRender] render 步骤 point_clouds 完成
[2026-04-21 17:20:38.588] [info] [LiDAR-LiDAR] [:] [PangolinRender] render 步骤 frustum+frames 完成
[2026-04-21 17:20:38.588] [info] [LiDAR-LiDAR] [:] [PangolinRender] render 步骤 FinishFrame 完成
[2026-04-21 17:20:38.588] [info] [LiDAR-LiDAR] [:] [Viz/Render] render_and_handle_input 第 7 次 render() 返回 continue_render=true
[2026-04-21 17:20:38.608] [info] [LiDAR-LiDAR] [:] [Viz/Render] render_and_handle_input 第 8 次调用 即将调用 pangolin_render_->render()
[2026-04-21 17:20:38.608] [info] [LiDAR-LiDAR] [:] [PangolinRender] render 开始 帧=8
[2026-04-21 17:20:38.608] [info] [LiDAR-LiDAR] [:] [PangolinRender] render 步骤 glClear 完成
[2026-04-21 17:20:38.608] [info] [LiDAR-LiDAR] [:] [PangolinRender] render 步骤 Activate 完成
[2026-04-21 17:20:38.608] [info] [LiDAR-LiDAR] [:] [PangolinRender] render 步骤 grid+axis 完成
[2026-04-21 17:20:38.608] [info] [LiDAR-LiDAR] [:] [PangolinRender] render 步骤 point_clouds 完成
[2026-04-21 17:20:38.608] [info] [LiDAR-LiDAR] [:] [PangolinRender] render 步骤 frustum+frames 完成
[2026-04-21 17:20:38.608] [info] [LiDAR-LiDAR] [:] [PangolinRender] render 步骤 FinishFrame 完成
[2026-04-21 17:20:38.608] [info] [LiDAR-LiDAR] [:] [Viz/Render] render_and_handle_input 第 8 次 render() 返回 continue_render=true
[2026-04-21 17:20:38.629] [info] [LiDAR-LiDAR] [:] [Viz/Render] render_and_handle_input 第 9 次调用 即将调用 pangolin_render_->render()
[2026-04-21 17:20:38.629] [info] [LiDAR-LiDAR] [:] [PangolinRender] render 开始 帧=9
[2026-04-21 17:20:38.629] [info] [LiDAR-LiDAR] [:] [PangolinRender] render 步骤 glClear 完成
[2026-04-21 17:20:38.629] [info] [LiDAR-LiDAR] [:] [PangolinRender] render 步骤 Activate 完成
[2026-04-21 17:20:38.629] [info] [LiDAR-LiDAR] [:] [PangolinRender] render 步骤 grid+axis 完成
[2026-04-21 17:20:38.629] [info] [LiDAR-LiDAR] [:] [PangolinRender] render 步骤 point_clouds 完成
[2026-04-21 17:20:38.629] [info] [LiDAR-LiDAR] [:] [PangolinRender] render 步骤 frustum+frames 完成
[2026-04-21 17:20:38.629] [info] [LiDAR-LiDAR] [:] [PangolinRender] render 步骤 FinishFrame 完成
[2026-04-21 17:20:38.629] [info] [LiDAR-LiDAR] [:] [Viz/Render] render_and_handle_input 第 9 次 render() 返回 continue_render=true
[2026-04-21 17:20:38.649] [info] [LiDAR-LiDAR] [:] [Viz/Render] render_and_handle_input 第 10 次调用 即将调用 pangolin_render_->render()
[2026-04-21 17:20:38.649] [info] [LiDAR-LiDAR] [:] [PangolinRender] render 开始 帧=10
[2026-04-21 17:20:38.649] [info] [LiDAR-LiDAR] [:] [PangolinRender] render 步骤 glClear 完成
[2026-04-21 17:20:38.649] [info] [LiDAR-LiDAR] [:] [PangolinRender] render 步骤 Activate 完成
[2026-04-21 17:20:38.650] [info] [LiDAR-LiDAR] [:] [PangolinRender] render 步骤 grid+axis 完成
[2026-04-21 17:20:38.650] [info] [LiDAR-LiDAR] [:] [PangolinRender] render 步骤 point_clouds 完成
[2026-04-21 17:20:38.650] [info] [LiDAR-LiDAR] [:] [PangolinRender] render 步骤 frustum+frames 完成
[2026-04-21 17:20:38.650] [info] [LiDAR-LiDAR] [:] [PangolinRender] render 步骤 FinishFrame 完成
[2026-04-21 17:20:38.650] [info] [LiDAR-LiDAR] [:] [Viz/Render] render_and_handle_input 第 10 次 render() 返回 continue_render=true
[2026-04-21 17:20:38.670] [info] [LiDAR-LiDAR] [:] [PangolinRender] render 开始 帧=11
[2026-04-21 17:20:38.670] [info] [LiDAR-LiDAR] [:] [PangolinRender] render 步骤 glClear 完成
[2026-04-21 17:20:38.670] [info] [LiDAR-LiDAR] [:] [PangolinRender] render 步骤 Activate 完成
[2026-04-21 17:20:38.670] [info] [LiDAR-LiDAR] [:] [PangolinRender] render 步骤 grid+axis 完成
[2026-04-21 17:20:38.670] [info] [LiDAR-LiDAR] [:] [PangolinRender] render 步骤 point_clouds 完成
[2026-04-21 17:20:38.670] [info] [LiDAR-LiDAR] [:] [PangolinRender] render 步骤 frustum+frames 完成
[2026-04-21 17:20:38.671] [info] [LiDAR-LiDAR] [:] [PangolinRender] render 步骤 FinishFrame 完成
[2026-04-21 17:20:38.691] [info] [LiDAR-LiDAR] [:] [PangolinRender] render 开始 帧=12
[2026-04-21 17:20:38.691] [info] [LiDAR-LiDAR] [:] [PangolinRender] render 步骤 glClear 完成
[2026-04-21 17:20:38.691] [info] [LiDAR-LiDAR] [:] [PangolinRender] render 步骤 Activate 完成
[2026-04-21 17:20:38.691] [info] [LiDAR-LiDAR] [:] [PangolinRender] render 步骤 grid+axis 完成
[2026-04-21 17:20:38.692] [info] [LiDAR-LiDAR] [:] [PangolinRender] render 步骤 point_clouds 完成
[2026-04-21 17:20:38.692] [info] [LiDAR-LiDAR] [:] [PangolinRender] render 步骤 frustum+frames 完成
[2026-04-21 17:20:38.693] [info] [LiDAR-LiDAR] [:] [PangolinRender] render 步骤 FinishFrame 完成
[2026-04-21 17:20:38.693] [info] [LiDAR-LiDAR] [:] [Viz/Display] 首帧泵送 第 12/12 帧 render_ok=true
[2026-04-21 17:20:38.713] [info] [LiDAR-LiDAR] [:] [Viz/Display] 首帧泵送完成 共 12 帧 (窗口应已显示网格/坐标轴，尚未推送点云)；标定完成后请手动关闭窗口
[2026-04-21 17:20:38.713] [info] [LiDAR-LiDAR] [:] 可视化已启用（默认）
[2026-04-21 17:20:38.713] [info] [LiDAR-LiDAR] [:] ━━━ 标定对: lidar_front -> lidar_rear ━━━
[2026-04-21 17:20:38.713] [info] [LiDAR-LiDAR] [:] [LiDAR-LiDAR][Pair] PCD 目录: ref_id='lidar_front' -> '(无)' ; target_id='lidar_rear' -> '(无)'
[2026-04-21 17:20:38.713] [info] [LiDAR-LiDAR] [:] [LiDAR-LiDAR][Pair] data.lidar 未配置或路径为空，跳过 PCD 目录加载
[2026-04-21 17:20:38.713] [warning] [LiDAR-LiDAR] [:]   PCD 目录不可用或未配置，尝试 ROS2 bag 回退（需 ros2.use_ros2_bag；话题来自传感器 YAML 的 pointcloud_topic 或 ros2.lidar_topics）
[2026-04-21 17:20:38.713] [info] [LiDAR-LiDAR] [:] [LiDAR-LiDAR][Ros2] 话题来自 sensors[]: lidar_0 -> /points
[2026-04-21 17:20:38.713] [warning] [LiDAR-LiDAR] [:] [LiDAR-LiDAR][Ros2] 缺少 PointCloud2 话题: 请保证 sensors[].id 与 lidar_lidar.pairs 一致并填写 topic，或在 data.lidar.<id> 使用传感器 YAML（pointcloud_topic），或在 ros2.lidar_topics 中配置 'lidar_front' 与 'lidar_rear'
[2026-04-21 17:20:38.713] [warning] [LiDAR-LiDAR] [:]   跳过: 无法从目录或 bag 加载点云 ref_id=lidar_front target_id=lidar_rear
[2026-04-21 17:20:38.713] [warning] [LiDAR-LiDAR] [:]   提示: 提供含 .pcd 的目录，或在 data.lidar 使用含 pointcloud_topic 的传感器 YAML，或在 ros2.lidar_topics 中配置两路 PointCloud2 话题
[2026-04-21 17:20:38.713] [info] [LiDAR-LiDAR] [:] LiDAR-LiDAR 标定完成: 0 对
