
 ╔═══════════════════════════════════════════════════════╗
 ║   UniCalib — LiDAR-Camera 外参标定                    ║
 ║   两阶段: AI粗标定(MIAS-LCEC) → 无目标边缘精标定      ║
 ║   手动校准: --manual 触发 6-DOF 交互式调整             ║
 ╚═══════════════════════════════════════════════════════╝

[2026-04-09 10:05:34.243] [info] [LiDAR-Camera] [:] ━━━━━━━━━━━━━━━━━━━━━━━━━━━━━━━━━━━━
[2026-04-09 10:05:34.243] [info] [LiDAR-Camera] [:] 配置文件: /root/calib_ws/calib_unified/config/unicalib_example.yaml
[2026-04-09 10:05:34.243] [info] [LiDAR-Camera] [:] 输出目录: /root/calib_ws/results
[2026-04-09 10:05:34.243] [info] [LiDAR-Camera] [:] 数据根目录: /root/calib_ws/data (--data-dir 或 CALIB_DATA_DIR)
[2026-04-09 10:05:34.243] [info] [LiDAR-Camera] [:] 精标定方法: edge (无目标优先=true)
[2026-04-09 10:05:34.243] [info] [LiDAR-Camera] [:] AI粗标定: true | 手动校准: true
[2026-04-09 10:05:34.243] [info] [LiDAR-Camera] [:] ━━━━━━━━━━━━━━━━━━━━━━━━━━━━━━━━━━━━
[2026-04-09 10:05:34.245] [info] [LiDAR-Camera] [:] 读取系统配置: /root/calib_ws/calib_unified/config/unicalib_example.yaml
[2026-04-09 10:05:34.247] [info] [LiDAR-Camera] [:]   IMU: 1, LiDAR: 2, Camera: 2
[2026-04-09 10:05:34.247] [warning] [LiDAR-Camera] [:] 相机图像目录不存在: /root/calib_ws/data/Image/img0_png (请确保数据已放入此路径)
[2026-04-09 10:05:34.247] [info] [LiDAR-Camera] [:] ━━━━━━━━━━━━━━━━━━━━━━━━━━━━━━━━━━━━ [数据路径] ━━━━━━━━━━━━━━━━━━━━━━━━━━━━━
[2026-04-09 10:05:34.247] [info] [LiDAR-Camera] [:]   数据路径来源: 统一格式 (data.lidar.<id> / data.camera.<id>.images_dir)
[2026-04-09 10:05:34.247] [info] [LiDAR-Camera] [:]   配置原始值 — lidar:  lidar_pcd
[2026-04-09 10:05:34.247] [info] [LiDAR-Camera] [:]   配置原始值 — camera: Image/img0_png
[2026-04-09 10:05:34.247] [info] [LiDAR-Camera] [:]   base_data_dir:  /root/calib_ws/data
[2026-04-09 10:05:34.247] [info] [LiDAR-Camera] [:]   base 来源: 命令行 --data-dir
[2026-04-09 10:05:34.247] [info] [LiDAR-Camera] [:]   lidar_dir:      /root/calib_ws/data/lidar_pcd
[2026-04-09 10:05:34.247] [info] [LiDAR-Camera] [:]     → 相对路径，已与 base 拼接
[2026-04-09 10:05:34.247] [info] [LiDAR-Camera] [:]     → 存在: 是
[2026-04-09 10:05:34.247] [info] [LiDAR-Camera] [:]   camera_dir:     /root/calib_ws/data/Image/img0_png
[2026-04-09 10:05:34.247] [info] [LiDAR-Camera] [:]     → 相对路径，已与 base 拼接
[2026-04-09 10:05:34.247] [info] [LiDAR-Camera] [:]     → 存在: 否
[2026-04-09 10:05:34.247] [warning] [LiDAR-Camera] [:]     相机图像目录不存在，精标定将无法加载图像
[2026-04-09 10:05:34.247] [info] [LiDAR-Camera] [:]   【数据就绪】否 — 原因: 相机图像目录不存在: /root/calib_ws/data/Image/img0_png
[2026-04-09 10:05:34.247] [info] [LiDAR-Camera] [:]   说明: 使用 --dataset 时请将 data.lidar/data.camera 设为相对 base 的路径（如 pcd、images），不要使用 /path/to/... 占位符
[2026-04-09 10:05:34.247] [info] [LiDAR-Camera] [:] ━━━━━━━━━━━━━━━━━━━━━━━━━━━━━━━━━━━━━━━━━━━━━━━━━━━━━━━━━━━━━━━━━━━━━━━━━━━━
[2026-04-09 10:05:34.247] [info] [LiDAR-Camera] [:] [LiDAR-Cam] use_config_extrinsic_only=true：跳过 AI 粗标定，将使用配置 initial_extrinsic 直接进入精标定/手动微调
[2026-04-09 10:05:34.247] [info] [LiDAR-Camera] [:] 读取系统配置: /root/calib_ws/calib_unified/config/unicalib_example.yaml
[2026-04-09 10:05:34.248] [info] [LiDAR-Camera] [:]   IMU: 1, LiDAR: 2, Camera: 2
[2026-04-09 10:05:34.248] [info] [LiDAR-Camera] [:] 读取系统配置: /root/calib_ws/calib_unified/config/unicalib_example.yaml
[2026-04-09 10:05:34.249] [info] [LiDAR-Camera] [:]   IMU: 1, LiDAR: 2, Camera: 2
[2026-04-09 10:05:34.249] [info] [LiDAR-Camera] [:] [数据源] 类型=FILES  lidar_dir=/root/calib_ws/data/lidar_pcd  camera_dir=/root/calib_ws/data/Image/img0_png
[2026-04-09 10:05:34.249] [info] [LiDAR-Camera] [:]   内参将从相机标定结果读取: ./results/camera_intrinsic/camera_intrinsic_cam_left.yaml (camera_id=cam_left)
[2026-04-09 10:05:34.249] [info] [LiDAR-Camera] [:]   内参将从相机标定结果读取: ./results/camera_intrinsic/camera_intrinsic_cam_right.yaml (camera_id=cam_right)
[2026-04-09 10:05:34.250] [info] [LiDAR-Camera] [:] [CalibPipeline] 初始化 ID=pipeline_20260409_100534
[2026-04-09 10:05:34.250] [info] [LiDAR-Camera] [:] [CalibPipeline] 输出目录: ./results
[2026-04-09 10:05:34.250] [info] [LiDAR-Camera] [:] [CalibPipeline] 无目标优先: true
[2026-04-09 10:05:34.250] [info] [LiDAR-Camera] [:] [CalibPipeline] 任务掩码: 0x10
[2026-04-09 10:05:34.250] [info] [LiDAR-Camera] [:] ▶ Stage 2: 精标定 (方法=edge)
[2026-04-09 10:05:34.250] [warning] [LiDAR-Camera] [:] 数据路径未就绪，当前运行将仅执行流水线占位阶段，不进行实际标定优化。详见上方【数据就绪】原因。
[2026-04-09 10:05:34.250] [info] [LiDAR-Camera] [:] ▶ Stage 3: 手动校准 (manual_threshold=2.00px)
[2026-04-09 10:05:34.250] [info] [LiDAR-Camera] [:]   使用 ManualCalibSession 进行 6-DOF 交互式调整
[2026-04-09 10:05:34.250] [info] [LiDAR-Camera] [:]   调用示例:
[2026-04-09 10:05:34.250] [info] [LiDAR-Camera] [:]     ManualCalibSession::SessionConfig sess_cfg;
[2026-04-09 10:05:34.250] [info] [LiDAR-Camera] [:]     sess_cfg.save_dir = "./results/manual_sessions";
[2026-04-09 10:05:34.250] [info] [LiDAR-Camera] [:]     ManualCalibSession session(sess_cfg);
[2026-04-09 10:05:34.250] [info] [LiDAR-Camera] [:]     auto result = session.run_lidar_cam(scan, image, intrin, auto_result, auto_rms);
[2026-04-09 10:05:34.250] [info] [LiDAR-Camera] [:] 
[2026-04-09 10:05:34.250] [info] [LiDAR-Camera] [:] ╔═══════════════════════════════════════════════╗
[2026-04-09 10:05:34.250] [info] [LiDAR-Camera] [:] ║   UniCalib 两阶段标定流水线 — 开始            ║
[2026-04-09 10:05:34.250] [info] [LiDAR-Camera] [:] ║   Pipeline ID: pipeline_20260409_100534       ║
[2026-04-09 10:05:34.250] [info] [LiDAR-Camera] [:] ╚═══════════════════════════════════════════════╝
[2026-04-09 10:05:34.250] [info] [LiDAR-Camera] [:] [Coarse-AI/LiDAR-Cam] enable_coarse_lidar_cam=true → do_coarse=true
[10:05:34.250] [info] 
[10:05:34.250] [info] ━━━━━━━━━━━━━━━━━━━━━━━━━━━━━━━━━━━━━━━━━
[10:05:34.250] [info] ▶ 开始阶段: [Coarse-AI] 任务: [lidar_cam_extrin]
[10:05:34.250] [info]   描述: AI模型提供初始估计值
[10:05:34.250] [info] ━━━━━━━━━━━━━━━━━━━━━━━━━━━━━━━━━━━━━━━━━
[10:05:34.250] [info] [CALC] 粗标定阶段开始 task=lidar_cam_extrin
[10:05:34.250] [info] [Coarse-AI/LiDAR-Cam] 使用配置粗标定初值作为粗标定结果 t=[0.123,0.040,-0.058]m，精标定将以此起步
[10:05:34.250] [info] ━━━━━━━━━━━━━━━━━━━━━━━━━━━━━━━━━━━━━━━━━
[10:05:34.250] [info] ■ 结束阶段: [Coarse-AI] 任务: [lidar_cam_extrin]
[10:05:34.250] [info]   结果: ✓ 成功 | 残差RMS: 0.0000 | 耗时: 0 ms
[10:05:34.250] [info]   消息: 使用配置 initial_extrinsic 作为粗标定结果，精标定将以此起步
[10:05:34.250] [info] [CALC] 阶段结束 stage=Coarse-AI task=lidar_cam_extrin success=true residual_rms=0.000000 elapsed_ms=0.0 threshold=-1.0000
[10:05:34.250] [info] ━━━━━━━━━━━━━━━━━━━━━━━━━━━━━━━━━━━━━━━━━
[10:05:34.251] [info] 
[10:05:34.251] [info] ━━━━━━━━━━━━━━━━━━━━━━━━━━━━━━━━━━━━━━━━━
[10:05:34.251] [info] ▶ 开始阶段: [Fine-Auto] 任务: [lidar_cam_extrin]
[10:05:34.251] [info]   描述: 无目标优化
[10:05:34.251] [info] ━━━━━━━━━━━━━━━━━━━━━━━━━━━━━━━━━━━━━━━━━
[10:05:34.251] [info] [CALC] 精标定阶段开始 task=lidar_cam_extrin
[10:05:34.251] [info] [Fine-Auto] 任务: lidar_cam_extrin | 无目标优先: true
[10:05:34.251] [info] [Fine-Auto] 方法: 边缘对齐互信息 (EDGE_ALIGNMENT, 无目标)
[10:05:34.251] [info] [STAGE=lidar_cam_fine_auto] LiDAR-Camera 精标定 开始
[10:05:34.251] [info] [Fine-Auto/LiDAR-Cam] 开始执行精标定...
[10:05:34.251] [info]   [精标定数据源] 类型=FILES  lidar_id=lidar_front
[10:05:34.251] [info]   文件目录: lidar=/root/calib_ws/data/lidar_pcd  camera=/root/calib_ws/data/Image/img0_png
[10:05:34.251] [error] [Fine-Auto/LiDAR-Cam] 相机图像目录未配置或不存在 (camera=cam_left): /root/calib_ws/data/Image/img0_png
[10:05:34.251] [info] ━━━━━━━━━━━━━━━━━━━━━━━━━━━━━━━━━━━━━━━━━
[10:05:34.251] [info] ■ 结束阶段: [Fine-Auto] 任务: [lidar_cam_extrin]
[10:05:34.251] [info]   结果: ✗ 失败 | 残差RMS: 0.0000 | 耗时: 0 ms
[10:05:34.251] [info]   消息: 相机图像目录未配置或不存在 (camera=cam_left): /root/calib_ws/data/Image/img0_png
[10:05:34.251] [info] [CALC] 阶段结束 stage=Fine-Auto task=lidar_cam_extrin success=false residual_rms=0.000000 elapsed_ms=0.0 threshold=2.0000
[10:05:34.251] [info] ━━━━━━━━━━━━━━━━━━━━━━━━━━━━━━━━━━━━━━━━━
[10:05:34.251] [info] [Pipeline] 用户已启用手动校准 (--manual), 进入 6-DOF 调整
[10:05:34.251] [info] 
[10:05:34.251] [info] ━━━━━━━━━━━━━━━━━━━━━━━━━━━━━━━━━━━━━━━━━
[10:05:34.251] [info] ▶ 开始阶段: [Manual-Refine] 任务: [lidar_cam_extrin]
[10:05:34.251] [info]   描述: 手动校准: 6-DOF 交互式调整
[10:05:34.251] [info] ━━━━━━━━━━━━━━━━━━━━━━━━━━━━━━━━━━━━━━━━━
[10:05:34.251] [info] [Manual-Refine] 任务: lidar_cam_extrin
[10:05:34.251] [info] [Manual-Refine] 操作说明: Q/A Roll  W/S Pitch  E/D Yaw  R/F Tx  T/G Ty  Y/H Tz  U Undo  Enter 接受  Esc 取消
[10:05:34.251] [info] [ManualSession] 会话ID: session_2026-04-09_10-05-34
[10:05:34.251] [info] [ManualSession] 保存目录: ./results/manual_sessions
[10:05:34.251] [warning] [Manual-Refine] 无 LiDAR-Camera 精标定缓存数据，无法启用手动调整（请先完成精标定）
[10:05:34.251] [info] ━━━━━━━━━━━━━━━━━━━━━━━━━━━━━━━━━━━━━━━━━
[10:05:34.251] [info] ■ 结束阶段: [Manual-Refine] 任务: [lidar_cam_extrin]
[10:05:34.251] [info]   结果: ✗ 失败 | 残差RMS: 0.0000 | 耗时: 0 ms
[10:05:34.251] [info]   消息: 无 LiDAR-Camera 精标定缓存数据，无法启用手动调整（请先完成精标定）
[10:05:34.251] [info] [CALC] 阶段结束 stage=Manual-Refine task=lidar_cam_extrin success=false residual_rms=0.000000 elapsed_ms=0.0 threshold=-1.0000
[10:05:34.251] [info] ━━━━━━━━━━━━━━━━━━━━━━━━━━━━━━━━━━━━━━━━━
[10:05:34.251] [info] ====== Pipeline Report: pipeline_20260409_100534 ======
[10:05:34.251] [info]   Total time: 0.0 ms
[10:05:34.251] [info]   All stages succeeded: NO
[10:05:34.251] [info]   标定质量: 各阶段 RMS 均在阈值内
[10:05:34.251] [info]   [Coarse-AI-lidar_cam_extrin] success=true rms=0.0000 time=0.0ms: 使用配置 initial_extrinsic 作为粗标定结果，精标定将以此起步
[10:05:34.251] [info]   [Fine-Auto-lidar_cam_extrin] success=false rms=0.0000 time=0.0ms: 相机图像目录未配置或不存在 (camera=cam_left): /root/calib_ws/data/Image/img0_png
[10:05:34.251] [info]   [Manual-Refine-lidar_cam_extrin] success=false rms=0.0000 time=0.0ms: 无 LiDAR-Camera 精标定缓存数据，无法启用手动调整（请先完成精标定）

╔══════════════════════════════════════════════════════╗
║              标定参数汇总                            ║
╠══════════════════════════════════════════════════════╣
╚══════════════════════════════════════════════════════╝

[10:05:34.251] [info] ================================
[10:05:34.252] [info] Pipeline report saved: ./results/pipeline_report_20260409_100534.yaml
[10:05:34.252] [info] ====== Pipeline Report: pipeline_20260409_100534 ======
[10:05:34.252] [info]   Total time: 0.0 ms
[10:05:34.252] [info]   All stages succeeded: NO
[10:05:34.252] [info]   标定质量: 各阶段 RMS 均在阈值内
[10:05:34.252] [info]   [Coarse-AI-lidar_cam_extrin] success=true rms=0.0000 time=0.0ms: 使用配置 initial_extrinsic 作为粗标定结果，精标定将以此起步
[10:05:34.252] [info]   [Fine-Auto-lidar_cam_extrin] success=false rms=0.0000 time=0.0ms: 相机图像目录未配置或不存在 (camera=cam_left): /root/calib_ws/data/Image/img0_png
[10:05:34.252] [info]   [Manual-Refine-lidar_cam_extrin] success=false rms=0.0000 time=0.0ms: 无 LiDAR-Camera 精标定缓存数据，无法启用手动调整（请先完成精标定）

╔══════════════════════════════════════════════════════╗
║              标定参数汇总                            ║
╠══════════════════════════════════════════════════════╣
╚══════════════════════════════════════════════════════╝

[10:05:34.252] [info] ================================
[10:05:34.252] [info] ━━━━━━━━━━━━━━━━━━━━━━━━━━━━━━━━━━━━
[10:05:34.252] [info] LiDAR-Camera 标定流程完成
[10:05:34.252] [info] 结果目录: ./results
[10:05:34.252] [info] 标定流程正常退出 exit_code=0
[10:05:34.252] [info] ━━━━━━━━━━━━━━━━━━━━━━━━━━━━━━━━━━━━
