
 ╔═══════════════════════════════════════════════════════╗
 ║   UniCalib — LiDAR-Camera 外参标定                    ║
 ║   两阶段: AI粗标定(MIAS-LCEC) → 无目标边缘精标定      ║
 ║   手动校准: --manual 触发 6-DOF 交互式调整             ║
 ╚═══════════════════════════════════════════════════════╝

[2026-04-23 15:12:37.472] [info] [LiDAR-Camera] [:] ━━━━━━━━━━━━━━━━━━━━━━━━━━━━━━━━━━━━
[2026-04-23 15:12:37.472] [info] [LiDAR-Camera] [:] 配置文件: /root/calib_ws/calib_unified/config/unicalib_example.yaml
[2026-04-23 15:12:37.472] [info] [LiDAR-Camera] [:] 输出目录: /root/calib_ws/results
[2026-04-23 15:12:37.472] [info] [LiDAR-Camera] [:] 数据根目录: /root/calib_ws/data (--data-dir 或 CALIB_DATA_DIR)
[2026-04-23 15:12:37.472] [info] [LiDAR-Camera] [:] 精标定方法: edge (无目标优先=true)
[2026-04-23 15:12:37.472] [info] [LiDAR-Camera] [:] AI粗标定: true | 手动校准: true
[2026-04-23 15:12:37.472] [info] [LiDAR-Camera] [:] ━━━━━━━━━━━━━━━━━━━━━━━━━━━━━━━━━━━━
[2026-04-23 15:12:37.473] [info] [LiDAR-Camera] [:] 读取系统配置: /root/calib_ws/calib_unified/config/unicalib_example.yaml
[2026-04-23 15:12:37.474] [info] [LiDAR-Camera] [:]   IMU: 1, LiDAR: 1, Camera: 1
[2026-04-23 15:12:37.474] [info] [LiDAR-Camera] [:] ━━━━━━━━━━━━━━━━━━━━━━━━━━━━━━━━━━━━ [数据路径] ━━━━━━━━━━━━━━━━━━━━━━━━━━━━━
[2026-04-23 15:12:37.474] [info] [LiDAR-Camera] [:]   数据路径来源: 统一格式 (data.lidar.<id> / data.camera.<id>.images_dir)
[2026-04-23 15:12:37.474] [info] [LiDAR-Camera] [:]   配置原始值 — lidar:  (未设置)
[2026-04-23 15:12:37.474] [info] [LiDAR-Camera] [:]   配置原始值 — camera: (未设置)
[2026-04-23 15:12:37.474] [info] [LiDAR-Camera] [:]   base_data_dir:  /root/calib_ws/data
[2026-04-23 15:12:37.474] [info] [LiDAR-Camera] [:]   base 来源: 命令行 --data-dir
[2026-04-23 15:12:37.474] [info] [LiDAR-Camera] [:]   lidar_dir:      (未设置)
[2026-04-23 15:12:37.474] [info] [LiDAR-Camera] [:]   camera_dir:     (未设置)
[2026-04-23 15:12:37.474] [info] [LiDAR-Camera] [:]   【数据就绪】否 — 原因: 配置中未提供 LiDAR 或相机数据路径（请填写 data.lidar.<id> 与 data.camera.<id>.images_dir）
[2026-04-23 15:12:37.474] [info] [LiDAR-Camera] [:]   说明: 使用 --dataset 时请将 data.lidar/data.camera 设为相对 base 的路径（如 pcd、images），不要使用 /path/to/... 占位符
[2026-04-23 15:12:37.474] [info] [LiDAR-Camera] [:] ━━━━━━━━━━━━━━━━━━━━━━━━━━━━━━━━━━━━━━━━━━━━━━━━━━━━━━━━━━━━━━━━━━━━━━━━━━━━
[2026-04-23 15:12:37.474] [info] [LiDAR-Camera] [:] [LiDAR-Cam] use_config_extrinsic_only=true：跳过 AI 粗标定，将使用配置 initial_extrinsic 直接进入精标定/手动微调
[2026-04-23 15:12:37.474] [info] [LiDAR-Camera] [:] 读取系统配置: /root/calib_ws/calib_unified/config/unicalib_example.yaml
[2026-04-23 15:12:37.475] [info] [LiDAR-Camera] [:]   IMU: 1, LiDAR: 1, Camera: 1
[2026-04-23 15:12:37.475] [info] [LiDAR-Camera] [:] 读取系统配置: /root/calib_ws/calib_unified/config/unicalib_example.yaml
[2026-04-23 15:12:37.476] [info] [LiDAR-Camera] [:]   IMU: 1, LiDAR: 1, Camera: 1
[2026-04-23 15:12:37.476] [info] [LiDAR-Camera] [:] 配置: 使用 ROS2 bag 模式（离线标定）
[2026-04-23 15:12:37.476] [info] [LiDAR-Camera] [:]   Bag 路径: /root/calib_ws/data/ntu_day_02/ntu_trimmed
[2026-04-23 15:12:37.476] [info] [LiDAR-Camera] [:]   LiDAR 话题: /os_cloud_node/points
[2026-04-23 15:12:37.476] [info] [LiDAR-Camera] [:]   相机话题: /d435i/infra1/image_rect_raw
[2026-04-23 15:12:37.476] [info] [LiDAR-Camera] [:]   IMU 话题: /vn100/imu
[2026-04-23 15:12:37.476] [info] [LiDAR-Camera] [:] [数据源] 类型=ROS2_BAG  path=/root/calib_ws/data/ntu_day_02/ntu_trimmed  lidar_topic=/os_cloud_node/points  camera_topic=/d435i/infra1/image_rect_raw
[2026-04-23 15:12:37.476] [info] [LiDAR-Camera] [:]   内参将从相机标定结果读取: ./results/camera_intrinsic/camera_intrinsic_cam_left.yaml (camera_id=cam_left)
[2026-04-23 15:12:37.476] [info] [LiDAR-Camera] [:] [CalibPipeline] 初始化 ID=pipeline_20260423_151237
[2026-04-23 15:12:37.476] [info] [LiDAR-Camera] [:] [CalibPipeline] 输出目录: ./results
[2026-04-23 15:12:37.476] [info] [LiDAR-Camera] [:] [CalibPipeline] 无目标优先: true
[2026-04-23 15:12:37.476] [info] [LiDAR-Camera] [:] [CalibPipeline] 任务掩码: 0x10
[2026-04-23 15:12:37.476] [info] [LiDAR-Camera] [:] ▶ Stage 2: 精标定 (方法=edge)
[2026-04-23 15:12:37.477] [warning] [LiDAR-Camera] [:] 数据路径未就绪，当前运行将仅执行流水线占位阶段，不进行实际标定优化。详见上方【数据就绪】原因。
[2026-04-23 15:12:37.477] [info] [LiDAR-Camera] [:] ▶ Stage 3: 手动校准 (manual_threshold=2.00px)
[2026-04-23 15:12:37.477] [info] [LiDAR-Camera] [:]   使用 ManualCalibSession 进行 6-DOF 交互式调整
[2026-04-23 15:12:37.477] [info] [LiDAR-Camera] [:]   调用示例:
[2026-04-23 15:12:37.477] [info] [LiDAR-Camera] [:]     ManualCalibSession::SessionConfig sess_cfg;
[2026-04-23 15:12:37.477] [info] [LiDAR-Camera] [:]     sess_cfg.save_dir = "./results/manual_sessions";
[2026-04-23 15:12:37.477] [info] [LiDAR-Camera] [:]     ManualCalibSession session(sess_cfg);
[2026-04-23 15:12:37.477] [info] [LiDAR-Camera] [:]     auto result = session.run_lidar_cam(scan, image, intrin, auto_result, auto_rms);
[2026-04-23 15:12:37.477] [info] [LiDAR-Camera] [:] 
[2026-04-23 15:12:37.477] [info] [LiDAR-Camera] [:] ╔═══════════════════════════════════════════════╗
[2026-04-23 15:12:37.477] [info] [LiDAR-Camera] [:] ║   UniCalib 两阶段标定流水线 — 开始            ║
[2026-04-23 15:12:37.477] [info] [LiDAR-Camera] [:] ║   Pipeline ID: pipeline_20260423_151237       ║
[2026-04-23 15:12:37.477] [info] [LiDAR-Camera] [:] ╚═══════════════════════════════════════════════╝
[2026-04-23 15:12:37.477] [info] [LiDAR-Camera] [:] [Coarse-AI/LiDAR-Cam] enable_coarse_lidar_cam=true → do_coarse=true
[15:12:37.477] [info] 
[15:12:37.477] [info] ━━━━━━━━━━━━━━━━━━━━━━━━━━━━━━━━━━━━━━━━━
[15:12:37.477] [info] ▶ 开始阶段: [Coarse-AI] 任务: [lidar_cam_extrin]
[15:12:37.477] [info]   描述: AI模型提供初始估计值
[15:12:37.477] [info] ━━━━━━━━━━━━━━━━━━━━━━━━━━━━━━━━━━━━━━━━━
[15:12:37.477] [info] [CALC] 粗标定阶段开始 task=lidar_cam_extrin
[15:12:37.477] [info] [Coarse-AI/LiDAR-Cam] 使用配置粗标定初值作为粗标定结果 t=[0.001,-0.019,-0.106]m，精标定将以此起步
[15:12:37.477] [info] ━━━━━━━━━━━━━━━━━━━━━━━━━━━━━━━━━━━━━━━━━
[15:12:37.477] [info] ■ 结束阶段: [Coarse-AI] 任务: [lidar_cam_extrin]
[15:12:37.477] [info]   结果: ✓ 成功 | 残差RMS: 0.0000 | 耗时: 0 ms
[15:12:37.477] [info]   消息: 使用配置 initial_extrinsic 作为粗标定结果，精标定将以此起步
[15:12:37.477] [info] [CALC] 阶段结束 stage=Coarse-AI task=lidar_cam_extrin success=true residual_rms=0.000000 elapsed_ms=0.0 threshold=-1.0000
[15:12:37.477] [info] ━━━━━━━━━━━━━━━━━━━━━━━━━━━━━━━━━━━━━━━━━
[15:12:37.477] [info] 
[15:12:37.477] [info] ━━━━━━━━━━━━━━━━━━━━━━━━━━━━━━━━━━━━━━━━━
[15:12:37.477] [info] ▶ 开始阶段: [Fine-Auto] 任务: [lidar_cam_extrin]
[15:12:37.477] [info]   描述: 无目标优化
[15:12:37.477] [info] ━━━━━━━━━━━━━━━━━━━━━━━━━━━━━━━━━━━━━━━━━
[15:12:37.477] [info] [CALC] 精标定阶段开始 task=lidar_cam_extrin
[15:12:37.477] [info] [Fine-Auto] 任务: lidar_cam_extrin | 无目标优先: true
[15:12:37.477] [info] [Fine-Auto] 方法: 边缘对齐互信息 (EDGE_ALIGNMENT, 无目标)
[15:12:37.477] [info] [STAGE=lidar_cam_fine_auto] LiDAR-Camera 精标定 开始
[15:12:37.477] [info] [Fine-Auto/LiDAR-Cam] 开始执行精标定...
[15:12:37.477] [info]   [精标定数据源] 类型=ROS2_BAG  lidar_id=lidar_front
[15:12:37.477] [info]   ROS2 Bag: /root/calib_ws/data/ntu_day_02/ntu_trimmed  LiDAR 话题: /os_cloud_node/points  相机话题: /d435i/infra1/image_rect_raw
[15:12:37.477] [info] [Fine-Auto/LiDAR-Cam] 从 ROS2 加载数据...
[15:12:37.477] [info] [UnifiedDataLoader] 从 ROS2 加载数据...
[15:12:37.477] [info]   Bag 文件: /root/calib_ws/data/ntu_day_02/ntu_trimmed
[15:12:37.477] [info]   实时模式: false
[15:12:37.477] [info] [Ros2BagDataSource] 打开 bag 文件: /root/calib_ws/data/ntu_day_02/ntu_trimmed
[15:12:37.477] [info] [Ros2BagDataSource] 正在读取 metadata.yaml: /root/calib_ws/data/ntu_day_02/ntu_trimmed/metadata.yaml
[15:12:37.477] [debug] [Ros2BagDataSource] 找到话题: /d435i/imu (类型: sensor_msgs/msg/Imu, 消息数: 23982)
[15:12:37.477] [debug] [Ros2BagDataSource] 找到话题: /d435i/infra1/image_rect_raw (类型: sensor_msgs/msg/Image, 消息数: 1794)
[15:12:37.477] [debug] [Ros2BagDataSource] 找到话题: /d435i/infra2/image_rect_raw (类型: sensor_msgs/msg/Image, 消息数: 1794)
[15:12:37.477] [debug] [Ros2BagDataSource] 找到话题: /d435i/color/image_raw (类型: sensor_msgs/msg/Image, 消息数: 1798)
[15:12:37.477] [debug] [Ros2BagDataSource] 找到话题: /d455b/imu (类型: sensor_msgs/msg/Imu, 消息数: 23996)
[15:12:37.477] [debug] [Ros2BagDataSource] 找到话题: /d455b/color/image_raw (类型: sensor_msgs/msg/Image, 消息数: 1799)
[15:12:37.477] [debug] [Ros2BagDataSource] 找到话题: /d455b/infra1/image_rect_raw (类型: sensor_msgs/msg/Image, 消息数: 1795)
[15:12:37.477] [debug] [Ros2BagDataSource] 找到话题: /d455b/infra2/image_rect_raw (类型: sensor_msgs/msg/Image, 消息数: 1795)
[15:12:37.477] [debug] [Ros2BagDataSource] 找到话题: /os_cloud_node/points (类型: sensor_msgs/msg/PointCloud2, 消息数: 599)
[15:12:37.477] [debug] [Ros2BagDataSource] 找到话题: /os_cloud_node/imu (类型: sensor_msgs/msg/Imu, 消息数: 5988)
[15:12:37.477] [debug] [Ros2BagDataSource] 找到话题: /vn100/imu (类型: sensor_msgs/msg/Imu, 消息数: 23810)
[15:12:37.477] [debug] [Ros2BagDataSource] 找到话题: /vn100/magnetic_field (类型: sensor_msgs/msg/MagneticField, 消息数: 23843)
[15:12:37.477] [debug] [Ros2BagDataSource] 找到话题: /vn100/fluid_pressure (类型: sensor_msgs/msg/FluidPressure, 消息数: 23864)
[15:12:37.477] [debug] [Ros2BagDataSource] 找到话题: /vn100/temperature (类型: sensor_msgs/msg/Temperature, 消息数: 23878)
[15:12:37.477] [info] [Ros2BagDataSource] 使用配置的 LiDAR 话题: /os_cloud_node/points
[15:12:37.477] [info] [Ros2BagDataSource] 使用配置的相机话题: /d435i/infra1/image_rect_raw
[15:12:37.477] [info] [Ros2BagDataSource] 使用配置的 IMU 话题: /vn100/imu
[INFO] [1776928357.481789356] [rosbag2_storage]: Opened database '/root/calib_ws/data/ntu_day_02/ntu_trimmed/ntu_trimmed.db3' for READ_ONLY.
[15:12:37.481] [info] [Ros2BagDataSource] Bag 已打开，开始读取消息...
[15:12:37.481] [info] [Ros2BagDataSource] 找到 14 个话题
[15:12:37.481] [info] [Ros2BagDataSource]  话题: /d435i/imu  类型: sensor_msgs/msg/Imu  消息数: 23982
[15:12:37.481] [info] [Ros2BagDataSource]  话题: /d435i/infra1/image_rect_raw  类型: sensor_msgs/msg/Image  消息数: 1794
[15:12:37.481] [info] [Ros2BagDataSource]  话题: /d435i/infra2/image_rect_raw  类型: sensor_msgs/msg/Image  消息数: 1794
[15:12:37.481] [info] [Ros2BagDataSource]  话题: /d435i/color/image_raw  类型: sensor_msgs/msg/Image  消息数: 1798
[15:12:37.481] [info] [Ros2BagDataSource]  话题: /d455b/imu  类型: sensor_msgs/msg/Imu  消息数: 23996
[15:12:37.481] [info] [Ros2BagDataSource]  话题: /d455b/color/image_raw  类型: sensor_msgs/msg/Image  消息数: 1799
[15:12:37.481] [info] [Ros2BagDataSource]  话题: /d455b/infra1/image_rect_raw  类型: sensor_msgs/msg/Image  消息数: 1795
[15:12:37.481] [info] [Ros2BagDataSource]  话题: /d455b/infra2/image_rect_raw  类型: sensor_msgs/msg/Image  消息数: 1795
[15:12:37.481] [info] [Ros2BagDataSource]  话题: /os_cloud_node/points  类型: sensor_msgs/msg/PointCloud2  消息数: 599
[15:12:37.481] [info] [Ros2BagDataSource]  话题: /os_cloud_node/imu  类型: sensor_msgs/msg/Imu  消息数: 5988
[15:12:37.481] [info] [Ros2BagDataSource]  话题: /vn100/imu  类型: sensor_msgs/msg/Imu  消息数: 23810
[15:12:37.481] [info] [Ros2BagDataSource]  话题: /vn100/magnetic_field  类型: sensor_msgs/msg/MagneticField  消息数: 23843
[15:12:37.481] [info] [Ros2BagDataSource]  话题: /vn100/fluid_pressure  类型: sensor_msgs/msg/FluidPressure  消息数: 23864
[15:12:37.481] [info] [Ros2BagDataSource]  话题: /vn100/temperature  类型: sensor_msgs/msg/Temperature  消息数: 23878
[15:12:37.481] [info] [Ros2BagDataSource] 将加载 bag 内所有 IMU / LiDAR / 相机话题，加载后可通过 sensor_id 或话题名选择使用
[15:12:41.538] [debug]   收集 IMU [/d435i/imu] 帧数: 5000
[15:12:41.550] [debug]   收集 IMU [/d455b/imu] 帧数: 5000
[15:12:41.582] [debug]   收集 IMU [/vn100/imu] 帧数: 5000
[15:12:42.844] [debug]   收集相机 [/d455b/color/image_raw] 帧数: 500
[15:12:42.847] [debug]   收集相机 [/d435i/color/image_raw] 帧数: 500
[15:12:42.851] [debug]   收集相机 [/d435i/infra1/image_rect_raw] 帧数: 500
[15:12:42.851] [debug]   收集相机 [/d435i/infra2/image_rect_raw] 帧数: 500
[15:12:42.866] [debug]   收集相机 [/d455b/infra1/image_rect_raw] 帧数: 500
[15:12:42.866] [debug]   收集相机 [/d455b/infra2/image_rect_raw] 帧数: 500
[15:12:45.765] [debug]   收集 IMU [/d435i/imu] 帧数: 10000
[15:12:45.766] [debug]   收集 IMU [/d455b/imu] 帧数: 10000
[15:12:45.837] [debug]   收集 IMU [/vn100/imu] 帧数: 10000
[15:12:48.510] [debug]   收集相机 [/d455b/color/image_raw] 帧数: 1000
[15:12:48.513] [debug]   收集相机 [/d435i/color/image_raw] 帧数: 1000
[15:12:48.543] [debug]   收集相机 [/d455b/infra1/image_rect_raw] 帧数: 1000
[15:12:48.543] [debug]   收集相机 [/d455b/infra2/image_rect_raw] 帧数: 1000
[15:12:48.546] [debug]   收集相机 [/d435i/infra1/image_rect_raw] 帧数: 1000
[15:12:48.547] [debug]   收集相机 [/d435i/infra2/image_rect_raw] 帧数: 1000
[15:12:49.980] [debug]   收集 IMU [/d455b/imu] 帧数: 15000
[15:12:49.998] [debug]   收集 IMU [/d435i/imu] 帧数: 15000
[15:12:50.076] [debug]   收集 IMU [/vn100/imu] 帧数: 15000
[15:12:54.517] [debug]   收集 IMU [/d455b/imu] 帧数: 20000
[15:12:54.543] [debug]   收集 LiDAR [/os_cloud_node/points] 帧数: 500
[15:12:54.549] [debug]   收集相机 [/d455b/color/image_raw] 帧数: 1500
[15:12:54.553] [debug]   收集相机 [/d435i/color/image_raw] 帧数: 1500
[15:12:54.553] [debug]   收集 IMU [/d435i/imu] 帧数: 20000
[15:12:54.590] [debug]   收集 IMU [/os_cloud_node/imu] 帧数: 5000
[15:12:54.597] [debug]   收集相机 [/d455b/infra1/image_rect_raw] 帧数: 1500
[15:12:54.597] [debug]   收集相机 [/d455b/infra2/image_rect_raw] 帧数: 1500
[15:12:54.600] [debug]   收集相机 [/d435i/infra1/image_rect_raw] 帧数: 1500
[15:12:54.601] [debug]   收集相机 [/d435i/infra2/image_rect_raw] 帧数: 1500
[15:12:54.679] [debug]   收集 IMU [/vn100/imu] 帧数: 20000
