
 ╔═══════════════════════════════════════════════════════╗
 ║   UniCalib — LiDAR-Camera 外参标定                    ║
 ║   两阶段: AI粗标定(MIAS-LCEC) → 无目标边缘精标定      ║
 ║   手动校准: --manual 触发 6-DOF 交互式调整             ║
 ╚═══════════════════════════════════════════════════════╝

[2026-05-07 11:30:10.454] [info] [LiDAR-Camera] [:] ━━━━━━━━━━━━━━━━━━━━━━━━━━━━━━━━━━━━
[2026-05-07 11:30:10.455] [info] [LiDAR-Camera] [:] 配置文件: /root/calib_ws/calib_unified/config/unicalib_example.yaml
[2026-05-07 11:30:10.455] [info] [LiDAR-Camera] [:] 输出目录: /root/calib_ws/results
[2026-05-07 11:30:10.455] [info] [LiDAR-Camera] [:] 数据根目录: /root/calib_ws/data (--data-dir 或 CALIB_DATA_DIR)
[2026-05-07 11:30:10.455] [info] [LiDAR-Camera] [:] 精标定方法: edge (无目标优先=true)
[2026-05-07 11:30:10.455] [info] [LiDAR-Camera] [:] AI粗标定: true | 手动校准: true
[2026-05-07 11:30:10.455] [info] [LiDAR-Camera] [:] ━━━━━━━━━━━━━━━━━━━━━━━━━━━━━━━━━━━━
[2026-05-07 11:30:10.456] [info] [LiDAR-Camera] [:] 读取系统配置: /root/calib_ws/calib_unified/config/unicalib_example.yaml
[2026-05-07 11:30:10.457] [info] [LiDAR-Camera] [:]   IMU: 1, LiDAR: 2, Camera: 2
[2026-05-07 11:30:10.457] [info] [LiDAR-Camera] [:] ━━━━━━━━━━━━━━━━━━━━━━━━━━━━━━━━━━━━ [数据路径] ━━━━━━━━━━━━━━━━━━━━━━━━━━━━━
[2026-05-07 11:30:10.457] [info] [LiDAR-Camera] [:]   数据路径来源: 统一格式 (data.lidar.<id> / data.camera.<id>.images_dir)
[2026-05-07 11:30:10.457] [info] [LiDAR-Camera] [:]   配置原始值 — lidar:  nya_02_slam_imu_to_lidar/lidar_horz.yaml
[2026-05-07 11:30:10.457] [info] [LiDAR-Camera] [:]   配置原始值 — camera: lidar_camera_calibration-master/calibration_data/camera_calibration
[2026-05-07 11:30:10.457] [info] [LiDAR-Camera] [:]   base_data_dir:  /root/calib_ws/data
[2026-05-07 11:30:10.457] [info] [LiDAR-Camera] [:]   base 来源: 命令行 --data-dir
[2026-05-07 11:30:10.457] [info] [LiDAR-Camera] [:]   lidar_dir:      /root/calib_ws/data/nya_02_slam_imu_to_lidar/lidar_horz.yaml
[2026-05-07 11:30:10.457] [info] [LiDAR-Camera] [:]     → 相对路径，已与 base 拼接
[2026-05-07 11:30:10.457] [info] [LiDAR-Camera] [:]     → 存在: 是
[2026-05-07 11:30:10.457] [info] [LiDAR-Camera] [:]   camera_dir:     /root/calib_ws/data/lidar_camera_calibration-master/calibration_data/camera_calibration
[2026-05-07 11:30:10.457] [info] [LiDAR-Camera] [:]     → 相对路径，已与 base 拼接
[2026-05-07 11:30:10.457] [info] [LiDAR-Camera] [:]     → 存在: 是
[2026-05-07 11:30:10.457] [info] [LiDAR-Camera] [:]   【数据就绪】是 — 点云与图像目录均存在，将执行精标定
[2026-05-07 11:30:10.457] [info] [LiDAR-Camera] [:]   说明: 使用 --dataset 时请将 data.lidar/data.camera 设为相对 base 的路径（如 pcd、images），不要使用 /path/to/... 占位符
[2026-05-07 11:30:10.457] [info] [LiDAR-Camera] [:] ━━━━━━━━━━━━━━━━━━━━━━━━━━━━━━━━━━━━━━━━━━━━━━━━━━━━━━━━━━━━━━━━━━━━━━━━━━━━
[2026-05-07 11:30:10.457] [info] [LiDAR-Camera] [:] 读取系统配置: /root/calib_ws/calib_unified/config/unicalib_example.yaml
[2026-05-07 11:30:10.458] [info] [LiDAR-Camera] [:]   IMU: 1, LiDAR: 2, Camera: 2
[2026-05-07 11:30:10.458] [info] [LiDAR-Camera] [:] 读取系统配置: /root/calib_ws/calib_unified/config/unicalib_example.yaml
[2026-05-07 11:30:10.459] [info] [LiDAR-Camera] [:]   IMU: 1, LiDAR: 2, Camera: 2
[2026-05-07 11:30:10.459] [info] [LiDAR-Camera] [:] 配置: 使用 ROS2 bag 模式（离线标定）
[2026-05-07 11:30:10.459] [info] [LiDAR-Camera] [:]   Bag 路径: /root/calib_ws/data/nya_02_slam_imu_to_lidar/nya_02_ros2
[2026-05-07 11:30:10.459] [info] [LiDAR-Camera] [:]   LiDAR 话题: /os1_cloud_node1/points
[2026-05-07 11:30:10.459] [info] [LiDAR-Camera] [:]   相机话题: /left/image_raw
[2026-05-07 11:30:10.459] [info] [LiDAR-Camera] [:]   IMU 话题: /imu/imu
[2026-05-07 11:30:10.459] [info] [LiDAR-Camera] [:] [数据源] 类型=ROS2_BAG  path=/root/calib_ws/data/nya_02_slam_imu_to_lidar/nya_02_ros2  lidar_topic=/os1_cloud_node1/points  camera_topic=/left/image_raw
[2026-05-07 11:30:10.459] [info] [LiDAR-Camera] [:]   内参将从相机标定结果读取: ./results/camera_intrinsic/camera_intrinsic_cam_left.yaml (camera_id=cam_left)
[2026-05-07 11:30:10.459] [info] [LiDAR-Camera] [:]   内参将从相机标定结果读取: ./results/camera_intrinsic/camera_intrinsic_cam_right.yaml (camera_id=cam_right)
[2026-05-07 11:30:10.459] [info] [LiDAR-Camera] [:] [CalibPipeline] 初始化 ID=pipeline_20260507_113010
[2026-05-07 11:30:10.459] [info] [LiDAR-Camera] [:] [CalibPipeline] 输出目录: ./results
[2026-05-07 11:30:10.459] [info] [LiDAR-Camera] [:] [CalibPipeline] 无目标优先: true
[2026-05-07 11:30:10.459] [info] [LiDAR-Camera] [:] [CalibPipeline] 任务掩码: 0x10
[2026-05-07 11:30:10.459] [info] [LiDAR-Camera] [:] ▶ Stage 1: AI 粗标定 (MIAS-LCEC)
[2026-05-07 11:30:10.459] [info] [LiDAR-Camera] [:]   模型路径: /root/calib_ws/MIAS-LCEC (粗标定使用 pretrained_overlap_transformer.pth.tar)
[2026-05-07 11:30:11.299] [info] [LiDAR-Camera] [:] [AI-Calib] DM-Calib 配置的 Python 无 torch，改用已装 torch 的 Python: python3
[2026-05-07 11:30:11.299] [info] [LiDAR-Camera] [:] [AI-Calib] ===== AI 模型可用性检查 =====
[2026-05-07 11:30:11.299] [info] [LiDAR-Camera] [:] [DM-Calib] 可用性检查 失败 原因=推理脚本不存在 路径=/root/calib_ws/DM-Calib/DMCalib/tools/infer_unicalib.py
[2026-05-07 11:30:11.299] [info] [LiDAR-Camera] [:]   DM-Calib (相机内参):      ✗ 不可用
[2026-05-07 11:30:11.299] [info] [LiDAR-Camera] [:]   MIAS-LCEC (LiDAR-Cam):   ✓ 可用
[2026-05-07 11:30:11.299] [info] [LiDAR-Camera] [:] [TransformerIMU] 不可用: 脚本不存在 script=/root/calib_ws/Transformer-IMU-Calibrator/eval_unicalib.py
[2026-05-07 11:30:11.299] [info] [LiDAR-Camera] [:]   Transformer-IMU (IMU内参): ✗ 不可用
[2026-05-07 11:30:11.299] [info] [LiDAR-Camera] [:]   L2Calib (IMU-LiDAR):     ✗ 不可用
[2026-05-07 11:30:11.299] [info] [LiDAR-Camera] [:] [AI-Calib] ================================
[2026-05-07 11:30:11.299] [info] [LiDAR-Camera] [:]   [Stage 1] MIAS-LCEC 可用: 是 (粗标定支持: 1) 指定 coarse_pcd_file/coarse_image_file 2) 从当前数据源取首帧，同相机内参)
[2026-05-07 11:30:11.299] [info] [LiDAR-Camera] [:]   内参: fx=425.0 fy=426.8 cx=386.0 cy=241.9 尺寸=752x480 (来自 ./results/camera_intrinsic/camera_intrinsic_cam_left.yaml)
[2026-05-07 11:30:11.300] [info] [LiDAR-Camera] [:]   [Stage 1] 粗标定输入来源: 从 ROS2 数据源取首帧 (max_frames=2, lidar_id=lidar_front)
[2026-05-07 11:30:11.300] [info] [LiDAR-Camera] [:] [UnifiedDataLoader] 从 ROS2 加载数据...
[2026-05-07 11:30:11.300] [info] [LiDAR-Camera] [:]   Bag 文件: /root/calib_ws/data/nya_02_slam_imu_to_lidar/nya_02_ros2
[2026-05-07 11:30:11.300] [info] [LiDAR-Camera] [:]   实时模式: false
[2026-05-07 11:30:11.300] [info] [LiDAR-Camera] [:] [Ros2BagDataSource] 打开 bag 文件: /root/calib_ws/data/nya_02_slam_imu_to_lidar/nya_02_ros2
[2026-05-07 11:30:11.300] [info] [LiDAR-Camera] [:] [Ros2BagDataSource] 正在读取 metadata.yaml: /root/calib_ws/data/nya_02_slam_imu_to_lidar/nya_02_ros2/metadata.yaml
[2026-05-07 11:30:11.300] [info] [LiDAR-Camera] [:] [Ros2BagDataSource] 使用配置的 LiDAR 话题: /os1_cloud_node1/points
[2026-05-07 11:30:11.300] [info] [LiDAR-Camera] [:] [Ros2BagDataSource] 使用配置的相机话题: /left/image_raw
[2026-05-07 11:30:11.300] [info] [LiDAR-Camera] [:] [Ros2BagDataSource] 使用配置的 IMU 话题: /imu/imu
[INFO] [1778124611.304470259] [rosbag2_storage]: Opened database '/root/calib_ws/data/nya_02_slam_imu_to_lidar/nya_02_ros2/nya_02_ros2.db3' for READ_ONLY.
[2026-05-07 11:30:11.304] [info] [LiDAR-Camera] [:] [Ros2BagDataSource] Bag 已打开，开始读取消息...
[2026-05-07 11:30:11.304] [info] [LiDAR-Camera] [:] [Ros2BagDataSource] 找到 19 个话题
[2026-05-07 11:30:11.304] [info] [LiDAR-Camera] [:] [Ros2BagDataSource]  话题: /dji_sdk/imu  类型: sensor_msgs/msg/Imu  消息数: 171462
[2026-05-07 11:30:11.304] [info] [LiDAR-Camera] [:] [Ros2BagDataSource]  话题: /dji_sdk/attitude  类型: geometry_msgs/msg/QuaternionStamped  消息数: 42866
[2026-05-07 11:30:11.304] [info] [LiDAR-Camera] [:] [Ros2BagDataSource]  话题: /os1_cloud_node2/imu  类型: sensor_msgs/msg/Imu  消息数: 42862
[2026-05-07 11:30:11.304] [info] [LiDAR-Camera] [:] [Ros2BagDataSource]  话题: /os1_cloud_node1/imu  类型: sensor_msgs/msg/Imu  消息数: 42862
[2026-05-07 11:30:11.304] [info] [LiDAR-Camera] [:] [Ros2BagDataSource]  话题: /imu/imu  类型: sensor_msgs/msg/Imu  消息数: 166428
[2026-05-07 11:30:11.304] [info] [LiDAR-Camera] [:] [Ros2BagDataSource]  话题: /imu/magnetic_field  类型: sensor_msgs/msg/MagneticField  消息数: 166428
[2026-05-07 11:30:11.304] [info] [LiDAR-Camera] [:] [Ros2BagDataSource]  话题: /imu/temperature  类型: sensor_msgs/msg/Temperature  消息数: 166428
[2026-05-07 11:30:11.304] [info] [LiDAR-Camera] [:] [Ros2BagDataSource]  话题: /dji_sdk/gps_position  类型: sensor_msgs/msg/NavSatFix  消息数: 21433
[2026-05-07 11:30:11.304] [info] [LiDAR-Camera] [:] [Ros2BagDataSource]  话题: /dji_sdk/height_above_takeoff  类型: std_msgs/msg/Float32  消息数: 21433
[2026-05-07 11:30:11.304] [info] [LiDAR-Camera] [:] [Ros2BagDataSource]  话题: /dji_sdk/gps_health  类型: std_msgs/msg/UInt8  消息数: 21433
[2026-05-07 11:30:11.304] [info] [LiDAR-Camera] [:] [Ros2BagDataSource]  话题: /uwb_endorange_info  类型: uwb_driver/msg/UwbRange  消息数: 25172
[2026-05-07 11:30:11.304] [info] [LiDAR-Camera] [:] [Ros2BagDataSource]  话题: /left/image_raw  类型: sensor_msgs/msg/Image  消息数: 4285
[2026-05-07 11:30:11.304] [info] [LiDAR-Camera] [:] [Ros2BagDataSource]  话题: /right/image_raw  类型: sensor_msgs/msg/Image  消息数: 4285
[2026-05-07 11:30:11.304] [info] [LiDAR-Camera] [:] [Ros2BagDataSource]  话题: /os1_cloud_node1/points  类型: sensor_msgs/msg/PointCloud2  消息数: 4287
[2026-05-07 11:30:11.304] [info] [LiDAR-Camera] [:] [Ros2BagDataSource]  话题: /os1_cloud_node2/points  类型: sensor_msgs/msg/PointCloud2  消息数: 4286
[2026-05-07 11:30:11.304] [info] [LiDAR-Camera] [:] [Ros2BagDataSource]  话题: /uwb_exorange_info  类型: uwb_driver/msg/UwbEcho  消息数: 2437
[2026-05-07 11:30:11.304] [info] [LiDAR-Camera] [:] [Ros2BagDataSource]  话题: /node_pos_marker_sc  类型: visualization_msgs/msg/Marker  消息数: 2437
[2026-05-07 11:30:11.304] [info] [LiDAR-Camera] [:] [Ros2BagDataSource]  话题: /node_pos_sc  类型: nav_msgs/msg/Path  消息数: 2437
[2026-05-07 11:30:11.304] [info] [LiDAR-Camera] [:] [Ros2BagDataSource]  话题: /leica/pose/relative  类型: geometry_msgs/msg/PoseStamped  消息数: 7679
[2026-05-07 11:30:11.304] [info] [LiDAR-Camera] [:] [Ros2BagDataSource] 将加载 bag 内所有 IMU / LiDAR / 相机话题，加载后可通过 sensor_id 或话题名选择使用
[2026-05-07 11:30:28.703] [info] [LiDAR-Camera] [:] [Ros2BagDataSource] 加载完成 (所有话题按话题名存储，可通过 sensor_id 或话题名选择):
[2026-05-07 11:30:28.705] [info] [LiDAR-Camera] [:]   LiDAR [/os1_cloud_node1/points]: 4287 帧
[2026-05-07 11:30:28.705] [info] [LiDAR-Camera] [:]   LiDAR [/os1_cloud_node2/points]: 4286 帧
[2026-05-07 11:30:28.705] [info] [LiDAR-Camera] [:]   相机 [/left/image_raw]: 4285 帧
[2026-05-07 11:30:28.705] [info] [LiDAR-Camera] [:]   相机 [/right/image_raw]: 4285 帧
[2026-05-07 11:30:28.705] [info] [LiDAR-Camera] [:]   IMU [/dji_sdk/imu]: 171462 帧
[2026-05-07 11:30:28.705] [info] [LiDAR-Camera] [:]   IMU [/imu/imu]: 166428 帧
[2026-05-07 11:30:28.705] [info] [LiDAR-Camera] [:]   IMU [/os1_cloud_node1/imu]: 42862 帧
[2026-05-07 11:30:28.705] [info] [LiDAR-Camera] [:]   IMU [/os1_cloud_node2/imu]: 42862 帧
[2026-05-07 11:30:28.705] [info] [LiDAR-Camera] [:]   选用 LiDAR  lidar_front -> /os1_cloud_node1/points
[2026-05-07 11:30:28.705] [info] [LiDAR-Camera] [:]   选用 相机  cam_left -> /left/image_raw
[2026-05-07 11:30:28.705] [info] [LiDAR-Camera] [:]   选用 IMU    imu_0 -> /imu/imu
[2026-05-07 11:30:28.706] [info] [LiDAR-Camera] [:]   时间范围: 1609045331.127 - 1609045759.771 秒
[2026-05-07 11:30:28.706] [info] [LiDAR-Camera] [:] [Ros2BagDataSource] 应用采样/帧数限制...
[2026-05-07 11:30:28.870] [info] [LiDAR-Camera] [:]   LiDAR /os1_cloud_node1/points 采样后: 2 帧
[2026-05-07 11:30:28.894] [info] [LiDAR-Camera] [:]   LiDAR /os1_cloud_node2/points 采样后: 2 帧
[2026-05-07 11:30:28.910] [info] [LiDAR-Camera] [:]   相机 /left/image_raw 采样后: 2 帧
[2026-05-07 11:30:28.985] [info] [LiDAR-Camera] [:]   相机 /right/image_raw 采样后: 2 帧
[2026-05-07 11:30:28.986] [info] [LiDAR-Camera] [:]   [Stage 1] ROS2 加载结果: LiDAR 2 帧  相机 2 帧 (sensor_id=cam_left)
[2026-05-07 11:30:29.013] [info] [LiDAR-Camera] [:]   [Stage 1] 已写入首帧到: PCD=./results/coarse_input/coarse_first.pcd  image=./results/coarse_input/coarse_first.png (ASCII PCD 供 Python 兼容)
[2026-05-07 11:30:29.164] [info] [LiDAR-Camera] [:]   [Stage 1] 标定对: lidar_id=lidar_front  camera_id=cam_left
[2026-05-07 11:30:29.165] [info] [LiDAR-Camera] [:]   [Stage 1] 调用粗标定: pcd=./results/coarse_input/coarse_first.pcd  image=./results/coarse_input/coarse_first.png 内参: fx=425.0 尺寸=752x480
[2026-05-07 11:30:29.165] [info] [LiDAR-Camera] [:] [AI-Calib] LiDAR-Cam 粗估 (MIAS-LCEC) lidar_0→cam_0
[2026-05-07 11:30:29.165] [info] [LiDAR-Camera] [:] [MIAS-LCEC] 仓库: /root/calib_ws/calib_unified 脚本: scripts/run_lidar_cam_coarse.py 实际传入模型路径: /root/calib_ws/MIAS-LCEC/model/mobile_sam.pt
[2026-05-07 11:30:29.166] [info] [LiDAR-Camera] [:] [MIAS-LCEC] 子进程 Python: python3 (已绕过 wrapper)
[2026-05-07 11:30:29.166] [info] [LiDAR-Camera] [:] [MIAS-LCEC] 粗标定尝试 1/2  (首次), 超时=180s
[2026-05-07 11:30:29.166] [info] [LiDAR-Camera] [:] [MIAS-LCEC] 执行命令 (python3+PYTHONPATH): python3 /root/calib_ws/calib_unified/scripts/run_lidar_cam_coarse.py --pcd ./results/coarse_input/coarse_first.pcd --image ./results/coarse_input/coarse_first.png --sensor_config /tmp/mias_work/sensor_config.yaml --output_dir /tmp/mias_work/output --quality-ncc-good 0.300000 --quality-ncc-acceptable 0.200000 --quality-rms-good-px 2.000000 --quality-rms-acceptable-px 5.000000 --quality-inlier-ratio-good 0.600000 --quality-inlier-ratio-acceptable 0.400000 --model_path /root/calib_ws/MIAS-LCEC/model/mobile_sam.pt --mias_repo /root/calib_ws/calib_unified --no-require-model
[2026-05-07 11:30:29.344] [info] [LiDAR-Camera] [:] [MIAS-LCEC] 子进程: [2026-05-07 11:30:29.344] [INFO] 环境: numpy=2.2.6
[2026-05-07 11:30:29.344] [info] [LiDAR-Camera] [:] [MIAS-LCEC] 子进程: [2026-05-07 11:30:29.344] [INFO] ======== 粗标定开始 ========
[2026-05-07 11:30:29.344] [info] [LiDAR-Camera] [:] [MIAS-LCEC] 子进程: [2026-05-07 11:30:29.344] [INFO] 输入: pcd=./results/coarse_input/coarse_first.pcd  image=./results/coarse_input/coarse_first.png  sensor_config=/tmp/mias_work/sensor_config.yaml  output_dir=/tmp/mias_work/output
[2026-05-07 11:30:29.344] [info] [LiDAR-Camera] [:] [MIAS-LCEC] 子进程: [2026-05-07 11:30:29.344] [INFO] [步骤 1/4] 读取 sensor_config...
[2026-05-07 11:30:29.355] [info] [LiDAR-Camera] [:] [MIAS-LCEC] 子进程: [2026-05-07 11:30:29.355] [INFO] 读取 sensor_config: /tmp/mias_work/sensor_config.yaml
[2026-05-07 11:30:29.356] [info] [LiDAR-Camera] [:] [MIAS-LCEC] 子进程: [2026-05-07 11:30:29.355] [INFO] 相机内参: fx=425.03 fy=426.80 cx=386.01 cy=241.91 width=752 height=480
[2026-05-07 11:30:29.356] [info] [LiDAR-Camera] [:] [MIAS-LCEC] 子进程: [2026-05-07 11:30:29.356] [INFO] [步骤 2/4] 读取 PCD...
[2026-05-07 11:30:29.362] [info] [LiDAR-Camera] [:] [MIAS-LCEC] 子进程: [2026-05-07 11:30:29.362] [INFO] PCD 加载方式: ASCII (优先，避免 Open3D/NumPy 2.x 兼容问题)  路径=./results/coarse_input/coarse_first.pcd
[2026-05-07 11:30:29.363] [info] [LiDAR-Camera] [:] [MIAS-LCEC] 子进程: [2026-05-07 11:30:29.363] [INFO] 点云规模: 12609 点  范围 X[-32.52, 49.52] Y[-28.54, 43.99] Z[-7.83, 1.22]
[2026-05-07 11:30:29.363] [info] [LiDAR-Camera] [:] [MIAS-LCEC] 子进程: [2026-05-07 11:30:29.363] [INFO] [步骤 2/4] PCD 读取完成  点数=12609
[2026-05-07 11:30:29.363] [info] [LiDAR-Camera] [:] [MIAS-LCEC] 子进程: [2026-05-07 11:30:29.363] [INFO] [步骤 3/4] 读取图像 (优先 Pillow，避免 NumPy 2.x 下 cv2 崩溃)...
[2026-05-07 11:30:29.389] [info] [LiDAR-Camera] [:] [MIAS-LCEC] 子进程: [2026-05-07 11:30:29.389] [INFO] 图像加载: Pillow  路径=./results/coarse_input/coarse_first.png  尺寸=752x480 (避免 NumPy 2.x 下 cv2 崩溃)
[2026-05-07 11:30:29.389] [info] [LiDAR-Camera] [:] [MIAS-LCEC] 子进程: [2026-05-07 11:30:29.389] [INFO] [步骤 3/4] 图像读取完成  尺寸=752x480
[2026-05-07 11:30:29.389] [info] [LiDAR-Camera] [:] [MIAS-LCEC] 子进程: [2026-05-07 11:30:29.389] [INFO] [粗标定] ===== 尝试深度模型推理 =====
[2026-05-07 11:30:29.389] [info] [LiDAR-Camera] [:] [MIAS-LCEC] 子进程: [2026-05-07 11:30:29.389] [INFO] [粗标定] 配置: model_path=/root/calib_ws/MIAS-LCEC/model/mobile_sam.pt
[2026-05-07 11:30:29.389] [info] [LiDAR-Camera] [:] [MIAS-LCEC] 子进程: [2026-05-07 11:30:29.389] [INFO] [粗标定] 配置: mias_repo=/root/calib_ws/calib_unified
[2026-05-07 11:30:29.389] [info] [LiDAR-Camera] [:] [MIAS-LCEC] 子进程: [2026-05-07 11:30:29.389] [INFO] [粗标定] require_model=False
[2026-05-07 11:30:29.389] [info] [LiDAR-Camera] [:] [MIAS-LCEC] 子进程: [2026-05-07 11:30:29.389] [INFO] [粗标定] mias_lcec_infer 导入成功
[2026-05-07 11:30:29.389] [info] [LiDAR-Camera] [:] [MIAS-LCEC] 子进程: [2026-05-07 11:30:29.389] [INFO] [粗标定] 开始调用深度模型推理...
[2026-05-07 11:30:29.389] [info] [LiDAR-Camera] [:] [MIAS-LCEC] 子进程: [2026-05-07 11:30:29.389] [INFO] [粗标定] 输入: pcd=./results/coarse_input/coarse_first.pcd image=./results/coarse_input/coarse_first.png
[2026-05-07 11:30:29.389] [info] [LiDAR-Camera] [:] [MIAS-LCEC] 子进程: [MIAS_LCEC_INFER 2026-05-07 11:30:29.389] [WARNING] [MIAS-LCEC 推理] 未使用深度模型: 模型文件不存在或未配置 model_path=/root/calib_ws/MIAS-LCEC/model/mobile_sam.pt
[2026-05-07 11:30:29.389] [info] [LiDAR-Camera] [:] [MIAS-LCEC] 子进程: [2026-05-07 11:30:29.389] [INFO] [粗标定] 推理完成，返回值类型: None
[2026-05-07 11:30:29.389] [info] [LiDAR-Camera] [:] [MIAS-LCEC] 子进程: [2026-05-07 11:30:29.389] [WARNING] [粗标定] 深度模型未返回结果 (require_model=false)，将回退 PnP 几何初值；请检查: 1) MIAS-LCEC 仓库是否有 infer_unicalib.py 或 LcMatch_CApi 2) Python 版本是否为 3.10 (LcMatch_CApi 需要) 3) model_path 是否正确
[2026-05-07 11:30:29.390] [info] [LiDAR-Camera] [:] [MIAS-LCEC] 子进程: [2026-05-07 11:30:29.389] [WARNING] [粗标定] ★ 结论: 未使用深度模型，将回退 PnP；原因见上方 [MIAS_LCEC_INFER] 错误日志（如 Read-only file system、ImportError 等）
[2026-05-07 11:30:29.708] [info] [LiDAR-Camera] [:] [MIAS-LCEC] 子进程: A module that was compiled using NumPy 1.x cannot be run in
[2026-05-07 11:30:29.708] [info] [LiDAR-Camera] [:] [MIAS-LCEC] 子进程: NumPy 2.2.6 as it may crash. To support both 1.x and 2.x
[2026-05-07 11:30:29.708] [info] [LiDAR-Camera] [:] [MIAS-LCEC] 子进程: versions of NumPy, modules must be compiled with NumPy 2.0.
[2026-05-07 11:30:29.708] [info] [LiDAR-Camera] [:] [MIAS-LCEC] 子进程: Some module may need to rebuild instead e.g. with 'pybind11>=2.12'.
[2026-05-07 11:30:29.708] [info] [LiDAR-Camera] [:] [MIAS-LCEC] 子进程: If you are a user of the module, the easiest solution will be to
[2026-05-07 11:30:29.708] [info] [LiDAR-Camera] [:] [MIAS-LCEC] 子进程: downgrade to 'numpy<2' or try to upgrade the affected module.
[2026-05-07 11:30:29.708] [info] [LiDAR-Camera] [:] [MIAS-LCEC] 子进程: We expect that some modules will need time to support NumPy 2.
[2026-05-07 11:30:29.708] [info] [LiDAR-Camera] [:] [MIAS-LCEC] 子进程: Traceback (most recent call last):  File "/root/calib_ws/calib_unified/scripts/run_lidar_cam_coarse.py", line 698, in <module>
[2026-05-07 11:30:29.708] [info] [LiDAR-Camera] [:] [MIAS-LCEC] 子进程:     sys.exit(main_with_traceback())
[2026-05-07 11:30:29.708] [info] [LiDAR-Camera] [:] [MIAS-LCEC] 子进程:   File "/root/calib_ws/calib_unified/scripts/run_lidar_cam_coarse.py", line 689, in main_with_traceback
[2026-05-07 11:30:29.708] [info] [LiDAR-Camera] [:] [MIAS-LCEC] 子进程:     return main()
[2026-05-07 11:30:29.708] [info] [LiDAR-Camera] [:] [MIAS-LCEC] 子进程:   File "/root/calib_ws/calib_unified/scripts/run_lidar_cam_coarse.py", line 567, in main
[2026-05-07 11:30:29.708] [info] [LiDAR-Camera] [:] [MIAS-LCEC] 子进程:     if not _check_cv2_available():
[2026-05-07 11:30:29.708] [info] [LiDAR-Camera] [:] [MIAS-LCEC] 子进程:   File "/root/calib_ws/calib_unified/scripts/run_lidar_cam_coarse.py", line 259, in _check_cv2_available
[2026-05-07 11:30:29.708] [info] [LiDAR-Camera] [:] [MIAS-LCEC] 子进程:     import cv2  # noqa: F401
[2026-05-07 11:30:29.708] [info] [LiDAR-Camera] [:] [MIAS-LCEC] 子进程:   File "/usr/local/lib/python3.10/dist-packages/cv2/__init__.py", line 181, in <module>
[2026-05-07 11:30:29.708] [info] [LiDAR-Camera] [:] [MIAS-LCEC] 子进程:     bootstrap()
[2026-05-07 11:30:29.708] [info] [LiDAR-Camera] [:] [MIAS-LCEC] 子进程:   File "/usr/local/lib/python3.10/dist-packages/cv2/__init__.py", line 153, in bootstrap
[2026-05-07 11:30:29.708] [info] [LiDAR-Camera] [:] [MIAS-LCEC] 子进程:     native_module = importlib.import_module("cv2")
[2026-05-07 11:30:29.708] [info] [LiDAR-Camera] [:] [MIAS-LCEC] 子进程:   File "/usr/lib/python3.10/importlib/__init__.py", line 126, in import_module
[2026-05-07 11:30:29.708] [info] [LiDAR-Camera] [:] [MIAS-LCEC] 子进程:     return _bootstrap._gcd_import(name[level:], package, level)
[2026-05-07 11:30:29.708] [info] [LiDAR-Camera] [:] [MIAS-LCEC] 子进程: AttributeError: _ARRAY_API not found
[2026-05-07 11:30:29.708] [info] [LiDAR-Camera] [:] [MIAS-LCEC] 子进程: [2026-05-07 11:30:29.708] [WARNING] [粗标定] cv2 不可用 (ImportError)，跳过 PnP，将输出 identity。原因: numpy.core.multiarray failed to import
[2026-05-07 11:30:29.708] [info] [LiDAR-Camera] [:] [MIAS-LCEC] 子进程: [2026-05-07 11:30:29.708] [WARNING] [粗标定] cv2 不可用，不调用 PnP，输出 identity；精标定可能无法收敛，建议修复环境后重试
[2026-05-07 11:30:29.708] [info] [LiDAR-Camera] [:] [MIAS-LCEC] 子进程: [2026-05-07 11:30:29.708] [INFO] [粗标定] 方法=identity  输出 t=[0, 0, 0]  (精标定可能无法收敛，建议检查 PnP 或深度模型)
[2026-05-07 11:30:29.708] [info] [LiDAR-Camera] [:] [MIAS-LCEC] 子进程: [2026-05-07 11:30:29.708] [INFO] [步骤 4/5] 写入 extrinsic_result.yaml...
[2026-05-07 11:30:29.709] [info] [LiDAR-Camera] [:] [MIAS-LCEC] 子进程: [2026-05-07 11:30:29.709] [INFO] 已写出 extrinsic_result.yaml: /tmp/mias_work/output/extrinsic_result.yaml  translation=[0.0000, 0.0000, 0.0000]
[2026-05-07 11:30:29.709] [info] [LiDAR-Camera] [:] [MIAS-LCEC] 子进程: [2026-05-07 11:30:29.709] [INFO] [步骤 5/5] 生成 quality_report.yaml...
[2026-05-07 11:30:29.999] [info] [LiDAR-Camera] [:] [MIAS-LCEC] 子进程: A module that was compiled using NumPy 1.x cannot be run in
[2026-05-07 11:30:29.999] [info] [LiDAR-Camera] [:] [MIAS-LCEC] 子进程: NumPy 2.2.6 as it may crash. To support both 1.x and 2.x
[2026-05-07 11:30:29.999] [info] [LiDAR-Camera] [:] [MIAS-LCEC] 子进程: versions of NumPy, modules must be compiled with NumPy 2.0.
[2026-05-07 11:30:29.999] [info] [LiDAR-Camera] [:] [MIAS-LCEC] 子进程: Some module may need to rebuild instead e.g. with 'pybind11>=2.12'.
[2026-05-07 11:30:29.999] [info] [LiDAR-Camera] [:] [MIAS-LCEC] 子进程: If you are a user of the module, the easiest solution will be to
[2026-05-07 11:30:29.999] [info] [LiDAR-Camera] [:] [MIAS-LCEC] 子进程: downgrade to 'numpy<2' or try to upgrade the affected module.
[2026-05-07 11:30:29.999] [info] [LiDAR-Camera] [:] [MIAS-LCEC] 子进程: We expect that some modules will need time to support NumPy 2.
[2026-05-07 11:30:29.999] [info] [LiDAR-Camera] [:] [MIAS-LCEC] 子进程: Traceback (most recent call last):  File "/root/calib_ws/calib_unified/scripts/run_lidar_cam_coarse.py", line 698, in <module>
[2026-05-07 11:30:29.999] [info] [LiDAR-Camera] [:] [MIAS-LCEC] 子进程:     sys.exit(main_with_traceback())
[2026-05-07 11:30:29.999] [info] [LiDAR-Camera] [:] [MIAS-LCEC] 子进程:   File "/root/calib_ws/calib_unified/scripts/run_lidar_cam_coarse.py", line 689, in main_with_traceback
[2026-05-07 11:30:29.999] [info] [LiDAR-Camera] [:] [MIAS-LCEC] 子进程:     return main()
[2026-05-07 11:30:29.999] [info] [LiDAR-Camera] [:] [MIAS-LCEC] 子进程:   File "/root/calib_ws/calib_unified/scripts/run_lidar_cam_coarse.py", line 636, in main
[2026-05-07 11:30:29.999] [info] [LiDAR-Camera] [:] [MIAS-LCEC] 子进程:     from mias_lcec_pytorch.quality_assessment import assess_calibration_quality
[2026-05-07 11:30:29.999] [info] [LiDAR-Camera] [:] [MIAS-LCEC] 子进程:   File "/root/calib_ws/calib_unified/scripts/mias_lcec_pytorch/__init__.py", line 17, in <module>
[2026-05-07 11:30:29.999] [info] [LiDAR-Camera] [:] [MIAS-LCEC] 子进程:     from .coarse_calib import MIASLCECCoarseCalib
[2026-05-07 11:30:29.999] [info] [LiDAR-Camera] [:] [MIAS-LCEC] 子进程:   File "/root/calib_ws/calib_unified/scripts/mias_lcec_pytorch/coarse_calib.py", line 26, in <module>
[2026-05-07 11:30:29.999] [info] [LiDAR-Camera] [:] [MIAS-LCEC] 子进程:     import torch
[2026-05-07 11:30:29.999] [info] [LiDAR-Camera] [:] [MIAS-LCEC] 子进程:   File "/usr/local/lib/python3.10/dist-packages/torch/__init__.py", line 1382, in <module>
[2026-05-07 11:30:29.999] [info] [LiDAR-Camera] [:] [MIAS-LCEC] 子进程:     from .functional import *  # noqa: F403
[2026-05-07 11:30:29.999] [info] [LiDAR-Camera] [:] [MIAS-LCEC] 子进程:   File "/usr/local/lib/python3.10/dist-packages/torch/functional.py", line 7, in <module>
[2026-05-07 11:30:29.999] [info] [LiDAR-Camera] [:] [MIAS-LCEC] 子进程:     import torch.nn.functional as F
[2026-05-07 11:30:29.999] [info] [LiDAR-Camera] [:] [MIAS-LCEC] 子进程:   File "/usr/local/lib/python3.10/dist-packages/torch/nn/__init__.py", line 1, in <module>
[2026-05-07 11:30:29.999] [info] [LiDAR-Camera] [:] [MIAS-LCEC] 子进程:     from .modules import *  # noqa: F403
[2026-05-07 11:30:29.999] [info] [LiDAR-Camera] [:] [MIAS-LCEC] 子进程:   File "/usr/local/lib/python3.10/dist-packages/torch/nn/modules/__init__.py", line 35, in <module>
[2026-05-07 11:30:29.999] [info] [LiDAR-Camera] [:] [MIAS-LCEC] 子进程:     from .transformer import TransformerEncoder, TransformerDecoder, \
[2026-05-07 11:30:29.999] [info] [LiDAR-Camera] [:] [MIAS-LCEC] 子进程:   File "/usr/local/lib/python3.10/dist-packages/torch/nn/modules/transformer.py", line 20, in <module>
[2026-05-07 11:30:29.999] [info] [LiDAR-Camera] [:] [MIAS-LCEC] 子进程:     device: torch.device = torch.device(torch._C._get_default_device()),  # torch.device('cpu'),
[2026-05-07 11:30:29.999] [info] [LiDAR-Camera] [:] [MIAS-LCEC] 子进程: /usr/local/lib/python3.10/dist-packages/torch/nn/modules/transformer.py:20: UserWarning: Failed to initialize NumPy: _ARRAY_API not found (Triggered internally at ../torch/csrc/utils/tensor_numpy.cpp:84.)
[2026-05-07 11:30:29.999] [info] [LiDAR-Camera] [:] [MIAS-LCEC] 子进程:   device: torch.device = torch.device(torch._C._get_default_device()),  # torch.device('cpu'),
[2026-05-07 11:30:31.389] [info] [LiDAR-Camera] [:] [MIAS-LCEC] 子进程: /usr/local/lib/python3.10/dist-packages/timm/models/layers/__init__.py:49: FutureWarning: Importing from timm.models.layers is deprecated, please import via timm.layers
[2026-05-07 11:30:31.389] [info] [LiDAR-Camera] [:] [MIAS-LCEC] 子进程:   warnings.warn(f"Importing from {__name__} is deprecated, please import via timm.layers", FutureWarning)
[2026-05-07 11:30:31.389] [info] [LiDAR-Camera] [:] [MIAS-LCEC] 子进程: /usr/local/lib/python3.10/dist-packages/timm/models/registry.py:4: FutureWarning: Importing from timm.models.registry is deprecated, please import via timm.models
[2026-05-07 11:30:31.389] [info] [LiDAR-Camera] [:] [MIAS-LCEC] 子进程:   warnings.warn(f"Importing from {__name__} is deprecated, please import via timm.models", FutureWarning)
[2026-05-07 11:30:31.389] [info] [LiDAR-Camera] [:] [MIAS-LCEC] 子进程: /root/calib_ws/calib_unified/thirdparty/MobileSAM/mobile_sam/modeling/tiny_vit_sam.py:656: UserWarning: Overwriting tiny_vit_5m_224 in registry with mobile_sam.modeling.tiny_vit_sam.tiny_vit_5m_224. This is because the name being registered conflicts with an existing name. Please check if this is not expected.
[2026-05-07 11:30:31.389] [info] [LiDAR-Camera] [:] [MIAS-LCEC] 子进程:   return register_model(fn_wrapper)
[2026-05-07 11:30:31.389] [info] [LiDAR-Camera] [:] [MIAS-LCEC] 子进程: /root/calib_ws/calib_unified/thirdparty/MobileSAM/mobile_sam/modeling/tiny_vit_sam.py:656: UserWarning: Overwriting tiny_vit_11m_224 in registry with mobile_sam.modeling.tiny_vit_sam.tiny_vit_11m_224. This is because the name being registered conflicts with an existing name. Please check if this is not expected.
[2026-05-07 11:30:31.389] [info] [LiDAR-Camera] [:] [MIAS-LCEC] 子进程:   return register_model(fn_wrapper)
[2026-05-07 11:30:31.389] [info] [LiDAR-Camera] [:] [MIAS-LCEC] 子进程: /root/calib_ws/calib_unified/thirdparty/MobileSAM/mobile_sam/modeling/tiny_vit_sam.py:656: UserWarning: Overwriting tiny_vit_21m_224 in registry with mobile_sam.modeling.tiny_vit_sam.tiny_vit_21m_224. This is because the name being registered conflicts with an existing name. Please check if this is not expected.
[2026-05-07 11:30:31.389] [info] [LiDAR-Camera] [:] [MIAS-LCEC] 子进程:   return register_model(fn_wrapper)
[2026-05-07 11:30:31.389] [info] [LiDAR-Camera] [:] [MIAS-LCEC] 子进程: /root/calib_ws/calib_unified/thirdparty/MobileSAM/mobile_sam/modeling/tiny_vit_sam.py:656: UserWarning: Overwriting tiny_vit_21m_384 in registry with mobile_sam.modeling.tiny_vit_sam.tiny_vit_21m_384. This is because the name being registered conflicts with an existing name. Please check if this is not expected.
[2026-05-07 11:30:31.389] [info] [LiDAR-Camera] [:] [MIAS-LCEC] 子进程:   return register_model(fn_wrapper)
[2026-05-07 11:30:31.389] [info] [LiDAR-Camera] [:] [MIAS-LCEC] 子进程: /root/calib_ws/calib_unified/thirdparty/MobileSAM/mobile_sam/modeling/tiny_vit_sam.py:656: UserWarning: Overwriting tiny_vit_21m_512 in registry with mobile_sam.modeling.tiny_vit_sam.tiny_vit_21m_512. This is because the name being registered conflicts with an existing name. Please check if this is not expected.
[2026-05-07 11:30:31.389] [info] [LiDAR-Camera] [:] [MIAS-LCEC] 子进程:   return register_model(fn_wrapper)
[2026-05-07 11:30:31.395] [info] [LiDAR-Camera] [:] [MIAS-LCEC] 子进程: [2026-05-07 11:30:31.395] [INFO] 已写出 quality_report.yaml: /tmp/mias_work/output/quality_report.yaml
[2026-05-07 11:30:31.395] [info] [LiDAR-Camera] [:] [MIAS-LCEC] 子进程: [2026-05-07 11:30:31.395] [INFO] 粗标定完成  方法=identity  耗时=2.13s  输出=/tmp/mias_work/output/extrinsic_result.yaml
[2026-05-07 11:30:31.395] [info] [LiDAR-Camera] [:] [MIAS-LCEC] 子进程: [2026-05-07 11:30:31.395] [INFO] [粗标定] ★ 最终: 使用恒等外参 (identity)，未使用深度模型
[2026-05-07 11:30:31.395] [info] [LiDAR-Camera] [:] [MIAS-LCEC] 子进程: [2026-05-07 11:30:31.395] [INFO] ======== 粗标定结束 ========
[2026-05-07 11:30:31.395] [info] [LiDAR-Camera] [:] [MIAS-LCEC] 子进程: [2026-05-07 11:30:31.395] [WARNING] [粗标定] 诊断摘要: 未使用深度模型 (method=identity)，详见上方 [MIAS_LCEC_INFER] 错误与修复建议
[2026-05-07 11:30:31.395] [info] [LiDAR-Camera] [:] [MIAS-LCEC] 子进程: [run_lidar_cam_coarse] OK  method=identity  output=/tmp/mias_work/output/extrinsic_result.yaml  elapsed_s=2.13
[2026-05-07 11:30:32.206] [info] [LiDAR-Camera] [:] [AI-Exec] 子进程完整输出已保存到: /tmp/mias_work/subprocess_1778124629.log
[2026-05-07 11:30:32.207] [info] [LiDAR-Camera] [:] [MIAS-LCEC] 子进程结束  exit_code=0  elapsed_ms=3039  output_exists=yes
[2026-05-07 11:30:32.207] [info] [LiDAR-Camera] [:] [MIAS-LCEC] 粗标定方法: identity)，详见上方 (由子进程 stdout 解析)
[2026-05-07 11:30:32.207] [warning] [LiDAR-Camera] [:] [MIAS-LCEC] ★ 粗标定未使用深度模型，结果来自几何回退(identity)，详见上方)；原因见上方子进程日志或 子进程完整输出
[2026-05-07 11:30:32.209] [info] [LiDAR-Camera] [:] [MIAS-LCEC] 解析结果  t=[0.0000, 0.0000, 0.0000]  is_identity=true
[2026-05-07 11:30:32.209] [warning] [LiDAR-Camera] [:] [MIAS-LCEC] 粗标定结果为 identity，重试  attempt=2/2  显式附加 --use_pnp
[2026-05-07 11:30:32.209] [info] [LiDAR-Camera] [:] [MIAS-LCEC] 粗标定尝试 2/2  (identity 后重试), 超时=180s
[2026-05-07 11:30:32.209] [info] [LiDAR-Camera] [:] [MIAS-LCEC] 执行命令 (python3+PYTHONPATH): python3 /root/calib_ws/calib_unified/scripts/run_lidar_cam_coarse.py --pcd ./results/coarse_input/coarse_first.pcd --image ./results/coarse_input/coarse_first.png --sensor_config /tmp/mias_work/sensor_config.yaml --output_dir /tmp/mias_work/output --quality-ncc-good 0.300000 --quality-ncc-acceptable 0.200000 --quality-rms-good-px 2.000000 --quality-rms-acceptable-px 5.000000 --quality-inlier-ratio-good 0.600000 --quality-inlier-ratio-acceptable 0.400000 --model_path /root/calib_ws/MIAS-LCEC/model/mobile_sam.pt --mias_repo /root/calib_ws/calib_unified --no-require-model --use_pnp
[2026-05-07 11:30:32.345] [info] [LiDAR-Camera] [:] [MIAS-LCEC] 子进程: [2026-05-07 11:30:32.345] [INFO] 环境: numpy=2.2.6
[2026-05-07 11:30:32.345] [info] [LiDAR-Camera] [:] [MIAS-LCEC] 子进程: [2026-05-07 11:30:32.345] [INFO] ======== 粗标定开始 ========
[2026-05-07 11:30:32.345] [info] [LiDAR-Camera] [:] [MIAS-LCEC] 子进程: [2026-05-07 11:30:32.345] [INFO] 输入: pcd=./results/coarse_input/coarse_first.pcd  image=./results/coarse_input/coarse_first.png  sensor_config=/tmp/mias_work/sensor_config.yaml  output_dir=/tmp/mias_work/output
[2026-05-07 11:30:32.345] [info] [LiDAR-Camera] [:] [MIAS-LCEC] 子进程: [2026-05-07 11:30:32.345] [INFO] [步骤 1/4] 读取 sensor_config...
[2026-05-07 11:30:32.353] [info] [LiDAR-Camera] [:] [MIAS-LCEC] 子进程: [2026-05-07 11:30:32.353] [INFO] 读取 sensor_config: /tmp/mias_work/sensor_config.yaml
[2026-05-07 11:30:32.354] [info] [LiDAR-Camera] [:] [MIAS-LCEC] 子进程: [2026-05-07 11:30:32.354] [INFO] 相机内参: fx=425.03 fy=426.80 cx=386.01 cy=241.91 width=752 height=480
[2026-05-07 11:30:32.354] [info] [LiDAR-Camera] [:] [MIAS-LCEC] 子进程: [2026-05-07 11:30:32.354] [INFO] [步骤 2/4] 读取 PCD...
[2026-05-07 11:30:32.365] [info] [LiDAR-Camera] [:] [MIAS-LCEC] 子进程: [2026-05-07 11:30:32.365] [INFO] PCD 加载方式: ASCII (优先，避免 Open3D/NumPy 2.x 兼容问题)  路径=./results/coarse_input/coarse_first.pcd
[2026-05-07 11:30:32.366] [info] [LiDAR-Camera] [:] [MIAS-LCEC] 子进程: [2026-05-07 11:30:32.366] [INFO] 点云规模: 12609 点  范围 X[-32.52, 49.52] Y[-28.54, 43.99] Z[-7.83, 1.22]
[2026-05-07 11:30:32.366] [info] [LiDAR-Camera] [:] [MIAS-LCEC] 子进程: [2026-05-07 11:30:32.366] [INFO] [步骤 2/4] PCD 读取完成  点数=12609
[2026-05-07 11:30:32.366] [info] [LiDAR-Camera] [:] [MIAS-LCEC] 子进程: [2026-05-07 11:30:32.366] [INFO] [步骤 3/4] 读取图像 (优先 Pillow，避免 NumPy 2.x 下 cv2 崩溃)...
[2026-05-07 11:30:32.387] [info] [LiDAR-Camera] [:] [MIAS-LCEC] 子进程: [2026-05-07 11:30:32.387] [INFO] 图像加载: Pillow  路径=./results/coarse_input/coarse_first.png  尺寸=752x480 (避免 NumPy 2.x 下 cv2 崩溃)
[2026-05-07 11:30:32.387] [info] [LiDAR-Camera] [:] [MIAS-LCEC] 子进程: [2026-05-07 11:30:32.387] [INFO] [步骤 3/4] 图像读取完成  尺寸=752x480
[2026-05-07 11:30:32.387] [info] [LiDAR-Camera] [:] [MIAS-LCEC] 子进程: [2026-05-07 11:30:32.387] [INFO] [粗标定] ===== 尝试深度模型推理 =====
[2026-05-07 11:30:32.387] [info] [LiDAR-Camera] [:] [MIAS-LCEC] 子进程: [2026-05-07 11:30:32.387] [INFO] [粗标定] 配置: model_path=/root/calib_ws/MIAS-LCEC/model/mobile_sam.pt
[2026-05-07 11:30:32.387] [info] [LiDAR-Camera] [:] [MIAS-LCEC] 子进程: [2026-05-07 11:30:32.387] [INFO] [粗标定] 配置: mias_repo=/root/calib_ws/calib_unified
[2026-05-07 11:30:32.387] [info] [LiDAR-Camera] [:] [MIAS-LCEC] 子进程: [2026-05-07 11:30:32.387] [INFO] [粗标定] require_model=False
[2026-05-07 11:30:32.388] [info] [LiDAR-Camera] [:] [MIAS-LCEC] 子进程: [2026-05-07 11:30:32.388] [INFO] [粗标定] mias_lcec_infer 导入成功
[2026-05-07 11:30:32.388] [info] [LiDAR-Camera] [:] [MIAS-LCEC] 子进程: [2026-05-07 11:30:32.388] [INFO] [粗标定] 开始调用深度模型推理...
[2026-05-07 11:30:32.388] [info] [LiDAR-Camera] [:] [MIAS-LCEC] 子进程: [2026-05-07 11:30:32.388] [INFO] [粗标定] 输入: pcd=./results/coarse_input/coarse_first.pcd image=./results/coarse_input/coarse_first.png
[2026-05-07 11:30:32.388] [info] [LiDAR-Camera] [:] [MIAS-LCEC] 子进程: [MIAS_LCEC_INFER 2026-05-07 11:30:32.388] [WARNING] [MIAS-LCEC 推理] 未使用深度模型: 模型文件不存在或未配置 model_path=/root/calib_ws/MIAS-LCEC/model/mobile_sam.pt
[2026-05-07 11:30:32.388] [info] [LiDAR-Camera] [:] [MIAS-LCEC] 子进程: [2026-05-07 11:30:32.388] [INFO] [粗标定] 推理完成，返回值类型: None
[2026-05-07 11:30:32.388] [info] [LiDAR-Camera] [:] [MIAS-LCEC] 子进程: [2026-05-07 11:30:32.388] [WARNING] [粗标定] 深度模型未返回结果 (require_model=false)，将回退 PnP 几何初值；请检查: 1) MIAS-LCEC 仓库是否有 infer_unicalib.py 或 LcMatch_CApi 2) Python 版本是否为 3.10 (LcMatch_CApi 需要) 3) model_path 是否正确
[2026-05-07 11:30:32.388] [info] [LiDAR-Camera] [:] [MIAS-LCEC] 子进程: [2026-05-07 11:30:32.388] [WARNING] [粗标定] ★ 结论: 未使用深度模型，将回退 PnP；原因见上方 [MIAS_LCEC_INFER] 错误日志（如 Read-only file system、ImportError 等）
[2026-05-07 11:30:32.478] [info] [LiDAR-Camera] [:] [MIAS-LCEC] 子进程: A module that was compiled using NumPy 1.x cannot be run in
[2026-05-07 11:30:32.478] [info] [LiDAR-Camera] [:] [MIAS-LCEC] 子进程: NumPy 2.2.6 as it may crash. To support both 1.x and 2.x
[2026-05-07 11:30:32.478] [info] [LiDAR-Camera] [:] [MIAS-LCEC] 子进程: versions of NumPy, modules must be compiled with NumPy 2.0.
[2026-05-07 11:30:32.478] [info] [LiDAR-Camera] [:] [MIAS-LCEC] 子进程: Some module may need to rebuild instead e.g. with 'pybind11>=2.12'.
[2026-05-07 11:30:32.478] [info] [LiDAR-Camera] [:] [MIAS-LCEC] 子进程: If you are a user of the module, the easiest solution will be to
[2026-05-07 11:30:32.478] [info] [LiDAR-Camera] [:] [MIAS-LCEC] 子进程: downgrade to 'numpy<2' or try to upgrade the affected module.
[2026-05-07 11:30:32.478] [info] [LiDAR-Camera] [:] [MIAS-LCEC] 子进程: We expect that some modules will need time to support NumPy 2.
[2026-05-07 11:30:32.478] [info] [LiDAR-Camera] [:] [MIAS-LCEC] 子进程: Traceback (most recent call last):  File "/root/calib_ws/calib_unified/scripts/run_lidar_cam_coarse.py", line 698, in <module>
[2026-05-07 11:30:32.478] [info] [LiDAR-Camera] [:] [MIAS-LCEC] 子进程:     sys.exit(main_with_traceback())
[2026-05-07 11:30:32.478] [info] [LiDAR-Camera] [:] [MIAS-LCEC] 子进程:   File "/root/calib_ws/calib_unified/scripts/run_lidar_cam_coarse.py", line 689, in main_with_traceback
[2026-05-07 11:30:32.478] [info] [LiDAR-Camera] [:] [MIAS-LCEC] 子进程:     return main()
[2026-05-07 11:30:32.478] [info] [LiDAR-Camera] [:] [MIAS-LCEC] 子进程:   File "/root/calib_ws/calib_unified/scripts/run_lidar_cam_coarse.py", line 567, in main
[2026-05-07 11:30:32.478] [info] [LiDAR-Camera] [:] [MIAS-LCEC] 子进程:     if not _check_cv2_available():
[2026-05-07 11:30:32.478] [info] [LiDAR-Camera] [:] [MIAS-LCEC] 子进程:   File "/root/calib_ws/calib_unified/scripts/run_lidar_cam_coarse.py", line 259, in _check_cv2_available
[2026-05-07 11:30:32.478] [info] [LiDAR-Camera] [:] [MIAS-LCEC] 子进程:     import cv2  # noqa: F401
[2026-05-07 11:30:32.478] [info] [LiDAR-Camera] [:] [MIAS-LCEC] 子进程:   File "/usr/local/lib/python3.10/dist-packages/cv2/__init__.py", line 181, in <module>
[2026-05-07 11:30:32.478] [info] [LiDAR-Camera] [:] [MIAS-LCEC] 子进程:     bootstrap()
[2026-05-07 11:30:32.478] [info] [LiDAR-Camera] [:] [MIAS-LCEC] 子进程:   File "/usr/local/lib/python3.10/dist-packages/cv2/__init__.py", line 153, in bootstrap
[2026-05-07 11:30:32.478] [info] [LiDAR-Camera] [:] [MIAS-LCEC] 子进程:     native_module = importlib.import_module("cv2")
[2026-05-07 11:30:32.478] [info] [LiDAR-Camera] [:] [MIAS-LCEC] 子进程:   File "/usr/lib/python3.10/importlib/__init__.py", line 126, in import_module
[2026-05-07 11:30:32.478] [info] [LiDAR-Camera] [:] [MIAS-LCEC] 子进程:     return _bootstrap._gcd_import(name[level:], package, level)
[2026-05-07 11:30:32.478] [info] [LiDAR-Camera] [:] [MIAS-LCEC] 子进程: AttributeError: _ARRAY_API not found
[2026-05-07 11:30:32.478] [info] [LiDAR-Camera] [:] [MIAS-LCEC] 子进程: [2026-05-07 11:30:32.478] [WARNING] [粗标定] cv2 不可用 (ImportError)，跳过 PnP，将输出 identity。原因: numpy.core.multiarray failed to import
[2026-05-07 11:30:32.478] [info] [LiDAR-Camera] [:] [MIAS-LCEC] 子进程: [2026-05-07 11:30:32.478] [WARNING] [粗标定] cv2 不可用，不调用 PnP，输出 identity；精标定可能无法收敛，建议修复环境后重试
[2026-05-07 11:30:32.478] [info] [LiDAR-Camera] [:] [MIAS-LCEC] 子进程: [2026-05-07 11:30:32.478] [INFO] [粗标定] 方法=identity  输出 t=[0, 0, 0]  (精标定可能无法收敛，建议检查 PnP 或深度模型)
[2026-05-07 11:30:32.478] [info] [LiDAR-Camera] [:] [MIAS-LCEC] 子进程: [2026-05-07 11:30:32.478] [INFO] [步骤 4/5] 写入 extrinsic_result.yaml...
[2026-05-07 11:30:32.479] [info] [LiDAR-Camera] [:] [MIAS-LCEC] 子进程: [2026-05-07 11:30:32.479] [INFO] 已写出 extrinsic_result.yaml: /tmp/mias_work/output/extrinsic_result.yaml  translation=[0.0000, 0.0000, 0.0000]
[2026-05-07 11:30:32.479] [info] [LiDAR-Camera] [:] [MIAS-LCEC] 子进程: [2026-05-07 11:30:32.479] [INFO] [步骤 5/5] 生成 quality_report.yaml...
[2026-05-07 11:30:32.716] [info] [LiDAR-Camera] [:] [MIAS-LCEC] 子进程: A module that was compiled using NumPy 1.x cannot be run in
[2026-05-07 11:30:32.716] [info] [LiDAR-Camera] [:] [MIAS-LCEC] 子进程: NumPy 2.2.6 as it may crash. To support both 1.x and 2.x
[2026-05-07 11:30:32.716] [info] [LiDAR-Camera] [:] [MIAS-LCEC] 子进程: versions of NumPy, modules must be compiled with NumPy 2.0.
[2026-05-07 11:30:32.716] [info] [LiDAR-Camera] [:] [MIAS-LCEC] 子进程: Some module may need to rebuild instead e.g. with 'pybind11>=2.12'.
[2026-05-07 11:30:32.716] [info] [LiDAR-Camera] [:] [MIAS-LCEC] 子进程: If you are a user of the module, the easiest solution will be to
[2026-05-07 11:30:32.716] [info] [LiDAR-Camera] [:] [MIAS-LCEC] 子进程: downgrade to 'numpy<2' or try to upgrade the affected module.
[2026-05-07 11:30:32.716] [info] [LiDAR-Camera] [:] [MIAS-LCEC] 子进程: We expect that some modules will need time to support NumPy 2.
[2026-05-07 11:30:32.716] [info] [LiDAR-Camera] [:] [MIAS-LCEC] 子进程: Traceback (most recent call last):  File "/root/calib_ws/calib_unified/scripts/run_lidar_cam_coarse.py", line 698, in <module>
[2026-05-07 11:30:32.716] [info] [LiDAR-Camera] [:] [MIAS-LCEC] 子进程:     sys.exit(main_with_traceback())
[2026-05-07 11:30:32.716] [info] [LiDAR-Camera] [:] [MIAS-LCEC] 子进程:   File "/root/calib_ws/calib_unified/scripts/run_lidar_cam_coarse.py", line 689, in main_with_traceback
[2026-05-07 11:30:32.716] [info] [LiDAR-Camera] [:] [MIAS-LCEC] 子进程:     return main()
[2026-05-07 11:30:32.716] [info] [LiDAR-Camera] [:] [MIAS-LCEC] 子进程:   File "/root/calib_ws/calib_unified/scripts/run_lidar_cam_coarse.py", line 636, in main
[2026-05-07 11:30:32.716] [info] [LiDAR-Camera] [:] [MIAS-LCEC] 子进程:     from mias_lcec_pytorch.quality_assessment import assess_calibration_quality
[2026-05-07 11:30:32.716] [info] [LiDAR-Camera] [:] [MIAS-LCEC] 子进程:   File "/root/calib_ws/calib_unified/scripts/mias_lcec_pytorch/__init__.py", line 17, in <module>
[2026-05-07 11:30:32.716] [info] [LiDAR-Camera] [:] [MIAS-LCEC] 子进程:     from .coarse_calib import MIASLCECCoarseCalib
[2026-05-07 11:30:32.716] [info] [LiDAR-Camera] [:] [MIAS-LCEC] 子进程:   File "/root/calib_ws/calib_unified/scripts/mias_lcec_pytorch/coarse_calib.py", line 26, in <module>
[2026-05-07 11:30:32.716] [info] [LiDAR-Camera] [:] [MIAS-LCEC] 子进程:     import torch
[2026-05-07 11:30:32.716] [info] [LiDAR-Camera] [:] [MIAS-LCEC] 子进程:   File "/usr/local/lib/python3.10/dist-packages/torch/__init__.py", line 1382, in <module>
[2026-05-07 11:30:32.716] [info] [LiDAR-Camera] [:] [MIAS-LCEC] 子进程:     from .functional import *  # noqa: F403
[2026-05-07 11:30:32.716] [info] [LiDAR-Camera] [:] [MIAS-LCEC] 子进程:   File "/usr/local/lib/python3.10/dist-packages/torch/functional.py", line 7, in <module>
[2026-05-07 11:30:32.716] [info] [LiDAR-Camera] [:] [MIAS-LCEC] 子进程:     import torch.nn.functional as F
[2026-05-07 11:30:32.716] [info] [LiDAR-Camera] [:] [MIAS-LCEC] 子进程:   File "/usr/local/lib/python3.10/dist-packages/torch/nn/__init__.py", line 1, in <module>
[2026-05-07 11:30:32.716] [info] [LiDAR-Camera] [:] [MIAS-LCEC] 子进程:     from .modules import *  # noqa: F403
[2026-05-07 11:30:32.716] [info] [LiDAR-Camera] [:] [MIAS-LCEC] 子进程:   File "/usr/local/lib/python3.10/dist-packages/torch/nn/modules/__init__.py", line 35, in <module>
[2026-05-07 11:30:32.716] [info] [LiDAR-Camera] [:] [MIAS-LCEC] 子进程:     from .transformer import TransformerEncoder, TransformerDecoder, \
[2026-05-07 11:30:32.716] [info] [LiDAR-Camera] [:] [MIAS-LCEC] 子进程:   File "/usr/local/lib/python3.10/dist-packages/torch/nn/modules/transformer.py", line 20, in <module>
[2026-05-07 11:30:32.716] [info] [LiDAR-Camera] [:] [MIAS-LCEC] 子进程:     device: torch.device = torch.device(torch._C._get_default_device()),  # torch.device('cpu'),
[2026-05-07 11:30:32.716] [info] [LiDAR-Camera] [:] [MIAS-LCEC] 子进程: /usr/local/lib/python3.10/dist-packages/torch/nn/modules/transformer.py:20: UserWarning: Failed to initialize NumPy: _ARRAY_API not found (Triggered internally at ../torch/csrc/utils/tensor_numpy.cpp:84.)
[2026-05-07 11:30:32.716] [info] [LiDAR-Camera] [:] [MIAS-LCEC] 子进程:   device: torch.device = torch.device(torch._C._get_default_device()),  # torch.device('cpu'),
[2026-05-07 11:30:33.814] [info] [LiDAR-Camera] [:] [MIAS-LCEC] 子进程: /usr/local/lib/python3.10/dist-packages/timm/models/layers/__init__.py:49: FutureWarning: Importing from timm.models.layers is deprecated, please import via timm.layers
[2026-05-07 11:30:33.814] [info] [LiDAR-Camera] [:] [MIAS-LCEC] 子进程:   warnings.warn(f"Importing from {__name__} is deprecated, please import via timm.layers", FutureWarning)
[2026-05-07 11:30:33.814] [info] [LiDAR-Camera] [:] [MIAS-LCEC] 子进程: /usr/local/lib/python3.10/dist-packages/timm/models/registry.py:4: FutureWarning: Importing from timm.models.registry is deprecated, please import via timm.models
[2026-05-07 11:30:33.814] [info] [LiDAR-Camera] [:] [MIAS-LCEC] 子进程:   warnings.warn(f"Importing from {__name__} is deprecated, please import via timm.models", FutureWarning)
[2026-05-07 11:30:33.815] [info] [LiDAR-Camera] [:] [MIAS-LCEC] 子进程: /root/calib_ws/calib_unified/thirdparty/MobileSAM/mobile_sam/modeling/tiny_vit_sam.py:656: UserWarning: Overwriting tiny_vit_5m_224 in registry with mobile_sam.modeling.tiny_vit_sam.tiny_vit_5m_224. This is because the name being registered conflicts with an existing name. Please check if this is not expected.
[2026-05-07 11:30:33.815] [info] [LiDAR-Camera] [:] [MIAS-LCEC] 子进程:   return register_model(fn_wrapper)
[2026-05-07 11:30:33.815] [info] [LiDAR-Camera] [:] [MIAS-LCEC] 子进程: /root/calib_ws/calib_unified/thirdparty/MobileSAM/mobile_sam/modeling/tiny_vit_sam.py:656: UserWarning: Overwriting tiny_vit_11m_224 in registry with mobile_sam.modeling.tiny_vit_sam.tiny_vit_11m_224. This is because the name being registered conflicts with an existing name. Please check if this is not expected.
[2026-05-07 11:30:33.815] [info] [LiDAR-Camera] [:] [MIAS-LCEC] 子进程:   return register_model(fn_wrapper)
[2026-05-07 11:30:33.815] [info] [LiDAR-Camera] [:] [MIAS-LCEC] 子进程: /root/calib_ws/calib_unified/thirdparty/MobileSAM/mobile_sam/modeling/tiny_vit_sam.py:656: UserWarning: Overwriting tiny_vit_21m_224 in registry with mobile_sam.modeling.tiny_vit_sam.tiny_vit_21m_224. This is because the name being registered conflicts with an existing name. Please check if this is not expected.
[2026-05-07 11:30:33.815] [info] [LiDAR-Camera] [:] [MIAS-LCEC] 子进程:   return register_model(fn_wrapper)
[2026-05-07 11:30:33.815] [info] [LiDAR-Camera] [:] [MIAS-LCEC] 子进程: /root/calib_ws/calib_unified/thirdparty/MobileSAM/mobile_sam/modeling/tiny_vit_sam.py:656: UserWarning: Overwriting tiny_vit_21m_384 in registry with mobile_sam.modeling.tiny_vit_sam.tiny_vit_21m_384. This is because the name being registered conflicts with an existing name. Please check if this is not expected.
[2026-05-07 11:30:33.815] [info] [LiDAR-Camera] [:] [MIAS-LCEC] 子进程:   return register_model(fn_wrapper)
[2026-05-07 11:30:33.815] [info] [LiDAR-Camera] [:] [MIAS-LCEC] 子进程: /root/calib_ws/calib_unified/thirdparty/MobileSAM/mobile_sam/modeling/tiny_vit_sam.py:656: UserWarning: Overwriting tiny_vit_21m_512 in registry with mobile_sam.modeling.tiny_vit_sam.tiny_vit_21m_512. This is because the name being registered conflicts with an existing name. Please check if this is not expected.
[2026-05-07 11:30:33.815] [info] [LiDAR-Camera] [:] [MIAS-LCEC] 子进程:   return register_model(fn_wrapper)
[2026-05-07 11:30:33.819] [info] [LiDAR-Camera] [:] [MIAS-LCEC] 子进程: [2026-05-07 11:30:33.819] [INFO] 已写出 quality_report.yaml: /tmp/mias_work/output/quality_report.yaml
[2026-05-07 11:30:33.819] [info] [LiDAR-Camera] [:] [MIAS-LCEC] 子进程: [2026-05-07 11:30:33.819] [INFO] 粗标定完成  方法=identity  耗时=1.51s  输出=/tmp/mias_work/output/extrinsic_result.yaml
[2026-05-07 11:30:33.819] [info] [LiDAR-Camera] [:] [MIAS-LCEC] 子进程: [2026-05-07 11:30:33.819] [INFO] [粗标定] ★ 最终: 使用恒等外参 (identity)，未使用深度模型
[2026-05-07 11:30:33.819] [info] [LiDAR-Camera] [:] [MIAS-LCEC] 子进程: [2026-05-07 11:30:33.819] [INFO] ======== 粗标定结束 ========
[2026-05-07 11:30:33.819] [info] [LiDAR-Camera] [:] [MIAS-LCEC] 子进程: [2026-05-07 11:30:33.819] [WARNING] [粗标定] 诊断摘要: 未使用深度模型 (method=identity)，详见上方 [MIAS_LCEC_INFER] 错误与修复建议
[2026-05-07 11:30:33.819] [info] [LiDAR-Camera] [:] [MIAS-LCEC] 子进程: [run_lidar_cam_coarse] OK  method=identity  output=/tmp/mias_work/output/extrinsic_result.yaml  elapsed_s=1.51
[2026-05-07 11:30:34.260] [info] [LiDAR-Camera] [:] [AI-Exec] 子进程完整输出已保存到: /tmp/mias_work/subprocess_1778124632.log
[2026-05-07 11:30:34.260] [info] [LiDAR-Camera] [:] [MIAS-LCEC] 子进程结束  exit_code=0  elapsed_ms=2050  output_exists=yes
[2026-05-07 11:30:34.260] [info] [LiDAR-Camera] [:] [MIAS-LCEC] 粗标定方法: identity)，详见上方 (由子进程 stdout 解析)
[2026-05-07 11:30:34.260] [warning] [LiDAR-Camera] [:] [MIAS-LCEC] ★ 粗标定未使用深度模型，结果来自几何回退(identity)，详见上方)；原因见上方子进程日志或 子进程完整输出
[2026-05-07 11:30:34.260] [info] [LiDAR-Camera] [:] [MIAS-LCEC] 解析结果  t=[0.0000, 0.0000, 0.0000]  is_identity=true
[2026-05-07 11:30:34.260] [info] [LiDAR-Camera] [:] [MIAS-LCEC] 第 2 次尝试仍为 identity，使用该结果
[2026-05-07 11:30:34.260] [info] [LiDAR-Camera] [:] [MIAS-LCEC] 粗估外参 最终: t=[0.0000, 0.0000, 0.0000]m  is_identity=true  output=/tmp/mias_work/output/extrinsic_result.yaml (重试后)
[2026-05-07 11:30:34.260] [info] [LiDAR-Camera] [:] [MIAS-LCEC] 粗标定结果来源: identity)，详见上方 (mias_lcec=深度模型, pnp=几何回退, identity=恒等)
[2026-05-07 11:30:34.260] [warning] [LiDAR-Camera] [:] [MIAS-LCEC] 粗标定输出为 identity；精标定可能无法收敛。建议: 1) 查看上方 [PnP] 日志确认网格/回退是否成功 2) 配置 model_path 尝试深度模型 3) 检查内参与数据
[2026-05-07 11:30:34.260] [info] [LiDAR-Camera] [:]   ✓ AI粗标定成功: t=[0.000,0.000,0.000]m
[2026-05-07 11:30:34.260] [info] [LiDAR-Camera] [:]   [Stage 1] 结果: 成功  初值将用于精标定
[2026-05-07 11:30:34.260] [info] [LiDAR-Camera] [:]   [Stage 1] 结果: 成功  精标定初值已就绪
[2026-05-07 11:30:34.260] [info] [LiDAR-Camera] [:] ▶ Stage 2: 精标定 (方法=edge)
[2026-05-07 11:30:34.263] [info] [LiDAR-Camera] [:] ▶ Stage 3: 手动校准 (manual_threshold=2.00px)
[2026-05-07 11:30:34.263] [info] [LiDAR-Camera] [:]   使用 ManualCalibSession 进行 6-DOF 交互式调整
[2026-05-07 11:30:34.263] [info] [LiDAR-Camera] [:]   调用示例:
[2026-05-07 11:30:34.263] [info] [LiDAR-Camera] [:]     ManualCalibSession::SessionConfig sess_cfg;
[2026-05-07 11:30:34.263] [info] [LiDAR-Camera] [:]     sess_cfg.save_dir = "./results/manual_sessions";
[2026-05-07 11:30:34.263] [info] [LiDAR-Camera] [:]     ManualCalibSession session(sess_cfg);
[2026-05-07 11:30:34.263] [info] [LiDAR-Camera] [:]     auto result = session.run_lidar_cam(scan, image, intrin, auto_result, auto_rms);
[2026-05-07 11:30:34.263] [info] [LiDAR-Camera] [:] 
[2026-05-07 11:30:34.263] [info] [LiDAR-Camera] [:] ╔═══════════════════════════════════════════════╗
[2026-05-07 11:30:34.263] [info] [LiDAR-Camera] [:] ║   UniCalib 两阶段标定流水线 — 开始            ║
[2026-05-07 11:30:34.263] [info] [LiDAR-Camera] [:] ║   Pipeline ID: pipeline_20260507_113010       ║
[2026-05-07 11:30:34.263] [info] [LiDAR-Camera] [:] ╚═══════════════════════════════════════════════╝
[2026-05-07 11:30:34.263] [info] [LiDAR-Camera] [:] [Coarse-AI/LiDAR-Cam] enable_coarse_lidar_cam=true → do_coarse=true
[11:30:34.263] [info] 
[11:30:34.263] [info] ━━━━━━━━━━━━━━━━━━━━━━━━━━━━━━━━━━━━━━━━━
[11:30:34.263] [info] ▶ 开始阶段: [Coarse-AI] 任务: [lidar_cam_extrin]
[11:30:34.263] [info]   描述: AI模型提供初始估计值
[11:30:34.263] [info] ━━━━━━━━━━━━━━━━━━━━━━━━━━━━━━━━━━━━━━━━━
[11:30:34.263] [info] [CALC] 粗标定阶段开始 task=lidar_cam_extrin
[11:30:34.263] [info] [Coarse-AI/LiDAR-Cam] 使用主程序已注入的粗标定结果 t=[0.000,0.000,0.000]m，精标定将以此起步
[11:30:34.263] [info] ━━━━━━━━━━━━━━━━━━━━━━━━━━━━━━━━━━━━━━━━━
[11:30:34.263] [info] ■ 结束阶段: [Coarse-AI] 任务: [lidar_cam_extrin]
[11:30:34.263] [info]   结果: ✓ 成功 | 残差RMS: 0.0000 | 耗时: 0 ms
[11:30:34.263] [info]   消息: 使用主程序 Stage1 粗标定结果，作为精标定初值
[11:30:34.263] [info] [CALC] 阶段结束 stage=Coarse-AI task=lidar_cam_extrin success=true residual_rms=0.000000 elapsed_ms=0.0 threshold=-1.0000
[11:30:34.263] [info] ━━━━━━━━━━━━━━━━━━━━━━━━━━━━━━━━━━━━━━━━━
[11:30:34.263] [info] 
[11:30:34.263] [info] ━━━━━━━━━━━━━━━━━━━━━━━━━━━━━━━━━━━━━━━━━
[11:30:34.263] [info] ▶ 开始阶段: [Fine-Auto] 任务: [lidar_cam_extrin]
[11:30:34.263] [info]   描述: 无目标优化
[11:30:34.263] [info] ━━━━━━━━━━━━━━━━━━━━━━━━━━━━━━━━━━━━━━━━━
[11:30:34.263] [info] [CALC] 精标定阶段开始 task=lidar_cam_extrin
[11:30:34.263] [info] [Fine-Auto] 任务: lidar_cam_extrin | 无目标优先: true
[11:30:34.263] [info] [Fine-Auto] 方法: 边缘对齐互信息 (EDGE_ALIGNMENT, 无目标)
[11:30:34.264] [info] [STAGE=lidar_cam_fine_auto] LiDAR-Camera 精标定 开始
[11:30:34.264] [info] [Fine-Auto/LiDAR-Cam] 开始执行精标定...
[11:30:34.264] [info]   [精标定数据源] 类型=ROS2_BAG  lidar_id=lidar_front
[11:30:34.264] [info]   ROS2 Bag: /root/calib_ws/data/nya_02_slam_imu_to_lidar/nya_02_ros2  LiDAR 话题: /os1_cloud_node1/points  相机话题: /left/image_raw
[11:30:34.264] [info] [Fine-Auto/LiDAR-Cam] 从 ROS2 加载数据...
[11:30:34.264] [info] [UnifiedDataLoader] 从 ROS2 加载数据...
[11:30:34.264] [info]   Bag 文件: /root/calib_ws/data/nya_02_slam_imu_to_lidar/nya_02_ros2
[11:30:34.264] [info]   实时模式: false
[11:30:34.264] [info] [Ros2BagDataSource] 打开 bag 文件: /root/calib_ws/data/nya_02_slam_imu_to_lidar/nya_02_ros2
[11:30:34.264] [info] [Ros2BagDataSource] 正在读取 metadata.yaml: /root/calib_ws/data/nya_02_slam_imu_to_lidar/nya_02_ros2/metadata.yaml
[11:30:34.266] [debug] [Ros2BagDataSource] 找到话题: /dji_sdk/imu (类型: sensor_msgs/msg/Imu, 消息数: 171462)
[11:30:34.266] [debug] [Ros2BagDataSource] 找到话题: /dji_sdk/attitude (类型: geometry_msgs/msg/QuaternionStamped, 消息数: 42866)
[11:30:34.266] [debug] [Ros2BagDataSource] 找到话题: /os1_cloud_node2/imu (类型: sensor_msgs/msg/Imu, 消息数: 42862)
[11:30:34.266] [debug] [Ros2BagDataSource] 找到话题: /os1_cloud_node1/imu (类型: sensor_msgs/msg/Imu, 消息数: 42862)
[11:30:34.266] [debug] [Ros2BagDataSource] 找到话题: /imu/imu (类型: sensor_msgs/msg/Imu, 消息数: 166428)
[11:30:34.266] [debug] [Ros2BagDataSource] 找到话题: /imu/magnetic_field (类型: sensor_msgs/msg/MagneticField, 消息数: 166428)
[11:30:34.266] [debug] [Ros2BagDataSource] 找到话题: /imu/temperature (类型: sensor_msgs/msg/Temperature, 消息数: 166428)
[11:30:34.266] [debug] [Ros2BagDataSource] 找到话题: /dji_sdk/gps_position (类型: sensor_msgs/msg/NavSatFix, 消息数: 21433)
[11:30:34.267] [debug] [Ros2BagDataSource] 找到话题: /dji_sdk/height_above_takeoff (类型: std_msgs/msg/Float32, 消息数: 21433)
[11:30:34.267] [debug] [Ros2BagDataSource] 找到话题: /dji_sdk/gps_health (类型: std_msgs/msg/UInt8, 消息数: 21433)
[11:30:34.267] [debug] [Ros2BagDataSource] 找到话题: /uwb_endorange_info (类型: uwb_driver/msg/UwbRange, 消息数: 25172)
[11:30:34.267] [debug] [Ros2BagDataSource] 找到话题: /left/image_raw (类型: sensor_msgs/msg/Image, 消息数: 4285)
[11:30:34.267] [debug] [Ros2BagDataSource] 找到话题: /right/image_raw (类型: sensor_msgs/msg/Image, 消息数: 4285)
[11:30:34.267] [debug] [Ros2BagDataSource] 找到话题: /os1_cloud_node1/points (类型: sensor_msgs/msg/PointCloud2, 消息数: 4287)
[11:30:34.267] [debug] [Ros2BagDataSource] 找到话题: /os1_cloud_node2/points (类型: sensor_msgs/msg/PointCloud2, 消息数: 4286)
[11:30:34.267] [debug] [Ros2BagDataSource] 找到话题: /uwb_exorange_info (类型: uwb_driver/msg/UwbEcho, 消息数: 2437)
[11:30:34.267] [debug] [Ros2BagDataSource] 找到话题: /node_pos_marker_sc (类型: visualization_msgs/msg/Marker, 消息数: 2437)
[11:30:34.267] [debug] [Ros2BagDataSource] 找到话题: /node_pos_sc (类型: nav_msgs/msg/Path, 消息数: 2437)
[11:30:34.267] [debug] [Ros2BagDataSource] 找到话题: /leica/pose/relative (类型: geometry_msgs/msg/PoseStamped, 消息数: 7679)
[11:30:34.267] [info] [Ros2BagDataSource] 使用配置的 LiDAR 话题: /os1_cloud_node1/points
[11:30:34.267] [info] [Ros2BagDataSource] 使用配置的相机话题: /left/image_raw
[11:30:34.267] [info] [Ros2BagDataSource] 使用配置的 IMU 话题: /imu/imu
[INFO] [1778124634.281258571] [rosbag2_storage]: Opened database '/root/calib_ws/data/nya_02_slam_imu_to_lidar/nya_02_ros2/nya_02_ros2.db3' for READ_ONLY.
[11:30:34.281] [info] [Ros2BagDataSource] Bag 已打开，开始读取消息...
[11:30:34.281] [info] [Ros2BagDataSource] 找到 19 个话题
[11:30:34.281] [info] [Ros2BagDataSource]  话题: /dji_sdk/imu  类型: sensor_msgs/msg/Imu  消息数: 171462
[11:30:34.281] [info] [Ros2BagDataSource]  话题: /dji_sdk/attitude  类型: geometry_msgs/msg/QuaternionStamped  消息数: 42866
[11:30:34.281] [info] [Ros2BagDataSource]  话题: /os1_cloud_node2/imu  类型: sensor_msgs/msg/Imu  消息数: 42862
[11:30:34.281] [info] [Ros2BagDataSource]  话题: /os1_cloud_node1/imu  类型: sensor_msgs/msg/Imu  消息数: 42862
[11:30:34.281] [info] [Ros2BagDataSource]  话题: /imu/imu  类型: sensor_msgs/msg/Imu  消息数: 166428
[11:30:34.281] [info] [Ros2BagDataSource]  话题: /imu/magnetic_field  类型: sensor_msgs/msg/MagneticField  消息数: 166428
[11:30:34.281] [info] [Ros2BagDataSource]  话题: /imu/temperature  类型: sensor_msgs/msg/Temperature  消息数: 166428
[11:30:34.281] [info] [Ros2BagDataSource]  话题: /dji_sdk/gps_position  类型: sensor_msgs/msg/NavSatFix  消息数: 21433
[11:30:34.281] [info] [Ros2BagDataSource]  话题: /dji_sdk/height_above_takeoff  类型: std_msgs/msg/Float32  消息数: 21433
[11:30:34.281] [info] [Ros2BagDataSource]  话题: /dji_sdk/gps_health  类型: std_msgs/msg/UInt8  消息数: 21433
[11:30:34.281] [info] [Ros2BagDataSource]  话题: /uwb_endorange_info  类型: uwb_driver/msg/UwbRange  消息数: 25172
[11:30:34.281] [info] [Ros2BagDataSource]  话题: /left/image_raw  类型: sensor_msgs/msg/Image  消息数: 4285
[11:30:34.281] [info] [Ros2BagDataSource]  话题: /right/image_raw  类型: sensor_msgs/msg/Image  消息数: 4285
[11:30:34.281] [info] [Ros2BagDataSource]  话题: /os1_cloud_node1/points  类型: sensor_msgs/msg/PointCloud2  消息数: 4287
[11:30:34.281] [info] [Ros2BagDataSource]  话题: /os1_cloud_node2/points  类型: sensor_msgs/msg/PointCloud2  消息数: 4286
[11:30:34.281] [info] [Ros2BagDataSource]  话题: /uwb_exorange_info  类型: uwb_driver/msg/UwbEcho  消息数: 2437
[11:30:34.281] [info] [Ros2BagDataSource]  话题: /node_pos_marker_sc  类型: visualization_msgs/msg/Marker  消息数: 2437
[11:30:34.281] [info] [Ros2BagDataSource]  话题: /node_pos_sc  类型: nav_msgs/msg/Path  消息数: 2437
[11:30:34.281] [info] [Ros2BagDataSource]  话题: /leica/pose/relative  类型: geometry_msgs/msg/PoseStamped  消息数: 7679
[11:30:34.281] [info] [Ros2BagDataSource] 将加载 bag 内所有 IMU / LiDAR / 相机话题，加载后可通过 sensor_id 或话题名选择使用
[11:30:35.572] [debug]   收集 IMU [/dji_sdk/imu] 帧数: 5000
[11:30:35.638] [debug]   收集 IMU [/imu/imu] 帧数: 5000
[11:30:36.837] [debug]   收集 IMU [/dji_sdk/imu] 帧数: 10000
[11:30:36.990] [debug]   收集 IMU [/imu/imu] 帧数: 10000
[11:30:38.298] [debug]   收集 IMU [/dji_sdk/imu] 帧数: 15000
[11:30:38.526] [debug]   收集 IMU [/imu/imu] 帧数: 15000
[11:30:39.965] [debug]   收集 LiDAR [/os1_cloud_node1/points] 帧数: 500
[11:30:39.967] [debug]   收集 LiDAR [/os1_cloud_node2/points] 帧数: 500
[11:30:39.972] [debug]   收集相机 [/left/image_raw] 帧数: 500
[11:30:39.975] [debug]   收集相机 [/right/image_raw] 帧数: 500
[11:30:39.976] [debug]   收集 IMU [/dji_sdk/imu] 帧数: 20000
[11:30:39.976] [debug]   收集 IMU [/os1_cloud_node1/imu] 帧数: 5000
[11:30:39.976] [debug]   收集 IMU [/os1_cloud_node2/imu] 帧数: 5000
[11:30:40.217] [debug]   收集 IMU [/imu/imu] 帧数: 20000
[11:30:41.297] [debug]   收集 IMU [/dji_sdk/imu] 帧数: 25000
[11:30:41.598] [debug]   收集 IMU [/imu/imu] 帧数: 25000
[11:30:42.683] [debug]   收集 IMU [/dji_sdk/imu] 帧数: 30000
[11:30:43.040] [debug]   收集 IMU [/imu/imu] 帧数: 30000
[11:30:44.097] [debug]   收集 IMU [/dji_sdk/imu] 帧数: 35000
[11:30:44.488] [debug]   收集 IMU [/imu/imu] 帧数: 35000
[11:30:45.622] [debug]   收集 LiDAR [/os1_cloud_node1/points] 帧数: 1000
[11:30:45.624] [debug]   收集 LiDAR [/os1_cloud_node2/points] 帧数: 1000
[11:30:45.629] [debug]   收集相机 [/left/image_raw] 帧数: 1000
[11:30:45.632] [debug]   收集相机 [/right/image_raw] 帧数: 1000
[11:30:45.632] [debug]   收集 IMU [/dji_sdk/imu] 帧数: 40000
[11:30:45.632] [debug]   收集 IMU [/os1_cloud_node1/imu] 帧数: 10000
[11:30:45.632] [debug]   收集 IMU [/os1_cloud_node2/imu] 帧数: 10000
[11:30:46.091] [debug]   收集 IMU [/imu/imu] 帧数: 40000
[11:30:47.159] [debug]   收集 IMU [/dji_sdk/imu] 帧数: 45000
[11:30:47.637] [debug]   收集 IMU [/imu/imu] 帧数: 45000
[11:30:48.649] [debug]   收集 IMU [/dji_sdk/imu] 帧数: 50000
[11:30:49.199] [debug]   收集 IMU [/imu/imu] 帧数: 50000
[11:30:50.022] [debug]   收集 IMU [/dji_sdk/imu] 帧数: 55000
[11:30:50.534] [debug]   收集 IMU [/imu/imu] 帧数: 55000
[11:30:51.333] [debug]   收集 LiDAR [/os1_cloud_node1/points] 帧数: 1500
[11:30:51.334] [debug]   收集 LiDAR [/os1_cloud_node2/points] 帧数: 1500
[11:30:51.334] [debug]   收集 IMU [/dji_sdk/imu] 帧数: 60000
[11:30:51.338] [debug]   收集相机 [/left/image_raw] 帧数: 1500
[11:30:51.341] [debug]   收集相机 [/right/image_raw] 帧数: 1500
[11:30:51.341] [debug]   收集 IMU [/os1_cloud_node1/imu] 帧数: 15000
[11:30:51.341] [debug]   收集 IMU [/os1_cloud_node2/imu] 帧数: 15000
[11:30:51.894] [debug]   收集 IMU [/imu/imu] 帧数: 60000
[11:30:52.700] [debug]   收集 IMU [/dji_sdk/imu] 帧数: 65000
[11:30:53.240] [debug]   收集 IMU [/imu/imu] 帧数: 65000
[11:30:53.942] [debug]   收集 IMU [/dji_sdk/imu] 帧数: 70000
[11:30:54.431] [debug]   收集 IMU [/imu/imu] 帧数: 70000
[11:30:55.059] [debug]   收集 IMU [/dji_sdk/imu] 帧数: 75000
[11:30:55.638] [debug]   收集 IMU [/imu/imu] 帧数: 75000
[11:30:56.341] [debug]   收集 LiDAR [/os1_cloud_node1/points] 帧数: 2000
[11:30:56.350] [debug]   收集 LiDAR [/os1_cloud_node2/points] 帧数: 2000
[11:30:56.350] [debug]   收集 IMU [/dji_sdk/imu] 帧数: 80000
[11:30:56.350] [debug]   收集 IMU [/os1_cloud_node1/imu] 帧数: 20000
[11:30:56.350] [debug]   收集 IMU [/os1_cloud_node2/imu] 帧数: 20000
[11:30:56.355] [debug]   收集相机 [/left/image_raw] 帧数: 2000
[11:30:56.359] [debug]   收集相机 [/right/image_raw] 帧数: 2000
[11:30:56.812] [debug]   收集 IMU [/imu/imu] 帧数: 80000
[11:30:57.054] [debug]   收集 IMU [/dji_sdk/imu] 帧数: 85000
[11:30:57.327] [debug]   收集 IMU [/imu/imu] 帧数: 85000
[11:30:57.548] [debug]   收集 IMU [/dji_sdk/imu] 帧数: 90000
[11:30:57.882] [debug]   收集 IMU [/imu/imu] 帧数: 90000
[11:30:58.062] [debug]   收集 IMU [/dji_sdk/imu] 帧数: 95000
[11:30:58.390] [debug]   收集 IMU [/imu/imu] 帧数: 95000
[11:30:58.605] [debug]   收集 LiDAR [/os1_cloud_node1/points] 帧数: 2500
[11:30:58.608] [debug]   收集 LiDAR [/os1_cloud_node2/points] 帧数: 2500
[11:30:58.608] [debug]   收集 IMU [/dji_sdk/imu] 帧数: 100000
[11:30:58.608] [debug]   收集 IMU [/os1_cloud_node1/imu] 帧数: 25000
[11:30:58.608] [debug]   收集 IMU [/os1_cloud_node2/imu] 帧数: 25000
[11:30:58.610] [debug]   收集相机 [/left/image_raw] 帧数: 2500
[11:30:58.611] [debug]   收集相机 [/right/image_raw] 帧数: 2500
[11:30:58.959] [debug]   收集 IMU [/imu/imu] 帧数: 100000
[11:30:59.363] [debug]   收集 IMU [/dji_sdk/imu] 帧数: 105000
[11:31:00.760] [debug]   收集 IMU [/imu/imu] 帧数: 105000
[11:31:01.536] [debug]   收集 IMU [/dji_sdk/imu] 帧数: 110000
[11:31:02.948] [debug]   收集 IMU [/imu/imu] 帧数: 110000
[11:31:03.561] [debug]   收集 IMU [/dji_sdk/imu] 帧数: 115000
[11:31:04.076] [debug]   收集 IMU [/imu/imu] 帧数: 115000
[11:31:04.400] [debug]   收集 LiDAR [/os1_cloud_node1/points] 帧数: 3000
[11:31:04.402] [debug]   收集 LiDAR [/os1_cloud_node2/points] 帧数: 3000
[11:31:04.403] [debug]   收集 IMU [/dji_sdk/imu] 帧数: 120000
[11:31:04.404] [debug]   收集 IMU [/os1_cloud_node1/imu] 帧数: 30000
[11:31:04.404] [debug]   收集 IMU [/os1_cloud_node2/imu] 帧数: 30000
[11:31:04.405] [debug]   收集相机 [/left/image_raw] 帧数: 3000
[11:31:04.405] [debug]   收集相机 [/right/image_raw] 帧数: 3000
[11:31:05.195] [debug]   收集 IMU [/imu/imu] 帧数: 120000
[11:31:05.687] [debug]   收集 IMU [/dji_sdk/imu] 帧数: 125000
[11:31:14.364] [debug]   收集 IMU [/imu/imu] 帧数: 125000
[11:31:14.480] [debug]   收集 IMU [/dji_sdk/imu] 帧数: 130000
[11:31:16.903] [debug]   收集 IMU [/imu/imu] 帧数: 130000
[11:31:17.055] [debug]   收集 IMU [/dji_sdk/imu] 帧数: 135000
[11:31:17.542] [debug]   收集 IMU [/imu/imu] 帧数: 135000
[11:31:17.613] [debug]   收集 LiDAR [/os1_cloud_node1/points] 帧数: 3500
[11:31:17.615] [debug]   收集 LiDAR [/os1_cloud_node2/points] 帧数: 3500
[11:31:17.617] [debug]   收集 IMU [/dji_sdk/imu] 帧数: 140000
[11:31:17.618] [debug]   收集 IMU [/os1_cloud_node1/imu] 帧数: 35000
[11:31:17.618] [debug]   收集 IMU [/os1_cloud_node2/imu] 帧数: 35000
[11:31:17.620] [debug]   收集相机 [/left/image_raw] 帧数: 3500
[11:31:17.620] [debug]   收集相机 [/right/image_raw] 帧数: 3500
[11:31:18.040] [debug]   收集 IMU [/imu/imu] 帧数: 140000
[11:31:18.105] [debug]   收集 IMU [/dji_sdk/imu] 帧数: 145000
[11:31:18.750] [debug]   收集 IMU [/imu/imu] 帧数: 145000
[11:31:18.850] [debug]   收集 IMU [/dji_sdk/imu] 帧数: 150000
[11:31:19.571] [debug]   收集 IMU [/imu/imu] 帧数: 150000
[11:31:19.668] [debug]   收集 IMU [/dji_sdk/imu] 帧数: 155000
[11:31:20.396] [debug]   收集 IMU [/imu/imu] 帧数: 155000
[11:31:20.445] [debug]   收集 LiDAR [/os1_cloud_node1/points] 帧数: 4000
[11:31:20.446] [debug]   收集 LiDAR [/os1_cloud_node2/points] 帧数: 4000
[11:31:20.447] [debug]   收集 IMU [/dji_sdk/imu] 帧数: 160000
[11:31:20.448] [debug]   收集 IMU [/os1_cloud_node1/imu] 帧数: 40000
[11:31:20.448] [debug]   收集 IMU [/os1_cloud_node2/imu] 帧数: 40000
[11:31:20.450] [debug]   收集相机 [/left/image_raw] 帧数: 4000
[11:31:20.450] [debug]   收集相机 [/right/image_raw] 帧数: 4000
[11:31:21.279] [debug]   收集 IMU [/imu/imu] 帧数: 160000
[11:31:21.291] [debug]   收集 IMU [/dji_sdk/imu] 帧数: 165000
[11:31:21.928] [debug]   收集 IMU [/imu/imu] 帧数: 165000
[11:31:21.929] [debug]   收集 IMU [/dji_sdk/imu] 帧数: 170000
[11:31:22.162] [info] [Ros2BagDataSource] 加载完成 (所有话题按话题名存储，可通过 sensor_id 或话题名选择):
[11:31:22.162] [info]   LiDAR [/os1_cloud_node1/points]: 4287 帧
[11:31:22.162] [info]   LiDAR [/os1_cloud_node2/points]: 4286 帧
[11:31:22.162] [info]   相机 [/left/image_raw]: 4285 帧
[11:31:22.162] [info]   相机 [/right/image_raw]: 4285 帧
[11:31:22.162] [info]   IMU [/dji_sdk/imu]: 171462 帧
[11:31:22.162] [info]   IMU [/imu/imu]: 166428 帧
[11:31:22.162] [info]   IMU [/os1_cloud_node1/imu]: 42862 帧
[11:31:22.162] [info]   IMU [/os1_cloud_node2/imu]: 42862 帧
[11:31:22.162] [info]   选用 LiDAR  lidar_front -> /os1_cloud_node1/points
[11:31:22.162] [info]   选用 相机  cam_left -> /left/image_raw
[11:31:22.162] [info]   选用 IMU    imu_0 -> /imu/imu
[11:31:22.162] [info]   时间范围: 1609045331.127 - 1609045759.771 秒
[11:31:22.162] [info] [Ros2BagDataSource] 应用采样/帧数限制...
[11:31:22.227] [info]   LiDAR /os1_cloud_node1/points 采样后: 800 帧
[11:31:22.255] [info]   LiDAR /os1_cloud_node2/points 采样后: 800 帧
[11:31:22.289] [info]   相机 /left/image_raw 采样后: 800 帧
[11:31:22.321] [info]   相机 /right/image_raw 采样后: 800 帧
[11:31:22.324] [info] [Fine-Auto/LiDAR-Cam] LiDAR 加载完成: 800 帧 (将按相机逐路取帧)
[11:31:22.326] [info] 读取相机内参: ./results/camera_intrinsic/camera_intrinsic_cam_left.yaml
[11:31:22.327] [info]   fx=425.03 fy=426.80 cx=386.02 cy=241.91 dist=4
[11:31:22.327] [info] [Fine-Auto/LiDAR-Cam] 步骤: LiDAR-Camera 标定 相机=cam_left (方法: 边缘对齐)
[11:31:22.331] [info] [CalibVisualizer] 初始化完成
[11:31:22.331] [info] [Fine-Auto/LiDAR-Cam] 可视化已启用：仅标定结束后显示一帧「图像+点云投影」叠加，不创建 3D 窗口、不泵送其他帧
[11:31:22.331] [info] [Fine-Auto/LiDAR-Cam] 从配置重新读取粗标定初值 t=[0.110,0.100,-0.030]m
[11:31:22.331] [info] [Fine-Auto/LiDAR-Cam] 使用粗标定初值 t=[0.110,0.100,-0.030]m
[11:31:22.331] [info] [Fine-Auto/LiDAR-Cam] 执行标定 相机=cam_left: 点云 800 帧  图像 800 帧
[11:31:22.332] [info] ╔══════════════════════════════════════════════════════════════════╗
[11:31:22.332] [info] ║         LiDAR-Camera 两阶段标定 - 详细日志                  ║
[11:31:22.332] [info] ╚══════════════════════════════════════════════════════════════════╝
[11:31:22.332] [info] ┌────────────────────────────────────────────────────────────────┐
[11:31:22.332] [info] │ 输入参数:
[11:31:22.332] [info] │   - LiDAR ID: lidar_front  图像 ID: cam_left
[11:31:22.332] [info] │   - 点云帧数: 800  图像帧数: 800
[11:31:22.332] [info] │   - 图像尺寸: 752x480
[11:31:22.332] [info] │   - 相机内参: fx=425.03 fy=426.80 cx=386.02 cy=241.91
[11:31:22.332] [info] │   - 优先无目标方法: 是(边缘对齐)
[11:31:22.332] [info] │   - 粗标定初值: 已提供
[11:31:22.332] [info] │   - 初始平移: [0.1100, 0.1000, -0.0300] m
[11:31:22.332] [info] └────────────────────────────────────────────────────────────────┘
[11:31:22.332] [info] 
[11:31:22.332] [info] ┌────────────────────────────────────────────────────────────────┐
[11:31:22.332] [info] │ [Stage 1] 粗标定阶段
[11:31:22.332] [info] └────────────────────────────────────────────────────────────────┘
[11:31:22.333] [info] │ [Coarse] 使用提供的初始值:
[11:31:22.333] [info] │   - 平移向量: [0.1100, 0.1000, -0.0300] m
[11:31:22.333] [info] │   - 旋转角度: [90.45, 179.11, 89.96] deg (RPY)
[11:31:22.333] [info] │   - 变换范数: 0.1517
[11:31:22.333] [info] └────────────────────────────────────────────────────────────────┘
[11:31:22.333] [info] 
[11:31:22.333] [info] ┌────────────────────────────────────────────────────────────────┐
[11:31:22.333] [info] │ [Stage 2] 精标定阶段
[11:31:22.333] [info] └────────────────────────────────────────────────────────────────┘
[11:31:22.333] [info] │ [Fine] 执行边缘对齐优化...
[11:31:22.333] [info] │ 配置: NCC阈值=0.050 帧同步阈值=0.500s 时间偏移搜索范围=±0.500s
[11:31:22.333] [info] ┌────────────────────────────────────────────────────────────────┐
[11:31:22.333] [info] │ [精标定] 边缘对齐法 (Edge Alignment)                        │
[11:31:22.333] [info] ├────────────────────────────────────────────────────────────────┤
[11:31:22.333] [info] │ 初始值: 粗标定提供 (identity=false)
[11:31:22.333] [info] │   平移: [0.1100, 0.1000, -0.0300] m
[11:31:22.333] [info] │   旋转: [90.45, 179.11, 89.96] deg
[11:31:22.333] [info] │ 数据: 点云帧=800 图像帧=800 采样=30 尺寸=752x480
[11:31:22.333] [info] │ 时间: 图像[1609045331.179-1609045730.796]s LiDAR[1609045331.148-1609045730.640]s
[11:31:22.333] [info] │ 配置: 同步阈值=0.500s 边缘Canny(50, 150) NCC阈值=0.050
[11:31:22.333] [info] │ 特征权重: edge=0.50 corner=0.30 intensity=0.20
[11:31:22.333] [info] └────────────────────────────────────────────────────────────────┘
[11:31:23.435] [info] │ [时间偏移搜索] 最佳偏移=+0.1500s 最佳NCC=0.0501
[11:31:23.482] [info]   [精标定] 有效帧数=1 (<3)  当前阈值=0.050  候选帧最大NCC=0.0501
[11:31:23.530] [info]   [精标定] 放宽 NCC 阈值至 0.000  放宽后有效帧数=17
[11:31:23.530] [info]   初值 NCC=0.0501  有效帧数=17  (候选帧数=30  NCC范围=[-0.0557,0.0501] 均值=0.0027)
[11:31:23.603] [info]   [多特征] 角点: 17 帧共 2550 个 keypoints
[11:31:23.617] [info]   [多特征] 强度一致性: 17 帧
[11:31:23.617] [info]   [精标定] 残差块总数=2584  即将调用 Ceres::Solve
[11:31:23.617] [info]   [精标定] 初始参数: axis=[-1.214510,-1.196575,-1.224842] trans=[0.1100,0.1000,-0.0300]
[11:31:23.617] [info]   [精标定] 初值 T_cam_lidar: t=[0.1100,0.1000,-0.0300]m
[11:31:23.617] [info]   [精标定] frame_pairs=17 use_edge=true use_corner=true use_intensity=true
[11:31:23.617] [info]   [预检查] 开始全面检查 Ceres 输入数据...
[11:31:23.617] [info]   [预检查] 参数角度=2.099301 rad 平移范数=0.1517 m
[11:31:23.617] [info]   [预检查] frame_pairs 统计: 总数=17 有效=17 空图=0 空点云=0 零-size点云=0
[11:31:23.617] [info]   [预检查] EdgeNCCCost 统计: 总数=17 scan无效=0 image空=0
[11:31:23.617] [info]   [预检查] CornerReprojCost 统计: 总数=2550 scan无效=0
[11:31:23.617] [info]   [预检查] IntensityConsistencyCost 统计: 总数=17 scan无效=0 image空=0
[11:31:23.617] [info]   [预检查] 相机内参: fx=425.03 fy=426.80 cx=386.02 cy=241.91 size=752x480
[11:31:23.617] [info]   [预检查] Ceres 问题规模: 残差块=2584 参数块=1(6维)
[11:31:23.617] [info]   [预检查] Ceres 输入数据检查完成
[11:31:23.617] [info]   [Ceres] 即将调用 Solve，残差块=2584 求解器=ITERATIVE_SCHUR
[11:31:23.617] [info]   [调试] 开始 Ceres Solve，残差块=2584
[11:31:23.617] [info]   [调试] 手动测试代价函数求值...
[11:31:23.620] [info]   [调试] 第一个 EdgeNCCCost 求值结果: ok=true residual=-0.011621432740850656
[11:31:23.620] [info]   [调试] 代价函数测试完成，准备调用 Ceres::Solve
[11:34:06.432] [info]   [Ceres] Solve 完成
[11:34:06.432] [info] [CALC] LiDAR-Cam 边缘法 Ceres iter=51 residual_blocks=17 initial_cost=38561.533505 final_cost=30201.076362 converged=no
[11:34:06.432] [info]   [Ceres] 迭代数=51  残差块数=17  initial_cost=38561.533505  final_cost=30201.076362  converged=false  termination=NO_CONVERGENCE
[11:34:06.460] [info] ┌────────────────────────────────────────────────────────────────┐
[11:34:06.460] [info] │ [优化结果]
[11:34:06.460] [info] [CALC] LiDAR-Cam 边缘法 优化结果 NCC=0.0466 rms=0.9534px converged=no
[11:34:06.460] [info] │   - NCC: 0.0466  RMS: 0.9534px  收敛: 否
[11:34:06.460] [info] │   - 平移: [0.0907, 0.0173, -1.2326] m
[11:34:06.460] [info] │   - 旋转: [92.22, 178.80, 89.81] deg (RPY)
[11:34:06.460] [info] │   - 质量: 不合格 (NCC<0.3)
[11:34:06.460] [info] └────────────────────────────────────────────────────────────────┘
[11:34:06.461] [info] │
[11:34:06.461] [info] │ ★ 标定结果:
[11:34:06.461] [info] │   - 平移: [0.0907, 0.0173, -1.2326] m
[11:34:06.461] [info] │   - RMS: 0.9534 px
[11:34:06.461] [info] │   - 收敛: 否
[11:34:06.461] [info] └────────────────────────────────────────────────────────────────┘
[11:34:06.462] [info] [Fine-Auto] 结果已保存: ./results/lidar_camera_extrinsic/lidar_cam_cam_left_extrinsic.yaml
[11:34:06.462] [info] [Viz] 即将生成投影图并保存到 ./results/lidar_camera_extrinsic/lidar_cam_cam_left_projection.png
[11:34:06.471] [info] 投影可视化保存: ./results/lidar_camera_extrinsic/lidar_cam_cam_left_projection.png
[11:34:06.471] [info] [Viz] 投影图已保存（当前未将结果点云回显到 3D 窗口，仅保存 PNG）
[11:34:06.471] [info] [Fine-Auto/LiDAR-Cam] 相机 cam_left 完成, RMS=0.9534 px  收敛=否
[11:34:06.471] [warning] [Fine-Auto/LiDAR-Cam] 精标定未收敛 (NCC 未达 0.3 或 RMS 偏高)，建议: 1) 确保粗标定提供非 identity 初值 2) 检查 LiDAR/相机 FOV 与时间同步 3) 查看上方 [精标定] 质量结论与 NCC 统计
[11:34:06.471] [info] [Viz/Display] 即将关闭可视化窗口 原因=用户关闭或流程结束 pangolin_running=false
[11:34:06.471] [warning] [Fine-Auto/LiDAR-Cam] 相机 cam_right 无帧，跳过
[11:34:06.471] [warning] [Fine-Auto/LiDAR-Cam] 相机 cam_front 无帧，跳过
[11:34:06.471] [warning] [Fine-Auto/LiDAR-Cam] 相机 cam_rear 无帧，跳过
[11:34:06.471] [info] [Fine-Auto/LiDAR-Cam] 精标定完成: 1 个相机  最大 RMS=0.9534 px
[11:34:06.471] [info] [STAGE=lidar_cam_fine_auto] LiDAR-Camera 精标定 完成
[11:34:06.471] [info] [Fine-Auto/LiDAR-Cam] RMS 阈值=2.00 px  最大 RMS=0.9534 px  在阈值内
[11:34:06.707] [info] ━━━━━━━━━━━━━━━━━━━━━━━━━━━━━━━━━━━━━━━━━
[11:34:06.707] [info] ■ 结束阶段: [Fine-Auto] 任务: [lidar_cam_extrin]
[11:34:06.707] [info]   结果: ✓ 成功 | 残差RMS: 0.9534 | 耗时: 212444 ms
[11:34:06.707] [info]   消息: LiDAR-Camera 精标定完成: 1 个相机, 最大 RMS=0.953416 px
[11:34:06.708] [info] [CALC] 阶段结束 stage=Fine-Auto task=lidar_cam_extrin success=true residual_rms=0.953416 elapsed_ms=212207.5 threshold=2.0000
[11:34:06.708] [info] ━━━━━━━━━━━━━━━━━━━━━━━━━━━━━━━━━━━━━━━━━
[11:34:06.708] [info] [Pipeline] 用户已启用手动校准 (--manual), 进入 6-DOF 调整
[11:34:06.708] [info] 
[11:34:06.708] [info] ━━━━━━━━━━━━━━━━━━━━━━━━━━━━━━━━━━━━━━━━━
[11:34:06.708] [info] ▶ 开始阶段: [Manual-Refine] 任务: [lidar_cam_extrin]
[11:34:06.708] [info]   描述: 手动校准: 6-DOF 交互式调整
[11:34:06.708] [info] ━━━━━━━━━━━━━━━━━━━━━━━━━━━━━━━━━━━━━━━━━
[11:34:06.708] [info] [Manual-Refine] 任务: lidar_cam_extrin
[11:34:06.708] [info] [Manual-Refine] 操作说明: Q/A Roll  W/S Pitch  E/D Yaw  R/F Tx  T/G Ty  Y/H Tz  U Undo  Enter 接受  Esc 取消
[11:34:06.709] [info] [ManualSession] 会话ID: session_2026-05-07_11-34-06
[11:34:06.709] [info] [ManualSession] 保存目录: ./results/manual_sessions
[11:34:06.709] [info] [Manual-Refine] 已打开 6-DOF 可视化调整窗口，请在本窗口内按键微调后 Enter 接受或 Esc 取消
[11:34:06.709] [info] [Manual-Refine] LiDAR-Camera 手动调整仅使用首帧匹配数据（第 0 帧点云 + 第 0 帧图像）
[11:34:06.709] [info] [ManualSession] 启动 LiDAR-Camera 手动校准
[11:34:06.709] [info] [ManualSession] 自动标定 RMS: 0.9534 px (阈值建议 < 2.0px)
[11:34:06.709] [debug] [ManualSession] 事件: lidar_cam_start | auto_rms=0.953416
[11:34:06.709] [info] [ManualAdjust] 初始外参:
[11:34:06.709] [info] [ManualAdjust] 当前外参 [lidar_front→cam_left]:
[11:34:06.709] [info]   旋转 RPY: (3.6101, -87.7717, -94.8105) deg
[11:34:06.709] [info]   平移 XYZ: (0.0907, 0.0173, -1.2326) m
[11:34:06.709] [info] [ManualSession] ===== 手动校准操作说明 =====
[11:34:06.709] [info]   Q/A: Roll ±0.1deg   W/S: Pitch ±0.1deg   E/D: Yaw ±0.1deg
[11:34:06.709] [info]   R/F: Tx ±0.5cm   T/G: Ty ±0.5cm   Y/H: Tz ±0.5cm
[11:34:06.709] [info]   Shift+键: 10倍步长
[11:34:06.709] [info]   P: 进入点击精化模式  U: 撤销  Z: 重做
[11:34:06.709] [info]   S: 保存  ESC: 接受并退出
[11:34:06.709] [info]   点云投影质量越高 (边缘对齐越好) 表示标定越准确
[11:34:06.717] [info] [ManualAdjust] 结果已保存: ./results/lidar_camera_extrinsic/manual_extrinsic_20260507_113406_initial.yaml
[11:34:06.717] [info] [ManualCalib] 交互窗口启动前已自动保存初始状态快照（备用）:
[11:34:06.717] [info]   - 投影图: ./results/lidar_camera_extrinsic/manual_projection_20260507_113406_initial.png
[11:34:06.717] [info]   - 点云:   ./results/lidar_camera_extrinsic/manual_cloud_20260507_113406_initial.pcd
[11:34:06.717] [info]   - 外参:   ./results/lidar_camera_extrinsic/manual_extrinsic_20260507_113406_initial.yaml

(unicalib_lidar_camera:144): dbind-WARNING **: 11:34:06.777: Couldn't connect to accessibility bus: Failed to connect to socket /run/user/1000/at-spi/bus_1: No such file or directory
[11:34:06.848] [info] [ManualCalib] 3D 点云窗口已禁用（避免 VTK 闪退），请在 2D 投影窗口进行微调。按下 'S' 键可手动保存当前微调结果图片和点云。
[11:34:06.848] [info] [ManualCalib] 初始位姿 T_lidar_to_cam:
[11:34:06.848] [info]   - Translation: 0.0907, 0.0173, -1.2326
[11:34:06.848] [info]   - RPY (deg):   92.2244, 178.8033, 89.8131
[11:34:41.557] [info] [ManualSession] 用户取消，保留自动标定结果
[11:34:41.557] [debug] [ManualSession] 事件: lidar_cam_end | final_rms=0.953416
[11:34:41.557] [info] [ManualSession] 会话已保存: ./results/manual_sessions/session_2026-05-07_11-34-06.yaml
[11:34:41.557] [info] ━━━━━━━━━━━━━━━━━━━━━━━━━━━━━━━━━━━━━━━━━
[11:34:41.557] [info] ■ 结束阶段: [Manual-Refine] 任务: [lidar_cam_extrin]
[11:34:41.557] [info]   结果: ✓ 成功 | 残差RMS: 0.9534 | 耗时: 34849 ms
[11:34:41.557] [info]   消息: LiDAR-Camera 手动调整完成
[11:34:41.557] [info] [CALC] 阶段结束 stage=Manual-Refine task=lidar_cam_extrin success=true residual_rms=0.953416 elapsed_ms=34849.0 threshold=-1.0000
[11:34:41.557] [info] ━━━━━━━━━━━━━━━━━━━━━━━━━━━━━━━━━━━━━━━━━
[11:34:41.557] [info] ====== Pipeline Report: pipeline_20260507_113010 ======
[11:34:41.557] [info]   Total time: 247056.5 ms
[11:34:41.557] [info]   All stages succeeded: YES
[11:34:41.557] [info]   标定质量: 各阶段 RMS 均在阈值内
[11:34:41.557] [info]   [Coarse-AI-lidar_cam_extrin] success=true rms=0.0000 time=0.0ms: 使用主程序 Stage1 粗标定结果，作为精标定初值
[11:34:41.557] [info]   [Fine-Auto-lidar_cam_extrin] success=true rms=0.9534 time=212207.5ms: LiDAR-Camera 精标定完成: 1 个相机, 最大 RMS=0.953416 px
[11:34:41.557] [info]   [Manual-Refine-lidar_cam_extrin] success=true rms=0.9534 time=34849.0ms: LiDAR-Camera 手动调整完成

╔══════════════════════════════════════════════════════╗
║              标定参数汇总                            ║
╠══════════════════════════════════════════════════════╣
║ 外参:
║   lidar_front->cam_left:
║     R(RPY°): [3.61, -87.77, -94.81]
║     T(m):    [0.09, 0.02, -1.23]
║     时偏(s): 0.00
║     RMS:     0.95 ✗
╚══════════════════════════════════════════════════════╝

[11:34:41.557] [info] ================================
[11:34:41.558] [info] Pipeline report saved: ./results/pipeline_report_20260507_113010.yaml
[11:34:41.559] [info] ====== Pipeline Report: pipeline_20260507_113010 ======
[11:34:41.559] [info]   Total time: 247056.5 ms
[11:34:41.559] [info]   All stages succeeded: YES
[11:34:41.559] [info]   标定质量: 各阶段 RMS 均在阈值内
[11:34:41.559] [info]   [Coarse-AI-lidar_cam_extrin] success=true rms=0.0000 time=0.0ms: 使用主程序 Stage1 粗标定结果，作为精标定初值
[11:34:41.559] [info]   [Fine-Auto-lidar_cam_extrin] success=true rms=0.9534 time=212207.5ms: LiDAR-Camera 精标定完成: 1 个相机, 最大 RMS=0.953416 px
[11:34:41.559] [info]   [Manual-Refine-lidar_cam_extrin] success=true rms=0.9534 time=34849.0ms: LiDAR-Camera 手动调整完成

╔══════════════════════════════════════════════════════╗
║              标定参数汇总                            ║
╠══════════════════════════════════════════════════════╣
║ 外参:
║   lidar_front->cam_left:
║     R(RPY°): [3.61, -87.77, -94.81]
║     T(m):    [0.09, 0.02, -1.23]
║     时偏(s): 0.00
║     RMS:     0.95 ✗
╚══════════════════════════════════════════════════════╝

[11:34:41.559] [info] ================================
[11:34:41.559] [info] ━━━━━━━━━━━━━━━━━━━━━━━━━━━━━━━━━━━━
[11:34:41.559] [info] LiDAR-Camera 标定流程完成
[11:34:41.559] [info] 结果目录: ./results
[11:34:41.559] [info] 标定流程正常退出 exit_code=0
[11:34:41.559] [info] ━━━━━━━━━━━━━━━━━━━━━━━━━━━━━━━━━━━━
