
 ╔═══════════════════════════════════════════════════════╗
 ║   UniCalib — LiDAR-Camera 外参标定                    ║
 ║   两阶段: AI粗标定(MIAS-LCEC) → 无目标边缘精标定      ║
 ║   手动校准: --manual 触发 6-DOF 交互式调整             ║
 ╚═══════════════════════════════════════════════════════╝

[2026-05-07 09:31:56.371] [info] [LiDAR-Camera] [:] ━━━━━━━━━━━━━━━━━━━━━━━━━━━━━━━━━━━━
[2026-05-07 09:31:56.371] [info] [LiDAR-Camera] [:] 配置文件: /root/calib_ws/calib_unified/config/unicalib_example.yaml
[2026-05-07 09:31:56.371] [info] [LiDAR-Camera] [:] 输出目录: /root/calib_ws/results
[2026-05-07 09:31:56.371] [info] [LiDAR-Camera] [:] 数据根目录: /root/calib_ws/data (--data-dir 或 CALIB_DATA_DIR)
[2026-05-07 09:31:56.371] [info] [LiDAR-Camera] [:] 精标定方法: edge (无目标优先=true)
[2026-05-07 09:31:56.371] [info] [LiDAR-Camera] [:] AI粗标定: true | 手动校准: true
[2026-05-07 09:31:56.371] [info] [LiDAR-Camera] [:] ━━━━━━━━━━━━━━━━━━━━━━━━━━━━━━━━━━━━
[2026-05-07 09:31:56.373] [info] [LiDAR-Camera] [:] 读取系统配置: /root/calib_ws/calib_unified/config/unicalib_example.yaml
[2026-05-07 09:31:56.375] [info] [LiDAR-Camera] [:]   IMU: 1, LiDAR: 2, Camera: 2
[2026-05-07 09:31:56.376] [info] [LiDAR-Camera] [:] ━━━━━━━━━━━━━━━━━━━━━━━━━━━━━━━━━━━━ [数据路径] ━━━━━━━━━━━━━━━━━━━━━━━━━━━━━
[2026-05-07 09:31:56.376] [info] [LiDAR-Camera] [:]   数据路径来源: 统一格式 (data.lidar.<id> / data.camera.<id>.images_dir)
[2026-05-07 09:31:56.376] [info] [LiDAR-Camera] [:]   配置原始值 — lidar:  nya_02_slam_imu_to_lidar/lidar_horz.yaml
[2026-05-07 09:31:56.376] [info] [LiDAR-Camera] [:]   配置原始值 — camera: lidar_camera_calibration-master/calibration_data/camera_calibration
[2026-05-07 09:31:56.376] [info] [LiDAR-Camera] [:]   base_data_dir:  /root/calib_ws/data
[2026-05-07 09:31:56.376] [info] [LiDAR-Camera] [:]   base 来源: 命令行 --data-dir
[2026-05-07 09:31:56.376] [info] [LiDAR-Camera] [:]   lidar_dir:      /root/calib_ws/data/nya_02_slam_imu_to_lidar/lidar_horz.yaml
[2026-05-07 09:31:56.376] [info] [LiDAR-Camera] [:]     → 相对路径，已与 base 拼接
[2026-05-07 09:31:56.376] [info] [LiDAR-Camera] [:]     → 存在: 是
[2026-05-07 09:31:56.376] [info] [LiDAR-Camera] [:]   camera_dir:     /root/calib_ws/data/lidar_camera_calibration-master/calibration_data/camera_calibration
[2026-05-07 09:31:56.376] [info] [LiDAR-Camera] [:]     → 相对路径，已与 base 拼接
[2026-05-07 09:31:56.376] [info] [LiDAR-Camera] [:]     → 存在: 是
[2026-05-07 09:31:56.376] [info] [LiDAR-Camera] [:]   【数据就绪】是 — 点云与图像目录均存在，将执行精标定
[2026-05-07 09:31:56.376] [info] [LiDAR-Camera] [:]   说明: 使用 --dataset 时请将 data.lidar/data.camera 设为相对 base 的路径（如 pcd、images），不要使用 /path/to/... 占位符
[2026-05-07 09:31:56.376] [info] [LiDAR-Camera] [:] ━━━━━━━━━━━━━━━━━━━━━━━━━━━━━━━━━━━━━━━━━━━━━━━━━━━━━━━━━━━━━━━━━━━━━━━━━━━━
[2026-05-07 09:31:56.376] [info] [LiDAR-Camera] [:] [LiDAR-Cam] use_config_extrinsic_only=true：跳过 AI 粗标定，将使用配置 initial_extrinsic 直接进入精标定/手动微调
[2026-05-07 09:31:56.376] [info] [LiDAR-Camera] [:] 读取系统配置: /root/calib_ws/calib_unified/config/unicalib_example.yaml
[2026-05-07 09:31:56.377] [info] [LiDAR-Camera] [:]   IMU: 1, LiDAR: 2, Camera: 2
[2026-05-07 09:31:56.377] [info] [LiDAR-Camera] [:] 读取系统配置: /root/calib_ws/calib_unified/config/unicalib_example.yaml
[2026-05-07 09:31:56.378] [info] [LiDAR-Camera] [:]   IMU: 1, LiDAR: 2, Camera: 2
[2026-05-07 09:31:56.378] [info] [LiDAR-Camera] [:] 配置: 使用 ROS2 bag 模式（离线标定）
[2026-05-07 09:31:56.378] [info] [LiDAR-Camera] [:]   Bag 路径: /root/calib_ws/data/nya_02_slam_imu_to_lidar/nya_02_ros2
[2026-05-07 09:31:56.378] [info] [LiDAR-Camera] [:]   LiDAR 话题: /os1_cloud_node1/points
[2026-05-07 09:31:56.378] [info] [LiDAR-Camera] [:]   相机话题: /left/image_raw
[2026-05-07 09:31:56.378] [info] [LiDAR-Camera] [:]   IMU 话题: /imu/imu
[2026-05-07 09:31:56.378] [info] [LiDAR-Camera] [:] [数据源] 类型=ROS2_BAG  path=/root/calib_ws/data/nya_02_slam_imu_to_lidar/nya_02_ros2  lidar_topic=/os1_cloud_node1/points  camera_topic=/left/image_raw
[2026-05-07 09:31:56.378] [info] [LiDAR-Camera] [:]   内参将从相机标定结果读取: ./results/camera_intrinsic/camera_intrinsic_cam_left.yaml (camera_id=cam_left)
[2026-05-07 09:31:56.378] [info] [LiDAR-Camera] [:]   内参将从相机标定结果读取: ./results/camera_intrinsic/camera_intrinsic_cam_right.yaml (camera_id=cam_right)
[2026-05-07 09:31:56.379] [info] [LiDAR-Camera] [:] [CalibPipeline] 初始化 ID=pipeline_20260507_093156
[2026-05-07 09:31:56.379] [info] [LiDAR-Camera] [:] [CalibPipeline] 输出目录: ./results
[2026-05-07 09:31:56.379] [info] [LiDAR-Camera] [:] [CalibPipeline] 无目标优先: true
[2026-05-07 09:31:56.379] [info] [LiDAR-Camera] [:] [CalibPipeline] 任务掩码: 0x10
[2026-05-07 09:31:56.379] [info] [LiDAR-Camera] [:] ▶ Stage 2: 精标定 (方法=edge)
[2026-05-07 09:31:56.379] [info] [LiDAR-Camera] [:] ▶ Stage 3: 手动校准 (manual_threshold=2.00px)
[2026-05-07 09:31:56.379] [info] [LiDAR-Camera] [:]   使用 ManualCalibSession 进行 6-DOF 交互式调整
[2026-05-07 09:31:56.379] [info] [LiDAR-Camera] [:]   调用示例:
[2026-05-07 09:31:56.379] [info] [LiDAR-Camera] [:]     ManualCalibSession::SessionConfig sess_cfg;
[2026-05-07 09:31:56.379] [info] [LiDAR-Camera] [:]     sess_cfg.save_dir = "./results/manual_sessions";
[2026-05-07 09:31:56.379] [info] [LiDAR-Camera] [:]     ManualCalibSession session(sess_cfg);
[2026-05-07 09:31:56.379] [info] [LiDAR-Camera] [:]     auto result = session.run_lidar_cam(scan, image, intrin, auto_result, auto_rms);
[2026-05-07 09:31:56.379] [info] [LiDAR-Camera] [:] 
[2026-05-07 09:31:56.379] [info] [LiDAR-Camera] [:] ╔═══════════════════════════════════════════════╗
[2026-05-07 09:31:56.379] [info] [LiDAR-Camera] [:] ║   UniCalib 两阶段标定流水线 — 开始            ║
[2026-05-07 09:31:56.379] [info] [LiDAR-Camera] [:] ║   Pipeline ID: pipeline_20260507_093156       ║
[2026-05-07 09:31:56.379] [info] [LiDAR-Camera] [:] ╚═══════════════════════════════════════════════╝
[2026-05-07 09:31:56.379] [info] [LiDAR-Camera] [:] [Coarse-AI/LiDAR-Cam] enable_coarse_lidar_cam=true → do_coarse=true
[09:31:56.379] [info] 
[09:31:56.379] [info] ━━━━━━━━━━━━━━━━━━━━━━━━━━━━━━━━━━━━━━━━━
[09:31:56.379] [info] ▶ 开始阶段: [Coarse-AI] 任务: [lidar_cam_extrin]
[09:31:56.379] [info]   描述: AI模型提供初始估计值
[09:31:56.379] [info] ━━━━━━━━━━━━━━━━━━━━━━━━━━━━━━━━━━━━━━━━━
[09:31:56.379] [info] [CALC] 粗标定阶段开始 task=lidar_cam_extrin
[09:31:56.379] [info] [Coarse-AI/LiDAR-Cam] 使用配置粗标定初值作为粗标定结果 t=[0.110,0.100,-0.030]m，精标定将以此起步
[09:31:56.379] [info] ━━━━━━━━━━━━━━━━━━━━━━━━━━━━━━━━━━━━━━━━━
[09:31:56.379] [info] ■ 结束阶段: [Coarse-AI] 任务: [lidar_cam_extrin]
[09:31:56.379] [info]   结果: ✓ 成功 | 残差RMS: 0.0000 | 耗时: 0 ms
[09:31:56.379] [info]   消息: 使用配置 initial_extrinsic 作为粗标定结果，精标定将以此起步
[09:31:56.379] [info] [CALC] 阶段结束 stage=Coarse-AI task=lidar_cam_extrin success=true residual_rms=0.000000 elapsed_ms=0.0 threshold=-1.0000
[09:31:56.379] [info] ━━━━━━━━━━━━━━━━━━━━━━━━━━━━━━━━━━━━━━━━━
[09:31:56.380] [info] 
[09:31:56.380] [info] ━━━━━━━━━━━━━━━━━━━━━━━━━━━━━━━━━━━━━━━━━
[09:31:56.380] [info] ▶ 开始阶段: [Fine-Auto] 任务: [lidar_cam_extrin]
[09:31:56.380] [info]   描述: 无目标优化
[09:31:56.380] [info] ━━━━━━━━━━━━━━━━━━━━━━━━━━━━━━━━━━━━━━━━━
[09:31:56.380] [info] [CALC] 精标定阶段开始 task=lidar_cam_extrin
[09:31:56.380] [info] [Fine-Auto] 任务: lidar_cam_extrin | 无目标优先: true
[09:31:56.380] [info] [Fine-Auto] 方法: 边缘对齐互信息 (EDGE_ALIGNMENT, 无目标)
[09:31:56.380] [info] [STAGE=lidar_cam_fine_auto] LiDAR-Camera 精标定 开始
[09:31:56.380] [info] [Fine-Auto/LiDAR-Cam] 开始执行精标定...
[09:31:56.380] [info]   [精标定数据源] 类型=ROS2_BAG  lidar_id=lidar_front
[09:31:56.380] [info]   ROS2 Bag: /root/calib_ws/data/nya_02_slam_imu_to_lidar/nya_02_ros2  LiDAR 话题: /os1_cloud_node1/points  相机话题: /left/image_raw
[09:31:56.380] [info] [Fine-Auto/LiDAR-Cam] 从 ROS2 加载数据...
[09:31:56.380] [info] [UnifiedDataLoader] 从 ROS2 加载数据...
[09:31:56.380] [info]   Bag 文件: /root/calib_ws/data/nya_02_slam_imu_to_lidar/nya_02_ros2
[09:31:56.380] [info]   实时模式: false
[09:31:56.380] [info] [Ros2BagDataSource] 打开 bag 文件: /root/calib_ws/data/nya_02_slam_imu_to_lidar/nya_02_ros2
[09:31:56.380] [info] [Ros2BagDataSource] 正在读取 metadata.yaml: /root/calib_ws/data/nya_02_slam_imu_to_lidar/nya_02_ros2/metadata.yaml
[09:31:56.381] [debug] [Ros2BagDataSource] 找到话题: /dji_sdk/imu (类型: sensor_msgs/msg/Imu, 消息数: 171462)
[09:31:56.381] [debug] [Ros2BagDataSource] 找到话题: /dji_sdk/attitude (类型: geometry_msgs/msg/QuaternionStamped, 消息数: 42866)
[09:31:56.381] [debug] [Ros2BagDataSource] 找到话题: /os1_cloud_node2/imu (类型: sensor_msgs/msg/Imu, 消息数: 42862)
[09:31:56.381] [debug] [Ros2BagDataSource] 找到话题: /os1_cloud_node1/imu (类型: sensor_msgs/msg/Imu, 消息数: 42862)
[09:31:56.381] [debug] [Ros2BagDataSource] 找到话题: /imu/imu (类型: sensor_msgs/msg/Imu, 消息数: 166428)
[09:31:56.381] [debug] [Ros2BagDataSource] 找到话题: /imu/magnetic_field (类型: sensor_msgs/msg/MagneticField, 消息数: 166428)
[09:31:56.381] [debug] [Ros2BagDataSource] 找到话题: /imu/temperature (类型: sensor_msgs/msg/Temperature, 消息数: 166428)
[09:31:56.381] [debug] [Ros2BagDataSource] 找到话题: /dji_sdk/gps_position (类型: sensor_msgs/msg/NavSatFix, 消息数: 21433)
[09:31:56.381] [debug] [Ros2BagDataSource] 找到话题: /dji_sdk/height_above_takeoff (类型: std_msgs/msg/Float32, 消息数: 21433)
[09:31:56.381] [debug] [Ros2BagDataSource] 找到话题: /dji_sdk/gps_health (类型: std_msgs/msg/UInt8, 消息数: 21433)
[09:31:56.381] [debug] [Ros2BagDataSource] 找到话题: /uwb_endorange_info (类型: uwb_driver/msg/UwbRange, 消息数: 25172)
[09:31:56.381] [debug] [Ros2BagDataSource] 找到话题: /left/image_raw (类型: sensor_msgs/msg/Image, 消息数: 4285)
[09:31:56.381] [debug] [Ros2BagDataSource] 找到话题: /right/image_raw (类型: sensor_msgs/msg/Image, 消息数: 4285)
[09:31:56.381] [debug] [Ros2BagDataSource] 找到话题: /os1_cloud_node1/points (类型: sensor_msgs/msg/PointCloud2, 消息数: 4287)
[09:31:56.381] [debug] [Ros2BagDataSource] 找到话题: /os1_cloud_node2/points (类型: sensor_msgs/msg/PointCloud2, 消息数: 4286)
[09:31:56.381] [debug] [Ros2BagDataSource] 找到话题: /uwb_exorange_info (类型: uwb_driver/msg/UwbEcho, 消息数: 2437)
[09:31:56.381] [debug] [Ros2BagDataSource] 找到话题: /node_pos_marker_sc (类型: visualization_msgs/msg/Marker, 消息数: 2437)
[09:31:56.381] [debug] [Ros2BagDataSource] 找到话题: /node_pos_sc (类型: nav_msgs/msg/Path, 消息数: 2437)
[09:31:56.381] [debug] [Ros2BagDataSource] 找到话题: /leica/pose/relative (类型: geometry_msgs/msg/PoseStamped, 消息数: 7679)
[09:31:56.381] [info] [Ros2BagDataSource] 使用配置的 LiDAR 话题: /os1_cloud_node1/points
[09:31:56.381] [info] [Ros2BagDataSource] 使用配置的相机话题: /left/image_raw
[09:31:56.381] [info] [Ros2BagDataSource] 使用配置的 IMU 话题: /imu/imu
[INFO] [1778117516.389131263] [rosbag2_storage]: Opened database '/root/calib_ws/data/nya_02_slam_imu_to_lidar/nya_02_ros2/nya_02_ros2.db3' for READ_ONLY.
[09:31:56.389] [info] [Ros2BagDataSource] Bag 已打开，开始读取消息...
[09:31:56.389] [info] [Ros2BagDataSource] 找到 19 个话题
[09:31:56.389] [info] [Ros2BagDataSource]  话题: /dji_sdk/imu  类型: sensor_msgs/msg/Imu  消息数: 171462
[09:31:56.389] [info] [Ros2BagDataSource]  话题: /dji_sdk/attitude  类型: geometry_msgs/msg/QuaternionStamped  消息数: 42866
[09:31:56.389] [info] [Ros2BagDataSource]  话题: /os1_cloud_node2/imu  类型: sensor_msgs/msg/Imu  消息数: 42862
[09:31:56.389] [info] [Ros2BagDataSource]  话题: /os1_cloud_node1/imu  类型: sensor_msgs/msg/Imu  消息数: 42862
[09:31:56.389] [info] [Ros2BagDataSource]  话题: /imu/imu  类型: sensor_msgs/msg/Imu  消息数: 166428
[09:31:56.389] [info] [Ros2BagDataSource]  话题: /imu/magnetic_field  类型: sensor_msgs/msg/MagneticField  消息数: 166428
[09:31:56.389] [info] [Ros2BagDataSource]  话题: /imu/temperature  类型: sensor_msgs/msg/Temperature  消息数: 166428
[09:31:56.389] [info] [Ros2BagDataSource]  话题: /dji_sdk/gps_position  类型: sensor_msgs/msg/NavSatFix  消息数: 21433
[09:31:56.389] [info] [Ros2BagDataSource]  话题: /dji_sdk/height_above_takeoff  类型: std_msgs/msg/Float32  消息数: 21433
[09:31:56.389] [info] [Ros2BagDataSource]  话题: /dji_sdk/gps_health  类型: std_msgs/msg/UInt8  消息数: 21433
[09:31:56.389] [info] [Ros2BagDataSource]  话题: /uwb_endorange_info  类型: uwb_driver/msg/UwbRange  消息数: 25172
[09:31:56.389] [info] [Ros2BagDataSource]  话题: /left/image_raw  类型: sensor_msgs/msg/Image  消息数: 4285
[09:31:56.389] [info] [Ros2BagDataSource]  话题: /right/image_raw  类型: sensor_msgs/msg/Image  消息数: 4285
[09:31:56.389] [info] [Ros2BagDataSource]  话题: /os1_cloud_node1/points  类型: sensor_msgs/msg/PointCloud2  消息数: 4287
[09:31:56.389] [info] [Ros2BagDataSource]  话题: /os1_cloud_node2/points  类型: sensor_msgs/msg/PointCloud2  消息数: 4286
[09:31:56.389] [info] [Ros2BagDataSource]  话题: /uwb_exorange_info  类型: uwb_driver/msg/UwbEcho  消息数: 2437
[09:31:56.389] [info] [Ros2BagDataSource]  话题: /node_pos_marker_sc  类型: visualization_msgs/msg/Marker  消息数: 2437
[09:31:56.389] [info] [Ros2BagDataSource]  话题: /node_pos_sc  类型: nav_msgs/msg/Path  消息数: 2437
[09:31:56.389] [info] [Ros2BagDataSource]  话题: /leica/pose/relative  类型: geometry_msgs/msg/PoseStamped  消息数: 7679
[09:31:56.389] [info] [Ros2BagDataSource] 将加载 bag 内所有 IMU / LiDAR / 相机话题，加载后可通过 sensor_id 或话题名选择使用
[09:31:56.881] [debug]   收集 IMU [/dji_sdk/imu] 帧数: 5000
[09:31:56.907] [debug]   收集 IMU [/imu/imu] 帧数: 5000
[09:31:57.415] [debug]   收集 IMU [/dji_sdk/imu] 帧数: 10000
[09:31:57.474] [debug]   收集 IMU [/imu/imu] 帧数: 10000
[09:31:57.917] [debug]   收集 IMU [/dji_sdk/imu] 帧数: 15000
[09:31:57.978] [debug]   收集 IMU [/imu/imu] 帧数: 15000
[09:31:58.417] [debug]   收集 LiDAR [/os1_cloud_node1/points] 帧数: 500
[09:31:58.418] [debug]   收集 LiDAR [/os1_cloud_node2/points] 帧数: 500
[09:31:58.421] [debug]   收集相机 [/left/image_raw] 帧数: 500
[09:31:58.421] [debug]   收集相机 [/right/image_raw] 帧数: 500
[09:31:58.421] [debug]   收集 IMU [/dji_sdk/imu] 帧数: 20000
[09:31:58.421] [debug]   收集 IMU [/os1_cloud_node1/imu] 帧数: 5000
[09:31:58.421] [debug]   收集 IMU [/os1_cloud_node2/imu] 帧数: 5000
[09:31:58.501] [debug]   收集 IMU [/imu/imu] 帧数: 20000
[09:31:58.899] [debug]   收集 IMU [/dji_sdk/imu] 帧数: 25000
[09:31:59.011] [debug]   收集 IMU [/imu/imu] 帧数: 25000
[09:31:59.397] [debug]   收集 IMU [/dji_sdk/imu] 帧数: 30000
[09:31:59.509] [debug]   收集 IMU [/imu/imu] 帧数: 30000
[09:31:59.923] [debug]   收集 IMU [/dji_sdk/imu] 帧数: 35000
[09:32:00.027] [debug]   收集 IMU [/imu/imu] 帧数: 35000
[09:32:00.377] [debug]   收集 LiDAR [/os1_cloud_node1/points] 帧数: 1000
[09:32:00.378] [debug]   收集 LiDAR [/os1_cloud_node2/points] 帧数: 1000
[09:32:00.379] [debug]   收集相机 [/left/image_raw] 帧数: 1000
[09:32:00.379] [debug]   收集相机 [/right/image_raw] 帧数: 1000
[09:32:00.379] [debug]   收集 IMU [/dji_sdk/imu] 帧数: 40000
[09:32:00.379] [debug]   收集 IMU [/os1_cloud_node1/imu] 帧数: 10000
[09:32:00.379] [debug]   收集 IMU [/os1_cloud_node2/imu] 帧数: 10000
[09:32:00.520] [debug]   收集 IMU [/imu/imu] 帧数: 40000
[09:32:00.877] [debug]   收集 IMU [/dji_sdk/imu] 帧数: 45000
[09:32:01.026] [debug]   收集 IMU [/imu/imu] 帧数: 45000
[09:32:01.386] [debug]   收集 IMU [/dji_sdk/imu] 帧数: 50000
[09:32:01.572] [debug]   收集 IMU [/imu/imu] 帧数: 50000
[09:32:01.982] [debug]   收集 IMU [/dji_sdk/imu] 帧数: 55000
[09:32:02.205] [debug]   收集 IMU [/imu/imu] 帧数: 55000
[09:32:02.647] [debug]   收集 LiDAR [/os1_cloud_node1/points] 帧数: 1500
[09:32:02.648] [debug]   收集 LiDAR [/os1_cloud_node2/points] 帧数: 1500
[09:32:02.648] [debug]   收集 IMU [/dji_sdk/imu] 帧数: 60000
[09:32:02.650] [debug]   收集相机 [/left/image_raw] 帧数: 1500
[09:32:02.651] [debug]   收集相机 [/right/image_raw] 帧数: 1500
[09:32:02.651] [debug]   收集 IMU [/os1_cloud_node1/imu] 帧数: 15000
[09:32:02.651] [debug]   收集 IMU [/os1_cloud_node2/imu] 帧数: 15000
[09:32:02.835] [debug]   收集 IMU [/imu/imu] 帧数: 60000
[09:32:03.097] [debug]   收集 IMU [/dji_sdk/imu] 帧数: 65000
[09:32:03.311] [debug]   收集 IMU [/imu/imu] 帧数: 65000
[09:32:03.581] [debug]   收集 IMU [/dji_sdk/imu] 帧数: 70000
[09:32:03.794] [debug]   收集 IMU [/imu/imu] 帧数: 70000
[09:32:04.052] [debug]   收集 IMU [/dji_sdk/imu] 帧数: 75000
[09:32:04.283] [debug]   收集 IMU [/imu/imu] 帧数: 75000
[09:32:04.532] [debug]   收集 LiDAR [/os1_cloud_node1/points] 帧数: 2000
[09:32:04.536] [debug]   收集 LiDAR [/os1_cloud_node2/points] 帧数: 2000
[09:32:04.536] [debug]   收集 IMU [/dji_sdk/imu] 帧数: 80000
[09:32:04.536] [debug]   收集 IMU [/os1_cloud_node1/imu] 帧数: 20000
[09:32:04.536] [debug]   收集 IMU [/os1_cloud_node2/imu] 帧数: 20000
[09:32:04.539] [debug]   收集相机 [/left/image_raw] 帧数: 2000
[09:32:04.540] [debug]   收集相机 [/right/image_raw] 帧数: 2000
[09:32:04.825] [debug]   收集 IMU [/imu/imu] 帧数: 80000
[09:32:05.194] [debug]   收集 IMU [/dji_sdk/imu] 帧数: 85000
[09:32:05.566] [debug]   收集 IMU [/imu/imu] 帧数: 85000
[09:32:05.853] [debug]   收集 IMU [/dji_sdk/imu] 帧数: 90000
[09:32:06.199] [debug]   收集 IMU [/imu/imu] 帧数: 90000
[09:32:06.442] [debug]   收集 IMU [/dji_sdk/imu] 帧数: 95000
[09:32:06.754] [debug]   收集 IMU [/imu/imu] 帧数: 95000
[09:32:06.930] [debug]   收集 LiDAR [/os1_cloud_node1/points] 帧数: 2500
[09:32:06.933] [debug]   收集 LiDAR [/os1_cloud_node2/points] 帧数: 2500
[09:32:06.933] [debug]   收集 IMU [/dji_sdk/imu] 帧数: 100000
[09:32:06.933] [debug]   收集 IMU [/os1_cloud_node1/imu] 帧数: 25000
[09:32:06.933] [debug]   收集 IMU [/os1_cloud_node2/imu] 帧数: 25000
[09:32:06.935] [debug]   收集相机 [/left/image_raw] 帧数: 2500
[09:32:06.936] [debug]   收集相机 [/right/image_raw] 帧数: 2500
[09:32:07.290] [debug]   收集 IMU [/imu/imu] 帧数: 100000
[09:32:07.469] [debug]   收集 IMU [/dji_sdk/imu] 帧数: 105000
[09:32:07.810] [debug]   收集 IMU [/imu/imu] 帧数: 105000
[09:32:07.964] [debug]   收集 IMU [/dji_sdk/imu] 帧数: 110000
[09:32:08.266] [debug]   收集 IMU [/imu/imu] 帧数: 110000
[09:32:08.410] [debug]   收集 IMU [/dji_sdk/imu] 帧数: 115000
[09:32:08.739] [debug]   收集 IMU [/imu/imu] 帧数: 115000
[09:32:08.864] [debug]   收集 LiDAR [/os1_cloud_node1/points] 帧数: 3000
[09:32:08.866] [debug]   收集 LiDAR [/os1_cloud_node2/points] 帧数: 3000
[09:32:08.867] [debug]   收集 IMU [/dji_sdk/imu] 帧数: 120000
[09:32:08.867] [debug]   收集 IMU [/os1_cloud_node1/imu] 帧数: 30000
[09:32:08.867] [debug]   收集 IMU [/os1_cloud_node2/imu] 帧数: 30000
[09:32:08.868] [debug]   收集相机 [/left/image_raw] 帧数: 3000
[09:32:08.869] [debug]   收集相机 [/right/image_raw] 帧数: 3000
[09:32:09.225] [debug]   收集 IMU [/imu/imu] 帧数: 120000
[09:32:09.374] [debug]   收集 IMU [/dji_sdk/imu] 帧数: 125000
[09:32:09.693] [debug]   收集 IMU [/imu/imu] 帧数: 125000
[09:32:09.802] [debug]   收集 IMU [/dji_sdk/imu] 帧数: 130000
[09:32:10.334] [debug]   收集 IMU [/imu/imu] 帧数: 130000
[09:32:10.477] [debug]   收集 IMU [/dji_sdk/imu] 帧数: 135000
[09:32:11.117] [debug]   收集 IMU [/imu/imu] 帧数: 135000
[09:32:11.270] [debug]   收集 LiDAR [/os1_cloud_node1/points] 帧数: 3500
[09:32:11.272] [debug]   收集 LiDAR [/os1_cloud_node2/points] 帧数: 3500
[09:32:11.276] [debug]   收集 IMU [/dji_sdk/imu] 帧数: 140000
[09:32:11.278] [debug]   收集 IMU [/os1_cloud_node1/imu] 帧数: 35000
[09:32:11.278] [debug]   收集 IMU [/os1_cloud_node2/imu] 帧数: 35000
[09:32:11.283] [debug]   收集相机 [/left/image_raw] 帧数: 3500
[09:32:11.284] [debug]   收集相机 [/right/image_raw] 帧数: 3500
[09:32:11.975] [debug]   收集 IMU [/imu/imu] 帧数: 140000
[09:32:12.090] [debug]   收集 IMU [/dji_sdk/imu] 帧数: 145000
[09:32:12.771] [debug]   收集 IMU [/imu/imu] 帧数: 145000
[09:32:12.853] [debug]   收集 IMU [/dji_sdk/imu] 帧数: 150000
[09:32:13.519] [debug]   收集 IMU [/imu/imu] 帧数: 150000
[09:32:13.562] [debug]   收集 IMU [/dji_sdk/imu] 帧数: 155000
[09:32:14.106] [debug]   收集 IMU [/imu/imu] 帧数: 155000
[09:32:14.140] [debug]   收集 LiDAR [/os1_cloud_node1/points] 帧数: 4000
[09:32:14.141] [debug]   收集 LiDAR [/os1_cloud_node2/points] 帧数: 4000
[09:32:14.143] [debug]   收集 IMU [/dji_sdk/imu] 帧数: 160000
[09:32:14.143] [debug]   收集 IMU [/os1_cloud_node1/imu] 帧数: 40000
[09:32:14.143] [debug]   收集 IMU [/os1_cloud_node2/imu] 帧数: 40000
[09:32:14.146] [debug]   收集相机 [/left/image_raw] 帧数: 4000
[09:32:14.146] [debug]   收集相机 [/right/image_raw] 帧数: 4000
[09:32:19.818] [debug]   收集 IMU [/imu/imu] 帧数: 160000
[09:32:19.830] [debug]   收集 IMU [/dji_sdk/imu] 帧数: 165000
[09:32:28.733] [debug]   收集 IMU [/imu/imu] 帧数: 165000
[09:32:28.762] [debug]   收集 IMU [/dji_sdk/imu] 帧数: 170000
[09:32:29.070] [info] [Ros2BagDataSource] 加载完成 (所有话题按话题名存储，可通过 sensor_id 或话题名选择):
[09:32:29.070] [info]   LiDAR [/os1_cloud_node1/points]: 4287 帧
[09:32:29.070] [info]   LiDAR [/os1_cloud_node2/points]: 4286 帧
[09:32:29.070] [info]   相机 [/left/image_raw]: 4285 帧
[09:32:29.070] [info]   相机 [/right/image_raw]: 4285 帧
[09:32:29.070] [info]   IMU [/dji_sdk/imu]: 171462 帧
[09:32:29.070] [info]   IMU [/imu/imu]: 166428 帧
[09:32:29.070] [info]   IMU [/os1_cloud_node1/imu]: 42862 帧
[09:32:29.070] [info]   IMU [/os1_cloud_node2/imu]: 42862 帧
[09:32:29.070] [info]   选用 LiDAR  lidar_front -> /os1_cloud_node1/points
[09:32:29.070] [info]   选用 相机  cam_left -> /left/image_raw
[09:32:29.070] [info]   选用 IMU    imu_0 -> /imu/imu
[09:32:29.071] [info]   时间范围: 1609045331.127 - 1609045759.771 秒
[09:32:29.071] [info] [Ros2BagDataSource] 应用采样/帧数限制...
[09:32:29.207] [info]   LiDAR /os1_cloud_node1/points 采样后: 800 帧
[09:32:29.268] [info]   LiDAR /os1_cloud_node2/points 采样后: 800 帧
[09:32:29.345] [info]   相机 /left/image_raw 采样后: 800 帧
[09:32:29.431] [info]   相机 /right/image_raw 采样后: 800 帧
[09:32:29.476] [info] [Fine-Auto/LiDAR-Cam] LiDAR 加载完成: 800 帧 (将按相机逐路取帧)
[09:32:29.477] [info] 读取相机内参: ./results/camera_intrinsic/camera_intrinsic_cam_left.yaml
[09:32:29.480] [info]   fx=425.03 fy=426.80 cx=386.02 cy=241.91 dist=4
[09:32:29.480] [info] [Fine-Auto/LiDAR-Cam] 步骤: LiDAR-Camera 标定 相机=cam_left (方法: 边缘对齐)
[09:32:29.564] [info] [CalibVisualizer] 初始化完成
[09:32:29.564] [info] [Fine-Auto/LiDAR-Cam] 可视化已启用：仅标定结束后显示一帧「图像+点云投影」叠加，不创建 3D 窗口、不泵送其他帧
[09:32:29.564] [info] [Fine-Auto/LiDAR-Cam] 使用粗标定初值 t=[0.110,0.100,-0.030]m
[09:32:29.574] [info] [Fine-Auto] 结果已保存: ./results/lidar_camera_extrinsic/lidar_cam_cam_left_extrinsic.yaml
[09:32:29.575] [info] [Viz] 即将生成投影图并保存到 ./results/lidar_camera_extrinsic/lidar_cam_cam_left_projection.png
[09:32:29.638] [info] 投影可视化保存: ./results/lidar_camera_extrinsic/lidar_cam_cam_left_projection.png
[09:32:29.638] [info] [Viz] 投影图已保存（仅使用配置初值，未做精标定）
[09:32:29.638] [info] [Fine-Auto/LiDAR-Cam] 相机 cam_left 已使用配置初值跳过精标定，直接供手动微调
[09:32:29.638] [info] [Viz/Display] 即将关闭可视化窗口 原因=用户关闭或流程结束 pangolin_running=false
[09:32:29.638] [warning] [Fine-Auto/LiDAR-Cam] 相机 cam_right 无帧，跳过
[09:32:29.638] [warning] [Fine-Auto/LiDAR-Cam] 相机 cam_front 无帧，跳过
[09:32:29.638] [warning] [Fine-Auto/LiDAR-Cam] 相机 cam_rear 无帧，跳过
[09:32:29.639] [info] [Fine-Auto/LiDAR-Cam] 精标定完成: 1 个相机  最大 RMS=0.0000 px
[09:32:29.639] [info] [STAGE=lidar_cam_fine_auto] LiDAR-Camera 精标定 完成
[09:32:29.639] [info] [Fine-Auto/LiDAR-Cam] RMS 阈值=2.00 px  最大 RMS=0.0000 px  在阈值内
[09:32:29.971] [info] ━━━━━━━━━━━━━━━━━━━━━━━━━━━━━━━━━━━━━━━━━
[09:32:29.971] [info] ■ 结束阶段: [Fine-Auto] 任务: [lidar_cam_extrin]
[09:32:29.971] [info]   结果: ✓ 成功 | 残差RMS: 0.0000 | 耗时: 33591 ms
[09:32:29.971] [info]   消息: LiDAR-Camera 精标定完成: 1 个相机, 最大 RMS=0.000000 px
[09:32:29.971] [info] [CALC] 阶段结束 stage=Fine-Auto task=lidar_cam_extrin success=true residual_rms=0.000000 elapsed_ms=33258.7 threshold=2.0000
[09:32:29.971] [info] ━━━━━━━━━━━━━━━━━━━━━━━━━━━━━━━━━━━━━━━━━
[09:32:29.972] [info] [Pipeline] 用户已启用手动校准 (--manual), 进入 6-DOF 调整
[09:32:29.972] [info] 
[09:32:29.972] [info] ━━━━━━━━━━━━━━━━━━━━━━━━━━━━━━━━━━━━━━━━━
[09:32:29.972] [info] ▶ 开始阶段: [Manual-Refine] 任务: [lidar_cam_extrin]
[09:32:29.972] [info]   描述: 手动校准: 6-DOF 交互式调整
[09:32:29.972] [info] ━━━━━━━━━━━━━━━━━━━━━━━━━━━━━━━━━━━━━━━━━
[09:32:29.972] [info] [Manual-Refine] 任务: lidar_cam_extrin
[09:32:29.972] [info] [Manual-Refine] 操作说明: Q/A Roll  W/S Pitch  E/D Yaw  R/F Tx  T/G Ty  Y/H Tz  U Undo  Enter 接受  Esc 取消
[09:32:29.972] [info] [ManualSession] 会话ID: session_2026-05-07_09-32-29
[09:32:29.972] [info] [ManualSession] 保存目录: ./results/manual_sessions
[09:32:29.972] [info] [Manual-Refine] 已打开 6-DOF 可视化调整窗口，请在本窗口内按键微调后 Enter 接受或 Esc 取消
[09:32:29.972] [info] [Manual-Refine] LiDAR-Camera 手动调整仅使用首帧匹配数据（第 0 帧点云 + 第 0 帧图像）
[09:32:29.972] [info] [ManualSession] 启动 LiDAR-Camera 手动校准
[09:32:29.972] [info] [ManualSession] 自动标定 RMS: 0.0000 px (阈值建议 < 2.0px)
[09:32:29.972] [debug] [ManualSession] 事件: lidar_cam_start | auto_rms=0.000000
[09:32:29.972] [info] [ManualAdjust] 初始外参:
[09:32:29.972] [info] [ManualAdjust] 当前外参 [lidar_front→cam_left]:
[09:32:29.972] [info]   旋转 RPY: (4.7785, -89.5500, -95.6685) deg
[09:32:29.972] [info]   平移 XYZ: (0.1100, 0.1000, -0.0300) m
[09:32:29.972] [info] [ManualSession] ===== 手动校准操作说明 =====
[09:32:29.972] [info]   Q/A: Roll ±0.1deg   W/S: Pitch ±0.1deg   E/D: Yaw ±0.1deg
[09:32:29.972] [info]   R/F: Tx ±0.5cm   T/G: Ty ±0.5cm   Y/H: Tz ±0.5cm
[09:32:29.972] [info]   Shift+键: 10倍步长
[09:32:29.972] [info]   P: 进入点击精化模式  U: 撤销  Z: 重做
[09:32:29.972] [info]   S: 保存  ESC: 接受并退出
[09:32:29.972] [info]   点云投影质量越高 (边缘对齐越好) 表示标定越准确
[09:32:29.985] [info] [ManualAdjust] 结果已保存: ./results/lidar_camera_extrinsic/manual_extrinsic_20260507_093229_initial.yaml
[09:32:29.985] [info] [ManualCalib] 交互窗口启动前已自动保存初始状态快照（备用）:
[09:32:29.985] [info]   - 投影图: ./results/lidar_camera_extrinsic/manual_projection_20260507_093229_initial.png
[09:32:29.985] [info]   - 点云:   ./results/lidar_camera_extrinsic/manual_cloud_20260507_093229_initial.pcd
[09:32:29.985] [info]   - 外参:   ./results/lidar_camera_extrinsic/manual_extrinsic_20260507_093229_initial.yaml

(unicalib_lidar_camera:144): dbind-WARNING **: 09:32:30.053: Couldn't connect to accessibility bus: Failed to connect to socket /run/user/1000/at-spi/bus_1: No such file or directory
[09:32:30.114] [info] [ManualCalib] 3D 点云窗口已禁用（避免 VTK 闪退），请在 2D 投影窗口进行微调。按下 'S' 键可手动保存当前微调结果图片和点云。
[09:32:30.114] [info] [ManualCalib] 初始位姿 T_lidar_to_cam:
[09:32:30.114] [info]   - Translation: 0.1100, 0.1000, -0.0300
[09:32:30.114] [info]   - RPY (deg):   90.4485, 179.1102, 89.9555
[09:32:34.946] [info] [ManualAdjust] 结果已保存: ./results/lidar_camera_extrinsic/manual_extrinsic_20260507_093234_final.yaml
[09:32:34.946] [info] [ManualCalib] 最终微调结果已自动保存:
[09:32:34.946] [info]   - 投影图: ./results/lidar_camera_extrinsic/manual_projection_20260507_093234_final.png
[09:32:34.946] [info]   - 点云:   ./results/lidar_camera_extrinsic/manual_cloud_20260507_093234_final.pcd
[09:32:34.946] [info]   - 外参:   ./results/lidar_camera_extrinsic/manual_extrinsic_20260507_093234_final.yaml
[09:32:34.946] [info] [ManualSession] 用户接受手动调整结果
[09:32:34.946] [info] [ManualSession] Cam-Cam 最终采用外参 RMS=0.000000 (manual if available, else auto=0.000000)
[09:32:34.946] [debug] [ManualSession] 事件: lidar_cam_end | final_rms=0.000000
[09:32:34.947] [info] [ManualSession] 会话已保存: ./results/manual_sessions/session_2026-05-07_09-32-29.yaml
[09:32:34.947] [info] ━━━━━━━━━━━━━━━━━━━━━━━━━━━━━━━━━━━━━━━━━
[09:32:34.947] [info] ■ 结束阶段: [Manual-Refine] 任务: [lidar_cam_extrin]
[09:32:34.947] [info]   结果: ✓ 成功 | 残差RMS: 0.0000 | 耗时: 4974 ms
[09:32:34.947] [info]   消息: LiDAR-Camera 手动调整完成
[09:32:34.947] [info] [CALC] 阶段结束 stage=Manual-Refine task=lidar_cam_extrin success=true residual_rms=0.000000 elapsed_ms=4974.9 threshold=-1.0000
[09:32:34.947] [info] ━━━━━━━━━━━━━━━━━━━━━━━━━━━━━━━━━━━━━━━━━
[09:32:34.947] [info] ====== Pipeline Report: pipeline_20260507_093156 ======
[09:32:34.947] [info]   Total time: 38233.6 ms
[09:32:34.947] [info]   All stages succeeded: YES
[09:32:34.947] [info]   标定质量: 各阶段 RMS 均在阈值内
[09:32:34.947] [info]   [Coarse-AI-lidar_cam_extrin] success=true rms=0.0000 time=0.0ms: 使用配置 initial_extrinsic 作为粗标定结果，精标定将以此起步
[09:32:34.947] [info]   [Fine-Auto-lidar_cam_extrin] success=true rms=0.0000 time=33258.7ms: LiDAR-Camera 精标定完成: 1 个相机, 最大 RMS=0.000000 px
[09:32:34.947] [info]   [Manual-Refine-lidar_cam_extrin] success=true rms=0.0000 time=4974.9ms: LiDAR-Camera 手动调整完成

╔══════════════════════════════════════════════════════╗
║              标定参数汇总                            ║
╠══════════════════════════════════════════════════════╣
║ 外参:
║   lidar_front->cam_left:
║     R(RPY°): [4.78, -89.55, -95.67]
║     T(m):    [0.11, 0.10, -0.03]
║     时偏(s): 0.00
║     RMS:     0.00 ✗
╚══════════════════════════════════════════════════════╝

[09:32:34.947] [info] ================================
[09:32:34.948] [info] Pipeline report saved: ./results/pipeline_report_20260507_093156.yaml
[09:32:34.949] [info] ====== Pipeline Report: pipeline_20260507_093156 ======
[09:32:34.949] [info]   Total time: 38233.6 ms
[09:32:34.949] [info]   All stages succeeded: YES
[09:32:34.949] [info]   标定质量: 各阶段 RMS 均在阈值内
[09:32:34.949] [info]   [Coarse-AI-lidar_cam_extrin] success=true rms=0.0000 time=0.0ms: 使用配置 initial_extrinsic 作为粗标定结果，精标定将以此起步
[09:32:34.949] [info]   [Fine-Auto-lidar_cam_extrin] success=true rms=0.0000 time=33258.7ms: LiDAR-Camera 精标定完成: 1 个相机, 最大 RMS=0.000000 px
[09:32:34.949] [info]   [Manual-Refine-lidar_cam_extrin] success=true rms=0.0000 time=4974.9ms: LiDAR-Camera 手动调整完成

╔══════════════════════════════════════════════════════╗
║              标定参数汇总                            ║
╠══════════════════════════════════════════════════════╣
║ 外参:
║   lidar_front->cam_left:
║     R(RPY°): [4.78, -89.55, -95.67]
║     T(m):    [0.11, 0.10, -0.03]
║     时偏(s): 0.00
║     RMS:     0.00 ✗
╚══════════════════════════════════════════════════════╝

[09:32:34.949] [info] ================================
[09:32:34.949] [info] ━━━━━━━━━━━━━━━━━━━━━━━━━━━━━━━━━━━━
[09:32:34.949] [info] LiDAR-Camera 标定流程完成
[09:32:34.949] [info] 结果目录: ./results
[09:32:34.949] [info] 标定流程正常退出 exit_code=0
[09:32:34.949] [info] ━━━━━━━━━━━━━━━━━━━━━━━━━━━━━━━━━━━━
