
 ╔═══════════════════════════════════════════════════════╗
 ║   UniCalib — LiDAR-LiDAR 外参标定                     ║
 ║   两阶段: NDT粗标定 → GICP/NDT精标定                   ║
 ╚═══════════════════════════════════════════════════════╝

[LiDAR-LiDAR][Args] config=/root/calib_ws/calib_unified/config/unicalib_example.yaml data_dir=/root/calib_ws/data output_dir=/root/calib_ws/results no_viz=false manual=false log_level=info
[2026-04-14 21:20:14.090] [info] [LiDAR-LiDAR] [:] [LiDAR-LiDAR][Init] 日志文件: /root/calib_ws/results/logs/lidar_lidar_20260414_212014.log
[2026-04-14 21:20:14.091] [info] [LiDAR-LiDAR] [:] [LiDAR-LiDAR][Init] 最终 output_dir='/root/calib_ws/results' data_dir='/root/calib_ws/data' manual=false no_viz=false
[2026-04-14 21:20:14.091] [info] [LiDAR-LiDAR] [:] [LiDAR-LiDAR][Init] 标定对数量: 1
[2026-04-14 21:20:14.091] [info] [LiDAR-LiDAR] [:] 读取系统配置: /root/calib_ws/calib_unified/config/unicalib_example.yaml
[2026-04-14 21:20:14.093] [info] [LiDAR-LiDAR] [:]   IMU: 1, LiDAR: 2, Camera: 2
[2026-04-14 21:20:14.093] [info] [LiDAR-LiDAR] [:] [LiDAR-LiDAR][Init] 从 sensors[] 读取 LiDAR 话题 2 条（与 lidar_lidar.pairs 的 id 对应即可）
[2026-04-14 21:20:14.095] [info] [LiDAR-LiDAR] [:] [CalibVisualizer] 初始化完成
[2026-04-14 21:20:14.095] [info] [LiDAR-LiDAR] [:] [Viz/Display] 已自动设置 XDG_RUNTIME_DIR=/tmp（原未设置，避免 GLFW 报错）
[2026-04-14 21:20:14.095] [info] [LiDAR-LiDAR] [:] [Viz/Display] 显示环境 DISPLAY=:1  XDG_RUNTIME_DIR=/tmp  WAYLAND_DISPLAY=(未设置)
[2026-04-14 21:20:14.095] [info] [LiDAR-LiDAR] [:] [PangolinRender] 正在创建窗口与 OpenGL 上下文: UniCalib LiDAR-LiDAR (1280x720)
[2026-04-14 21:20:14.343] [info] [LiDAR-LiDAR] [:] [PangolinRender] CreateWindowAndBind 已完成
[2026-04-14 21:20:14.344] [info] [LiDAR-LiDAR] [:] [PangolinRender] 初始化完成: UniCalib LiDAR-LiDAR (1280x720)  ShouldQuit=false (窗口内容: 网格+坐标轴，点云需后续推送)
[2026-04-14 21:20:14.344] [info] [LiDAR-LiDAR] [:] [Viz/Display] 首帧泵送: 开始 (共 12 帧)
[2026-04-14 21:20:14.344] [info] [LiDAR-LiDAR] [:] [Viz/Render] render_and_handle_input 第 1 次调用 即将调用 pangolin_render_->render()
[2026-04-14 21:20:14.344] [info] [LiDAR-LiDAR] [:] [PangolinRender] 首帧渲染 点云数=0  坐标系数=0 (无点云时仅显示网格与坐标轴)
[2026-04-14 21:20:14.344] [info] [LiDAR-LiDAR] [:] [PangolinRender] render 开始 帧=1
[2026-04-14 21:20:14.376] [info] [LiDAR-LiDAR] [:] [PangolinRender] render 步骤 glClear 完成
[2026-04-14 21:20:14.376] [info] [LiDAR-LiDAR] [:] [PangolinRender] render 步骤 Activate 完成
[2026-04-14 21:20:14.378] [info] [LiDAR-LiDAR] [:] [PangolinRender] render 步骤 grid+axis 完成
[2026-04-14 21:20:14.379] [info] [LiDAR-LiDAR] [:] [PangolinRender] render_point_clouds 本次完成 详细日志次数=1/5
[2026-04-14 21:20:14.379] [info] [LiDAR-LiDAR] [:] [PangolinRender] render 步骤 point_clouds 完成
[2026-04-14 21:20:14.379] [info] [LiDAR-LiDAR] [:] [PangolinRender] render 步骤 frustum+frames 完成
[2026-04-14 21:20:14.382] [info] [LiDAR-LiDAR] [:] [PangolinRender] render 步骤 FinishFrame 完成
[2026-04-14 21:20:14.382] [info] [LiDAR-LiDAR] [:] [Viz/Render] render_and_handle_input 第 1 次 render() 返回 continue_render=true
[2026-04-14 21:20:14.382] [info] [LiDAR-LiDAR] [:] [Viz/Display] 首帧泵送 第 1/12 帧 render_ok=true
[2026-04-14 21:20:14.402] [info] [LiDAR-LiDAR] [:] [Viz/Render] render_and_handle_input 第 2 次调用 即将调用 pangolin_render_->render()
[2026-04-14 21:20:14.402] [info] [LiDAR-LiDAR] [:] [PangolinRender] render 开始 帧=2
[2026-04-14 21:20:14.402] [info] [LiDAR-LiDAR] [:] [PangolinRender] render 步骤 glClear 完成
[2026-04-14 21:20:14.402] [info] [LiDAR-LiDAR] [:] [PangolinRender] render 步骤 Activate 完成
[2026-04-14 21:20:14.402] [info] [LiDAR-LiDAR] [:] [PangolinRender] render 步骤 grid+axis 完成
[2026-04-14 21:20:14.402] [info] [LiDAR-LiDAR] [:] [PangolinRender] render_point_clouds 本次完成 详细日志次数=2/5
[2026-04-14 21:20:14.402] [info] [LiDAR-LiDAR] [:] [PangolinRender] render 步骤 point_clouds 完成
[2026-04-14 21:20:14.402] [info] [LiDAR-LiDAR] [:] [PangolinRender] render 步骤 frustum+frames 完成
[2026-04-14 21:20:14.402] [info] [LiDAR-LiDAR] [:] [PangolinRender] render 步骤 FinishFrame 完成
[2026-04-14 21:20:14.402] [info] [LiDAR-LiDAR] [:] [Viz/Render] render_and_handle_input 第 2 次 render() 返回 continue_render=true
[2026-04-14 21:20:14.423] [info] [LiDAR-LiDAR] [:] [Viz/Render] render_and_handle_input 第 3 次调用 即将调用 pangolin_render_->render()
[2026-04-14 21:20:14.423] [info] [LiDAR-LiDAR] [:] [PangolinRender] render 开始 帧=3
[2026-04-14 21:20:14.423] [info] [LiDAR-LiDAR] [:] [PangolinRender] render 步骤 glClear 完成
[2026-04-14 21:20:14.423] [info] [LiDAR-LiDAR] [:] [PangolinRender] render 步骤 Activate 完成
[2026-04-14 21:20:14.423] [info] [LiDAR-LiDAR] [:] [PangolinRender] render 步骤 grid+axis 完成
[2026-04-14 21:20:14.423] [info] [LiDAR-LiDAR] [:] [PangolinRender] render_point_clouds 本次完成 详细日志次数=3/5
[2026-04-14 21:20:14.423] [info] [LiDAR-LiDAR] [:] [PangolinRender] render 步骤 point_clouds 完成
[2026-04-14 21:20:14.423] [info] [LiDAR-LiDAR] [:] [PangolinRender] render 步骤 frustum+frames 完成
[2026-04-14 21:20:14.423] [info] [LiDAR-LiDAR] [:] [PangolinRender] render 步骤 FinishFrame 完成
[2026-04-14 21:20:14.423] [info] [LiDAR-LiDAR] [:] [Viz/Render] render_and_handle_input 第 3 次 render() 返回 continue_render=true
[2026-04-14 21:20:14.443] [info] [LiDAR-LiDAR] [:] [Viz/Render] render_and_handle_input 第 4 次调用 即将调用 pangolin_render_->render()
[2026-04-14 21:20:14.443] [info] [LiDAR-LiDAR] [:] [PangolinRender] render 开始 帧=4
[2026-04-14 21:20:14.443] [info] [LiDAR-LiDAR] [:] [PangolinRender] render 步骤 glClear 完成
[2026-04-14 21:20:14.443] [info] [LiDAR-LiDAR] [:] [PangolinRender] render 步骤 Activate 完成
[2026-04-14 21:20:14.443] [info] [LiDAR-LiDAR] [:] [PangolinRender] render 步骤 grid+axis 完成
[2026-04-14 21:20:14.443] [info] [LiDAR-LiDAR] [:] [PangolinRender] render_point_clouds 本次完成 详细日志次数=4/5
[2026-04-14 21:20:14.443] [info] [LiDAR-LiDAR] [:] [PangolinRender] render 步骤 point_clouds 完成
[2026-04-14 21:20:14.443] [info] [LiDAR-LiDAR] [:] [PangolinRender] render 步骤 frustum+frames 完成
[2026-04-14 21:20:14.443] [info] [LiDAR-LiDAR] [:] [PangolinRender] render 步骤 FinishFrame 完成
[2026-04-14 21:20:14.443] [info] [LiDAR-LiDAR] [:] [Viz/Render] render_and_handle_input 第 4 次 render() 返回 continue_render=true
[2026-04-14 21:20:14.463] [info] [LiDAR-LiDAR] [:] [Viz/Render] render_and_handle_input 第 5 次调用 即将调用 pangolin_render_->render()
[2026-04-14 21:20:14.463] [info] [LiDAR-LiDAR] [:] [PangolinRender] render 开始 帧=5
[2026-04-14 21:20:14.463] [info] [LiDAR-LiDAR] [:] [PangolinRender] render 步骤 glClear 完成
[2026-04-14 21:20:14.463] [info] [LiDAR-LiDAR] [:] [PangolinRender] render 步骤 Activate 完成
[2026-04-14 21:20:14.463] [info] [LiDAR-LiDAR] [:] [PangolinRender] render 步骤 grid+axis 完成
[2026-04-14 21:20:14.463] [info] [LiDAR-LiDAR] [:] [PangolinRender] render_point_clouds 本次完成 详细日志次数=5/5
[2026-04-14 21:20:14.463] [info] [LiDAR-LiDAR] [:] [PangolinRender] render 步骤 point_clouds 完成
[2026-04-14 21:20:14.463] [info] [LiDAR-LiDAR] [:] [PangolinRender] render 步骤 frustum+frames 完成
[2026-04-14 21:20:14.463] [info] [LiDAR-LiDAR] [:] [PangolinRender] render 步骤 FinishFrame 完成
[2026-04-14 21:20:14.463] [info] [LiDAR-LiDAR] [:] [Viz/Render] render_and_handle_input 第 5 次 render() 返回 continue_render=true
[2026-04-14 21:20:14.483] [info] [LiDAR-LiDAR] [:] [Viz/Render] render_and_handle_input 第 6 次调用 即将调用 pangolin_render_->render()
[2026-04-14 21:20:14.483] [info] [LiDAR-LiDAR] [:] [PangolinRender] render 开始 帧=6
[2026-04-14 21:20:14.483] [info] [LiDAR-LiDAR] [:] [PangolinRender] render 步骤 glClear 完成
[2026-04-14 21:20:14.483] [info] [LiDAR-LiDAR] [:] [PangolinRender] render 步骤 Activate 完成
[2026-04-14 21:20:14.483] [info] [LiDAR-LiDAR] [:] [PangolinRender] render 步骤 grid+axis 完成
[2026-04-14 21:20:14.483] [info] [LiDAR-LiDAR] [:] [PangolinRender] render 步骤 point_clouds 完成
[2026-04-14 21:20:14.483] [info] [LiDAR-LiDAR] [:] [PangolinRender] render 步骤 frustum+frames 完成
[2026-04-14 21:20:14.484] [info] [LiDAR-LiDAR] [:] [PangolinRender] render 步骤 FinishFrame 完成
[2026-04-14 21:20:14.484] [info] [LiDAR-LiDAR] [:] [Viz/Render] render_and_handle_input 第 6 次 render() 返回 continue_render=true
[2026-04-14 21:20:14.504] [info] [LiDAR-LiDAR] [:] [Viz/Render] render_and_handle_input 第 7 次调用 即将调用 pangolin_render_->render()
[2026-04-14 21:20:14.504] [info] [LiDAR-LiDAR] [:] [PangolinRender] render 开始 帧=7
[2026-04-14 21:20:14.504] [info] [LiDAR-LiDAR] [:] [PangolinRender] render 步骤 glClear 完成
[2026-04-14 21:20:14.504] [info] [LiDAR-LiDAR] [:] [PangolinRender] render 步骤 Activate 完成
[2026-04-14 21:20:14.504] [info] [LiDAR-LiDAR] [:] [PangolinRender] render 步骤 grid+axis 完成
[2026-04-14 21:20:14.504] [info] [LiDAR-LiDAR] [:] [PangolinRender] render 步骤 point_clouds 完成
[2026-04-14 21:20:14.504] [info] [LiDAR-LiDAR] [:] [PangolinRender] render 步骤 frustum+frames 完成
[2026-04-14 21:20:14.504] [info] [LiDAR-LiDAR] [:] [PangolinRender] render 步骤 FinishFrame 完成
[2026-04-14 21:20:14.504] [info] [LiDAR-LiDAR] [:] [Viz/Render] render_and_handle_input 第 7 次 render() 返回 continue_render=true
[2026-04-14 21:20:14.524] [info] [LiDAR-LiDAR] [:] [Viz/Render] render_and_handle_input 第 8 次调用 即将调用 pangolin_render_->render()
[2026-04-14 21:20:14.524] [info] [LiDAR-LiDAR] [:] [PangolinRender] render 开始 帧=8
[2026-04-14 21:20:14.524] [info] [LiDAR-LiDAR] [:] [PangolinRender] render 步骤 glClear 完成
[2026-04-14 21:20:14.524] [info] [LiDAR-LiDAR] [:] [PangolinRender] render 步骤 Activate 完成
[2026-04-14 21:20:14.524] [info] [LiDAR-LiDAR] [:] [PangolinRender] render 步骤 grid+axis 完成
[2026-04-14 21:20:14.524] [info] [LiDAR-LiDAR] [:] [PangolinRender] render 步骤 point_clouds 完成
[2026-04-14 21:20:14.524] [info] [LiDAR-LiDAR] [:] [PangolinRender] render 步骤 frustum+frames 完成
[2026-04-14 21:20:14.524] [info] [LiDAR-LiDAR] [:] [PangolinRender] render 步骤 FinishFrame 完成
[2026-04-14 21:20:14.524] [info] [LiDAR-LiDAR] [:] [Viz/Render] render_and_handle_input 第 8 次 render() 返回 continue_render=true
[2026-04-14 21:20:14.544] [info] [LiDAR-LiDAR] [:] [Viz/Render] render_and_handle_input 第 9 次调用 即将调用 pangolin_render_->render()
[2026-04-14 21:20:14.544] [info] [LiDAR-LiDAR] [:] [PangolinRender] render 开始 帧=9
[2026-04-14 21:20:14.544] [info] [LiDAR-LiDAR] [:] [PangolinRender] render 步骤 glClear 完成
[2026-04-14 21:20:14.544] [info] [LiDAR-LiDAR] [:] [PangolinRender] render 步骤 Activate 完成
[2026-04-14 21:20:14.544] [info] [LiDAR-LiDAR] [:] [PangolinRender] render 步骤 grid+axis 完成
[2026-04-14 21:20:14.544] [info] [LiDAR-LiDAR] [:] [PangolinRender] render 步骤 point_clouds 完成
[2026-04-14 21:20:14.544] [info] [LiDAR-LiDAR] [:] [PangolinRender] render 步骤 frustum+frames 完成
[2026-04-14 21:20:14.544] [info] [LiDAR-LiDAR] [:] [PangolinRender] render 步骤 FinishFrame 完成
[2026-04-14 21:20:14.545] [info] [LiDAR-LiDAR] [:] [Viz/Render] render_and_handle_input 第 9 次 render() 返回 continue_render=true
[2026-04-14 21:20:14.565] [info] [LiDAR-LiDAR] [:] [Viz/Render] render_and_handle_input 第 10 次调用 即将调用 pangolin_render_->render()
[2026-04-14 21:20:14.565] [info] [LiDAR-LiDAR] [:] [PangolinRender] render 开始 帧=10
[2026-04-14 21:20:14.565] [info] [LiDAR-LiDAR] [:] [PangolinRender] render 步骤 glClear 完成
[2026-04-14 21:20:14.565] [info] [LiDAR-LiDAR] [:] [PangolinRender] render 步骤 Activate 完成
[2026-04-14 21:20:14.565] [info] [LiDAR-LiDAR] [:] [PangolinRender] render 步骤 grid+axis 完成
[2026-04-14 21:20:14.565] [info] [LiDAR-LiDAR] [:] [PangolinRender] render 步骤 point_clouds 完成
[2026-04-14 21:20:14.565] [info] [LiDAR-LiDAR] [:] [PangolinRender] render 步骤 frustum+frames 完成
[2026-04-14 21:20:14.565] [info] [LiDAR-LiDAR] [:] [PangolinRender] render 步骤 FinishFrame 完成
[2026-04-14 21:20:14.565] [info] [LiDAR-LiDAR] [:] [Viz/Render] render_and_handle_input 第 10 次 render() 返回 continue_render=true
[2026-04-14 21:20:14.585] [info] [LiDAR-LiDAR] [:] [PangolinRender] render 开始 帧=11
[2026-04-14 21:20:14.585] [info] [LiDAR-LiDAR] [:] [PangolinRender] render 步骤 glClear 完成
[2026-04-14 21:20:14.585] [info] [LiDAR-LiDAR] [:] [PangolinRender] render 步骤 Activate 完成
[2026-04-14 21:20:14.585] [info] [LiDAR-LiDAR] [:] [PangolinRender] render 步骤 grid+axis 完成
[2026-04-14 21:20:14.585] [info] [LiDAR-LiDAR] [:] [PangolinRender] render 步骤 point_clouds 完成
[2026-04-14 21:20:14.585] [info] [LiDAR-LiDAR] [:] [PangolinRender] render 步骤 frustum+frames 完成
[2026-04-14 21:20:14.585] [info] [LiDAR-LiDAR] [:] [PangolinRender] render 步骤 FinishFrame 完成
[2026-04-14 21:20:14.605] [info] [LiDAR-LiDAR] [:] [PangolinRender] render 开始 帧=12
[2026-04-14 21:20:14.605] [info] [LiDAR-LiDAR] [:] [PangolinRender] render 步骤 glClear 完成
[2026-04-14 21:20:14.605] [info] [LiDAR-LiDAR] [:] [PangolinRender] render 步骤 Activate 完成
[2026-04-14 21:20:14.606] [info] [LiDAR-LiDAR] [:] [PangolinRender] render 步骤 grid+axis 完成
[2026-04-14 21:20:14.606] [info] [LiDAR-LiDAR] [:] [PangolinRender] render 步骤 point_clouds 完成
[2026-04-14 21:20:14.606] [info] [LiDAR-LiDAR] [:] [PangolinRender] render 步骤 frustum+frames 完成
[2026-04-14 21:20:14.607] [info] [LiDAR-LiDAR] [:] [PangolinRender] render 步骤 FinishFrame 完成
[2026-04-14 21:20:14.607] [info] [LiDAR-LiDAR] [:] [Viz/Display] 首帧泵送 第 12/12 帧 render_ok=true
[2026-04-14 21:20:14.627] [info] [LiDAR-LiDAR] [:] [Viz/Display] 首帧泵送完成 共 12 帧 (窗口应已显示网格/坐标轴，尚未推送点云)；标定完成后请手动关闭窗口
[2026-04-14 21:20:14.627] [info] [LiDAR-LiDAR] [:] 可视化已启用（默认）
[2026-04-14 21:20:14.627] [info] [LiDAR-LiDAR] [:] ━━━ 标定对: lidar_horz -> lidar_vert ━━━
[2026-04-14 21:20:14.627] [info] [LiDAR-LiDAR] [:] [LiDAR-LiDAR][Pair] PCD 目录: ref_id='lidar_horz' -> '(无)' ; target_id='lidar_vert' -> '(无)'
[2026-04-14 21:20:14.627] [info] [LiDAR-LiDAR] [:] [LiDAR-LiDAR][Pair] data.lidar 未配置或路径为空，跳过 PCD 目录加载
[2026-04-14 21:20:14.627] [warning] [LiDAR-LiDAR] [:]   PCD 目录不可用或未配置，尝试 ROS2 bag 回退（需 ros2.use_ros2_bag；话题来自传感器 YAML 的 pointcloud_topic 或 ros2.lidar_topics）
[2026-04-14 21:20:14.627] [info] [LiDAR-LiDAR] [:] [LiDAR-LiDAR][Ros2] 打开 bag: /root/calib_ws/data/nya_02_ros2 (ref lidar_horz->/os1_cloud_node1/points, target lidar_vert->/os1_cloud_node2/points)
[2026-04-14 21:20:14.628] [info] [LiDAR-LiDAR] [:] [Ros2BagDataSource] 打开 bag 文件: /root/calib_ws/data/nya_02_ros2
[2026-04-14 21:20:14.629] [info] [LiDAR-LiDAR] [:] [Ros2BagDataSource] 正在读取 metadata.yaml: /root/calib_ws/data/nya_02_ros2/metadata.yaml
[2026-04-14 21:20:14.631] [info] [LiDAR-LiDAR] [:] [Ros2BagDataSource] 使用配置的 LiDAR 话题 (来自 sensors): /os1_cloud_node1/points
[2026-04-14 21:20:14.632] [info] [LiDAR-LiDAR] [:] [Ros2BagDataSource] 自动检测相机话题: /left/image_raw
[2026-04-14 21:20:14.632] [info] [LiDAR-LiDAR] [:] [Ros2BagDataSource] 自动检测 IMU 话题: /dji_sdk/attitude
[INFO] [1776172814.648095807] [rosbag2_storage]: Opened database '/root/calib_ws/data/nya_02_ros2/nya_02_ros2.db3' for READ_ONLY.
[2026-04-14 21:20:14.648] [info] [LiDAR-LiDAR] [:] [Ros2BagDataSource] Bag 已打开，开始读取消息...
[2026-04-14 21:20:14.648] [info] [LiDAR-LiDAR] [:] [Ros2BagDataSource] 找到 19 个话题
[2026-04-14 21:20:14.648] [info] [LiDAR-LiDAR] [:] [Ros2BagDataSource]  话题: /dji_sdk/imu  类型: sensor_msgs/msg/Imu  消息数: 171462
[2026-04-14 21:20:14.648] [info] [LiDAR-LiDAR] [:] [Ros2BagDataSource]  话题: /dji_sdk/attitude  类型: geometry_msgs/msg/QuaternionStamped  消息数: 42866
[2026-04-14 21:20:14.648] [info] [LiDAR-LiDAR] [:] [Ros2BagDataSource]  话题: /os1_cloud_node2/imu  类型: sensor_msgs/msg/Imu  消息数: 42862
[2026-04-14 21:20:14.648] [info] [LiDAR-LiDAR] [:] [Ros2BagDataSource]  话题: /os1_cloud_node1/imu  类型: sensor_msgs/msg/Imu  消息数: 42862
[2026-04-14 21:20:14.648] [info] [LiDAR-LiDAR] [:] [Ros2BagDataSource]  话题: /imu/imu  类型: sensor_msgs/msg/Imu  消息数: 166428
[2026-04-14 21:20:14.648] [info] [LiDAR-LiDAR] [:] [Ros2BagDataSource]  话题: /imu/magnetic_field  类型: sensor_msgs/msg/MagneticField  消息数: 166428
[2026-04-14 21:20:14.648] [info] [LiDAR-LiDAR] [:] [Ros2BagDataSource]  话题: /imu/temperature  类型: sensor_msgs/msg/Temperature  消息数: 166428
[2026-04-14 21:20:14.648] [info] [LiDAR-LiDAR] [:] [Ros2BagDataSource]  话题: /dji_sdk/gps_position  类型: sensor_msgs/msg/NavSatFix  消息数: 21433
[2026-04-14 21:20:14.648] [info] [LiDAR-LiDAR] [:] [Ros2BagDataSource]  话题: /dji_sdk/height_above_takeoff  类型: std_msgs/msg/Float32  消息数: 21433
[2026-04-14 21:20:14.648] [info] [LiDAR-LiDAR] [:] [Ros2BagDataSource]  话题: /dji_sdk/gps_health  类型: std_msgs/msg/UInt8  消息数: 21433
[2026-04-14 21:20:14.648] [info] [LiDAR-LiDAR] [:] [Ros2BagDataSource]  话题: /uwb_endorange_info  类型: uwb_driver/msg/UwbRange  消息数: 25172
[2026-04-14 21:20:14.648] [info] [LiDAR-LiDAR] [:] [Ros2BagDataSource]  话题: /left/image_raw  类型: sensor_msgs/msg/Image  消息数: 4285
[2026-04-14 21:20:14.648] [info] [LiDAR-LiDAR] [:] [Ros2BagDataSource]  话题: /right/image_raw  类型: sensor_msgs/msg/Image  消息数: 4285
[2026-04-14 21:20:14.648] [info] [LiDAR-LiDAR] [:] [Ros2BagDataSource]  话题: /os1_cloud_node1/points  类型: sensor_msgs/msg/PointCloud2  消息数: 4287
[2026-04-14 21:20:14.648] [info] [LiDAR-LiDAR] [:] [Ros2BagDataSource]  话题: /os1_cloud_node2/points  类型: sensor_msgs/msg/PointCloud2  消息数: 4286
[2026-04-14 21:20:14.648] [info] [LiDAR-LiDAR] [:] [Ros2BagDataSource]  话题: /uwb_exorange_info  类型: uwb_driver/msg/UwbEcho  消息数: 2437
[2026-04-14 21:20:14.648] [info] [LiDAR-LiDAR] [:] [Ros2BagDataSource]  话题: /node_pos_marker_sc  类型: visualization_msgs/msg/Marker  消息数: 2437
[2026-04-14 21:20:14.648] [info] [LiDAR-LiDAR] [:] [Ros2BagDataSource]  话题: /node_pos_sc  类型: nav_msgs/msg/Path  消息数: 2437
[2026-04-14 21:20:14.648] [info] [LiDAR-LiDAR] [:] [Ros2BagDataSource]  话题: /leica/pose/relative  类型: geometry_msgs/msg/PoseStamped  消息数: 7679
[2026-04-14 21:20:14.648] [info] [LiDAR-LiDAR] [:] [Ros2BagDataSource] 将加载 bag 内所有 IMU / LiDAR / 相机话题，加载后可通过 sensor_id 或话题名选择使用
