
 ╔═══════════════════════════════════════════════════════╗
 ║   UniCalib — Camera-Camera 外参标定                   ║
 ║   两阶段: 特征匹配初始化 → BA精化(无目标优先)          ║
 ║   手动校准: --manual 触发 click-calib 对应点精化       ║
 ╚═══════════════════════════════════════════════════════╝

[2026-04-27 15:14:52.481] [info] [Cam-Cam] [:] 读取系统配置: /root/calib_ws/calib_unified/config/unicalib_example.yaml
[2026-04-27 15:14:52.484] [info] [Cam-Cam] [:]   IMU: 1, LiDAR: 2, Camera: 2
[2026-04-27 15:14:52.484] [info] [Cam-Cam] [:] ━━━━━━━━━━━━━━━━━━━━━━━━━━━━━━━━━━━━
[2026-04-27 15:14:52.484] [info] [Cam-Cam] [:] 配置: /root/calib_ws/calib_unified/config/unicalib_example.yaml
[2026-04-27 15:14:52.484] [info] [Cam-Cam] [:] 精标定方法: ba | 无目标优先: true
[2026-04-27 15:14:52.484] [info] [Cam-Cam] [:] 手动校准: false (阈值=1.50px)
[2026-04-27 15:14:52.484] [info] [Cam-Cam] [:] ━━━━━━━━━━━━━━━━━━━━━━━━━━━━━━━━━━━━
[2026-04-27 15:14:52.484] [info] [Cam-Cam] [:] [Cam-Cam] 已从配置读取 1 对标定对
[2026-04-27 15:14:52.484] [info] [Cam-Cam] [:] [Cam-Cam] 数据源: ROS2 bag  path=/root/calib_ws/data/nya_02_slam_imu_to_lidar/nya_02_ros2
[2026-04-27 15:14:52.484] [info] [Cam-Cam] [:] [Cam-Cam]   相机 cam_left -> /left/image_raw
[2026-04-27 15:14:52.484] [info] [Cam-Cam] [:] [Cam-Cam]   相机 cam_right -> /right/image_raw
[2026-04-27 15:14:52.485] [info] [Cam-Cam] [:] [CalibPipeline] 初始化 ID=pipeline_20260427_151452
[2026-04-27 15:14:52.485] [info] [Cam-Cam] [:] [CalibPipeline] 输出目录: ./results
[2026-04-27 15:14:52.485] [info] [Cam-Cam] [:] [CalibPipeline] 无目标优先: true
[2026-04-27 15:14:52.485] [info] [Cam-Cam] [:] [CalibPipeline] 任务掩码: 0x20
[2026-04-27 15:14:52.485] [info] [Cam-Cam] [:] ▶ Stage 1 (粗标定): 特征点匹配 + 本质矩阵
[2026-04-27 15:14:52.485] [info] [Cam-Cam] [:]   图像: 从 ROS2 bag 按 camera_topics / sensors 加载
[2026-04-27 15:14:52.485] [info] [Cam-Cam] [:] ▶ Stage 2 (精标定): ba (无目标=true)
[2026-04-27 15:14:52.485] [info] [Cam-Cam] [:] 
[2026-04-27 15:14:52.485] [info] [Cam-Cam] [:] ╔═══════════════════════════════════════════════╗
[2026-04-27 15:14:52.485] [info] [Cam-Cam] [:] ║   UniCalib 两阶段标定流水线 — 开始            ║
[2026-04-27 15:14:52.485] [info] [Cam-Cam] [:] ║   Pipeline ID: pipeline_20260427_151452       ║
[2026-04-27 15:14:52.485] [info] [Cam-Cam] [:] ╚═══════════════════════════════════════════════╝
[15:14:52.485] [info] 
[15:14:52.485] [info] ━━━━━━━━━━━━━━━━━━━━━━━━━━━━━━━━━━━━━━━━━
[15:14:52.485] [info] ▶ 开始阶段: [Fine-Auto] 任务: [cam_cam_extrin]
[15:14:52.486] [info]   描述: 无目标优化
[15:14:52.486] [info] ━━━━━━━━━━━━━━━━━━━━━━━━━━━━━━━━━━━━━━━━━
[15:14:52.486] [info] [CALC] 精标定阶段开始 task=cam_cam_extrin
[15:14:52.486] [info] [Fine-Auto] 任务: cam_cam_extrin | 无目标优先: true
[15:14:52.486] [info] [Fine-Auto] 方法: 特征匹配 + Bundle Adjustment (无目标)
[15:14:52.486] [info] [UnifiedDataLoader] 从 ROS2 加载数据...
[15:14:52.486] [info]   Bag 文件: /root/calib_ws/data/nya_02_slam_imu_to_lidar/nya_02_ros2
[15:14:52.486] [info]   实时模式: false
[15:14:52.486] [info] [Ros2BagDataSource] 打开 bag 文件: /root/calib_ws/data/nya_02_slam_imu_to_lidar/nya_02_ros2
[15:14:52.486] [info] [Ros2BagDataSource] 正在读取 metadata.yaml: /root/calib_ws/data/nya_02_slam_imu_to_lidar/nya_02_ros2/metadata.yaml
[15:14:52.487] [info] [Ros2BagDataSource] 自动检测 LiDAR 话题: /os1_cloud_node1/points
[15:14:52.487] [info] [Ros2BagDataSource] 使用配置的相机话题 (来自 sensors): /left/image_raw
[15:14:52.487] [info] [Ros2BagDataSource] 自动检测 IMU 话题: /dji_sdk/attitude
[INFO] [1777274092.495414949] [rosbag2_storage]: Opened database '/root/calib_ws/data/nya_02_slam_imu_to_lidar/nya_02_ros2/nya_02_ros2.db3' for READ_ONLY.
[15:14:52.495] [info] [Ros2BagDataSource] Bag 已打开，开始读取消息...
[15:14:52.495] [info] [Ros2BagDataSource] 找到 19 个话题
[15:14:52.495] [info] [Ros2BagDataSource]  话题: /dji_sdk/imu  类型: sensor_msgs/msg/Imu  消息数: 171462
[15:14:52.495] [info] [Ros2BagDataSource]  话题: /dji_sdk/attitude  类型: geometry_msgs/msg/QuaternionStamped  消息数: 42866
[15:14:52.495] [info] [Ros2BagDataSource]  话题: /os1_cloud_node2/imu  类型: sensor_msgs/msg/Imu  消息数: 42862
[15:14:52.495] [info] [Ros2BagDataSource]  话题: /os1_cloud_node1/imu  类型: sensor_msgs/msg/Imu  消息数: 42862
[15:14:52.495] [info] [Ros2BagDataSource]  话题: /imu/imu  类型: sensor_msgs/msg/Imu  消息数: 166428
[15:14:52.495] [info] [Ros2BagDataSource]  话题: /imu/magnetic_field  类型: sensor_msgs/msg/MagneticField  消息数: 166428
[15:14:52.495] [info] [Ros2BagDataSource]  话题: /imu/temperature  类型: sensor_msgs/msg/Temperature  消息数: 166428
[15:14:52.495] [info] [Ros2BagDataSource]  话题: /dji_sdk/gps_position  类型: sensor_msgs/msg/NavSatFix  消息数: 21433
[15:14:52.495] [info] [Ros2BagDataSource]  话题: /dji_sdk/height_above_takeoff  类型: std_msgs/msg/Float32  消息数: 21433
[15:14:52.495] [info] [Ros2BagDataSource]  话题: /dji_sdk/gps_health  类型: std_msgs/msg/UInt8  消息数: 21433
[15:14:52.495] [info] [Ros2BagDataSource]  话题: /uwb_endorange_info  类型: uwb_driver/msg/UwbRange  消息数: 25172
[15:14:52.495] [info] [Ros2BagDataSource]  话题: /left/image_raw  类型: sensor_msgs/msg/Image  消息数: 4285
[15:14:52.495] [info] [Ros2BagDataSource]  话题: /right/image_raw  类型: sensor_msgs/msg/Image  消息数: 4285
[15:14:52.495] [info] [Ros2BagDataSource]  话题: /os1_cloud_node1/points  类型: sensor_msgs/msg/PointCloud2  消息数: 4287
[15:14:52.495] [info] [Ros2BagDataSource]  话题: /os1_cloud_node2/points  类型: sensor_msgs/msg/PointCloud2  消息数: 4286
[15:14:52.495] [info] [Ros2BagDataSource]  话题: /uwb_exorange_info  类型: uwb_driver/msg/UwbEcho  消息数: 2437
[15:14:52.495] [info] [Ros2BagDataSource]  话题: /node_pos_marker_sc  类型: visualization_msgs/msg/Marker  消息数: 2437
[15:14:52.495] [info] [Ros2BagDataSource]  话题: /node_pos_sc  类型: nav_msgs/msg/Path  消息数: 2437
[15:14:52.495] [info] [Ros2BagDataSource]  话题: /leica/pose/relative  类型: geometry_msgs/msg/PoseStamped  消息数: 7679
[15:14:52.495] [info] [Ros2BagDataSource] 将加载 bag 内所有 IMU / LiDAR / 相机话题，加载后可通过 sensor_id 或话题名选择使用
[15:15:10.943] [info] [Ros2BagDataSource] 加载完成 (所有话题按话题名存储，可通过 sensor_id 或话题名选择):
[15:15:10.944] [info]   LiDAR [/os1_cloud_node1/points]: 4287 帧
[15:15:10.944] [info]   LiDAR [/os1_cloud_node2/points]: 4286 帧
[15:15:10.944] [info]   相机 [/left/image_raw]: 4285 帧
[15:15:10.944] [info]   相机 [/right/image_raw]: 4285 帧
[15:15:10.944] [info]   IMU [/dji_sdk/imu]: 171462 帧
[15:15:10.944] [info]   IMU [/imu/imu]: 166428 帧
[15:15:10.944] [info]   IMU [/os1_cloud_node1/imu]: 42862 帧
[15:15:10.944] [info]   IMU [/os1_cloud_node2/imu]: 42862 帧
[15:15:10.944] [info]   选用 LiDAR  lidar_0 -> /os1_cloud_node1/points
[15:15:10.944] [info]   选用 相机  cam_left -> /left/image_raw
[15:15:10.944] [info]   选用 相机  cam_right -> /right/image_raw
[15:15:10.944] [info]   选用 IMU    imu_0 -> /dji_sdk/imu
[15:15:10.945] [info]   时间范围: 1609045331.127 - 1609045759.771 秒
[15:15:10.945] [info] [Ros2BagDataSource] 应用采样/帧数限制...
[15:15:11.055] [info]   LiDAR /os1_cloud_node1/points 采样后: 800 帧
[15:15:11.085] [info]   LiDAR /os1_cloud_node2/points 采样后: 800 帧
[15:15:11.108] [info]   相机 /left/image_raw 采样后: 800 帧
[15:15:11.169] [info]   相机 /right/image_raw 采样后: 800 帧
[15:15:11.242] [info] [Fine-Auto/Cam-Cam] 相机数: 2，将依次标定相邻对: (0-1), (1-2), ...
[15:15:11.248] [info] [CalibVisualizer] 初始化完成
[15:15:11.249] [info] [Viz/Display] 已自动设置 XDG_RUNTIME_DIR=/tmp（原未设置，避免 GLFW 报错）
[15:15:11.249] [info] [Viz/Display] 显示环境 DISPLAY=:1  XDG_RUNTIME_DIR=/tmp  WAYLAND_DISPLAY=(未设置)
[15:15:11.249] [info] [PangolinRender] 正在创建窗口与 OpenGL 上下文: UniCalib Cam-Cam (1280x720)
[15:15:11.950] [info] [PangolinRender] CreateWindowAndBind 已完成
[15:15:11.950] [info] [PangolinRender] 初始化完成: UniCalib Cam-Cam (1280x720)  ShouldQuit=false (窗口内容: 网格+坐标轴，点云需后续推送)
[15:15:11.950] [info] [Viz/Display] 首帧泵送: 开始 (共 12 帧)
[15:15:11.951] [info] [Viz/Render] render_and_handle_input 第 1 次调用 即将调用 pangolin_render_->render()
[15:15:11.951] [info] [PangolinRender] 首帧渲染 点云数=0  坐标系数=0 (无点云时仅显示网格与坐标轴)
[15:15:11.951] [info] [PangolinRender] render 开始 帧=1
[15:15:12.002] [info] [PangolinRender] render 步骤 glClear 完成
[15:15:12.002] [info] [PangolinRender] render 步骤 Activate 完成
[15:15:12.005] [info] [PangolinRender] render 步骤 grid+axis 完成
[15:15:12.007] [info] [PangolinRender] render_point_clouds 本次完成 详细日志次数=1/5
[15:15:12.007] [info] [PangolinRender] render 步骤 point_clouds 完成
[15:15:12.007] [info] [PangolinRender] render 步骤 frustum+frames 完成
[15:15:12.050] [info] [PangolinRender] render 步骤 FinishFrame 完成
[15:15:12.050] [info] [Viz/Render] render_and_handle_input 第 1 次 render() 返回 continue_render=true
[15:15:12.050] [info] [Viz/Display] 首帧泵送 第 1/12 帧 render_ok=true
[15:15:12.070] [info] [Viz/Render] render_and_handle_input 第 2 次调用 即将调用 pangolin_render_->render()
[15:15:12.070] [info] [PangolinRender] render 开始 帧=2
[15:15:12.070] [info] [PangolinRender] render 步骤 glClear 完成
[15:15:12.070] [info] [PangolinRender] render 步骤 Activate 完成
[15:15:12.070] [info] [PangolinRender] render 步骤 grid+axis 完成
[15:15:12.070] [info] [PangolinRender] render_point_clouds 本次完成 详细日志次数=2/5
[15:15:12.070] [info] [PangolinRender] render 步骤 point_clouds 完成
[15:15:12.070] [info] [PangolinRender] render 步骤 frustum+frames 完成
[15:15:12.083] [info] [PangolinRender] render 步骤 FinishFrame 完成
[15:15:12.083] [info] [Viz/Render] render_and_handle_input 第 2 次 render() 返回 continue_render=true
[15:15:12.103] [info] [Viz/Render] render_and_handle_input 第 3 次调用 即将调用 pangolin_render_->render()
[15:15:12.103] [info] [PangolinRender] render 开始 帧=3
[15:15:12.103] [info] [PangolinRender] render 步骤 glClear 完成
[15:15:12.103] [info] [PangolinRender] render 步骤 Activate 完成
[15:15:12.103] [info] [PangolinRender] render 步骤 grid+axis 完成
[15:15:12.103] [info] [PangolinRender] render_point_clouds 本次完成 详细日志次数=3/5
[15:15:12.103] [info] [PangolinRender] render 步骤 point_clouds 完成
[15:15:12.103] [info] [PangolinRender] render 步骤 frustum+frames 完成
[15:15:12.103] [info] [PangolinRender] render 步骤 FinishFrame 完成
[15:15:12.103] [info] [Viz/Render] render_and_handle_input 第 3 次 render() 返回 continue_render=true
[15:15:12.123] [info] [Viz/Render] render_and_handle_input 第 4 次调用 即将调用 pangolin_render_->render()
[15:15:12.123] [info] [PangolinRender] render 开始 帧=4
[15:15:12.123] [info] [PangolinRender] render 步骤 glClear 完成
[15:15:12.123] [info] [PangolinRender] render 步骤 Activate 完成
[15:15:12.123] [info] [PangolinRender] render 步骤 grid+axis 完成
[15:15:12.123] [info] [PangolinRender] render_point_clouds 本次完成 详细日志次数=4/5
[15:15:12.123] [info] [PangolinRender] render 步骤 point_clouds 完成
[15:15:12.123] [info] [PangolinRender] render 步骤 frustum+frames 完成
[15:15:12.123] [info] [PangolinRender] render 步骤 FinishFrame 完成
[15:15:12.123] [info] [Viz/Render] render_and_handle_input 第 4 次 render() 返回 continue_render=true
[15:15:12.143] [info] [Viz/Render] render_and_handle_input 第 5 次调用 即将调用 pangolin_render_->render()
[15:15:12.143] [info] [PangolinRender] render 开始 帧=5
[15:15:12.143] [info] [PangolinRender] render 步骤 glClear 完成
[15:15:12.143] [info] [PangolinRender] render 步骤 Activate 完成
[15:15:12.143] [info] [PangolinRender] render 步骤 grid+axis 完成
[15:15:12.143] [info] [PangolinRender] render_point_clouds 本次完成 详细日志次数=5/5
[15:15:12.143] [info] [PangolinRender] render 步骤 point_clouds 完成
[15:15:12.143] [info] [PangolinRender] render 步骤 frustum+frames 完成
[15:15:12.143] [info] [PangolinRender] render 步骤 FinishFrame 完成
[15:15:12.143] [info] [Viz/Render] render_and_handle_input 第 5 次 render() 返回 continue_render=true
[15:15:12.163] [info] [Viz/Render] render_and_handle_input 第 6 次调用 即将调用 pangolin_render_->render()
[15:15:12.163] [info] [PangolinRender] render 开始 帧=6
[15:15:12.164] [info] [PangolinRender] render 步骤 glClear 完成
[15:15:12.164] [info] [PangolinRender] render 步骤 Activate 完成
[15:15:12.164] [info] [PangolinRender] render 步骤 grid+axis 完成
[15:15:12.164] [info] [PangolinRender] render 步骤 point_clouds 完成
[15:15:12.164] [info] [PangolinRender] render 步骤 frustum+frames 完成
[15:15:12.164] [info] [PangolinRender] render 步骤 FinishFrame 完成
[15:15:12.164] [info] [Viz/Render] render_and_handle_input 第 6 次 render() 返回 continue_render=true
[15:15:12.184] [info] [Viz/Render] render_and_handle_input 第 7 次调用 即将调用 pangolin_render_->render()
[15:15:12.184] [info] [PangolinRender] render 开始 帧=7
[15:15:12.184] [info] [PangolinRender] render 步骤 glClear 完成
[15:15:12.184] [info] [PangolinRender] render 步骤 Activate 完成
[15:15:12.184] [info] [PangolinRender] render 步骤 grid+axis 完成
[15:15:12.184] [info] [PangolinRender] render 步骤 point_clouds 完成
[15:15:12.184] [info] [PangolinRender] render 步骤 frustum+frames 完成
[15:15:12.184] [info] [PangolinRender] render 步骤 FinishFrame 完成
[15:15:12.184] [info] [Viz/Render] render_and_handle_input 第 7 次 render() 返回 continue_render=true
[15:15:12.204] [info] [Viz/Render] render_and_handle_input 第 8 次调用 即将调用 pangolin_render_->render()
[15:15:12.204] [info] [PangolinRender] render 开始 帧=8
[15:15:12.204] [info] [PangolinRender] render 步骤 glClear 完成
[15:15:12.204] [info] [PangolinRender] render 步骤 Activate 完成
[15:15:12.204] [info] [PangolinRender] render 步骤 grid+axis 完成
[15:15:12.204] [info] [PangolinRender] render 步骤 point_clouds 完成
[15:15:12.204] [info] [PangolinRender] render 步骤 frustum+frames 完成
[15:15:12.204] [info] [PangolinRender] render 步骤 FinishFrame 完成
[15:15:12.204] [info] [Viz/Render] render_and_handle_input 第 8 次 render() 返回 continue_render=true
[15:15:12.224] [info] [Viz/Render] render_and_handle_input 第 9 次调用 即将调用 pangolin_render_->render()
[15:15:12.224] [info] [PangolinRender] render 开始 帧=9
[15:15:12.224] [info] [PangolinRender] render 步骤 glClear 完成
[15:15:12.224] [info] [PangolinRender] render 步骤 Activate 完成
[15:15:12.224] [info] [PangolinRender] render 步骤 grid+axis 完成
[15:15:12.224] [info] [PangolinRender] render 步骤 point_clouds 完成
[15:15:12.224] [info] [PangolinRender] render 步骤 frustum+frames 完成
[15:15:12.224] [info] [PangolinRender] render 步骤 FinishFrame 完成
[15:15:12.224] [info] [Viz/Render] render_and_handle_input 第 9 次 render() 返回 continue_render=true
[15:15:12.244] [info] [Viz/Render] render_and_handle_input 第 10 次调用 即将调用 pangolin_render_->render()
[15:15:12.244] [info] [PangolinRender] render 开始 帧=10
[15:15:12.244] [info] [PangolinRender] render 步骤 glClear 完成
[15:15:12.244] [info] [PangolinRender] render 步骤 Activate 完成
[15:15:12.244] [info] [PangolinRender] render 步骤 grid+axis 完成
[15:15:12.244] [info] [PangolinRender] render 步骤 point_clouds 完成
[15:15:12.244] [info] [PangolinRender] render 步骤 frustum+frames 完成
[15:15:12.244] [info] [PangolinRender] render 步骤 FinishFrame 完成
[15:15:12.244] [info] [Viz/Render] render_and_handle_input 第 10 次 render() 返回 continue_render=true
[15:15:12.264] [info] [PangolinRender] render 开始 帧=11
[15:15:12.264] [info] [PangolinRender] render 步骤 glClear 完成
[15:15:12.264] [info] [PangolinRender] render 步骤 Activate 完成
[15:15:12.264] [info] [PangolinRender] render 步骤 grid+axis 完成
[15:15:12.264] [info] [PangolinRender] render 步骤 point_clouds 完成
[15:15:12.264] [info] [PangolinRender] render 步骤 frustum+frames 完成
[15:15:12.264] [info] [PangolinRender] render 步骤 FinishFrame 完成
[15:15:12.284] [info] [PangolinRender] render 开始 帧=12
[15:15:12.284] [info] [PangolinRender] render 步骤 glClear 完成
[15:15:12.284] [info] [PangolinRender] render 步骤 Activate 完成
[15:15:12.284] [info] [PangolinRender] render 步骤 grid+axis 完成
[15:15:12.284] [info] [PangolinRender] render 步骤 point_clouds 完成
[15:15:12.284] [info] [PangolinRender] render 步骤 frustum+frames 完成
[15:15:12.285] [info] [PangolinRender] render 步骤 FinishFrame 完成
[15:15:12.285] [info] [Viz/Display] 首帧泵送 第 12/12 帧 render_ok=true
[15:15:12.305] [info] [Viz/Display] 首帧泵送完成 共 12 帧 (窗口应已显示网格/坐标轴，尚未推送点云)；标定完成后请手动关闭窗口
[15:15:12.305] [info] [Fine-Auto/Cam-Cam] 可视化已启用（默认）
[15:15:12.305] [info] [Fine-Auto/Cam-Cam] 按配置 camera_align 标定 1 对
[15:15:12.305] [info] 读取相机内参: results/camera_intrinsic/camera_intrinsic_cam_right.yaml
[15:15:12.307] [info]   fx=384.00 fy=384.00 cx=376.00 cy=240.00 dist=4
[15:15:12.307] [info] 读取相机内参: results/camera_intrinsic/camera_intrinsic_cam_left.yaml
[15:15:12.307] [info]   fx=425.03 fy=426.80 cx=386.02 cy=241.91 dist=4
[15:15:12.307] [info] === Camera-Camera 两阶段标定 ===
[15:15:12.307] [info]   相机0 帧数: 800
[15:15:12.307] [info]   相机1 帧数: 800
[15:15:12.307] [info]   优先无目标: true
[15:15:12.307] [info]   使用初值: false (skip_coarse=false)
[15:15:12.307] [info] === Camera-Camera 本质矩阵法 ===
[15:15:22.459] [info]   总匹配点: 598602
[15:15:29.070] [info] [CALC] 本质矩阵 recover_pose 内点数=598602 总匹配=598602 内点比=1.000
[15:15:30.692] [info] [Cam-Cam] 步骤: 本质矩阵恢复位姿完成 (内点 598602)
[15:15:30.692] [info] [CALC] 本质矩阵法完成 平移 T=[0.0257,0.0083,0.9996] 匹配数=598602
[15:15:30.692] [info] 本质矩阵法完成 T=[0.0257,0.0083,0.9996]
[15:15:39.455] [info] [Fine] 匹配点数: 598602, 执行 Bundle Adjustment
[15:15:39.455] [info] [Cam-Cam] 步骤: Bundle Adjustment 开始 (匹配点 598602)
[15:15:41.219] [info]   BA: n_valid=582814 Ceres Solver Report: Iterations: 4, Initial cost: 2.658934e+05, Final cost: 2.572468e+05, Termination: CONVERGENCE
[15:15:41.219] [info] [CALC] Cam-Cam BA Ceres n_valid=582814 initial_cost=265893.420313 final_cost=257246.831981 iter=4 converged=yes
[15:15:41.220] [info] [CALC] Cam-Cam BA 完成 有效点=582814 converged=yes residual_rms=0.6644px
[15:15:41.220] [info] [Cam-Cam] 步骤: Bundle Adjustment 完成 (有效点 582814 converged=yes rms=0.664px)
[15:15:41.376] [info] [Fine] 标定完成: RMS=0.664px converged=yes
[15:15:41.382] [info] [Fine-Auto/Cam-Cam] 结果已保存: ./results/camera_camera_extrinsic/cam_right_to_cam_left_extrinsic.yaml
[15:15:41.382] [info] [Fine-Auto/Cam-Cam] cam_right -> cam_left 完成, rms=0.6644 px
[15:15:41.382] [info] [Fine-Auto/Cam-Cam] Camera-Camera 标定完成: 1 对, 最大 RMS=0.664370 px
[15:15:41.419] [info] ━━━━━━━━━━━━━━━━━━━━━━━━━━━━━━━━━━━━━━━━━
[15:15:41.419] [info] ■ 结束阶段: [Fine-Auto] 任务: [cam_cam_extrin]
[15:15:41.419] [info]   结果: ✓ 成功 | 残差RMS: 0.6644 | 耗时: 48933 ms
[15:15:41.419] [info]   消息: Camera-Camera 标定完成: 1 对, 最大 RMS=0.664370 px
[15:15:41.419] [info] [CALC] 阶段结束 stage=Fine-Auto task=cam_cam_extrin success=true residual_rms=0.664370 elapsed_ms=48896.3 threshold=1.5000
[15:15:41.419] [info] ━━━━━━━━━━━━━━━━━━━━━━━━━━━━━━━━━━━━━━━━━
[15:15:41.419] [info] ====== Pipeline Report: pipeline_20260427_151452 ======
[15:15:41.419] [info]   Total time: 48896.3 ms
[15:15:41.419] [info]   All stages succeeded: YES
[15:15:41.419] [info]   标定质量: 各阶段 RMS 均在阈值内
[15:15:41.419] [info]   [Fine-Auto-cam_cam_extrin] success=true rms=0.6644 time=48896.3ms: Camera-Camera 标定完成: 1 对, 最大 RMS=0.664370 px

╔══════════════════════════════════════════════════════╗
║              标定参数汇总                            ║
╠══════════════════════════════════════════════════════╣
║ 外参:
║   cam_right->cam_left:
║     R(RPY°): [-2.03, 4.85, -0.57]
║     T(m):    [0.03, 0.01, 1.00]
║     时偏(s): 0.00
║     RMS:     0.66 ✓
╚══════════════════════════════════════════════════════╝

[15:15:41.419] [info] ================================
[15:15:41.420] [info] Pipeline report saved: ./results/pipeline_report_20260427_151452.yaml
[15:15:41.421] [info] ====== Pipeline Report: pipeline_20260427_151452 ======
[15:15:41.421] [info]   Total time: 48896.3 ms
[15:15:41.421] [info]   All stages succeeded: YES
[15:15:41.421] [info]   标定质量: 各阶段 RMS 均在阈值内
[15:15:41.421] [info]   [Fine-Auto-cam_cam_extrin] success=true rms=0.6644 time=48896.3ms: Camera-Camera 标定完成: 1 对, 最大 RMS=0.664370 px

╔══════════════════════════════════════════════════════╗
║              标定参数汇总                            ║
╠══════════════════════════════════════════════════════╣
║ 外参:
║   cam_right->cam_left:
║     R(RPY°): [-2.03, 4.85, -0.57]
║     T(m):    [0.03, 0.01, 1.00]
║     时偏(s): 0.00
║     RMS:     0.66 ✓
╚══════════════════════════════════════════════════════╝

[15:15:41.421] [info] ================================
[15:15:41.421] [info] Cam-Cam 标定完成 | 结果: ./results
