
 ╔═══════════════════════════════════════════════════════╗
 ║   UniCalib — LiDAR-Camera 外参标定                    ║
 ║   两阶段: AI粗标定(MIAS-LCEC) → 无目标边缘精标定      ║
 ║   手动校准: --manual 触发 6-DOF 交互式调整             ║
 ╚═══════════════════════════════════════════════════════╝

[2026-04-24 13:39:21.510] [info] [LiDAR-Camera] [:] ━━━━━━━━━━━━━━━━━━━━━━━━━━━━━━━━━━━━
[2026-04-24 13:39:21.510] [info] [LiDAR-Camera] [:] 配置文件: /root/calib_ws/calib_unified/config/unicalib_example.yaml
[2026-04-24 13:39:21.510] [info] [LiDAR-Camera] [:] 输出目录: /root/calib_ws/results
[2026-04-24 13:39:21.510] [info] [LiDAR-Camera] [:] 数据根目录: /root/calib_ws/data (--data-dir 或 CALIB_DATA_DIR)
[2026-04-24 13:39:21.510] [info] [LiDAR-Camera] [:] 精标定方法: edge (无目标优先=true)
[2026-04-24 13:39:21.510] [info] [LiDAR-Camera] [:] AI粗标定: true | 手动校准: true
[2026-04-24 13:39:21.510] [info] [LiDAR-Camera] [:] ━━━━━━━━━━━━━━━━━━━━━━━━━━━━━━━━━━━━
[2026-04-24 13:39:21.511] [info] [LiDAR-Camera] [:] 读取系统配置: /root/calib_ws/calib_unified/config/unicalib_example.yaml
[2026-04-24 13:39:21.512] [info] [LiDAR-Camera] [:]   IMU: 1, LiDAR: 1, Camera: 2
[2026-04-24 13:39:21.512] [info] [LiDAR-Camera] [:] ━━━━━━━━━━━━━━━━━━━━━━━━━━━━━━━━━━━━ [数据路径] ━━━━━━━━━━━━━━━━━━━━━━━━━━━━━
[2026-04-24 13:39:21.512] [info] [LiDAR-Camera] [:]   数据路径来源: 统一格式 (data.lidar.<id> / data.camera.<id>.images_dir)
[2026-04-24 13:39:21.512] [info] [LiDAR-Camera] [:]   配置原始值 — lidar:  (未设置)
[2026-04-24 13:39:21.512] [info] [LiDAR-Camera] [:]   配置原始值 — camera: (未设置)
[2026-04-24 13:39:21.512] [info] [LiDAR-Camera] [:]   base_data_dir:  /root/calib_ws/data
[2026-04-24 13:39:21.512] [info] [LiDAR-Camera] [:]   base 来源: 命令行 --data-dir
[2026-04-24 13:39:21.512] [info] [LiDAR-Camera] [:]   lidar_dir:      (未设置)
[2026-04-24 13:39:21.512] [info] [LiDAR-Camera] [:]   camera_dir:     (未设置)
[2026-04-24 13:39:21.512] [info] [LiDAR-Camera] [:]   【数据就绪】否 — 原因: 配置中未提供 LiDAR 或相机数据路径（请填写 data.lidar.<id> 与 data.camera.<id>.images_dir）
[2026-04-24 13:39:21.512] [info] [LiDAR-Camera] [:]   说明: 使用 --dataset 时请将 data.lidar/data.camera 设为相对 base 的路径（如 pcd、images），不要使用 /path/to/... 占位符
[2026-04-24 13:39:21.512] [info] [LiDAR-Camera] [:] ━━━━━━━━━━━━━━━━━━━━━━━━━━━━━━━━━━━━━━━━━━━━━━━━━━━━━━━━━━━━━━━━━━━━━━━━━━━━
[2026-04-24 13:39:21.512] [info] [LiDAR-Camera] [:] [LiDAR-Cam] use_config_extrinsic_only=true：跳过 AI 粗标定，将使用配置 initial_extrinsic 直接进入精标定/手动微调
[2026-04-24 13:39:21.512] [info] [LiDAR-Camera] [:] 读取系统配置: /root/calib_ws/calib_unified/config/unicalib_example.yaml
[2026-04-24 13:39:21.513] [info] [LiDAR-Camera] [:]   IMU: 1, LiDAR: 1, Camera: 2
[2026-04-24 13:39:21.513] [info] [LiDAR-Camera] [:] 读取系统配置: /root/calib_ws/calib_unified/config/unicalib_example.yaml
[2026-04-24 13:39:21.514] [info] [LiDAR-Camera] [:]   IMU: 1, LiDAR: 1, Camera: 2
[2026-04-24 13:39:21.514] [info] [LiDAR-Camera] [:] 配置: 使用 ROS2 bag 模式（离线标定）
[2026-04-24 13:39:21.514] [info] [LiDAR-Camera] [:]   Bag 路径: /root/calib_ws/data/ntu_day_02/ntu_merged
[2026-04-24 13:39:21.514] [info] [LiDAR-Camera] [:]   LiDAR 话题: /os_cloud_node/points
[2026-04-24 13:39:21.514] [info] [LiDAR-Camera] [:]   相机话题: /d435i/color/image_raw
[2026-04-24 13:39:21.514] [info] [LiDAR-Camera] [:]   IMU 话题: /vn100/imu
[2026-04-24 13:39:21.514] [info] [LiDAR-Camera] [:] [数据源] 类型=ROS2_BAG  path=/root/calib_ws/data/ntu_day_02/ntu_merged  lidar_topic=/os_cloud_node/points  camera_topic=/d435i/color/image_raw
[2026-04-24 13:39:21.514] [info] [LiDAR-Camera] [:]   内参将从相机标定结果读取: ./results/camera_intrinsic/camera_intrinsic_cam_left.yaml (camera_id=cam_left)
[2026-04-24 13:39:21.514] [info] [LiDAR-Camera] [:] [CalibPipeline] 初始化 ID=pipeline_20260424_133921
[2026-04-24 13:39:21.514] [info] [LiDAR-Camera] [:] [CalibPipeline] 输出目录: ./results
[2026-04-24 13:39:21.514] [info] [LiDAR-Camera] [:] [CalibPipeline] 无目标优先: true
[2026-04-24 13:39:21.514] [info] [LiDAR-Camera] [:] [CalibPipeline] 任务掩码: 0x10
[2026-04-24 13:39:21.514] [info] [LiDAR-Camera] [:] ▶ Stage 2: 精标定 (方法=edge)
[2026-04-24 13:39:21.514] [warning] [LiDAR-Camera] [:] 数据路径未就绪，当前运行将仅执行流水线占位阶段，不进行实际标定优化。详见上方【数据就绪】原因。
[2026-04-24 13:39:21.514] [info] [LiDAR-Camera] [:] ▶ Stage 3: 手动校准 (manual_threshold=2.00px)
[2026-04-24 13:39:21.514] [info] [LiDAR-Camera] [:]   使用 ManualCalibSession 进行 6-DOF 交互式调整
[2026-04-24 13:39:21.514] [info] [LiDAR-Camera] [:]   调用示例:
[2026-04-24 13:39:21.514] [info] [LiDAR-Camera] [:]     ManualCalibSession::SessionConfig sess_cfg;
[2026-04-24 13:39:21.514] [info] [LiDAR-Camera] [:]     sess_cfg.save_dir = "./results/manual_sessions";
[2026-04-24 13:39:21.514] [info] [LiDAR-Camera] [:]     ManualCalibSession session(sess_cfg);
[2026-04-24 13:39:21.514] [info] [LiDAR-Camera] [:]     auto result = session.run_lidar_cam(scan, image, intrin, auto_result, auto_rms);
[2026-04-24 13:39:21.514] [info] [LiDAR-Camera] [:] 
[2026-04-24 13:39:21.514] [info] [LiDAR-Camera] [:] ╔═══════════════════════════════════════════════╗
[2026-04-24 13:39:21.514] [info] [LiDAR-Camera] [:] ║   UniCalib 两阶段标定流水线 — 开始            ║
[2026-04-24 13:39:21.514] [info] [LiDAR-Camera] [:] ║   Pipeline ID: pipeline_20260424_133921       ║
[2026-04-24 13:39:21.514] [info] [LiDAR-Camera] [:] ╚═══════════════════════════════════════════════╝
[2026-04-24 13:39:21.514] [info] [LiDAR-Camera] [:] [Coarse-AI/LiDAR-Cam] enable_coarse_lidar_cam=true → do_coarse=true
[13:39:21.514] [info] 
[13:39:21.514] [info] ━━━━━━━━━━━━━━━━━━━━━━━━━━━━━━━━━━━━━━━━━
[13:39:21.514] [info] ▶ 开始阶段: [Coarse-AI] 任务: [lidar_cam_extrin]
[13:39:21.514] [info]   描述: AI模型提供初始估计值
[13:39:21.514] [info] ━━━━━━━━━━━━━━━━━━━━━━━━━━━━━━━━━━━━━━━━━
[13:39:21.514] [info] [CALC] 粗标定阶段开始 task=lidar_cam_extrin
[13:39:21.514] [info] [Coarse-AI/LiDAR-Cam] 使用配置粗标定初值作为粗标定结果 t=[0.000,-0.070,-0.360]m，精标定将以此起步
[13:39:21.514] [info] ━━━━━━━━━━━━━━━━━━━━━━━━━━━━━━━━━━━━━━━━━
[13:39:21.514] [info] ■ 结束阶段: [Coarse-AI] 任务: [lidar_cam_extrin]
[13:39:21.514] [info]   结果: ✓ 成功 | 残差RMS: 0.0000 | 耗时: 0 ms
[13:39:21.514] [info]   消息: 使用配置 initial_extrinsic 作为粗标定结果，精标定将以此起步
[13:39:21.514] [info] [CALC] 阶段结束 stage=Coarse-AI task=lidar_cam_extrin success=true residual_rms=0.000000 elapsed_ms=0.0 threshold=-1.0000
[13:39:21.514] [info] ━━━━━━━━━━━━━━━━━━━━━━━━━━━━━━━━━━━━━━━━━
[13:39:21.514] [info] 
[13:39:21.514] [info] ━━━━━━━━━━━━━━━━━━━━━━━━━━━━━━━━━━━━━━━━━
[13:39:21.514] [info] ▶ 开始阶段: [Fine-Auto] 任务: [lidar_cam_extrin]
[13:39:21.514] [info]   描述: 无目标优化
[13:39:21.514] [info] ━━━━━━━━━━━━━━━━━━━━━━━━━━━━━━━━━━━━━━━━━
[13:39:21.514] [info] [CALC] 精标定阶段开始 task=lidar_cam_extrin
[13:39:21.514] [info] [Fine-Auto] 任务: lidar_cam_extrin | 无目标优先: true
[13:39:21.514] [info] [Fine-Auto] 方法: 边缘对齐互信息 (EDGE_ALIGNMENT, 无目标)
[13:39:21.514] [info] [STAGE=lidar_cam_fine_auto] LiDAR-Camera 精标定 开始
[13:39:21.514] [info] [Fine-Auto/LiDAR-Cam] 开始执行精标定...
[13:39:21.514] [info]   [精标定数据源] 类型=ROS2_BAG  lidar_id=lidar_front
[13:39:21.514] [info]   ROS2 Bag: /root/calib_ws/data/ntu_day_02/ntu_merged  LiDAR 话题: /os_cloud_node/points  相机话题: /d435i/color/image_raw
[13:39:21.514] [info] [Fine-Auto/LiDAR-Cam] 从 ROS2 加载数据...
[13:39:21.514] [info] [UnifiedDataLoader] 从 ROS2 加载数据...
[13:39:21.514] [info]   Bag 文件: /root/calib_ws/data/ntu_day_02/ntu_merged
[13:39:21.514] [info]   实时模式: false
[13:39:21.514] [info] [Ros2BagDataSource] 打开 bag 文件: /root/calib_ws/data/ntu_day_02/ntu_merged
[13:39:21.514] [info] [Ros2BagDataSource] 正在读取 metadata.yaml: /root/calib_ws/data/ntu_day_02/ntu_merged/metadata.yaml
[13:39:21.515] [debug] [Ros2BagDataSource] 找到话题: /d455b/imu (类型: sensor_msgs/msg/Imu, 消息数: 91566)
[13:39:21.515] [debug] [Ros2BagDataSource] 找到话题: /d435i/imu (类型: sensor_msgs/msg/Imu, 消息数: 91482)
[13:39:21.515] [debug] [Ros2BagDataSource] 找到话题: /vn100/imu (类型: sensor_msgs/msg/Imu, 消息数: 90881)
[13:39:21.515] [debug] [Ros2BagDataSource] 找到话题: /d455b/color/image_raw (类型: sensor_msgs/msg/Image, 消息数: 6862)
[13:39:21.515] [debug] [Ros2BagDataSource] 找到话题: /d435i/color/image_raw (类型: sensor_msgs/msg/Image, 消息数: 6861)
[13:39:21.515] [debug] [Ros2BagDataSource] 找到话题: /os_cloud_node/points (类型: sensor_msgs/msg/PointCloud2, 消息数: 2288)
[13:39:21.515] [info] [Ros2BagDataSource] 使用配置的 LiDAR 话题: /os_cloud_node/points
[13:39:21.515] [info] [Ros2BagDataSource] 使用配置的相机话题: /d435i/color/image_raw
[13:39:21.515] [info] [Ros2BagDataSource] 使用配置的 IMU 话题: /vn100/imu
[INFO] [1777009161.518973312] [rosbag2_storage]: Opened database '/root/calib_ws/data/ntu_day_02/ntu_merged/ntu_merged.db3' for READ_ONLY.
[13:39:21.518] [info] [Ros2BagDataSource] Bag 已打开，开始读取消息...
[13:39:21.518] [info] [Ros2BagDataSource] 找到 6 个话题
[13:39:21.518] [info] [Ros2BagDataSource]  话题: /d455b/imu  类型: sensor_msgs/msg/Imu  消息数: 91566
[13:39:21.518] [info] [Ros2BagDataSource]  话题: /d435i/imu  类型: sensor_msgs/msg/Imu  消息数: 91482
[13:39:21.519] [info] [Ros2BagDataSource]  话题: /vn100/imu  类型: sensor_msgs/msg/Imu  消息数: 90881
[13:39:21.519] [info] [Ros2BagDataSource]  话题: /d455b/color/image_raw  类型: sensor_msgs/msg/Image  消息数: 6862
[13:39:21.519] [info] [Ros2BagDataSource]  话题: /d435i/color/image_raw  类型: sensor_msgs/msg/Image  消息数: 6861
[13:39:21.519] [info] [Ros2BagDataSource]  话题: /os_cloud_node/points  类型: sensor_msgs/msg/PointCloud2  消息数: 2288
[13:39:21.519] [info] [Ros2BagDataSource] 将加载 bag 内所有 IMU / LiDAR / 相机话题，加载后可通过 sensor_id 或话题名选择使用
[13:39:24.767] [debug]   收集 IMU [/d435i/imu] 帧数: 5000
[13:39:24.782] [debug]   收集 IMU [/d455b/imu] 帧数: 5000
[13:39:24.813] [debug]   收集 IMU [/vn100/imu] 帧数: 5000
[13:39:25.785] [debug]   收集相机 [/d455b/color/image_raw] 帧数: 500
[13:39:25.786] [debug]   收集相机 [/d435i/color/image_raw] 帧数: 500
[13:39:27.582] [debug]   收集 IMU [/d435i/imu] 帧数: 10000
[13:39:27.582] [debug]   收集 IMU [/d455b/imu] 帧数: 10000
[13:39:27.627] [debug]   收集 IMU [/vn100/imu] 帧数: 10000
[13:39:29.422] [debug]   收集相机 [/d455b/color/image_raw] 帧数: 1000
[13:39:29.424] [debug]   收集相机 [/d435i/color/image_raw] 帧数: 1000
[13:39:30.344] [debug]   收集 IMU [/d455b/imu] 帧数: 15000
[13:39:30.358] [debug]   收集 IMU [/d435i/imu] 帧数: 15000
[13:39:30.431] [debug]   收集 IMU [/vn100/imu] 帧数: 15000
[13:39:33.100] [debug]   收集 IMU [/d455b/imu] 帧数: 20000
[13:39:33.110] [debug]   收集 LiDAR [/os_cloud_node/points] 帧数: 500
[13:39:33.112] [debug]   收集相机 [/d455b/color/image_raw] 帧数: 1500
[13:39:33.114] [debug]   收集相机 [/d435i/color/image_raw] 帧数: 1500
[13:39:33.114] [debug]   收集 IMU [/d435i/imu] 帧数: 20000
[13:39:33.186] [debug]   收集 IMU [/vn100/imu] 帧数: 20000
[13:39:35.768] [debug]   收集 IMU [/d455b/imu] 帧数: 25000
[13:39:35.782] [debug]   收集 IMU [/d435i/imu] 帧数: 25000
[13:39:35.875] [debug]   收集 IMU [/vn100/imu] 帧数: 25000
[13:39:36.666] [debug]   收集相机 [/d455b/color/image_raw] 帧数: 2000
[13:39:36.668] [debug]   收集相机 [/d435i/color/image_raw] 帧数: 2000
[13:39:38.480] [debug]   收集 IMU [/d455b/imu] 帧数: 30000
[13:39:38.496] [debug]   收集 IMU [/d435i/imu] 帧数: 30000
[13:39:38.605] [debug]   收集 IMU [/vn100/imu] 帧数: 30000
[13:39:40.271] [debug]   收集相机 [/d455b/color/image_raw] 帧数: 2500
[13:39:40.273] [debug]   收集相机 [/d435i/color/image_raw] 帧数: 2500
[13:39:41.273] [debug]   收集 IMU [/d455b/imu] 帧数: 35000
[13:39:41.300] [debug]   收集 IMU [/d435i/imu] 帧数: 35000
[13:39:41.464] [debug]   收集 IMU [/vn100/imu] 帧数: 35000
[13:39:44.877] [debug]   收集 IMU [/d455b/imu] 帧数: 40000
[13:39:44.889] [debug]   收集 LiDAR [/os_cloud_node/points] 帧数: 1000
[13:39:44.894] [debug]   收集相机 [/d455b/color/image_raw] 帧数: 3000
[13:39:44.896] [debug]   收集相机 [/d435i/color/image_raw] 帧数: 3000
[13:39:44.896] [debug]   收集 IMU [/d435i/imu] 帧数: 40000
[13:39:45.098] [debug]   收集 IMU [/vn100/imu] 帧数: 40000
[13:39:48.595] [debug]   收集 IMU [/d455b/imu] 帧数: 45000
[13:39:48.615] [debug]   收集 IMU [/d435i/imu] 帧数: 45000
[13:39:48.821] [debug]   收集 IMU [/vn100/imu] 帧数: 45000
[13:39:49.824] [debug]   收集相机 [/d455b/color/image_raw] 帧数: 3500
[13:39:49.826] [debug]   收集相机 [/d435i/color/image_raw] 帧数: 3500
[13:39:51.984] [debug]   收集 IMU [/d455b/imu] 帧数: 50000
[13:39:52.005] [debug]   收集 IMU [/d435i/imu] 帧数: 50000
[13:39:52.174] [debug]   收集 IMU [/vn100/imu] 帧数: 50000
[13:39:53.813] [debug]   收集相机 [/d455b/color/image_raw] 帧数: 4000
[13:39:53.825] [debug]   收集相机 [/d435i/color/image_raw] 帧数: 4000
[13:39:54.714] [debug]   收集 IMU [/d455b/imu] 帧数: 55000
[13:39:54.737] [debug]   收集 IMU [/d435i/imu] 帧数: 55000
[13:39:54.918] [debug]   收集 IMU [/vn100/imu] 帧数: 55000
[13:39:57.390] [debug]   收集 IMU [/d455b/imu] 帧数: 60000
[13:39:57.404] [debug]   收集 LiDAR [/os_cloud_node/points] 帧数: 1500
[13:39:57.415] [debug]   收集相机 [/d455b/color/image_raw] 帧数: 4500
[13:39:57.418] [debug]   收集相机 [/d435i/color/image_raw] 帧数: 4500
[13:39:57.418] [debug]   收集 IMU [/d435i/imu] 帧数: 60000
[13:39:57.641] [debug]   收集 IMU [/vn100/imu] 帧数: 60000
[13:40:00.041] [debug]   收集 IMU [/d455b/imu] 帧数: 65000
[13:40:00.081] [debug]   收集 IMU [/d435i/imu] 帧数: 65000
[13:40:00.330] [debug]   收集 IMU [/vn100/imu] 帧数: 65000
[13:40:01.072] [debug]   收集相机 [/d455b/color/image_raw] 帧数: 5000
[13:40:01.074] [debug]   收集相机 [/d435i/color/image_raw] 帧数: 5000
[13:40:02.815] [debug]   收集 IMU [/d455b/imu] 帧数: 70000
[13:40:02.851] [debug]   收集 IMU [/d435i/imu] 帧数: 70000
[13:40:03.113] [debug]   收集 IMU [/vn100/imu] 帧数: 70000
[13:40:04.692] [debug]   收集相机 [/d455b/color/image_raw] 帧数: 5500
[13:40:04.694] [debug]   收集相机 [/d435i/color/image_raw] 帧数: 5500
[13:40:06.192] [debug]   收集 IMU [/d455b/imu] 帧数: 75000
[13:40:06.264] [debug]   收集 IMU [/d435i/imu] 帧数: 75000
[13:40:06.746] [debug]   收集 IMU [/vn100/imu] 帧数: 75000
[13:40:17.120] [debug]   收集 IMU [/d455b/imu] 帧数: 80000
[13:40:17.379] [debug]   收集 LiDAR [/os_cloud_node/points] 帧数: 2000
[13:40:17.612] [debug]   收集相机 [/d455b/color/image_raw] 帧数: 6000
[13:40:17.778] [debug]   收集相机 [/d435i/color/image_raw] 帧数: 6000
[13:40:17.962] [debug]   收集 IMU [/d435i/imu] 帧数: 80000
[13:40:19.813] [debug]   收集 IMU [/vn100/imu] 帧数: 80000
[13:40:22.465] [debug]   收集 IMU [/d455b/imu] 帧数: 85000
[13:40:22.540] [debug]   收集 IMU [/d435i/imu] 帧数: 85000
[13:40:22.853] [debug]   收集 IMU [/vn100/imu] 帧数: 85000
[13:40:23.528] [debug]   收集相机 [/d455b/color/image_raw] 帧数: 6500
[13:40:23.545] [debug]   收集相机 [/d435i/color/image_raw] 帧数: 6500
[13:40:25.641] [debug]   收集 IMU [/d455b/imu] 帧数: 90000
[13:40:25.691] [debug]   收集 IMU [/d435i/imu] 帧数: 90000
[13:40:26.039] [debug]   收集 IMU [/vn100/imu] 帧数: 90000
[13:40:26.610] [info] [Ros2BagDataSource] 加载完成 (所有话题按话题名存储，可通过 sensor_id 或话题名选择):
[13:40:26.610] [info]   LiDAR [/os_cloud_node/points]: 2288 帧
[13:40:26.610] [info]   相机 [/d435i/color/image_raw]: 6861 帧
[13:40:26.610] [info]   相机 [/d455b/color/image_raw]: 6862 帧
[13:40:26.610] [info]   IMU [/d435i/imu]: 91482 帧
[13:40:26.610] [info]   IMU [/d455b/imu]: 91566 帧
[13:40:26.610] [info]   IMU [/vn100/imu]: 90881 帧
[13:40:26.610] [info]   选用 LiDAR  lidar_front -> /os_cloud_node/points
[13:40:26.610] [info]   选用 相机  cam_left -> /d435i/color/image_raw
[13:40:26.610] [info]   选用 IMU    imu_0 -> /vn100/imu
[13:40:26.610] [info]   时间范围: 1644824096.333 - 1644824325.224 秒
[13:40:26.611] [info] [Ros2BagDataSource] 应用采样/帧数限制...
[13:40:26.721] [info]   LiDAR /os_cloud_node/points 采样后: 800 帧
[13:40:27.138] [info]   相机 /d435i/color/image_raw 采样后: 800 帧
[13:40:27.211] [info]   相机 /d455b/color/image_raw 采样后: 800 帧
[13:40:27.216] [info] [Fine-Auto/LiDAR-Cam] LiDAR 加载完成: 800 帧 (将按相机逐路取帧)
[13:40:27.218] [info] 读取相机内参: ./results/camera_intrinsic/camera_intrinsic_cam_left.yaml
[13:40:27.221] [info]   fx=425.03 fy=426.80 cx=386.02 cy=241.91 dist=4
[13:40:27.221] [info] [Fine-Auto/LiDAR-Cam] 步骤: LiDAR-Camera 标定 相机=cam_left (方法: 边缘对齐)
[13:40:27.225] [info] [CalibVisualizer] 初始化完成
[13:40:27.225] [info] [Fine-Auto/LiDAR-Cam] 可视化已启用：仅标定结束后显示一帧「图像+点云投影」叠加，不创建 3D 窗口、不泵送其他帧
[13:40:27.225] [info] [Fine-Auto/LiDAR-Cam] 使用粗标定初值 t=[0.000,-0.070,-0.360]m
[13:40:27.231] [info] [Fine-Auto] 结果已保存: ./results/lidar_cam_cam_left_extrinsic.yaml
[13:40:27.231] [info] [Viz] 即将生成投影图并保存到 ./results/lidar_cam_cam_left_projection.png
[13:40:27.278] [info] 投影可视化保存: ./results/lidar_cam_cam_left_projection.png
[13:40:27.278] [info] [Viz] 投影图已保存（仅使用配置初值，未做精标定）
[13:40:27.278] [info] [Fine-Auto/LiDAR-Cam] 相机 cam_left 已使用配置初值跳过精标定，直接供手动微调
[13:40:27.285] [info] [Viz/Display] 即将关闭可视化窗口 原因=用户关闭或流程结束 pangolin_running=false
[13:40:27.303] [info] [Fine-Auto/LiDAR-Cam] 精标定完成: 1 个相机  最大 RMS=0.0000 px
[13:40:27.303] [info] [STAGE=lidar_cam_fine_auto] LiDAR-Camera 精标定 完成
[13:40:27.303] [info] [Fine-Auto/LiDAR-Cam] RMS 阈值=2.00 px  最大 RMS=0.0000 px  在阈值内
[13:40:27.418] [info] ━━━━━━━━━━━━━━━━━━━━━━━━━━━━━━━━━━━━━━━━━
[13:40:27.418] [info] ■ 结束阶段: [Fine-Auto] 任务: [lidar_cam_extrin]
[13:40:27.418] [info]   结果: ✓ 成功 | 残差RMS: 0.0000 | 耗时: 65903 ms
[13:40:27.418] [info]   消息: LiDAR-Camera 精标定完成: 1 个相机, 最大 RMS=0.000000 px
[13:40:27.418] [info] [CALC] 阶段结束 stage=Fine-Auto task=lidar_cam_extrin success=true residual_rms=0.000000 elapsed_ms=65787.7 threshold=2.0000
[13:40:27.418] [info] ━━━━━━━━━━━━━━━━━━━━━━━━━━━━━━━━━━━━━━━━━
[13:40:27.419] [info] [Pipeline] 用户已启用手动校准 (--manual), 进入 6-DOF 调整
[13:40:27.419] [info] 
[13:40:27.419] [info] ━━━━━━━━━━━━━━━━━━━━━━━━━━━━━━━━━━━━━━━━━
[13:40:27.419] [info] ▶ 开始阶段: [Manual-Refine] 任务: [lidar_cam_extrin]
[13:40:27.419] [info]   描述: 手动校准: 6-DOF 交互式调整
[13:40:27.419] [info] ━━━━━━━━━━━━━━━━━━━━━━━━━━━━━━━━━━━━━━━━━
[13:40:27.419] [info] [Manual-Refine] 任务: lidar_cam_extrin
[13:40:27.419] [info] [Manual-Refine] 操作说明: Q/A Roll  W/S Pitch  E/D Yaw  R/F Tx  T/G Ty  Y/H Tz  U Undo  Enter 接受  Esc 取消
[13:40:27.419] [info] [ManualSession] 会话ID: session_2026-04-24_13-40-27
[13:40:27.419] [info] [ManualSession] 保存目录: ./results/manual_sessions
[13:40:27.419] [info] [Manual-Refine] 已打开 6-DOF 可视化调整窗口，请在本窗口内按键微调后 Enter 接受或 Esc 取消
[13:40:27.419] [info] [Manual-Refine] LiDAR-Camera 手动调整仅使用首帧匹配数据（第 0 帧点云 + 第 0 帧图像）
[13:40:27.419] [info] [ManualSession] 启动 LiDAR-Camera 手动校准
[13:40:27.419] [info] [ManualSession] 自动标定 RMS: 0.0000 px (阈值建议 < 2.0px)
[13:40:27.419] [debug] [ManualSession] 事件: lidar_cam_start | auto_rms=0.000000
[13:40:27.420] [info] [ManualAdjust] 初始外参:
[13:40:27.420] [info] [ManualAdjust] 当前外参 [lidar_front→cam_left]:
[13:40:27.420] [info]   旋转 RPY: (-32.2501, -83.1200, 122.5401) deg
[13:40:27.420] [info]   平移 XYZ: (0.0000, -0.0700, -0.3600) m
[13:40:27.420] [info] [ManualSession] ===== 手动校准操作说明 =====
[13:40:27.420] [info]   Q/A: Roll ±0.1deg   W/S: Pitch ±0.1deg   E/D: Yaw ±0.1deg
[13:40:27.420] [info]   R/F: Tx ±0.5cm   T/G: Ty ±0.5cm   Y/H: Tz ±0.5cm
[13:40:27.420] [info]   Shift+键: 10倍步长
[13:40:27.420] [info]   P: 进入点击精化模式  U: 撤销  Z: 重做
[13:40:27.420] [info]   S: 保存  ESC: 接受并退出
[13:40:27.420] [info]   点云投影质量越高 (边缘对齐越好) 表示标定越准确
[13:40:27.441] [info] [ManualAdjust] 结果已保存: ./results/lidar_camera_extrinsic/manual_extrinsic_20260424_134027_initial.yaml
[13:40:27.441] [info] [ManualCalib] 交互窗口启动前已自动保存初始状态快照（备用）:
[13:40:27.441] [info]   - 投影图: ./results/lidar_camera_extrinsic/manual_projection_20260424_134027_initial.png
[13:40:27.441] [info]   - 点云:   ./results/lidar_camera_extrinsic/manual_cloud_20260424_134027_initial.pcd
[13:40:27.441] [info]   - 外参:   ./results/lidar_camera_extrinsic/manual_extrinsic_20260424_134027_initial.yaml

(unicalib_lidar_camera:144): dbind-WARNING **: 13:40:27.473: Couldn't connect to accessibility bus: Failed to connect to socket /run/user/1000/at-spi/bus_1: No such file or directory
[13:40:27.516] [info] [ManualCalib] 3D 点云窗口已禁用（避免 VTK 闪退），请在 2D 投影窗口进行微调。按下 'S' 键可手动保存当前微调结果图片和点云。
[13:40:27.516] [info] [ManualCalib] 初始位姿 T_lidar_to_cam:
[13:40:27.516] [info]   - Translation: 0.0000, -0.0700, -0.3600
[13:40:27.516] [info]   - RPY (deg):   84.1854, 0.1023, 93.6944
[13:40:54.294] [info] [ManualAdjust] 结果已保存: ./results/lidar_camera_extrinsic/manual_extrinsic_20260424_134054_final.yaml
[13:40:54.294] [info] [ManualCalib] 最终微调结果已自动保存:
[13:40:54.294] [info]   - 投影图: ./results/lidar_camera_extrinsic/manual_projection_20260424_134054_final.png
[13:40:54.294] [info]   - 点云:   ./results/lidar_camera_extrinsic/manual_cloud_20260424_134054_final.pcd
[13:40:54.294] [info]   - 外参:   ./results/lidar_camera_extrinsic/manual_extrinsic_20260424_134054_final.yaml
[13:40:54.294] [info] [ManualSession] 用户接受手动调整结果
[13:40:54.294] [info] [ManualSession] Cam-Cam 最终采用外参 RMS=0.000000 (manual if available, else auto=0.000000)
[13:40:54.294] [debug] [ManualSession] 事件: lidar_cam_end | final_rms=0.000000
[13:40:54.294] [info] [ManualSession] 会话已保存: ./results/manual_sessions/session_2026-04-24_13-40-27.yaml
[13:40:54.294] [info] ━━━━━━━━━━━━━━━━━━━━━━━━━━━━━━━━━━━━━━━━━
[13:40:54.294] [info] ■ 结束阶段: [Manual-Refine] 任务: [lidar_cam_extrin]
[13:40:54.294] [info]   结果: ✓ 成功 | 残差RMS: 0.0000 | 耗时: 26875 ms
[13:40:54.294] [info]   消息: LiDAR-Camera 手动调整完成
[13:40:54.294] [info] [CALC] 阶段结束 stage=Manual-Refine task=lidar_cam_extrin success=true residual_rms=0.000000 elapsed_ms=26875.0 threshold=-1.0000
[13:40:54.294] [info] ━━━━━━━━━━━━━━━━━━━━━━━━━━━━━━━━━━━━━━━━━
[13:40:54.294] [info] ====== Pipeline Report: pipeline_20260424_133921 ======
[13:40:54.294] [info]   Total time: 92662.7 ms
[13:40:54.294] [info]   All stages succeeded: YES
[13:40:54.294] [info]   标定质量: 各阶段 RMS 均在阈值内
[13:40:54.294] [info]   [Coarse-AI-lidar_cam_extrin] success=true rms=0.0000 time=0.0ms: 使用配置 initial_extrinsic 作为粗标定结果，精标定将以此起步
[13:40:54.294] [info]   [Fine-Auto-lidar_cam_extrin] success=true rms=0.0000 time=65787.7ms: LiDAR-Camera 精标定完成: 1 个相机, 最大 RMS=0.000000 px
[13:40:54.294] [info]   [Manual-Refine-lidar_cam_extrin] success=true rms=0.0000 time=26875.0ms: LiDAR-Camera 手动调整完成

╔══════════════════════════════════════════════════════╗
║              标定参数汇总                            ║
╠══════════════════════════════════════════════════════╣
║ 外参:
║   lidar_front->cam_left:
║     R(RPY°): [-32.25, -83.12, 122.54]
║     T(m):    [0.00, -0.07, -0.36]
║     时偏(s): 0.00
║     RMS:     0.00 ✗
╚══════════════════════════════════════════════════════╝

[13:40:54.294] [info] ================================
[13:40:54.295] [info] Pipeline report saved: ./results/pipeline_report_20260424_133921.yaml
[13:40:54.295] [info] ====== Pipeline Report: pipeline_20260424_133921 ======
[13:40:54.295] [info]   Total time: 92662.7 ms
[13:40:54.295] [info]   All stages succeeded: YES
[13:40:54.295] [info]   标定质量: 各阶段 RMS 均在阈值内
[13:40:54.295] [info]   [Coarse-AI-lidar_cam_extrin] success=true rms=0.0000 time=0.0ms: 使用配置 initial_extrinsic 作为粗标定结果，精标定将以此起步
[13:40:54.295] [info]   [Fine-Auto-lidar_cam_extrin] success=true rms=0.0000 time=65787.7ms: LiDAR-Camera 精标定完成: 1 个相机, 最大 RMS=0.000000 px
[13:40:54.295] [info]   [Manual-Refine-lidar_cam_extrin] success=true rms=0.0000 time=26875.0ms: LiDAR-Camera 手动调整完成

╔══════════════════════════════════════════════════════╗
║              标定参数汇总                            ║
╠══════════════════════════════════════════════════════╣
║ 外参:
║   lidar_front->cam_left:
║     R(RPY°): [-32.25, -83.12, 122.54]
║     T(m):    [0.00, -0.07, -0.36]
║     时偏(s): 0.00
║     RMS:     0.00 ✗
╚══════════════════════════════════════════════════════╝

[13:40:54.295] [info] ================================
[13:40:54.295] [info] ━━━━━━━━━━━━━━━━━━━━━━━━━━━━━━━━━━━━
[13:40:54.295] [info] LiDAR-Camera 标定流程完成
[13:40:54.295] [info] 结果目录: ./results
[13:40:54.295] [info] 标定流程正常退出 exit_code=0
[13:40:54.295] [info] ━━━━━━━━━━━━━━━━━━━━━━━━━━━━━━━━━━━━
