
 ╔═══════════════════════════════════════════════════════╗
 ║   UniCalib — LiDAR-Camera 外参标定                    ║
 ║   两阶段: AI粗标定(MIAS-LCEC) → 无目标边缘精标定      ║
 ║   手动校准: --manual 触发 6-DOF 交互式调整             ║
 ╚═══════════════════════════════════════════════════════╝

[2026-04-22 14:12:29.596] [info] [LiDAR-Camera] [:] ━━━━━━━━━━━━━━━━━━━━━━━━━━━━━━━━━━━━
[2026-04-22 14:12:29.596] [info] [LiDAR-Camera] [:] 配置文件: /root/calib_ws/calib_unified/config/unicalib_example.yaml
[2026-04-22 14:12:29.596] [info] [LiDAR-Camera] [:] 输出目录: /root/calib_ws/results
[2026-04-22 14:12:29.596] [info] [LiDAR-Camera] [:] 数据根目录: /root/calib_ws/data (--data-dir 或 CALIB_DATA_DIR)
[2026-04-22 14:12:29.596] [info] [LiDAR-Camera] [:] 精标定方法: edge (无目标优先=true)
[2026-04-22 14:12:29.596] [info] [LiDAR-Camera] [:] AI粗标定: true | 手动校准: true
[2026-04-22 14:12:29.596] [info] [LiDAR-Camera] [:] ━━━━━━━━━━━━━━━━━━━━━━━━━━━━━━━━━━━━
[2026-04-22 14:12:29.597] [info] [LiDAR-Camera] [:] 读取系统配置: /root/calib_ws/calib_unified/config/unicalib_example.yaml
[2026-04-22 14:12:29.598] [info] [LiDAR-Camera] [:]   IMU: 1, LiDAR: 1, Camera: 2
[2026-04-22 14:12:29.598] [info] [LiDAR-Camera] [:] ━━━━━━━━━━━━━━━━━━━━━━━━━━━━━━━━━━━━ [数据路径] ━━━━━━━━━━━━━━━━━━━━━━━━━━━━━
[2026-04-22 14:12:29.598] [info] [LiDAR-Camera] [:]   数据路径来源: 统一格式 (data.lidar.<id> / data.camera.<id>.images_dir)
[2026-04-22 14:12:29.598] [info] [LiDAR-Camera] [:]   配置原始值 — lidar:  nya_02_slam_imu_to_lidar/lidar_horz.yaml
[2026-04-22 14:12:29.598] [info] [LiDAR-Camera] [:]   配置原始值 — camera: lidar_camera_calibration-master/calibration_data/camera_calibration
[2026-04-22 14:12:29.598] [info] [LiDAR-Camera] [:]   base_data_dir:  /root/calib_ws/data
[2026-04-22 14:12:29.598] [info] [LiDAR-Camera] [:]   base 来源: 命令行 --data-dir
[2026-04-22 14:12:29.598] [info] [LiDAR-Camera] [:]   lidar_dir:      /root/calib_ws/data/nya_02_slam_imu_to_lidar/lidar_horz.yaml
[2026-04-22 14:12:29.598] [info] [LiDAR-Camera] [:]     → 相对路径，已与 base 拼接
[2026-04-22 14:12:29.598] [info] [LiDAR-Camera] [:]     → 存在: 是
[2026-04-22 14:12:29.598] [info] [LiDAR-Camera] [:]   camera_dir:     /root/calib_ws/data/lidar_camera_calibration-master/calibration_data/camera_calibration
[2026-04-22 14:12:29.598] [info] [LiDAR-Camera] [:]     → 相对路径，已与 base 拼接
[2026-04-22 14:12:29.598] [info] [LiDAR-Camera] [:]     → 存在: 是
[2026-04-22 14:12:29.598] [info] [LiDAR-Camera] [:]   【数据就绪】是 — 点云与图像目录均存在，将执行精标定
[2026-04-22 14:12:29.598] [info] [LiDAR-Camera] [:]   说明: 使用 --dataset 时请将 data.lidar/data.camera 设为相对 base 的路径（如 pcd、images），不要使用 /path/to/... 占位符
[2026-04-22 14:12:29.598] [info] [LiDAR-Camera] [:] ━━━━━━━━━━━━━━━━━━━━━━━━━━━━━━━━━━━━━━━━━━━━━━━━━━━━━━━━━━━━━━━━━━━━━━━━━━━━
[2026-04-22 14:12:29.598] [info] [LiDAR-Camera] [:] [LiDAR-Cam] use_config_extrinsic_only=true：跳过 AI 粗标定，将使用配置 initial_extrinsic 直接进入精标定/手动微调
[2026-04-22 14:12:29.598] [info] [LiDAR-Camera] [:] 读取系统配置: /root/calib_ws/calib_unified/config/unicalib_example.yaml
[2026-04-22 14:12:29.599] [info] [LiDAR-Camera] [:]   IMU: 1, LiDAR: 1, Camera: 2
[2026-04-22 14:12:29.599] [info] [LiDAR-Camera] [:] 读取系统配置: /root/calib_ws/calib_unified/config/unicalib_example.yaml
[2026-04-22 14:12:29.600] [info] [LiDAR-Camera] [:]   IMU: 1, LiDAR: 1, Camera: 2
[2026-04-22 14:12:29.600] [info] [LiDAR-Camera] [:] 配置: 使用 ROS2 bag 模式（离线标定）
[2026-04-22 14:12:29.600] [info] [LiDAR-Camera] [:]   Bag 路径: /root/calib_ws/data/ntu_day_02/ntu_merged
[2026-04-22 14:12:29.600] [info] [LiDAR-Camera] [:]   LiDAR 话题: /os_cloud_node/points
[2026-04-22 14:12:29.600] [info] [LiDAR-Camera] [:]   相机话题: /d435i/color/image_raw
[2026-04-22 14:12:29.600] [info] [LiDAR-Camera] [:]   IMU 话题: /vn100/imu
[2026-04-22 14:12:29.600] [info] [LiDAR-Camera] [:] [数据源] 类型=ROS2_BAG  path=/root/calib_ws/data/ntu_day_02/ntu_merged  lidar_topic=/os_cloud_node/points  camera_topic=/d435i/color/image_raw
[2026-04-22 14:12:29.600] [info] [LiDAR-Camera] [:]   内参将从相机标定结果读取: ./results/camera_intrinsic/camera_intrinsic_cam_left.yaml (camera_id=cam_left)
[2026-04-22 14:12:29.600] [info] [LiDAR-Camera] [:]   内参将从相机标定结果读取: ./results/camera_intrinsic/camera_intrinsic_cam_right.yaml (camera_id=cam_right)
[2026-04-22 14:12:29.600] [info] [LiDAR-Camera] [:] [CalibPipeline] 初始化 ID=pipeline_20260422_141229
[2026-04-22 14:12:29.600] [info] [LiDAR-Camera] [:] [CalibPipeline] 输出目录: ./results
[2026-04-22 14:12:29.600] [info] [LiDAR-Camera] [:] [CalibPipeline] 无目标优先: true
[2026-04-22 14:12:29.600] [info] [LiDAR-Camera] [:] [CalibPipeline] 任务掩码: 0x10
[2026-04-22 14:12:29.600] [info] [LiDAR-Camera] [:] ▶ Stage 2: 精标定 (方法=edge)
[2026-04-22 14:12:29.600] [info] [LiDAR-Camera] [:] ▶ Stage 3: 手动校准 (manual_threshold=2.00px)
[2026-04-22 14:12:29.600] [info] [LiDAR-Camera] [:]   使用 ManualCalibSession 进行 6-DOF 交互式调整
[2026-04-22 14:12:29.600] [info] [LiDAR-Camera] [:]   调用示例:
[2026-04-22 14:12:29.600] [info] [LiDAR-Camera] [:]     ManualCalibSession::SessionConfig sess_cfg;
[2026-04-22 14:12:29.600] [info] [LiDAR-Camera] [:]     sess_cfg.save_dir = "./results/manual_sessions";
[2026-04-22 14:12:29.600] [info] [LiDAR-Camera] [:]     ManualCalibSession session(sess_cfg);
[2026-04-22 14:12:29.600] [info] [LiDAR-Camera] [:]     auto result = session.run_lidar_cam(scan, image, intrin, auto_result, auto_rms);
[2026-04-22 14:12:29.600] [info] [LiDAR-Camera] [:] 
[2026-04-22 14:12:29.600] [info] [LiDAR-Camera] [:] ╔═══════════════════════════════════════════════╗
[2026-04-22 14:12:29.600] [info] [LiDAR-Camera] [:] ║   UniCalib 两阶段标定流水线 — 开始            ║
[2026-04-22 14:12:29.600] [info] [LiDAR-Camera] [:] ║   Pipeline ID: pipeline_20260422_141229       ║
[2026-04-22 14:12:29.600] [info] [LiDAR-Camera] [:] ╚═══════════════════════════════════════════════╝
[2026-04-22 14:12:29.600] [info] [LiDAR-Camera] [:] [Coarse-AI/LiDAR-Cam] enable_coarse_lidar_cam=true → do_coarse=true
[14:12:29.601] [info] 
[14:12:29.601] [info] ━━━━━━━━━━━━━━━━━━━━━━━━━━━━━━━━━━━━━━━━━
[14:12:29.601] [info] ▶ 开始阶段: [Coarse-AI] 任务: [lidar_cam_extrin]
[14:12:29.601] [info]   描述: AI模型提供初始估计值
[14:12:29.601] [info] ━━━━━━━━━━━━━━━━━━━━━━━━━━━━━━━━━━━━━━━━━
[14:12:29.601] [info] [CALC] 粗标定阶段开始 task=lidar_cam_extrin
[14:12:29.601] [info] [Coarse-AI/LiDAR-Cam] 使用配置粗标定初值作为粗标定结果 t=[0.123,0.040,-0.058]m，精标定将以此起步
[14:12:29.601] [info] ━━━━━━━━━━━━━━━━━━━━━━━━━━━━━━━━━━━━━━━━━
[14:12:29.601] [info] ■ 结束阶段: [Coarse-AI] 任务: [lidar_cam_extrin]
[14:12:29.601] [info]   结果: ✓ 成功 | 残差RMS: 0.0000 | 耗时: 0 ms
[14:12:29.601] [info]   消息: 使用配置 initial_extrinsic 作为粗标定结果，精标定将以此起步
[14:12:29.601] [info] [CALC] 阶段结束 stage=Coarse-AI task=lidar_cam_extrin success=true residual_rms=0.000000 elapsed_ms=0.0 threshold=-1.0000
[14:12:29.601] [info] ━━━━━━━━━━━━━━━━━━━━━━━━━━━━━━━━━━━━━━━━━
[14:12:29.601] [info] 
[14:12:29.601] [info] ━━━━━━━━━━━━━━━━━━━━━━━━━━━━━━━━━━━━━━━━━
[14:12:29.601] [info] ▶ 开始阶段: [Fine-Auto] 任务: [lidar_cam_extrin]
[14:12:29.601] [info]   描述: 无目标优化
[14:12:29.601] [info] ━━━━━━━━━━━━━━━━━━━━━━━━━━━━━━━━━━━━━━━━━
[14:12:29.601] [info] [CALC] 精标定阶段开始 task=lidar_cam_extrin
[14:12:29.601] [info] [Fine-Auto] 任务: lidar_cam_extrin | 无目标优先: true
[14:12:29.601] [info] [Fine-Auto] 方法: 边缘对齐互信息 (EDGE_ALIGNMENT, 无目标)
[14:12:29.601] [info] [STAGE=lidar_cam_fine_auto] LiDAR-Camera 精标定 开始
[14:12:29.601] [info] [Fine-Auto/LiDAR-Cam] 开始执行精标定...
[14:12:29.601] [info]   [精标定数据源] 类型=ROS2_BAG  lidar_id=lidar_front
[14:12:29.601] [info]   ROS2 Bag: /root/calib_ws/data/ntu_day_02/ntu_merged  LiDAR 话题: /os_cloud_node/points  相机话题: /d435i/color/image_raw
[14:12:29.601] [info] [Fine-Auto/LiDAR-Cam] 从 ROS2 加载数据...
[14:12:29.601] [info] [UnifiedDataLoader] 从 ROS2 加载数据...
[14:12:29.601] [info]   Bag 文件: /root/calib_ws/data/ntu_day_02/ntu_merged
[14:12:29.601] [info]   实时模式: false
[14:12:29.601] [info] [Ros2BagDataSource] 打开 bag 文件: /root/calib_ws/data/ntu_day_02/ntu_merged
[14:12:29.601] [info] [Ros2BagDataSource] 正在读取 metadata.yaml: /root/calib_ws/data/ntu_day_02/ntu_merged/metadata.yaml
[14:12:29.601] [debug] [Ros2BagDataSource] 找到话题: /d455b/imu (类型: sensor_msgs/msg/Imu, 消息数: 91566)
[14:12:29.601] [debug] [Ros2BagDataSource] 找到话题: /d435i/imu (类型: sensor_msgs/msg/Imu, 消息数: 91482)
[14:12:29.601] [debug] [Ros2BagDataSource] 找到话题: /vn100/imu (类型: sensor_msgs/msg/Imu, 消息数: 90881)
[14:12:29.601] [debug] [Ros2BagDataSource] 找到话题: /d455b/color/image_raw (类型: sensor_msgs/msg/Image, 消息数: 6862)
[14:12:29.601] [debug] [Ros2BagDataSource] 找到话题: /d435i/color/image_raw (类型: sensor_msgs/msg/Image, 消息数: 6861)
[14:12:29.601] [debug] [Ros2BagDataSource] 找到话题: /os_cloud_node/points (类型: sensor_msgs/msg/PointCloud2, 消息数: 2288)
[14:12:29.601] [info] [Ros2BagDataSource] 使用配置的 LiDAR 话题: /os_cloud_node/points
[14:12:29.601] [info] [Ros2BagDataSource] 使用配置的相机话题: /d435i/color/image_raw
[14:12:29.601] [info] [Ros2BagDataSource] 使用配置的 IMU 话题: /vn100/imu
[INFO] [1776838349.605165256] [rosbag2_storage]: Opened database '/root/calib_ws/data/ntu_day_02/ntu_merged/ntu_merged.db3' for READ_ONLY.
[14:12:29.605] [info] [Ros2BagDataSource] Bag 已打开，开始读取消息...
[14:12:29.605] [info] [Ros2BagDataSource] 找到 6 个话题
[14:12:29.605] [info] [Ros2BagDataSource]  话题: /d455b/imu  类型: sensor_msgs/msg/Imu  消息数: 91566
[14:12:29.605] [info] [Ros2BagDataSource]  话题: /d435i/imu  类型: sensor_msgs/msg/Imu  消息数: 91482
[14:12:29.605] [info] [Ros2BagDataSource]  话题: /vn100/imu  类型: sensor_msgs/msg/Imu  消息数: 90881
[14:12:29.605] [info] [Ros2BagDataSource]  话题: /d455b/color/image_raw  类型: sensor_msgs/msg/Image  消息数: 6862
[14:12:29.605] [info] [Ros2BagDataSource]  话题: /d435i/color/image_raw  类型: sensor_msgs/msg/Image  消息数: 6861
[14:12:29.605] [info] [Ros2BagDataSource]  话题: /os_cloud_node/points  类型: sensor_msgs/msg/PointCloud2  消息数: 2288
[14:12:29.605] [info] [Ros2BagDataSource] 将加载 bag 内所有 IMU / LiDAR / 相机话题，加载后可通过 sensor_id 或话题名选择使用
[14:12:32.786] [debug]   收集 IMU [/d435i/imu] 帧数: 5000
[14:12:32.800] [debug]   收集 IMU [/d455b/imu] 帧数: 5000
[14:12:32.825] [debug]   收集 IMU [/vn100/imu] 帧数: 5000
[14:12:33.769] [debug]   收集相机 [/d455b/color/image_raw] 帧数: 500
[14:12:33.771] [debug]   收集相机 [/d435i/color/image_raw] 帧数: 500
[14:12:35.429] [debug]   收集 IMU [/d435i/imu] 帧数: 10000
[14:12:35.429] [debug]   收集 IMU [/d455b/imu] 帧数: 10000
[14:12:35.471] [debug]   收集 IMU [/vn100/imu] 帧数: 10000
[14:12:37.127] [debug]   收集相机 [/d455b/color/image_raw] 帧数: 1000
[14:12:37.129] [debug]   收集相机 [/d435i/color/image_raw] 帧数: 1000
[14:12:37.995] [debug]   收集 IMU [/d455b/imu] 帧数: 15000
[14:12:38.007] [debug]   收集 IMU [/d435i/imu] 帧数: 15000
[14:12:38.054] [debug]   收集 IMU [/vn100/imu] 帧数: 15000
[14:12:40.531] [debug]   收集 IMU [/d455b/imu] 帧数: 20000
[14:12:40.541] [debug]   收集 LiDAR [/os_cloud_node/points] 帧数: 500
[14:12:40.543] [debug]   收集相机 [/d455b/color/image_raw] 帧数: 1500
[14:12:40.544] [debug]   收集相机 [/d435i/color/image_raw] 帧数: 1500
[14:12:40.544] [debug]   收集 IMU [/d435i/imu] 帧数: 20000
[14:12:40.612] [debug]   收集 IMU [/vn100/imu] 帧数: 20000
[14:12:43.080] [debug]   收集 IMU [/d455b/imu] 帧数: 25000
[14:12:43.094] [debug]   收集 IMU [/d435i/imu] 帧数: 25000
[14:12:43.183] [debug]   收集 IMU [/vn100/imu] 帧数: 25000
[14:12:43.929] [debug]   收集相机 [/d455b/color/image_raw] 帧数: 2000
[14:12:43.931] [debug]   收集相机 [/d435i/color/image_raw] 帧数: 2000
[14:12:45.556] [debug]   收集 IMU [/d455b/imu] 帧数: 30000
[14:12:45.572] [debug]   收集 IMU [/d435i/imu] 帧数: 30000
[14:12:45.683] [debug]   收集 IMU [/vn100/imu] 帧数: 30000
[14:12:47.285] [debug]   收集相机 [/d455b/color/image_raw] 帧数: 2500
[14:12:47.287] [debug]   收集相机 [/d435i/color/image_raw] 帧数: 2500
[14:12:48.181] [debug]   收集 IMU [/d455b/imu] 帧数: 35000
[14:12:48.198] [debug]   收集 IMU [/d435i/imu] 帧数: 35000
[14:12:48.334] [debug]   收集 IMU [/vn100/imu] 帧数: 35000
[14:12:50.848] [debug]   收集 IMU [/d455b/imu] 帧数: 40000
[14:12:50.860] [debug]   收集 LiDAR [/os_cloud_node/points] 帧数: 1000
[14:12:50.866] [debug]   收集相机 [/d455b/color/image_raw] 帧数: 3000
[14:12:50.867] [debug]   收集相机 [/d435i/color/image_raw] 帧数: 3000
[14:12:50.867] [debug]   收集 IMU [/d435i/imu] 帧数: 40000
[14:12:51.021] [debug]   收集 IMU [/vn100/imu] 帧数: 40000
[14:12:53.548] [debug]   收集 IMU [/d455b/imu] 帧数: 45000
[14:12:53.567] [debug]   收集 IMU [/d435i/imu] 帧数: 45000
[14:12:53.713] [debug]   收集 IMU [/vn100/imu] 帧数: 45000
[14:12:54.404] [debug]   收集相机 [/d455b/color/image_raw] 帧数: 3500
[14:12:54.406] [debug]   收集相机 [/d435i/color/image_raw] 帧数: 3500
[14:12:56.092] [debug]   收集 IMU [/d455b/imu] 帧数: 50000
[14:12:56.114] [debug]   收集 IMU [/d435i/imu] 帧数: 50000
[14:12:56.314] [debug]   收集 IMU [/vn100/imu] 帧数: 50000
[14:12:58.229] [debug]   收集相机 [/d455b/color/image_raw] 帧数: 4000
[14:12:58.241] [debug]   收集相机 [/d435i/color/image_raw] 帧数: 4000
[14:12:59.343] [debug]   收集 IMU [/d455b/imu] 帧数: 55000
[14:12:59.366] [debug]   收集 IMU [/d435i/imu] 帧数: 55000
[14:12:59.588] [debug]   收集 IMU [/vn100/imu] 帧数: 55000
[14:13:02.602] [debug]   收集 IMU [/d455b/imu] 帧数: 60000
[14:13:02.626] [debug]   收集 LiDAR [/os_cloud_node/points] 帧数: 1500
[14:13:02.637] [debug]   收集相机 [/d455b/color/image_raw] 帧数: 4500
[14:13:02.640] [debug]   收集相机 [/d435i/color/image_raw] 帧数: 4500
[14:13:02.640] [debug]   收集 IMU [/d435i/imu] 帧数: 60000
[14:13:02.852] [debug]   收集 IMU [/vn100/imu] 帧数: 60000
