
 ╔═══════════════════════════════════════════════════════════════╗
 ║   UniCalib v2.0 — 多传感器联合标定系统                        ║
 ║                                                               ║
 ║   支持: IMU内参 / 相机内参 / IMU-LiDAR外参 /                  ║
 ║         LiDAR-Camera外参 / Camera-Camera外参                  ║
 ║                                                               ║
 ║   两阶段: AI粗标定 → 无目标精标定 → 手动校准                  ║
 ║   AI模型: DM-Calib / MIAS-LCEC / Transformer-IMU / L2Calib   ║
 ╚═══════════════════════════════════════════════════════════════╝

[2026-04-08 19:40:49.218] [info] [Joint-Calib] [:] 读取系统配置: /root/calib_ws/calib_unified/config/unicalib_example.yaml
[2026-04-08 19:40:49.219] [info] [Joint-Calib] [:]   IMU: 1, LiDAR: 2, Camera: 2

  标定任务:
    ✓ IMU 内参
    ✓ 相机内参
    ✓ IMU-LiDAR 外参
    ✓ LiDAR-Camera 外参
    ✗ Camera-Camera 外参

  选项:
    AI粗标定:    禁用
    手动校准:    禁用
    无目标优先:  是

[2026-04-08 19:40:49.219] [info] [Joint-Calib] [:] ━━━━━━━━━━━━━━━━━━━━━━━━━━━━━━━━━━━━━━━━━━━━━━━━
[2026-04-08 19:40:49.219] [info] [Joint-Calib] [:] 配置: /root/calib_ws/calib_unified/config/unicalib_example.yaml
[2026-04-08 19:40:49.219] [info] [Joint-Calib] [:] 输出: ./results
[2026-04-08 19:40:49.219] [info] [Joint-Calib] [:] ━━━━━━━━━━━━━━━━━━━━━━━━━━━━━━━━━━━━━━━━━━━━━━━━
[2026-04-08 19:40:49.219] [info] [Joint-Calib] [:] 配置: 读取到 2 对 IMU-LiDAR 标定对
[2026-04-08 19:40:49.219] [info] [Joint-Calib] [:] 配置: 读取到 1 对 LiDAR-LiDAR 标定对
[2026-04-08 19:40:49.219] [info] [Joint-Calib] [:] 配置: 读取到 2 对 LiDAR-Camera 标定对
[2026-04-08 19:40:49.219] [info] [Joint-Calib] [:] 配置: 读取到 1 对 Camera-Camera 标定对 (from pairs)
[2026-04-08 19:40:49.219] [info] [Joint-Calib] [:] [CalibPipeline] 初始化 ID=pipeline_20260408_194049
[2026-04-08 19:40:49.219] [info] [Joint-Calib] [:] [CalibPipeline] 输出目录: ./results
[2026-04-08 19:40:49.219] [info] [Joint-Calib] [:] [CalibPipeline] 无目标优先: true
[2026-04-08 19:40:49.219] [info] [Joint-Calib] [:] [CalibPipeline] 任务掩码: 0x17
[2026-04-08 19:40:49.219] [info] [Joint-Calib] [:] ▶ 开始联合标定流水线...
[2026-04-08 19:40:49.219] [info] [Joint-Calib] [:] 
[2026-04-08 19:40:49.219] [info] [Joint-Calib] [:] ╔═══════════════════════════════════════════════╗
[2026-04-08 19:40:49.219] [info] [Joint-Calib] [:] ║   UniCalib 两阶段标定流水线 — 开始            ║
[2026-04-08 19:40:49.219] [info] [Joint-Calib] [:] ║   Pipeline ID: pipeline_20260408_194049       ║
[2026-04-08 19:40:49.219] [info] [Joint-Calib] [:] ╚═══════════════════════════════════════════════╝
[19:40:49.219] [info] 
[19:40:49.219] [info] ━━━━━━━━━━━━━━━━━━━━━━━━━━━━━━━━━━━━━━━━━
[19:40:49.219] [info] ▶ 开始阶段: [Fine-Auto] 任务: [imu_intrinsic]
[19:40:49.219] [info]   描述: 无目标优化
[19:40:49.219] [info] ━━━━━━━━━━━━━━━━━━━━━━━━━━━━━━━━━━━━━━━━━
[19:40:49.219] [info] [CALC] 精标定阶段开始 task=imu_intrinsic
[19:40:49.219] [info] [Fine-Auto] 任务: imu_intrinsic | 无目标优先: true
[19:40:49.219] [info] [Fine-Auto] 方法: Allan方差分析
[19:40:49.219] [info] [Fine-Auto/IMU-Intrin] 开始执行IMU内参标定...
[19:40:49.219] [error] 未指定数据源 (ros2_bag_file 或 imu_data_file)
[19:40:49.219] [info] ━━━━━━━━━━━━━━━━━━━━━━━━━━━━━━━━━━━━━━━━━
[19:40:49.219] [info] ■ 结束阶段: [Fine-Auto] 任务: [imu_intrinsic]
[19:40:49.219] [info]   结果: ✗ 失败 | 残差RMS: 0.0000 | 耗时: 0 ms
[19:40:49.219] [info]   消息: 数据源未配置
[19:40:49.219] [info] [CALC] 阶段结束 stage=Fine-Auto task=imu_intrinsic success=false residual_rms=0.000000 elapsed_ms=0.0 threshold=0.1000
[19:40:49.219] [info] ━━━━━━━━━━━━━━━━━━━━━━━━━━━━━━━━━━━━━━━━━
[19:40:49.220] [info] 
[19:40:49.220] [info] ━━━━━━━━━━━━━━━━━━━━━━━━━━━━━━━━━━━━━━━━━
[19:40:49.220] [info] ▶ 开始阶段: [Fine-Auto] 任务: [cam_intrinsic]
[19:40:49.220] [info]   描述: 无目标优化
[19:40:49.220] [info] ━━━━━━━━━━━━━━━━━━━━━━━━━━━━━━━━━━━━━━━━━
[19:40:49.220] [info] [CALC] 精标定阶段开始 task=cam_intrinsic
[19:40:49.220] [info] [Fine-Auto] 任务: cam_intrinsic | 无目标优先: true
[19:40:49.220] [info] [Fine-Auto] 方法: DM-Calib精化 + RANSAC
[19:40:49.220] [warning] [Fine-Auto] 任务 cam_intrinsic 当前为占位实现
[19:40:49.220] [info] ━━━━━━━━━━━━━━━━━━━━━━━━━━━━━━━━━━━━━━━━━
[19:40:49.220] [info] ■ 结束阶段: [Fine-Auto] 任务: [cam_intrinsic]
[19:40:49.220] [info]   结果: ✓ 成功 | 残差RMS: 0.0000 | 耗时: 0 ms
[19:40:49.220] [info]   消息: 精标定占位 — 请通过具体标定器实现
[19:40:49.220] [info] [CALC] 阶段结束 stage=Fine-Auto task=cam_intrinsic success=true residual_rms=0.000000 elapsed_ms=0.0 threshold=-1.0000
[19:40:49.220] [info] ━━━━━━━━━━━━━━━━━━━━━━━━━━━━━━━━━━━━━━━━━
[19:40:49.220] [info] 
[19:40:49.220] [info] ━━━━━━━━━━━━━━━━━━━━━━━━━━━━━━━━━━━━━━━━━
[19:40:49.220] [info] ▶ 开始阶段: [Fine-Auto] 任务: [imu_lidar_extrin]
[19:40:49.220] [info]   描述: 无目标优化
[19:40:49.220] [info] ━━━━━━━━━━━━━━━━━━━━━━━━━━━━━━━━━━━━━━━━━
[19:40:49.220] [info] [CALC] 精标定阶段开始 task=imu_lidar_extrin
[19:40:49.220] [info] [Fine-Auto] 任务: imu_lidar_extrin | 无目标优先: true
[19:40:49.220] [info] [Fine-Auto] 方法: B样条连续时间优化 (无目标)
[19:40:49.220] [error] [Fine-Auto/IMU-LiDAR] IMU-LiDAR 精标定当前仅支持 ROS2 Bag 数据源，请配置 ros2.use_ros2_bag 与 ros2.ros2_bag_file
[19:40:49.220] [info] ━━━━━━━━━━━━━━━━━━━━━━━━━━━━━━━━━━━━━━━━━
[19:40:49.220] [info] ■ 结束阶段: [Fine-Auto] 任务: [imu_lidar_extrin]
[19:40:49.220] [info]   结果: ✗ 失败 | 残差RMS: 0.0000 | 耗时: 0 ms
[19:40:49.220] [info]   消息: IMU-LiDAR 精标定当前仅支持 ROS2 Bag 数据源，请配置 ros2.use_ros2_bag 与 ros2.ros2_bag_file
[19:40:49.220] [info] [CALC] 阶段结束 stage=Fine-Auto task=imu_lidar_extrin success=false residual_rms=0.000000 elapsed_ms=0.0 threshold=0.5000
[19:40:49.220] [info] ━━━━━━━━━━━━━━━━━━━━━━━━━━━━━━━━━━━━━━━━━
[19:40:49.220] [info] [Coarse-AI/LiDAR-Cam] enable_coarse_lidar_cam=false → do_coarse=false
[19:40:49.220] [info] [Coarse-AI/LiDAR-Cam] 跳过粗标定: 未启用 (请使用 --coarse 启用 MIAS-LCEC 粗标定)
[19:40:49.220] [info] 
[19:40:49.220] [info] ━━━━━━━━━━━━━━━━━━━━━━━━━━━━━━━━━━━━━━━━━
[19:40:49.220] [info] ▶ 开始阶段: [Fine-Auto] 任务: [lidar_cam_extrin]
[19:40:49.220] [info]   描述: 无目标优化
[19:40:49.220] [info] ━━━━━━━━━━━━━━━━━━━━━━━━━━━━━━━━━━━━━━━━━
[19:40:49.220] [info] [CALC] 精标定阶段开始 task=lidar_cam_extrin
[19:40:49.220] [info] [Fine-Auto] 任务: lidar_cam_extrin | 无目标优先: true
[19:40:49.220] [info] [Fine-Auto] 方法: 边缘对齐互信息 (EDGE_ALIGNMENT, 无目标)
[19:40:49.220] [info] [STAGE=lidar_cam_fine_auto] LiDAR-Camera 精标定 开始
[19:40:49.220] [info] [Fine-Auto/LiDAR-Cam] 开始执行精标定...
[19:40:49.220] [info]   [精标定数据源] 类型=FILES  lidar_id=lidar_rear
[19:40:49.220] [info]   文件目录: lidar=(未设置)  camera=(未设置)
[19:40:49.220] [info] [Fine-Auto/LiDAR-Cam] 使用 lidar_camera.pairs：当前 lidar=lidar_rear 下 0 个相机
[19:40:49.220] [error] [Fine-Auto/LiDAR-Cam] 数据路径未配置 — 请在 PipelineConfig 中设置 lidar_data_dir
[19:40:49.220] [info] ━━━━━━━━━━━━━━━━━━━━━━━━━━━━━━━━━━━━━━━━━
[19:40:49.220] [info] ■ 结束阶段: [Fine-Auto] 任务: [lidar_cam_extrin]
[19:40:49.220] [info]   结果: ✗ 失败 | 残差RMS: 0.0000 | 耗时: 0 ms
[19:40:49.220] [info]   消息: 数据路径未配置 — 请在 PipelineConfig 中设置 lidar_data_dir
[19:40:49.220] [info] [CALC] 阶段结束 stage=Fine-Auto task=lidar_cam_extrin success=false residual_rms=0.000000 elapsed_ms=0.0 threshold=2.0000
[19:40:49.220] [info] ━━━━━━━━━━━━━━━━━━━━━━━━━━━━━━━━━━━━━━━━━
[19:40:49.220] [info] ====== Pipeline Report: pipeline_20260408_194049 ======
[19:40:49.220] [info]   Total time: 0.0 ms
[19:40:49.220] [info]   All stages succeeded: NO
[19:40:49.220] [info]   标定质量: 各阶段 RMS 均在阈值内
[19:40:49.220] [info]   [Fine-Auto-imu_intrinsic] success=false rms=0.0000 time=0.0ms: 数据源未配置
[19:40:49.220] [info]   [Fine-Auto-cam_intrinsic] success=true rms=0.0000 time=0.0ms: 精标定占位 — 请通过具体标定器实现
[19:40:49.220] [info]   [Fine-Auto-imu_lidar_extrin] success=false rms=0.0000 time=0.0ms: IMU-LiDAR 精标定当前仅支持 ROS2 Bag 数据源，请配置 ros2.use_ros2_bag 与 ros2.ros2_bag_file
[19:40:49.220] [info]   [Fine-Auto-lidar_cam_extrin] success=false rms=0.0000 time=0.0ms: 数据路径未配置 — 请在 PipelineConfig 中设置 lidar_data_dir

╔══════════════════════════════════════════════════════╗
║              标定参数汇总                            ║
╠══════════════════════════════════════════════════════╣
╚══════════════════════════════════════════════════════╝

[19:40:49.220] [info] ================================
[19:40:49.220] [info] Pipeline report saved: ./results/pipeline_report_20260408_194049.yaml

  ┌─────────────────────────────────────────────────┐
  │            UniCalib 联合标定完成                 │
  ├─────────────────────────────────────────────────┤
  │ Pipeline ID: pipeline_20260408_194049            │
  │ 总耗时: 0          ms                             │
  │ 全部收敛: 否 ✗ (查看日志)                │
[19:40:49.220] [info]   [Fine-Auto] rms=0.0000 time=0ms: ✗ 数据源未配置
[19:40:49.220] [info]   [Fine-Auto] rms=0.0000 time=0ms: ✓ 精标定占位 — 请通过具体标定器实现
[19:40:49.220] [info]   [Fine-Auto] rms=0.0000 time=0ms: ✗ IMU-LiDAR 精标定当前仅支持 ROS2 Bag 数据源，请配置 ros2.use_ros2_bag 与 ros2.ros2_bag_file
[19:40:49.220] [info]   [Fine-Auto] rms=0.0000 time=0ms: ✗ 数据路径未配置 — 请在 PipelineConfig 中设置 lidar_data_dir
  ├─────────────────────────────────────────────────┤
  │ 结果目录: ./results                             │
  └─────────────────────────────────────────────────┘

