
 ╔═══════════════════════════════════════════════════════╗
 ║   UniCalib — LiDAR-Camera 外参标定                    ║
 ║   两阶段: AI粗标定(MIAS-LCEC) → 无目标边缘精标定      ║
 ║   手动校准: --manual 触发 6-DOF 交互式调整             ║
 ╚═══════════════════════════════════════════════════════╝

[2026-04-08 14:00:37.454] [info] [LiDAR-Camera] [:] ━━━━━━━━━━━━━━━━━━━━━━━━━━━━━━━━━━━━
[2026-04-08 14:00:37.454] [info] [LiDAR-Camera] [:] 配置文件: /root/calib_ws/calib_unified/config/unicalib_example.yaml
[2026-04-08 14:00:37.454] [info] [LiDAR-Camera] [:] 输出目录: /root/calib_ws/results
[2026-04-08 14:00:37.454] [info] [LiDAR-Camera] [:] 数据根目录: /root/calib_ws/data (--data-dir 或 CALIB_DATA_DIR)
[2026-04-08 14:00:37.454] [info] [LiDAR-Camera] [:] 精标定方法: edge (无目标优先=true)
[2026-04-08 14:00:37.454] [info] [LiDAR-Camera] [:] AI粗标定: true | 手动校准: true
[2026-04-08 14:00:37.454] [info] [LiDAR-Camera] [:] ━━━━━━━━━━━━━━━━━━━━━━━━━━━━━━━━━━━━
[2026-04-08 14:00:37.455] [info] [LiDAR-Camera] [:] 读取系统配置: /root/calib_ws/calib_unified/config/unicalib_example.yaml
[2026-04-08 14:00:37.456] [info] [LiDAR-Camera] [:]   IMU: 1, LiDAR: 2, Camera: 2
[2026-04-08 14:00:37.456] [info] [LiDAR-Camera] [:] ━━━━━━━━━━━━━━━━━━━━━━━━━━━━━━━━━━━━ [数据路径] ━━━━━━━━━━━━━━━━━━━━━━━━━━━━━
[2026-04-08 14:00:37.456] [info] [LiDAR-Camera] [:]   数据路径来源: 统一格式 (data.lidar.<id> / data.camera.<id>.images_dir)
[2026-04-08 14:00:37.456] [info] [LiDAR-Camera] [:]   配置原始值 — lidar:  nya_02_slam_imu_to_lidar/lidar_horz.yaml
[2026-04-08 14:00:37.456] [info] [LiDAR-Camera] [:]   配置原始值 — camera: lidar_camera_calibration-master/calibration_data/camera_calibration
[2026-04-08 14:00:37.456] [info] [LiDAR-Camera] [:]   base_data_dir:  /root/calib_ws/data
[2026-04-08 14:00:37.456] [info] [LiDAR-Camera] [:]   base 来源: 命令行 --data-dir
[2026-04-08 14:00:37.456] [info] [LiDAR-Camera] [:]   lidar_dir:      /root/calib_ws/data/nya_02_slam_imu_to_lidar/lidar_horz.yaml
[2026-04-08 14:00:37.456] [info] [LiDAR-Camera] [:]     → 相对路径，已与 base 拼接
[2026-04-08 14:00:37.456] [info] [LiDAR-Camera] [:]     → 存在: 是
[2026-04-08 14:00:37.456] [info] [LiDAR-Camera] [:]   camera_dir:     /root/calib_ws/data/lidar_camera_calibration-master/calibration_data/camera_calibration
[2026-04-08 14:00:37.456] [info] [LiDAR-Camera] [:]     → 相对路径，已与 base 拼接
[2026-04-08 14:00:37.456] [info] [LiDAR-Camera] [:]     → 存在: 是
[2026-04-08 14:00:37.456] [info] [LiDAR-Camera] [:]   【数据就绪】是 — 点云与图像目录均存在，将执行精标定
[2026-04-08 14:00:37.456] [info] [LiDAR-Camera] [:]   说明: 使用 --dataset 时请将 data.lidar/data.camera 设为相对 base 的路径（如 pcd、images），不要使用 /path/to/... 占位符
[2026-04-08 14:00:37.456] [info] [LiDAR-Camera] [:] ━━━━━━━━━━━━━━━━━━━━━━━━━━━━━━━━━━━━━━━━━━━━━━━━━━━━━━━━━━━━━━━━━━━━━━━━━━━━
[2026-04-08 14:00:37.456] [info] [LiDAR-Camera] [:] [LiDAR-Cam] use_config_extrinsic_only=true：跳过 AI 粗标定，将使用配置 initial_extrinsic 直接进入精标定/手动微调
[2026-04-08 14:00:37.456] [info] [LiDAR-Camera] [:] 读取系统配置: /root/calib_ws/calib_unified/config/unicalib_example.yaml
[2026-04-08 14:00:37.458] [info] [LiDAR-Camera] [:]   IMU: 1, LiDAR: 2, Camera: 2
[2026-04-08 14:00:37.458] [info] [LiDAR-Camera] [:] 读取系统配置: /root/calib_ws/calib_unified/config/unicalib_example.yaml
[2026-04-08 14:00:37.459] [info] [LiDAR-Camera] [:]   IMU: 1, LiDAR: 2, Camera: 2
[2026-04-08 14:00:37.459] [info] [LiDAR-Camera] [:] 配置: 使用 ROS2 bag 模式（离线标定）
[2026-04-08 14:00:37.459] [info] [LiDAR-Camera] [:]   Bag 路径: /root/calib_ws/data/nya_02_slam_imu_to_lidar/nya_02_ros2
[2026-04-08 14:00:37.459] [info] [LiDAR-Camera] [:]   LiDAR 话题: /os1_cloud_node1/points
[2026-04-08 14:00:37.459] [info] [LiDAR-Camera] [:]   相机话题: /left/image_raw
[2026-04-08 14:00:37.459] [info] [LiDAR-Camera] [:]   IMU 话题: /imu/imu
[2026-04-08 14:00:37.459] [info] [LiDAR-Camera] [:] [数据源] 类型=ROS2_BAG  path=/root/calib_ws/data/nya_02_slam_imu_to_lidar/nya_02_ros2  lidar_topic=/os1_cloud_node1/points  camera_topic=/left/image_raw
[2026-04-08 14:00:37.459] [info] [LiDAR-Camera] [:]   内参将从相机标定结果读取: ./results/camera_intrinsic/camera_intrinsic_cam_left.yaml (camera_id=cam_left)
[2026-04-08 14:00:37.459] [info] [LiDAR-Camera] [:]   内参将从相机标定结果读取: ./results/camera_intrinsic/camera_intrinsic_cam_right.yaml (camera_id=cam_right)
[2026-04-08 14:00:37.459] [info] [LiDAR-Camera] [:] [CalibPipeline] 初始化 ID=pipeline_20260408_140037
[2026-04-08 14:00:37.459] [info] [LiDAR-Camera] [:] [CalibPipeline] 输出目录: ./results
[2026-04-08 14:00:37.459] [info] [LiDAR-Camera] [:] [CalibPipeline] 无目标优先: true
[2026-04-08 14:00:37.459] [info] [LiDAR-Camera] [:] [CalibPipeline] 任务掩码: 0x10
[2026-04-08 14:00:37.459] [info] [LiDAR-Camera] [:] ▶ Stage 2: 精标定 (方法=edge)
[2026-04-08 14:00:37.459] [info] [LiDAR-Camera] [:] ▶ Stage 3: 手动校准 (manual_threshold=2.00px)
[2026-04-08 14:00:37.459] [info] [LiDAR-Camera] [:]   使用 ManualCalibSession 进行 6-DOF 交互式调整
[2026-04-08 14:00:37.459] [info] [LiDAR-Camera] [:]   调用示例:
[2026-04-08 14:00:37.459] [info] [LiDAR-Camera] [:]     ManualCalibSession::SessionConfig sess_cfg;
[2026-04-08 14:00:37.459] [info] [LiDAR-Camera] [:]     sess_cfg.save_dir = "./results/manual_sessions";
[2026-04-08 14:00:37.459] [info] [LiDAR-Camera] [:]     ManualCalibSession session(sess_cfg);
[2026-04-08 14:00:37.459] [info] [LiDAR-Camera] [:]     auto result = session.run_lidar_cam(scan, image, intrin, auto_result, auto_rms);
[2026-04-08 14:00:37.459] [info] [LiDAR-Camera] [:] 
[2026-04-08 14:00:37.459] [info] [LiDAR-Camera] [:] ╔═══════════════════════════════════════════════╗
[2026-04-08 14:00:37.459] [info] [LiDAR-Camera] [:] ║   UniCalib 两阶段标定流水线 — 开始            ║
[2026-04-08 14:00:37.459] [info] [LiDAR-Camera] [:] ║   Pipeline ID: pipeline_20260408_140037       ║
[2026-04-08 14:00:37.459] [info] [LiDAR-Camera] [:] ╚═══════════════════════════════════════════════╝
[2026-04-08 14:00:37.459] [info] [LiDAR-Camera] [:] [Coarse-AI/LiDAR-Cam] enable_coarse_lidar_cam=true → do_coarse=true
[14:00:37.459] [info] 
[14:00:37.459] [info] ━━━━━━━━━━━━━━━━━━━━━━━━━━━━━━━━━━━━━━━━━
[14:00:37.459] [info] ▶ 开始阶段: [Coarse-AI] 任务: [lidar_cam_extrin]
[14:00:37.459] [info]   描述: AI模型提供初始估计值
[14:00:37.459] [info] ━━━━━━━━━━━━━━━━━━━━━━━━━━━━━━━━━━━━━━━━━
[14:00:37.459] [info] [CALC] 粗标定阶段开始 task=lidar_cam_extrin
[14:00:37.459] [info] [Coarse-AI/LiDAR-Cam] 使用配置粗标定初值作为粗标定结果 t=[0.123,0.040,-0.058]m，精标定将以此起步
[14:00:37.459] [info] ━━━━━━━━━━━━━━━━━━━━━━━━━━━━━━━━━━━━━━━━━
[14:00:37.459] [info] ■ 结束阶段: [Coarse-AI] 任务: [lidar_cam_extrin]
[14:00:37.459] [info]   结果: ✓ 成功 | 残差RMS: 0.0000 | 耗时: 0 ms
[14:00:37.459] [info]   消息: 使用配置 initial_extrinsic 作为粗标定结果，精标定将以此起步
[14:00:37.459] [info] [CALC] 阶段结束 stage=Coarse-AI task=lidar_cam_extrin success=true residual_rms=0.000000 elapsed_ms=0.0 threshold=-1.0000
[14:00:37.459] [info] ━━━━━━━━━━━━━━━━━━━━━━━━━━━━━━━━━━━━━━━━━
[14:00:37.459] [info] 
[14:00:37.459] [info] ━━━━━━━━━━━━━━━━━━━━━━━━━━━━━━━━━━━━━━━━━
[14:00:37.459] [info] ▶ 开始阶段: [Fine-Auto] 任务: [lidar_cam_extrin]
[14:00:37.459] [info]   描述: 无目标优化
[14:00:37.459] [info] ━━━━━━━━━━━━━━━━━━━━━━━━━━━━━━━━━━━━━━━━━
[14:00:37.459] [info] [CALC] 精标定阶段开始 task=lidar_cam_extrin
[14:00:37.459] [info] [Fine-Auto] 任务: lidar_cam_extrin | 无目标优先: true
[14:00:37.459] [info] [Fine-Auto] 方法: 边缘对齐互信息 (EDGE_ALIGNMENT, 无目标)
[14:00:37.459] [info] [STAGE=lidar_cam_fine_auto] LiDAR-Camera 精标定 开始
[14:00:37.459] [info] [Fine-Auto/LiDAR-Cam] 开始执行精标定...
[14:00:37.459] [info]   [精标定数据源] 类型=ROS2_BAG  lidar_id=lidar_front
[14:00:37.459] [info]   ROS2 Bag: /root/calib_ws/data/nya_02_slam_imu_to_lidar/nya_02_ros2  LiDAR 话题: /os1_cloud_node1/points  相机话题: /left/image_raw
[14:00:37.459] [info] [Fine-Auto/LiDAR-Cam] 从 ROS2 加载数据...
[14:00:37.459] [info] [UnifiedDataLoader] 从 ROS2 加载数据...
[14:00:37.459] [info]   Bag 文件: /root/calib_ws/data/nya_02_slam_imu_to_lidar/nya_02_ros2
[14:00:37.459] [info]   实时模式: false
[14:00:37.459] [info] [Ros2BagDataSource] 打开 bag 文件: /root/calib_ws/data/nya_02_slam_imu_to_lidar/nya_02_ros2
[14:00:37.459] [info] [Ros2BagDataSource] 正在读取 metadata.yaml: /root/calib_ws/data/nya_02_slam_imu_to_lidar/nya_02_ros2/metadata.yaml
[14:00:37.460] [debug] [Ros2BagDataSource] 找到话题: /dji_sdk/imu (类型: sensor_msgs/msg/Imu, 消息数: 171462)
[14:00:37.460] [debug] [Ros2BagDataSource] 找到话题: /dji_sdk/attitude (类型: geometry_msgs/msg/QuaternionStamped, 消息数: 42866)
[14:00:37.460] [debug] [Ros2BagDataSource] 找到话题: /os1_cloud_node2/imu (类型: sensor_msgs/msg/Imu, 消息数: 42862)
[14:00:37.460] [debug] [Ros2BagDataSource] 找到话题: /os1_cloud_node1/imu (类型: sensor_msgs/msg/Imu, 消息数: 42862)
[14:00:37.460] [debug] [Ros2BagDataSource] 找到话题: /imu/imu (类型: sensor_msgs/msg/Imu, 消息数: 166428)
[14:00:37.460] [debug] [Ros2BagDataSource] 找到话题: /imu/magnetic_field (类型: sensor_msgs/msg/MagneticField, 消息数: 166428)
[14:00:37.460] [debug] [Ros2BagDataSource] 找到话题: /imu/temperature (类型: sensor_msgs/msg/Temperature, 消息数: 166428)
[14:00:37.460] [debug] [Ros2BagDataSource] 找到话题: /dji_sdk/gps_position (类型: sensor_msgs/msg/NavSatFix, 消息数: 21433)
[14:00:37.460] [debug] [Ros2BagDataSource] 找到话题: /dji_sdk/height_above_takeoff (类型: std_msgs/msg/Float32, 消息数: 21433)
[14:00:37.460] [debug] [Ros2BagDataSource] 找到话题: /dji_sdk/gps_health (类型: std_msgs/msg/UInt8, 消息数: 21433)
[14:00:37.460] [debug] [Ros2BagDataSource] 找到话题: /uwb_endorange_info (类型: uwb_driver/msg/UwbRange, 消息数: 25172)
[14:00:37.460] [debug] [Ros2BagDataSource] 找到话题: /left/image_raw (类型: sensor_msgs/msg/Image, 消息数: 4285)
[14:00:37.460] [debug] [Ros2BagDataSource] 找到话题: /right/image_raw (类型: sensor_msgs/msg/Image, 消息数: 4285)
[14:00:37.460] [debug] [Ros2BagDataSource] 找到话题: /os1_cloud_node1/points (类型: sensor_msgs/msg/PointCloud2, 消息数: 4287)
[14:00:37.460] [debug] [Ros2BagDataSource] 找到话题: /os1_cloud_node2/points (类型: sensor_msgs/msg/PointCloud2, 消息数: 4286)
[14:00:37.460] [debug] [Ros2BagDataSource] 找到话题: /uwb_exorange_info (类型: uwb_driver/msg/UwbEcho, 消息数: 2437)
[14:00:37.460] [debug] [Ros2BagDataSource] 找到话题: /node_pos_marker_sc (类型: visualization_msgs/msg/Marker, 消息数: 2437)
[14:00:37.460] [debug] [Ros2BagDataSource] 找到话题: /node_pos_sc (类型: nav_msgs/msg/Path, 消息数: 2437)
[14:00:37.460] [debug] [Ros2BagDataSource] 找到话题: /leica/pose/relative (类型: geometry_msgs/msg/PoseStamped, 消息数: 7679)
[14:00:37.460] [info] [Ros2BagDataSource] 使用配置的 LiDAR 话题: /os1_cloud_node1/points
[14:00:37.460] [info] [Ros2BagDataSource] 使用配置的相机话题: /left/image_raw
[14:00:37.460] [info] [Ros2BagDataSource] 使用配置的 IMU 话题: /imu/imu
[INFO] [1775628037.464965347] [rosbag2_storage]: Opened database '/root/calib_ws/data/nya_02_slam_imu_to_lidar/nya_02_ros2/nya_02_ros2.db3' for READ_ONLY.
[14:00:37.464] [info] [Ros2BagDataSource] Bag 已打开，开始读取消息...
[14:00:37.465] [info] [Ros2BagDataSource] 找到 19 个话题
[14:00:37.465] [info] [Ros2BagDataSource]  话题: /dji_sdk/imu  类型: sensor_msgs/msg/Imu  消息数: 171462
[14:00:37.465] [info] [Ros2BagDataSource]  话题: /dji_sdk/attitude  类型: geometry_msgs/msg/QuaternionStamped  消息数: 42866
[14:00:37.465] [info] [Ros2BagDataSource]  话题: /os1_cloud_node2/imu  类型: sensor_msgs/msg/Imu  消息数: 42862
[14:00:37.465] [info] [Ros2BagDataSource]  话题: /os1_cloud_node1/imu  类型: sensor_msgs/msg/Imu  消息数: 42862
[14:00:37.465] [info] [Ros2BagDataSource]  话题: /imu/imu  类型: sensor_msgs/msg/Imu  消息数: 166428
[14:00:37.465] [info] [Ros2BagDataSource]  话题: /imu/magnetic_field  类型: sensor_msgs/msg/MagneticField  消息数: 166428
[14:00:37.465] [info] [Ros2BagDataSource]  话题: /imu/temperature  类型: sensor_msgs/msg/Temperature  消息数: 166428
[14:00:37.465] [info] [Ros2BagDataSource]  话题: /dji_sdk/gps_position  类型: sensor_msgs/msg/NavSatFix  消息数: 21433
[14:00:37.465] [info] [Ros2BagDataSource]  话题: /dji_sdk/height_above_takeoff  类型: std_msgs/msg/Float32  消息数: 21433
[14:00:37.465] [info] [Ros2BagDataSource]  话题: /dji_sdk/gps_health  类型: std_msgs/msg/UInt8  消息数: 21433
[14:00:37.465] [info] [Ros2BagDataSource]  话题: /uwb_endorange_info  类型: uwb_driver/msg/UwbRange  消息数: 25172
[14:00:37.465] [info] [Ros2BagDataSource]  话题: /left/image_raw  类型: sensor_msgs/msg/Image  消息数: 4285
[14:00:37.465] [info] [Ros2BagDataSource]  话题: /right/image_raw  类型: sensor_msgs/msg/Image  消息数: 4285
[14:00:37.465] [info] [Ros2BagDataSource]  话题: /os1_cloud_node1/points  类型: sensor_msgs/msg/PointCloud2  消息数: 4287
[14:00:37.465] [info] [Ros2BagDataSource]  话题: /os1_cloud_node2/points  类型: sensor_msgs/msg/PointCloud2  消息数: 4286
[14:00:37.465] [info] [Ros2BagDataSource]  话题: /uwb_exorange_info  类型: uwb_driver/msg/UwbEcho  消息数: 2437
[14:00:37.465] [info] [Ros2BagDataSource]  话题: /node_pos_marker_sc  类型: visualization_msgs/msg/Marker  消息数: 2437
[14:00:37.465] [info] [Ros2BagDataSource]  话题: /node_pos_sc  类型: nav_msgs/msg/Path  消息数: 2437
[14:00:37.465] [info] [Ros2BagDataSource]  话题: /leica/pose/relative  类型: geometry_msgs/msg/PoseStamped  消息数: 7679
[14:00:37.465] [info] [Ros2BagDataSource] 将加载 bag 内所有 IMU / LiDAR / 相机话题，加载后可通过 sensor_id 或话题名选择使用
[14:00:37.957] [debug]   收集 IMU [/dji_sdk/imu] 帧数: 5000
[14:00:37.983] [debug]   收集 IMU [/imu/imu] 帧数: 5000
[14:00:38.436] [debug]   收集 IMU [/dji_sdk/imu] 帧数: 10000
[14:00:38.490] [debug]   收集 IMU [/imu/imu] 帧数: 10000
[14:00:38.876] [debug]   收集 IMU [/dji_sdk/imu] 帧数: 15000
[14:00:38.945] [debug]   收集 IMU [/imu/imu] 帧数: 15000
[14:00:39.323] [debug]   收集 LiDAR [/os1_cloud_node1/points] 帧数: 500
[14:00:39.324] [debug]   收集 LiDAR [/os1_cloud_node2/points] 帧数: 500
[14:00:39.324] [debug]   收集相机 [/left/image_raw] 帧数: 500
[14:00:39.325] [debug]   收集相机 [/right/image_raw] 帧数: 500
[14:00:39.325] [debug]   收集 IMU [/dji_sdk/imu] 帧数: 20000
[14:00:39.325] [debug]   收集 IMU [/os1_cloud_node1/imu] 帧数: 5000
[14:00:39.325] [debug]   收集 IMU [/os1_cloud_node2/imu] 帧数: 5000
[14:00:39.397] [debug]   收集 IMU [/imu/imu] 帧数: 20000
[14:00:39.854] [debug]   收集 IMU [/dji_sdk/imu] 帧数: 25000
[14:00:39.947] [debug]   收集 IMU [/imu/imu] 帧数: 25000
[14:00:40.311] [debug]   收集 IMU [/dji_sdk/imu] 帧数: 30000
[14:00:40.418] [debug]   收集 IMU [/imu/imu] 帧数: 30000
[14:00:40.764] [debug]   收集 IMU [/dji_sdk/imu] 帧数: 35000
[14:00:40.881] [debug]   收集 IMU [/imu/imu] 帧数: 35000
[14:00:41.224] [debug]   收集 LiDAR [/os1_cloud_node1/points] 帧数: 1000
[14:00:41.225] [debug]   收集 LiDAR [/os1_cloud_node2/points] 帧数: 1000
[14:00:41.226] [debug]   收集相机 [/left/image_raw] 帧数: 1000
[14:00:41.226] [debug]   收集相机 [/right/image_raw] 帧数: 1000
[14:00:41.226] [debug]   收集 IMU [/dji_sdk/imu] 帧数: 40000
[14:00:41.226] [debug]   收集 IMU [/os1_cloud_node1/imu] 帧数: 10000
[14:00:41.226] [debug]   收集 IMU [/os1_cloud_node2/imu] 帧数: 10000
[14:00:41.350] [debug]   收集 IMU [/imu/imu] 帧数: 40000
[14:00:41.661] [debug]   收集 IMU [/dji_sdk/imu] 帧数: 45000
[14:00:41.802] [debug]   收集 IMU [/imu/imu] 帧数: 45000
[14:00:42.106] [debug]   收集 IMU [/dji_sdk/imu] 帧数: 50000
[14:00:42.244] [debug]   收集 IMU [/imu/imu] 帧数: 50000
[14:00:42.524] [debug]   收集 IMU [/dji_sdk/imu] 帧数: 55000
[14:00:42.691] [debug]   收集 IMU [/imu/imu] 帧数: 55000
[14:00:42.979] [debug]   收集 LiDAR [/os1_cloud_node1/points] 帧数: 1500
[14:00:42.980] [debug]   收集 LiDAR [/os1_cloud_node2/points] 帧数: 1500
[14:00:42.980] [debug]   收集 IMU [/dji_sdk/imu] 帧数: 60000
[14:00:42.981] [debug]   收集相机 [/left/image_raw] 帧数: 1500
[14:00:42.981] [debug]   收集相机 [/right/image_raw] 帧数: 1500
[14:00:42.981] [debug]   收集 IMU [/os1_cloud_node1/imu] 帧数: 15000
[14:00:42.981] [debug]   收集 IMU [/os1_cloud_node2/imu] 帧数: 15000
[14:00:43.152] [debug]   收集 IMU [/imu/imu] 帧数: 60000
[14:00:43.454] [debug]   收集 IMU [/dji_sdk/imu] 帧数: 65000
[14:00:43.632] [debug]   收集 IMU [/imu/imu] 帧数: 65000
[14:00:43.863] [debug]   收集 IMU [/dji_sdk/imu] 帧数: 70000
[14:00:44.055] [debug]   收集 IMU [/imu/imu] 帧数: 70000
[14:00:44.280] [debug]   收集 IMU [/dji_sdk/imu] 帧数: 75000
[14:00:44.512] [debug]   收集 IMU [/imu/imu] 帧数: 75000
[14:00:44.735] [debug]   收集 LiDAR [/os1_cloud_node1/points] 帧数: 2000
[14:00:44.737] [debug]   收集 LiDAR [/os1_cloud_node2/points] 帧数: 2000
[14:00:44.738] [debug]   收集 IMU [/dji_sdk/imu] 帧数: 80000
[14:00:44.738] [debug]   收集 IMU [/os1_cloud_node1/imu] 帧数: 20000
[14:00:44.738] [debug]   收集 IMU [/os1_cloud_node2/imu] 帧数: 20000
[14:00:44.739] [debug]   收集相机 [/left/image_raw] 帧数: 2000
[14:00:44.740] [debug]   收集相机 [/right/image_raw] 帧数: 2000
[14:00:44.956] [debug]   收集 IMU [/imu/imu] 帧数: 80000
[14:00:45.189] [debug]   收集 IMU [/dji_sdk/imu] 帧数: 85000
[14:00:45.408] [debug]   收集 IMU [/imu/imu] 帧数: 85000
[14:00:45.623] [debug]   收集 IMU [/dji_sdk/imu] 帧数: 90000
[14:00:45.878] [debug]   收集 IMU [/imu/imu] 帧数: 90000
[14:00:46.065] [debug]   收集 IMU [/dji_sdk/imu] 帧数: 95000
[14:00:46.342] [debug]   收集 IMU [/imu/imu] 帧数: 95000
[14:00:46.505] [debug]   收集 LiDAR [/os1_cloud_node1/points] 帧数: 2500
[14:00:46.508] [debug]   收集 LiDAR [/os1_cloud_node2/points] 帧数: 2500
[14:00:46.508] [debug]   收集 IMU [/dji_sdk/imu] 帧数: 100000
[14:00:46.508] [debug]   收集 IMU [/os1_cloud_node1/imu] 帧数: 25000
[14:00:46.508] [debug]   收集 IMU [/os1_cloud_node2/imu] 帧数: 25000
[14:00:46.510] [debug]   收集相机 [/left/image_raw] 帧数: 2500
[14:00:46.511] [debug]   收集相机 [/right/image_raw] 帧数: 2500
[14:00:46.805] [debug]   收集 IMU [/imu/imu] 帧数: 100000
[14:00:46.963] [debug]   收集 IMU [/dji_sdk/imu] 帧数: 105000
[14:00:47.244] [debug]   收集 IMU [/imu/imu] 帧数: 105000
[14:00:47.410] [debug]   收集 IMU [/dji_sdk/imu] 帧数: 110000
[14:00:47.692] [debug]   收集 IMU [/imu/imu] 帧数: 110000
[14:00:47.822] [debug]   收集 IMU [/dji_sdk/imu] 帧数: 115000
[14:00:48.150] [debug]   收集 IMU [/imu/imu] 帧数: 115000
[14:00:48.306] [debug]   收集 LiDAR [/os1_cloud_node1/points] 帧数: 3000
[14:00:48.308] [debug]   收集 LiDAR [/os1_cloud_node2/points] 帧数: 3000
[14:00:48.308] [debug]   收集 IMU [/dji_sdk/imu] 帧数: 120000
[14:00:48.309] [debug]   收集 IMU [/os1_cloud_node1/imu] 帧数: 30000
[14:00:48.309] [debug]   收集 IMU [/os1_cloud_node2/imu] 帧数: 30000
[14:00:48.310] [debug]   收集相机 [/left/image_raw] 帧数: 3000
[14:00:48.311] [debug]   收集相机 [/right/image_raw] 帧数: 3000
[14:00:48.617] [debug]   收集 IMU [/imu/imu] 帧数: 120000
[14:00:48.733] [debug]   收集 IMU [/dji_sdk/imu] 帧数: 125000
[14:00:49.045] [debug]   收集 IMU [/imu/imu] 帧数: 125000
[14:00:49.162] [debug]   收集 IMU [/dji_sdk/imu] 帧数: 130000
[14:00:49.683] [debug]   收集 IMU [/imu/imu] 帧数: 130000
[14:00:49.780] [debug]   收集 IMU [/dji_sdk/imu] 帧数: 135000
[14:00:50.221] [debug]   收集 IMU [/imu/imu] 帧数: 135000
[14:00:50.359] [debug]   收集 LiDAR [/os1_cloud_node1/points] 帧数: 3500
[14:00:50.360] [debug]   收集 LiDAR [/os1_cloud_node2/points] 帧数: 3500
[14:00:50.362] [debug]   收集 IMU [/dji_sdk/imu] 帧数: 140000
[14:00:50.363] [debug]   收集 IMU [/os1_cloud_node1/imu] 帧数: 35000
[14:00:50.363] [debug]   收集 IMU [/os1_cloud_node2/imu] 帧数: 35000
[14:00:50.367] [debug]   收集相机 [/left/image_raw] 帧数: 3500
[14:00:50.368] [debug]   收集相机 [/right/image_raw] 帧数: 3500
[14:00:50.835] [debug]   收集 IMU [/imu/imu] 帧数: 140000
[14:00:50.927] [debug]   收集 IMU [/dji_sdk/imu] 帧数: 145000
[14:00:51.450] [debug]   收集 IMU [/imu/imu] 帧数: 145000
[14:00:51.529] [debug]   收集 IMU [/dji_sdk/imu] 帧数: 150000
[14:00:52.080] [debug]   收集 IMU [/imu/imu] 帧数: 150000
[14:00:52.136] [debug]   收集 IMU [/dji_sdk/imu] 帧数: 155000
[14:00:52.688] [debug]   收集 IMU [/imu/imu] 帧数: 155000
[14:00:52.733] [debug]   收集 LiDAR [/os1_cloud_node1/points] 帧数: 4000
[14:00:52.735] [debug]   收集 LiDAR [/os1_cloud_node2/points] 帧数: 4000
[14:00:52.736] [debug]   收集 IMU [/dji_sdk/imu] 帧数: 160000
[14:00:52.738] [debug]   收集 IMU [/os1_cloud_node1/imu] 帧数: 40000
[14:00:52.738] [debug]   收集 IMU [/os1_cloud_node2/imu] 帧数: 40000
[14:00:52.740] [debug]   收集相机 [/left/image_raw] 帧数: 4000
[14:00:52.741] [debug]   收集相机 [/right/image_raw] 帧数: 4000
[14:00:53.323] [debug]   收集 IMU [/imu/imu] 帧数: 160000
[14:00:53.344] [debug]   收集 IMU [/dji_sdk/imu] 帧数: 165000
[14:00:53.978] [debug]   收集 IMU [/imu/imu] 帧数: 165000
[14:00:53.980] [debug]   收集 IMU [/dji_sdk/imu] 帧数: 170000
[14:00:54.177] [info] [Ros2BagDataSource] 加载完成 (所有话题按话题名存储，可通过 sensor_id 或话题名选择):
[14:00:54.177] [info]   LiDAR [/os1_cloud_node1/points]: 4287 帧
[14:00:54.177] [info]   LiDAR [/os1_cloud_node2/points]: 4286 帧
[14:00:54.177] [info]   相机 [/left/image_raw]: 4285 帧
[14:00:54.177] [info]   相机 [/right/image_raw]: 4285 帧
[14:00:54.177] [info]   IMU [/dji_sdk/imu]: 171462 帧
[14:00:54.177] [info]   IMU [/imu/imu]: 166428 帧
[14:00:54.177] [info]   IMU [/os1_cloud_node1/imu]: 42862 帧
[14:00:54.177] [info]   IMU [/os1_cloud_node2/imu]: 42862 帧
[14:00:54.178] [info]   选用 LiDAR  lidar_front -> /os1_cloud_node1/points
[14:00:54.178] [info]   选用 相机  cam_left -> /left/image_raw
[14:00:54.178] [info]   选用 IMU    imu_0 -> /imu/imu
[14:00:54.179] [info]   时间范围: 1609045331.127 - 1609045759.771 秒
[14:00:54.179] [info] [Ros2BagDataSource] 应用采样/帧数限制...
[14:00:54.346] [info]   LiDAR /os1_cloud_node1/points 采样后: 800 帧
[14:00:54.397] [info]   LiDAR /os1_cloud_node2/points 采样后: 800 帧
[14:00:54.469] [info]   相机 /left/image_raw 采样后: 800 帧
[14:00:54.538] [info]   相机 /right/image_raw 采样后: 800 帧
[14:00:54.592] [info] [Fine-Auto/LiDAR-Cam] LiDAR 加载完成: 800 帧 (将按相机逐路取帧)
[14:00:54.594] [info] 读取相机内参: ./results/camera_intrinsic/camera_intrinsic_cam_left.yaml
[14:00:54.596] [info]   fx=384.00 fy=384.00 cx=376.00 cy=240.00 dist=4
[14:00:54.596] [info] [Fine-Auto/LiDAR-Cam] 步骤: LiDAR-Camera 标定 相机=cam_left (方法: 边缘对齐)
[14:00:54.660] [info] [CalibVisualizer] 初始化完成
[14:00:54.660] [info] [Fine-Auto/LiDAR-Cam] 可视化已启用：仅标定结束后显示一帧「图像+点云投影」叠加，不创建 3D 窗口、不泵送其他帧
[14:00:54.660] [info] [Fine-Auto/LiDAR-Cam] 使用粗标定初值 t=[0.123,0.040,-0.058]m
[14:00:54.673] [info] [Fine-Auto] 结果已保存: ./results/lidar_camera_extrinsic/lidar_cam_cam_left_extrinsic.yaml
[14:00:54.673] [info] [Viz] 即将生成投影图并保存到 ./results/lidar_camera_extrinsic/lidar_cam_cam_left_projection.png
[14:00:54.710] [info] 投影可视化保存: ./results/lidar_camera_extrinsic/lidar_cam_cam_left_projection.png
[14:00:54.710] [info] [Viz] 投影图已保存（仅使用配置初值，未做精标定）
[14:00:54.710] [info] [Fine-Auto/LiDAR-Cam] 相机 cam_left 已使用配置初值跳过精标定，直接供手动微调
[14:00:54.710] [info] [Viz/Display] 即将关闭可视化窗口 原因=用户关闭或流程结束 pangolin_running=false
[14:00:54.711] [warning] [Fine-Auto/LiDAR-Cam] 相机 cam_right 无帧，跳过
[14:00:54.711] [warning] [Fine-Auto/LiDAR-Cam] 相机 cam_front 无帧，跳过
[14:00:54.711] [warning] [Fine-Auto/LiDAR-Cam] 相机 cam_rear 无帧，跳过
[14:00:54.711] [info] [Fine-Auto/LiDAR-Cam] 精标定完成: 1 个相机  最大 RMS=0.0000 px
[14:00:54.711] [info] [STAGE=lidar_cam_fine_auto] LiDAR-Camera 精标定 完成
[14:00:54.711] [info] [Fine-Auto/LiDAR-Cam] RMS 阈值=2.00 px  最大 RMS=0.0000 px  在阈值内
[14:00:54.958] [info] ━━━━━━━━━━━━━━━━━━━━━━━━━━━━━━━━━━━━━━━━━
[14:00:54.958] [info] ■ 结束阶段: [Fine-Auto] 任务: [lidar_cam_extrin]
[14:00:54.958] [info]   结果: ✓ 成功 | 残差RMS: 0.0000 | 耗时: 17498 ms
[14:00:54.958] [info]   消息: LiDAR-Camera 精标定完成: 1 个相机, 最大 RMS=0.000000 px
[14:00:54.958] [info] [CALC] 阶段结束 stage=Fine-Auto task=lidar_cam_extrin success=true residual_rms=0.000000 elapsed_ms=17251.4 threshold=2.0000
[14:00:54.958] [info] ━━━━━━━━━━━━━━━━━━━━━━━━━━━━━━━━━━━━━━━━━
[14:00:54.959] [info] [Pipeline] 用户已启用手动校准 (--manual), 进入 6-DOF 调整
[14:00:54.959] [info] 
[14:00:54.959] [info] ━━━━━━━━━━━━━━━━━━━━━━━━━━━━━━━━━━━━━━━━━
[14:00:54.959] [info] ▶ 开始阶段: [Manual-Refine] 任务: [lidar_cam_extrin]
[14:00:54.959] [info]   描述: 手动校准: 6-DOF 交互式调整
[14:00:54.959] [info] ━━━━━━━━━━━━━━━━━━━━━━━━━━━━━━━━━━━━━━━━━
[14:00:54.959] [info] [Manual-Refine] 任务: lidar_cam_extrin
[14:00:54.959] [info] [Manual-Refine] 操作说明: Q/A Roll  W/S Pitch  E/D Yaw  R/F Tx  T/G Ty  Y/H Tz  U Undo  Enter 接受  Esc 取消
[14:00:54.959] [info] [ManualSession] 会话ID: session_2026-04-08_14-00-54
[14:00:54.959] [info] [ManualSession] 保存目录: ./results/manual_sessions
[14:00:54.959] [info] [Manual-Refine] 已打开 6-DOF 可视化调整窗口，请在本窗口内按键微调后 Enter 接受或 Esc 取消
[14:00:54.959] [info] [Manual-Refine] LiDAR-Camera 手动调整仅使用首帧匹配数据（第 0 帧点云 + 第 0 帧图像）
[14:00:54.959] [info] [ManualSession] 启动 LiDAR-Camera 手动校准
[14:00:54.959] [info] [ManualSession] 自动标定 RMS: 0.0000 px (阈值建议 < 2.0px)
[14:00:54.959] [debug] [ManualSession] 事件: lidar_cam_start | auto_rms=0.000000
[14:00:54.959] [info] [ManualAdjust] 初始外参:
[14:00:54.959] [info] [ManualAdjust] 当前外参 [lidar_front→cam_left]:
[14:00:54.959] [info]   旋转 RPY: (-58.8701, -88.5405, -31.0062) deg
[14:00:54.959] [info]   平移 XYZ: (0.1230, 0.0399, -0.0577) m
[14:00:54.959] [info] [ManualSession] ===== 手动校准操作说明 =====
[14:00:54.959] [info]   Q/A: Roll ±0.1deg   W/S: Pitch ±0.1deg   E/D: Yaw ±0.1deg
[14:00:54.959] [info]   R/F: Tx ±0.5cm   T/G: Ty ±0.5cm   Y/H: Tz ±0.5cm
[14:00:54.959] [info]   Shift+键: 10倍步长
[14:00:54.959] [info]   P: 进入点击精化模式  U: 撤销  Z: 重做
[14:00:54.959] [info]   S: 保存  ESC: 接受并退出
[14:00:54.959] [info]   点云投影质量越高 (边缘对齐越好) 表示标定越准确
[14:00:54.969] [info] [ManualAdjust] 结果已保存: ./results/lidar_camera_extrinsic/manual_extrinsic_20260408_140054_initial.yaml
[14:00:54.969] [info] [ManualCalib] 交互窗口启动前已自动保存初始状态快照（备用）:
[14:00:54.969] [info]   - 投影图: ./results/lidar_camera_extrinsic/manual_projection_20260408_140054_initial.png
[14:00:54.969] [info]   - 点云:   ./results/lidar_camera_extrinsic/manual_cloud_20260408_140054_initial.pcd
[14:00:54.969] [info]   - 外参:   ./results/lidar_camera_extrinsic/manual_extrinsic_20260408_140054_initial.yaml

(unicalib_lidar_camera:100): dbind-WARNING **: 14:00:55.000: Couldn't connect to accessibility bus: Failed to connect to socket /run/user/1000/at-spi/bus: No such file or directory
[14:00:55.039] [info] [ManualCalib] 3D 点云窗口已禁用（避免 VTK 闪退），请在 2D 投影窗口进行微调。按下 'S' 键可手动保存当前微调结果图片和点云。
[14:00:55.039] [info] [ManualCalib] 初始位姿 T_lidar_to_cam:
[14:00:55.039] [info]   - Translation: 0.1230, 0.0399, -0.0577
[14:00:55.039] [info]   - RPY (deg):   90.7545, -179.8846, 91.2509
[14:00:59.744] [debug] [ManualAdjust] 平移增量 dxyz=(0.0050, 0.0000, 0.0000)m
[14:00:59.744] [info] [ManualAdjust] 当前外参 [lidar_front→cam_left]:
[14:00:59.744] [info]   旋转 RPY: (-58.8701, -88.5405, -31.0062) deg
[14:00:59.744] [info]   平移 XYZ: (0.1280, 0.0399, -0.0577) m
[14:01:00.444] [debug] [ManualAdjust] 旋转增量 RPY=(0.000, 0.000, 0.100)deg
[14:01:00.444] [info] [ManualAdjust] 当前外参 [lidar_front→cam_left]:
[14:01:00.444] [info]   旋转 RPY: (-60.7861, -88.4540, -29.0896) deg
[14:01:00.444] [info]   平移 XYZ: (0.1280, 0.0399, -0.0577) m
[14:01:01.555] [debug] [ManualAdjust] 旋转增量 RPY=(0.000, 0.000, -0.100)deg
[14:01:01.555] [info] [ManualAdjust] 当前外参 [lidar_front→cam_left]:
[14:01:01.555] [info]   旋转 RPY: (-58.8701, -88.5405, -31.0062) deg
[14:01:01.555] [info]   平移 XYZ: (0.1280, 0.0399, -0.0577) m
[14:01:02.053] [debug] [ManualAdjust] 平移增量 dxyz=(-0.0050, 0.0000, 0.0000)m
[14:01:02.053] [info] [ManualAdjust] 当前外参 [lidar_front→cam_left]:
[14:01:02.053] [info]   旋转 RPY: (-58.8701, -88.5405, -31.0062) deg
[14:01:02.053] [info]   平移 XYZ: (0.1230, 0.0399, -0.0577) m
[14:01:06.088] [debug] [ManualAdjust] 平移增量 dxyz=(0.0000, -0.0050, 0.0000)m
[14:01:06.088] [info] [ManualAdjust] 当前外参 [lidar_front→cam_left]:
[14:01:06.088] [info]   旋转 RPY: (-58.8701, -88.5405, -31.0062) deg
[14:01:06.088] [info]   平移 XYZ: (0.1230, 0.0349, -0.0577) m
[14:01:07.205] [debug] [ManualAdjust] 平移增量 dxyz=(0.0000, 0.0050, 0.0000)m
[14:01:07.205] [info] [ManualAdjust] 当前外参 [lidar_front→cam_left]:
[14:01:07.205] [info]   旋转 RPY: (-58.8701, -88.5405, -31.0062) deg
[14:01:07.205] [info]   平移 XYZ: (0.1230, 0.0399, -0.0577) m
[14:01:07.716] [debug] [ManualAdjust] 平移增量 dxyz=(0.0000, 0.0050, 0.0000)m
[14:01:07.716] [info] [ManualAdjust] 当前外参 [lidar_front→cam_left]:
[14:01:07.716] [info]   旋转 RPY: (-58.8701, -88.5405, -31.0062) deg
[14:01:07.716] [info]   平移 XYZ: (0.1230, 0.0449, -0.0577) m
[14:01:07.736] [debug] [ManualAdjust] 平移增量 dxyz=(0.0000, 0.0050, 0.0000)m
[14:01:07.736] [info] [ManualAdjust] 当前外参 [lidar_front→cam_left]:
[14:01:07.736] [info]   旋转 RPY: (-58.8701, -88.5405, -31.0062) deg
[14:01:07.736] [info]   平移 XYZ: (0.1230, 0.0499, -0.0577) m
[14:01:07.771] [debug] [ManualAdjust] 平移增量 dxyz=(0.0000, 0.0050, 0.0000)m
[14:01:07.771] [info] [ManualAdjust] 当前外参 [lidar_front→cam_left]:
[14:01:07.771] [info]   旋转 RPY: (-58.8701, -88.5405, -31.0062) deg
[14:01:07.771] [info]   平移 XYZ: (0.1230, 0.0549, -0.0577) m
[14:01:07.801] [debug] [ManualAdjust] 平移增量 dxyz=(0.0000, 0.0050, 0.0000)m
[14:01:07.801] [info] [ManualAdjust] 当前外参 [lidar_front→cam_left]:
[14:01:07.801] [info]   旋转 RPY: (-58.8701, -88.5405, -31.0062) deg
[14:01:07.801] [info]   平移 XYZ: (0.1230, 0.0599, -0.0577) m
[14:01:07.831] [debug] [ManualAdjust] 平移增量 dxyz=(0.0000, 0.0050, 0.0000)m
[14:01:07.831] [info] [ManualAdjust] 当前外参 [lidar_front→cam_left]:
[14:01:07.831] [info]   旋转 RPY: (-58.8701, -88.5405, -31.0062) deg
[14:01:07.831] [info]   平移 XYZ: (0.1230, 0.0649, -0.0577) m
[14:01:07.864] [debug] [ManualAdjust] 平移增量 dxyz=(0.0000, 0.0050, 0.0000)m
[14:01:07.864] [info] [ManualAdjust] 当前外参 [lidar_front→cam_left]:
[14:01:07.864] [info]   旋转 RPY: (-58.8701, -88.5405, -31.0062) deg
[14:01:07.864] [info]   平移 XYZ: (0.1230, 0.0699, -0.0577) m
[14:01:07.896] [debug] [ManualAdjust] 平移增量 dxyz=(0.0000, 0.0050, 0.0000)m
[14:01:07.896] [info] [ManualAdjust] 当前外参 [lidar_front→cam_left]:
[14:01:07.896] [info]   旋转 RPY: (-58.8701, -88.5405, -31.0062) deg
[14:01:07.896] [info]   平移 XYZ: (0.1230, 0.0749, -0.0577) m
[14:01:07.925] [debug] [ManualAdjust] 平移增量 dxyz=(0.0000, 0.0050, 0.0000)m
[14:01:07.925] [info] [ManualAdjust] 当前外参 [lidar_front→cam_left]:
[14:01:07.925] [info]   旋转 RPY: (-58.8701, -88.5405, -31.0062) deg
[14:01:07.925] [info]   平移 XYZ: (0.1230, 0.0799, -0.0577) m
[14:01:07.957] [debug] [ManualAdjust] 平移增量 dxyz=(0.0000, 0.0050, 0.0000)m
[14:01:07.957] [info] [ManualAdjust] 当前外参 [lidar_front→cam_left]:
[14:01:07.957] [info]   旋转 RPY: (-58.8701, -88.5405, -31.0062) deg
[14:01:07.957] [info]   平移 XYZ: (0.1230, 0.0849, -0.0577) m
[14:01:07.987] [debug] [ManualAdjust] 平移增量 dxyz=(0.0000, 0.0050, 0.0000)m
[14:01:07.987] [info] [ManualAdjust] 当前外参 [lidar_front→cam_left]:
[14:01:07.987] [info]   旋转 RPY: (-58.8701, -88.5405, -31.0062) deg
[14:01:07.987] [info]   平移 XYZ: (0.1230, 0.0899, -0.0577) m
[14:01:08.018] [debug] [ManualAdjust] 平移增量 dxyz=(0.0000, 0.0050, 0.0000)m
[14:01:08.018] [info] [ManualAdjust] 当前外参 [lidar_front→cam_left]:
[14:01:08.018] [info]   旋转 RPY: (-58.8701, -88.5405, -31.0062) deg
[14:01:08.018] [info]   平移 XYZ: (0.1230, 0.0949, -0.0577) m
[14:01:08.049] [debug] [ManualAdjust] 平移增量 dxyz=(0.0000, 0.0050, 0.0000)m
[14:01:08.049] [info] [ManualAdjust] 当前外参 [lidar_front→cam_left]:
[14:01:08.049] [info]   旋转 RPY: (-58.8701, -88.5405, -31.0062) deg
[14:01:08.049] [info]   平移 XYZ: (0.1230, 0.0999, -0.0577) m
[14:01:08.078] [debug] [ManualAdjust] 平移增量 dxyz=(0.0000, 0.0050, 0.0000)m
[14:01:08.078] [info] [ManualAdjust] 当前外参 [lidar_front→cam_left]:
[14:01:08.078] [info]   旋转 RPY: (-58.8701, -88.5405, -31.0062) deg
[14:01:08.078] [info]   平移 XYZ: (0.1230, 0.1049, -0.0577) m
[14:01:08.110] [debug] [ManualAdjust] 平移增量 dxyz=(0.0000, 0.0050, 0.0000)m
[14:01:08.111] [info] [ManualAdjust] 当前外参 [lidar_front→cam_left]:
[14:01:08.111] [info]   旋转 RPY: (-58.8701, -88.5405, -31.0062) deg
[14:01:08.111] [info]   平移 XYZ: (0.1230, 0.1099, -0.0577) m
[14:01:08.140] [debug] [ManualAdjust] 平移增量 dxyz=(0.0000, 0.0050, 0.0000)m
[14:01:08.141] [info] [ManualAdjust] 当前外参 [lidar_front→cam_left]:
[14:01:08.141] [info]   旋转 RPY: (-58.8701, -88.5405, -31.0062) deg
[14:01:08.141] [info]   平移 XYZ: (0.1230, 0.1149, -0.0577) m
[14:01:08.171] [debug] [ManualAdjust] 平移增量 dxyz=(0.0000, 0.0050, 0.0000)m
[14:01:08.171] [info] [ManualAdjust] 当前外参 [lidar_front→cam_left]:
[14:01:08.171] [info]   旋转 RPY: (-58.8701, -88.5405, -31.0062) deg
[14:01:08.171] [info]   平移 XYZ: (0.1230, 0.1199, -0.0577) m
[14:01:08.202] [debug] [ManualAdjust] 平移增量 dxyz=(0.0000, 0.0050, 0.0000)m
[14:01:08.202] [info] [ManualAdjust] 当前外参 [lidar_front→cam_left]:
[14:01:08.202] [info]   旋转 RPY: (-58.8701, -88.5405, -31.0062) deg
[14:01:08.202] [info]   平移 XYZ: (0.1230, 0.1249, -0.0577) m
[14:01:08.235] [debug] [ManualAdjust] 平移增量 dxyz=(0.0000, 0.0050, 0.0000)m
[14:01:08.235] [info] [ManualAdjust] 当前外参 [lidar_front→cam_left]:
[14:01:08.235] [info]   旋转 RPY: (-58.8701, -88.5405, -31.0062) deg
[14:01:08.235] [info]   平移 XYZ: (0.1230, 0.1299, -0.0577) m
[14:01:08.556] [debug] [ManualAdjust] 平移增量 dxyz=(0.0000, 0.0050, 0.0000)m
[14:01:08.556] [info] [ManualAdjust] 当前外参 [lidar_front→cam_left]:
[14:01:08.556] [info]   旋转 RPY: (-58.8701, -88.5405, -31.0062) deg
[14:01:08.556] [info]   平移 XYZ: (0.1230, 0.1349, -0.0577) m
[14:01:09.066] [debug] [ManualAdjust] 平移增量 dxyz=(0.0000, 0.0050, 0.0000)m
[14:01:09.066] [info] [ManualAdjust] 当前外参 [lidar_front→cam_left]:
[14:01:09.066] [info]   旋转 RPY: (-58.8701, -88.5405, -31.0062) deg
[14:01:09.066] [info]   平移 XYZ: (0.1230, 0.1399, -0.0577) m
[14:01:09.086] [debug] [ManualAdjust] 平移增量 dxyz=(0.0000, 0.0050, 0.0000)m
[14:01:09.086] [info] [ManualAdjust] 当前外参 [lidar_front→cam_left]:
[14:01:09.086] [info]   旋转 RPY: (-58.8701, -88.5405, -31.0062) deg
[14:01:09.086] [info]   平移 XYZ: (0.1230, 0.1449, -0.0577) m
[14:01:09.117] [debug] [ManualAdjust] 平移增量 dxyz=(0.0000, 0.0050, 0.0000)m
[14:01:09.117] [info] [ManualAdjust] 当前外参 [lidar_front→cam_left]:
[14:01:09.117] [info]   旋转 RPY: (-58.8701, -88.5405, -31.0062) deg
[14:01:09.117] [info]   平移 XYZ: (0.1230, 0.1499, -0.0577) m
[14:01:09.147] [debug] [ManualAdjust] 平移增量 dxyz=(0.0000, 0.0050, 0.0000)m
[14:01:09.147] [info] [ManualAdjust] 当前外参 [lidar_front→cam_left]:
[14:01:09.147] [info]   旋转 RPY: (-58.8701, -88.5405, -31.0062) deg
[14:01:09.147] [info]   平移 XYZ: (0.1230, 0.1549, -0.0577) m
[14:01:09.177] [debug] [ManualAdjust] 平移增量 dxyz=(0.0000, 0.0050, 0.0000)m
[14:01:09.177] [info] [ManualAdjust] 当前外参 [lidar_front→cam_left]:
[14:01:09.177] [info]   旋转 RPY: (-58.8701, -88.5405, -31.0062) deg
[14:01:09.177] [info]   平移 XYZ: (0.1230, 0.1599, -0.0577) m
[14:01:09.212] [debug] [ManualAdjust] 平移增量 dxyz=(0.0000, 0.0050, 0.0000)m
[14:01:09.212] [info] [ManualAdjust] 当前外参 [lidar_front→cam_left]:
[14:01:09.212] [info]   旋转 RPY: (-58.8701, -88.5405, -31.0062) deg
[14:01:09.212] [info]   平移 XYZ: (0.1230, 0.1649, -0.0577) m
[14:01:09.241] [debug] [ManualAdjust] 平移增量 dxyz=(0.0000, 0.0050, 0.0000)m
[14:01:09.242] [info] [ManualAdjust] 当前外参 [lidar_front→cam_left]:
[14:01:09.242] [info]   旋转 RPY: (-58.8701, -88.5405, -31.0062) deg
[14:01:09.242] [info]   平移 XYZ: (0.1230, 0.1699, -0.0577) m
[14:01:09.272] [debug] [ManualAdjust] 平移增量 dxyz=(0.0000, 0.0050, 0.0000)m
[14:01:09.272] [info] [ManualAdjust] 当前外参 [lidar_front→cam_left]:
[14:01:09.272] [info]   旋转 RPY: (-58.8701, -88.5405, -31.0062) deg
[14:01:09.272] [info]   平移 XYZ: (0.1230, 0.1749, -0.0577) m
[14:01:09.302] [debug] [ManualAdjust] 平移增量 dxyz=(0.0000, 0.0050, 0.0000)m
[14:01:09.302] [info] [ManualAdjust] 当前外参 [lidar_front→cam_left]:
[14:01:09.302] [info]   旋转 RPY: (-58.8701, -88.5405, -31.0062) deg
[14:01:09.302] [info]   平移 XYZ: (0.1230, 0.1799, -0.0577) m
[14:01:09.333] [debug] [ManualAdjust] 平移增量 dxyz=(0.0000, 0.0050, 0.0000)m
[14:01:09.334] [info] [ManualAdjust] 当前外参 [lidar_front→cam_left]:
[14:01:09.334] [info]   旋转 RPY: (-58.8701, -88.5405, -31.0062) deg
[14:01:09.334] [info]   平移 XYZ: (0.1230, 0.1849, -0.0577) m
[14:01:09.365] [debug] [ManualAdjust] 平移增量 dxyz=(0.0000, 0.0050, 0.0000)m
[14:01:09.365] [info] [ManualAdjust] 当前外参 [lidar_front→cam_left]:
[14:01:09.365] [info]   旋转 RPY: (-58.8701, -88.5405, -31.0062) deg
[14:01:09.365] [info]   平移 XYZ: (0.1230, 0.1899, -0.0577) m
[14:01:09.396] [debug] [ManualAdjust] 平移增量 dxyz=(0.0000, 0.0050, 0.0000)m
[14:01:09.396] [info] [ManualAdjust] 当前外参 [lidar_front→cam_left]:
[14:01:09.396] [info]   旋转 RPY: (-58.8701, -88.5405, -31.0062) deg
[14:01:09.396] [info]   平移 XYZ: (0.1230, 0.1949, -0.0577) m
[14:01:09.428] [debug] [ManualAdjust] 平移增量 dxyz=(0.0000, 0.0050, 0.0000)m
[14:01:09.428] [info] [ManualAdjust] 当前外参 [lidar_front→cam_left]:
[14:01:09.428] [info]   旋转 RPY: (-58.8701, -88.5405, -31.0062) deg
[14:01:09.428] [info]   平移 XYZ: (0.1230, 0.1999, -0.0577) m
[14:01:09.456] [debug] [ManualAdjust] 平移增量 dxyz=(0.0000, 0.0050, 0.0000)m
[14:01:09.456] [info] [ManualAdjust] 当前外参 [lidar_front→cam_left]:
[14:01:09.456] [info]   旋转 RPY: (-58.8701, -88.5405, -31.0062) deg
[14:01:09.456] [info]   平移 XYZ: (0.1230, 0.2049, -0.0577) m
[14:01:09.487] [debug] [ManualAdjust] 平移增量 dxyz=(0.0000, 0.0050, 0.0000)m
[14:01:09.487] [info] [ManualAdjust] 当前外参 [lidar_front→cam_left]:
[14:01:09.488] [info]   旋转 RPY: (-58.8701, -88.5405, -31.0062) deg
[14:01:09.488] [info]   平移 XYZ: (0.1230, 0.2099, -0.0577) m
[14:01:09.517] [debug] [ManualAdjust] 平移增量 dxyz=(0.0000, 0.0050, 0.0000)m
[14:01:09.517] [info] [ManualAdjust] 当前外参 [lidar_front→cam_left]:
[14:01:09.517] [info]   旋转 RPY: (-58.8701, -88.5405, -31.0062) deg
[14:01:09.517] [info]   平移 XYZ: (0.1230, 0.2149, -0.0577) m
[14:01:09.548] [debug] [ManualAdjust] 平移增量 dxyz=(0.0000, 0.0050, 0.0000)m
[14:01:09.548] [info] [ManualAdjust] 当前外参 [lidar_front→cam_left]:
[14:01:09.548] [info]   旋转 RPY: (-58.8701, -88.5405, -31.0062) deg
[14:01:09.548] [info]   平移 XYZ: (0.1230, 0.2199, -0.0577) m
[14:01:09.579] [debug] [ManualAdjust] 平移增量 dxyz=(0.0000, 0.0050, 0.0000)m
[14:01:09.579] [info] [ManualAdjust] 当前外参 [lidar_front→cam_left]:
[14:01:09.579] [info]   旋转 RPY: (-58.8701, -88.5405, -31.0062) deg
[14:01:09.579] [info]   平移 XYZ: (0.1230, 0.2249, -0.0577) m
[14:01:09.611] [debug] [ManualAdjust] 平移增量 dxyz=(0.0000, 0.0050, 0.0000)m
[14:01:09.611] [info] [ManualAdjust] 当前外参 [lidar_front→cam_left]:
[14:01:09.611] [info]   旋转 RPY: (-58.8701, -88.5405, -31.0062) deg
[14:01:09.611] [info]   平移 XYZ: (0.1230, 0.2299, -0.0577) m
[14:01:09.642] [debug] [ManualAdjust] 平移增量 dxyz=(0.0000, 0.0050, 0.0000)m
[14:01:09.642] [info] [ManualAdjust] 当前外参 [lidar_front→cam_left]:
[14:01:09.642] [info]   旋转 RPY: (-58.8701, -88.5405, -31.0062) deg
[14:01:09.642] [info]   平移 XYZ: (0.1230, 0.2349, -0.0577) m
[14:01:09.673] [debug] [ManualAdjust] 平移增量 dxyz=(0.0000, 0.0050, 0.0000)m
[14:01:09.673] [info] [ManualAdjust] 当前外参 [lidar_front→cam_left]:
[14:01:09.673] [info]   旋转 RPY: (-58.8701, -88.5405, -31.0062) deg
[14:01:09.673] [info]   平移 XYZ: (0.1230, 0.2399, -0.0577) m
[14:01:09.703] [debug] [ManualAdjust] 平移增量 dxyz=(0.0000, 0.0050, 0.0000)m
[14:01:09.703] [info] [ManualAdjust] 当前外参 [lidar_front→cam_left]:
[14:01:09.703] [info]   旋转 RPY: (-58.8701, -88.5405, -31.0062) deg
[14:01:09.703] [info]   平移 XYZ: (0.1230, 0.2449, -0.0577) m
[14:01:09.733] [debug] [ManualAdjust] 平移增量 dxyz=(0.0000, 0.0050, 0.0000)m
[14:01:09.733] [info] [ManualAdjust] 当前外参 [lidar_front→cam_left]:
[14:01:09.733] [info]   旋转 RPY: (-58.8701, -88.5405, -31.0062) deg
[14:01:09.733] [info]   平移 XYZ: (0.1230, 0.2499, -0.0577) m
[14:01:11.173] [debug] [ManualAdjust] 平移增量 dxyz=(0.0000, -0.0050, 0.0000)m
[14:01:11.173] [info] [ManualAdjust] 当前外参 [lidar_front→cam_left]:
[14:01:11.173] [info]   旋转 RPY: (-58.8701, -88.5405, -31.0062) deg
[14:01:11.173] [info]   平移 XYZ: (0.1230, 0.2449, -0.0577) m
[14:01:11.476] [debug] [ManualAdjust] 平移增量 dxyz=(0.0000, -0.0050, 0.0000)m
[14:01:11.476] [info] [ManualAdjust] 当前外参 [lidar_front→cam_left]:
[14:01:11.476] [info]   旋转 RPY: (-58.8701, -88.5405, -31.0062) deg
[14:01:11.476] [info]   平移 XYZ: (0.1230, 0.2399, -0.0577) m
[14:01:11.653] [debug] [ManualAdjust] 平移增量 dxyz=(0.0000, -0.0050, 0.0000)m
[14:01:11.653] [info] [ManualAdjust] 当前外参 [lidar_front→cam_left]:
[14:01:11.653] [info]   旋转 RPY: (-58.8701, -88.5405, -31.0062) deg
[14:01:11.653] [info]   平移 XYZ: (0.1230, 0.2349, -0.0577) m
[14:01:11.821] [debug] [ManualAdjust] 平移增量 dxyz=(0.0000, -0.0050, 0.0000)m
[14:01:11.821] [info] [ManualAdjust] 当前外参 [lidar_front→cam_left]:
[14:01:11.821] [info]   旋转 RPY: (-58.8701, -88.5405, -31.0062) deg
[14:01:11.821] [info]   平移 XYZ: (0.1230, 0.2299, -0.0577) m
[14:01:12.032] [debug] [ManualAdjust] 平移增量 dxyz=(0.0000, -0.0050, 0.0000)m
[14:01:12.032] [info] [ManualAdjust] 当前外参 [lidar_front→cam_left]:
[14:01:12.032] [info]   旋转 RPY: (-58.8701, -88.5405, -31.0062) deg
[14:01:12.032] [info]   平移 XYZ: (0.1230, 0.2249, -0.0577) m
[14:01:12.542] [debug] [ManualAdjust] 平移增量 dxyz=(0.0000, -0.0050, 0.0000)m
[14:01:12.542] [info] [ManualAdjust] 当前外参 [lidar_front→cam_left]:
[14:01:12.542] [info]   旋转 RPY: (-58.8701, -88.5405, -31.0062) deg
[14:01:12.542] [info]   平移 XYZ: (0.1230, 0.2199, -0.0577) m
[14:01:14.923] [debug] [ManualAdjust] 旋转增量 RPY=(0.000, 0.000, -0.100)deg
[14:01:14.923] [info] [ManualAdjust] 当前外参 [lidar_front→cam_left]:
[14:01:14.923] [info]   旋转 RPY: (-56.7156, -88.6251, -33.1614) deg
[14:01:14.923] [info]   平移 XYZ: (0.1230, 0.2199, -0.0577) m
[14:01:15.278] [debug] [ManualAdjust] 旋转增量 RPY=(0.000, 0.000, -0.100)deg
[14:01:15.278] [info] [ManualAdjust] 当前外参 [lidar_front→cam_left]:
[14:01:15.278] [info]   旋转 RPY: (-54.2825, -88.7076, -35.5952) deg
[14:01:15.278] [info]   平移 XYZ: (0.1230, 0.2199, -0.0577) m
[14:01:15.660] [debug] [ManualAdjust] 旋转增量 RPY=(0.000, -0.100, 0.000)deg
[14:01:15.660] [info] [ManualAdjust] 当前外参 [lidar_front→cam_left]:
[14:01:15.660] [info]   旋转 RPY: (-58.0460, -88.7633, -31.8308) deg
[14:01:15.660] [info]   平移 XYZ: (0.1230, 0.2199, -0.0577) m
[14:01:15.673] [info] [ManualAdjust] 结果已保存: ./results/lidar_camera_extrinsic/manual_extrinsic_20260408_140115.yaml
[14:01:15.673] [info] [ManualCalib] 手动微调快照已保存:
[14:01:15.673] [info]   - 投影图: ./results/lidar_camera_extrinsic/manual_projection_20260408_140115.png
[14:01:15.673] [info]   - 点云:   ./results/lidar_camera_extrinsic/manual_cloud_20260408_140115.pcd
[14:01:15.673] [info]   - 外参:   ./results/lidar_camera_extrinsic/manual_extrinsic_20260408_140115.yaml
[14:01:16.308] [debug] [ManualAdjust] 旋转增量 RPY=(0.000, 0.000, 0.100)deg
[14:01:16.308] [info] [ManualAdjust] 当前外参 [lidar_front→cam_left]:
[14:01:16.308] [info]   旋转 RPY: (-60.3388, -88.6774, -29.5373) deg
[14:01:16.308] [info]   平移 XYZ: (0.1230, 0.2199, -0.0577) m
[14:01:16.531] [debug] [ManualAdjust] 旋转增量 RPY=(0.000, 0.000, 0.100)deg
[14:01:16.531] [info] [ManualAdjust] 当前外参 [lidar_front→cam_left]:
[14:01:16.531] [info]   旋转 RPY: (-62.3492, -88.5896, -27.5264) deg
[14:01:16.531] [info]   平移 XYZ: (0.1230, 0.2199, -0.0577) m
[14:01:16.719] [debug] [ManualAdjust] 旋转增量 RPY=(0.000, 0.000, 0.100)deg
[14:01:16.719] [info] [ManualAdjust] 当前外参 [lidar_front→cam_left]:
[14:01:16.719] [info]   旋转 RPY: (-64.1222, -88.5003, -25.7529) deg
[14:01:16.719] [info]   平移 XYZ: (0.1230, 0.2199, -0.0577) m
[14:01:17.083] [debug] [ManualAdjust] 旋转增量 RPY=(0.000, 0.000, 0.100)deg
[14:01:17.083] [info] [ManualAdjust] 当前外参 [lidar_front→cam_left]:
[14:01:17.083] [info]   旋转 RPY: (-65.6945, -88.4097, -24.1800) deg
[14:01:17.083] [info]   平移 XYZ: (0.1230, 0.2199, -0.0577) m
[14:01:18.789] [debug] [ManualAdjust] 旋转增量 RPY=(0.000, 0.100, 0.000)deg
[14:01:18.789] [info] [ManualAdjust] 当前外参 [lidar_front→cam_left]:
[14:01:18.789] [info]   旋转 RPY: (-62.4979, -88.3660, -27.3778) deg
[14:01:18.789] [info]   平移 XYZ: (0.1230, 0.2199, -0.0577) m
[14:01:19.243] [debug] [ManualAdjust] 旋转增量 RPY=(0.000, 0.100, 0.000)deg
[14:01:19.243] [info] [ManualAdjust] 当前外参 [lidar_front→cam_left]:
[14:01:19.243] [info]   旋转 RPY: (-59.4768, -88.3175, -30.4002) deg
[14:01:19.243] [info]   平移 XYZ: (0.1230, 0.2199, -0.0577) m
[14:01:19.459] [debug] [ManualAdjust] 旋转增量 RPY=(0.000, 0.100, 0.000)deg
[14:01:19.459] [info] [ManualAdjust] 当前外参 [lidar_front→cam_left]:
[14:01:19.459] [info]   旋转 RPY: (-56.6324, -88.2646, -33.2459) deg
[14:01:19.459] [info]   平移 XYZ: (0.1230, 0.2199, -0.0577) m
[14:01:19.660] [debug] [ManualAdjust] 旋转增量 RPY=(0.000, 0.100, 0.000)deg
[14:01:19.660] [info] [ManualAdjust] 当前外参 [lidar_front→cam_left]:
[14:01:19.660] [info]   旋转 RPY: (-53.9625, -88.2076, -35.9170) deg
[14:01:19.660] [info]   平移 XYZ: (0.1230, 0.2199, -0.0577) m
[14:01:19.847] [debug] [ManualAdjust] 旋转增量 RPY=(0.000, 0.100, 0.000)deg
[14:01:19.847] [info] [ManualAdjust] 当前外参 [lidar_front→cam_left]:
[14:01:19.847] [info]   旋转 RPY: (-51.4622, -88.1470, -38.4186) deg
[14:01:19.847] [info]   平移 XYZ: (0.1230, 0.2199, -0.0577) m
[14:01:20.059] [debug] [ManualAdjust] 旋转增量 RPY=(0.000, 0.100, 0.000)deg
[14:01:20.059] [info] [ManualAdjust] 当前外参 [lidar_front→cam_left]:
[14:01:20.059] [info]   旋转 RPY: (-49.1243, -88.0831, -40.7577) deg
[14:01:20.059] [info]   平移 XYZ: (0.1230, 0.2199, -0.0577) m
[14:01:20.219] [debug] [ManualAdjust] 旋转增量 RPY=(0.000, 0.100, 0.000)deg
[14:01:20.219] [info] [ManualAdjust] 当前外参 [lidar_front→cam_left]:
[14:01:20.219] [info]   旋转 RPY: (-46.9407, -88.0163, -42.9426) deg
[14:01:20.219] [info]   平移 XYZ: (0.1230, 0.2199, -0.0577) m
[14:01:20.504] [debug] [ManualAdjust] 旋转增量 RPY=(0.000, 0.100, 0.000)deg
[14:01:20.504] [info] [ManualAdjust] 当前外参 [lidar_front→cam_left]:
[14:01:20.504] [info]   旋转 RPY: (-44.9023, -87.9467, -44.9823) deg
[14:01:20.504] [info]   平移 XYZ: (0.1230, 0.2199, -0.0577) m
[14:01:20.783] [debug] [ManualAdjust] 旋转增量 RPY=(0.000, 0.100, 0.000)deg
[14:01:20.783] [info] [ManualAdjust] 当前外参 [lidar_front→cam_left]:
[14:01:20.783] [info]   旋转 RPY: (-42.9998, -87.8747, -46.8861) deg
[14:01:20.783] [info]   平移 XYZ: (0.1230, 0.2199, -0.0577) m
[14:01:21.188] [debug] [ManualAdjust] 旋转增量 RPY=(0.000, 0.100, 0.000)deg
[14:01:21.188] [info] [ManualAdjust] 当前外参 [lidar_front→cam_left]:
[14:01:21.188] [info]   旋转 RPY: (-41.2238, -87.8005, -48.6633) deg
[14:01:21.188] [info]   平移 XYZ: (0.1230, 0.2199, -0.0577) m
[14:01:21.548] [debug] [ManualAdjust] 旋转增量 RPY=(0.000, 0.100, 0.000)deg
[14:01:21.548] [info] [ManualAdjust] 当前外参 [lidar_front→cam_left]:
[14:01:21.548] [info]   旋转 RPY: (-39.5652, -87.7243, -50.3232) deg
[14:01:21.548] [info]   平移 XYZ: (0.1230, 0.2199, -0.0577) m
[14:01:22.099] [debug] [ManualAdjust] 旋转增量 RPY=(0.000, 0.100, 0.000)deg
[14:01:22.099] [info] [ManualAdjust] 当前外参 [lidar_front→cam_left]:
[14:01:22.099] [info]   旋转 RPY: (-38.0152, -87.6464, -51.8744) deg
[14:01:22.099] [info]   平移 XYZ: (0.1230, 0.2199, -0.0577) m
[14:01:22.403] [debug] [ManualAdjust] 旋转增量 RPY=(0.000, 0.100, 0.000)deg
[14:01:22.403] [info] [ManualAdjust] 当前外参 [lidar_front→cam_left]:
[14:01:22.403] [info]   旋转 RPY: (-36.5657, -87.5668, -53.3252) deg
[14:01:22.403] [info]   平移 XYZ: (0.1230, 0.2199, -0.0577) m
[14:01:23.188] [debug] [ManualAdjust] 旋转增量 RPY=(0.000, -0.100, 0.000)deg
[14:01:23.188] [info] [ManualAdjust] 当前外参 [lidar_front→cam_left]:
[14:01:23.188] [info]   旋转 RPY: (-38.0152, -87.6464, -51.8744) deg
[14:01:23.188] [info]   平移 XYZ: (0.1230, 0.2199, -0.0577) m
[14:01:23.196] [info] [ManualAdjust] 结果已保存: ./results/lidar_camera_extrinsic/manual_extrinsic_20260408_140123.yaml
[14:01:23.196] [info] [ManualCalib] 手动微调快照已保存:
[14:01:23.196] [info]   - 投影图: ./results/lidar_camera_extrinsic/manual_projection_20260408_140123.png
[14:01:23.196] [info]   - 点云:   ./results/lidar_camera_extrinsic/manual_cloud_20260408_140123.pcd
[14:01:23.196] [info]   - 外参:   ./results/lidar_camera_extrinsic/manual_extrinsic_20260408_140123.yaml
[14:01:23.956] [debug] [ManualAdjust] 旋转增量 RPY=(0.100, 0.000, 0.000)deg
[14:01:23.956] [info] [ManualAdjust] 当前外参 [lidar_front→cam_left]:
[14:01:23.956] [info]   旋转 RPY: (-37.9152, -87.6464, -51.8744) deg
[14:01:23.956] [info]   平移 XYZ: (0.1230, 0.2199, -0.0577) m
[14:01:24.443] [debug] [ManualAdjust] 旋转增量 RPY=(-0.100, 0.000, 0.000)deg
[14:01:24.443] [info] [ManualAdjust] 当前外参 [lidar_front→cam_left]:
[14:01:24.443] [info]   旋转 RPY: (-38.0152, -87.6464, -51.8744) deg
[14:01:24.443] [info]   平移 XYZ: (0.1230, 0.2199, -0.0577) m
[14:01:24.822] [debug] [ManualAdjust] 旋转增量 RPY=(-0.100, 0.000, 0.000)deg
[14:01:24.822] [info] [ManualAdjust] 当前外参 [lidar_front→cam_left]:
[14:01:24.822] [info]   旋转 RPY: (-38.1152, -87.6464, -51.8744) deg
[14:01:24.822] [info]   平移 XYZ: (0.1230, 0.2199, -0.0577) m
[14:01:25.331] [debug] [ManualAdjust] 旋转增量 RPY=(-0.100, 0.000, 0.000)deg
[14:01:25.331] [info] [ManualAdjust] 当前外参 [lidar_front→cam_left]:
[14:01:25.331] [info]   旋转 RPY: (-38.2152, -87.6464, -51.8744) deg
[14:01:25.331] [info]   平移 XYZ: (0.1230, 0.2199, -0.0577) m
[14:01:25.351] [debug] [ManualAdjust] 旋转增量 RPY=(-0.100, 0.000, 0.000)deg
[14:01:25.351] [info] [ManualAdjust] 当前外参 [lidar_front→cam_left]:
[14:01:25.351] [info]   旋转 RPY: (-38.3152, -87.6464, -51.8744) deg
[14:01:25.351] [info]   平移 XYZ: (0.1230, 0.2199, -0.0577) m
[14:01:25.384] [debug] [ManualAdjust] 旋转增量 RPY=(-0.100, 0.000, 0.000)deg
[14:01:25.384] [info] [ManualAdjust] 当前外参 [lidar_front→cam_left]:
[14:01:25.384] [info]   旋转 RPY: (-38.4152, -87.6464, -51.8744) deg
[14:01:25.384] [info]   平移 XYZ: (0.1230, 0.2199, -0.0577) m
[14:01:25.414] [debug] [ManualAdjust] 旋转增量 RPY=(-0.100, 0.000, 0.000)deg
[14:01:25.414] [info] [ManualAdjust] 当前外参 [lidar_front→cam_left]:
[14:01:25.414] [info]   旋转 RPY: (-38.5152, -87.6464, -51.8744) deg
[14:01:25.414] [info]   平移 XYZ: (0.1230, 0.2199, -0.0577) m
[14:01:25.445] [debug] [ManualAdjust] 旋转增量 RPY=(-0.100, 0.000, 0.000)deg
[14:01:25.445] [info] [ManualAdjust] 当前外参 [lidar_front→cam_left]:
[14:01:25.445] [info]   旋转 RPY: (-38.6152, -87.6464, -51.8744) deg
[14:01:25.445] [info]   平移 XYZ: (0.1230, 0.2199, -0.0577) m
[14:01:25.475] [debug] [ManualAdjust] 旋转增量 RPY=(-0.100, 0.000, 0.000)deg
[14:01:25.475] [info] [ManualAdjust] 当前外参 [lidar_front→cam_left]:
[14:01:25.475] [info]   旋转 RPY: (-38.7152, -87.6464, -51.8744) deg
[14:01:25.475] [info]   平移 XYZ: (0.1230, 0.2199, -0.0577) m
[14:01:25.506] [debug] [ManualAdjust] 旋转增量 RPY=(-0.100, 0.000, 0.000)deg
[14:01:25.506] [info] [ManualAdjust] 当前外参 [lidar_front→cam_left]:
[14:01:25.506] [info]   旋转 RPY: (-38.8152, -87.6464, -51.8744) deg
[14:01:25.506] [info]   平移 XYZ: (0.1230, 0.2199, -0.0577) m
[14:01:25.536] [debug] [ManualAdjust] 旋转增量 RPY=(-0.100, 0.000, 0.000)deg
[14:01:25.536] [info] [ManualAdjust] 当前外参 [lidar_front→cam_left]:
[14:01:25.536] [info]   旋转 RPY: (-38.9152, -87.6464, -51.8744) deg
[14:01:25.536] [info]   平移 XYZ: (0.1230, 0.2199, -0.0577) m
[14:01:25.566] [debug] [ManualAdjust] 旋转增量 RPY=(-0.100, 0.000, 0.000)deg
[14:01:25.566] [info] [ManualAdjust] 当前外参 [lidar_front→cam_left]:
[14:01:25.566] [info]   旋转 RPY: (-39.0152, -87.6464, -51.8744) deg
[14:01:25.566] [info]   平移 XYZ: (0.1230, 0.2199, -0.0577) m
[14:01:25.599] [debug] [ManualAdjust] 旋转增量 RPY=(-0.100, 0.000, 0.000)deg
[14:01:25.599] [info] [ManualAdjust] 当前外参 [lidar_front→cam_left]:
[14:01:25.599] [info]   旋转 RPY: (-39.1152, -87.6464, -51.8744) deg
[14:01:25.599] [info]   平移 XYZ: (0.1230, 0.2199, -0.0577) m
[14:01:25.629] [debug] [ManualAdjust] 旋转增量 RPY=(-0.100, 0.000, 0.000)deg
[14:01:25.629] [info] [ManualAdjust] 当前外参 [lidar_front→cam_left]:
[14:01:25.629] [info]   旋转 RPY: (-39.2152, -87.6464, -51.8744) deg
[14:01:25.629] [info]   平移 XYZ: (0.1230, 0.2199, -0.0577) m
[14:01:25.659] [debug] [ManualAdjust] 旋转增量 RPY=(-0.100, 0.000, 0.000)deg
[14:01:25.659] [info] [ManualAdjust] 当前外参 [lidar_front→cam_left]:
[14:01:25.659] [info]   旋转 RPY: (-39.3152, -87.6464, -51.8744) deg
[14:01:25.659] [info]   平移 XYZ: (0.1230, 0.2199, -0.0577) m
[14:01:26.158] [debug] [ManualAdjust] 旋转增量 RPY=(0.000, -0.100, 0.000)deg
[14:01:26.158] [info] [ManualAdjust] 当前外参 [lidar_front→cam_left]:
[14:01:26.158] [info]   旋转 RPY: (-40.9088, -87.7229, -50.2796) deg
[14:01:26.158] [info]   平移 XYZ: (0.1230, 0.2199, -0.0577) m
[14:01:26.199] [info] [ManualAdjust] 结果已保存: ./results/lidar_camera_extrinsic/manual_extrinsic_20260408_140126.yaml
[14:01:26.199] [info] [ManualCalib] 手动微调快照已保存:
[14:01:26.199] [info]   - 投影图: ./results/lidar_camera_extrinsic/manual_projection_20260408_140126.png
[14:01:26.199] [info]   - 点云:   ./results/lidar_camera_extrinsic/manual_cloud_20260408_140126.pcd
[14:01:26.199] [info]   - 外参:   ./results/lidar_camera_extrinsic/manual_extrinsic_20260408_140126.yaml
[14:01:26.747] [debug] [ManualAdjust] 旋转增量 RPY=(0.100, 0.000, 0.000)deg
[14:01:26.747] [info] [ManualAdjust] 当前外参 [lidar_front→cam_left]:
[14:01:26.747] [info]   旋转 RPY: (-40.8088, -87.7229, -50.2796) deg
[14:01:26.747] [info]   平移 XYZ: (0.1230, 0.2199, -0.0577) m
[14:01:27.255] [debug] [ManualAdjust] 旋转增量 RPY=(0.100, 0.000, 0.000)deg
[14:01:27.255] [info] [ManualAdjust] 当前外参 [lidar_front→cam_left]:
[14:01:27.255] [info]   旋转 RPY: (-40.7088, -87.7229, -50.2796) deg
[14:01:27.255] [info]   平移 XYZ: (0.1230, 0.2199, -0.0577) m
[14:01:27.284] [debug] [ManualAdjust] 旋转增量 RPY=(0.100, 0.000, 0.000)deg
[14:01:27.284] [info] [ManualAdjust] 当前外参 [lidar_front→cam_left]:
[14:01:27.284] [info]   旋转 RPY: (-40.6088, -87.7229, -50.2796) deg
[14:01:27.284] [info]   平移 XYZ: (0.1230, 0.2199, -0.0577) m
[14:01:27.643] [debug] [ManualAdjust] 旋转增量 RPY=(0.100, 0.000, 0.000)deg
[14:01:27.643] [info] [ManualAdjust] 当前外参 [lidar_front→cam_left]:
[14:01:27.643] [info]   旋转 RPY: (-40.5088, -87.7229, -50.2796) deg
[14:01:27.643] [info]   平移 XYZ: (0.1230, 0.2199, -0.0577) m
[14:01:27.972] [debug] [ManualAdjust] 旋转增量 RPY=(0.100, 0.000, 0.000)deg
[14:01:27.972] [info] [ManualAdjust] 当前外参 [lidar_front→cam_left]:
[14:01:27.972] [info]   旋转 RPY: (-40.4088, -87.7229, -50.2796) deg
[14:01:27.972] [info]   平移 XYZ: (0.1230, 0.2199, -0.0577) m
[14:01:28.357] [debug] [ManualAdjust] 旋转增量 RPY=(0.100, 0.000, 0.000)deg
[14:01:28.357] [info] [ManualAdjust] 当前外参 [lidar_front→cam_left]:
[14:01:28.357] [info]   旋转 RPY: (-40.3088, -87.7229, -50.2796) deg
[14:01:28.357] [info]   平移 XYZ: (0.1230, 0.2199, -0.0577) m
[14:01:28.579] [debug] [ManualAdjust] 旋转增量 RPY=(0.100, 0.000, 0.000)deg
[14:01:28.579] [info] [ManualAdjust] 当前外参 [lidar_front→cam_left]:
[14:01:28.579] [info]   旋转 RPY: (-40.2088, -87.7229, -50.2796) deg
[14:01:28.579] [info]   平移 XYZ: (0.1230, 0.2199, -0.0577) m
[14:01:28.784] [debug] [ManualAdjust] 旋转增量 RPY=(0.100, 0.000, 0.000)deg
[14:01:28.784] [info] [ManualAdjust] 当前外参 [lidar_front→cam_left]:
[14:01:28.784] [info]   旋转 RPY: (-40.1088, -87.7229, -50.2796) deg
[14:01:28.784] [info]   平移 XYZ: (0.1230, 0.2199, -0.0577) m
[14:01:28.978] [debug] [ManualAdjust] 旋转增量 RPY=(0.100, 0.000, 0.000)deg
[14:01:28.978] [info] [ManualAdjust] 当前外参 [lidar_front→cam_left]:
[14:01:28.978] [info]   旋转 RPY: (-40.0088, -87.7229, -50.2796) deg
[14:01:28.978] [info]   平移 XYZ: (0.1230, 0.2199, -0.0577) m
[14:01:29.723] [debug] [ManualAdjust] 旋转增量 RPY=(0.100, 0.000, 0.000)deg
[14:01:29.723] [info] [ManualAdjust] 当前外参 [lidar_front→cam_left]:
[14:01:29.723] [info]   旋转 RPY: (-39.9088, -87.7229, -50.2796) deg
[14:01:29.723] [info]   平移 XYZ: (0.1230, 0.2199, -0.0577) m
[14:01:37.905] [debug] [ManualAdjust] 平移增量 dxyz=(0.0000, 0.0000, 0.0050)m
[14:01:37.905] [info] [ManualAdjust] 当前外参 [lidar_front→cam_left]:
[14:01:37.905] [info]   旋转 RPY: (-39.9088, -87.7229, -50.2796) deg
[14:01:37.905] [info]   平移 XYZ: (0.1230, 0.2199, -0.0527) m
[14:01:38.306] [debug] [ManualAdjust] 平移增量 dxyz=(0.0000, 0.0000, 0.0050)m
[14:01:38.306] [info] [ManualAdjust] 当前外参 [lidar_front→cam_left]:
[14:01:38.306] [info]   旋转 RPY: (-39.9088, -87.7229, -50.2796) deg
[14:01:38.306] [info]   平移 XYZ: (0.1230, 0.2199, -0.0477) m
[14:01:38.806] [debug] [ManualAdjust] 平移增量 dxyz=(0.0000, 0.0000, 0.0050)m
[14:01:38.806] [info] [ManualAdjust] 当前外参 [lidar_front→cam_left]:
[14:01:38.806] [info]   旋转 RPY: (-39.9088, -87.7229, -50.2796) deg
[14:01:38.806] [info]   平移 XYZ: (0.1230, 0.2199, -0.0427) m
[14:01:38.836] [debug] [ManualAdjust] 平移增量 dxyz=(0.0000, 0.0000, 0.0050)m
[14:01:38.836] [info] [ManualAdjust] 当前外参 [lidar_front→cam_left]:
[14:01:38.836] [info]   旋转 RPY: (-39.9088, -87.7229, -50.2796) deg
[14:01:38.836] [info]   平移 XYZ: (0.1230, 0.2199, -0.0377) m
[14:01:38.865] [debug] [ManualAdjust] 平移增量 dxyz=(0.0000, 0.0000, 0.0050)m
[14:01:38.865] [info] [ManualAdjust] 当前外参 [lidar_front→cam_left]:
[14:01:38.866] [info]   旋转 RPY: (-39.9088, -87.7229, -50.2796) deg
[14:01:38.866] [info]   平移 XYZ: (0.1230, 0.2199, -0.0327) m
[14:01:38.897] [debug] [ManualAdjust] 平移增量 dxyz=(0.0000, 0.0000, 0.0050)m
[14:01:38.897] [info] [ManualAdjust] 当前外参 [lidar_front→cam_left]:
[14:01:38.897] [info]   旋转 RPY: (-39.9088, -87.7229, -50.2796) deg
[14:01:38.897] [info]   平移 XYZ: (0.1230, 0.2199, -0.0277) m
[14:01:38.927] [debug] [ManualAdjust] 平移增量 dxyz=(0.0000, 0.0000, 0.0050)m
[14:01:38.927] [info] [ManualAdjust] 当前外参 [lidar_front→cam_left]:
[14:01:38.927] [info]   旋转 RPY: (-39.9088, -87.7229, -50.2796) deg
[14:01:38.927] [info]   平移 XYZ: (0.1230, 0.2199, -0.0227) m
[14:01:38.957] [debug] [ManualAdjust] 平移增量 dxyz=(0.0000, 0.0000, 0.0050)m
[14:01:38.957] [info] [ManualAdjust] 当前外参 [lidar_front→cam_left]:
[14:01:38.957] [info]   旋转 RPY: (-39.9088, -87.7229, -50.2796) deg
[14:01:38.957] [info]   平移 XYZ: (0.1230, 0.2199, -0.0177) m
[14:01:38.987] [debug] [ManualAdjust] 平移增量 dxyz=(0.0000, 0.0000, 0.0050)m
[14:01:38.987] [info] [ManualAdjust] 当前外参 [lidar_front→cam_left]:
[14:01:38.987] [info]   旋转 RPY: (-39.9088, -87.7229, -50.2796) deg
[14:01:38.987] [info]   平移 XYZ: (0.1230, 0.2199, -0.0127) m
[14:01:39.017] [debug] [ManualAdjust] 平移增量 dxyz=(0.0000, 0.0000, 0.0050)m
[14:01:39.017] [info] [ManualAdjust] 当前外参 [lidar_front→cam_left]:
[14:01:39.017] [info]   旋转 RPY: (-39.9088, -87.7229, -50.2796) deg
[14:01:39.017] [info]   平移 XYZ: (0.1230, 0.2199, -0.0077) m
[14:01:39.047] [debug] [ManualAdjust] 平移增量 dxyz=(0.0000, 0.0000, 0.0050)m
[14:01:39.047] [info] [ManualAdjust] 当前外参 [lidar_front→cam_left]:
[14:01:39.047] [info]   旋转 RPY: (-39.9088, -87.7229, -50.2796) deg
[14:01:39.047] [info]   平移 XYZ: (0.1230, 0.2199, -0.0027) m
[14:01:39.077] [debug] [ManualAdjust] 平移增量 dxyz=(0.0000, 0.0000, 0.0050)m
[14:01:39.077] [info] [ManualAdjust] 当前外参 [lidar_front→cam_left]:
[14:01:39.077] [info]   旋转 RPY: (-39.9088, -87.7229, -50.2796) deg
[14:01:39.077] [info]   平移 XYZ: (0.1230, 0.2199, 0.0023) m
[14:01:39.359] [debug] [ManualAdjust] 平移增量 dxyz=(0.0000, 0.0000, -0.0050)m
[14:01:39.359] [info] [ManualAdjust] 当前外参 [lidar_front→cam_left]:
[14:01:39.359] [info]   旋转 RPY: (-39.9088, -87.7229, -50.2796) deg
[14:01:39.359] [info]   平移 XYZ: (0.1230, 0.2199, -0.0027) m
[14:01:39.860] [debug] [ManualAdjust] 平移增量 dxyz=(0.0000, 0.0000, -0.0050)m
[14:01:39.860] [info] [ManualAdjust] 当前外参 [lidar_front→cam_left]:
[14:01:39.860] [info]   旋转 RPY: (-39.9088, -87.7229, -50.2796) deg
[14:01:39.860] [info]   平移 XYZ: (0.1230, 0.2199, -0.0077) m
[14:01:39.905] [debug] [ManualAdjust] 平移增量 dxyz=(0.0000, 0.0000, -0.0050)m
[14:01:39.905] [info] [ManualAdjust] 当前外参 [lidar_front→cam_left]:
[14:01:39.905] [info]   旋转 RPY: (-39.9088, -87.7229, -50.2796) deg
[14:01:39.905] [info]   平移 XYZ: (0.1230, 0.2199, -0.0127) m
[14:01:39.934] [debug] [ManualAdjust] 平移增量 dxyz=(0.0000, 0.0000, -0.0050)m
[14:01:39.934] [info] [ManualAdjust] 当前外参 [lidar_front→cam_left]:
[14:01:39.934] [info]   旋转 RPY: (-39.9088, -87.7229, -50.2796) deg
[14:01:39.934] [info]   平移 XYZ: (0.1230, 0.2199, -0.0177) m
[14:01:39.965] [debug] [ManualAdjust] 平移增量 dxyz=(0.0000, 0.0000, -0.0050)m
[14:01:39.965] [info] [ManualAdjust] 当前外参 [lidar_front→cam_left]:
[14:01:39.965] [info]   旋转 RPY: (-39.9088, -87.7229, -50.2796) deg
[14:01:39.965] [info]   平移 XYZ: (0.1230, 0.2199, -0.0227) m
[14:01:39.999] [debug] [ManualAdjust] 平移增量 dxyz=(0.0000, 0.0000, -0.0050)m
[14:01:40.000] [info] [ManualAdjust] 当前外参 [lidar_front→cam_left]:
[14:01:40.000] [info]   旋转 RPY: (-39.9088, -87.7229, -50.2796) deg
[14:01:40.000] [info]   平移 XYZ: (0.1230, 0.2199, -0.0277) m
[14:01:40.031] [debug] [ManualAdjust] 平移增量 dxyz=(0.0000, 0.0000, -0.0050)m
[14:01:40.031] [info] [ManualAdjust] 当前外参 [lidar_front→cam_left]:
[14:01:40.031] [info]   旋转 RPY: (-39.9088, -87.7229, -50.2796) deg
[14:01:40.031] [info]   平移 XYZ: (0.1230, 0.2199, -0.0327) m
[14:01:40.061] [debug] [ManualAdjust] 平移增量 dxyz=(0.0000, 0.0000, -0.0050)m
[14:01:40.061] [info] [ManualAdjust] 当前外参 [lidar_front→cam_left]:
[14:01:40.061] [info]   旋转 RPY: (-39.9088, -87.7229, -50.2796) deg
[14:01:40.061] [info]   平移 XYZ: (0.1230, 0.2199, -0.0377) m
[14:01:40.092] [debug] [ManualAdjust] 平移增量 dxyz=(0.0000, 0.0000, -0.0050)m
[14:01:40.092] [info] [ManualAdjust] 当前外参 [lidar_front→cam_left]:
[14:01:40.092] [info]   旋转 RPY: (-39.9088, -87.7229, -50.2796) deg
[14:01:40.092] [info]   平移 XYZ: (0.1230, 0.2199, -0.0427) m
[14:01:40.124] [debug] [ManualAdjust] 平移增量 dxyz=(0.0000, 0.0000, -0.0050)m
[14:01:40.124] [info] [ManualAdjust] 当前外参 [lidar_front→cam_left]:
[14:01:40.124] [info]   旋转 RPY: (-39.9088, -87.7229, -50.2796) deg
[14:01:40.124] [info]   平移 XYZ: (0.1230, 0.2199, -0.0477) m
[14:01:40.157] [debug] [ManualAdjust] 平移增量 dxyz=(0.0000, 0.0000, -0.0050)m
[14:01:40.157] [info] [ManualAdjust] 当前外参 [lidar_front→cam_left]:
[14:01:40.157] [info]   旋转 RPY: (-39.9088, -87.7229, -50.2796) deg
[14:01:40.157] [info]   平移 XYZ: (0.1230, 0.2199, -0.0527) m
[14:01:40.188] [debug] [ManualAdjust] 平移增量 dxyz=(0.0000, 0.0000, -0.0050)m
[14:01:40.188] [info] [ManualAdjust] 当前外参 [lidar_front→cam_left]:
[14:01:40.188] [info]   旋转 RPY: (-39.9088, -87.7229, -50.2796) deg
[14:01:40.188] [info]   平移 XYZ: (0.1230, 0.2199, -0.0577) m
[14:01:40.219] [debug] [ManualAdjust] 平移增量 dxyz=(0.0000, 0.0000, -0.0050)m
[14:01:40.219] [info] [ManualAdjust] 当前外参 [lidar_front→cam_left]:
[14:01:40.219] [info]   旋转 RPY: (-39.9088, -87.7229, -50.2796) deg
[14:01:40.219] [info]   平移 XYZ: (0.1230, 0.2199, -0.0627) m
[14:01:40.249] [debug] [ManualAdjust] 平移增量 dxyz=(0.0000, 0.0000, -0.0050)m
[14:01:40.249] [info] [ManualAdjust] 当前外参 [lidar_front→cam_left]:
[14:01:40.249] [info]   旋转 RPY: (-39.9088, -87.7229, -50.2796) deg
[14:01:40.249] [info]   平移 XYZ: (0.1230, 0.2199, -0.0677) m
[14:01:40.278] [debug] [ManualAdjust] 平移增量 dxyz=(0.0000, 0.0000, -0.0050)m
[14:01:40.278] [info] [ManualAdjust] 当前外参 [lidar_front→cam_left]:
[14:01:40.278] [info]   旋转 RPY: (-39.9088, -87.7229, -50.2796) deg
[14:01:40.278] [info]   平移 XYZ: (0.1230, 0.2199, -0.0727) m
[14:01:40.309] [debug] [ManualAdjust] 平移增量 dxyz=(0.0000, 0.0000, -0.0050)m
[14:01:40.309] [info] [ManualAdjust] 当前外参 [lidar_front→cam_left]:
[14:01:40.309] [info]   旋转 RPY: (-39.9088, -87.7229, -50.2796) deg
[14:01:40.309] [info]   平移 XYZ: (0.1230, 0.2199, -0.0777) m
[14:01:40.339] [debug] [ManualAdjust] 平移增量 dxyz=(0.0000, 0.0000, -0.0050)m
[14:01:40.339] [info] [ManualAdjust] 当前外参 [lidar_front→cam_left]:
[14:01:40.339] [info]   旋转 RPY: (-39.9088, -87.7229, -50.2796) deg
[14:01:40.339] [info]   平移 XYZ: (0.1230, 0.2199, -0.0827) m
[14:01:40.371] [debug] [ManualAdjust] 平移增量 dxyz=(0.0000, 0.0000, -0.0050)m
[14:01:40.371] [info] [ManualAdjust] 当前外参 [lidar_front→cam_left]:
[14:01:40.371] [info]   旋转 RPY: (-39.9088, -87.7229, -50.2796) deg
[14:01:40.371] [info]   平移 XYZ: (0.1230, 0.2199, -0.0877) m
[14:01:40.402] [debug] [ManualAdjust] 平移增量 dxyz=(0.0000, 0.0000, -0.0050)m
[14:01:40.402] [info] [ManualAdjust] 当前外参 [lidar_front→cam_left]:
[14:01:40.402] [info]   旋转 RPY: (-39.9088, -87.7229, -50.2796) deg
[14:01:40.402] [info]   平移 XYZ: (0.1230, 0.2199, -0.0927) m
[14:01:40.433] [debug] [ManualAdjust] 平移增量 dxyz=(0.0000, 0.0000, -0.0050)m
[14:01:40.433] [info] [ManualAdjust] 当前外参 [lidar_front→cam_left]:
[14:01:40.433] [info]   旋转 RPY: (-39.9088, -87.7229, -50.2796) deg
[14:01:40.433] [info]   平移 XYZ: (0.1230, 0.2199, -0.0977) m
[14:01:40.463] [debug] [ManualAdjust] 平移增量 dxyz=(0.0000, 0.0000, -0.0050)m
[14:01:40.463] [info] [ManualAdjust] 当前外参 [lidar_front→cam_left]:
[14:01:40.463] [info]   旋转 RPY: (-39.9088, -87.7229, -50.2796) deg
[14:01:40.463] [info]   平移 XYZ: (0.1230, 0.2199, -0.1027) m
[14:01:40.492] [debug] [ManualAdjust] 平移增量 dxyz=(0.0000, 0.0000, -0.0050)m
[14:01:40.492] [info] [ManualAdjust] 当前外参 [lidar_front→cam_left]:
[14:01:40.492] [info]   旋转 RPY: (-39.9088, -87.7229, -50.2796) deg
[14:01:40.492] [info]   平移 XYZ: (0.1230, 0.2199, -0.1077) m
[14:01:40.522] [debug] [ManualAdjust] 平移增量 dxyz=(0.0000, 0.0000, -0.0050)m
[14:01:40.522] [info] [ManualAdjust] 当前外参 [lidar_front→cam_left]:
[14:01:40.522] [info]   旋转 RPY: (-39.9088, -87.7229, -50.2796) deg
[14:01:40.522] [info]   平移 XYZ: (0.1230, 0.2199, -0.1127) m
[14:01:40.553] [debug] [ManualAdjust] 平移增量 dxyz=(0.0000, 0.0000, -0.0050)m
[14:01:40.553] [info] [ManualAdjust] 当前外参 [lidar_front→cam_left]:
[14:01:40.553] [info]   旋转 RPY: (-39.9088, -87.7229, -50.2796) deg
[14:01:40.553] [info]   平移 XYZ: (0.1230, 0.2199, -0.1177) m
[14:01:40.583] [debug] [ManualAdjust] 平移增量 dxyz=(0.0000, 0.0000, -0.0050)m
[14:01:40.583] [info] [ManualAdjust] 当前外参 [lidar_front→cam_left]:
[14:01:40.583] [info]   旋转 RPY: (-39.9088, -87.7229, -50.2796) deg
[14:01:40.583] [info]   平移 XYZ: (0.1230, 0.2199, -0.1227) m
[14:01:40.614] [debug] [ManualAdjust] 平移增量 dxyz=(0.0000, 0.0000, -0.0050)m
[14:01:40.614] [info] [ManualAdjust] 当前外参 [lidar_front→cam_left]:
[14:01:40.614] [info]   旋转 RPY: (-39.9088, -87.7229, -50.2796) deg
[14:01:40.614] [info]   平移 XYZ: (0.1230, 0.2199, -0.1277) m
[14:01:40.645] [debug] [ManualAdjust] 平移增量 dxyz=(0.0000, 0.0000, -0.0050)m
[14:01:40.645] [info] [ManualAdjust] 当前外参 [lidar_front→cam_left]:
[14:01:40.645] [info]   旋转 RPY: (-39.9088, -87.7229, -50.2796) deg
[14:01:40.645] [info]   平移 XYZ: (0.1230, 0.2199, -0.1327) m
[14:01:40.676] [debug] [ManualAdjust] 平移增量 dxyz=(0.0000, 0.0000, -0.0050)m
[14:01:40.676] [info] [ManualAdjust] 当前外参 [lidar_front→cam_left]:
[14:01:40.676] [info]   旋转 RPY: (-39.9088, -87.7229, -50.2796) deg
[14:01:40.676] [info]   平移 XYZ: (0.1230, 0.2199, -0.1377) m
[14:01:40.706] [debug] [ManualAdjust] 平移增量 dxyz=(0.0000, 0.0000, -0.0050)m
[14:01:40.706] [info] [ManualAdjust] 当前外参 [lidar_front→cam_left]:
[14:01:40.706] [info]   旋转 RPY: (-39.9088, -87.7229, -50.2796) deg
[14:01:40.706] [info]   平移 XYZ: (0.1230, 0.2199, -0.1427) m
[14:01:40.736] [debug] [ManualAdjust] 平移增量 dxyz=(0.0000, 0.0000, -0.0050)m
[14:01:40.736] [info] [ManualAdjust] 当前外参 [lidar_front→cam_left]:
[14:01:40.736] [info]   旋转 RPY: (-39.9088, -87.7229, -50.2796) deg
[14:01:40.736] [info]   平移 XYZ: (0.1230, 0.2199, -0.1477) m
[14:01:40.767] [debug] [ManualAdjust] 平移增量 dxyz=(0.0000, 0.0000, -0.0050)m
[14:01:40.767] [info] [ManualAdjust] 当前外参 [lidar_front→cam_left]:
[14:01:40.767] [info]   旋转 RPY: (-39.9088, -87.7229, -50.2796) deg
[14:01:40.767] [info]   平移 XYZ: (0.1230, 0.2199, -0.1527) m
[14:01:40.798] [debug] [ManualAdjust] 平移增量 dxyz=(0.0000, 0.0000, -0.0050)m
[14:01:40.798] [info] [ManualAdjust] 当前外参 [lidar_front→cam_left]:
[14:01:40.798] [info]   旋转 RPY: (-39.9088, -87.7229, -50.2796) deg
[14:01:40.798] [info]   平移 XYZ: (0.1230, 0.2199, -0.1577) m
[14:01:40.827] [debug] [ManualAdjust] 平移增量 dxyz=(0.0000, 0.0000, -0.0050)m
[14:01:40.827] [info] [ManualAdjust] 当前外参 [lidar_front→cam_left]:
[14:01:40.827] [info]   旋转 RPY: (-39.9088, -87.7229, -50.2796) deg
[14:01:40.827] [info]   平移 XYZ: (0.1230, 0.2199, -0.1627) m
[14:01:40.858] [debug] [ManualAdjust] 平移增量 dxyz=(0.0000, 0.0000, -0.0050)m
[14:01:40.858] [info] [ManualAdjust] 当前外参 [lidar_front→cam_left]:
[14:01:40.858] [info]   旋转 RPY: (-39.9088, -87.7229, -50.2796) deg
[14:01:40.858] [info]   平移 XYZ: (0.1230, 0.2199, -0.1677) m
[14:01:40.888] [debug] [ManualAdjust] 平移增量 dxyz=(0.0000, 0.0000, -0.0050)m
[14:01:40.888] [info] [ManualAdjust] 当前外参 [lidar_front→cam_left]:
[14:01:40.888] [info]   旋转 RPY: (-39.9088, -87.7229, -50.2796) deg
[14:01:40.888] [info]   平移 XYZ: (0.1230, 0.2199, -0.1727) m
[14:01:40.918] [debug] [ManualAdjust] 平移增量 dxyz=(0.0000, 0.0000, -0.0050)m
[14:01:40.918] [info] [ManualAdjust] 当前外参 [lidar_front→cam_left]:
[14:01:40.918] [info]   旋转 RPY: (-39.9088, -87.7229, -50.2796) deg
[14:01:40.918] [info]   平移 XYZ: (0.1230, 0.2199, -0.1777) m
[14:01:40.948] [debug] [ManualAdjust] 平移增量 dxyz=(0.0000, 0.0000, -0.0050)m
[14:01:40.948] [info] [ManualAdjust] 当前外参 [lidar_front→cam_left]:
[14:01:40.948] [info]   旋转 RPY: (-39.9088, -87.7229, -50.2796) deg
[14:01:40.948] [info]   平移 XYZ: (0.1230, 0.2199, -0.1827) m
[14:01:40.979] [debug] [ManualAdjust] 平移增量 dxyz=(0.0000, 0.0000, -0.0050)m
[14:01:40.979] [info] [ManualAdjust] 当前外参 [lidar_front→cam_left]:
[14:01:40.979] [info]   旋转 RPY: (-39.9088, -87.7229, -50.2796) deg
[14:01:40.979] [info]   平移 XYZ: (0.1230, 0.2199, -0.1877) m
[14:01:41.009] [debug] [ManualAdjust] 平移增量 dxyz=(0.0000, 0.0000, -0.0050)m
[14:01:41.009] [info] [ManualAdjust] 当前外参 [lidar_front→cam_left]:
[14:01:41.009] [info]   旋转 RPY: (-39.9088, -87.7229, -50.2796) deg
[14:01:41.009] [info]   平移 XYZ: (0.1230, 0.2199, -0.1927) m
[14:01:41.040] [debug] [ManualAdjust] 平移增量 dxyz=(0.0000, 0.0000, -0.0050)m
[14:01:41.040] [info] [ManualAdjust] 当前外参 [lidar_front→cam_left]:
[14:01:41.040] [info]   旋转 RPY: (-39.9088, -87.7229, -50.2796) deg
[14:01:41.040] [info]   平移 XYZ: (0.1230, 0.2199, -0.1977) m
[14:01:41.070] [debug] [ManualAdjust] 平移增量 dxyz=(0.0000, 0.0000, -0.0050)m
[14:01:41.070] [info] [ManualAdjust] 当前外参 [lidar_front→cam_left]:
[14:01:41.070] [info]   旋转 RPY: (-39.9088, -87.7229, -50.2796) deg
[14:01:41.070] [info]   平移 XYZ: (0.1230, 0.2199, -0.2027) m
[14:01:41.100] [debug] [ManualAdjust] 平移增量 dxyz=(0.0000, 0.0000, -0.0050)m
[14:01:41.100] [info] [ManualAdjust] 当前外参 [lidar_front→cam_left]:
[14:01:41.100] [info]   旋转 RPY: (-39.9088, -87.7229, -50.2796) deg
[14:01:41.100] [info]   平移 XYZ: (0.1230, 0.2199, -0.2077) m
[14:01:41.130] [debug] [ManualAdjust] 平移增量 dxyz=(0.0000, 0.0000, -0.0050)m
[14:01:41.130] [info] [ManualAdjust] 当前外参 [lidar_front→cam_left]:
[14:01:41.130] [info]   旋转 RPY: (-39.9088, -87.7229, -50.2796) deg
[14:01:41.130] [info]   平移 XYZ: (0.1230, 0.2199, -0.2127) m
[14:01:41.160] [debug] [ManualAdjust] 平移增量 dxyz=(0.0000, 0.0000, -0.0050)m
[14:01:41.160] [info] [ManualAdjust] 当前外参 [lidar_front→cam_left]:
[14:01:41.160] [info]   旋转 RPY: (-39.9088, -87.7229, -50.2796) deg
[14:01:41.160] [info]   平移 XYZ: (0.1230, 0.2199, -0.2177) m
[14:01:41.189] [debug] [ManualAdjust] 平移增量 dxyz=(0.0000, 0.0000, -0.0050)m
[14:01:41.190] [info] [ManualAdjust] 当前外参 [lidar_front→cam_left]:
[14:01:41.190] [info]   旋转 RPY: (-39.9088, -87.7229, -50.2796) deg
[14:01:41.190] [info]   平移 XYZ: (0.1230, 0.2199, -0.2227) m
[14:01:41.220] [debug] [ManualAdjust] 平移增量 dxyz=(0.0000, 0.0000, -0.0050)m
[14:01:41.220] [info] [ManualAdjust] 当前外参 [lidar_front→cam_left]:
[14:01:41.220] [info]   旋转 RPY: (-39.9088, -87.7229, -50.2796) deg
[14:01:41.220] [info]   平移 XYZ: (0.1230, 0.2199, -0.2277) m
[14:01:41.251] [debug] [ManualAdjust] 平移增量 dxyz=(0.0000, 0.0000, -0.0050)m
[14:01:41.251] [info] [ManualAdjust] 当前外参 [lidar_front→cam_left]:
[14:01:41.251] [info]   旋转 RPY: (-39.9088, -87.7229, -50.2796) deg
[14:01:41.251] [info]   平移 XYZ: (0.1230, 0.2199, -0.2327) m
[14:01:41.281] [debug] [ManualAdjust] 平移增量 dxyz=(0.0000, 0.0000, -0.0050)m
[14:01:41.281] [info] [ManualAdjust] 当前外参 [lidar_front→cam_left]:
[14:01:41.281] [info]   旋转 RPY: (-39.9088, -87.7229, -50.2796) deg
[14:01:41.281] [info]   平移 XYZ: (0.1230, 0.2199, -0.2377) m
[14:01:41.313] [debug] [ManualAdjust] 平移增量 dxyz=(0.0000, 0.0000, -0.0050)m
[14:01:41.313] [info] [ManualAdjust] 当前外参 [lidar_front→cam_left]:
[14:01:41.313] [info]   旋转 RPY: (-39.9088, -87.7229, -50.2796) deg
[14:01:41.313] [info]   平移 XYZ: (0.1230, 0.2199, -0.2427) m
[14:01:41.344] [debug] [ManualAdjust] 平移增量 dxyz=(0.0000, 0.0000, -0.0050)m
[14:01:41.344] [info] [ManualAdjust] 当前外参 [lidar_front→cam_left]:
[14:01:41.344] [info]   旋转 RPY: (-39.9088, -87.7229, -50.2796) deg
[14:01:41.344] [info]   平移 XYZ: (0.1230, 0.2199, -0.2477) m
[14:01:41.374] [debug] [ManualAdjust] 平移增量 dxyz=(0.0000, 0.0000, -0.0050)m
[14:01:41.374] [info] [ManualAdjust] 当前外参 [lidar_front→cam_left]:
[14:01:41.374] [info]   旋转 RPY: (-39.9088, -87.7229, -50.2796) deg
[14:01:41.374] [info]   平移 XYZ: (0.1230, 0.2199, -0.2527) m
[14:01:41.404] [debug] [ManualAdjust] 平移增量 dxyz=(0.0000, 0.0000, -0.0050)m
[14:01:41.404] [info] [ManualAdjust] 当前外参 [lidar_front→cam_left]:
[14:01:41.404] [info]   旋转 RPY: (-39.9088, -87.7229, -50.2796) deg
[14:01:41.404] [info]   平移 XYZ: (0.1230, 0.2199, -0.2577) m
[14:01:41.434] [debug] [ManualAdjust] 平移增量 dxyz=(0.0000, 0.0000, -0.0050)m
[14:01:41.434] [info] [ManualAdjust] 当前外参 [lidar_front→cam_left]:
[14:01:41.434] [info]   旋转 RPY: (-39.9088, -87.7229, -50.2796) deg
[14:01:41.434] [info]   平移 XYZ: (0.1230, 0.2199, -0.2627) m
[14:01:41.466] [debug] [ManualAdjust] 平移增量 dxyz=(0.0000, 0.0000, -0.0050)m
[14:01:41.466] [info] [ManualAdjust] 当前外参 [lidar_front→cam_left]:
[14:01:41.466] [info]   旋转 RPY: (-39.9088, -87.7229, -50.2796) deg
[14:01:41.466] [info]   平移 XYZ: (0.1230, 0.2199, -0.2677) m
[14:01:41.496] [debug] [ManualAdjust] 平移增量 dxyz=(0.0000, 0.0000, -0.0050)m
[14:01:41.496] [info] [ManualAdjust] 当前外参 [lidar_front→cam_left]:
[14:01:41.496] [info]   旋转 RPY: (-39.9088, -87.7229, -50.2796) deg
[14:01:41.496] [info]   平移 XYZ: (0.1230, 0.2199, -0.2727) m
[14:01:41.527] [debug] [ManualAdjust] 平移增量 dxyz=(0.0000, 0.0000, -0.0050)m
[14:01:41.527] [info] [ManualAdjust] 当前外参 [lidar_front→cam_left]:
[14:01:41.527] [info]   旋转 RPY: (-39.9088, -87.7229, -50.2796) deg
[14:01:41.527] [info]   平移 XYZ: (0.1230, 0.2199, -0.2777) m
[14:01:41.557] [debug] [ManualAdjust] 平移增量 dxyz=(0.0000, 0.0000, -0.0050)m
[14:01:41.557] [info] [ManualAdjust] 当前外参 [lidar_front→cam_left]:
[14:01:41.557] [info]   旋转 RPY: (-39.9088, -87.7229, -50.2796) deg
[14:01:41.557] [info]   平移 XYZ: (0.1230, 0.2199, -0.2827) m
[14:01:41.587] [debug] [ManualAdjust] 平移增量 dxyz=(0.0000, 0.0000, -0.0050)m
[14:01:41.587] [info] [ManualAdjust] 当前外参 [lidar_front→cam_left]:
[14:01:41.587] [info]   旋转 RPY: (-39.9088, -87.7229, -50.2796) deg
[14:01:41.587] [info]   平移 XYZ: (0.1230, 0.2199, -0.2877) m
[14:01:41.617] [debug] [ManualAdjust] 平移增量 dxyz=(0.0000, 0.0000, -0.0050)m
[14:01:41.617] [info] [ManualAdjust] 当前外参 [lidar_front→cam_left]:
[14:01:41.617] [info]   旋转 RPY: (-39.9088, -87.7229, -50.2796) deg
[14:01:41.617] [info]   平移 XYZ: (0.1230, 0.2199, -0.2927) m
[14:01:41.647] [debug] [ManualAdjust] 平移增量 dxyz=(0.0000, 0.0000, -0.0050)m
[14:01:41.647] [info] [ManualAdjust] 当前外参 [lidar_front→cam_left]:
[14:01:41.647] [info]   旋转 RPY: (-39.9088, -87.7229, -50.2796) deg
[14:01:41.647] [info]   平移 XYZ: (0.1230, 0.2199, -0.2977) m
[14:01:41.678] [debug] [ManualAdjust] 平移增量 dxyz=(0.0000, 0.0000, -0.0050)m
[14:01:41.678] [info] [ManualAdjust] 当前外参 [lidar_front→cam_left]:
[14:01:41.678] [info]   旋转 RPY: (-39.9088, -87.7229, -50.2796) deg
[14:01:41.678] [info]   平移 XYZ: (0.1230, 0.2199, -0.3027) m
[14:01:41.708] [debug] [ManualAdjust] 平移增量 dxyz=(0.0000, 0.0000, -0.0050)m
[14:01:41.708] [info] [ManualAdjust] 当前外参 [lidar_front→cam_left]:
[14:01:41.708] [info]   旋转 RPY: (-39.9088, -87.7229, -50.2796) deg
[14:01:41.708] [info]   平移 XYZ: (0.1230, 0.2199, -0.3077) m
[14:01:41.738] [debug] [ManualAdjust] 平移增量 dxyz=(0.0000, 0.0000, -0.0050)m
[14:01:41.738] [info] [ManualAdjust] 当前外参 [lidar_front→cam_left]:
[14:01:41.738] [info]   旋转 RPY: (-39.9088, -87.7229, -50.2796) deg
[14:01:41.738] [info]   平移 XYZ: (0.1230, 0.2199, -0.3127) m
[14:01:41.768] [debug] [ManualAdjust] 平移增量 dxyz=(0.0000, 0.0000, -0.0050)m
[14:01:41.768] [info] [ManualAdjust] 当前外参 [lidar_front→cam_left]:
[14:01:41.768] [info]   旋转 RPY: (-39.9088, -87.7229, -50.2796) deg
[14:01:41.768] [info]   平移 XYZ: (0.1230, 0.2199, -0.3177) m
[14:01:41.799] [debug] [ManualAdjust] 平移增量 dxyz=(0.0000, 0.0000, -0.0050)m
[14:01:41.799] [info] [ManualAdjust] 当前外参 [lidar_front→cam_left]:
[14:01:41.799] [info]   旋转 RPY: (-39.9088, -87.7229, -50.2796) deg
[14:01:41.799] [info]   平移 XYZ: (0.1230, 0.2199, -0.3227) m
[14:01:41.829] [debug] [ManualAdjust] 平移增量 dxyz=(0.0000, 0.0000, -0.0050)m
[14:01:41.829] [info] [ManualAdjust] 当前外参 [lidar_front→cam_left]:
[14:01:41.829] [info]   旋转 RPY: (-39.9088, -87.7229, -50.2796) deg
[14:01:41.829] [info]   平移 XYZ: (0.1230, 0.2199, -0.3277) m
[14:01:41.858] [debug] [ManualAdjust] 平移增量 dxyz=(0.0000, 0.0000, -0.0050)m
[14:01:41.858] [info] [ManualAdjust] 当前外参 [lidar_front→cam_left]:
[14:01:41.858] [info]   旋转 RPY: (-39.9088, -87.7229, -50.2796) deg
[14:01:41.858] [info]   平移 XYZ: (0.1230, 0.2199, -0.3327) m
[14:01:41.889] [debug] [ManualAdjust] 平移增量 dxyz=(0.0000, 0.0000, -0.0050)m
[14:01:41.889] [info] [ManualAdjust] 当前外参 [lidar_front→cam_left]:
[14:01:41.889] [info]   旋转 RPY: (-39.9088, -87.7229, -50.2796) deg
[14:01:41.889] [info]   平移 XYZ: (0.1230, 0.2199, -0.3377) m
[14:01:41.920] [debug] [ManualAdjust] 平移增量 dxyz=(0.0000, 0.0000, -0.0050)m
[14:01:41.920] [info] [ManualAdjust] 当前外参 [lidar_front→cam_left]:
[14:01:41.920] [info]   旋转 RPY: (-39.9088, -87.7229, -50.2796) deg
[14:01:41.920] [info]   平移 XYZ: (0.1230, 0.2199, -0.3427) m
[14:01:41.951] [debug] [ManualAdjust] 平移增量 dxyz=(0.0000, 0.0000, -0.0050)m
[14:01:41.951] [info] [ManualAdjust] 当前外参 [lidar_front→cam_left]:
[14:01:41.951] [info]   旋转 RPY: (-39.9088, -87.7229, -50.2796) deg
[14:01:41.951] [info]   平移 XYZ: (0.1230, 0.2199, -0.3477) m
[14:01:41.985] [debug] [ManualAdjust] 平移增量 dxyz=(0.0000, 0.0000, -0.0050)m
[14:01:41.986] [info] [ManualAdjust] 当前外参 [lidar_front→cam_left]:
[14:01:41.986] [info]   旋转 RPY: (-39.9088, -87.7229, -50.2796) deg
[14:01:41.986] [info]   平移 XYZ: (0.1230, 0.2199, -0.3527) m
[14:01:42.020] [debug] [ManualAdjust] 平移增量 dxyz=(0.0000, 0.0000, -0.0050)m
[14:01:42.020] [info] [ManualAdjust] 当前外参 [lidar_front→cam_left]:
[14:01:42.020] [info]   旋转 RPY: (-39.9088, -87.7229, -50.2796) deg
[14:01:42.020] [info]   平移 XYZ: (0.1230, 0.2199, -0.3577) m
[14:01:42.050] [debug] [ManualAdjust] 平移增量 dxyz=(0.0000, 0.0000, -0.0050)m
[14:01:42.050] [info] [ManualAdjust] 当前外参 [lidar_front→cam_left]:
[14:01:42.050] [info]   旋转 RPY: (-39.9088, -87.7229, -50.2796) deg
[14:01:42.050] [info]   平移 XYZ: (0.1230, 0.2199, -0.3627) m
[14:01:42.084] [debug] [ManualAdjust] 平移增量 dxyz=(0.0000, 0.0000, -0.0050)m
[14:01:42.084] [info] [ManualAdjust] 当前外参 [lidar_front→cam_left]:
[14:01:42.084] [info]   旋转 RPY: (-39.9088, -87.7229, -50.2796) deg
[14:01:42.084] [info]   平移 XYZ: (0.1230, 0.2199, -0.3677) m
[14:01:42.116] [debug] [ManualAdjust] 平移增量 dxyz=(0.0000, 0.0000, -0.0050)m
[14:01:42.116] [info] [ManualAdjust] 当前外参 [lidar_front→cam_left]:
[14:01:42.117] [info]   旋转 RPY: (-39.9088, -87.7229, -50.2796) deg
[14:01:42.117] [info]   平移 XYZ: (0.1230, 0.2199, -0.3727) m
[14:01:44.172] [debug] [ManualAdjust] 平移增量 dxyz=(0.0000, 0.0050, 0.0000)m
[14:01:44.172] [info] [ManualAdjust] 当前外参 [lidar_front→cam_left]:
[14:01:44.172] [info]   旋转 RPY: (-39.9088, -87.7229, -50.2796) deg
[14:01:44.172] [info]   平移 XYZ: (0.1230, 0.2249, -0.3727) m
[14:01:44.602] [debug] [ManualAdjust] 平移增量 dxyz=(0.0000, 0.0050, 0.0000)m
[14:01:44.602] [info] [ManualAdjust] 当前外参 [lidar_front→cam_left]:
[14:01:44.602] [info]   旋转 RPY: (-39.9088, -87.7229, -50.2796) deg
[14:01:44.602] [info]   平移 XYZ: (0.1230, 0.2299, -0.3727) m
[14:01:45.018] [debug] [ManualAdjust] 平移增量 dxyz=(0.0000, -0.0050, 0.0000)m
[14:01:45.018] [info] [ManualAdjust] 当前外参 [lidar_front→cam_left]:
[14:01:45.018] [info]   旋转 RPY: (-39.9088, -87.7229, -50.2796) deg
[14:01:45.018] [info]   平移 XYZ: (0.1230, 0.2249, -0.3727) m
[14:01:45.313] [debug] [ManualAdjust] 平移增量 dxyz=(0.0000, -0.0050, 0.0000)m
[14:01:45.313] [info] [ManualAdjust] 当前外参 [lidar_front→cam_left]:
[14:01:45.313] [info]   旋转 RPY: (-39.9088, -87.7229, -50.2796) deg
[14:01:45.313] [info]   平移 XYZ: (0.1230, 0.2199, -0.3727) m
[14:01:45.554] [debug] [ManualAdjust] 平移增量 dxyz=(0.0000, -0.0050, 0.0000)m
[14:01:45.554] [info] [ManualAdjust] 当前外参 [lidar_front→cam_left]:
[14:01:45.554] [info]   旋转 RPY: (-39.9088, -87.7229, -50.2796) deg
[14:01:45.554] [info]   平移 XYZ: (0.1230, 0.2149, -0.3727) m
[14:01:46.055] [debug] [ManualAdjust] 平移增量 dxyz=(0.0000, -0.0050, 0.0000)m
[14:01:46.055] [info] [ManualAdjust] 当前外参 [lidar_front→cam_left]:
[14:01:46.055] [info]   旋转 RPY: (-39.9088, -87.7229, -50.2796) deg
[14:01:46.055] [info]   平移 XYZ: (0.1230, 0.2099, -0.3727) m
[14:01:46.084] [debug] [ManualAdjust] 平移增量 dxyz=(0.0000, -0.0050, 0.0000)m
[14:01:46.084] [info] [ManualAdjust] 当前外参 [lidar_front→cam_left]:
[14:01:46.084] [info]   旋转 RPY: (-39.9088, -87.7229, -50.2796) deg
[14:01:46.084] [info]   平移 XYZ: (0.1230, 0.2049, -0.3727) m
[14:01:46.114] [debug] [ManualAdjust] 平移增量 dxyz=(0.0000, -0.0050, 0.0000)m
[14:01:46.114] [info] [ManualAdjust] 当前外参 [lidar_front→cam_left]:
[14:01:46.114] [info]   旋转 RPY: (-39.9088, -87.7229, -50.2796) deg
[14:01:46.114] [info]   平移 XYZ: (0.1230, 0.1999, -0.3727) m
[14:01:46.146] [debug] [ManualAdjust] 平移增量 dxyz=(0.0000, -0.0050, 0.0000)m
[14:01:46.146] [info] [ManualAdjust] 当前外参 [lidar_front→cam_left]:
[14:01:46.146] [info]   旋转 RPY: (-39.9088, -87.7229, -50.2796) deg
[14:01:46.146] [info]   平移 XYZ: (0.1230, 0.1949, -0.3727) m
[14:01:46.179] [debug] [ManualAdjust] 平移增量 dxyz=(0.0000, -0.0050, 0.0000)m
[14:01:46.180] [info] [ManualAdjust] 当前外参 [lidar_front→cam_left]:
[14:01:46.180] [info]   旋转 RPY: (-39.9088, -87.7229, -50.2796) deg
[14:01:46.180] [info]   平移 XYZ: (0.1230, 0.1899, -0.3727) m
[14:01:46.213] [debug] [ManualAdjust] 平移增量 dxyz=(0.0000, -0.0050, 0.0000)m
[14:01:46.213] [info] [ManualAdjust] 当前外参 [lidar_front→cam_left]:
[14:01:46.213] [info]   旋转 RPY: (-39.9088, -87.7229, -50.2796) deg
[14:01:46.213] [info]   平移 XYZ: (0.1230, 0.1849, -0.3727) m
[14:01:46.243] [debug] [ManualAdjust] 平移增量 dxyz=(0.0000, -0.0050, 0.0000)m
[14:01:46.243] [info] [ManualAdjust] 当前外参 [lidar_front→cam_left]:
[14:01:46.243] [info]   旋转 RPY: (-39.9088, -87.7229, -50.2796) deg
[14:01:46.243] [info]   平移 XYZ: (0.1230, 0.1799, -0.3727) m
[14:01:46.274] [debug] [ManualAdjust] 平移增量 dxyz=(0.0000, -0.0050, 0.0000)m
[14:01:46.274] [info] [ManualAdjust] 当前外参 [lidar_front→cam_left]:
[14:01:46.274] [info]   旋转 RPY: (-39.9088, -87.7229, -50.2796) deg
[14:01:46.274] [info]   平移 XYZ: (0.1230, 0.1749, -0.3727) m
[14:01:46.304] [debug] [ManualAdjust] 平移增量 dxyz=(0.0000, -0.0050, 0.0000)m
[14:01:46.304] [info] [ManualAdjust] 当前外参 [lidar_front→cam_left]:
[14:01:46.304] [info]   旋转 RPY: (-39.9088, -87.7229, -50.2796) deg
[14:01:46.304] [info]   平移 XYZ: (0.1230, 0.1699, -0.3727) m
[14:01:46.334] [debug] [ManualAdjust] 平移增量 dxyz=(0.0000, -0.0050, 0.0000)m
[14:01:46.335] [info] [ManualAdjust] 当前外参 [lidar_front→cam_left]:
[14:01:46.335] [info]   旋转 RPY: (-39.9088, -87.7229, -50.2796) deg
[14:01:46.335] [info]   平移 XYZ: (0.1230, 0.1649, -0.3727) m
[14:01:46.365] [debug] [ManualAdjust] 平移增量 dxyz=(0.0000, -0.0050, 0.0000)m
[14:01:46.365] [info] [ManualAdjust] 当前外参 [lidar_front→cam_left]:
[14:01:46.365] [info]   旋转 RPY: (-39.9088, -87.7229, -50.2796) deg
[14:01:46.365] [info]   平移 XYZ: (0.1230, 0.1599, -0.3727) m
[14:01:46.398] [debug] [ManualAdjust] 平移增量 dxyz=(0.0000, -0.0050, 0.0000)m
[14:01:46.398] [info] [ManualAdjust] 当前外参 [lidar_front→cam_left]:
[14:01:46.398] [info]   旋转 RPY: (-39.9088, -87.7229, -50.2796) deg
[14:01:46.398] [info]   平移 XYZ: (0.1230, 0.1549, -0.3727) m
[14:01:46.429] [debug] [ManualAdjust] 平移增量 dxyz=(0.0000, -0.0050, 0.0000)m
[14:01:46.429] [info] [ManualAdjust] 当前外参 [lidar_front→cam_left]:
[14:01:46.429] [info]   旋转 RPY: (-39.9088, -87.7229, -50.2796) deg
[14:01:46.429] [info]   平移 XYZ: (0.1230, 0.1499, -0.3727) m
[14:01:46.460] [debug] [ManualAdjust] 平移增量 dxyz=(0.0000, -0.0050, 0.0000)m
[14:01:46.460] [info] [ManualAdjust] 当前外参 [lidar_front→cam_left]:
[14:01:46.460] [info]   旋转 RPY: (-39.9088, -87.7229, -50.2796) deg
[14:01:46.460] [info]   平移 XYZ: (0.1230, 0.1449, -0.3727) m
[14:01:46.490] [debug] [ManualAdjust] 平移增量 dxyz=(0.0000, -0.0050, 0.0000)m
[14:01:46.490] [info] [ManualAdjust] 当前外参 [lidar_front→cam_left]:
[14:01:46.490] [info]   旋转 RPY: (-39.9088, -87.7229, -50.2796) deg
[14:01:46.490] [info]   平移 XYZ: (0.1230, 0.1399, -0.3727) m
[14:01:46.523] [debug] [ManualAdjust] 平移增量 dxyz=(0.0000, -0.0050, 0.0000)m
[14:01:46.523] [info] [ManualAdjust] 当前外参 [lidar_front→cam_left]:
[14:01:46.523] [info]   旋转 RPY: (-39.9088, -87.7229, -50.2796) deg
[14:01:46.523] [info]   平移 XYZ: (0.1230, 0.1349, -0.3727) m
[14:01:47.170] [debug] [ManualAdjust] 平移增量 dxyz=(0.0000, 0.0050, 0.0000)m
[14:01:47.170] [info] [ManualAdjust] 当前外参 [lidar_front→cam_left]:
[14:01:47.170] [info]   旋转 RPY: (-39.9088, -87.7229, -50.2796) deg
[14:01:47.170] [info]   平移 XYZ: (0.1230, 0.1399, -0.3727) m
[14:01:47.672] [debug] [ManualAdjust] 平移增量 dxyz=(0.0000, 0.0050, 0.0000)m
[14:01:47.672] [info] [ManualAdjust] 当前外参 [lidar_front→cam_left]:
[14:01:47.672] [info]   旋转 RPY: (-39.9088, -87.7229, -50.2796) deg
[14:01:47.672] [info]   平移 XYZ: (0.1230, 0.1449, -0.3727) m
[14:01:47.700] [debug] [ManualAdjust] 平移增量 dxyz=(0.0000, 0.0050, 0.0000)m
[14:01:47.700] [info] [ManualAdjust] 当前外参 [lidar_front→cam_left]:
[14:01:47.700] [info]   旋转 RPY: (-39.9088, -87.7229, -50.2796) deg
[14:01:47.700] [info]   平移 XYZ: (0.1230, 0.1499, -0.3727) m
[14:01:47.731] [debug] [ManualAdjust] 平移增量 dxyz=(0.0000, 0.0050, 0.0000)m
[14:01:47.731] [info] [ManualAdjust] 当前外参 [lidar_front→cam_left]:
[14:01:47.731] [info]   旋转 RPY: (-39.9088, -87.7229, -50.2796) deg
[14:01:47.731] [info]   平移 XYZ: (0.1230, 0.1549, -0.3727) m
[14:01:47.760] [debug] [ManualAdjust] 平移增量 dxyz=(0.0000, 0.0050, 0.0000)m
[14:01:47.760] [info] [ManualAdjust] 当前外参 [lidar_front→cam_left]:
[14:01:47.760] [info]   旋转 RPY: (-39.9088, -87.7229, -50.2796) deg
[14:01:47.760] [info]   平移 XYZ: (0.1230, 0.1599, -0.3727) m
[14:01:47.791] [debug] [ManualAdjust] 平移增量 dxyz=(0.0000, 0.0050, 0.0000)m
[14:01:47.791] [info] [ManualAdjust] 当前外参 [lidar_front→cam_left]:
[14:01:47.791] [info]   旋转 RPY: (-39.9088, -87.7229, -50.2796) deg
[14:01:47.791] [info]   平移 XYZ: (0.1230, 0.1649, -0.3727) m
[14:01:47.822] [debug] [ManualAdjust] 平移增量 dxyz=(0.0000, 0.0050, 0.0000)m
[14:01:47.822] [info] [ManualAdjust] 当前外参 [lidar_front→cam_left]:
[14:01:47.822] [info]   旋转 RPY: (-39.9088, -87.7229, -50.2796) deg
[14:01:47.822] [info]   平移 XYZ: (0.1230, 0.1699, -0.3727) m
[14:01:47.852] [debug] [ManualAdjust] 平移增量 dxyz=(0.0000, 0.0050, 0.0000)m
[14:01:47.852] [info] [ManualAdjust] 当前外参 [lidar_front→cam_left]:
[14:01:47.852] [info]   旋转 RPY: (-39.9088, -87.7229, -50.2796) deg
[14:01:47.852] [info]   平移 XYZ: (0.1230, 0.1749, -0.3727) m
[14:01:47.883] [debug] [ManualAdjust] 平移增量 dxyz=(0.0000, 0.0050, 0.0000)m
[14:01:47.883] [info] [ManualAdjust] 当前外参 [lidar_front→cam_left]:
[14:01:47.883] [info]   旋转 RPY: (-39.9088, -87.7229, -50.2796) deg
[14:01:47.883] [info]   平移 XYZ: (0.1230, 0.1799, -0.3727) m
[14:01:47.914] [debug] [ManualAdjust] 平移增量 dxyz=(0.0000, 0.0050, 0.0000)m
[14:01:47.914] [info] [ManualAdjust] 当前外参 [lidar_front→cam_left]:
[14:01:47.914] [info]   旋转 RPY: (-39.9088, -87.7229, -50.2796) deg
[14:01:47.914] [info]   平移 XYZ: (0.1230, 0.1849, -0.3727) m
[14:01:47.943] [debug] [ManualAdjust] 平移增量 dxyz=(0.0000, 0.0050, 0.0000)m
[14:01:47.943] [info] [ManualAdjust] 当前外参 [lidar_front→cam_left]:
[14:01:47.943] [info]   旋转 RPY: (-39.9088, -87.7229, -50.2796) deg
[14:01:47.943] [info]   平移 XYZ: (0.1230, 0.1899, -0.3727) m
[14:01:47.974] [debug] [ManualAdjust] 平移增量 dxyz=(0.0000, 0.0050, 0.0000)m
[14:01:47.974] [info] [ManualAdjust] 当前外参 [lidar_front→cam_left]:
[14:01:47.974] [info]   旋转 RPY: (-39.9088, -87.7229, -50.2796) deg
[14:01:47.974] [info]   平移 XYZ: (0.1230, 0.1949, -0.3727) m
[14:01:48.004] [debug] [ManualAdjust] 平移增量 dxyz=(0.0000, 0.0050, 0.0000)m
[14:01:48.004] [info] [ManualAdjust] 当前外参 [lidar_front→cam_left]:
[14:01:48.004] [info]   旋转 RPY: (-39.9088, -87.7229, -50.2796) deg
[14:01:48.004] [info]   平移 XYZ: (0.1230, 0.1999, -0.3727) m
[14:01:48.034] [debug] [ManualAdjust] 平移增量 dxyz=(0.0000, 0.0050, 0.0000)m
[14:01:48.034] [info] [ManualAdjust] 当前外参 [lidar_front→cam_left]:
[14:01:48.034] [info]   旋转 RPY: (-39.9088, -87.7229, -50.2796) deg
[14:01:48.034] [info]   平移 XYZ: (0.1230, 0.2049, -0.3727) m
[14:01:48.065] [debug] [ManualAdjust] 平移增量 dxyz=(0.0000, 0.0050, 0.0000)m
[14:01:48.065] [info] [ManualAdjust] 当前外参 [lidar_front→cam_left]:
[14:01:48.065] [info]   旋转 RPY: (-39.9088, -87.7229, -50.2796) deg
[14:01:48.065] [info]   平移 XYZ: (0.1230, 0.2099, -0.3727) m
[14:01:48.098] [debug] [ManualAdjust] 平移增量 dxyz=(0.0000, 0.0050, 0.0000)m
[14:01:48.098] [info] [ManualAdjust] 当前外参 [lidar_front→cam_left]:
[14:01:48.098] [info]   旋转 RPY: (-39.9088, -87.7229, -50.2796) deg
[14:01:48.098] [info]   平移 XYZ: (0.1230, 0.2149, -0.3727) m
[14:01:48.618] [debug] [ManualAdjust] 平移增量 dxyz=(0.0050, 0.0000, 0.0000)m
[14:01:48.618] [info] [ManualAdjust] 当前外参 [lidar_front→cam_left]:
[14:01:48.618] [info]   旋转 RPY: (-39.9088, -87.7229, -50.2796) deg
[14:01:48.618] [info]   平移 XYZ: (0.1280, 0.2149, -0.3727) m
[14:01:49.127] [debug] [ManualAdjust] 平移增量 dxyz=(0.0050, 0.0000, 0.0000)m
[14:01:49.127] [info] [ManualAdjust] 当前外参 [lidar_front→cam_left]:
[14:01:49.127] [info]   旋转 RPY: (-39.9088, -87.7229, -50.2796) deg
[14:01:49.127] [info]   平移 XYZ: (0.1330, 0.2149, -0.3727) m
[14:01:49.865] [debug] [ManualAdjust] 平移增量 dxyz=(-0.0050, 0.0000, 0.0000)m
[14:01:49.865] [info] [ManualAdjust] 当前外参 [lidar_front→cam_left]:
[14:01:49.865] [info]   旋转 RPY: (-39.9088, -87.7229, -50.2796) deg
[14:01:49.865] [info]   平移 XYZ: (0.1280, 0.2149, -0.3727) m
[14:01:50.208] [debug] [ManualAdjust] 平移增量 dxyz=(-0.0050, 0.0000, 0.0000)m
[14:01:50.209] [info] [ManualAdjust] 当前外参 [lidar_front→cam_left]:
[14:01:50.209] [info]   旋转 RPY: (-39.9088, -87.7229, -50.2796) deg
[14:01:50.209] [info]   平移 XYZ: (0.1230, 0.2149, -0.3727) m
[14:01:50.425] [debug] [ManualAdjust] 平移增量 dxyz=(-0.0050, 0.0000, 0.0000)m
[14:01:50.425] [info] [ManualAdjust] 当前外参 [lidar_front→cam_left]:
[14:01:50.425] [info]   旋转 RPY: (-39.9088, -87.7229, -50.2796) deg
[14:01:50.425] [info]   平移 XYZ: (0.1180, 0.2149, -0.3727) m
[14:01:51.045] [debug] [ManualAdjust] 平移增量 dxyz=(-0.0050, 0.0000, 0.0000)m
[14:01:51.045] [info] [ManualAdjust] 当前外参 [lidar_front→cam_left]:
[14:01:51.045] [info]   旋转 RPY: (-39.9088, -87.7229, -50.2796) deg
[14:01:51.045] [info]   平移 XYZ: (0.1130, 0.2149, -0.3727) m
[14:01:52.849] [debug] [ManualAdjust] 旋转增量 RPY=(0.000, 0.000, 0.100)deg
[14:01:52.849] [info] [ManualAdjust] 当前外参 [lidar_front→cam_left]:
[14:01:52.849] [info]   旋转 RPY: (-41.7842, -87.6574, -48.4026) deg
[14:01:52.849] [info]   平移 XYZ: (0.1130, 0.2149, -0.3727) m
[14:01:53.691] [debug] [ManualAdjust] 旋转增量 RPY=(0.000, 0.000, -0.100)deg
[14:01:53.692] [info] [ManualAdjust] 当前外参 [lidar_front→cam_left]:
[14:01:53.692] [info]   旋转 RPY: (-39.9088, -87.7229, -50.2796) deg
[14:01:53.692] [info]   平移 XYZ: (0.1130, 0.2149, -0.3727) m
[14:01:54.001] [debug] [ManualAdjust] 旋转增量 RPY=(0.000, 0.000, -0.100)deg
[14:01:54.001] [info] [ManualAdjust] 当前外参 [lidar_front→cam_left]:
[14:01:54.001] [info]   旋转 RPY: (-37.9246, -87.7857, -52.2653) deg
[14:01:54.001] [info]   平移 XYZ: (0.1130, 0.2149, -0.3727) m
[14:01:55.297] [debug] [ManualAdjust] 旋转增量 RPY=(0.000, 0.000, 0.100)deg
[14:01:55.297] [info] [ManualAdjust] 当前外参 [lidar_front→cam_left]:
[14:01:55.297] [info]   旋转 RPY: (-39.9088, -87.7229, -50.2796) deg
[14:01:55.297] [info]   平移 XYZ: (0.1130, 0.2149, -0.3727) m
[14:01:57.585] [info] [ManualAdjust] 结果已保存: ./results/lidar_camera_extrinsic/manual_extrinsic_20260408_140157_final.yaml
[14:01:57.585] [info] [ManualCalib] 最终微调结果已自动保存:
[14:01:57.585] [info]   - 投影图: ./results/lidar_camera_extrinsic/manual_projection_20260408_140157_final.png
[14:01:57.585] [info]   - 点云:   ./results/lidar_camera_extrinsic/manual_cloud_20260408_140157_final.pcd
[14:01:57.585] [info]   - 外参:   ./results/lidar_camera_extrinsic/manual_extrinsic_20260408_140157_final.yaml
[14:01:57.585] [info] [ManualSession] 用户接受手动调整结果
[14:01:57.585] [info] [ManualSession] Cam-Cam 最终采用外参 RMS=0.000000 (manual if available, else auto=0.000000)
[14:01:57.585] [debug] [ManualSession] 事件: lidar_cam_end | final_rms=0.000000
[14:01:57.585] [info] [ManualSession] 会话已保存: ./results/manual_sessions/session_2026-04-08_14-00-54.yaml
[14:01:57.585] [info] ━━━━━━━━━━━━━━━━━━━━━━━━━━━━━━━━━━━━━━━━━
[14:01:57.585] [info] ■ 结束阶段: [Manual-Refine] 任务: [lidar_cam_extrin]
[14:01:57.585] [info]   结果: ✓ 成功 | 残差RMS: 0.0000 | 耗时: 62626 ms
[14:01:57.585] [info]   消息: LiDAR-Camera 手动调整完成
[14:01:57.585] [info] [CALC] 阶段结束 stage=Manual-Refine task=lidar_cam_extrin success=true residual_rms=0.000000 elapsed_ms=62626.6 threshold=-1.0000
[14:01:57.585] [info] ━━━━━━━━━━━━━━━━━━━━━━━━━━━━━━━━━━━━━━━━━
[14:01:57.585] [info] ====== Pipeline Report: pipeline_20260408_140037 ======
[14:01:57.585] [info]   Total time: 79878.0 ms
[14:01:57.585] [info]   All stages succeeded: YES
[14:01:57.585] [info]   标定质量: 各阶段 RMS 均在阈值内
[14:01:57.585] [info]   [Coarse-AI-lidar_cam_extrin] success=true rms=0.0000 time=0.0ms: 使用配置 initial_extrinsic 作为粗标定结果，精标定将以此起步
[14:01:57.585] [info]   [Fine-Auto-lidar_cam_extrin] success=true rms=0.0000 time=17251.4ms: LiDAR-Camera 精标定完成: 1 个相机, 最大 RMS=0.000000 px
[14:01:57.585] [info]   [Manual-Refine-lidar_cam_extrin] success=true rms=0.0000 time=62626.6ms: LiDAR-Camera 手动调整完成

╔══════════════════════════════════════════════════════╗
║              标定参数汇总                            ║
╠══════════════════════════════════════════════════════╣
║ 外参:
║   lidar_front->cam_left:
║     R(RPY°): [-39.91, -87.72, -50.28]
║     T(m):    [0.11, 0.21, -0.37]
║     时偏(s): 0.00
║     RMS:     0.00 ✗
╚══════════════════════════════════════════════════════╝

[14:01:57.585] [info] ================================
[14:01:57.586] [info] Pipeline report saved: ./results/pipeline_report_20260408_140037.yaml
[14:01:57.586] [info] ====== Pipeline Report: pipeline_20260408_140037 ======
[14:01:57.586] [info]   Total time: 79878.0 ms
[14:01:57.586] [info]   All stages succeeded: YES
[14:01:57.586] [info]   标定质量: 各阶段 RMS 均在阈值内
[14:01:57.586] [info]   [Coarse-AI-lidar_cam_extrin] success=true rms=0.0000 time=0.0ms: 使用配置 initial_extrinsic 作为粗标定结果，精标定将以此起步
[14:01:57.586] [info]   [Fine-Auto-lidar_cam_extrin] success=true rms=0.0000 time=17251.4ms: LiDAR-Camera 精标定完成: 1 个相机, 最大 RMS=0.000000 px
[14:01:57.586] [info]   [Manual-Refine-lidar_cam_extrin] success=true rms=0.0000 time=62626.6ms: LiDAR-Camera 手动调整完成

╔══════════════════════════════════════════════════════╗
║              标定参数汇总                            ║
╠══════════════════════════════════════════════════════╣
║ 外参:
║   lidar_front->cam_left:
║     R(RPY°): [-39.91, -87.72, -50.28]
║     T(m):    [0.11, 0.21, -0.37]
║     时偏(s): 0.00
║     RMS:     0.00 ✗
╚══════════════════════════════════════════════════════╝

[14:01:57.586] [info] ================================
[14:01:57.586] [info] ━━━━━━━━━━━━━━━━━━━━━━━━━━━━━━━━━━━━
[14:01:57.586] [info] LiDAR-Camera 标定流程完成
[14:01:57.586] [info] 结果目录: ./results
[14:01:57.586] [info] 标定流程正常退出 exit_code=0
[14:01:57.586] [info] ━━━━━━━━━━━━━━━━━━━━━━━━━━━━━━━━━━━━
