
 ╔═══════════════════════════════════════════════════════╗
 ║   UniCalib — IMU-LiDAR 外参标定                       ║
 ║   两阶段: L2Calib RL粗估 → B样条连续时间精化           ║
 ║   手动校准: --manual 触发旋转可视化验证                 ║
 ╚═══════════════════════════════════════════════════════╝

[2026-04-09 16:42:26.996] [info] [IMU-LiDAR] [:] ━━━━━━━━━━━━━━━━━━━━━━━━━━━━━━━━━━━━
[2026-04-09 16:42:26.996] [info] [IMU-LiDAR] [:] 配置: /root/calib_ws/calib_unified/config/unicalib_example.yaml | IMU: imu_0 | LiDAR: lidar_0
[2026-04-09 16:42:26.996] [info] [IMU-LiDAR] [:] AI粗标定: false | 手动校准: true (阈值=0.50deg)
[2026-04-09 16:42:26.996] [info] [IMU-LiDAR] [:] ━━━━━━━━━━━━━━━━━━━━━━━━━━━━━━━━━━━━
[2026-04-09 16:42:26.996] [info] [IMU-LiDAR] [:] ▶ Stage 2: B样条连续时间精标定
[2026-04-09 16:42:26.996] [info] [IMU-LiDAR] [:]   IMU数据: (未设置)
[2026-04-09 16:42:26.996] [info] [IMU-LiDAR] [:]   LiDAR目录: (未设置)
[2026-04-09 16:42:26.996] [info] [IMU-LiDAR] [:]   B样条间距: 0.1s | 时间偏移优化: true
[2026-04-09 16:42:26.996] [info] [IMU-LiDAR] [:] ▶ Stage 3 (手动校准): 旋转可视化验证 + 增量调整
[2026-04-09 16:42:26.996] [info] [IMU-LiDAR] [:]   阈值: 0.50deg | 使用 ManualCalibSession::run_imu_lidar()
[2026-04-09 16:42:26.996] [info] [IMU-LiDAR] [:]   可视化: IMU积分轨迹 vs LiDAR里程计对比
[2026-04-09 16:42:26.996] [info] [IMU-LiDAR] [:] IMU 内参: 从 results 目录读取 (1 个)，路径示例: ./results/imu_intrinsic/imu_intrinsic_imu_0.yaml
[2026-04-09 16:42:26.996] [info] [IMU-LiDAR] [:] [CalibPipeline] 初始化 ID=pipeline_20260409_164226
[2026-04-09 16:42:26.996] [info] [IMU-LiDAR] [:] [CalibPipeline] 输出目录: ./results
[2026-04-09 16:42:26.996] [info] [IMU-LiDAR] [:] [CalibPipeline] 无目标优先: true
[2026-04-09 16:42:26.996] [info] [IMU-LiDAR] [:] [CalibPipeline] 任务掩码: 0x04
[2026-04-09 16:42:26.996] [info] [IMU-LiDAR] [:] 
[2026-04-09 16:42:26.996] [info] [IMU-LiDAR] [:] ╔═══════════════════════════════════════════════╗
[2026-04-09 16:42:26.996] [info] [IMU-LiDAR] [:] ║   UniCalib 两阶段标定流水线 — 开始            ║
[2026-04-09 16:42:26.996] [info] [IMU-LiDAR] [:] ║   Pipeline ID: pipeline_20260409_164226       ║
[2026-04-09 16:42:26.996] [info] [IMU-LiDAR] [:] ╚═══════════════════════════════════════════════╝
[2026-04-09 16:42:26.996] [info] [IMU-LiDAR] [:] [Pipeline] 已从 results 加载 IMU 内参: imu_0 <- ./results/imu_intrinsic/imu_intrinsic_imu_0.yaml
[16:42:26.996] [info] 
[16:42:26.996] [info] ━━━━━━━━━━━━━━━━━━━━━━━━━━━━━━━━━━━━━━━━━
[16:42:26.996] [info] ▶ 开始阶段: [Fine-Auto] 任务: [imu_lidar_extrin]
[16:42:26.996] [info]   描述: 无目标优化
[16:42:26.996] [info] ━━━━━━━━━━━━━━━━━━━━━━━━━━━━━━━━━━━━━━━━━
[16:42:26.996] [info] [CALC] 精标定阶段开始 task=imu_lidar_extrin
[16:42:26.996] [info] [Fine-Auto] 任务: imu_lidar_extrin | 无目标优先: true
[16:42:26.996] [info] [Fine-Auto] 方法: B样条连续时间优化 (无目标)
[16:42:26.996] [info] [UnifiedDataLoader] 从 ROS2 加载数据...
[16:42:26.996] [info]   Bag 文件: /root/calib_ws/data/my_dataset
[16:42:26.996] [info]   实时模式: false
[16:42:26.996] [info] [Ros2BagDataSource] 打开 bag 文件: /root/calib_ws/data/my_dataset
[16:42:26.996] [info] [Ros2BagDataSource] 未找到 metadata.yaml: /root/calib_ws/data/my_dataset/metadata.yaml
[16:42:26.996] [info] ━━━━━━━━━━━━━━━━━━━━━━━━━━━━━━━━━━━━━━━━━
[16:42:26.996] [info] ■ 结束阶段: [Fine-Auto] 任务: [imu_lidar_extrin]
[16:42:26.996] [info]   结果: ✗ 失败 | 残差RMS: 0.0000 | 耗时: 0 ms
[16:42:26.996] [info]   消息: ROS2 数据加载失败: 读取 metadata.yaml 失败
[16:42:26.996] [info] [CALC] 阶段结束 stage=Fine-Auto task=imu_lidar_extrin success=false residual_rms=0.000000 elapsed_ms=0.0 threshold=0.5000
[16:42:26.996] [info] ━━━━━━━━━━━━━━━━━━━━━━━━━━━━━━━━━━━━━━━━━
[16:42:26.996] [info] [Pipeline] 用户已启用手动校准 (--manual), 进入 6-DOF 调整
[16:42:26.996] [info] 
[16:42:26.996] [info] ━━━━━━━━━━━━━━━━━━━━━━━━━━━━━━━━━━━━━━━━━
[16:42:26.996] [info] ▶ 开始阶段: [Manual-Refine] 任务: [imu_lidar_extrin]
[16:42:26.996] [info]   描述: 手动校准: 6-DOF 交互式调整
[16:42:26.996] [info] ━━━━━━━━━━━━━━━━━━━━━━━━━━━━━━━━━━━━━━━━━
[16:42:26.996] [info] [Manual-Refine] 任务: imu_lidar_extrin
[16:42:26.996] [info] [Manual-Refine] 操作说明: Q/A Roll  W/S Pitch  E/D Yaw  R/F Tx  T/G Ty  Y/H Tz  U Undo  Enter 接受  Esc 取消
[16:42:26.996] [info] [ManualSession] 会话ID: session_2026-04-09_16-42-26
[16:42:26.996] [info] [ManualSession] 保存目录: ./results/manual_sessions
[16:42:26.996] [info] [ManualSession] 启动 IMU-LiDAR 手动校准
[16:42:26.996] [info] [ManualSession] 自动标定旋转残差: 0.0000 deg
[16:42:26.996] [info] [ManualSession] IMU-LiDAR 手动校准通过旋转增量验证
[16:42:26.996] [info] [ManualSession] 可视化: 将 IMU 积分轨迹与 LiDAR 里程计对比
[16:42:26.996] [debug] [ManualSession] 事件: imu_lidar_start | auto_rms=0.000000
[16:42:26.996] [info] [ManualAdjust] 初始外参:
[16:42:26.996] [info] [ManualAdjust] 当前外参 [→]:
[16:42:26.996] [info]   旋转 RPY: (0.0000, 0.0000, 0.0000) deg
[16:42:26.996] [info]   平移 XYZ: (0.0000, 0.0000, 0.0000) m
[16:42:26.996] [debug] [ManualSession] 事件: imu_lidar_end | final_rms=0.000000
[16:42:26.996] [info] [ManualSession] 会话已保存: ./results/manual_sessions/session_2026-04-09_16-42-26.yaml
[16:42:26.996] [info] ━━━━━━━━━━━━━━━━━━━━━━━━━━━━━━━━━━━━━━━━━
[16:42:26.996] [info] ■ 结束阶段: [Manual-Refine] 任务: [imu_lidar_extrin]
[16:42:26.996] [info]   结果: ✓ 成功 | 残差RMS: 0.0000 | 耗时: 0 ms
[16:42:26.996] [info]   消息: IMU-LiDAR 手动调整完成
[16:42:26.996] [info] [CALC] 阶段结束 stage=Manual-Refine task=imu_lidar_extrin success=true residual_rms=0.000000 elapsed_ms=0.1 threshold=-1.0000
[16:42:26.996] [info] ━━━━━━━━━━━━━━━━━━━━━━━━━━━━━━━━━━━━━━━━━
[16:42:26.996] [info] ====== Pipeline Report: pipeline_20260409_164226 ======
[16:42:26.996] [info]   Total time: 0.1 ms
[16:42:26.996] [info]   All stages succeeded: NO
[16:42:26.996] [info]   标定质量: 各阶段 RMS 均在阈值内
[16:42:26.996] [info]   [Fine-Auto-imu_lidar_extrin] success=false rms=0.0000 time=0.0ms: ROS2 数据加载失败: 读取 metadata.yaml 失败
[16:42:26.996] [info]   [Manual-Refine-imu_lidar_extrin] success=true rms=0.0000 time=0.1ms: IMU-LiDAR 手动调整完成

╔══════════════════════════════════════════════════════╗
║              标定参数汇总                            ║
╠══════════════════════════════════════════════════════╣
║ IMU 内参:
║   imu_0:
║     陀螺噪声: 6.161e-02 rad/s/√Hz
║     加速计噪声: 7.484e-02 m/s²/√Hz
║ 外参:
║   imu_0->lidar_front:
║     R(RPY°): [0.00, 0.00, 0.00]
║     T(m):    [0.00, 0.00, 0.00]
║     时偏(s): 0.00
║     RMS:     0.00 ✗
╚══════════════════════════════════════════════════════╝

[16:42:26.996] [info] ================================
[16:42:26.996] [info] Pipeline report saved: ./results/pipeline_report_20260409_164226.yaml
[16:42:26.996] [info] ====== Pipeline Report: pipeline_20260409_164226 ======
[16:42:26.997] [info]   Total time: 0.1 ms
[16:42:26.997] [info]   All stages succeeded: NO
[16:42:26.997] [info]   标定质量: 各阶段 RMS 均在阈值内
[16:42:26.997] [info]   [Fine-Auto-imu_lidar_extrin] success=false rms=0.0000 time=0.0ms: ROS2 数据加载失败: 读取 metadata.yaml 失败
[16:42:26.997] [info]   [Manual-Refine-imu_lidar_extrin] success=true rms=0.0000 time=0.1ms: IMU-LiDAR 手动调整完成

╔══════════════════════════════════════════════════════╗
║              标定参数汇总                            ║
╠══════════════════════════════════════════════════════╣
║ IMU 内参:
║   imu_0:
║     陀螺噪声: 6.161e-02 rad/s/√Hz
║     加速计噪声: 7.484e-02 m/s²/√Hz
║ 外参:
║   imu_0->lidar_front:
║     R(RPY°): [0.00, 0.00, 0.00]
║     T(m):    [0.00, 0.00, 0.00]
║     时偏(s): 0.00
║     RMS:     0.00 ✗
╚══════════════════════════════════════════════════════╝

[16:42:26.997] [info] ================================
[16:42:26.997] [info] IMU-LiDAR 标定完成 | 结果: ./results
