
 ╔═══════════════════════════════════════════════════════╗
 ║   UniCalib — LiDAR-Camera 外参标定                    ║
 ║   两阶段: AI粗标定(MIAS-LCEC) → 无目标边缘精标定      ║
 ║   手动校准: --manual 触发 6-DOF 交互式调整             ║
 ╚═══════════════════════════════════════════════════════╝

[2026-04-22 20:40:03.259] [info] [LiDAR-Camera] [:] ━━━━━━━━━━━━━━━━━━━━━━━━━━━━━━━━━━━━
[2026-04-22 20:40:03.260] [info] [LiDAR-Camera] [:] 配置文件: /root/calib_ws/calib_unified/config/unicalib_example.yaml
[2026-04-22 20:40:03.260] [info] [LiDAR-Camera] [:] 输出目录: /root/calib_ws/results
[2026-04-22 20:40:03.260] [info] [LiDAR-Camera] [:] 数据根目录: /root/calib_ws/data (--data-dir 或 CALIB_DATA_DIR)
[2026-04-22 20:40:03.260] [info] [LiDAR-Camera] [:] 精标定方法: edge (无目标优先=true)
[2026-04-22 20:40:03.260] [info] [LiDAR-Camera] [:] AI粗标定: true | 手动校准: true
[2026-04-22 20:40:03.260] [info] [LiDAR-Camera] [:] ━━━━━━━━━━━━━━━━━━━━━━━━━━━━━━━━━━━━
[2026-04-22 20:40:03.261] [info] [LiDAR-Camera] [:] 读取系统配置: /root/calib_ws/calib_unified/config/unicalib_example.yaml
[2026-04-22 20:40:03.262] [info] [LiDAR-Camera] [:]   IMU: 1, LiDAR: 1, Camera: 2
[2026-04-22 20:40:03.262] [info] [LiDAR-Camera] [:] ━━━━━━━━━━━━━━━━━━━━━━━━━━━━━━━━━━━━ [数据路径] ━━━━━━━━━━━━━━━━━━━━━━━━━━━━━
[2026-04-22 20:40:03.262] [info] [LiDAR-Camera] [:]   数据路径来源: 统一格式 (data.lidar.<id> / data.camera.<id>.images_dir)
[2026-04-22 20:40:03.262] [info] [LiDAR-Camera] [:]   配置原始值 — lidar:  nya_02_slam_imu_to_lidar/lidar_horz.yaml
[2026-04-22 20:40:03.262] [info] [LiDAR-Camera] [:]   配置原始值 — camera: lidar_camera_calibration-master/calibration_data/camera_calibration
[2026-04-22 20:40:03.262] [info] [LiDAR-Camera] [:]   base_data_dir:  /root/calib_ws/data
[2026-04-22 20:40:03.262] [info] [LiDAR-Camera] [:]   base 来源: 命令行 --data-dir
[2026-04-22 20:40:03.262] [info] [LiDAR-Camera] [:]   lidar_dir:      /root/calib_ws/data/nya_02_slam_imu_to_lidar/lidar_horz.yaml
[2026-04-22 20:40:03.262] [info] [LiDAR-Camera] [:]     → 相对路径，已与 base 拼接
[2026-04-22 20:40:03.262] [info] [LiDAR-Camera] [:]     → 存在: 是
[2026-04-22 20:40:03.262] [info] [LiDAR-Camera] [:]   camera_dir:     /root/calib_ws/data/lidar_camera_calibration-master/calibration_data/camera_calibration
[2026-04-22 20:40:03.262] [info] [LiDAR-Camera] [:]     → 相对路径，已与 base 拼接
[2026-04-22 20:40:03.262] [info] [LiDAR-Camera] [:]     → 存在: 是
[2026-04-22 20:40:03.262] [info] [LiDAR-Camera] [:]   【数据就绪】是 — 点云与图像目录均存在，将执行精标定
[2026-04-22 20:40:03.262] [info] [LiDAR-Camera] [:]   说明: 使用 --dataset 时请将 data.lidar/data.camera 设为相对 base 的路径（如 pcd、images），不要使用 /path/to/... 占位符
[2026-04-22 20:40:03.262] [info] [LiDAR-Camera] [:] ━━━━━━━━━━━━━━━━━━━━━━━━━━━━━━━━━━━━━━━━━━━━━━━━━━━━━━━━━━━━━━━━━━━━━━━━━━━━
[2026-04-22 20:40:03.262] [info] [LiDAR-Camera] [:] [LiDAR-Cam] use_config_extrinsic_only=true：跳过 AI 粗标定，将使用配置 initial_extrinsic 直接进入精标定/手动微调
[2026-04-22 20:40:03.262] [info] [LiDAR-Camera] [:] 读取系统配置: /root/calib_ws/calib_unified/config/unicalib_example.yaml
[2026-04-22 20:40:03.263] [info] [LiDAR-Camera] [:]   IMU: 1, LiDAR: 1, Camera: 2
[2026-04-22 20:40:03.263] [info] [LiDAR-Camera] [:] 读取系统配置: /root/calib_ws/calib_unified/config/unicalib_example.yaml
[2026-04-22 20:40:03.264] [info] [LiDAR-Camera] [:]   IMU: 1, LiDAR: 1, Camera: 2
[2026-04-22 20:40:03.264] [info] [LiDAR-Camera] [:] 配置: 使用 ROS2 bag 模式（离线标定）
[2026-04-22 20:40:03.264] [info] [LiDAR-Camera] [:]   Bag 路径: /root/calib_ws/data/ntu_day_02/ntu_trimmed
[2026-04-22 20:40:03.264] [info] [LiDAR-Camera] [:]   LiDAR 话题: /os_cloud_node/points
[2026-04-22 20:40:03.264] [info] [LiDAR-Camera] [:]   相机话题: /d435i/color/image_raw
[2026-04-22 20:40:03.264] [info] [LiDAR-Camera] [:]   IMU 话题: /vn100/imu
[2026-04-22 20:40:03.264] [info] [LiDAR-Camera] [:] [数据源] 类型=ROS2_BAG  path=/root/calib_ws/data/ntu_day_02/ntu_trimmed  lidar_topic=/os_cloud_node/points  camera_topic=/d435i/color/image_raw
[2026-04-22 20:40:03.264] [info] [LiDAR-Camera] [:]   内参将从相机标定结果读取: ./results/camera_intrinsic/camera_intrinsic_cam_left.yaml (camera_id=cam_left)
[2026-04-22 20:40:03.265] [info] [LiDAR-Camera] [:]   内参将从相机标定结果读取: ./results/camera_intrinsic/camera_intrinsic_cam_right.yaml (camera_id=cam_right)
[2026-04-22 20:40:03.265] [info] [LiDAR-Camera] [:] [CalibPipeline] 初始化 ID=pipeline_20260422_204003
[2026-04-22 20:40:03.265] [info] [LiDAR-Camera] [:] [CalibPipeline] 输出目录: ./results
[2026-04-22 20:40:03.265] [info] [LiDAR-Camera] [:] [CalibPipeline] 无目标优先: true
[2026-04-22 20:40:03.265] [info] [LiDAR-Camera] [:] [CalibPipeline] 任务掩码: 0x10
[2026-04-22 20:40:03.265] [info] [LiDAR-Camera] [:] ▶ Stage 2: 精标定 (方法=edge)
[2026-04-22 20:40:03.265] [info] [LiDAR-Camera] [:] ▶ Stage 3: 手动校准 (manual_threshold=2.00px)
[2026-04-22 20:40:03.265] [info] [LiDAR-Camera] [:]   使用 ManualCalibSession 进行 6-DOF 交互式调整
[2026-04-22 20:40:03.265] [info] [LiDAR-Camera] [:]   调用示例:
[2026-04-22 20:40:03.265] [info] [LiDAR-Camera] [:]     ManualCalibSession::SessionConfig sess_cfg;
[2026-04-22 20:40:03.265] [info] [LiDAR-Camera] [:]     sess_cfg.save_dir = "./results/manual_sessions";
[2026-04-22 20:40:03.265] [info] [LiDAR-Camera] [:]     ManualCalibSession session(sess_cfg);
[2026-04-22 20:40:03.265] [info] [LiDAR-Camera] [:]     auto result = session.run_lidar_cam(scan, image, intrin, auto_result, auto_rms);
[2026-04-22 20:40:03.265] [info] [LiDAR-Camera] [:] 
[2026-04-22 20:40:03.265] [info] [LiDAR-Camera] [:] ╔═══════════════════════════════════════════════╗
[2026-04-22 20:40:03.265] [info] [LiDAR-Camera] [:] ║   UniCalib 两阶段标定流水线 — 开始            ║
[2026-04-22 20:40:03.265] [info] [LiDAR-Camera] [:] ║   Pipeline ID: pipeline_20260422_204003       ║
[2026-04-22 20:40:03.265] [info] [LiDAR-Camera] [:] ╚═══════════════════════════════════════════════╝
[2026-04-22 20:40:03.265] [info] [LiDAR-Camera] [:] [Coarse-AI/LiDAR-Cam] enable_coarse_lidar_cam=true → do_coarse=true
[20:40:03.265] [info] 
[20:40:03.265] [info] ━━━━━━━━━━━━━━━━━━━━━━━━━━━━━━━━━━━━━━━━━
[20:40:03.265] [info] ▶ 开始阶段: [Coarse-AI] 任务: [lidar_cam_extrin]
[20:40:03.265] [info]   描述: AI模型提供初始估计值
[20:40:03.265] [info] ━━━━━━━━━━━━━━━━━━━━━━━━━━━━━━━━━━━━━━━━━
[20:40:03.265] [info] [CALC] 粗标定阶段开始 task=lidar_cam_extrin
[20:40:03.265] [info] [Coarse-AI/LiDAR-Cam] 使用配置粗标定初值作为粗标定结果 t=[0.123,0.040,-0.058]m，精标定将以此起步
[20:40:03.265] [info] ━━━━━━━━━━━━━━━━━━━━━━━━━━━━━━━━━━━━━━━━━
[20:40:03.265] [info] ■ 结束阶段: [Coarse-AI] 任务: [lidar_cam_extrin]
[20:40:03.265] [info]   结果: ✓ 成功 | 残差RMS: 0.0000 | 耗时: 0 ms
[20:40:03.265] [info]   消息: 使用配置 initial_extrinsic 作为粗标定结果，精标定将以此起步
[20:40:03.265] [info] [CALC] 阶段结束 stage=Coarse-AI task=lidar_cam_extrin success=true residual_rms=0.000000 elapsed_ms=0.0 threshold=-1.0000
[20:40:03.265] [info] ━━━━━━━━━━━━━━━━━━━━━━━━━━━━━━━━━━━━━━━━━
[20:40:03.265] [info] 
[20:40:03.265] [info] ━━━━━━━━━━━━━━━━━━━━━━━━━━━━━━━━━━━━━━━━━
[20:40:03.265] [info] ▶ 开始阶段: [Fine-Auto] 任务: [lidar_cam_extrin]
[20:40:03.265] [info]   描述: 无目标优化
[20:40:03.265] [info] ━━━━━━━━━━━━━━━━━━━━━━━━━━━━━━━━━━━━━━━━━
[20:40:03.265] [info] [CALC] 精标定阶段开始 task=lidar_cam_extrin
[20:40:03.265] [info] [Fine-Auto] 任务: lidar_cam_extrin | 无目标优先: true
[20:40:03.265] [info] [Fine-Auto] 方法: 边缘对齐互信息 (EDGE_ALIGNMENT, 无目标)
[20:40:03.265] [info] [STAGE=lidar_cam_fine_auto] LiDAR-Camera 精标定 开始
[20:40:03.265] [info] [Fine-Auto/LiDAR-Cam] 开始执行精标定...
[20:40:03.265] [info]   [精标定数据源] 类型=ROS2_BAG  lidar_id=lidar_front
[20:40:03.265] [info]   ROS2 Bag: /root/calib_ws/data/ntu_day_02/ntu_trimmed  LiDAR 话题: /os_cloud_node/points  相机话题: /d435i/color/image_raw
[20:40:03.265] [info] [Fine-Auto/LiDAR-Cam] 从 ROS2 加载数据...
[20:40:03.265] [info] [UnifiedDataLoader] 从 ROS2 加载数据...
[20:40:03.265] [info]   Bag 文件: /root/calib_ws/data/ntu_day_02/ntu_trimmed
[20:40:03.265] [info]   实时模式: false
[20:40:03.265] [info] [Ros2BagDataSource] 打开 bag 文件: /root/calib_ws/data/ntu_day_02/ntu_trimmed
[20:40:03.265] [info] [Ros2BagDataSource] 正在读取 metadata.yaml: /root/calib_ws/data/ntu_day_02/ntu_trimmed/metadata.yaml
[20:40:03.265] [debug] [Ros2BagDataSource] 找到话题: /d435i/imu (类型: sensor_msgs/msg/Imu, 消息数: 23982)
[20:40:03.265] [debug] [Ros2BagDataSource] 找到话题: /d435i/infra1/image_rect_raw (类型: sensor_msgs/msg/Image, 消息数: 1794)
[20:40:03.265] [debug] [Ros2BagDataSource] 找到话题: /d435i/infra2/image_rect_raw (类型: sensor_msgs/msg/Image, 消息数: 1794)
[20:40:03.265] [debug] [Ros2BagDataSource] 找到话题: /d435i/color/image_raw (类型: sensor_msgs/msg/Image, 消息数: 1798)
[20:40:03.265] [debug] [Ros2BagDataSource] 找到话题: /d455b/imu (类型: sensor_msgs/msg/Imu, 消息数: 23996)
[20:40:03.265] [debug] [Ros2BagDataSource] 找到话题: /d455b/color/image_raw (类型: sensor_msgs/msg/Image, 消息数: 1799)
[20:40:03.265] [debug] [Ros2BagDataSource] 找到话题: /d455b/infra1/image_rect_raw (类型: sensor_msgs/msg/Image, 消息数: 1795)
[20:40:03.265] [debug] [Ros2BagDataSource] 找到话题: /d455b/infra2/image_rect_raw (类型: sensor_msgs/msg/Image, 消息数: 1795)
[20:40:03.265] [debug] [Ros2BagDataSource] 找到话题: /os_cloud_node/points (类型: sensor_msgs/msg/PointCloud2, 消息数: 599)
[20:40:03.265] [debug] [Ros2BagDataSource] 找到话题: /os_cloud_node/imu (类型: sensor_msgs/msg/Imu, 消息数: 5988)
[20:40:03.265] [debug] [Ros2BagDataSource] 找到话题: /vn100/imu (类型: sensor_msgs/msg/Imu, 消息数: 23810)
[20:40:03.265] [debug] [Ros2BagDataSource] 找到话题: /vn100/magnetic_field (类型: sensor_msgs/msg/MagneticField, 消息数: 23843)
[20:40:03.265] [debug] [Ros2BagDataSource] 找到话题: /vn100/fluid_pressure (类型: sensor_msgs/msg/FluidPressure, 消息数: 23864)
[20:40:03.265] [debug] [Ros2BagDataSource] 找到话题: /vn100/temperature (类型: sensor_msgs/msg/Temperature, 消息数: 23878)
[20:40:03.265] [info] [Ros2BagDataSource] 使用配置的 LiDAR 话题: /os_cloud_node/points
[20:40:03.265] [info] [Ros2BagDataSource] 使用配置的相机话题: /d435i/color/image_raw
[20:40:03.265] [info] [Ros2BagDataSource] 使用配置的 IMU 话题: /vn100/imu
[INFO] [1776861603.268828768] [rosbag2_storage]: Opened database '/root/calib_ws/data/ntu_day_02/ntu_trimmed/ntu_trimmed.db3' for READ_ONLY.
[20:40:03.268] [info] [Ros2BagDataSource] Bag 已打开，开始读取消息...
[20:40:03.268] [info] [Ros2BagDataSource] 找到 14 个话题
[20:40:03.268] [info] [Ros2BagDataSource]  话题: /d435i/imu  类型: sensor_msgs/msg/Imu  消息数: 23982
[20:40:03.268] [info] [Ros2BagDataSource]  话题: /d435i/infra1/image_rect_raw  类型: sensor_msgs/msg/Image  消息数: 1794
[20:40:03.268] [info] [Ros2BagDataSource]  话题: /d435i/infra2/image_rect_raw  类型: sensor_msgs/msg/Image  消息数: 1794
[20:40:03.268] [info] [Ros2BagDataSource]  话题: /d435i/color/image_raw  类型: sensor_msgs/msg/Image  消息数: 1798
[20:40:03.268] [info] [Ros2BagDataSource]  话题: /d455b/imu  类型: sensor_msgs/msg/Imu  消息数: 23996
[20:40:03.268] [info] [Ros2BagDataSource]  话题: /d455b/color/image_raw  类型: sensor_msgs/msg/Image  消息数: 1799
[20:40:03.268] [info] [Ros2BagDataSource]  话题: /d455b/infra1/image_rect_raw  类型: sensor_msgs/msg/Image  消息数: 1795
[20:40:03.268] [info] [Ros2BagDataSource]  话题: /d455b/infra2/image_rect_raw  类型: sensor_msgs/msg/Image  消息数: 1795
[20:40:03.268] [info] [Ros2BagDataSource]  话题: /os_cloud_node/points  类型: sensor_msgs/msg/PointCloud2  消息数: 599
[20:40:03.268] [info] [Ros2BagDataSource]  话题: /os_cloud_node/imu  类型: sensor_msgs/msg/Imu  消息数: 5988
[20:40:03.268] [info] [Ros2BagDataSource]  话题: /vn100/imu  类型: sensor_msgs/msg/Imu  消息数: 23810
[20:40:03.268] [info] [Ros2BagDataSource]  话题: /vn100/magnetic_field  类型: sensor_msgs/msg/MagneticField  消息数: 23843
[20:40:03.268] [info] [Ros2BagDataSource]  话题: /vn100/fluid_pressure  类型: sensor_msgs/msg/FluidPressure  消息数: 23864
[20:40:03.268] [info] [Ros2BagDataSource]  话题: /vn100/temperature  类型: sensor_msgs/msg/Temperature  消息数: 23878
[20:40:03.268] [info] [Ros2BagDataSource] 将加载 bag 内所有 IMU / LiDAR / 相机话题，加载后可通过 sensor_id 或话题名选择使用
[20:40:07.019] [debug]   收集 IMU [/d435i/imu] 帧数: 5000
[20:40:07.031] [debug]   收集 IMU [/d455b/imu] 帧数: 5000
[20:40:07.059] [debug]   收集 IMU [/vn100/imu] 帧数: 5000
[20:40:08.214] [debug]   收集相机 [/d455b/color/image_raw] 帧数: 500
[20:40:08.217] [debug]   收集相机 [/d435i/color/image_raw] 帧数: 500
[20:40:08.221] [debug]   收集相机 [/d435i/infra1/image_rect_raw] 帧数: 500
[20:40:08.221] [debug]   收集相机 [/d435i/infra2/image_rect_raw] 帧数: 500
[20:40:08.240] [debug]   收集相机 [/d455b/infra1/image_rect_raw] 帧数: 500
[20:40:08.240] [debug]   收集相机 [/d455b/infra2/image_rect_raw] 帧数: 500
[20:40:10.847] [debug]   收集 IMU [/d435i/imu] 帧数: 10000
[20:40:10.847] [debug]   收集 IMU [/d455b/imu] 帧数: 10000
[20:40:10.911] [debug]   收集 IMU [/vn100/imu] 帧数: 10000
[20:40:13.375] [debug]   收集相机 [/d455b/color/image_raw] 帧数: 1000
[20:40:13.378] [debug]   收集相机 [/d435i/color/image_raw] 帧数: 1000
[20:40:13.425] [debug]   收集相机 [/d455b/infra1/image_rect_raw] 帧数: 1000
[20:40:13.425] [debug]   收集相机 [/d455b/infra2/image_rect_raw] 帧数: 1000
[20:40:13.428] [debug]   收集相机 [/d435i/infra1/image_rect_raw] 帧数: 1000
[20:40:13.429] [debug]   收集相机 [/d435i/infra2/image_rect_raw] 帧数: 1000
[20:40:14.604] [debug]   收集 IMU [/d455b/imu] 帧数: 15000
[20:40:14.619] [debug]   收集 IMU [/d435i/imu] 帧数: 15000
[20:40:14.695] [debug]   收集 IMU [/vn100/imu] 帧数: 15000
[20:40:18.532] [debug]   收集 IMU [/d455b/imu] 帧数: 20000
[20:40:18.545] [debug]   收集 LiDAR [/os_cloud_node/points] 帧数: 500
[20:40:18.548] [debug]   收集相机 [/d455b/color/image_raw] 帧数: 1500
[20:40:18.552] [debug]   收集相机 [/d435i/color/image_raw] 帧数: 1500
[20:40:18.552] [debug]   收集 IMU [/d435i/imu] 帧数: 20000
[20:40:18.575] [debug]   收集 IMU [/os_cloud_node/imu] 帧数: 5000
[20:40:18.582] [debug]   收集相机 [/d455b/infra1/image_rect_raw] 帧数: 1500
[20:40:18.582] [debug]   收集相机 [/d455b/infra2/image_rect_raw] 帧数: 1500
[20:40:18.585] [debug]   收集相机 [/d435i/infra1/image_rect_raw] 帧数: 1500
[20:40:18.586] [debug]   收集相机 [/d435i/infra2/image_rect_raw] 帧数: 1500
[20:40:18.677] [debug]   收集 IMU [/vn100/imu] 帧数: 20000
[20:40:22.610] [info] [Ros2BagDataSource] 加载完成 (所有话题按话题名存储，可通过 sensor_id 或话题名选择):
[20:40:22.610] [info]   LiDAR [/os_cloud_node/points]: 599 帧
[20:40:22.610] [info]   相机 [/d435i/color/image_raw]: 1798 帧
[20:40:22.610] [info]   相机 [/d435i/infra1/image_rect_raw]: 1794 帧
[20:40:22.610] [info]   相机 [/d435i/infra2/image_rect_raw]: 1794 帧
[20:40:22.610] [info]   相机 [/d455b/color/image_raw]: 1799 帧
[20:40:22.610] [info]   相机 [/d455b/infra1/image_rect_raw]: 1795 帧
[20:40:22.610] [info]   相机 [/d455b/infra2/image_rect_raw]: 1795 帧
[20:40:22.610] [info]   IMU [/d435i/imu]: 23982 帧
[20:40:22.610] [info]   IMU [/d455b/imu]: 23996 帧
[20:40:22.610] [info]   IMU [/os_cloud_node/imu]: 5988 帧
[20:40:22.610] [info]   IMU [/vn100/imu]: 23810 帧
[20:40:22.611] [info]   选用 LiDAR  lidar_front -> /os_cloud_node/points
[20:40:22.611] [info]   选用 相机  cam_left -> /d435i/color/image_raw
[20:40:22.611] [info]   选用 IMU    imu_0 -> /vn100/imu
[20:40:22.611] [info]   时间范围: 1644824096.333 - 1644824156.343 秒
[20:40:22.611] [info] [Ros2BagDataSource] 应用采样/帧数限制...
[20:40:22.632] [info]   LiDAR /os_cloud_node/points 采样后: 200 帧
[20:40:22.667] [info]   相机 /d435i/color/image_raw 采样后: 200 帧
[20:40:22.687] [info]   相机 /d435i/infra1/image_rect_raw 采样后: 200 帧
[20:40:22.711] [info]   相机 /d435i/infra2/image_rect_raw 采样后: 200 帧
[20:40:22.730] [info]   相机 /d455b/color/image_raw 采样后: 200 帧
[20:40:22.744] [info]   相机 /d455b/infra1/image_rect_raw 采样后: 200 帧
[20:40:22.783] [info]   相机 /d455b/infra2/image_rect_raw 采样后: 200 帧
[20:40:22.785] [info] [Fine-Auto/LiDAR-Cam] LiDAR 加载完成: 200 帧 (将按相机逐路取帧)
[20:40:22.786] [info] 读取相机内参: ./results/camera_intrinsic/camera_intrinsic_cam_left.yaml
[20:40:22.788] [info]   fx=425.03 fy=426.80 cx=386.02 cy=241.91 dist=4
[20:40:22.788] [info] [Fine-Auto/LiDAR-Cam] 步骤: LiDAR-Camera 标定 相机=cam_left (方法: 边缘对齐)
[20:40:22.792] [info] [CalibVisualizer] 初始化完成
[20:40:22.792] [info] [Fine-Auto/LiDAR-Cam] 可视化已启用：仅标定结束后显示一帧「图像+点云投影」叠加，不创建 3D 窗口、不泵送其他帧
[20:40:22.792] [info] [Fine-Auto/LiDAR-Cam] 使用粗标定初值 t=[0.123,0.040,-0.058]m
[20:40:22.796] [info] [Fine-Auto] 结果已保存: ./results/lidar_camera_extrinsic/lidar_cam_cam_left_extrinsic.yaml
[20:40:22.796] [info] [Viz] 即将生成投影图并保存到 ./results/lidar_camera_extrinsic/lidar_cam_cam_left_projection.png
[20:40:22.823] [info] 投影可视化保存: ./results/lidar_camera_extrinsic/lidar_cam_cam_left_projection.png
[20:40:22.823] [info] [Viz] 投影图已保存（仅使用配置初值，未做精标定）
[20:40:22.823] [info] [Fine-Auto/LiDAR-Cam] 相机 cam_left 已使用配置初值跳过精标定，直接供手动微调
[20:40:22.823] [info] [Viz/Display] 即将关闭可视化窗口 原因=用户关闭或流程结束 pangolin_running=false
[20:40:22.823] [warning] [Fine-Auto/LiDAR-Cam] 相机 cam_right 无帧，跳过
[20:40:22.823] [warning] [Fine-Auto/LiDAR-Cam] 相机 cam_front 无帧，跳过
[20:40:22.823] [warning] [Fine-Auto/LiDAR-Cam] 相机 cam_rear 无帧，跳过
[20:40:22.824] [info] [Fine-Auto/LiDAR-Cam] 精标定完成: 1 个相机  最大 RMS=0.0000 px
[20:40:22.824] [info] [STAGE=lidar_cam_fine_auto] LiDAR-Camera 精标定 完成
[20:40:22.824] [info] [Fine-Auto/LiDAR-Cam] RMS 阈值=2.00 px  最大 RMS=0.0000 px  在阈值内
[20:40:23.067] [info] ━━━━━━━━━━━━━━━━━━━━━━━━━━━━━━━━━━━━━━━━━
[20:40:23.067] [info] ■ 结束阶段: [Fine-Auto] 任务: [lidar_cam_extrin]
[20:40:23.067] [info]   结果: ✓ 成功 | 残差RMS: 0.0000 | 耗时: 19801 ms
[20:40:23.067] [info]   消息: LiDAR-Camera 精标定完成: 1 个相机, 最大 RMS=0.000000 px
[20:40:23.067] [info] [CALC] 阶段结束 stage=Fine-Auto task=lidar_cam_extrin success=true residual_rms=0.000000 elapsed_ms=19558.7 threshold=2.0000
[20:40:23.067] [info] ━━━━━━━━━━━━━━━━━━━━━━━━━━━━━━━━━━━━━━━━━
[20:40:23.067] [info] [Pipeline] 用户已启用手动校准 (--manual), 进入 6-DOF 调整
[20:40:23.067] [info] 
[20:40:23.067] [info] ━━━━━━━━━━━━━━━━━━━━━━━━━━━━━━━━━━━━━━━━━
[20:40:23.067] [info] ▶ 开始阶段: [Manual-Refine] 任务: [lidar_cam_extrin]
[20:40:23.067] [info]   描述: 手动校准: 6-DOF 交互式调整
[20:40:23.067] [info] ━━━━━━━━━━━━━━━━━━━━━━━━━━━━━━━━━━━━━━━━━
[20:40:23.067] [info] [Manual-Refine] 任务: lidar_cam_extrin
[20:40:23.067] [info] [Manual-Refine] 操作说明: Q/A Roll  W/S Pitch  E/D Yaw  R/F Tx  T/G Ty  Y/H Tz  U Undo  Enter 接受  Esc 取消
[20:40:23.067] [info] [ManualSession] 会话ID: session_2026-04-22_20-40-23
[20:40:23.067] [info] [ManualSession] 保存目录: ./results/manual_sessions
[20:40:23.067] [info] [Manual-Refine] 已打开 6-DOF 可视化调整窗口，请在本窗口内按键微调后 Enter 接受或 Esc 取消
[20:40:23.067] [info] [Manual-Refine] LiDAR-Camera 手动调整仅使用首帧匹配数据（第 0 帧点云 + 第 0 帧图像）
[20:40:23.067] [info] [ManualSession] 启动 LiDAR-Camera 手动校准
[20:40:23.067] [info] [ManualSession] 自动标定 RMS: 0.0000 px (阈值建议 < 2.0px)
[20:40:23.067] [debug] [ManualSession] 事件: lidar_cam_start | auto_rms=0.000000
[20:40:23.068] [info] [ManualAdjust] 初始外参:
[20:40:23.068] [info] [ManualAdjust] 当前外参 [lidar_front→cam_left]:
[20:40:23.068] [info]   旋转 RPY: (-58.8701, -88.5405, -31.0062) deg
[20:40:23.068] [info]   平移 XYZ: (0.1230, 0.0399, -0.0577) m
[20:40:23.068] [info] [ManualSession] ===== 手动校准操作说明 =====
[20:40:23.068] [info]   Q/A: Roll ±0.1deg   W/S: Pitch ±0.1deg   E/D: Yaw ±0.1deg
[20:40:23.068] [info]   R/F: Tx ±0.5cm   T/G: Ty ±0.5cm   Y/H: Tz ±0.5cm
[20:40:23.068] [info]   Shift+键: 10倍步长
[20:40:23.068] [info]   P: 进入点击精化模式  U: 撤销  Z: 重做
[20:40:23.068] [info]   S: 保存  ESC: 接受并退出
[20:40:23.068] [info]   点云投影质量越高 (边缘对齐越好) 表示标定越准确
[20:40:23.080] [info] [ManualAdjust] 结果已保存: ./results/lidar_camera_extrinsic/manual_extrinsic_20260422_204023_initial.yaml
[20:40:23.080] [info] [ManualCalib] 交互窗口启动前已自动保存初始状态快照（备用）:
[20:40:23.080] [info]   - 投影图: ./results/lidar_camera_extrinsic/manual_projection_20260422_204023_initial.png
[20:40:23.080] [info]   - 点云:   ./results/lidar_camera_extrinsic/manual_cloud_20260422_204023_initial.pcd
[20:40:23.080] [info]   - 外参:   ./results/lidar_camera_extrinsic/manual_extrinsic_20260422_204023_initial.yaml

(unicalib_lidar_camera:145): dbind-WARNING **: 20:40:23.105: Couldn't connect to accessibility bus: Failed to connect to socket /run/user/1000/at-spi/bus_1: No such file or directory
[20:40:23.161] [info] [ManualCalib] 3D 点云窗口已禁用（避免 VTK 闪退），请在 2D 投影窗口进行微调。按下 'S' 键可手动保存当前微调结果图片和点云。
[20:40:23.161] [info] [ManualCalib] 初始位姿 T_lidar_to_cam:
[20:40:23.162] [info]   - Translation: 0.1230, 0.0399, -0.0577
[20:40:23.162] [info]   - RPY (deg):   90.7545, -179.8846, 91.2509
[20:40:27.344] [info] [ManualSession] 用户取消，保留自动标定结果
[20:40:27.344] [debug] [ManualSession] 事件: lidar_cam_end | final_rms=0.000000
[20:40:27.344] [info] [ManualSession] 会话已保存: ./results/manual_sessions/session_2026-04-22_20-40-23.yaml
[20:40:27.344] [info] ━━━━━━━━━━━━━━━━━━━━━━━━━━━━━━━━━━━━━━━━━
[20:40:27.344] [info] ■ 结束阶段: [Manual-Refine] 任务: [lidar_cam_extrin]
[20:40:27.344] [info]   结果: ✓ 成功 | 残差RMS: 0.0000 | 耗时: 4277 ms
[20:40:27.344] [info]   消息: LiDAR-Camera 手动调整完成
[20:40:27.344] [info] [CALC] 阶段结束 stage=Manual-Refine task=lidar_cam_extrin success=true residual_rms=0.000000 elapsed_ms=4277.0 threshold=-1.0000
[20:40:27.344] [info] ━━━━━━━━━━━━━━━━━━━━━━━━━━━━━━━━━━━━━━━━━
[20:40:27.344] [info] ====== Pipeline Report: pipeline_20260422_204003 ======
[20:40:27.345] [info]   Total time: 23835.7 ms
[20:40:27.345] [info]   All stages succeeded: YES
[20:40:27.345] [info]   标定质量: 各阶段 RMS 均在阈值内
[20:40:27.345] [info]   [Coarse-AI-lidar_cam_extrin] success=true rms=0.0000 time=0.0ms: 使用配置 initial_extrinsic 作为粗标定结果，精标定将以此起步
[20:40:27.345] [info]   [Fine-Auto-lidar_cam_extrin] success=true rms=0.0000 time=19558.7ms: LiDAR-Camera 精标定完成: 1 个相机, 最大 RMS=0.000000 px
[20:40:27.345] [info]   [Manual-Refine-lidar_cam_extrin] success=true rms=0.0000 time=4277.0ms: LiDAR-Camera 手动调整完成

╔══════════════════════════════════════════════════════╗
║              标定参数汇总                            ║
╠══════════════════════════════════════════════════════╣
║ 外参:
║   lidar_front->cam_left:
║     R(RPY°): [-58.87, -88.54, -31.01]
║     T(m):    [0.12, 0.04, -0.06]
║     时偏(s): 0.00
║     RMS:     0.00 ✗
╚══════════════════════════════════════════════════════╝

[20:40:27.345] [info] ================================
[20:40:27.345] [info] Pipeline report saved: ./results/pipeline_report_20260422_204003.yaml
[20:40:27.346] [info] ====== Pipeline Report: pipeline_20260422_204003 ======
[20:40:27.346] [info]   Total time: 23835.7 ms
[20:40:27.346] [info]   All stages succeeded: YES
[20:40:27.346] [info]   标定质量: 各阶段 RMS 均在阈值内
[20:40:27.346] [info]   [Coarse-AI-lidar_cam_extrin] success=true rms=0.0000 time=0.0ms: 使用配置 initial_extrinsic 作为粗标定结果，精标定将以此起步
[20:40:27.346] [info]   [Fine-Auto-lidar_cam_extrin] success=true rms=0.0000 time=19558.7ms: LiDAR-Camera 精标定完成: 1 个相机, 最大 RMS=0.000000 px
[20:40:27.346] [info]   [Manual-Refine-lidar_cam_extrin] success=true rms=0.0000 time=4277.0ms: LiDAR-Camera 手动调整完成

╔══════════════════════════════════════════════════════╗
║              标定参数汇总                            ║
╠══════════════════════════════════════════════════════╣
║ 外参:
║   lidar_front->cam_left:
║     R(RPY°): [-58.87, -88.54, -31.01]
║     T(m):    [0.12, 0.04, -0.06]
║     时偏(s): 0.00
║     RMS:     0.00 ✗
╚══════════════════════════════════════════════════════╝

[20:40:27.346] [info] ================================
[20:40:27.346] [info] ━━━━━━━━━━━━━━━━━━━━━━━━━━━━━━━━━━━━
[20:40:27.346] [info] LiDAR-Camera 标定流程完成
[20:40:27.346] [info] 结果目录: ./results
[20:40:27.346] [info] 标定流程正常退出 exit_code=0
[20:40:27.346] [info] ━━━━━━━━━━━━━━━━━━━━━━━━━━━━━━━━━━━━
