Determining if the function sgemm_ exists failed with the following output:
Change Dir: /root/calib_ws/build/UniCalib/CMakeFiles/CMakeTmp

Run Build Command(s):/usr/bin/gmake -f Makefile cmTC_86cf2/fast && /usr/bin/gmake  -f CMakeFiles/cmTC_86cf2.dir/build.make CMakeFiles/cmTC_86cf2.dir/build
gmake[1]: Entering directory '/root/calib_ws/build/UniCalib/CMakeFiles/CMakeTmp'
Building C object CMakeFiles/cmTC_86cf2.dir/CheckFunctionExists.c.o
/usr/bin/cc   -DCHECK_FUNCTION_EXISTS=sgemm_ -o CMakeFiles/cmTC_86cf2.dir/CheckFunctionExists.c.o -c /opt/cmake/share/cmake-3.24/Modules/CheckFunctionExists.c
Linking C executable cmTC_86cf2
/opt/cmake/bin/cmake -E cmake_link_script CMakeFiles/cmTC_86cf2.dir/link.txt --verbose=1
/usr/bin/cc  -DCHECK_FUNCTION_EXISTS=sgemm_ CMakeFiles/cmTC_86cf2.dir/CheckFunctionExists.c.o -o cmTC_86cf2 
/usr/bin/ld: CMakeFiles/cmTC_86cf2.dir/CheckFunctionExists.c.o: in function `main':
CheckFunctionExists.c:(.text+0x14): undefined reference to `sgemm_'
collect2: error: ld returned 1 exit status
gmake[1]: *** [CMakeFiles/cmTC_86cf2.dir/build.make:99: cmTC_86cf2] Error 1
gmake[1]: Leaving directory '/root/calib_ws/build/UniCalib/CMakeFiles/CMakeTmp'
gmake: *** [Makefile:127: cmTC_86cf2/fast] Error 2



Determining if the function cheev_ exists failed with the following output:
Change Dir: /root/calib_ws/build/UniCalib/CMakeFiles/CMakeTmp

Run Build Command(s):/usr/bin/gmake -f Makefile cmTC_e88b4/fast && /usr/bin/gmake  -f CMakeFiles/cmTC_e88b4.dir/build.make CMakeFiles/cmTC_e88b4.dir/build
gmake[1]: Entering directory '/root/calib_ws/build/UniCalib/CMakeFiles/CMakeTmp'
Building C object CMakeFiles/cmTC_e88b4.dir/CheckFunctionExists.c.o
/usr/bin/cc   -DCHECK_FUNCTION_EXISTS=cheev_ -o CMakeFiles/cmTC_e88b4.dir/CheckFunctionExists.c.o -c /opt/cmake/share/cmake-3.24/Modules/CheckFunctionExists.c
Linking C executable cmTC_e88b4
/opt/cmake/bin/cmake -E cmake_link_script CMakeFiles/cmTC_e88b4.dir/link.txt --verbose=1
/usr/bin/cc  -DCHECK_FUNCTION_EXISTS=cheev_ CMakeFiles/cmTC_e88b4.dir/CheckFunctionExists.c.o -o cmTC_e88b4  /usr/lib/x86_64-linux-gnu/libblas.so /usr/lib/x86_64-linux-gnu/libf77blas.so /usr/lib/x86_64-linux-gnu/libatlas.so -lm -ldl 
/usr/bin/ld: CMakeFiles/cmTC_e88b4.dir/CheckFunctionExists.c.o: in function `main':
CheckFunctionExists.c:(.text+0x14): undefined reference to `cheev_'
collect2: error: ld returned 1 exit status
gmake[1]: *** [CMakeFiles/cmTC_e88b4.dir/build.make:102: cmTC_e88b4] Error 1
gmake[1]: Leaving directory '/root/calib_ws/build/UniCalib/CMakeFiles/CMakeTmp'
gmake: *** [Makefile:127: cmTC_e88b4/fast] Error 2



